2025-12-12 06:28:37,102 MambaPro INFO: ================================================================================
2025-12-12 06:28:37,102 MambaPro INFO: 🧾 实验参数快照（命令行 + 最终配置）
2025-12-12 06:28:37,102 MambaPro INFO: ================================================================================
2025-12-12 06:28:37,102 MambaPro INFO: 【复现实验命令】
2025-12-12 06:28:37,102 MambaPro INFO: /home/zubuntu/miniconda/envs/MambaPro/bin/python train_net.py --config_file mybest_model/experiment_20251013_110028/configs/experiment_config.yml OUTPUT_DIR ./outputs/replay_best_tml
2025-12-12 06:28:37,102 MambaPro INFO: 【命令行参数（args）】
2025-12-12 06:28:37,102 MambaPro INFO: {
2025-12-12 06:28:37,102 MambaPro INFO:   "config_file": "mybest_model/experiment_20251013_110028/configs/experiment_config.yml",
2025-12-12 06:28:37,102 MambaPro INFO:   "fea_cft": 0,
2025-12-12 06:28:37,102 MambaPro INFO:   "opts": [
2025-12-12 06:28:37,102 MambaPro INFO:     "OUTPUT_DIR",
2025-12-12 06:28:37,103 MambaPro INFO:     "./outputs/replay_best_tml"
2025-12-12 06:28:37,103 MambaPro INFO:   ],
2025-12-12 06:28:37,103 MambaPro INFO:   "local_rank": 0,
2025-12-12 06:28:37,103 MambaPro INFO:   "use_multi_scale": false,
2025-12-12 06:28:37,103 MambaPro INFO:   "no_multi_scale": false,
2025-12-12 06:28:37,103 MambaPro INFO:   "use_moe": false,
2025-12-12 06:28:37,103 MambaPro INFO:   "disable_moe": false,
2025-12-12 06:28:37,103 MambaPro INFO:   "no_moe": false,
2025-12-12 06:28:37,103 MambaPro INFO:   "use_attention": false,
2025-12-12 06:28:37,103 MambaPro INFO:   "disable_attention": false,
2025-12-12 06:28:37,103 MambaPro INFO:   "attention_heads": 8,
2025-12-12 06:28:37,103 MambaPro INFO:   "attention_dropout": 0.1
2025-12-12 06:28:37,103 MambaPro INFO: }
2025-12-12 06:28:37,103 MambaPro INFO: 【工作目录】/home/zubuntu/workspace/yzy/MambaPro
2025-12-12 06:28:37,103 MambaPro INFO: 【最终配置（YAML）】
2025-12-12 06:28:37,105 MambaPro INFO: DATALOADER:
2025-12-12 06:28:37,105 MambaPro INFO:   NUM_INSTANCE: 8
2025-12-12 06:28:37,105 MambaPro INFO:   NUM_WORKERS: 8
2025-12-12 06:28:37,105 MambaPro INFO:   SAMPLER: softmax_triplet
2025-12-12 06:28:37,105 MambaPro INFO: DATASETS:
2025-12-12 06:28:37,105 MambaPro INFO:   NAMES: RGBNT201
2025-12-12 06:28:37,105 MambaPro INFO:   ROOT_DIR: /home/zubuntu/workspace/yzy/MambaPro/data/
2025-12-12 06:28:37,105 MambaPro INFO: INPUT:
2025-12-12 06:28:37,105 MambaPro INFO:   PADDING: 10
2025-12-12 06:28:37,105 MambaPro INFO:   PIXEL_MEAN:
2025-12-12 06:28:37,105 MambaPro INFO:   - 0.5
2025-12-12 06:28:37,105 MambaPro INFO:   - 0.5
2025-12-12 06:28:37,105 MambaPro INFO:   - 0.5
2025-12-12 06:28:37,105 MambaPro INFO:   PIXEL_STD:
2025-12-12 06:28:37,106 MambaPro INFO:   - 0.5
2025-12-12 06:28:37,106 MambaPro INFO:   - 0.5
2025-12-12 06:28:37,106 MambaPro INFO:   - 0.5
2025-12-12 06:28:37,106 MambaPro INFO:   PROB: 0.5
2025-12-12 06:28:37,106 MambaPro INFO:   RE_PROB: 0.5
2025-12-12 06:28:37,106 MambaPro INFO:   SIZE_TEST:
2025-12-12 06:28:37,106 MambaPro INFO:   - 256
2025-12-12 06:28:37,106 MambaPro INFO:   - 128
2025-12-12 06:28:37,106 MambaPro INFO:   SIZE_TRAIN:
2025-12-12 06:28:37,106 MambaPro INFO:   - 256
2025-12-12 06:28:37,106 MambaPro INFO:   - 128
2025-12-12 06:28:37,106 MambaPro INFO: MODEL:
2025-12-12 06:28:37,106 MambaPro INFO:   ADAPTER: true
2025-12-12 06:28:37,106 MambaPro INFO:   ATTENTION_DIM: 512
2025-12-12 06:28:37,106 MambaPro INFO:   ATTENTION_DROPOUT: 0.1
2025-12-12 06:28:37,106 MambaPro INFO:   ATTENTION_NUM_HEADS: 8
2025-12-12 06:28:37,106 MambaPro INFO:   ATT_DROP_RATE: 0.0
2025-12-12 06:28:37,106 MambaPro INFO:   CLIP_MULTI_SCALE_SCALES:
2025-12-12 06:28:37,106 MambaPro INFO:   - 4
2025-12-12 06:28:37,106 MambaPro INFO:   - 8
2025-12-12 06:28:37,106 MambaPro INFO:   - 16
2025-12-12 06:28:37,106 MambaPro INFO:   DEVICE: cuda
2025-12-12 06:28:37,106 MambaPro INFO:   DEVICE_ID: '0'
2025-12-12 06:28:37,106 MambaPro INFO:   DIRECT: 1
2025-12-12 06:28:37,106 MambaPro INFO:   DIST_TRAIN: false
2025-12-12 06:28:37,106 MambaPro INFO:   DROP_OUT: 0.0
2025-12-12 06:28:37,106 MambaPro INFO:   DROP_PATH: 0.1
2025-12-12 06:28:37,106 MambaPro INFO:   FLOPS_TEST: false
2025-12-12 06:28:37,106 MambaPro INFO:   FROZEN: true
2025-12-12 06:28:37,106 MambaPro INFO:   GATE_DROPOUT: 0.1
2025-12-12 06:28:37,106 MambaPro INFO:   ID_LOSS_TYPE: softmax
2025-12-12 06:28:37,106 MambaPro INFO:   ID_LOSS_WEIGHT: 0.25
2025-12-12 06:28:37,106 MambaPro INFO:   IF_LABELSMOOTH: 'on'
2025-12-12 06:28:37,106 MambaPro INFO:   IF_WITH_CENTER: 'no'
2025-12-12 06:28:37,106 MambaPro INFO:   LAYER: -1
2025-12-12 06:28:37,106 MambaPro INFO:   MAMBA: true
2025-12-12 06:28:37,106 MambaPro INFO:   MAMBA_BI: false
2025-12-12 06:28:37,106 MambaPro INFO:   METRIC_LOSS_TYPE: triplet
2025-12-12 06:28:37,106 MambaPro INFO:   MOE_BALANCE_LOSS_WEIGHT: 0.01
2025-12-12 06:28:37,106 MambaPro INFO:   MOE_DIVERSITY_LOSS_WEIGHT: 0.01
2025-12-12 06:28:37,106 MambaPro INFO:   MOE_EXPERT_DROPOUT: 0.1
2025-12-12 06:28:37,106 MambaPro INFO:   MOE_EXPERT_HIDDEN_DIM: 1024
2025-12-12 06:28:37,106 MambaPro INFO:   MOE_EXPERT_LAYERS: 2
2025-12-12 06:28:37,106 MambaPro INFO:   MOE_EXPERT_THRESHOLD: 0.1
2025-12-12 06:28:37,106 MambaPro INFO:   MOE_FIXED_WEIGHTS:
2025-12-12 06:28:37,106 MambaPro INFO:   - 0.33
2025-12-12 06:28:37,106 MambaPro INFO:   - 0.33
2025-12-12 06:28:37,106 MambaPro INFO:   - 0.34
2025-12-12 06:28:37,106 MambaPro INFO:   MOE_GATE_DROPOUT: 0.1
2025-12-12 06:28:37,106 MambaPro INFO:   MOE_GATE_LAYERS: 2
2025-12-12 06:28:37,106 MambaPro INFO:   MOE_INIT_WEIGHTS: null
2025-12-12 06:28:37,106 MambaPro INFO:   MOE_NUM_EXPERTS: 3
2025-12-12 06:28:37,106 MambaPro INFO:   MOE_RESIDUAL_WEIGHT: 1.0
2025-12-12 06:28:37,106 MambaPro INFO:   MOE_SCALES:
2025-12-12 06:28:37,106 MambaPro INFO:   - 4
2025-12-12 06:28:37,106 MambaPro INFO:   - 8
2025-12-12 06:28:37,106 MambaPro INFO:   - 16
2025-12-12 06:28:37,106 MambaPro INFO:   MOE_SPARSITY_LOSS_WEIGHT: 0.001
2025-12-12 06:28:37,106 MambaPro INFO:   MOE_TEMPERATURE: 0.7
2025-12-12 06:28:37,106 MambaPro INFO:   MOE_TOP_K: 2
2025-12-12 06:28:37,106 MambaPro INFO:   MOE_TOP_K_MODE: soft
2025-12-12 06:28:37,106 MambaPro INFO:   MOE_USE_FIXED_WEIGHTS: false
2025-12-12 06:28:37,106 MambaPro INFO:   MOE_USE_TOP_K_ROUTING: false
2025-12-12 06:28:37,106 MambaPro INFO:   MULTI_SCALE_SCALES:
2025-12-12 06:28:37,106 MambaPro INFO:   - 4
2025-12-12 06:28:37,106 MambaPro INFO:   - 8
2025-12-12 06:28:37,106 MambaPro INFO:   - 16
2025-12-12 06:28:37,106 MambaPro INFO:   NAME: MambaPro
2025-12-12 06:28:37,106 MambaPro INFO:   NECK: bnneck
2025-12-12 06:28:37,106 MambaPro INFO:   NO_MARGIN: true
2025-12-12 06:28:37,106 MambaPro INFO:   PREFIX_NUM: 1
2025-12-12 06:28:37,106 MambaPro INFO:   PRETRAIN_PATH_T: /home/zubuntu/workspace/yzy/MambaPro/pths/ViT-B-16.pt
2025-12-12 06:28:37,106 MambaPro INFO:   PROMPT: true
2025-12-12 06:28:37,106 MambaPro INFO:   SIE_CAMERA: true
2025-12-12 06:28:37,106 MambaPro INFO:   SIE_COE: 1.0
2025-12-12 06:28:37,106 MambaPro INFO:   SIE_VIEW: false
2025-12-12 06:28:37,106 MambaPro INFO:   STRIDE_SIZE:
2025-12-12 06:28:37,106 MambaPro INFO:   - 16
2025-12-12 06:28:37,106 MambaPro INFO:   - 16
2025-12-12 06:28:37,106 MambaPro INFO:   TRANSFORMER_TYPE: ViT-B-16
2025-12-12 06:28:37,106 MambaPro INFO:   TRIPLET_LOSS_WEIGHT: 1.0
2025-12-12 06:28:37,106 MambaPro INFO:   USE_ATTENTION_FUSION: false
2025-12-12 06:28:37,106 MambaPro INFO:   USE_CLIP_MULTI_SCALE: true
2025-12-12 06:28:37,106 MambaPro INFO:   USE_GATE_FUSION: false
2025-12-12 06:28:37,106 MambaPro INFO:   USE_MULTI_SCALE: false
2025-12-12 06:28:37,106 MambaPro INFO:   USE_MULTI_SCALE_MOE: true
2025-12-12 06:28:37,106 MambaPro INFO: OUTPUT_DIR: ./outputs/replay_best_tml/run_20251212_062837
2025-12-12 06:28:37,106 MambaPro INFO: SOLVER:
2025-12-12 06:28:37,106 MambaPro INFO:   BASE_LR: 0.0005
2025-12-12 06:28:37,106 MambaPro INFO:   BIAS_LR_FACTOR: 2
2025-12-12 06:28:37,106 MambaPro INFO:   CENTER_LOSS_WEIGHT: 0.0005
2025-12-12 06:28:37,106 MambaPro INFO:   CENTER_LR: 0.5
2025-12-12 06:28:37,106 MambaPro INFO:   CHECKPOINT_PERIOD: 10
2025-12-12 06:28:37,106 MambaPro INFO:   CLUSTER_MARGIN: 0.3
2025-12-12 06:28:37,106 MambaPro INFO:   COSINE_MARGIN: 0.5
2025-12-12 06:28:37,106 MambaPro INFO:   COSINE_SCALE: 30
2025-12-12 06:28:37,106 MambaPro INFO:   EVAL_PERIOD: 5
2025-12-12 06:28:37,106 MambaPro INFO:   GAMMA: 0.1
2025-12-12 06:28:37,106 MambaPro INFO:   IMS_PER_BATCH: 32
2025-12-12 06:28:37,107 MambaPro INFO:   LARGE_FC_LR: false
2025-12-12 06:28:37,107 MambaPro INFO:   LOG_PERIOD: 10
2025-12-12 06:28:37,107 MambaPro INFO:   MARGIN: 0.3
2025-12-12 06:28:37,107 MambaPro INFO:   MAX_EPOCHS: 60
2025-12-12 06:28:37,107 MambaPro INFO:   MOE_BALANCE_LOSS_WEIGHT: 0.001
2025-12-12 06:28:37,107 MambaPro INFO:   MOE_BALANCE_LOSS_WEIGHT_END: 0.1
2025-12-12 06:28:37,107 MambaPro INFO:   MOE_BALANCE_LOSS_WEIGHT_START: 0.001
2025-12-12 06:28:37,107 MambaPro INFO:   MOE_BALANCE_THRESHOLD: 0.3
2025-12-12 06:28:37,107 MambaPro INFO:   MOE_DIVERSITY_LOSS_WEIGHT: 0.001
2025-12-12 06:28:37,107 MambaPro INFO:   MOE_DIVERSITY_LOSS_WEIGHT_END: 0.1
2025-12-12 06:28:37,107 MambaPro INFO:   MOE_DIVERSITY_LOSS_WEIGHT_START: 0.001
2025-12-12 06:28:37,107 MambaPro INFO:   MOE_GATE_LR_FACTOR: 0.01
2025-12-12 06:28:37,107 MambaPro INFO:   MOE_LOSS_WEIGHT_SCHEDULE_TYPE: cosine
2025-12-12 06:28:37,107 MambaPro INFO:   MOE_LOSS_WEIGHT_WARMUP_EPOCHS: 5
2025-12-12 06:28:37,107 MambaPro INFO:   MOE_SPARSITY_LOSS_WEIGHT: 0.0001
2025-12-12 06:28:37,107 MambaPro INFO:   MOE_USE_DYNAMIC_LOSS_WEIGHT: false
2025-12-12 06:28:37,107 MambaPro INFO:   MOMENTUM: 0.9
2025-12-12 06:28:37,107 MambaPro INFO:   OPTIMIZER_NAME: Adam
2025-12-12 06:28:37,107 MambaPro INFO:   RANGE_ALPHA: 0
2025-12-12 06:28:37,107 MambaPro INFO:   RANGE_BETA: 1
2025-12-12 06:28:37,107 MambaPro INFO:   RANGE_K: 2
2025-12-12 06:28:37,107 MambaPro INFO:   RANGE_LOSS_WEIGHT: 1
2025-12-12 06:28:37,107 MambaPro INFO:   RANGE_MARGIN: 0.3
2025-12-12 06:28:37,107 MambaPro INFO:   SEED: 42
2025-12-12 06:28:37,107 MambaPro INFO:   STEPS:
2025-12-12 06:28:37,107 MambaPro INFO:   - 30
2025-12-12 06:28:37,107 MambaPro INFO:   - 50
2025-12-12 06:28:37,107 MambaPro INFO:   WARMUP_FACTOR: 0.01
2025-12-12 06:28:37,107 MambaPro INFO:   WARMUP_ITERS: 20
2025-12-12 06:28:37,107 MambaPro INFO:   WARMUP_METHOD: linear
2025-12-12 06:28:37,107 MambaPro INFO:   WEIGHT_DECAY: 0.0005
2025-12-12 06:28:37,107 MambaPro INFO:   WEIGHT_DECAY_BIAS: 0.0005
2025-12-12 06:28:37,107 MambaPro INFO: TEST:
2025-12-12 06:28:37,107 MambaPro INFO:   FEAT: 0
2025-12-12 06:28:37,107 MambaPro INFO:   FEAT_NORM: 'yes'
2025-12-12 06:28:37,107 MambaPro INFO:   IMS_PER_BATCH: 64
2025-12-12 06:28:37,107 MambaPro INFO:   MISS: nothing
2025-12-12 06:28:37,107 MambaPro INFO:   NECK_FEAT: after
2025-12-12 06:28:37,107 MambaPro INFO:   RE_RANKING: 'no'
2025-12-12 06:28:37,107 MambaPro INFO:   WEIGHT: /home/zubuntu/workspace/yzy/MambaPro/pths/MambaProbest.pth
2025-12-12 06:28:37,107 MambaPro INFO: ================================================================================
2025-12-12 06:28:39,186 MambaPro.train INFO: start training
2025-12-12 06:28:59,390 MambaPro.train INFO: Epoch 1 done. Time per batch: 0.189[s] Speed: 169.6[samples/s]
2025-12-12 06:29:19,192 MambaPro.train INFO: Epoch 2 done. Time per batch: 0.185[s] Speed: 172.9[samples/s]
2025-12-12 06:29:39,079 MambaPro.train INFO: Epoch 3 done. Time per batch: 0.186[s] Speed: 172.2[samples/s]
2025-12-12 06:29:59,024 MambaPro.train INFO: Epoch 4 done. Time per batch: 0.186[s] Speed: 171.7[samples/s]
2025-12-12 06:30:18,909 MambaPro.train INFO: Epoch 5 done. Time per batch: 0.186[s] Speed: 172.2[samples/s]
2025-12-12 06:30:26,483 MambaPro.train INFO: Validation Results - Epoch: 5
2025-12-12 06:30:26,483 MambaPro.train INFO: Current mAP: 49.5%
2025-12-12 06:30:26,483 MambaPro.train INFO: CMC curve, Rank-1  :51.6%
2025-12-12 06:30:26,483 MambaPro.train INFO: CMC curve, Rank-5  :67.2%
2025-12-12 06:30:26,483 MambaPro.train INFO: CMC curve, Rank-10 :74.4%
2025-12-12 06:30:26,484 MambaPro.train INFO: 🎯 New Best! Saving model...
2025-12-12 06:30:26,877 MambaPro.train INFO: [Epoch 5] 指标集合列表（历史）
2025-12-12 06:30:26,877 MambaPro.train INFO: history_mAP:{49.5}
2025-12-12 06:30:26,877 MambaPro.train INFO: best_mAP:{49.5}
2025-12-12 06:30:26,877 MambaPro.train INFO: history_Rank-1:{51.6}
2025-12-12 06:30:26,877 MambaPro.train INFO: best_Rank-1:{51.6}
2025-12-12 06:30:26,877 MambaPro.train INFO: history_Rank-5:{67.2}
2025-12-12 06:30:26,877 MambaPro.train INFO: best_Rank-5:{67.2}
2025-12-12 06:30:26,877 MambaPro.train INFO: history_Rank-10:{74.4}
2025-12-12 06:30:26,877 MambaPro.train INFO: best_Rank-10:{74.4}
2025-12-12 06:30:26,877 MambaPro.train INFO: history_Experts:{[0.35 , 0.34 , 0.31]}
2025-12-12 06:30:26,877 MambaPro.train INFO: best_Experts:{[0.35 , 0.34 , 0.31]}
2025-12-12 06:30:26,877 MambaPro.train INFO: 🔥 MoE损失(Val): 平衡=0.0000, 稀疏性=0.9982, 多样性=2.6520, 总=0.0028 (权重: 平衡=0.001, 稀疏性=0.000, 多样性=0.001)
2025-12-12 06:30:26,877 MambaPro.train INFO:    📊 专家权重分布(Val): [0.35 , 0.34 , 0.31]
2025-12-12 06:30:46,955 MambaPro.train INFO: Epoch 6 done. Time per batch: 0.186[s] Speed: 171.7[samples/s]
2025-12-12 06:31:06,816 MambaPro.train INFO: Epoch 7 done. Time per batch: 0.186[s] Speed: 172.4[samples/s]
2025-12-12 06:31:26,702 MambaPro.train INFO: Epoch 8 done. Time per batch: 0.186[s] Speed: 172.2[samples/s]
2025-12-12 06:31:46,700 MambaPro.train INFO: Epoch 9 done. Time per batch: 0.187[s] Speed: 171.2[samples/s]
2025-12-12 06:32:06,593 MambaPro.train INFO: Epoch 10 done. Time per batch: 0.186[s] Speed: 172.1[samples/s]
2025-12-12 06:32:14,558 MambaPro.train INFO: Validation Results - Epoch: 10
2025-12-12 06:32:14,558 MambaPro.train INFO: Current mAP: 43.5%
2025-12-12 06:32:14,558 MambaPro.train INFO: CMC curve, Rank-1  :45.9%
2025-12-12 06:32:14,558 MambaPro.train INFO: CMC curve, Rank-5  :67.7%
2025-12-12 06:32:14,558 MambaPro.train INFO: CMC curve, Rank-10 :76.6%
2025-12-12 06:32:14,559 MambaPro.train INFO: [Epoch 10] 指标集合列表（历史）
2025-12-12 06:32:14,559 MambaPro.train INFO: history_mAP:{49.5 , 43.5}
2025-12-12 06:32:14,559 MambaPro.train INFO: best_mAP:{49.5}
2025-12-12 06:32:14,559 MambaPro.train INFO: history_Rank-1:{51.6 , 45.9}
2025-12-12 06:32:14,559 MambaPro.train INFO: best_Rank-1:{51.6}
2025-12-12 06:32:14,559 MambaPro.train INFO: history_Rank-5:{67.2 , 67.7}
2025-12-12 06:32:14,559 MambaPro.train INFO: best_Rank-5:{67.2}
2025-12-12 06:32:14,559 MambaPro.train INFO: history_Rank-10:{74.4 , 76.6}
2025-12-12 06:32:14,559 MambaPro.train INFO: best_Rank-10:{74.4}
2025-12-12 06:32:14,559 MambaPro.train INFO: history_Experts:{[0.35 , 0.34 , 0.31] , [0.37 , 0.34 , 0.29]}
2025-12-12 06:32:14,559 MambaPro.train INFO: best_Experts:{[0.35 , 0.34 , 0.31]}
2025-12-12 06:32:14,559 MambaPro.train INFO: 🔥 MoE损失(Val): 平衡=0.0000, 稀疏性=0.9945, 多样性=2.6233, 总=0.0027 (权重: 平衡=0.001, 稀疏性=0.000, 多样性=0.001)
2025-12-12 06:32:14,559 MambaPro.train INFO:    📊 专家权重分布(Val): [0.37 , 0.34 , 0.29]
2025-12-12 06:32:34,515 MambaPro.train INFO: Epoch 11 done. Time per batch: 0.187[s] Speed: 171.1[samples/s]
2025-12-12 06:32:54,540 MambaPro.train INFO: Epoch 12 done. Time per batch: 0.187[s] Speed: 171.0[samples/s]
2025-12-12 06:33:14,410 MambaPro.train INFO: Epoch 13 done. Time per batch: 0.186[s] Speed: 172.3[samples/s]
2025-12-12 06:33:34,297 MambaPro.train INFO: Epoch 14 done. Time per batch: 0.186[s] Speed: 172.2[samples/s]
2025-12-12 06:33:54,204 MambaPro.train INFO: Epoch 15 done. Time per batch: 0.186[s] Speed: 172.0[samples/s]
2025-12-12 06:34:01,712 MambaPro.train INFO: Validation Results - Epoch: 15
2025-12-12 06:34:01,712 MambaPro.train INFO: Current mAP: 48.4%
2025-12-12 06:34:01,712 MambaPro.train INFO: CMC curve, Rank-1  :51.9%
2025-12-12 06:34:01,712 MambaPro.train INFO: CMC curve, Rank-5  :73.1%
2025-12-12 06:34:01,712 MambaPro.train INFO: CMC curve, Rank-10 :80.6%
2025-12-12 06:34:01,713 MambaPro.train INFO: [Epoch 15] 指标集合列表（历史）
2025-12-12 06:34:01,713 MambaPro.train INFO: history_mAP:{49.5 , 43.5 , 48.4}
2025-12-12 06:34:01,713 MambaPro.train INFO: best_mAP:{49.5}
2025-12-12 06:34:01,713 MambaPro.train INFO: history_Rank-1:{51.6 , 45.9 , 51.9}
2025-12-12 06:34:01,713 MambaPro.train INFO: best_Rank-1:{51.6}
2025-12-12 06:34:01,713 MambaPro.train INFO: history_Rank-5:{67.2 , 67.7 , 73.1}
2025-12-12 06:34:01,713 MambaPro.train INFO: best_Rank-5:{67.2}
2025-12-12 06:34:01,713 MambaPro.train INFO: history_Rank-10:{74.4 , 76.6 , 80.6}
2025-12-12 06:34:01,713 MambaPro.train INFO: best_Rank-10:{74.4}
2025-12-12 06:34:01,713 MambaPro.train INFO: history_Experts:{[0.35 , 0.34 , 0.31] , [0.37 , 0.34 , 0.29] , [0.41 , 0.34 , 0.25]}
2025-12-12 06:34:01,713 MambaPro.train INFO: best_Experts:{[0.35 , 0.34 , 0.31]}
2025-12-12 06:34:01,713 MambaPro.train INFO: 🔥 MoE损失(Val): 平衡=0.0000, 稀疏性=0.9792, 多样性=2.5068, 总=0.0026 (权重: 平衡=0.001, 稀疏性=0.000, 多样性=0.001)
2025-12-12 06:34:01,713 MambaPro.train INFO:    📊 专家权重分布(Val): [0.41 , 0.34 , 0.25]
2025-12-12 06:34:21,838 MambaPro.train INFO: Epoch 16 done. Time per batch: 0.187[s] Speed: 171.3[samples/s]
2025-12-12 06:34:41,831 MambaPro.train INFO: Epoch 17 done. Time per batch: 0.187[s] Speed: 171.3[samples/s]
2025-12-12 06:35:01,646 MambaPro.train INFO: Epoch 18 done. Time per batch: 0.187[s] Speed: 171.2[samples/s]
2025-12-12 06:35:21,629 MambaPro.train INFO: Epoch 19 done. Time per batch: 0.187[s] Speed: 171.3[samples/s]
2025-12-12 06:35:41,588 MambaPro.train INFO: Epoch 20 done. Time per batch: 0.187[s] Speed: 171.6[samples/s]
2025-12-12 06:35:49,465 MambaPro.train INFO: Validation Results - Epoch: 20
2025-12-12 06:35:49,465 MambaPro.train INFO: Current mAP: 58.4%
2025-12-12 06:35:49,465 MambaPro.train INFO: CMC curve, Rank-1  :64.4%
2025-12-12 06:35:49,465 MambaPro.train INFO: CMC curve, Rank-5  :79.3%
2025-12-12 06:35:49,465 MambaPro.train INFO: CMC curve, Rank-10 :85.2%
2025-12-12 06:35:49,466 MambaPro.train INFO: 🎯 New Best! Saving model...
2025-12-12 06:35:50,068 MambaPro.train INFO: [Epoch 20] 指标集合列表（历史）
2025-12-12 06:35:50,068 MambaPro.train INFO: history_mAP:{49.5 , 43.5 , 48.4 , 58.4}
2025-12-12 06:35:50,068 MambaPro.train INFO: best_mAP:{58.4}
2025-12-12 06:35:50,068 MambaPro.train INFO: history_Rank-1:{51.6 , 45.9 , 51.9 , 64.4}
2025-12-12 06:35:50,068 MambaPro.train INFO: best_Rank-1:{64.4}
2025-12-12 06:35:50,068 MambaPro.train INFO: history_Rank-5:{67.2 , 67.7 , 73.1 , 79.3}
2025-12-12 06:35:50,068 MambaPro.train INFO: best_Rank-5:{79.3}
2025-12-12 06:35:50,068 MambaPro.train INFO: history_Rank-10:{74.4 , 76.6 , 80.6 , 85.2}
2025-12-12 06:35:50,068 MambaPro.train INFO: best_Rank-10:{85.2}
2025-12-12 06:35:50,068 MambaPro.train INFO: history_Experts:{[0.35 , 0.34 , 0.31] , [0.37 , 0.34 , 0.29] , [0.41 , 0.34 , 0.25] , [0.63 , 0.23 , 0.14]}
2025-12-12 06:35:50,068 MambaPro.train INFO: best_Experts:{[0.63 , 0.23 , 0.14]}
2025-12-12 06:35:50,068 MambaPro.train INFO: 🔥 MoE损失(Val): 平衡=0.1384, 稀疏性=0.7989, 多样性=1.5193, 总=0.0017 (权重: 平衡=0.001, 稀疏性=0.000, 多样性=0.001)
2025-12-12 06:35:50,068 MambaPro.train INFO:    📊 专家权重分布(Val): [0.63 , 0.23 , 0.14]
2025-12-12 06:36:09,942 MambaPro.train INFO: Epoch 21 done. Time per batch: 0.186[s] Speed: 171.9[samples/s]
2025-12-12 06:36:29,985 MambaPro.train INFO: Epoch 22 done. Time per batch: 0.187[s] Speed: 170.8[samples/s]
2025-12-12 06:36:50,012 MambaPro.train INFO: Epoch 23 done. Time per batch: 0.187[s] Speed: 171.0[samples/s]
2025-12-12 06:37:09,955 MambaPro.train INFO: Epoch 24 done. Time per batch: 0.186[s] Speed: 171.7[samples/s]
2025-12-12 06:37:29,765 MambaPro.train INFO: Epoch 25 done. Time per batch: 0.187[s] Speed: 171.2[samples/s]
2025-12-12 06:37:37,285 MambaPro.train INFO: Validation Results - Epoch: 25
2025-12-12 06:37:37,285 MambaPro.train INFO: Current mAP: 69.9%
2025-12-12 06:37:37,285 MambaPro.train INFO: CMC curve, Rank-1  :69.1%
2025-12-12 06:37:37,285 MambaPro.train INFO: CMC curve, Rank-5  :81.1%
2025-12-12 06:37:37,285 MambaPro.train INFO: CMC curve, Rank-10 :86.1%
2025-12-12 06:37:37,286 MambaPro.train INFO: 🎯 New Best! Saving model...
2025-12-12 06:37:37,929 MambaPro.train INFO: [Epoch 25] 指标集合列表（历史）
2025-12-12 06:37:37,929 MambaPro.train INFO: history_mAP:{49.5 , 43.5 , 48.4 , 58.4 , 69.9}
2025-12-12 06:37:37,929 MambaPro.train INFO: best_mAP:{69.9}
2025-12-12 06:37:37,929 MambaPro.train INFO: history_Rank-1:{51.6 , 45.9 , 51.9 , 64.4 , 69.1}
2025-12-12 06:37:37,929 MambaPro.train INFO: best_Rank-1:{69.1}
2025-12-12 06:37:37,929 MambaPro.train INFO: history_Rank-5:{67.2 , 67.7 , 73.1 , 79.3 , 81.1}
2025-12-12 06:37:37,929 MambaPro.train INFO: best_Rank-5:{81.1}
2025-12-12 06:37:37,929 MambaPro.train INFO: history_Rank-10:{74.4 , 76.6 , 80.6 , 85.2 , 86.1}
2025-12-12 06:37:37,929 MambaPro.train INFO: best_Rank-10:{86.1}
2025-12-12 06:37:37,929 MambaPro.train INFO: history_Experts:{[0.35 , 0.34 , 0.31] , [0.37 , 0.34 , 0.29] , [0.41 , 0.34 , 0.25] , [0.63 , 0.23 , 0.14] , [0.82 , 0.11 , 0.08]}
2025-12-12 06:37:37,929 MambaPro.train INFO: best_Experts:{[0.82 , 0.11 , 0.08]}
2025-12-12 06:37:37,929 MambaPro.train INFO: 🔥 MoE损失(Val): 平衡=0.5615, 稀疏性=0.4745, 多样性=0.6169, 总=0.0012 (权重: 平衡=0.001, 稀疏性=0.000, 多样性=0.001)
2025-12-12 06:37:37,930 MambaPro.train INFO:    📊 专家权重分布(Val): [0.82 , 0.11 , 0.08]
2025-12-12 06:37:58,035 MambaPro.train INFO: Epoch 26 done. Time per batch: 0.187[s] Speed: 171.5[samples/s]
2025-12-12 06:38:18,032 MambaPro.train INFO: Epoch 27 done. Time per batch: 0.187[s] Speed: 171.2[samples/s]
2025-12-12 06:38:38,046 MambaPro.train INFO: Epoch 28 done. Time per batch: 0.187[s] Speed: 171.1[samples/s]
2025-12-12 06:38:58,062 MambaPro.train INFO: Epoch 29 done. Time per batch: 0.187[s] Speed: 171.1[samples/s]
2025-12-12 06:39:18,107 MambaPro.train INFO: Epoch 30 done. Time per batch: 0.187[s] Speed: 170.8[samples/s]
2025-12-12 06:39:26,020 MambaPro.train INFO: Validation Results - Epoch: 30
2025-12-12 06:39:26,021 MambaPro.train INFO: Current mAP: 72.6%
2025-12-12 06:39:26,021 MambaPro.train INFO: CMC curve, Rank-1  :75.1%
2025-12-12 06:39:26,021 MambaPro.train INFO: CMC curve, Rank-5  :84.8%
2025-12-12 06:39:26,021 MambaPro.train INFO: CMC curve, Rank-10 :88.6%
2025-12-12 06:39:26,021 MambaPro.train INFO: 🎯 New Best! Saving model...
2025-12-12 06:39:26,617 MambaPro.train INFO: [Epoch 30] 指标集合列表（历史）
2025-12-12 06:39:26,617 MambaPro.train INFO: history_mAP:{49.5 , 43.5 , 48.4 , 58.4 , 69.9 , 72.6}
2025-12-12 06:39:26,617 MambaPro.train INFO: best_mAP:{72.6}
2025-12-12 06:39:26,617 MambaPro.train INFO: history_Rank-1:{51.6 , 45.9 , 51.9 , 64.4 , 69.1 , 75.1}
2025-12-12 06:39:26,617 MambaPro.train INFO: best_Rank-1:{75.1}
2025-12-12 06:39:26,617 MambaPro.train INFO: history_Rank-5:{67.2 , 67.7 , 73.1 , 79.3 , 81.1 , 84.8}
2025-12-12 06:39:26,617 MambaPro.train INFO: best_Rank-5:{84.8}
2025-12-12 06:39:26,617 MambaPro.train INFO: history_Rank-10:{74.4 , 76.6 , 80.6 , 85.2 , 86.1 , 88.6}
2025-12-12 06:39:26,617 MambaPro.train INFO: best_Rank-10:{88.6}
2025-12-12 06:39:26,617 MambaPro.train INFO: history_Experts:{[0.35 , 0.34 , 0.31] , [0.37 , 0.34 , 0.29] , [0.41 , 0.34 , 0.25] , [0.63 , 0.23 , 0.14] , [0.82 , 0.11 , 0.08] , [0.87 , 0.07 , 0.05]}
2025-12-12 06:39:26,617 MambaPro.train INFO: best_Experts:{[0.87 , 0.07 , 0.05]}
2025-12-12 06:39:26,618 MambaPro.train INFO: 🔥 MoE损失(Val): 平衡=0.7557, 稀疏性=0.3430, 多样性=0.3952, 总=0.0012 (权重: 平衡=0.001, 稀疏性=0.000, 多样性=0.001)
2025-12-12 06:39:26,618 MambaPro.train INFO:    📊 专家权重分布(Val): [0.87 , 0.07 , 0.05]
2025-12-12 06:39:46,766 MambaPro.train INFO: Epoch 31 done. Time per batch: 0.187[s] Speed: 171.1[samples/s]
2025-12-12 06:40:06,636 MambaPro.train INFO: Epoch 32 done. Time per batch: 0.187[s] Speed: 170.7[samples/s]
2025-12-12 06:40:26,658 MambaPro.train INFO: Epoch 33 done. Time per batch: 0.187[s] Speed: 171.0[samples/s]
2025-12-12 06:40:46,522 MambaPro.train INFO: Epoch 34 done. Time per batch: 0.187[s] Speed: 170.8[samples/s]
2025-12-12 06:41:06,568 MambaPro.train INFO: Epoch 35 done. Time per batch: 0.187[s] Speed: 170.8[samples/s]
2025-12-12 06:41:14,113 MambaPro.train INFO: Validation Results - Epoch: 35
2025-12-12 06:41:14,113 MambaPro.train INFO: Current mAP: 72.7%
2025-12-12 06:41:14,113 MambaPro.train INFO: CMC curve, Rank-1  :74.9%
2025-12-12 06:41:14,113 MambaPro.train INFO: CMC curve, Rank-5  :83.7%
2025-12-12 06:41:14,114 MambaPro.train INFO: CMC curve, Rank-10 :88.4%
2025-12-12 06:41:14,114 MambaPro.train INFO: 🎯 New Best! Saving model...
2025-12-12 06:41:15,184 MambaPro.train INFO: [Epoch 35] 指标集合列表（历史）
2025-12-12 06:41:15,185 MambaPro.train INFO: history_mAP:{49.5 , 43.5 , 48.4 , 58.4 , 69.9 , 72.6 , 72.7}
2025-12-12 06:41:15,185 MambaPro.train INFO: best_mAP:{72.7}
2025-12-12 06:41:15,185 MambaPro.train INFO: history_Rank-1:{51.6 , 45.9 , 51.9 , 64.4 , 69.1 , 75.1 , 74.9}
2025-12-12 06:41:15,185 MambaPro.train INFO: best_Rank-1:{75.1}
2025-12-12 06:41:15,185 MambaPro.train INFO: history_Rank-5:{67.2 , 67.7 , 73.1 , 79.3 , 81.1 , 84.8 , 83.7}
2025-12-12 06:41:15,185 MambaPro.train INFO: best_Rank-5:{84.8}
2025-12-12 06:41:15,185 MambaPro.train INFO: history_Rank-10:{74.4 , 76.6 , 80.6 , 85.2 , 86.1 , 88.6 , 88.4}
2025-12-12 06:41:15,185 MambaPro.train INFO: best_Rank-10:{88.6}
2025-12-12 06:41:15,185 MambaPro.train INFO: history_Experts:{[0.35 , 0.34 , 0.31] , [0.37 , 0.34 , 0.29] , [0.41 , 0.34 , 0.25] , [0.63 , 0.23 , 0.14] , [0.82 , 0.11 , 0.08] , [0.87 , 0.07 , 0.05] , [0.91 , 0.05 , 0.04]}
2025-12-12 06:41:15,185 MambaPro.train INFO: best_Experts:{[0.91 , 0.05 , 0.04]}
2025-12-12 06:41:15,185 MambaPro.train INFO: 🔥 MoE损失(Val): 平衡=0.8795, 稀疏性=0.2615, 多样性=0.2816, 总=0.0012 (权重: 平衡=0.001, 稀疏性=0.000, 多样性=0.001)
2025-12-12 06:41:15,185 MambaPro.train INFO:    📊 专家权重分布(Val): [0.91 , 0.05 , 0.04]
2025-12-12 06:41:35,348 MambaPro.train INFO: Epoch 36 done. Time per batch: 0.187[s] Speed: 170.9[samples/s]
2025-12-12 06:41:55,341 MambaPro.train INFO: Epoch 37 done. Time per batch: 0.187[s] Speed: 171.3[samples/s]
2025-12-12 06:42:15,130 MambaPro.train INFO: Epoch 38 done. Time per batch: 0.187[s] Speed: 171.4[samples/s]
2025-12-12 06:42:35,151 MambaPro.train INFO: Epoch 39 done. Time per batch: 0.187[s] Speed: 171.0[samples/s]
2025-12-12 06:42:55,070 MambaPro.train INFO: Epoch 40 done. Time per batch: 0.188[s] Speed: 170.3[samples/s]
2025-12-12 06:43:02,963 MambaPro.train INFO: Validation Results - Epoch: 40
2025-12-12 06:43:02,963 MambaPro.train INFO: Current mAP: 74.9%
2025-12-12 06:43:02,963 MambaPro.train INFO: CMC curve, Rank-1  :77.9%
2025-12-12 06:43:02,963 MambaPro.train INFO: CMC curve, Rank-5  :85.8%
2025-12-12 06:43:02,963 MambaPro.train INFO: CMC curve, Rank-10 :89.7%
2025-12-12 06:43:02,964 MambaPro.train INFO: 🎯 New Best! Saving model...
2025-12-12 06:43:03,595 MambaPro.train INFO: [Epoch 40] 指标集合列表（历史）
2025-12-12 06:43:03,595 MambaPro.train INFO: history_mAP:{49.5 , 43.5 , 48.4 , 58.4 , 69.9 , 72.6 , 72.7 , 74.9}
2025-12-12 06:43:03,595 MambaPro.train INFO: best_mAP:{74.9}
2025-12-12 06:43:03,595 MambaPro.train INFO: history_Rank-1:{51.6 , 45.9 , 51.9 , 64.4 , 69.1 , 75.1 , 74.9 , 77.9}
2025-12-12 06:43:03,595 MambaPro.train INFO: best_Rank-1:{77.9}
2025-12-12 06:43:03,595 MambaPro.train INFO: history_Rank-5:{67.2 , 67.7 , 73.1 , 79.3 , 81.1 , 84.8 , 83.7 , 85.8}
2025-12-12 06:43:03,595 MambaPro.train INFO: best_Rank-5:{85.8}
2025-12-12 06:43:03,595 MambaPro.train INFO: history_Rank-10:{74.4 , 76.6 , 80.6 , 85.2 , 86.1 , 88.6 , 88.4 , 89.7}
2025-12-12 06:43:03,595 MambaPro.train INFO: best_Rank-10:{89.7}
2025-12-12 06:43:03,595 MambaPro.train INFO: history_Experts:{[0.35 , 0.34 , 0.31] , [0.37 , 0.34 , 0.29] , [0.41 , 0.34 , 0.25] , [0.63 , 0.23 , 0.14] , [0.82 , 0.11 , 0.08] , [0.87 , 0.07 , 0.05] , [0.91 , 0.05 , 0.04] , [0.92 , 0.04 , 0.03]}
2025-12-12 06:43:03,595 MambaPro.train INFO: best_Experts:{[0.92 , 0.04 , 0.03]}
2025-12-12 06:43:03,595 MambaPro.train INFO: 🔥 MoE损失(Val): 平衡=0.9479, 稀疏性=0.2172, 多样性=0.2257, 总=0.0012 (权重: 平衡=0.001, 稀疏性=0.000, 多样性=0.001)
2025-12-12 06:43:03,595 MambaPro.train INFO:    📊 专家权重分布(Val): [0.92 , 0.04 , 0.03]
2025-12-12 06:43:23,810 MambaPro.train INFO: Epoch 41 done. Time per batch: 0.188[s] Speed: 170.5[samples/s]
2025-12-12 06:43:43,888 MambaPro.train INFO: Epoch 42 done. Time per batch: 0.188[s] Speed: 170.5[samples/s]
2025-12-12 06:44:03,921 MambaPro.train INFO: Epoch 43 done. Time per batch: 0.187[s] Speed: 170.9[samples/s]
2025-12-12 06:44:24,017 MambaPro.train INFO: Epoch 44 done. Time per batch: 0.188[s] Speed: 170.4[samples/s]
2025-12-12 06:44:44,118 MambaPro.train INFO: Epoch 45 done. Time per batch: 0.188[s] Speed: 170.3[samples/s]
2025-12-12 06:44:51,630 MambaPro.train INFO: Validation Results - Epoch: 45
2025-12-12 06:44:51,630 MambaPro.train INFO: Current mAP: 74.5%
2025-12-12 06:44:51,630 MambaPro.train INFO: CMC curve, Rank-1  :77.8%
2025-12-12 06:44:51,630 MambaPro.train INFO: CMC curve, Rank-5  :86.4%
2025-12-12 06:44:51,630 MambaPro.train INFO: CMC curve, Rank-10 :90.3%
2025-12-12 06:44:51,630 MambaPro.train INFO: [Epoch 45] 指标集合列表（历史）
2025-12-12 06:44:51,630 MambaPro.train INFO: history_mAP:{49.5 , 43.5 , 48.4 , 58.4 , 69.9 , 72.6 , 72.7 , 74.9 , 74.5}
2025-12-12 06:44:51,630 MambaPro.train INFO: best_mAP:{74.9}
2025-12-12 06:44:51,630 MambaPro.train INFO: history_Rank-1:{51.6 , 45.9 , 51.9 , 64.4 , 69.1 , 75.1 , 74.9 , 77.9 , 77.8}
2025-12-12 06:44:51,630 MambaPro.train INFO: best_Rank-1:{77.9}
2025-12-12 06:44:51,630 MambaPro.train INFO: history_Rank-5:{67.2 , 67.7 , 73.1 , 79.3 , 81.1 , 84.8 , 83.7 , 85.8 , 86.4}
2025-12-12 06:44:51,631 MambaPro.train INFO: best_Rank-5:{85.8}
2025-12-12 06:44:51,631 MambaPro.train INFO: history_Rank-10:{74.4 , 76.6 , 80.6 , 85.2 , 86.1 , 88.6 , 88.4 , 89.7 , 90.3}
2025-12-12 06:44:51,631 MambaPro.train INFO: best_Rank-10:{89.7}
2025-12-12 06:44:51,631 MambaPro.train INFO: history_Experts:{[0.35 , 0.34 , 0.31] , [0.37 , 0.34 , 0.29] , [0.41 , 0.34 , 0.25] , [0.63 , 0.23 , 0.14] , [0.82 , 0.11 , 0.08] , [0.87 , 0.07 , 0.05] , [0.91 , 0.05 , 0.04] , [0.92 , 0.04 , 0.03] , [0.93 , 0.04 , 0.03]}
2025-12-12 06:44:51,631 MambaPro.train INFO: best_Experts:{[0.92 , 0.04 , 0.03]}
2025-12-12 06:44:51,631 MambaPro.train INFO: 🔥 MoE损失(Val): 平衡=0.9919, 稀疏性=0.1888, 多样性=0.1920, 总=0.0012 (权重: 平衡=0.001, 稀疏性=0.000, 多样性=0.001)
2025-12-12 06:44:51,631 MambaPro.train INFO:    📊 专家权重分布(Val): [0.93 , 0.04 , 0.03]
2025-12-12 06:45:11,839 MambaPro.train INFO: Epoch 46 done. Time per batch: 0.188[s] Speed: 170.6[samples/s]
2025-12-12 06:45:31,926 MambaPro.train INFO: Epoch 47 done. Time per batch: 0.188[s] Speed: 170.5[samples/s]
2025-12-12 06:45:51,721 MambaPro.train INFO: Epoch 48 done. Time per batch: 0.187[s] Speed: 171.4[samples/s]
2025-12-12 06:46:11,789 MambaPro.train INFO: Epoch 49 done. Time per batch: 0.188[s] Speed: 170.6[samples/s]
2025-12-12 06:46:31,831 MambaPro.train INFO: Epoch 50 done. Time per batch: 0.187[s] Speed: 170.8[samples/s]
2025-12-12 06:46:39,747 MambaPro.train INFO: Validation Results - Epoch: 50
2025-12-12 06:46:39,747 MambaPro.train INFO: Current mAP: 73.4%
2025-12-12 06:46:39,747 MambaPro.train INFO: CMC curve, Rank-1  :75.1%
2025-12-12 06:46:39,747 MambaPro.train INFO: CMC curve, Rank-5  :84.9%
2025-12-12 06:46:39,747 MambaPro.train INFO: CMC curve, Rank-10 :89.2%
2025-12-12 06:46:39,747 MambaPro.train INFO: [Epoch 50] 指标集合列表（历史）
2025-12-12 06:46:39,747 MambaPro.train INFO: history_mAP:{49.5 , 43.5 , 48.4 , 58.4 , 69.9 , 72.6 , 72.7 , 74.9 , 74.5 , 73.4}
2025-12-12 06:46:39,747 MambaPro.train INFO: best_mAP:{74.9}
2025-12-12 06:46:39,748 MambaPro.train INFO: history_Rank-1:{51.6 , 45.9 , 51.9 , 64.4 , 69.1 , 75.1 , 74.9 , 77.9 , 77.8}
2025-12-12 06:46:39,748 MambaPro.train INFO: best_Rank-1:{77.9}
2025-12-12 06:46:39,748 MambaPro.train INFO: history_Rank-5:{67.2 , 67.7 , 73.1 , 79.3 , 81.1 , 84.8 , 83.7 , 85.8 , 86.4 , 84.9}
2025-12-12 06:46:39,748 MambaPro.train INFO: best_Rank-5:{85.8}
2025-12-12 06:46:39,748 MambaPro.train INFO: history_Rank-10:{74.4 , 76.6 , 80.6 , 85.2 , 86.1 , 88.6 , 88.4 , 89.7 , 90.3 , 89.2}
2025-12-12 06:46:39,748 MambaPro.train INFO: best_Rank-10:{89.7}
2025-12-12 06:46:39,748 MambaPro.train INFO: history_Experts:{[0.35 , 0.34 , 0.31] , [0.37 , 0.34 , 0.29] , [0.41 , 0.34 , 0.25] , [0.63 , 0.23 , 0.14] , [0.82 , 0.11 , 0.08] , [0.87 , 0.07 , 0.05] , [0.91 , 0.05 , 0.04] , [0.92 , 0.04 , 0.03] , [0.93 , 0.04 , 0.03] , [0.94 , 0.03 , 0.03]}
2025-12-12 06:46:39,748 MambaPro.train INFO: best_Experts:{[0.92 , 0.04 , 0.03]}
2025-12-12 06:46:39,748 MambaPro.train INFO: 🔥 MoE损失(Val): 平衡=1.0224, 稀疏性=0.1692, 多样性=0.1695, 总=0.0012 (权重: 平衡=0.001, 稀疏性=0.000, 多样性=0.001)
2025-12-12 06:46:39,748 MambaPro.train INFO:    📊 专家权重分布(Val): [0.94 , 0.03 , 0.03]
2025-12-12 06:47:00,031 MambaPro.train INFO: Epoch 51 done. Time per batch: 0.190[s] Speed: 168.3[samples/s]
2025-12-12 06:47:19,898 MambaPro.train INFO: Epoch 52 done. Time per batch: 0.187[s] Speed: 170.7[samples/s]
2025-12-12 06:47:39,975 MambaPro.train INFO: Epoch 53 done. Time per batch: 0.188[s] Speed: 170.5[samples/s]
2025-12-12 06:48:00,012 MambaPro.train INFO: Epoch 54 done. Time per batch: 0.187[s] Speed: 170.9[samples/s]
2025-12-12 06:48:20,066 MambaPro.train INFO: Epoch 55 done. Time per batch: 0.187[s] Speed: 170.7[samples/s]
2025-12-12 06:48:27,609 MambaPro.train INFO: Validation Results - Epoch: 55
2025-12-12 06:48:27,609 MambaPro.train INFO: Current mAP: 74.5%
2025-12-12 06:48:27,609 MambaPro.train INFO: CMC curve, Rank-1  :77.3%
2025-12-12 06:48:27,609 MambaPro.train INFO: CMC curve, Rank-5  :86.1%
2025-12-12 06:48:27,609 MambaPro.train INFO: CMC curve, Rank-10 :90.6%
2025-12-12 06:48:27,610 MambaPro.train INFO: [Epoch 55] 指标集合列表（历史）
2025-12-12 06:48:27,610 MambaPro.train INFO: history_mAP:{49.5 , 43.5 , 48.4 , 58.4 , 69.9 , 72.6 , 72.7 , 74.9 , 74.5 , 73.4 , 74.5}
2025-12-12 06:48:27,610 MambaPro.train INFO: best_mAP:{74.9}
2025-12-12 06:48:27,610 MambaPro.train INFO: history_Rank-1:{51.6 , 45.9 , 51.9 , 64.4 , 69.1 , 75.1 , 74.9 , 77.9 , 77.8 , 77.3}
2025-12-12 06:48:27,610 MambaPro.train INFO: best_Rank-1:{77.9}
2025-12-12 06:48:27,610 MambaPro.train INFO: history_Rank-5:{67.2 , 67.7 , 73.1 , 79.3 , 81.1 , 84.8 , 83.7 , 85.8 , 86.4 , 84.9 , 86.1}
2025-12-12 06:48:27,610 MambaPro.train INFO: best_Rank-5:{85.8}
2025-12-12 06:48:27,610 MambaPro.train INFO: history_Rank-10:{74.4 , 76.6 , 80.6 , 85.2 , 86.1 , 88.6 , 88.4 , 89.7 , 90.3 , 89.2 , 90.6}
2025-12-12 06:48:27,610 MambaPro.train INFO: best_Rank-10:{89.7}
2025-12-12 06:48:27,610 MambaPro.train INFO: history_Experts:{[0.35 , 0.34 , 0.31] , [0.37 , 0.34 , 0.29] , [0.41 , 0.34 , 0.25] , [0.63 , 0.23 , 0.14] , [0.82 , 0.11 , 0.08] , [0.87 , 0.07 , 0.05] , [0.91 , 0.05 , 0.04] , [0.92 , 0.04 , 0.03] , [0.93 , 0.04 , 0.03] , [0.94 , 0.03 , 0.03] , [0.95 , 0.03 , 0.02]}
2025-12-12 06:48:27,610 MambaPro.train INFO: best_Experts:{[0.92 , 0.04 , 0.03]}
2025-12-12 06:48:27,610 MambaPro.train INFO: 🔥 MoE损失(Val): 平衡=1.0456, 稀疏性=0.1544, 多样性=0.1530, 总=0.0012 (权重: 平衡=0.001, 稀疏性=0.000, 多样性=0.001)
2025-12-12 06:48:27,610 MambaPro.train INFO:    📊 专家权重分布(Val): [0.95 , 0.03 , 0.02]
2025-12-12 06:48:47,673 MambaPro.train INFO: Epoch 56 done. Time per batch: 0.188[s] Speed: 170.2[samples/s]
2025-12-12 06:49:07,822 MambaPro.train INFO: Epoch 57 done. Time per batch: 0.188[s] Speed: 169.9[samples/s]
2025-12-12 06:49:27,873 MambaPro.train INFO: Epoch 58 done. Time per batch: 0.187[s] Speed: 170.8[samples/s]
2025-12-12 06:49:47,812 MambaPro.train INFO: Epoch 59 done. Time per batch: 0.188[s] Speed: 170.1[samples/s]
2025-12-12 06:50:07,932 MambaPro.train INFO: Epoch 60 done. Time per batch: 0.188[s] Speed: 170.2[samples/s]
2025-12-12 06:50:15,876 MambaPro.train INFO: Validation Results - Epoch: 60
2025-12-12 06:50:15,876 MambaPro.train INFO: Current mAP: 74.5%
2025-12-12 06:50:15,876 MambaPro.train INFO: CMC curve, Rank-1  :76.9%
2025-12-12 06:50:15,876 MambaPro.train INFO: CMC curve, Rank-5  :86.1%
2025-12-12 06:50:15,876 MambaPro.train INFO: CMC curve, Rank-10 :89.8%
2025-12-12 06:50:15,877 MambaPro.train INFO: [Epoch 60] 指标集合列表（历史）
2025-12-12 06:50:15,877 MambaPro.train INFO: history_mAP:{49.5 , 43.5 , 48.4 , 58.4 , 69.9 , 72.6 , 72.7 , 74.9 , 74.5 , 73.4 , 74.5 , 74.5}
2025-12-12 06:50:15,877 MambaPro.train INFO: best_mAP:{74.9}
2025-12-12 06:50:15,877 MambaPro.train INFO: history_Rank-1:{51.6 , 45.9 , 51.9 , 64.4 , 69.1 , 75.1 , 74.9 , 77.9 , 77.8 , 77.3 , 76.9}
2025-12-12 06:50:15,877 MambaPro.train INFO: best_Rank-1:{77.9}
2025-12-12 06:50:15,877 MambaPro.train INFO: history_Rank-5:{67.2 , 67.7 , 73.1 , 79.3 , 81.1 , 84.8 , 83.7 , 85.8 , 86.4 , 84.9 , 86.1}
2025-12-12 06:50:15,877 MambaPro.train INFO: best_Rank-5:{85.8}
2025-12-12 06:50:15,877 MambaPro.train INFO: history_Rank-10:{74.4 , 76.6 , 80.6 , 85.2 , 86.1 , 88.6 , 88.4 , 89.7 , 90.3 , 89.2 , 90.6 , 89.8}
2025-12-12 06:50:15,877 MambaPro.train INFO: best_Rank-10:{89.7}
2025-12-12 06:50:15,877 MambaPro.train INFO: history_Experts:{[0.35 , 0.34 , 0.31] , [0.37 , 0.34 , 0.29] , [0.41 , 0.34 , 0.25] , [0.63 , 0.23 , 0.14] , [0.82 , 0.11 , 0.08] , [0.87 , 0.07 , 0.05] , [0.91 , 0.05 , 0.04] , [0.92 , 0.04 , 0.03] , [0.93 , 0.04 , 0.03] , [0.94 , 0.03 , 0.03] , [0.95 , 0.03 , 0.02] , [0.95 , 0.03 , 0.02]}
2025-12-12 06:50:15,877 MambaPro.train INFO: best_Experts:{[0.92 , 0.04 , 0.03]}
2025-12-12 06:50:15,877 MambaPro.train INFO: 🔥 MoE损失(Val): 平衡=1.0641, 稀疏性=0.1426, 多样性=0.1400, 总=0.0012 (权重: 平衡=0.001, 稀疏性=0.000, 多样性=0.001)
2025-12-12 06:50:15,877 MambaPro.train INFO:    📊 专家权重分布(Val): [0.95 , 0.03 , 0.02]
2025-12-12 06:50:16,011 MambaPro.train INFO: ============================================================
