2025-12-12 14:03:17,265 MambaPro INFO: ================================================================================
2025-12-12 14:03:17,265 MambaPro INFO: 🧾 实验参数快照（命令行 + 最终配置）
2025-12-12 14:03:17,265 MambaPro INFO: ================================================================================
2025-12-12 14:03:17,265 MambaPro INFO: 【复现实验命令】
2025-12-12 14:03:17,265 MambaPro INFO: /home/zubuntu/miniconda/envs/MambaPro/bin/python train_net.py --config_file mybest_model/experiment_20251013_110028/configs/experiment_config.yml OUTPUT_DIR ./outputs/replay_best_tml
2025-12-12 14:03:17,265 MambaPro INFO: 【命令行参数（args）】
2025-12-12 14:03:17,265 MambaPro INFO: {
2025-12-12 14:03:17,265 MambaPro INFO:   "config_file": "mybest_model/experiment_20251013_110028/configs/experiment_config.yml",
2025-12-12 14:03:17,265 MambaPro INFO:   "fea_cft": 0,
2025-12-12 14:03:17,265 MambaPro INFO:   "opts": [
2025-12-12 14:03:17,265 MambaPro INFO:     "OUTPUT_DIR",
2025-12-12 14:03:17,265 MambaPro INFO:     "./outputs/replay_best_tml"
2025-12-12 14:03:17,265 MambaPro INFO:   ],
2025-12-12 14:03:17,265 MambaPro INFO:   "local_rank": 0,
2025-12-12 14:03:17,265 MambaPro INFO:   "use_multi_scale": false,
2025-12-12 14:03:17,265 MambaPro INFO:   "no_multi_scale": false,
2025-12-12 14:03:17,265 MambaPro INFO:   "use_moe": false,
2025-12-12 14:03:17,265 MambaPro INFO:   "disable_moe": false,
2025-12-12 14:03:17,265 MambaPro INFO:   "no_moe": false,
2025-12-12 14:03:17,265 MambaPro INFO:   "use_attention": false,
2025-12-12 14:03:17,265 MambaPro INFO:   "disable_attention": false,
2025-12-12 14:03:17,265 MambaPro INFO:   "attention_heads": 8,
2025-12-12 14:03:17,265 MambaPro INFO:   "attention_dropout": 0.1
2025-12-12 14:03:17,265 MambaPro INFO: }
2025-12-12 14:03:17,265 MambaPro INFO: 【工作目录】/home/zubuntu/workspace/yzy/MambaPro
2025-12-12 14:03:17,265 MambaPro INFO: 【最终配置（YAML）】
2025-12-12 14:03:17,268 MambaPro INFO: DATALOADER:
2025-12-12 14:03:17,268 MambaPro INFO:   NUM_INSTANCE: 8
2025-12-12 14:03:17,268 MambaPro INFO:   NUM_WORKERS: 8
2025-12-12 14:03:17,268 MambaPro INFO:   SAMPLER: softmax_triplet
2025-12-12 14:03:17,268 MambaPro INFO: DATASETS:
2025-12-12 14:03:17,268 MambaPro INFO:   NAMES: RGBNT201
2025-12-12 14:03:17,268 MambaPro INFO:   ROOT_DIR: /home/zubuntu/workspace/yzy/MambaPro/data/
2025-12-12 14:03:17,268 MambaPro INFO: INPUT:
2025-12-12 14:03:17,268 MambaPro INFO:   PADDING: 10
2025-12-12 14:03:17,268 MambaPro INFO:   PIXEL_MEAN:
2025-12-12 14:03:17,268 MambaPro INFO:   - 0.5
2025-12-12 14:03:17,268 MambaPro INFO:   - 0.5
2025-12-12 14:03:17,268 MambaPro INFO:   - 0.5
2025-12-12 14:03:17,268 MambaPro INFO:   PIXEL_STD:
2025-12-12 14:03:17,268 MambaPro INFO:   - 0.5
2025-12-12 14:03:17,268 MambaPro INFO:   - 0.5
2025-12-12 14:03:17,268 MambaPro INFO:   - 0.5
2025-12-12 14:03:17,268 MambaPro INFO:   PROB: 0.5
2025-12-12 14:03:17,268 MambaPro INFO:   RE_PROB: 0.5
2025-12-12 14:03:17,268 MambaPro INFO:   SIZE_TEST:
2025-12-12 14:03:17,268 MambaPro INFO:   - 256
2025-12-12 14:03:17,268 MambaPro INFO:   - 128
2025-12-12 14:03:17,268 MambaPro INFO:   SIZE_TRAIN:
2025-12-12 14:03:17,268 MambaPro INFO:   - 256
2025-12-12 14:03:17,268 MambaPro INFO:   - 128
2025-12-12 14:03:17,268 MambaPro INFO: MODEL:
2025-12-12 14:03:17,268 MambaPro INFO:   ADAPTER: true
2025-12-12 14:03:17,268 MambaPro INFO:   ATTENTION_DIM: 512
2025-12-12 14:03:17,268 MambaPro INFO:   ATTENTION_DROPOUT: 0.1
2025-12-12 14:03:17,268 MambaPro INFO:   ATTENTION_NUM_HEADS: 8
2025-12-12 14:03:17,268 MambaPro INFO:   ATT_DROP_RATE: 0.0
2025-12-12 14:03:17,268 MambaPro INFO:   CLIP_MULTI_SCALE_SCALES:
2025-12-12 14:03:17,268 MambaPro INFO:   - 4
2025-12-12 14:03:17,268 MambaPro INFO:   - 8
2025-12-12 14:03:17,268 MambaPro INFO:   - 16
2025-12-12 14:03:17,268 MambaPro INFO:   DEVICE: cuda
2025-12-12 14:03:17,268 MambaPro INFO:   DEVICE_ID: '0'
2025-12-12 14:03:17,268 MambaPro INFO:   DIRECT: 1
2025-12-12 14:03:17,268 MambaPro INFO:   DIST_TRAIN: false
2025-12-12 14:03:17,268 MambaPro INFO:   DROP_OUT: 0.0
2025-12-12 14:03:17,268 MambaPro INFO:   DROP_PATH: 0.1
2025-12-12 14:03:17,268 MambaPro INFO:   FLOPS_TEST: false
2025-12-12 14:03:17,268 MambaPro INFO:   FROZEN: true
2025-12-12 14:03:17,268 MambaPro INFO:   GATE_DROPOUT: 0.1
2025-12-12 14:03:17,268 MambaPro INFO:   ID_LOSS_TYPE: softmax
2025-12-12 14:03:17,268 MambaPro INFO:   ID_LOSS_WEIGHT: 0.25
2025-12-12 14:03:17,268 MambaPro INFO:   IF_LABELSMOOTH: 'on'
2025-12-12 14:03:17,268 MambaPro INFO:   IF_WITH_CENTER: 'no'
2025-12-12 14:03:17,268 MambaPro INFO:   LAYER: -1
2025-12-12 14:03:17,268 MambaPro INFO:   MAMBA: true
2025-12-12 14:03:17,268 MambaPro INFO:   MAMBA_BI: false
2025-12-12 14:03:17,268 MambaPro INFO:   METRIC_LOSS_TYPE: triplet
2025-12-12 14:03:17,268 MambaPro INFO:   MOE_BALANCE_LOSS_WEIGHT: 0.01
2025-12-12 14:03:17,268 MambaPro INFO:   MOE_DIVERSITY_LOSS_WEIGHT: 0.01
2025-12-12 14:03:17,268 MambaPro INFO:   MOE_EXPERT_DROPOUT: 0.1
2025-12-12 14:03:17,268 MambaPro INFO:   MOE_EXPERT_HIDDEN_DIM: 1024
2025-12-12 14:03:17,268 MambaPro INFO:   MOE_EXPERT_LAYERS: 2
2025-12-12 14:03:17,268 MambaPro INFO:   MOE_EXPERT_THRESHOLD: 0.1
2025-12-12 14:03:17,268 MambaPro INFO:   MOE_FIXED_WEIGHTS:
2025-12-12 14:03:17,268 MambaPro INFO:   - 0.33
2025-12-12 14:03:17,268 MambaPro INFO:   - 0.33
2025-12-12 14:03:17,268 MambaPro INFO:   - 0.34
2025-12-12 14:03:17,268 MambaPro INFO:   MOE_GATE_DROPOUT: 0.1
2025-12-12 14:03:17,268 MambaPro INFO:   MOE_GATE_LAYERS: 2
2025-12-12 14:03:17,268 MambaPro INFO:   MOE_INIT_WEIGHTS: null
2025-12-12 14:03:17,268 MambaPro INFO:   MOE_NUM_EXPERTS: 3
2025-12-12 14:03:17,268 MambaPro INFO:   MOE_RESIDUAL_WEIGHT: 1.0
2025-12-12 14:03:17,268 MambaPro INFO:   MOE_SCALES:
2025-12-12 14:03:17,268 MambaPro INFO:   - 4
2025-12-12 14:03:17,268 MambaPro INFO:   - 8
2025-12-12 14:03:17,269 MambaPro INFO:   - 16
2025-12-12 14:03:17,269 MambaPro INFO:   MOE_SPARSITY_LOSS_WEIGHT: 0.001
2025-12-12 14:03:17,269 MambaPro INFO:   MOE_TEMPERATURE: 0.7
2025-12-12 14:03:17,269 MambaPro INFO:   MOE_TOP_K: 2
2025-12-12 14:03:17,269 MambaPro INFO:   MOE_TOP_K_MODE: soft
2025-12-12 14:03:17,269 MambaPro INFO:   MOE_USE_FIXED_WEIGHTS: false
2025-12-12 14:03:17,269 MambaPro INFO:   MOE_USE_TOP_K_ROUTING: false
2025-12-12 14:03:17,269 MambaPro INFO:   MULTI_SCALE_SCALES:
2025-12-12 14:03:17,269 MambaPro INFO:   - 4
2025-12-12 14:03:17,269 MambaPro INFO:   - 8
2025-12-12 14:03:17,269 MambaPro INFO:   - 16
2025-12-12 14:03:17,269 MambaPro INFO:   NAME: MambaPro
2025-12-12 14:03:17,269 MambaPro INFO:   NECK: bnneck
2025-12-12 14:03:17,269 MambaPro INFO:   NO_MARGIN: true
2025-12-12 14:03:17,269 MambaPro INFO:   PREFIX_NUM: 1
2025-12-12 14:03:17,269 MambaPro INFO:   PRETRAIN_PATH_T: /home/zubuntu/workspace/yzy/MambaPro/pths/ViT-B-16.pt
2025-12-12 14:03:17,269 MambaPro INFO:   PROMPT: true
2025-12-12 14:03:17,269 MambaPro INFO:   SIE_CAMERA: true
2025-12-12 14:03:17,269 MambaPro INFO:   SIE_COE: 1.0
2025-12-12 14:03:17,269 MambaPro INFO:   SIE_VIEW: false
2025-12-12 14:03:17,269 MambaPro INFO:   STRIDE_SIZE:
2025-12-12 14:03:17,269 MambaPro INFO:   - 16
2025-12-12 14:03:17,269 MambaPro INFO:   - 16
2025-12-12 14:03:17,269 MambaPro INFO:   TRANSFORMER_TYPE: ViT-B-16
2025-12-12 14:03:17,269 MambaPro INFO:   TRIPLET_LOSS_WEIGHT: 1.0
2025-12-12 14:03:17,269 MambaPro INFO:   USE_ATTENTION_FUSION: false
2025-12-12 14:03:17,269 MambaPro INFO:   USE_CLIP_MULTI_SCALE: true
2025-12-12 14:03:17,269 MambaPro INFO:   USE_GATE_FUSION: false
2025-12-12 14:03:17,269 MambaPro INFO:   USE_MULTI_SCALE: false
2025-12-12 14:03:17,269 MambaPro INFO:   USE_MULTI_SCALE_MOE: true
2025-12-12 14:03:17,269 MambaPro INFO: OUTPUT_DIR: ./outputs/replay_best_tml/run_20251212_140317
2025-12-12 14:03:17,269 MambaPro INFO: SOLVER:
2025-12-12 14:03:17,269 MambaPro INFO:   BASE_LR: 0.0005
2025-12-12 14:03:17,269 MambaPro INFO:   BIAS_LR_FACTOR: 2
2025-12-12 14:03:17,269 MambaPro INFO:   CENTER_LOSS_WEIGHT: 0.0005
2025-12-12 14:03:17,269 MambaPro INFO:   CENTER_LR: 0.5
2025-12-12 14:03:17,269 MambaPro INFO:   CHECKPOINT_PERIOD: 10
2025-12-12 14:03:17,269 MambaPro INFO:   CLUSTER_MARGIN: 0.3
2025-12-12 14:03:17,269 MambaPro INFO:   COSINE_MARGIN: 0.5
2025-12-12 14:03:17,269 MambaPro INFO:   COSINE_SCALE: 30
2025-12-12 14:03:17,269 MambaPro INFO:   EVAL_PERIOD: 5
2025-12-12 14:03:17,269 MambaPro INFO:   GAMMA: 0.1
2025-12-12 14:03:17,269 MambaPro INFO:   IMS_PER_BATCH: 32
2025-12-12 14:03:17,269 MambaPro INFO:   LARGE_FC_LR: false
2025-12-12 14:03:17,269 MambaPro INFO:   LOG_PERIOD: 10
2025-12-12 14:03:17,269 MambaPro INFO:   MARGIN: 0.3
2025-12-12 14:03:17,269 MambaPro INFO:   MAX_EPOCHS: 60
2025-12-12 14:03:17,269 MambaPro INFO:   MOE_BALANCE_LOSS_WEIGHT: 0.001
2025-12-12 14:03:17,269 MambaPro INFO:   MOE_BALANCE_LOSS_WEIGHT_END: 0.1
2025-12-12 14:03:17,269 MambaPro INFO:   MOE_BALANCE_LOSS_WEIGHT_START: 0.001
2025-12-12 14:03:17,269 MambaPro INFO:   MOE_BALANCE_THRESHOLD: 0.3
2025-12-12 14:03:17,269 MambaPro INFO:   MOE_DIVERSITY_LOSS_WEIGHT: 0.001
2025-12-12 14:03:17,269 MambaPro INFO:   MOE_DIVERSITY_LOSS_WEIGHT_END: 0.1
2025-12-12 14:03:17,269 MambaPro INFO:   MOE_DIVERSITY_LOSS_WEIGHT_START: 0.001
2025-12-12 14:03:17,269 MambaPro INFO:   MOE_GATE_LR_FACTOR: 0.01
2025-12-12 14:03:17,269 MambaPro INFO:   MOE_LOSS_WEIGHT_SCHEDULE_TYPE: cosine
2025-12-12 14:03:17,269 MambaPro INFO:   MOE_LOSS_WEIGHT_WARMUP_EPOCHS: 5
2025-12-12 14:03:17,269 MambaPro INFO:   MOE_SPARSITY_LOSS_WEIGHT: 0.0001
2025-12-12 14:03:17,269 MambaPro INFO:   MOE_USE_DYNAMIC_LOSS_WEIGHT: false
2025-12-12 14:03:17,269 MambaPro INFO:   MOMENTUM: 0.9
2025-12-12 14:03:17,269 MambaPro INFO:   OPTIMIZER_NAME: Adam
2025-12-12 14:03:17,269 MambaPro INFO:   RANGE_ALPHA: 0
2025-12-12 14:03:17,269 MambaPro INFO:   RANGE_BETA: 1
2025-12-12 14:03:17,269 MambaPro INFO:   RANGE_K: 2
2025-12-12 14:03:17,269 MambaPro INFO:   RANGE_LOSS_WEIGHT: 1
2025-12-12 14:03:17,269 MambaPro INFO:   RANGE_MARGIN: 0.3
2025-12-12 14:03:17,269 MambaPro INFO:   SEED: 42
2025-12-12 14:03:17,269 MambaPro INFO:   STEPS:
2025-12-12 14:03:17,269 MambaPro INFO:   - 30
2025-12-12 14:03:17,269 MambaPro INFO:   - 50
2025-12-12 14:03:17,269 MambaPro INFO:   WARMUP_FACTOR: 0.01
2025-12-12 14:03:17,269 MambaPro INFO:   WARMUP_ITERS: 20
2025-12-12 14:03:17,269 MambaPro INFO:   WARMUP_METHOD: linear
2025-12-12 14:03:17,269 MambaPro INFO:   WEIGHT_DECAY: 0.0005
2025-12-12 14:03:17,269 MambaPro INFO:   WEIGHT_DECAY_BIAS: 0.0005
2025-12-12 14:03:17,269 MambaPro INFO: TEST:
2025-12-12 14:03:17,269 MambaPro INFO:   FEAT: 0
2025-12-12 14:03:17,269 MambaPro INFO:   FEAT_NORM: 'yes'
2025-12-12 14:03:17,269 MambaPro INFO:   IMS_PER_BATCH: 64
2025-12-12 14:03:17,269 MambaPro INFO:   MISS: nothing
2025-12-12 14:03:17,269 MambaPro INFO:   NECK_FEAT: after
2025-12-12 14:03:17,269 MambaPro INFO:   RE_RANKING: 'no'
2025-12-12 14:03:17,269 MambaPro INFO:   WEIGHT: /home/zubuntu/workspace/yzy/MambaPro/pths/MambaProbest.pth
2025-12-12 14:03:17,269 MambaPro INFO: ================================================================================
2025-12-12 14:03:19,483 MambaPro.train INFO: start training
2025-12-12 14:03:39,870 MambaPro.train INFO: Epoch 1 done. Time per batch: 0.190[s] Speed: 168.1[samples/s]
2025-12-12 14:03:59,812 MambaPro.train INFO: Epoch 2 done. Time per batch: 0.186[s] Speed: 171.7[samples/s]
2025-12-12 14:04:19,849 MambaPro.train INFO: Epoch 3 done. Time per batch: 0.187[s] Speed: 170.9[samples/s]
2025-12-12 14:04:39,786 MambaPro.train INFO: Epoch 4 done. Time per batch: 0.186[s] Speed: 171.7[samples/s]
2025-12-12 14:04:59,765 MambaPro.train INFO: Epoch 5 done. Time per batch: 0.187[s] Speed: 171.4[samples/s]
2025-12-12 14:05:07,353 MambaPro.train INFO: Validation Results - Epoch: 5
2025-12-12 14:05:07,353 MambaPro.train INFO: Current mAP: 43.5%
2025-12-12 14:05:07,353 MambaPro.train INFO: CMC curve, Rank-1  :50.4%
2025-12-12 14:05:07,353 MambaPro.train INFO: CMC curve, Rank-5  :66.1%
2025-12-12 14:05:07,353 MambaPro.train INFO: CMC curve, Rank-10 :75.5%
2025-12-12 14:05:07,354 MambaPro.train INFO: 🎯 New Best! Saving model...
2025-12-12 14:05:07,764 MambaPro.train INFO: [Epoch 5] 指标集合列表（历史）
2025-12-12 14:05:07,764 MambaPro.train INFO: history_mAP:{43.5}
2025-12-12 14:05:07,764 MambaPro.train INFO: best_mAP:{43.5}
2025-12-12 14:05:07,764 MambaPro.train INFO: history_Rank-1:{50.4}
2025-12-12 14:05:07,764 MambaPro.train INFO: best_Rank-1:{50.4}
2025-12-12 14:05:07,764 MambaPro.train INFO: history_Rank-5:{66.1}
2025-12-12 14:05:07,764 MambaPro.train INFO: best_Rank-5:{66.1}
2025-12-12 14:05:07,764 MambaPro.train INFO: history_Rank-10:{75.5}
2025-12-12 14:05:07,764 MambaPro.train INFO: best_Rank-10:{75.5}
2025-12-12 14:05:07,764 MambaPro.train INFO: history_Experts:{[0.35 , 0.34 , 0.31]}
2025-12-12 14:05:07,764 MambaPro.train INFO: best_Experts:{[0.35 , 0.34 , 0.31]}
2025-12-12 14:05:07,764 MambaPro.train INFO: 🔥 MoE损失(Val): 平衡=0.0000, 稀疏性=0.9982, 多样性=2.6522, 总=0.0028 (权重: 平衡=0.001, 稀疏性=0.000, 多样性=0.001)
2025-12-12 14:05:07,764 MambaPro.train INFO:    📊 专家权重分布(Val): [0.35 , 0.34 , 0.31]
2025-12-12 14:05:27,903 MambaPro.train INFO: Epoch 6 done. Time per batch: 0.187[s] Speed: 171.2[samples/s]
2025-12-12 14:05:47,902 MambaPro.train INFO: Epoch 7 done. Time per batch: 0.187[s] Speed: 171.2[samples/s]
2025-12-12 14:06:07,903 MambaPro.train INFO: Epoch 8 done. Time per batch: 0.187[s] Speed: 171.2[samples/s]
2025-12-12 14:06:27,942 MambaPro.train INFO: Epoch 9 done. Time per batch: 0.187[s] Speed: 170.9[samples/s]
2025-12-12 14:06:47,977 MambaPro.train INFO: Epoch 10 done. Time per batch: 0.187[s] Speed: 170.9[samples/s]
2025-12-12 14:06:56,010 MambaPro.train INFO: Validation Results - Epoch: 10
2025-12-12 14:06:56,010 MambaPro.train INFO: Current mAP: 57.7%
2025-12-12 14:06:56,010 MambaPro.train INFO: CMC curve, Rank-1  :59.6%
2025-12-12 14:06:56,010 MambaPro.train INFO: CMC curve, Rank-5  :75.4%
2025-12-12 14:06:56,010 MambaPro.train INFO: CMC curve, Rank-10 :81.3%
2025-12-12 14:06:56,010 MambaPro.train INFO: 🎯 New Best! Saving model...
2025-12-12 14:06:56,809 MambaPro.train INFO: [Epoch 10] 指标集合列表（历史）
2025-12-12 14:06:56,809 MambaPro.train INFO: history_mAP:{43.5 , 57.7}
2025-12-12 14:06:56,809 MambaPro.train INFO: best_mAP:{57.7}
2025-12-12 14:06:56,809 MambaPro.train INFO: history_Rank-1:{50.4 , 59.6}
2025-12-12 14:06:56,809 MambaPro.train INFO: best_Rank-1:{59.6}
2025-12-12 14:06:56,809 MambaPro.train INFO: history_Rank-5:{66.1 , 75.4}
2025-12-12 14:06:56,809 MambaPro.train INFO: best_Rank-5:{75.4}
2025-12-12 14:06:56,810 MambaPro.train INFO: history_Rank-10:{75.5 , 81.3}
2025-12-12 14:06:56,810 MambaPro.train INFO: best_Rank-10:{81.3}
2025-12-12 14:06:56,810 MambaPro.train INFO: history_Experts:{[0.35 , 0.34 , 0.31] , [0.37 , 0.34 , 0.29]}
2025-12-12 14:06:56,810 MambaPro.train INFO: best_Experts:{[0.37 , 0.34 , 0.29]}
2025-12-12 14:06:56,810 MambaPro.train INFO: 🔥 MoE损失(Val): 平衡=0.0000, 稀疏性=0.9942, 多样性=2.6204, 总=0.0027 (权重: 平衡=0.001, 稀疏性=0.000, 多样性=0.001)
2025-12-12 14:06:56,810 MambaPro.train INFO:    📊 专家权重分布(Val): [0.37 , 0.34 , 0.29]
2025-12-12 14:07:16,741 MambaPro.train INFO: Epoch 11 done. Time per batch: 0.187[s] Speed: 171.3[samples/s]
2025-12-12 14:07:36,892 MambaPro.train INFO: Epoch 12 done. Time per batch: 0.188[s] Speed: 169.9[samples/s]
2025-12-12 14:07:57,050 MambaPro.train INFO: Epoch 13 done. Time per batch: 0.188[s] Speed: 169.9[samples/s]
2025-12-12 14:08:17,128 MambaPro.train INFO: Epoch 14 done. Time per batch: 0.188[s] Speed: 170.5[samples/s]
2025-12-12 14:08:37,257 MambaPro.train INFO: Epoch 15 done. Time per batch: 0.188[s] Speed: 170.1[samples/s]
2025-12-12 14:08:44,788 MambaPro.train INFO: Validation Results - Epoch: 15
2025-12-12 14:08:44,788 MambaPro.train INFO: Current mAP: 58.4%
2025-12-12 14:08:44,788 MambaPro.train INFO: CMC curve, Rank-1  :61.4%
2025-12-12 14:08:44,788 MambaPro.train INFO: CMC curve, Rank-5  :74.8%
2025-12-12 14:08:44,788 MambaPro.train INFO: CMC curve, Rank-10 :83.9%
2025-12-12 14:08:44,789 MambaPro.train INFO: 🎯 New Best! Saving model...
2025-12-12 14:08:45,615 MambaPro.train INFO: [Epoch 15] 指标集合列表（历史）
2025-12-12 14:08:45,616 MambaPro.train INFO: history_mAP:{43.5 , 57.7 , 58.4}
2025-12-12 14:08:45,616 MambaPro.train INFO: best_mAP:{58.4}
2025-12-12 14:08:45,616 MambaPro.train INFO: history_Rank-1:{50.4 , 59.6 , 61.4}
2025-12-12 14:08:45,616 MambaPro.train INFO: best_Rank-1:{61.4}
2025-12-12 14:08:45,616 MambaPro.train INFO: history_Rank-5:{66.1 , 75.4 , 74.8}
2025-12-12 14:08:45,616 MambaPro.train INFO: best_Rank-5:{75.4}
2025-12-12 14:08:45,616 MambaPro.train INFO: history_Rank-10:{75.5 , 81.3 , 83.9}
2025-12-12 14:08:45,616 MambaPro.train INFO: best_Rank-10:{83.9}
2025-12-12 14:08:45,616 MambaPro.train INFO: history_Experts:{[0.35 , 0.34 , 0.31] , [0.37 , 0.34 , 0.29] , [0.41 , 0.34 , 0.25]}
2025-12-12 14:08:45,616 MambaPro.train INFO: best_Experts:{[0.41 , 0.34 , 0.25]}
2025-12-12 14:08:45,616 MambaPro.train INFO: 🔥 MoE损失(Val): 平衡=0.0000, 稀疏性=0.9787, 多样性=2.5032, 总=0.0026 (权重: 平衡=0.001, 稀疏性=0.000, 多样性=0.001)
2025-12-12 14:08:45,616 MambaPro.train INFO:    📊 专家权重分布(Val): [0.41 , 0.34 , 0.25]
2025-12-12 14:09:05,872 MambaPro.train INFO: Epoch 16 done. Time per batch: 0.188[s] Speed: 170.3[samples/s]
2025-12-12 14:09:25,970 MambaPro.train INFO: Epoch 17 done. Time per batch: 0.188[s] Speed: 170.4[samples/s]
2025-12-12 14:09:45,898 MambaPro.train INFO: Epoch 18 done. Time per batch: 0.188[s] Speed: 170.2[samples/s]
2025-12-12 14:10:06,036 MambaPro.train INFO: Epoch 19 done. Time per batch: 0.188[s] Speed: 170.0[samples/s]
2025-12-12 14:10:26,201 MambaPro.train INFO: Epoch 20 done. Time per batch: 0.188[s] Speed: 169.8[samples/s]
2025-12-12 14:10:34,131 MambaPro.train INFO: Validation Results - Epoch: 20
2025-12-12 14:10:34,131 MambaPro.train INFO: Current mAP: 53.5%
2025-12-12 14:10:34,131 MambaPro.train INFO: CMC curve, Rank-1  :60.0%
2025-12-12 14:10:34,131 MambaPro.train INFO: CMC curve, Rank-5  :74.8%
2025-12-12 14:10:34,131 MambaPro.train INFO: CMC curve, Rank-10 :80.4%
2025-12-12 14:10:34,132 MambaPro.train INFO: [Epoch 20] 指标集合列表（历史）
2025-12-12 14:10:34,132 MambaPro.train INFO: history_mAP:{43.5 , 57.7 , 58.4 , 53.5}
2025-12-12 14:10:34,132 MambaPro.train INFO: best_mAP:{58.4}
2025-12-12 14:10:34,132 MambaPro.train INFO: history_Rank-1:{50.4 , 59.6 , 61.4 , 60.0}
2025-12-12 14:10:34,132 MambaPro.train INFO: best_Rank-1:{61.4}
2025-12-12 14:10:34,132 MambaPro.train INFO: history_Rank-5:{66.1 , 75.4 , 74.8}
2025-12-12 14:10:34,132 MambaPro.train INFO: best_Rank-5:{75.4}
2025-12-12 14:10:34,132 MambaPro.train INFO: history_Rank-10:{75.5 , 81.3 , 83.9 , 80.4}
2025-12-12 14:10:34,132 MambaPro.train INFO: best_Rank-10:{83.9}
2025-12-12 14:10:34,132 MambaPro.train INFO: history_Experts:{[0.35 , 0.34 , 0.31] , [0.37 , 0.34 , 0.29] , [0.41 , 0.34 , 0.25] , [0.66 , 0.21 , 0.13]}
2025-12-12 14:10:34,132 MambaPro.train INFO: best_Experts:{[0.41 , 0.34 , 0.25]}
2025-12-12 14:10:34,132 MambaPro.train INFO: 🔥 MoE损失(Val): 平衡=0.1876, 稀疏性=0.7550, 多样性=1.3514, 总=0.0016 (权重: 平衡=0.001, 稀疏性=0.000, 多样性=0.001)
2025-12-12 14:10:34,132 MambaPro.train INFO:    📊 专家权重分布(Val): [0.66 , 0.21 , 0.13]
2025-12-12 14:10:54,281 MambaPro.train INFO: Epoch 21 done. Time per batch: 0.189[s] Speed: 169.5[samples/s]
2025-12-12 14:11:14,352 MambaPro.train INFO: Epoch 22 done. Time per batch: 0.188[s] Speed: 170.6[samples/s]
2025-12-12 14:11:34,370 MambaPro.train INFO: Epoch 23 done. Time per batch: 0.187[s] Speed: 171.1[samples/s]
2025-12-12 14:11:54,449 MambaPro.train INFO: Epoch 24 done. Time per batch: 0.188[s] Speed: 170.5[samples/s]
2025-12-12 14:12:14,416 MambaPro.train INFO: Epoch 25 done. Time per batch: 0.188[s] Speed: 169.9[samples/s]
2025-12-12 14:12:21,954 MambaPro.train INFO: Validation Results - Epoch: 25
2025-12-12 14:12:21,954 MambaPro.train INFO: Current mAP: 76.2%
2025-12-12 14:12:21,954 MambaPro.train INFO: CMC curve, Rank-1  :80.7%
2025-12-12 14:12:21,954 MambaPro.train INFO: CMC curve, Rank-5  :90.0%
2025-12-12 14:12:21,954 MambaPro.train INFO: CMC curve, Rank-10 :93.3%
2025-12-12 14:12:21,955 MambaPro.train INFO: 🎯 New Best! Saving model...
2025-12-12 14:12:22,746 MambaPro.train INFO: [Epoch 25] 指标集合列表（历史）
2025-12-12 14:12:22,746 MambaPro.train INFO: history_mAP:{43.5 , 57.7 , 58.4 , 53.5 , 76.2}
2025-12-12 14:12:22,746 MambaPro.train INFO: best_mAP:{76.2}
2025-12-12 14:12:22,746 MambaPro.train INFO: history_Rank-1:{50.4 , 59.6 , 61.4 , 60.0 , 80.7}
2025-12-12 14:12:22,747 MambaPro.train INFO: best_Rank-1:{80.7}
2025-12-12 14:12:22,747 MambaPro.train INFO: history_Rank-5:{66.1 , 75.4 , 74.8 , 90.0}
2025-12-12 14:12:22,747 MambaPro.train INFO: best_Rank-5:{90.0}
2025-12-12 14:12:22,747 MambaPro.train INFO: history_Rank-10:{75.5 , 81.3 , 83.9 , 80.4 , 93.3}
2025-12-12 14:12:22,747 MambaPro.train INFO: best_Rank-10:{93.3}
2025-12-12 14:12:22,747 MambaPro.train INFO: history_Experts:{[0.35 , 0.34 , 0.31] , [0.37 , 0.34 , 0.29] , [0.41 , 0.34 , 0.25] , [0.66 , 0.21 , 0.13] , [0.83 , 0.10 , 0.07]}
2025-12-12 14:12:22,747 MambaPro.train INFO: best_Experts:{[0.83 , 0.10 , 0.07]}
2025-12-12 14:12:22,747 MambaPro.train INFO: 🔥 MoE损失(Val): 平衡=0.6004, 稀疏性=0.4477, 多样性=0.5673, 总=0.0012 (权重: 平衡=0.001, 稀疏性=0.000, 多样性=0.001)
2025-12-12 14:12:22,747 MambaPro.train INFO:    📊 专家权重分布(Val): [0.83 , 0.10 , 0.07]
2025-12-12 14:12:43,023 MambaPro.train INFO: Epoch 26 done. Time per batch: 0.188[s] Speed: 170.0[samples/s]
2025-12-12 14:13:03,153 MambaPro.train INFO: Epoch 27 done. Time per batch: 0.188[s] Speed: 170.1[samples/s]
2025-12-12 14:13:23,269 MambaPro.train INFO: Epoch 28 done. Time per batch: 0.188[s] Speed: 170.2[samples/s]
2025-12-12 14:13:43,379 MambaPro.train INFO: Epoch 29 done. Time per batch: 0.188[s] Speed: 170.3[samples/s]
2025-12-12 14:14:03,508 MambaPro.train INFO: Epoch 30 done. Time per batch: 0.188[s] Speed: 170.1[samples/s]
2025-12-12 14:14:11,499 MambaPro.train INFO: Validation Results - Epoch: 30
2025-12-12 14:14:11,499 MambaPro.train INFO: Current mAP: 78.0%
2025-12-12 14:14:11,499 MambaPro.train INFO: CMC curve, Rank-1  :81.9%
2025-12-12 14:14:11,499 MambaPro.train INFO: CMC curve, Rank-5  :89.8%
2025-12-12 14:14:11,499 MambaPro.train INFO: CMC curve, Rank-10 :93.2%
2025-12-12 14:14:11,500 MambaPro.train INFO: 🎯 New Best! Saving model...
2025-12-12 14:14:12,327 MambaPro.train INFO: [Epoch 30] 指标集合列表（历史）
2025-12-12 14:14:12,328 MambaPro.train INFO: history_mAP:{43.5 , 57.7 , 58.4 , 53.5 , 76.2 , 78.0}
2025-12-12 14:14:12,328 MambaPro.train INFO: best_mAP:{78.0}
2025-12-12 14:14:12,328 MambaPro.train INFO: history_Rank-1:{50.4 , 59.6 , 61.4 , 60.0 , 80.7 , 81.9}
2025-12-12 14:14:12,328 MambaPro.train INFO: best_Rank-1:{81.9}
2025-12-12 14:14:12,328 MambaPro.train INFO: history_Rank-5:{66.1 , 75.4 , 74.8 , 90.0 , 89.8}
2025-12-12 14:14:12,328 MambaPro.train INFO: best_Rank-5:{90.0}
2025-12-12 14:14:12,328 MambaPro.train INFO: history_Rank-10:{75.5 , 81.3 , 83.9 , 80.4 , 93.3 , 93.2}
2025-12-12 14:14:12,328 MambaPro.train INFO: best_Rank-10:{93.3}
2025-12-12 14:14:12,328 MambaPro.train INFO: history_Experts:{[0.35 , 0.34 , 0.31] , [0.37 , 0.34 , 0.29] , [0.41 , 0.34 , 0.25] , [0.66 , 0.21 , 0.13] , [0.83 , 0.10 , 0.07] , [0.88 , 0.07 , 0.05]}
2025-12-12 14:14:12,328 MambaPro.train INFO: best_Experts:{[0.88 , 0.07 , 0.05]}
2025-12-12 14:14:12,328 MambaPro.train INFO: 🔥 MoE损失(Val): 平衡=0.7942, 稀疏性=0.3175, 多样性=0.3580, 总=0.0012 (权重: 平衡=0.001, 稀疏性=0.000, 多样性=0.001)
2025-12-12 14:14:12,328 MambaPro.train INFO:    📊 专家权重分布(Val): [0.88 , 0.07 , 0.05]
2025-12-12 14:14:32,704 MambaPro.train INFO: Epoch 31 done. Time per batch: 0.189[s] Speed: 169.2[samples/s]
2025-12-12 14:14:52,596 MambaPro.train INFO: Epoch 32 done. Time per batch: 0.188[s] Speed: 170.5[samples/s]
2025-12-12 14:15:12,700 MambaPro.train INFO: Epoch 33 done. Time per batch: 0.188[s] Speed: 170.3[samples/s]
2025-12-12 14:15:32,622 MambaPro.train INFO: Epoch 34 done. Time per batch: 0.188[s] Speed: 170.3[samples/s]
2025-12-12 14:15:52,798 MambaPro.train INFO: Epoch 35 done. Time per batch: 0.189[s] Speed: 169.7[samples/s]
2025-12-12 14:16:00,333 MambaPro.train INFO: Validation Results - Epoch: 35
2025-12-12 14:16:00,334 MambaPro.train INFO: Current mAP: 77.6%
2025-12-12 14:16:00,334 MambaPro.train INFO: CMC curve, Rank-1  :81.8%
2025-12-12 14:16:00,334 MambaPro.train INFO: CMC curve, Rank-5  :88.3%
2025-12-12 14:16:00,334 MambaPro.train INFO: CMC curve, Rank-10 :92.2%
2025-12-12 14:16:00,334 MambaPro.train INFO: [Epoch 35] 指标集合列表（历史）
2025-12-12 14:16:00,334 MambaPro.train INFO: history_mAP:{43.5 , 57.7 , 58.4 , 53.5 , 76.2 , 78.0 , 77.6}
2025-12-12 14:16:00,334 MambaPro.train INFO: best_mAP:{78.0}
2025-12-12 14:16:00,334 MambaPro.train INFO: history_Rank-1:{50.4 , 59.6 , 61.4 , 60.0 , 80.7 , 81.9 , 81.8}
2025-12-12 14:16:00,334 MambaPro.train INFO: best_Rank-1:{81.9}
2025-12-12 14:16:00,335 MambaPro.train INFO: history_Rank-5:{66.1 , 75.4 , 74.8 , 90.0 , 89.8 , 88.3}
2025-12-12 14:16:00,335 MambaPro.train INFO: best_Rank-5:{90.0}
2025-12-12 14:16:00,335 MambaPro.train INFO: history_Rank-10:{75.5 , 81.3 , 83.9 , 80.4 , 93.3 , 93.2 , 92.2}
2025-12-12 14:16:00,335 MambaPro.train INFO: best_Rank-10:{93.3}
2025-12-12 14:16:00,335 MambaPro.train INFO: history_Experts:{[0.35 , 0.34 , 0.31] , [0.37 , 0.34 , 0.29] , [0.41 , 0.34 , 0.25] , [0.66 , 0.21 , 0.13] , [0.83 , 0.10 , 0.07] , [0.88 , 0.07 , 0.05] , [0.91 , 0.05 , 0.04]}
2025-12-12 14:16:00,335 MambaPro.train INFO: best_Experts:{[0.88 , 0.07 , 0.05]}
2025-12-12 14:16:00,335 MambaPro.train INFO: 🔥 MoE损失(Val): 平衡=0.9050, 稀疏性=0.2450, 多样性=0.2603, 总=0.0012 (权重: 平衡=0.001, 稀疏性=0.000, 多样性=0.001)
2025-12-12 14:16:00,335 MambaPro.train INFO:    📊 专家权重分布(Val): [0.91 , 0.05 , 0.04]
2025-12-12 14:16:20,601 MambaPro.train INFO: Epoch 36 done. Time per batch: 0.188[s] Speed: 170.1[samples/s]
2025-12-12 14:16:40,702 MambaPro.train INFO: Epoch 37 done. Time per batch: 0.188[s] Speed: 170.3[samples/s]
2025-12-12 14:17:00,692 MambaPro.train INFO: Epoch 38 done. Time per batch: 0.189[s] Speed: 169.7[samples/s]
2025-12-12 14:17:20,866 MambaPro.train INFO: Epoch 39 done. Time per batch: 0.189[s] Speed: 169.7[samples/s]
2025-12-12 14:17:40,816 MambaPro.train INFO: Epoch 40 done. Time per batch: 0.188[s] Speed: 170.0[samples/s]
2025-12-12 14:17:48,782 MambaPro.train INFO: Validation Results - Epoch: 40
2025-12-12 14:17:48,782 MambaPro.train INFO: Current mAP: 76.1%
2025-12-12 14:17:48,782 MambaPro.train INFO: CMC curve, Rank-1  :80.6%
2025-12-12 14:17:48,783 MambaPro.train INFO: CMC curve, Rank-5  :88.4%
2025-12-12 14:17:48,783 MambaPro.train INFO: CMC curve, Rank-10 :91.9%
2025-12-12 14:17:48,783 MambaPro.train INFO: [Epoch 40] 指标集合列表（历史）
2025-12-12 14:17:48,783 MambaPro.train INFO: history_mAP:{43.5 , 57.7 , 58.4 , 53.5 , 76.2 , 78.0 , 77.6 , 76.1}
2025-12-12 14:17:48,783 MambaPro.train INFO: best_mAP:{78.0}
2025-12-12 14:17:48,783 MambaPro.train INFO: history_Rank-1:{50.4 , 59.6 , 61.4 , 60.0 , 80.7 , 81.9 , 81.8 , 80.6}
2025-12-12 14:17:48,783 MambaPro.train INFO: best_Rank-1:{81.9}
2025-12-12 14:17:48,783 MambaPro.train INFO: history_Rank-5:{66.1 , 75.4 , 74.8 , 90.0 , 89.8 , 88.3 , 88.4}
2025-12-12 14:17:48,783 MambaPro.train INFO: best_Rank-5:{90.0}
2025-12-12 14:17:48,783 MambaPro.train INFO: history_Rank-10:{75.5 , 81.3 , 83.9 , 80.4 , 93.3 , 93.2 , 92.2 , 91.9}
2025-12-12 14:17:48,783 MambaPro.train INFO: best_Rank-10:{93.3}
2025-12-12 14:17:48,783 MambaPro.train INFO: history_Experts:{[0.35 , 0.34 , 0.31] , [0.37 , 0.34 , 0.29] , [0.41 , 0.34 , 0.25] , [0.66 , 0.21 , 0.13] , [0.83 , 0.10 , 0.07] , [0.88 , 0.07 , 0.05] , [0.91 , 0.05 , 0.04] , [0.93 , 0.04 , 0.03]}
2025-12-12 14:17:48,783 MambaPro.train INFO: best_Experts:{[0.88 , 0.07 , 0.05]}
2025-12-12 14:17:48,783 MambaPro.train INFO: 🔥 MoE损失(Val): 平衡=0.9694, 稀疏性=0.2033, 多样性=0.2090, 总=0.0012 (权重: 平衡=0.001, 稀疏性=0.000, 多样性=0.001)
2025-12-12 14:17:48,783 MambaPro.train INFO:    📊 专家权重分布(Val): [0.93 , 0.04 , 0.03]
2025-12-12 14:18:09,207 MambaPro.train INFO: Epoch 41 done. Time per batch: 0.190[s] Speed: 168.8[samples/s]
2025-12-12 14:18:29,366 MambaPro.train INFO: Epoch 42 done. Time per batch: 0.188[s] Speed: 169.8[samples/s]
2025-12-12 14:18:49,409 MambaPro.train INFO: Epoch 43 done. Time per batch: 0.187[s] Speed: 170.8[samples/s]
2025-12-12 14:19:09,590 MambaPro.train INFO: Epoch 44 done. Time per batch: 0.189[s] Speed: 169.7[samples/s]
2025-12-12 14:19:29,687 MambaPro.train INFO: Epoch 45 done. Time per batch: 0.188[s] Speed: 170.4[samples/s]
2025-12-12 14:19:37,249 MambaPro.train INFO: Validation Results - Epoch: 45
2025-12-12 14:19:37,249 MambaPro.train INFO: Current mAP: 77.1%
2025-12-12 14:19:37,249 MambaPro.train INFO: CMC curve, Rank-1  :82.2%
2025-12-12 14:19:37,249 MambaPro.train INFO: CMC curve, Rank-5  :89.5%
2025-12-12 14:19:37,249 MambaPro.train INFO: CMC curve, Rank-10 :92.2%
2025-12-12 14:19:37,250 MambaPro.train INFO: [Epoch 45] 指标集合列表（历史）
2025-12-12 14:19:37,250 MambaPro.train INFO: history_mAP:{43.5 , 57.7 , 58.4 , 53.5 , 76.2 , 78.0 , 77.6 , 76.1 , 77.1}
2025-12-12 14:19:37,250 MambaPro.train INFO: best_mAP:{78.0}
2025-12-12 14:19:37,250 MambaPro.train INFO: history_Rank-1:{50.4 , 59.6 , 61.4 , 60.0 , 80.7 , 81.9 , 81.8 , 80.6 , 82.2}
2025-12-12 14:19:37,250 MambaPro.train INFO: best_Rank-1:{81.9}
2025-12-12 14:19:37,250 MambaPro.train INFO: history_Rank-5:{66.1 , 75.4 , 74.8 , 90.0 , 89.8 , 88.3 , 88.4 , 89.5}
2025-12-12 14:19:37,250 MambaPro.train INFO: best_Rank-5:{90.0}
2025-12-12 14:19:37,250 MambaPro.train INFO: history_Rank-10:{75.5 , 81.3 , 83.9 , 80.4 , 93.3 , 93.2 , 92.2 , 91.9}
2025-12-12 14:19:37,250 MambaPro.train INFO: best_Rank-10:{93.3}
2025-12-12 14:19:37,250 MambaPro.train INFO: history_Experts:{[0.35 , 0.34 , 0.31] , [0.37 , 0.34 , 0.29] , [0.41 , 0.34 , 0.25] , [0.66 , 0.21 , 0.13] , [0.83 , 0.10 , 0.07] , [0.88 , 0.07 , 0.05] , [0.91 , 0.05 , 0.04] , [0.93 , 0.04 , 0.03] , [0.94 , 0.03 , 0.03]}
2025-12-12 14:19:37,250 MambaPro.train INFO: best_Experts:{[0.88 , 0.07 , 0.05]}
2025-12-12 14:19:37,250 MambaPro.train INFO: 🔥 MoE损失(Val): 平衡=1.0107, 稀疏性=0.1767, 多样性=0.1780, 总=0.0012 (权重: 平衡=0.001, 稀疏性=0.000, 多样性=0.001)
2025-12-12 14:19:37,250 MambaPro.train INFO:    📊 专家权重分布(Val): [0.94 , 0.03 , 0.03]
2025-12-12 14:19:57,521 MambaPro.train INFO: Epoch 46 done. Time per batch: 0.188[s] Speed: 170.1[samples/s]
2025-12-12 14:20:17,692 MambaPro.train INFO: Epoch 47 done. Time per batch: 0.189[s] Speed: 169.7[samples/s]
2025-12-12 14:20:37,713 MambaPro.train INFO: Epoch 48 done. Time per batch: 0.189[s] Speed: 169.4[samples/s]
2025-12-12 14:20:57,833 MambaPro.train INFO: Epoch 49 done. Time per batch: 0.188[s] Speed: 170.2[samples/s]
2025-12-12 14:21:17,950 MambaPro.train INFO: Epoch 50 done. Time per batch: 0.188[s] Speed: 170.2[samples/s]
2025-12-12 14:21:25,947 MambaPro.train INFO: Validation Results - Epoch: 50
2025-12-12 14:21:25,947 MambaPro.train INFO: Current mAP: 75.3%
2025-12-12 14:21:25,947 MambaPro.train INFO: CMC curve, Rank-1  :79.8%
2025-12-12 14:21:25,947 MambaPro.train INFO: CMC curve, Rank-5  :86.7%
2025-12-12 14:21:25,947 MambaPro.train INFO: CMC curve, Rank-10 :90.9%
2025-12-12 14:21:25,948 MambaPro.train INFO: [Epoch 50] 指标集合列表（历史）
2025-12-12 14:21:25,948 MambaPro.train INFO: history_mAP:{43.5 , 57.7 , 58.4 , 53.5 , 76.2 , 78.0 , 77.6 , 76.1 , 77.1 , 75.3}
2025-12-12 14:21:25,948 MambaPro.train INFO: best_mAP:{78.0}
2025-12-12 14:21:25,948 MambaPro.train INFO: history_Rank-1:{50.4 , 59.6 , 61.4 , 60.0 , 80.7 , 81.9 , 81.8 , 80.6 , 82.2 , 79.8}
2025-12-12 14:21:25,948 MambaPro.train INFO: best_Rank-1:{81.9}
2025-12-12 14:21:25,948 MambaPro.train INFO: history_Rank-5:{66.1 , 75.4 , 74.8 , 90.0 , 89.8 , 88.3 , 88.4 , 89.5 , 86.7}
2025-12-12 14:21:25,948 MambaPro.train INFO: best_Rank-5:{90.0}
2025-12-12 14:21:25,948 MambaPro.train INFO: history_Rank-10:{75.5 , 81.3 , 83.9 , 80.4 , 93.3 , 93.2 , 92.2 , 91.9 , 90.9}
2025-12-12 14:21:25,948 MambaPro.train INFO: best_Rank-10:{93.3}
2025-12-12 14:21:25,948 MambaPro.train INFO: history_Experts:{[0.35 , 0.34 , 0.31] , [0.37 , 0.34 , 0.29] , [0.41 , 0.34 , 0.25] , [0.66 , 0.21 , 0.13] , [0.83 , 0.10 , 0.07] , [0.88 , 0.07 , 0.05] , [0.91 , 0.05 , 0.04] , [0.93 , 0.04 , 0.03] , [0.94 , 0.03 , 0.03] , [0.94 , 0.03 , 0.02]}
2025-12-12 14:21:25,948 MambaPro.train INFO: best_Experts:{[0.88 , 0.07 , 0.05]}
2025-12-12 14:21:25,948 MambaPro.train INFO: 🔥 MoE损失(Val): 平衡=1.0390, 稀疏性=0.1586, 多样性=0.1577, 总=0.0012 (权重: 平衡=0.001, 稀疏性=0.000, 多样性=0.001)
2025-12-12 14:21:25,948 MambaPro.train INFO:    📊 专家权重分布(Val): [0.94 , 0.03 , 0.02]
2025-12-12 14:21:46,108 MambaPro.train INFO: Epoch 51 done. Time per batch: 0.189[s] Speed: 169.4[samples/s]
2025-12-12 14:22:06,171 MambaPro.train INFO: Epoch 52 done. Time per batch: 0.189[s] Speed: 169.1[samples/s]
2025-12-12 14:22:26,334 MambaPro.train INFO: Epoch 53 done. Time per batch: 0.188[s] Speed: 169.8[samples/s]
2025-12-12 14:22:46,549 MambaPro.train INFO: Epoch 54 done. Time per batch: 0.189[s] Speed: 169.4[samples/s]
2025-12-12 14:23:06,687 MambaPro.train INFO: Epoch 55 done. Time per batch: 0.188[s] Speed: 170.0[samples/s]
2025-12-12 14:23:14,276 MambaPro.train INFO: Validation Results - Epoch: 55
2025-12-12 14:23:14,276 MambaPro.train INFO: Current mAP: 76.5%
2025-12-12 14:23:14,276 MambaPro.train INFO: CMC curve, Rank-1  :81.6%
2025-12-12 14:23:14,276 MambaPro.train INFO: CMC curve, Rank-5  :89.0%
2025-12-12 14:23:14,276 MambaPro.train INFO: CMC curve, Rank-10 :92.0%
2025-12-12 14:23:14,277 MambaPro.train INFO: [Epoch 55] 指标集合列表（历史）
2025-12-12 14:23:14,277 MambaPro.train INFO: history_mAP:{43.5 , 57.7 , 58.4 , 53.5 , 76.2 , 78.0 , 77.6 , 76.1 , 77.1 , 75.3 , 76.5}
2025-12-12 14:23:14,277 MambaPro.train INFO: best_mAP:{78.0}
2025-12-12 14:23:14,277 MambaPro.train INFO: history_Rank-1:{50.4 , 59.6 , 61.4 , 60.0 , 80.7 , 81.9 , 81.8 , 80.6 , 82.2 , 79.8 , 81.6}
2025-12-12 14:23:14,277 MambaPro.train INFO: best_Rank-1:{81.9}
2025-12-12 14:23:14,277 MambaPro.train INFO: history_Rank-5:{66.1 , 75.4 , 74.8 , 90.0 , 89.8 , 88.3 , 88.4 , 89.5 , 86.7 , 89.0}
2025-12-12 14:23:14,277 MambaPro.train INFO: best_Rank-5:{90.0}
2025-12-12 14:23:14,277 MambaPro.train INFO: history_Rank-10:{75.5 , 81.3 , 83.9 , 80.4 , 93.3 , 93.2 , 92.2 , 91.9 , 90.9 , 92.0}
2025-12-12 14:23:14,277 MambaPro.train INFO: best_Rank-10:{93.3}
2025-12-12 14:23:14,277 MambaPro.train INFO: history_Experts:{[0.35 , 0.34 , 0.31] , [0.37 , 0.34 , 0.29] , [0.41 , 0.34 , 0.25] , [0.66 , 0.21 , 0.13] , [0.83 , 0.10 , 0.07] , [0.88 , 0.07 , 0.05] , [0.91 , 0.05 , 0.04] , [0.93 , 0.04 , 0.03] , [0.94 , 0.03 , 0.03] , [0.94 , 0.03 , 0.02] , [0.95 , 0.03 , 0.02]}
2025-12-12 14:23:14,277 MambaPro.train INFO: best_Experts:{[0.88 , 0.07 , 0.05]}
2025-12-12 14:23:14,277 MambaPro.train INFO: 🔥 MoE损失(Val): 平衡=1.0607, 稀疏性=0.1447, 多样性=0.1424, 总=0.0012 (权重: 平衡=0.001, 稀疏性=0.000, 多样性=0.001)
2025-12-12 14:23:14,277 MambaPro.train INFO:    📊 专家权重分布(Val): [0.95 , 0.03 , 0.02]
2025-12-12 14:23:34,413 MambaPro.train INFO: Epoch 56 done. Time per batch: 0.189[s] Speed: 169.6[samples/s]
2025-12-12 14:23:54,598 MambaPro.train INFO: Epoch 57 done. Time per batch: 0.189[s] Speed: 169.6[samples/s]
2025-12-12 14:24:14,789 MambaPro.train INFO: Epoch 58 done. Time per batch: 0.189[s] Speed: 169.6[samples/s]
2025-12-12 14:24:34,804 MambaPro.train INFO: Epoch 59 done. Time per batch: 0.189[s] Speed: 169.5[samples/s]
2025-12-12 14:24:55,031 MambaPro.train INFO: Epoch 60 done. Time per batch: 0.189[s] Speed: 169.3[samples/s]
2025-12-12 14:25:03,081 MambaPro.train INFO: Validation Results - Epoch: 60
2025-12-12 14:25:03,081 MambaPro.train INFO: Current mAP: 76.4%
2025-12-12 14:25:03,081 MambaPro.train INFO: CMC curve, Rank-1  :82.1%
2025-12-12 14:25:03,081 MambaPro.train INFO: CMC curve, Rank-5  :88.5%
2025-12-12 14:25:03,081 MambaPro.train INFO: CMC curve, Rank-10 :91.9%
2025-12-12 14:25:03,081 MambaPro.train INFO: [Epoch 60] 指标集合列表（历史）
2025-12-12 14:25:03,081 MambaPro.train INFO: history_mAP:{43.5 , 57.7 , 58.4 , 53.5 , 76.2 , 78.0 , 77.6 , 76.1 , 77.1 , 75.3 , 76.5 , 76.4}
2025-12-12 14:25:03,082 MambaPro.train INFO: best_mAP:{78.0}
2025-12-12 14:25:03,082 MambaPro.train INFO: history_Rank-1:{50.4 , 59.6 , 61.4 , 60.0 , 80.7 , 81.9 , 81.8 , 80.6 , 82.2 , 79.8 , 81.6 , 82.1}
2025-12-12 14:25:03,082 MambaPro.train INFO: best_Rank-1:{81.9}
2025-12-12 14:25:03,082 MambaPro.train INFO: history_Rank-5:{66.1 , 75.4 , 74.8 , 90.0 , 89.8 , 88.3 , 88.4 , 89.5 , 86.7 , 89.0 , 88.5}
2025-12-12 14:25:03,082 MambaPro.train INFO: best_Rank-5:{90.0}
2025-12-12 14:25:03,082 MambaPro.train INFO: history_Rank-10:{75.5 , 81.3 , 83.9 , 80.4 , 93.3 , 93.2 , 92.2 , 91.9 , 90.9 , 92.0}
2025-12-12 14:25:03,082 MambaPro.train INFO: best_Rank-10:{93.3}
2025-12-12 14:25:03,082 MambaPro.train INFO: history_Experts:{[0.35 , 0.34 , 0.31] , [0.37 , 0.34 , 0.29] , [0.41 , 0.34 , 0.25] , [0.66 , 0.21 , 0.13] , [0.83 , 0.10 , 0.07] , [0.88 , 0.07 , 0.05] , [0.91 , 0.05 , 0.04] , [0.93 , 0.04 , 0.03] , [0.94 , 0.03 , 0.03] , [0.94 , 0.03 , 0.02] , [0.95 , 0.03 , 0.02] , [0.95 , 0.03 , 0.02]}
2025-12-12 14:25:03,082 MambaPro.train INFO: best_Experts:{[0.88 , 0.07 , 0.05]}
2025-12-12 14:25:03,082 MambaPro.train INFO: 🔥 MoE损失(Val): 平衡=1.0782, 稀疏性=0.1336, 多样性=0.1304, 总=0.0012 (权重: 平衡=0.001, 稀疏性=0.000, 多样性=0.001)
2025-12-12 14:25:03,082 MambaPro.train INFO:    📊 专家权重分布(Val): [0.95 , 0.03 , 0.02]
2025-12-12 14:25:03,218 MambaPro.train INFO: ============================================================
