2025-12-21 22:38:02,973 MambaPro INFO: 🔥 窗口配置：4x4+8x8+16x16 ([4, 8, 16]), MoE专家数量：3
2025-12-21 22:38:02,973 MambaPro INFO: ================================================================================
2025-12-21 22:38:02,973 MambaPro INFO: 🧾 实验参数快照（命令行 + 最终配置）
2025-12-21 22:38:02,974 MambaPro INFO: ================================================================================
2025-12-21 22:38:02,974 MambaPro INFO: 【复现实验命令】
2025-12-21 22:38:02,974 MambaPro INFO: /home/zhanghaoyang/.conda/envs/MambaPro/bin/python train_net.py --config_file configs/RGBNT201/20251013_experiment_config.yml --use_moe MODEL.USE_CLIP_MULTI_SCALE True MODEL.CLIP_MULTI_SCALE_SCALES [4,8,16] MODEL.MOE_USE_FIXED_WEIGHTS True MODEL.MOE_FIXED_WEIGHTS [0.33,0.33,0.34] OUTPUT_DIR outputs/ablation/multiscale_fixed_weights_20251221_223801
2025-12-21 22:38:02,974 MambaPro INFO: 【命令行参数（args）】
2025-12-21 22:38:02,974 MambaPro INFO: {
2025-12-21 22:38:02,974 MambaPro INFO:   "config_file": "configs/RGBNT201/20251013_experiment_config.yml",
2025-12-21 22:38:02,974 MambaPro INFO:   "fea_cft": 0,
2025-12-21 22:38:02,974 MambaPro INFO:   "opts": [
2025-12-21 22:38:02,974 MambaPro INFO:     "MODEL.USE_CLIP_MULTI_SCALE",
2025-12-21 22:38:02,974 MambaPro INFO:     "True",
2025-12-21 22:38:02,974 MambaPro INFO:     "MODEL.CLIP_MULTI_SCALE_SCALES",
2025-12-21 22:38:02,974 MambaPro INFO:     "[4,8,16]",
2025-12-21 22:38:02,974 MambaPro INFO:     "MODEL.MOE_USE_FIXED_WEIGHTS",
2025-12-21 22:38:02,974 MambaPro INFO:     "True",
2025-12-21 22:38:02,974 MambaPro INFO:     "MODEL.MOE_FIXED_WEIGHTS",
2025-12-21 22:38:02,974 MambaPro INFO:     "[0.33,0.33,0.34]",
2025-12-21 22:38:02,974 MambaPro INFO:     "OUTPUT_DIR",
2025-12-21 22:38:02,974 MambaPro INFO:     "outputs/ablation/multiscale_fixed_weights_20251221_223801"
2025-12-21 22:38:02,974 MambaPro INFO:   ],
2025-12-21 22:38:02,974 MambaPro INFO:   "local_rank": 0,
2025-12-21 22:38:02,974 MambaPro INFO:   "use_multi_scale": false,
2025-12-21 22:38:02,974 MambaPro INFO:   "no_multi_scale": false,
2025-12-21 22:38:02,974 MambaPro INFO:   "use_moe": true,
2025-12-21 22:38:02,974 MambaPro INFO:   "disable_moe": false,
2025-12-21 22:38:02,974 MambaPro INFO:   "no_moe": false,
2025-12-21 22:38:02,974 MambaPro INFO:   "use_attention": false,
2025-12-21 22:38:02,974 MambaPro INFO:   "disable_attention": false,
2025-12-21 22:38:02,974 MambaPro INFO:   "attention_heads": 8,
2025-12-21 22:38:02,974 MambaPro INFO:   "attention_dropout": 0.1,
2025-12-21 22:38:02,974 MambaPro INFO:   "resume": ""
2025-12-21 22:38:02,974 MambaPro INFO: }
2025-12-21 22:38:02,974 MambaPro INFO: 【工作目录】/home/zhanghaoyang/Desktop/yzy/AboutReid
2025-12-21 22:38:02,974 MambaPro INFO: 【最终配置（YAML）】
2025-12-21 22:38:02,976 MambaPro INFO: DATALOADER:
2025-12-21 22:38:02,976 MambaPro INFO:   NUM_INSTANCE: 8
2025-12-21 22:38:02,976 MambaPro INFO:   NUM_WORKERS: 8
2025-12-21 22:38:02,976 MambaPro INFO:   SAMPLER: softmax_triplet
2025-12-21 22:38:02,976 MambaPro INFO: DATASETS:
2025-12-21 22:38:02,977 MambaPro INFO:   NAMES: RGBNT201
2025-12-21 22:38:02,977 MambaPro INFO:   ROOT_DIR: data/datasets
2025-12-21 22:38:02,977 MambaPro INFO: INPUT:
2025-12-21 22:38:02,977 MambaPro INFO:   PADDING: 10
2025-12-21 22:38:02,977 MambaPro INFO:   PIXEL_MEAN:
2025-12-21 22:38:02,977 MambaPro INFO:   - 0.5
2025-12-21 22:38:02,977 MambaPro INFO:   - 0.5
2025-12-21 22:38:02,977 MambaPro INFO:   - 0.5
2025-12-21 22:38:02,977 MambaPro INFO:   PIXEL_STD:
2025-12-21 22:38:02,977 MambaPro INFO:   - 0.5
2025-12-21 22:38:02,977 MambaPro INFO:   - 0.5
2025-12-21 22:38:02,977 MambaPro INFO:   - 0.5
2025-12-21 22:38:02,977 MambaPro INFO:   PROB: 0.5
2025-12-21 22:38:02,977 MambaPro INFO:   RE_PROB: 0.5
2025-12-21 22:38:02,977 MambaPro INFO:   SIZE_TEST:
2025-12-21 22:38:02,977 MambaPro INFO:   - 256
2025-12-21 22:38:02,977 MambaPro INFO:   - 128
2025-12-21 22:38:02,977 MambaPro INFO:   SIZE_TRAIN:
2025-12-21 22:38:02,977 MambaPro INFO:   - 256
2025-12-21 22:38:02,977 MambaPro INFO:   - 128
2025-12-21 22:38:02,977 MambaPro INFO: MODEL:
2025-12-21 22:38:02,977 MambaPro INFO:   ADAPTER: true
2025-12-21 22:38:02,977 MambaPro INFO:   ATTENTION_DIM: 512
2025-12-21 22:38:02,977 MambaPro INFO:   ATTENTION_DROPOUT: 0.1
2025-12-21 22:38:02,977 MambaPro INFO:   ATTENTION_NUM_HEADS: 8
2025-12-21 22:38:02,977 MambaPro INFO:   ATT_DROP_RATE: 0.0
2025-12-21 22:38:02,977 MambaPro INFO:   CLIP_MULTI_SCALE_SCALES:
2025-12-21 22:38:02,977 MambaPro INFO:   - 4
2025-12-21 22:38:02,977 MambaPro INFO:   - 8
2025-12-21 22:38:02,977 MambaPro INFO:   - 16
2025-12-21 22:38:02,977 MambaPro INFO:   DEVICE: cuda
2025-12-21 22:38:02,977 MambaPro INFO:   DEVICE_ID: '0'
2025-12-21 22:38:02,977 MambaPro INFO:   DIRECT: 1
2025-12-21 22:38:02,977 MambaPro INFO:   DIST_TRAIN: false
2025-12-21 22:38:02,977 MambaPro INFO:   DROP_OUT: 0.0
2025-12-21 22:38:02,977 MambaPro INFO:   DROP_PATH: 0.1
2025-12-21 22:38:02,977 MambaPro INFO:   FLOPS_TEST: false
2025-12-21 22:38:02,977 MambaPro INFO:   FROZEN: true
2025-12-21 22:38:02,977 MambaPro INFO:   GATE_DROPOUT: 0.1
2025-12-21 22:38:02,977 MambaPro INFO:   ID_LOSS_TYPE: softmax
2025-12-21 22:38:02,977 MambaPro INFO:   ID_LOSS_WEIGHT: 0.25
2025-12-21 22:38:02,977 MambaPro INFO:   IF_LABELSMOOTH: 'on'
2025-12-21 22:38:02,977 MambaPro INFO:   IF_WITH_CENTER: 'no'
2025-12-21 22:38:02,977 MambaPro INFO:   LAYER: -1
2025-12-21 22:38:02,977 MambaPro INFO:   MAMBA: true
2025-12-21 22:38:02,977 MambaPro INFO:   MAMBA_BI: false
2025-12-21 22:38:02,977 MambaPro INFO:   METRIC_LOSS_TYPE: triplet
2025-12-21 22:38:02,977 MambaPro INFO:   MOE_BALANCE_LOSS_WEIGHT: 0.01
2025-12-21 22:38:02,977 MambaPro INFO:   MOE_DIVERSITY_LOSS_WEIGHT: 0.01
2025-12-21 22:38:02,977 MambaPro INFO:   MOE_EXPERT_DROPOUT: 0.1
2025-12-21 22:38:02,977 MambaPro INFO:   MOE_EXPERT_HIDDEN_DIM: 1024
2025-12-21 22:38:02,977 MambaPro INFO:   MOE_EXPERT_LAYERS: 2
2025-12-21 22:38:02,977 MambaPro INFO:   MOE_EXPERT_THRESHOLD: 0.1
2025-12-21 22:38:02,977 MambaPro INFO:   MOE_FIXED_WEIGHTS:
2025-12-21 22:38:02,977 MambaPro INFO:   - 0.33
2025-12-21 22:38:02,977 MambaPro INFO:   - 0.33
2025-12-21 22:38:02,977 MambaPro INFO:   - 0.34
2025-12-21 22:38:02,977 MambaPro INFO:   MOE_GATE_DROPOUT: 0.1
2025-12-21 22:38:02,977 MambaPro INFO:   MOE_GATE_LAYERS: 2
2025-12-21 22:38:02,977 MambaPro INFO:   MOE_INIT_WEIGHTS: null
2025-12-21 22:38:02,977 MambaPro INFO:   MOE_NUM_EXPERTS: 3
2025-12-21 22:38:02,977 MambaPro INFO:   MOE_RESIDUAL_WEIGHT: 1.0
2025-12-21 22:38:02,977 MambaPro INFO:   MOE_SCALES:
2025-12-21 22:38:02,977 MambaPro INFO:   - 4
2025-12-21 22:38:02,977 MambaPro INFO:   - 8
2025-12-21 22:38:02,977 MambaPro INFO:   - 16
2025-12-21 22:38:02,977 MambaPro INFO:   MOE_SPARSITY_LOSS_WEIGHT: 0.001
2025-12-21 22:38:02,977 MambaPro INFO:   MOE_TEMPERATURE: 0.7
2025-12-21 22:38:02,977 MambaPro INFO:   MOE_TOP_K: 2
2025-12-21 22:38:02,977 MambaPro INFO:   MOE_TOP_K_MODE: soft
2025-12-21 22:38:02,977 MambaPro INFO:   MOE_USE_FIXED_WEIGHTS: true
2025-12-21 22:38:02,977 MambaPro INFO:   MOE_USE_TOP_K_ROUTING: false
2025-12-21 22:38:02,977 MambaPro INFO:   MULTI_SCALE_SCALES:
2025-12-21 22:38:02,977 MambaPro INFO:   - 4
2025-12-21 22:38:02,977 MambaPro INFO:   - 8
2025-12-21 22:38:02,977 MambaPro INFO:   - 16
2025-12-21 22:38:02,977 MambaPro INFO:   NAME: MambaPro
2025-12-21 22:38:02,977 MambaPro INFO:   NECK: bnneck
2025-12-21 22:38:02,977 MambaPro INFO:   NO_MARGIN: true
2025-12-21 22:38:02,977 MambaPro INFO:   PREFIX_NUM: 1
2025-12-21 22:38:02,977 MambaPro INFO:   PRETRAIN_PATH_T: ../ViT-B-16.pt
2025-12-21 22:38:02,977 MambaPro INFO:   PROMPT: true
2025-12-21 22:38:02,977 MambaPro INFO:   SIE_CAMERA: true
2025-12-21 22:38:02,977 MambaPro INFO:   SIE_COE: 1.0
2025-12-21 22:38:02,977 MambaPro INFO:   SIE_VIEW: false
2025-12-21 22:38:02,977 MambaPro INFO:   STRIDE_SIZE:
2025-12-21 22:38:02,977 MambaPro INFO:   - 16
2025-12-21 22:38:02,977 MambaPro INFO:   - 16
2025-12-21 22:38:02,977 MambaPro INFO:   TRANSFORMER_TYPE: ViT-B-16
2025-12-21 22:38:02,977 MambaPro INFO:   TRIPLET_LOSS_WEIGHT: 1.0
2025-12-21 22:38:02,977 MambaPro INFO:   USE_ATTENTION_FUSION: false
2025-12-21 22:38:02,977 MambaPro INFO:   USE_CLIP_MULTI_SCALE: true
2025-12-21 22:38:02,977 MambaPro INFO:   USE_GATE_FUSION: false
2025-12-21 22:38:02,977 MambaPro INFO:   USE_MULTI_SCALE: false
2025-12-21 22:38:02,977 MambaPro INFO:   USE_MULTI_SCALE_MOE: true
2025-12-21 22:38:02,977 MambaPro INFO: OUTPUT_DIR: outputs/ablation/multiscale_fixed_weights_20251221_223801
2025-12-21 22:38:02,977 MambaPro INFO: SOLVER:
2025-12-21 22:38:02,977 MambaPro INFO:   BASE_LR: 0.0005
2025-12-21 22:38:02,977 MambaPro INFO:   BIAS_LR_FACTOR: 2
2025-12-21 22:38:02,977 MambaPro INFO:   CENTER_LOSS_WEIGHT: 0.0005
2025-12-21 22:38:02,977 MambaPro INFO:   CENTER_LR: 0.5
2025-12-21 22:38:02,977 MambaPro INFO:   CHECKPOINT_PERIOD: 10
2025-12-21 22:38:02,978 MambaPro INFO:   CLUSTER_MARGIN: 0.3
2025-12-21 22:38:02,978 MambaPro INFO:   COSINE_MARGIN: 0.5
2025-12-21 22:38:02,978 MambaPro INFO:   COSINE_SCALE: 30
2025-12-21 22:38:02,978 MambaPro INFO:   EVAL_PERIOD: 5
2025-12-21 22:38:02,978 MambaPro INFO:   GAMMA: 0.1
2025-12-21 22:38:02,978 MambaPro INFO:   IMS_PER_BATCH: 32
2025-12-21 22:38:02,978 MambaPro INFO:   LARGE_FC_LR: false
2025-12-21 22:38:02,978 MambaPro INFO:   LOG_PERIOD: 10
2025-12-21 22:38:02,978 MambaPro INFO:   MARGIN: 0.3
2025-12-21 22:38:02,978 MambaPro INFO:   MAX_EPOCHS: 60
2025-12-21 22:38:02,978 MambaPro INFO:   MOE_BALANCE_LOSS_WEIGHT: 0.001
2025-12-21 22:38:02,978 MambaPro INFO:   MOE_BALANCE_LOSS_WEIGHT_END: 0.1
2025-12-21 22:38:02,978 MambaPro INFO:   MOE_BALANCE_LOSS_WEIGHT_START: 0.001
2025-12-21 22:38:02,978 MambaPro INFO:   MOE_BALANCE_THRESHOLD: 0.3
2025-12-21 22:38:02,978 MambaPro INFO:   MOE_DIVERSITY_LOSS_WEIGHT: 0.001
2025-12-21 22:38:02,978 MambaPro INFO:   MOE_DIVERSITY_LOSS_WEIGHT_END: 0.1
2025-12-21 22:38:02,978 MambaPro INFO:   MOE_DIVERSITY_LOSS_WEIGHT_START: 0.001
2025-12-21 22:38:02,978 MambaPro INFO:   MOE_GATE_LR_FACTOR: 0.01
2025-12-21 22:38:02,978 MambaPro INFO:   MOE_LOSS_WEIGHT_SCHEDULE_TYPE: cosine
2025-12-21 22:38:02,978 MambaPro INFO:   MOE_LOSS_WEIGHT_WARMUP_EPOCHS: 5
2025-12-21 22:38:02,978 MambaPro INFO:   MOE_SPARSITY_LOSS_WEIGHT: 0.0001
2025-12-21 22:38:02,978 MambaPro INFO:   MOE_USE_DYNAMIC_LOSS_WEIGHT: false
2025-12-21 22:38:02,978 MambaPro INFO:   MOMENTUM: 0.9
2025-12-21 22:38:02,978 MambaPro INFO:   OPTIMIZER_NAME: Adam
2025-12-21 22:38:02,978 MambaPro INFO:   RANGE_ALPHA: 0
2025-12-21 22:38:02,978 MambaPro INFO:   RANGE_BETA: 1
2025-12-21 22:38:02,978 MambaPro INFO:   RANGE_K: 2
2025-12-21 22:38:02,978 MambaPro INFO:   RANGE_LOSS_WEIGHT: 1
2025-12-21 22:38:02,978 MambaPro INFO:   RANGE_MARGIN: 0.3
2025-12-21 22:38:02,978 MambaPro INFO:   SEED: 42
2025-12-21 22:38:02,978 MambaPro INFO:   STEPS:
2025-12-21 22:38:02,978 MambaPro INFO:   - 30
2025-12-21 22:38:02,978 MambaPro INFO:   - 50
2025-12-21 22:38:02,978 MambaPro INFO:   WARMUP_FACTOR: 0.01
2025-12-21 22:38:02,978 MambaPro INFO:   WARMUP_ITERS: 20
2025-12-21 22:38:02,978 MambaPro INFO:   WARMUP_METHOD: linear
2025-12-21 22:38:02,978 MambaPro INFO:   WEIGHT_DECAY: 0.0005
2025-12-21 22:38:02,978 MambaPro INFO:   WEIGHT_DECAY_BIAS: 0.0005
2025-12-21 22:38:02,978 MambaPro INFO: TEST:
2025-12-21 22:38:02,978 MambaPro INFO:   FEAT: 0
2025-12-21 22:38:02,978 MambaPro INFO:   FEAT_NORM: 'yes'
2025-12-21 22:38:02,978 MambaPro INFO:   IMS_PER_BATCH: 64
2025-12-21 22:38:02,978 MambaPro INFO:   MISS: nothing
2025-12-21 22:38:02,978 MambaPro INFO:   NECK_FEAT: after
2025-12-21 22:38:02,978 MambaPro INFO:   RE_RANKING: 'no'
2025-12-21 22:38:02,978 MambaPro INFO:   WEIGHT: /home/zubuntu/workspace/yzy/MambaPro/pths/MambaProbest.pth
2025-12-21 22:38:02,978 MambaPro INFO: ================================================================================
2025-12-21 22:38:05,900 MambaPro.train INFO: start training
2025-12-21 22:38:52,469 MambaPro.train INFO: Epoch 1 done. Time per batch: 0.432[s] Speed: 74.1[samples/s]
2025-12-21 22:39:38,032 MambaPro.train INFO: Epoch 2 done. Time per batch: 0.426[s] Speed: 75.1[samples/s]
2025-12-21 22:40:23,674 MambaPro.train INFO: Epoch 3 done. Time per batch: 0.427[s] Speed: 75.0[samples/s]
2025-12-21 22:41:09,335 MambaPro.train INFO: Epoch 4 done. Time per batch: 0.427[s] Speed: 75.0[samples/s]
2025-12-21 22:41:54,524 MambaPro.train INFO: Epoch 5 done. Time per batch: 0.426[s] Speed: 75.1[samples/s]
2025-12-21 22:42:10,499 MambaPro.train INFO: Validation Results - Epoch: 5
2025-12-21 22:42:10,499 MambaPro.train INFO: Current mAP: 36.5%
2025-12-21 22:42:10,499 MambaPro.train INFO: CMC curve, Rank-1  :37.2%
2025-12-21 22:42:10,499 MambaPro.train INFO: CMC curve, Rank-5  :47.8%
2025-12-21 22:42:10,499 MambaPro.train INFO: CMC curve, Rank-10 :55.1%
2025-12-21 22:42:10,503 MambaPro.train INFO: 🎯 New Best! Saving model...
2025-12-21 22:42:10,859 MambaPro.train INFO: [Epoch 5] 指标集合列表（历史）
2025-12-21 22:42:10,860 MambaPro.train INFO: history_mAP:{36.5}
2025-12-21 22:42:10,860 MambaPro.train INFO: best_mAP:{36.5}
2025-12-21 22:42:10,860 MambaPro.train INFO: history_Rank-1:{37.2}
2025-12-21 22:42:10,860 MambaPro.train INFO: best_Rank-1:{37.2}
2025-12-21 22:42:10,860 MambaPro.train INFO: history_Rank-5:{47.8}
2025-12-21 22:42:10,860 MambaPro.train INFO: best_Rank-5:{47.8}
2025-12-21 22:42:10,860 MambaPro.train INFO: history_Rank-10:{55.1}
2025-12-21 22:42:10,860 MambaPro.train INFO: best_Rank-10:{55.1}
2025-12-21 22:42:10,860 MambaPro.train INFO: history_Experts:{[0.33 , 0.33 , 0.34]}
2025-12-21 22:42:10,860 MambaPro.train INFO: best_Experts:{[0.33 , 0.33 , 0.34]}
2025-12-21 22:42:10,860 MambaPro.train INFO: 🔥 MoE损失(Val): 平衡=0.0000, 稀疏性=0.9999, 多样性=2.6659, 总=0.0028 (权重: 平衡=0.001, 稀疏性=0.000, 多样性=0.001)
2025-12-21 22:42:10,860 MambaPro.train INFO:    📊 专家权重分布(Val, 3个专家): [0.33 , 0.33 , 0.34]
2025-12-21 22:42:56,681 MambaPro.train INFO: Epoch 6 done. Time per batch: 0.427[s] Speed: 75.0[samples/s]
2025-12-21 22:43:42,348 MambaPro.train INFO: Epoch 7 done. Time per batch: 0.427[s] Speed: 75.0[samples/s]
2025-12-21 22:44:28,018 MambaPro.train INFO: Epoch 8 done. Time per batch: 0.427[s] Speed: 75.0[samples/s]
2025-12-21 22:45:13,668 MambaPro.train INFO: Epoch 9 done. Time per batch: 0.427[s] Speed: 75.0[samples/s]
2025-12-21 22:45:59,354 MambaPro.train INFO: Epoch 10 done. Time per batch: 0.427[s] Speed: 74.9[samples/s]
2025-12-21 22:46:00,055 MambaPro.train INFO: 💾 保存完整检查点: outputs/ablation/multiscale_fixed_weights_20251221_223801/MambaPro_10.pth (Epoch 10)
2025-12-21 22:46:16,034 MambaPro.train INFO: Validation Results - Epoch: 10
2025-12-21 22:46:16,034 MambaPro.train INFO: Current mAP: 72.2%
2025-12-21 22:46:16,034 MambaPro.train INFO: CMC curve, Rank-1  :75.5%
2025-12-21 22:46:16,034 MambaPro.train INFO: CMC curve, Rank-5  :85.8%
2025-12-21 22:46:16,034 MambaPro.train INFO: CMC curve, Rank-10 :89.5%
2025-12-21 22:46:16,037 MambaPro.train INFO: 🎯 New Best! Saving model...
2025-12-21 22:46:16,612 MambaPro.train INFO: [Epoch 10] 指标集合列表（历史）
2025-12-21 22:46:16,612 MambaPro.train INFO: history_mAP:{36.5 , 72.2}
2025-12-21 22:46:16,612 MambaPro.train INFO: best_mAP:{72.2}
2025-12-21 22:46:16,612 MambaPro.train INFO: history_Rank-1:{37.2 , 75.5}
2025-12-21 22:46:16,613 MambaPro.train INFO: best_Rank-1:{75.5}
2025-12-21 22:46:16,613 MambaPro.train INFO: history_Rank-5:{47.8 , 85.8}
2025-12-21 22:46:16,613 MambaPro.train INFO: best_Rank-5:{85.8}
2025-12-21 22:46:16,613 MambaPro.train INFO: history_Rank-10:{55.1 , 89.5}
2025-12-21 22:46:16,613 MambaPro.train INFO: best_Rank-10:{89.5}
2025-12-21 22:46:16,613 MambaPro.train INFO: history_Experts:{[0.33 , 0.33 , 0.34] , [0.33 , 0.33 , 0.34]}
2025-12-21 22:46:16,613 MambaPro.train INFO: best_Experts:{[0.33 , 0.33 , 0.34]}
2025-12-21 22:46:16,613 MambaPro.train INFO: 🔥 MoE损失(Val): 平衡=0.0000, 稀疏性=0.9999, 多样性=2.6659, 总=0.0028 (权重: 平衡=0.001, 稀疏性=0.000, 多样性=0.001)
2025-12-21 22:46:16,613 MambaPro.train INFO:    📊 专家权重分布(Val, 3个专家): [0.33 , 0.33 , 0.34]
2025-12-21 22:47:02,473 MambaPro.train INFO: Epoch 11 done. Time per batch: 0.427[s] Speed: 74.9[samples/s]
2025-12-21 22:47:48,104 MambaPro.train INFO: Epoch 12 done. Time per batch: 0.426[s] Speed: 75.0[samples/s]
2025-12-21 22:48:33,686 MambaPro.train INFO: Epoch 13 done. Time per batch: 0.426[s] Speed: 75.1[samples/s]
2025-12-21 22:49:19,289 MambaPro.train INFO: Epoch 14 done. Time per batch: 0.426[s] Speed: 75.1[samples/s]
2025-12-21 22:50:04,921 MambaPro.train INFO: Epoch 15 done. Time per batch: 0.426[s] Speed: 75.0[samples/s]
2025-12-21 22:50:20,830 MambaPro.train INFO: Validation Results - Epoch: 15
2025-12-21 22:50:20,830 MambaPro.train INFO: Current mAP: 66.6%
2025-12-21 22:50:20,830 MambaPro.train INFO: CMC curve, Rank-1  :71.2%
2025-12-21 22:50:20,830 MambaPro.train INFO: CMC curve, Rank-5  :80.6%
2025-12-21 22:50:20,830 MambaPro.train INFO: CMC curve, Rank-10 :86.1%
2025-12-21 22:50:20,834 MambaPro.train INFO: [Epoch 15] 指标集合列表（历史）
2025-12-21 22:50:20,834 MambaPro.train INFO: history_mAP:{36.5 , 72.2 , 66.6}
2025-12-21 22:50:20,834 MambaPro.train INFO: best_mAP:{72.2}
2025-12-21 22:50:20,834 MambaPro.train INFO: history_Rank-1:{37.2 , 75.5 , 71.2}
2025-12-21 22:50:20,834 MambaPro.train INFO: best_Rank-1:{75.5}
2025-12-21 22:50:20,834 MambaPro.train INFO: history_Rank-5:{47.8 , 85.8 , 80.6}
2025-12-21 22:50:20,834 MambaPro.train INFO: best_Rank-5:{85.8}
2025-12-21 22:50:20,834 MambaPro.train INFO: history_Rank-10:{55.1 , 89.5 , 86.1}
2025-12-21 22:50:20,834 MambaPro.train INFO: best_Rank-10:{89.5}
2025-12-21 22:50:20,834 MambaPro.train INFO: history_Experts:{[0.33 , 0.33 , 0.34] , [0.33 , 0.33 , 0.34] , [0.33 , 0.33 , 0.34]}
2025-12-21 22:50:20,834 MambaPro.train INFO: best_Experts:{[0.33 , 0.33 , 0.34]}
2025-12-21 22:50:20,834 MambaPro.train INFO: 🔥 MoE损失(Val): 平衡=0.0000, 稀疏性=0.9999, 多样性=2.6659, 总=0.0028 (权重: 平衡=0.001, 稀疏性=0.000, 多样性=0.001)
2025-12-21 22:50:20,835 MambaPro.train INFO:    📊 专家权重分布(Val, 3个专家): [0.33 , 0.33 , 0.34]
2025-12-21 22:51:06,694 MambaPro.train INFO: Epoch 16 done. Time per batch: 0.427[s] Speed: 74.9[samples/s]
2025-12-21 22:51:52,401 MambaPro.train INFO: Epoch 17 done. Time per batch: 0.427[s] Speed: 74.9[samples/s]
2025-12-21 22:52:38,112 MambaPro.train INFO: Epoch 18 done. Time per batch: 0.427[s] Speed: 74.9[samples/s]
2025-12-21 22:53:23,860 MambaPro.train INFO: Epoch 19 done. Time per batch: 0.428[s] Speed: 74.8[samples/s]
2025-12-21 22:54:09,526 MambaPro.train INFO: Epoch 20 done. Time per batch: 0.427[s] Speed: 75.0[samples/s]
2025-12-21 22:54:10,269 MambaPro.train INFO: 💾 保存完整检查点: outputs/ablation/multiscale_fixed_weights_20251221_223801/MambaPro_20.pth (Epoch 20)
2025-12-21 22:54:26,187 MambaPro.train INFO: Validation Results - Epoch: 20
2025-12-21 22:54:26,187 MambaPro.train INFO: Current mAP: 57.6%
2025-12-21 22:54:26,187 MambaPro.train INFO: CMC curve, Rank-1  :62.0%
2025-12-21 22:54:26,187 MambaPro.train INFO: CMC curve, Rank-5  :75.1%
2025-12-21 22:54:26,187 MambaPro.train INFO: CMC curve, Rank-10 :80.9%
2025-12-21 22:54:26,190 MambaPro.train INFO: [Epoch 20] 指标集合列表（历史）
2025-12-21 22:54:26,190 MambaPro.train INFO: history_mAP:{36.5 , 72.2 , 66.6 , 57.6}
2025-12-21 22:54:26,190 MambaPro.train INFO: best_mAP:{72.2}
2025-12-21 22:54:26,190 MambaPro.train INFO: history_Rank-1:{37.2 , 75.5 , 71.2 , 62.0}
2025-12-21 22:54:26,190 MambaPro.train INFO: best_Rank-1:{75.5}
2025-12-21 22:54:26,190 MambaPro.train INFO: history_Rank-5:{47.8 , 85.8 , 80.6 , 75.1}
2025-12-21 22:54:26,191 MambaPro.train INFO: best_Rank-5:{85.8}
2025-12-21 22:54:26,191 MambaPro.train INFO: history_Rank-10:{55.1 , 89.5 , 86.1 , 80.9}
2025-12-21 22:54:26,191 MambaPro.train INFO: best_Rank-10:{89.5}
2025-12-21 22:54:26,191 MambaPro.train INFO: history_Experts:{[0.33 , 0.33 , 0.34] , [0.33 , 0.33 , 0.34] , [0.33 , 0.33 , 0.34] , [0.33 , 0.33 , 0.34]}
2025-12-21 22:54:26,191 MambaPro.train INFO: best_Experts:{[0.33 , 0.33 , 0.34]}
2025-12-21 22:54:26,191 MambaPro.train INFO: 🔥 MoE损失(Val): 平衡=0.0000, 稀疏性=0.9999, 多样性=2.6659, 总=0.0028 (权重: 平衡=0.001, 稀疏性=0.000, 多样性=0.001)
2025-12-21 22:54:26,191 MambaPro.train INFO:    📊 专家权重分布(Val, 3个专家): [0.33 , 0.33 , 0.34]
2025-12-21 22:55:11,989 MambaPro.train INFO: Epoch 21 done. Time per batch: 0.427[s] Speed: 75.0[samples/s]
2025-12-21 22:55:57,684 MambaPro.train INFO: Epoch 22 done. Time per batch: 0.427[s] Speed: 74.9[samples/s]
2025-12-21 22:56:43,486 MambaPro.train INFO: Epoch 23 done. Time per batch: 0.428[s] Speed: 74.8[samples/s]
2025-12-21 22:57:29,310 MambaPro.train INFO: Epoch 24 done. Time per batch: 0.428[s] Speed: 74.7[samples/s]
2025-12-21 22:58:15,142 MambaPro.train INFO: Epoch 25 done. Time per batch: 0.428[s] Speed: 74.7[samples/s]
2025-12-21 22:58:31,028 MambaPro.train INFO: Validation Results - Epoch: 25
2025-12-21 22:58:31,028 MambaPro.train INFO: Current mAP: 67.6%
2025-12-21 22:58:31,028 MambaPro.train INFO: CMC curve, Rank-1  :72.6%
2025-12-21 22:58:31,028 MambaPro.train INFO: CMC curve, Rank-5  :83.4%
2025-12-21 22:58:31,028 MambaPro.train INFO: CMC curve, Rank-10 :89.2%
2025-12-21 22:58:31,032 MambaPro.train INFO: [Epoch 25] 指标集合列表（历史）
2025-12-21 22:58:31,032 MambaPro.train INFO: history_mAP:{36.5 , 72.2 , 66.6 , 57.6 , 67.6}
2025-12-21 22:58:31,032 MambaPro.train INFO: best_mAP:{72.2}
2025-12-21 22:58:31,032 MambaPro.train INFO: history_Rank-1:{37.2 , 75.5 , 71.2 , 62.0 , 72.6}
2025-12-21 22:58:31,032 MambaPro.train INFO: best_Rank-1:{75.5}
2025-12-21 22:58:31,032 MambaPro.train INFO: history_Rank-5:{47.8 , 85.8 , 80.6 , 75.1 , 83.4}
2025-12-21 22:58:31,032 MambaPro.train INFO: best_Rank-5:{85.8}
2025-12-21 22:58:31,033 MambaPro.train INFO: history_Rank-10:{55.1 , 89.5 , 86.1 , 80.9 , 89.2}
2025-12-21 22:58:31,033 MambaPro.train INFO: best_Rank-10:{89.5}
2025-12-21 22:58:31,033 MambaPro.train INFO: history_Experts:{[0.33 , 0.33 , 0.34] , [0.33 , 0.33 , 0.34] , [0.33 , 0.33 , 0.34] , [0.33 , 0.33 , 0.34] , [0.33 , 0.33 , 0.34]}
2025-12-21 22:58:31,033 MambaPro.train INFO: best_Experts:{[0.33 , 0.33 , 0.34]}
2025-12-21 22:58:31,033 MambaPro.train INFO: 🔥 MoE损失(Val): 平衡=0.0000, 稀疏性=0.9999, 多样性=2.6659, 总=0.0028 (权重: 平衡=0.001, 稀疏性=0.000, 多样性=0.001)
2025-12-21 22:58:31,033 MambaPro.train INFO:    📊 专家权重分布(Val, 3个专家): [0.33 , 0.33 , 0.34]
2025-12-21 22:59:17,038 MambaPro.train INFO: Epoch 26 done. Time per batch: 0.429[s] Speed: 74.7[samples/s]
2025-12-21 23:00:02,873 MambaPro.train INFO: Epoch 27 done. Time per batch: 0.428[s] Speed: 74.7[samples/s]
2025-12-21 23:00:48,282 MambaPro.train INFO: Epoch 28 done. Time per batch: 0.428[s] Speed: 74.7[samples/s]
2025-12-21 23:01:34,137 MambaPro.train INFO: Epoch 29 done. Time per batch: 0.429[s] Speed: 74.7[samples/s]
2025-12-21 23:02:20,013 MambaPro.train INFO: Epoch 30 done. Time per batch: 0.429[s] Speed: 74.6[samples/s]
2025-12-21 23:02:20,759 MambaPro.train INFO: 💾 保存完整检查点: outputs/ablation/multiscale_fixed_weights_20251221_223801/MambaPro_30.pth (Epoch 30)
2025-12-21 23:02:36,659 MambaPro.train INFO: Validation Results - Epoch: 30
2025-12-21 23:02:36,659 MambaPro.train INFO: Current mAP: 69.9%
2025-12-21 23:02:36,659 MambaPro.train INFO: CMC curve, Rank-1  :71.2%
2025-12-21 23:02:36,659 MambaPro.train INFO: CMC curve, Rank-5  :81.8%
2025-12-21 23:02:36,659 MambaPro.train INFO: CMC curve, Rank-10 :86.2%
2025-12-21 23:02:36,662 MambaPro.train INFO: [Epoch 30] 指标集合列表（历史）
2025-12-21 23:02:36,662 MambaPro.train INFO: history_mAP:{36.5 , 72.2 , 66.6 , 57.6 , 67.6 , 69.9}
2025-12-21 23:02:36,662 MambaPro.train INFO: best_mAP:{72.2}
2025-12-21 23:02:36,662 MambaPro.train INFO: history_Rank-1:{37.2 , 75.5 , 71.2 , 62.0 , 72.6}
2025-12-21 23:02:36,662 MambaPro.train INFO: best_Rank-1:{75.5}
2025-12-21 23:02:36,662 MambaPro.train INFO: history_Rank-5:{47.8 , 85.8 , 80.6 , 75.1 , 83.4 , 81.8}
2025-12-21 23:02:36,662 MambaPro.train INFO: best_Rank-5:{85.8}
2025-12-21 23:02:36,662 MambaPro.train INFO: history_Rank-10:{55.1 , 89.5 , 86.1 , 80.9 , 89.2 , 86.2}
2025-12-21 23:02:36,662 MambaPro.train INFO: best_Rank-10:{89.5}
2025-12-21 23:02:36,662 MambaPro.train INFO: history_Experts:{[0.33 , 0.33 , 0.34] , [0.33 , 0.33 , 0.34] , [0.33 , 0.33 , 0.34] , [0.33 , 0.33 , 0.34] , [0.33 , 0.33 , 0.34] , [0.33 , 0.33 , 0.34]}
2025-12-21 23:02:36,662 MambaPro.train INFO: best_Experts:{[0.33 , 0.33 , 0.34]}
2025-12-21 23:02:36,662 MambaPro.train INFO: 🔥 MoE损失(Val): 平衡=0.0000, 稀疏性=0.9999, 多样性=2.6659, 总=0.0028 (权重: 平衡=0.001, 稀疏性=0.000, 多样性=0.001)
2025-12-21 23:02:36,662 MambaPro.train INFO:    📊 专家权重分布(Val, 3个专家): [0.33 , 0.33 , 0.34]
2025-12-21 23:03:22,240 MambaPro.train INFO: Epoch 31 done. Time per batch: 0.429[s] Speed: 74.7[samples/s]
2025-12-21 23:04:08,119 MambaPro.train INFO: Epoch 32 done. Time per batch: 0.429[s] Speed: 74.6[samples/s]
2025-12-21 23:04:53,960 MambaPro.train INFO: Epoch 33 done. Time per batch: 0.428[s] Speed: 74.7[samples/s]
2025-12-21 23:05:39,804 MambaPro.train INFO: Epoch 34 done. Time per batch: 0.428[s] Speed: 74.7[samples/s]
2025-12-21 23:06:25,667 MambaPro.train INFO: Epoch 35 done. Time per batch: 0.429[s] Speed: 74.7[samples/s]
2025-12-21 23:06:41,601 MambaPro.train INFO: Validation Results - Epoch: 35
2025-12-21 23:06:41,602 MambaPro.train INFO: Current mAP: 73.7%
2025-12-21 23:06:41,602 MambaPro.train INFO: CMC curve, Rank-1  :76.4%
2025-12-21 23:06:41,602 MambaPro.train INFO: CMC curve, Rank-5  :85.8%
2025-12-21 23:06:41,602 MambaPro.train INFO: CMC curve, Rank-10 :90.4%
2025-12-21 23:06:41,604 MambaPro.train INFO: 🎯 New Best! Saving model...
2025-12-21 23:06:42,162 MambaPro.train INFO: [Epoch 35] 指标集合列表（历史）
2025-12-21 23:06:42,162 MambaPro.train INFO: history_mAP:{36.5 , 72.2 , 66.6 , 57.6 , 67.6 , 69.9 , 73.7}
2025-12-21 23:06:42,162 MambaPro.train INFO: best_mAP:{73.7}
2025-12-21 23:06:42,162 MambaPro.train INFO: history_Rank-1:{37.2 , 75.5 , 71.2 , 62.0 , 72.6 , 76.4}
2025-12-21 23:06:42,162 MambaPro.train INFO: best_Rank-1:{76.4}
2025-12-21 23:06:42,162 MambaPro.train INFO: history_Rank-5:{47.8 , 85.8 , 80.6 , 75.1 , 83.4 , 81.8}
2025-12-21 23:06:42,162 MambaPro.train INFO: best_Rank-5:{85.8}
2025-12-21 23:06:42,162 MambaPro.train INFO: history_Rank-10:{55.1 , 89.5 , 86.1 , 80.9 , 89.2 , 86.2 , 90.4}
2025-12-21 23:06:42,162 MambaPro.train INFO: best_Rank-10:{90.4}
2025-12-21 23:06:42,162 MambaPro.train INFO: history_Experts:{[0.33 , 0.33 , 0.34] , [0.33 , 0.33 , 0.34] , [0.33 , 0.33 , 0.34] , [0.33 , 0.33 , 0.34] , [0.33 , 0.33 , 0.34] , [0.33 , 0.33 , 0.34] , [0.33 , 0.33 , 0.34]}
2025-12-21 23:06:42,162 MambaPro.train INFO: best_Experts:{[0.33 , 0.33 , 0.34]}
2025-12-21 23:06:42,162 MambaPro.train INFO: 🔥 MoE损失(Val): 平衡=0.0000, 稀疏性=0.9999, 多样性=2.6659, 总=0.0028 (权重: 平衡=0.001, 稀疏性=0.000, 多样性=0.001)
2025-12-21 23:06:42,162 MambaPro.train INFO:    📊 专家权重分布(Val, 3个专家): [0.33 , 0.33 , 0.34]
2025-12-21 23:07:28,151 MambaPro.train INFO: Epoch 36 done. Time per batch: 0.428[s] Speed: 74.7[samples/s]
2025-12-21 23:08:14,021 MambaPro.train INFO: Epoch 37 done. Time per batch: 0.429[s] Speed: 74.6[samples/s]
2025-12-21 23:08:59,876 MambaPro.train INFO: Epoch 38 done. Time per batch: 0.429[s] Speed: 74.7[samples/s]
2025-12-21 23:09:45,723 MambaPro.train INFO: Epoch 39 done. Time per batch: 0.428[s] Speed: 74.7[samples/s]
2025-12-21 23:10:31,554 MambaPro.train INFO: Epoch 40 done. Time per batch: 0.428[s] Speed: 74.7[samples/s]
2025-12-21 23:10:32,299 MambaPro.train INFO: 💾 保存完整检查点: outputs/ablation/multiscale_fixed_weights_20251221_223801/MambaPro_40.pth (Epoch 40)
2025-12-21 23:10:48,232 MambaPro.train INFO: Validation Results - Epoch: 40
2025-12-21 23:10:48,233 MambaPro.train INFO: Current mAP: 74.7%
2025-12-21 23:10:48,233 MambaPro.train INFO: CMC curve, Rank-1  :76.7%
2025-12-21 23:10:48,233 MambaPro.train INFO: CMC curve, Rank-5  :86.2%
2025-12-21 23:10:48,233 MambaPro.train INFO: CMC curve, Rank-10 :90.6%
2025-12-21 23:10:48,235 MambaPro.train INFO: 🎯 New Best! Saving model...
2025-12-21 23:10:48,815 MambaPro.train INFO: [Epoch 40] 指标集合列表（历史）
2025-12-21 23:10:48,816 MambaPro.train INFO: history_mAP:{36.5 , 72.2 , 66.6 , 57.6 , 67.6 , 69.9 , 73.7 , 74.7}
2025-12-21 23:10:48,816 MambaPro.train INFO: best_mAP:{74.7}
2025-12-21 23:10:48,816 MambaPro.train INFO: history_Rank-1:{37.2 , 75.5 , 71.2 , 62.0 , 72.6 , 76.4 , 76.7}
2025-12-21 23:10:48,816 MambaPro.train INFO: best_Rank-1:{76.7}
2025-12-21 23:10:48,816 MambaPro.train INFO: history_Rank-5:{47.8 , 85.8 , 80.6 , 75.1 , 83.4 , 81.8 , 86.2}
2025-12-21 23:10:48,816 MambaPro.train INFO: best_Rank-5:{86.2}
2025-12-21 23:10:48,816 MambaPro.train INFO: history_Rank-10:{55.1 , 89.5 , 86.1 , 80.9 , 89.2 , 86.2 , 90.4 , 90.6}
2025-12-21 23:10:48,816 MambaPro.train INFO: best_Rank-10:{90.6}
2025-12-21 23:10:48,816 MambaPro.train INFO: history_Experts:{[0.33 , 0.33 , 0.34] , [0.33 , 0.33 , 0.34] , [0.33 , 0.33 , 0.34] , [0.33 , 0.33 , 0.34] , [0.33 , 0.33 , 0.34] , [0.33 , 0.33 , 0.34] , [0.33 , 0.33 , 0.34] , [0.33 , 0.33 , 0.34]}
2025-12-21 23:10:48,816 MambaPro.train INFO: best_Experts:{[0.33 , 0.33 , 0.34]}
2025-12-21 23:10:48,816 MambaPro.train INFO: 🔥 MoE损失(Val): 平衡=0.0000, 稀疏性=0.9999, 多样性=2.6659, 总=0.0028 (权重: 平衡=0.001, 稀疏性=0.000, 多样性=0.001)
2025-12-21 23:10:48,816 MambaPro.train INFO:    📊 专家权重分布(Val, 3个专家): [0.33 , 0.33 , 0.34]
2025-12-21 23:11:34,388 MambaPro.train INFO: Epoch 41 done. Time per batch: 0.428[s] Speed: 74.7[samples/s]
2025-12-21 23:12:19,867 MambaPro.train INFO: Epoch 42 done. Time per batch: 0.429[s] Speed: 74.6[samples/s]
2025-12-21 23:13:05,729 MambaPro.train INFO: Epoch 43 done. Time per batch: 0.429[s] Speed: 74.7[samples/s]
2025-12-21 23:13:51,163 MambaPro.train INFO: Epoch 44 done. Time per batch: 0.429[s] Speed: 74.7[samples/s]
2025-12-21 23:14:37,008 MambaPro.train INFO: Epoch 45 done. Time per batch: 0.428[s] Speed: 74.7[samples/s]
2025-12-21 23:14:52,991 MambaPro.train INFO: Validation Results - Epoch: 45
2025-12-21 23:14:52,991 MambaPro.train INFO: Current mAP: 74.5%
2025-12-21 23:14:52,991 MambaPro.train INFO: CMC curve, Rank-1  :75.8%
2025-12-21 23:14:52,991 MambaPro.train INFO: CMC curve, Rank-5  :85.3%
2025-12-21 23:14:52,991 MambaPro.train INFO: CMC curve, Rank-10 :90.2%
2025-12-21 23:14:52,995 MambaPro.train INFO: [Epoch 45] 指标集合列表（历史）
2025-12-21 23:14:52,995 MambaPro.train INFO: history_mAP:{36.5 , 72.2 , 66.6 , 57.6 , 67.6 , 69.9 , 73.7 , 74.7 , 74.5}
2025-12-21 23:14:52,995 MambaPro.train INFO: best_mAP:{74.7}
2025-12-21 23:14:52,995 MambaPro.train INFO: history_Rank-1:{37.2 , 75.5 , 71.2 , 62.0 , 72.6 , 76.4 , 76.7 , 75.8}
2025-12-21 23:14:52,995 MambaPro.train INFO: best_Rank-1:{76.7}
2025-12-21 23:14:52,995 MambaPro.train INFO: history_Rank-5:{47.8 , 85.8 , 80.6 , 75.1 , 83.4 , 81.8 , 86.2 , 85.3}
2025-12-21 23:14:52,995 MambaPro.train INFO: best_Rank-5:{86.2}
2025-12-21 23:14:52,995 MambaPro.train INFO: history_Rank-10:{55.1 , 89.5 , 86.1 , 80.9 , 89.2 , 86.2 , 90.4 , 90.6 , 90.2}
2025-12-21 23:14:52,995 MambaPro.train INFO: best_Rank-10:{90.6}
2025-12-21 23:14:52,995 MambaPro.train INFO: history_Experts:{[0.33 , 0.33 , 0.34] , [0.33 , 0.33 , 0.34] , [0.33 , 0.33 , 0.34] , [0.33 , 0.33 , 0.34] , [0.33 , 0.33 , 0.34] , [0.33 , 0.33 , 0.34] , [0.33 , 0.33 , 0.34] , [0.33 , 0.33 , 0.34] , [0.33 , 0.33 , 0.34]}
2025-12-21 23:14:52,995 MambaPro.train INFO: best_Experts:{[0.33 , 0.33 , 0.34]}
2025-12-21 23:14:52,995 MambaPro.train INFO: 🔥 MoE损失(Val): 平衡=0.0000, 稀疏性=0.9999, 多样性=2.6659, 总=0.0028 (权重: 平衡=0.001, 稀疏性=0.000, 多样性=0.001)
2025-12-21 23:14:52,995 MambaPro.train INFO:    📊 专家权重分布(Val, 3个专家): [0.33 , 0.33 , 0.34]
2025-12-21 23:15:39,082 MambaPro.train INFO: Epoch 46 done. Time per batch: 0.429[s] Speed: 74.5[samples/s]
2025-12-21 23:16:24,934 MambaPro.train INFO: Epoch 47 done. Time per batch: 0.429[s] Speed: 74.7[samples/s]
2025-12-21 23:17:10,790 MambaPro.train INFO: Epoch 48 done. Time per batch: 0.429[s] Speed: 74.7[samples/s]
2025-12-21 23:17:56,196 MambaPro.train INFO: Epoch 49 done. Time per batch: 0.428[s] Speed: 74.7[samples/s]
2025-12-21 23:18:42,061 MambaPro.train INFO: Epoch 50 done. Time per batch: 0.429[s] Speed: 74.7[samples/s]
2025-12-21 23:18:42,811 MambaPro.train INFO: 💾 保存完整检查点: outputs/ablation/multiscale_fixed_weights_20251221_223801/MambaPro_50.pth (Epoch 50)
2025-12-21 23:18:58,724 MambaPro.train INFO: Validation Results - Epoch: 50
2025-12-21 23:18:58,724 MambaPro.train INFO: Current mAP: 75.2%
2025-12-21 23:18:58,724 MambaPro.train INFO: CMC curve, Rank-1  :76.8%
2025-12-21 23:18:58,724 MambaPro.train INFO: CMC curve, Rank-5  :85.8%
2025-12-21 23:18:58,724 MambaPro.train INFO: CMC curve, Rank-10 :89.6%
2025-12-21 23:18:58,727 MambaPro.train INFO: 🎯 New Best! Saving model...
2025-12-21 23:18:59,279 MambaPro.train INFO: [Epoch 50] 指标集合列表（历史）
2025-12-21 23:18:59,280 MambaPro.train INFO: history_mAP:{36.5 , 72.2 , 66.6 , 57.6 , 67.6 , 69.9 , 73.7 , 74.7 , 74.5 , 75.2}
2025-12-21 23:18:59,280 MambaPro.train INFO: best_mAP:{75.2}
2025-12-21 23:18:59,280 MambaPro.train INFO: history_Rank-1:{37.2 , 75.5 , 71.2 , 62.0 , 72.6 , 76.4 , 76.7 , 75.8 , 76.8}
2025-12-21 23:18:59,280 MambaPro.train INFO: best_Rank-1:{76.8}
2025-12-21 23:18:59,280 MambaPro.train INFO: history_Rank-5:{47.8 , 85.8 , 80.6 , 75.1 , 83.4 , 81.8 , 86.2 , 85.3}
2025-12-21 23:18:59,280 MambaPro.train INFO: best_Rank-5:{86.2}
2025-12-21 23:18:59,280 MambaPro.train INFO: history_Rank-10:{55.1 , 89.5 , 86.1 , 80.9 , 89.2 , 86.2 , 90.4 , 90.6 , 90.2 , 89.6}
2025-12-21 23:18:59,280 MambaPro.train INFO: best_Rank-10:{90.6}
2025-12-21 23:18:59,280 MambaPro.train INFO: history_Experts:{[0.33 , 0.33 , 0.34] , [0.33 , 0.33 , 0.34] , [0.33 , 0.33 , 0.34] , [0.33 , 0.33 , 0.34] , [0.33 , 0.33 , 0.34] , [0.33 , 0.33 , 0.34] , [0.33 , 0.33 , 0.34] , [0.33 , 0.33 , 0.34] , [0.33 , 0.33 , 0.34] , [0.33 , 0.33 , 0.34]}
2025-12-21 23:18:59,280 MambaPro.train INFO: best_Experts:{[0.33 , 0.33 , 0.34]}
2025-12-21 23:18:59,280 MambaPro.train INFO: 🔥 MoE损失(Val): 平衡=0.0000, 稀疏性=0.9999, 多样性=2.6659, 总=0.0028 (权重: 平衡=0.001, 稀疏性=0.000, 多样性=0.001)
2025-12-21 23:18:59,280 MambaPro.train INFO:    📊 专家权重分布(Val, 3个专家): [0.33 , 0.33 , 0.34]
2025-12-21 23:19:45,280 MambaPro.train INFO: Epoch 51 done. Time per batch: 0.429[s] Speed: 74.7[samples/s]
2025-12-21 23:20:30,761 MambaPro.train INFO: Epoch 52 done. Time per batch: 0.429[s] Speed: 74.6[samples/s]
2025-12-21 23:21:16,671 MambaPro.train INFO: Epoch 53 done. Time per batch: 0.429[s] Speed: 74.6[samples/s]
2025-12-21 23:22:02,545 MambaPro.train INFO: Epoch 54 done. Time per batch: 0.429[s] Speed: 74.6[samples/s]
2025-12-21 23:22:48,005 MambaPro.train INFO: Epoch 55 done. Time per batch: 0.429[s] Speed: 74.6[samples/s]
2025-12-21 23:23:03,925 MambaPro.train INFO: Validation Results - Epoch: 55
2025-12-21 23:23:03,925 MambaPro.train INFO: Current mAP: 75.8%
2025-12-21 23:23:03,925 MambaPro.train INFO: CMC curve, Rank-1  :77.8%
2025-12-21 23:23:03,925 MambaPro.train INFO: CMC curve, Rank-5  :87.4%
2025-12-21 23:23:03,925 MambaPro.train INFO: CMC curve, Rank-10 :90.8%
2025-12-21 23:23:03,928 MambaPro.train INFO: 🎯 New Best! Saving model...
2025-12-21 23:23:04,648 MambaPro.train INFO: [Epoch 55] 指标集合列表（历史）
2025-12-21 23:23:04,649 MambaPro.train INFO: history_mAP:{36.5 , 72.2 , 66.6 , 57.6 , 67.6 , 69.9 , 73.7 , 74.7 , 74.5 , 75.2 , 75.8}
2025-12-21 23:23:04,649 MambaPro.train INFO: best_mAP:{75.8}
2025-12-21 23:23:04,649 MambaPro.train INFO: history_Rank-1:{37.2 , 75.5 , 71.2 , 62.0 , 72.6 , 76.4 , 76.7 , 75.8 , 76.8 , 77.8}
2025-12-21 23:23:04,649 MambaPro.train INFO: best_Rank-1:{77.8}
2025-12-21 23:23:04,649 MambaPro.train INFO: history_Rank-5:{47.8 , 85.8 , 80.6 , 75.1 , 83.4 , 81.8 , 86.2 , 85.3 , 87.4}
2025-12-21 23:23:04,649 MambaPro.train INFO: best_Rank-5:{87.4}
2025-12-21 23:23:04,649 MambaPro.train INFO: history_Rank-10:{55.1 , 89.5 , 86.1 , 80.9 , 89.2 , 86.2 , 90.4 , 90.6 , 90.2 , 89.6 , 90.8}
2025-12-21 23:23:04,649 MambaPro.train INFO: best_Rank-10:{90.8}
2025-12-21 23:23:04,649 MambaPro.train INFO: history_Experts:{[0.33 , 0.33 , 0.34] , [0.33 , 0.33 , 0.34] , [0.33 , 0.33 , 0.34] , [0.33 , 0.33 , 0.34] , [0.33 , 0.33 , 0.34] , [0.33 , 0.33 , 0.34] , [0.33 , 0.33 , 0.34] , [0.33 , 0.33 , 0.34] , [0.33 , 0.33 , 0.34] , [0.33 , 0.33 , 0.34] , [0.33 , 0.33 , 0.34]}
2025-12-21 23:23:04,649 MambaPro.train INFO: best_Experts:{[0.33 , 0.33 , 0.34]}
2025-12-21 23:23:04,649 MambaPro.train INFO: 🔥 MoE损失(Val): 平衡=0.0000, 稀疏性=0.9999, 多样性=2.6659, 总=0.0028 (权重: 平衡=0.001, 稀疏性=0.000, 多样性=0.001)
2025-12-21 23:23:04,649 MambaPro.train INFO:    📊 专家权重分布(Val, 3个专家): [0.33 , 0.33 , 0.34]
2025-12-21 23:23:50,301 MambaPro.train INFO: Epoch 56 done. Time per batch: 0.429[s] Speed: 74.5[samples/s]
2025-12-21 23:24:36,203 MambaPro.train INFO: Epoch 57 done. Time per batch: 0.429[s] Speed: 74.6[samples/s]
2025-12-21 23:25:22,157 MambaPro.train INFO: Epoch 58 done. Time per batch: 0.429[s] Speed: 74.5[samples/s]
2025-12-21 23:26:08,390 MambaPro.train INFO: Epoch 59 done. Time per batch: 0.432[s] Speed: 74.1[samples/s]
2025-12-21 23:26:53,866 MambaPro.train INFO: Epoch 60 done. Time per batch: 0.429[s] Speed: 74.6[samples/s]
2025-12-21 23:26:54,617 MambaPro.train INFO: 💾 保存完整检查点: outputs/ablation/multiscale_fixed_weights_20251221_223801/MambaPro_60.pth (Epoch 60)
2025-12-21 23:27:10,526 MambaPro.train INFO: Validation Results - Epoch: 60
2025-12-21 23:27:10,526 MambaPro.train INFO: Current mAP: 75.3%
2025-12-21 23:27:10,526 MambaPro.train INFO: CMC curve, Rank-1  :76.6%
2025-12-21 23:27:10,526 MambaPro.train INFO: CMC curve, Rank-5  :87.0%
2025-12-21 23:27:10,526 MambaPro.train INFO: CMC curve, Rank-10 :91.0%
2025-12-21 23:27:10,530 MambaPro.train INFO: [Epoch 60] 指标集合列表（历史）
2025-12-21 23:27:10,530 MambaPro.train INFO: history_mAP:{36.5 , 72.2 , 66.6 , 57.6 , 67.6 , 69.9 , 73.7 , 74.7 , 74.5 , 75.2 , 75.8 , 75.3}
2025-12-21 23:27:10,530 MambaPro.train INFO: best_mAP:{75.8}
2025-12-21 23:27:10,530 MambaPro.train INFO: history_Rank-1:{37.2 , 75.5 , 71.2 , 62.0 , 72.6 , 76.4 , 76.7 , 75.8 , 76.8 , 77.8 , 76.6}
2025-12-21 23:27:10,530 MambaPro.train INFO: best_Rank-1:{77.8}
2025-12-21 23:27:10,530 MambaPro.train INFO: history_Rank-5:{47.8 , 85.8 , 80.6 , 75.1 , 83.4 , 81.8 , 86.2 , 85.3 , 87.4 , 87.0}
2025-12-21 23:27:10,530 MambaPro.train INFO: best_Rank-5:{87.4}
2025-12-21 23:27:10,530 MambaPro.train INFO: history_Rank-10:{55.1 , 89.5 , 86.1 , 80.9 , 89.2 , 86.2 , 90.4 , 90.6 , 90.2 , 89.6 , 90.8 , 91.0}
2025-12-21 23:27:10,530 MambaPro.train INFO: best_Rank-10:{90.8}
2025-12-21 23:27:10,530 MambaPro.train INFO: history_Experts:{[0.33 , 0.33 , 0.34] , [0.33 , 0.33 , 0.34] , [0.33 , 0.33 , 0.34] , [0.33 , 0.33 , 0.34] , [0.33 , 0.33 , 0.34] , [0.33 , 0.33 , 0.34] , [0.33 , 0.33 , 0.34] , [0.33 , 0.33 , 0.34] , [0.33 , 0.33 , 0.34] , [0.33 , 0.33 , 0.34] , [0.33 , 0.33 , 0.34] , [0.33 , 0.33 , 0.34]}
2025-12-21 23:27:10,530 MambaPro.train INFO: best_Experts:{[0.33 , 0.33 , 0.34]}
2025-12-21 23:27:10,530 MambaPro.train INFO: 🔥 MoE损失(Val): 平衡=0.0000, 稀疏性=0.9999, 多样性=2.6659, 总=0.0028 (权重: 平衡=0.001, 稀疏性=0.000, 多样性=0.001)
2025-12-21 23:27:10,530 MambaPro.train INFO:    📊 专家权重分布(Val, 3个专家): [0.33 , 0.33 , 0.34]
2025-12-21 23:27:10,680 MambaPro.train INFO: ============================================================
