2025-12-12 12:42:47,974 MambaPro INFO: ================================================================================
2025-12-12 12:42:47,974 MambaPro INFO: 🧾 实验参数快照（命令行 + 最终配置）
2025-12-12 12:42:47,974 MambaPro INFO: ================================================================================
2025-12-12 12:42:47,974 MambaPro INFO: 【复现实验命令】
2025-12-12 12:42:47,974 MambaPro INFO: /home/zubuntu/miniconda/envs/MambaPro/bin/python train_net.py --config_file mybest_model/experiment_20251013_110028/configs/experiment_config.yml OUTPUT_DIR ./outputs/replay_best_tml
2025-12-12 12:42:47,975 MambaPro INFO: 【命令行参数（args）】
2025-12-12 12:42:47,975 MambaPro INFO: {
2025-12-12 12:42:47,975 MambaPro INFO:   "config_file": "mybest_model/experiment_20251013_110028/configs/experiment_config.yml",
2025-12-12 12:42:47,975 MambaPro INFO:   "fea_cft": 0,
2025-12-12 12:42:47,975 MambaPro INFO:   "opts": [
2025-12-12 12:42:47,975 MambaPro INFO:     "OUTPUT_DIR",
2025-12-12 12:42:47,975 MambaPro INFO:     "./outputs/replay_best_tml"
2025-12-12 12:42:47,975 MambaPro INFO:   ],
2025-12-12 12:42:47,975 MambaPro INFO:   "local_rank": 0,
2025-12-12 12:42:47,975 MambaPro INFO:   "use_multi_scale": false,
2025-12-12 12:42:47,975 MambaPro INFO:   "no_multi_scale": false,
2025-12-12 12:42:47,975 MambaPro INFO:   "use_moe": false,
2025-12-12 12:42:47,975 MambaPro INFO:   "disable_moe": false,
2025-12-12 12:42:47,975 MambaPro INFO:   "no_moe": false,
2025-12-12 12:42:47,975 MambaPro INFO:   "use_attention": false,
2025-12-12 12:42:47,975 MambaPro INFO:   "disable_attention": false,
2025-12-12 12:42:47,975 MambaPro INFO:   "attention_heads": 8,
2025-12-12 12:42:47,975 MambaPro INFO:   "attention_dropout": 0.1
2025-12-12 12:42:47,975 MambaPro INFO: }
2025-12-12 12:42:47,975 MambaPro INFO: 【工作目录】/home/zubuntu/workspace/yzy/MambaPro
2025-12-12 12:42:47,975 MambaPro INFO: 【最终配置（YAML）】
2025-12-12 12:42:47,977 MambaPro INFO: DATALOADER:
2025-12-12 12:42:47,977 MambaPro INFO:   NUM_INSTANCE: 8
2025-12-12 12:42:47,978 MambaPro INFO:   NUM_WORKERS: 8
2025-12-12 12:42:47,978 MambaPro INFO:   SAMPLER: softmax_triplet
2025-12-12 12:42:47,978 MambaPro INFO: DATASETS:
2025-12-12 12:42:47,978 MambaPro INFO:   NAMES: RGBNT201
2025-12-12 12:42:47,978 MambaPro INFO:   ROOT_DIR: /home/zubuntu/workspace/yzy/MambaPro/data/
2025-12-12 12:42:47,978 MambaPro INFO: INPUT:
2025-12-12 12:42:47,978 MambaPro INFO:   PADDING: 10
2025-12-12 12:42:47,978 MambaPro INFO:   PIXEL_MEAN:
2025-12-12 12:42:47,978 MambaPro INFO:   - 0.5
2025-12-12 12:42:47,978 MambaPro INFO:   - 0.5
2025-12-12 12:42:47,978 MambaPro INFO:   - 0.5
2025-12-12 12:42:47,978 MambaPro INFO:   PIXEL_STD:
2025-12-12 12:42:47,978 MambaPro INFO:   - 0.5
2025-12-12 12:42:47,978 MambaPro INFO:   - 0.5
2025-12-12 12:42:47,978 MambaPro INFO:   - 0.5
2025-12-12 12:42:47,978 MambaPro INFO:   PROB: 0.5
2025-12-12 12:42:47,978 MambaPro INFO:   RE_PROB: 0.5
2025-12-12 12:42:47,978 MambaPro INFO:   SIZE_TEST:
2025-12-12 12:42:47,978 MambaPro INFO:   - 256
2025-12-12 12:42:47,978 MambaPro INFO:   - 128
2025-12-12 12:42:47,978 MambaPro INFO:   SIZE_TRAIN:
2025-12-12 12:42:47,978 MambaPro INFO:   - 256
2025-12-12 12:42:47,978 MambaPro INFO:   - 128
2025-12-12 12:42:47,978 MambaPro INFO: MODEL:
2025-12-12 12:42:47,978 MambaPro INFO:   ADAPTER: true
2025-12-12 12:42:47,978 MambaPro INFO:   ATTENTION_DIM: 512
2025-12-12 12:42:47,978 MambaPro INFO:   ATTENTION_DROPOUT: 0.1
2025-12-12 12:42:47,978 MambaPro INFO:   ATTENTION_NUM_HEADS: 8
2025-12-12 12:42:47,978 MambaPro INFO:   ATT_DROP_RATE: 0.0
2025-12-12 12:42:47,978 MambaPro INFO:   CLIP_MULTI_SCALE_SCALES:
2025-12-12 12:42:47,978 MambaPro INFO:   - 4
2025-12-12 12:42:47,978 MambaPro INFO:   - 8
2025-12-12 12:42:47,978 MambaPro INFO:   - 16
2025-12-12 12:42:47,978 MambaPro INFO:   DEVICE: cuda
2025-12-12 12:42:47,978 MambaPro INFO:   DEVICE_ID: '0'
2025-12-12 12:42:47,978 MambaPro INFO:   DIRECT: 1
2025-12-12 12:42:47,978 MambaPro INFO:   DIST_TRAIN: false
2025-12-12 12:42:47,978 MambaPro INFO:   DROP_OUT: 0.0
2025-12-12 12:42:47,978 MambaPro INFO:   DROP_PATH: 0.1
2025-12-12 12:42:47,978 MambaPro INFO:   FLOPS_TEST: false
2025-12-12 12:42:47,978 MambaPro INFO:   FROZEN: true
2025-12-12 12:42:47,978 MambaPro INFO:   GATE_DROPOUT: 0.1
2025-12-12 12:42:47,978 MambaPro INFO:   ID_LOSS_TYPE: softmax
2025-12-12 12:42:47,978 MambaPro INFO:   ID_LOSS_WEIGHT: 0.25
2025-12-12 12:42:47,978 MambaPro INFO:   IF_LABELSMOOTH: 'on'
2025-12-12 12:42:47,978 MambaPro INFO:   IF_WITH_CENTER: 'no'
2025-12-12 12:42:47,978 MambaPro INFO:   LAYER: -1
2025-12-12 12:42:47,978 MambaPro INFO:   MAMBA: true
2025-12-12 12:42:47,978 MambaPro INFO:   MAMBA_BI: false
2025-12-12 12:42:47,978 MambaPro INFO:   METRIC_LOSS_TYPE: triplet
2025-12-12 12:42:47,978 MambaPro INFO:   MOE_BALANCE_LOSS_WEIGHT: 0.01
2025-12-12 12:42:47,978 MambaPro INFO:   MOE_DIVERSITY_LOSS_WEIGHT: 0.01
2025-12-12 12:42:47,978 MambaPro INFO:   MOE_EXPERT_DROPOUT: 0.1
2025-12-12 12:42:47,978 MambaPro INFO:   MOE_EXPERT_HIDDEN_DIM: 1024
2025-12-12 12:42:47,978 MambaPro INFO:   MOE_EXPERT_LAYERS: 2
2025-12-12 12:42:47,978 MambaPro INFO:   MOE_EXPERT_THRESHOLD: 0.1
2025-12-12 12:42:47,978 MambaPro INFO:   MOE_FIXED_WEIGHTS:
2025-12-12 12:42:47,978 MambaPro INFO:   - 0.33
2025-12-12 12:42:47,978 MambaPro INFO:   - 0.33
2025-12-12 12:42:47,978 MambaPro INFO:   - 0.34
2025-12-12 12:42:47,978 MambaPro INFO:   MOE_GATE_DROPOUT: 0.1
2025-12-12 12:42:47,978 MambaPro INFO:   MOE_GATE_LAYERS: 2
2025-12-12 12:42:47,978 MambaPro INFO:   MOE_INIT_WEIGHTS: null
2025-12-12 12:42:47,978 MambaPro INFO:   MOE_NUM_EXPERTS: 3
2025-12-12 12:42:47,978 MambaPro INFO:   MOE_RESIDUAL_WEIGHT: 1.0
2025-12-12 12:42:47,978 MambaPro INFO:   MOE_SCALES:
2025-12-12 12:42:47,978 MambaPro INFO:   - 4
2025-12-12 12:42:47,978 MambaPro INFO:   - 8
2025-12-12 12:42:47,978 MambaPro INFO:   - 16
2025-12-12 12:42:47,978 MambaPro INFO:   MOE_SPARSITY_LOSS_WEIGHT: 0.001
2025-12-12 12:42:47,978 MambaPro INFO:   MOE_TEMPERATURE: 0.7
2025-12-12 12:42:47,978 MambaPro INFO:   MOE_TOP_K: 2
2025-12-12 12:42:47,978 MambaPro INFO:   MOE_TOP_K_MODE: soft
2025-12-12 12:42:47,978 MambaPro INFO:   MOE_USE_FIXED_WEIGHTS: false
2025-12-12 12:42:47,978 MambaPro INFO:   MOE_USE_TOP_K_ROUTING: false
2025-12-12 12:42:47,978 MambaPro INFO:   MULTI_SCALE_SCALES:
2025-12-12 12:42:47,978 MambaPro INFO:   - 4
2025-12-12 12:42:47,979 MambaPro INFO:   - 8
2025-12-12 12:42:47,979 MambaPro INFO:   - 16
2025-12-12 12:42:47,979 MambaPro INFO:   NAME: MambaPro
2025-12-12 12:42:47,979 MambaPro INFO:   NECK: bnneck
2025-12-12 12:42:47,979 MambaPro INFO:   NO_MARGIN: true
2025-12-12 12:42:47,979 MambaPro INFO:   PREFIX_NUM: 1
2025-12-12 12:42:47,979 MambaPro INFO:   PRETRAIN_PATH_T: /home/zubuntu/workspace/yzy/MambaPro/pths/ViT-B-16.pt
2025-12-12 12:42:47,979 MambaPro INFO:   PROMPT: true
2025-12-12 12:42:47,979 MambaPro INFO:   SIE_CAMERA: true
2025-12-12 12:42:47,979 MambaPro INFO:   SIE_COE: 1.0
2025-12-12 12:42:47,979 MambaPro INFO:   SIE_VIEW: false
2025-12-12 12:42:47,979 MambaPro INFO:   STRIDE_SIZE:
2025-12-12 12:42:47,979 MambaPro INFO:   - 16
2025-12-12 12:42:47,979 MambaPro INFO:   - 16
2025-12-12 12:42:47,979 MambaPro INFO:   TRANSFORMER_TYPE: ViT-B-16
2025-12-12 12:42:47,979 MambaPro INFO:   TRIPLET_LOSS_WEIGHT: 1.0
2025-12-12 12:42:47,979 MambaPro INFO:   USE_ATTENTION_FUSION: false
2025-12-12 12:42:47,979 MambaPro INFO:   USE_CLIP_MULTI_SCALE: true
2025-12-12 12:42:47,979 MambaPro INFO:   USE_GATE_FUSION: false
2025-12-12 12:42:47,979 MambaPro INFO:   USE_MULTI_SCALE: false
2025-12-12 12:42:47,979 MambaPro INFO:   USE_MULTI_SCALE_MOE: true
2025-12-12 12:42:47,979 MambaPro INFO: OUTPUT_DIR: ./outputs/replay_best_tml/run_20251212_124247
2025-12-12 12:42:47,979 MambaPro INFO: SOLVER:
2025-12-12 12:42:47,979 MambaPro INFO:   BASE_LR: 0.0005
2025-12-12 12:42:47,979 MambaPro INFO:   BIAS_LR_FACTOR: 2
2025-12-12 12:42:47,979 MambaPro INFO:   CENTER_LOSS_WEIGHT: 0.0005
2025-12-12 12:42:47,979 MambaPro INFO:   CENTER_LR: 0.5
2025-12-12 12:42:47,979 MambaPro INFO:   CHECKPOINT_PERIOD: 10
2025-12-12 12:42:47,979 MambaPro INFO:   CLUSTER_MARGIN: 0.3
2025-12-12 12:42:47,979 MambaPro INFO:   COSINE_MARGIN: 0.5
2025-12-12 12:42:47,979 MambaPro INFO:   COSINE_SCALE: 30
2025-12-12 12:42:47,979 MambaPro INFO:   EVAL_PERIOD: 5
2025-12-12 12:42:47,979 MambaPro INFO:   GAMMA: 0.1
2025-12-12 12:42:47,979 MambaPro INFO:   IMS_PER_BATCH: 32
2025-12-12 12:42:47,979 MambaPro INFO:   LARGE_FC_LR: false
2025-12-12 12:42:47,979 MambaPro INFO:   LOG_PERIOD: 10
2025-12-12 12:42:47,979 MambaPro INFO:   MARGIN: 0.3
2025-12-12 12:42:47,979 MambaPro INFO:   MAX_EPOCHS: 60
2025-12-12 12:42:47,979 MambaPro INFO:   MOE_BALANCE_LOSS_WEIGHT: 0.001
2025-12-12 12:42:47,979 MambaPro INFO:   MOE_BALANCE_LOSS_WEIGHT_END: 0.1
2025-12-12 12:42:47,979 MambaPro INFO:   MOE_BALANCE_LOSS_WEIGHT_START: 0.001
2025-12-12 12:42:47,979 MambaPro INFO:   MOE_BALANCE_THRESHOLD: 0.3
2025-12-12 12:42:47,979 MambaPro INFO:   MOE_DIVERSITY_LOSS_WEIGHT: 0.001
2025-12-12 12:42:47,979 MambaPro INFO:   MOE_DIVERSITY_LOSS_WEIGHT_END: 0.1
2025-12-12 12:42:47,979 MambaPro INFO:   MOE_DIVERSITY_LOSS_WEIGHT_START: 0.001
2025-12-12 12:42:47,979 MambaPro INFO:   MOE_GATE_LR_FACTOR: 0.01
2025-12-12 12:42:47,979 MambaPro INFO:   MOE_LOSS_WEIGHT_SCHEDULE_TYPE: cosine
2025-12-12 12:42:47,979 MambaPro INFO:   MOE_LOSS_WEIGHT_WARMUP_EPOCHS: 5
2025-12-12 12:42:47,979 MambaPro INFO:   MOE_SPARSITY_LOSS_WEIGHT: 0.0001
2025-12-12 12:42:47,979 MambaPro INFO:   MOE_USE_DYNAMIC_LOSS_WEIGHT: false
2025-12-12 12:42:47,979 MambaPro INFO:   MOMENTUM: 0.9
2025-12-12 12:42:47,979 MambaPro INFO:   OPTIMIZER_NAME: Adam
2025-12-12 12:42:47,979 MambaPro INFO:   RANGE_ALPHA: 0
2025-12-12 12:42:47,979 MambaPro INFO:   RANGE_BETA: 1
2025-12-12 12:42:47,979 MambaPro INFO:   RANGE_K: 2
2025-12-12 12:42:47,979 MambaPro INFO:   RANGE_LOSS_WEIGHT: 1
2025-12-12 12:42:47,979 MambaPro INFO:   RANGE_MARGIN: 0.3
2025-12-12 12:42:47,979 MambaPro INFO:   SEED: 42
2025-12-12 12:42:47,979 MambaPro INFO:   STEPS:
2025-12-12 12:42:47,979 MambaPro INFO:   - 30
2025-12-12 12:42:47,979 MambaPro INFO:   - 50
2025-12-12 12:42:47,979 MambaPro INFO:   WARMUP_FACTOR: 0.01
2025-12-12 12:42:47,979 MambaPro INFO:   WARMUP_ITERS: 20
2025-12-12 12:42:47,979 MambaPro INFO:   WARMUP_METHOD: linear
2025-12-12 12:42:47,979 MambaPro INFO:   WEIGHT_DECAY: 0.0005
2025-12-12 12:42:47,979 MambaPro INFO:   WEIGHT_DECAY_BIAS: 0.0005
2025-12-12 12:42:47,979 MambaPro INFO: TEST:
2025-12-12 12:42:47,979 MambaPro INFO:   FEAT: 0
2025-12-12 12:42:47,979 MambaPro INFO:   FEAT_NORM: 'yes'
2025-12-12 12:42:47,979 MambaPro INFO:   IMS_PER_BATCH: 64
2025-12-12 12:42:47,979 MambaPro INFO:   MISS: nothing
2025-12-12 12:42:47,979 MambaPro INFO:   NECK_FEAT: after
2025-12-12 12:42:47,979 MambaPro INFO:   RE_RANKING: 'no'
2025-12-12 12:42:47,979 MambaPro INFO:   WEIGHT: /home/zubuntu/workspace/yzy/MambaPro/pths/MambaProbest.pth
2025-12-12 12:42:47,979 MambaPro INFO: ================================================================================
2025-12-12 12:42:50,213 MambaPro.train INFO: start training
2025-12-12 12:43:10,593 MambaPro.train INFO: Epoch 1 done. Time per batch: 0.190[s] Speed: 168.1[samples/s]
2025-12-12 12:43:30,592 MambaPro.train INFO: Epoch 2 done. Time per batch: 0.187[s] Speed: 171.2[samples/s]
2025-12-12 12:43:50,627 MambaPro.train INFO: Epoch 3 done. Time per batch: 0.187[s] Speed: 170.9[samples/s]
2025-12-12 12:44:10,564 MambaPro.train INFO: Epoch 4 done. Time per batch: 0.186[s] Speed: 171.7[samples/s]
2025-12-12 12:44:30,523 MambaPro.train INFO: Epoch 5 done. Time per batch: 0.187[s] Speed: 171.6[samples/s]
2025-12-12 12:44:38,148 MambaPro.train INFO: Validation Results - Epoch: 5
2025-12-12 12:44:38,148 MambaPro.train INFO: Current mAP: 60.2%
2025-12-12 12:44:38,148 MambaPro.train INFO: CMC curve, Rank-1  :64.2%
2025-12-12 12:44:38,148 MambaPro.train INFO: CMC curve, Rank-5  :79.4%
2025-12-12 12:44:38,148 MambaPro.train INFO: CMC curve, Rank-10 :85.4%
2025-12-12 12:44:38,149 MambaPro.train INFO: 🎯 New Best! Saving model...
2025-12-12 12:44:38,599 MambaPro.train INFO: [Epoch 5] 指标集合列表（历史）
2025-12-12 12:44:38,599 MambaPro.train INFO: history_mAP:{60.2}
2025-12-12 12:44:38,599 MambaPro.train INFO: best_mAP:{60.2}
2025-12-12 12:44:38,599 MambaPro.train INFO: history_Rank-1:{64.2}
2025-12-12 12:44:38,599 MambaPro.train INFO: best_Rank-1:{64.2}
2025-12-12 12:44:38,599 MambaPro.train INFO: history_Rank-5:{79.4}
2025-12-12 12:44:38,599 MambaPro.train INFO: best_Rank-5:{79.4}
2025-12-12 12:44:38,599 MambaPro.train INFO: history_Rank-10:{85.4}
2025-12-12 12:44:38,599 MambaPro.train INFO: best_Rank-10:{85.4}
2025-12-12 12:44:38,599 MambaPro.train INFO: history_Experts:{[0.34 , 0.34 , 0.31]}
2025-12-12 12:44:38,599 MambaPro.train INFO: best_Experts:{[0.34 , 0.34 , 0.31]}
2025-12-12 12:44:38,599 MambaPro.train INFO: 🔥 MoE损失(Val): 平衡=0.0000, 稀疏性=0.9988, 多样性=2.6571, 总=0.0028 (权重: 平衡=0.001, 稀疏性=0.000, 多样性=0.001)
2025-12-12 12:44:38,599 MambaPro.train INFO:    📊 专家权重分布(Val): [0.34 , 0.34 , 0.31]
2025-12-12 12:44:58,727 MambaPro.train INFO: Epoch 6 done. Time per batch: 0.187[s] Speed: 171.3[samples/s]
2025-12-12 12:45:18,726 MambaPro.train INFO: Epoch 7 done. Time per batch: 0.187[s] Speed: 171.2[samples/s]
2025-12-12 12:45:38,763 MambaPro.train INFO: Epoch 8 done. Time per batch: 0.187[s] Speed: 170.9[samples/s]
2025-12-12 12:45:58,801 MambaPro.train INFO: Epoch 9 done. Time per batch: 0.187[s] Speed: 170.9[samples/s]
2025-12-12 12:46:18,811 MambaPro.train INFO: Epoch 10 done. Time per batch: 0.187[s] Speed: 171.1[samples/s]
2025-12-12 12:46:26,771 MambaPro.train INFO: Validation Results - Epoch: 10
2025-12-12 12:46:26,771 MambaPro.train INFO: Current mAP: 51.6%
2025-12-12 12:46:26,771 MambaPro.train INFO: CMC curve, Rank-1  :54.2%
2025-12-12 12:46:26,771 MambaPro.train INFO: CMC curve, Rank-5  :71.2%
2025-12-12 12:46:26,771 MambaPro.train INFO: CMC curve, Rank-10 :79.3%
2025-12-12 12:46:26,772 MambaPro.train INFO: [Epoch 10] 指标集合列表（历史）
2025-12-12 12:46:26,772 MambaPro.train INFO: history_mAP:{60.2 , 51.6}
2025-12-12 12:46:26,772 MambaPro.train INFO: best_mAP:{60.2}
2025-12-12 12:46:26,772 MambaPro.train INFO: history_Rank-1:{64.2 , 54.2}
2025-12-12 12:46:26,772 MambaPro.train INFO: best_Rank-1:{64.2}
2025-12-12 12:46:26,772 MambaPro.train INFO: history_Rank-5:{79.4 , 71.2}
2025-12-12 12:46:26,772 MambaPro.train INFO: best_Rank-5:{79.4}
2025-12-12 12:46:26,772 MambaPro.train INFO: history_Rank-10:{85.4 , 79.3}
2025-12-12 12:46:26,772 MambaPro.train INFO: best_Rank-10:{85.4}
2025-12-12 12:46:26,772 MambaPro.train INFO: history_Experts:{[0.34 , 0.34 , 0.31] , [0.35 , 0.35 , 0.30]}
2025-12-12 12:46:26,772 MambaPro.train INFO: best_Experts:{[0.34 , 0.34 , 0.31]}
2025-12-12 12:46:26,772 MambaPro.train INFO: 🔥 MoE损失(Val): 平衡=0.0000, 稀疏性=0.9974, 多样性=2.6462, 总=0.0027 (权重: 平衡=0.001, 稀疏性=0.000, 多样性=0.001)
2025-12-12 12:46:26,772 MambaPro.train INFO:    📊 专家权重分布(Val): [0.35 , 0.35 , 0.30]
2025-12-12 12:46:46,818 MambaPro.train INFO: Epoch 11 done. Time per batch: 0.188[s] Speed: 170.4[samples/s]
2025-12-12 12:47:06,986 MambaPro.train INFO: Epoch 12 done. Time per batch: 0.188[s] Speed: 169.8[samples/s]
2025-12-12 12:47:27,057 MambaPro.train INFO: Epoch 13 done. Time per batch: 0.188[s] Speed: 170.6[samples/s]
2025-12-12 12:47:47,164 MambaPro.train INFO: Epoch 14 done. Time per batch: 0.188[s] Speed: 170.3[samples/s]
2025-12-12 12:48:07,284 MambaPro.train INFO: Epoch 15 done. Time per batch: 0.188[s] Speed: 170.2[samples/s]
2025-12-12 12:48:14,824 MambaPro.train INFO: Validation Results - Epoch: 15
2025-12-12 12:48:14,824 MambaPro.train INFO: Current mAP: 55.8%
2025-12-12 12:48:14,824 MambaPro.train INFO: CMC curve, Rank-1  :58.6%
2025-12-12 12:48:14,824 MambaPro.train INFO: CMC curve, Rank-5  :72.0%
2025-12-12 12:48:14,824 MambaPro.train INFO: CMC curve, Rank-10 :78.1%
2025-12-12 12:48:14,825 MambaPro.train INFO: [Epoch 15] 指标集合列表（历史）
2025-12-12 12:48:14,825 MambaPro.train INFO: history_mAP:{60.2 , 51.6 , 55.8}
2025-12-12 12:48:14,825 MambaPro.train INFO: best_mAP:{60.2}
2025-12-12 12:48:14,825 MambaPro.train INFO: history_Rank-1:{64.2 , 54.2 , 58.6}
2025-12-12 12:48:14,825 MambaPro.train INFO: best_Rank-1:{64.2}
2025-12-12 12:48:14,825 MambaPro.train INFO: history_Rank-5:{79.4 , 71.2 , 72.0}
2025-12-12 12:48:14,825 MambaPro.train INFO: best_Rank-5:{79.4}
2025-12-12 12:48:14,825 MambaPro.train INFO: history_Rank-10:{85.4 , 79.3 , 78.1}
2025-12-12 12:48:14,825 MambaPro.train INFO: best_Rank-10:{85.4}
2025-12-12 12:48:14,825 MambaPro.train INFO: history_Experts:{[0.34 , 0.34 , 0.31] , [0.35 , 0.35 , 0.30] , [0.37 , 0.35 , 0.27]}
2025-12-12 12:48:14,825 MambaPro.train INFO: best_Experts:{[0.34 , 0.34 , 0.31]}
2025-12-12 12:48:14,825 MambaPro.train INFO: 🔥 MoE损失(Val): 平衡=0.0000, 稀疏性=0.9910, 多样性=2.5960, 总=0.0027 (权重: 平衡=0.001, 稀疏性=0.000, 多样性=0.001)
2025-12-12 12:48:14,825 MambaPro.train INFO:    📊 专家权重分布(Val): [0.37 , 0.35 , 0.27]
2025-12-12 12:48:35,107 MambaPro.train INFO: Epoch 16 done. Time per batch: 0.188[s] Speed: 170.0[samples/s]
2025-12-12 12:48:55,159 MambaPro.train INFO: Epoch 17 done. Time per batch: 0.187[s] Speed: 170.8[samples/s]
2025-12-12 12:49:15,098 MambaPro.train INFO: Epoch 18 done. Time per batch: 0.188[s] Speed: 170.1[samples/s]
2025-12-12 12:49:35,147 MambaPro.train INFO: Epoch 19 done. Time per batch: 0.187[s] Speed: 170.8[samples/s]
2025-12-12 12:49:55,170 MambaPro.train INFO: Epoch 20 done. Time per batch: 0.187[s] Speed: 171.0[samples/s]
2025-12-12 12:50:03,056 MambaPro.train INFO: Validation Results - Epoch: 20
2025-12-12 12:50:03,056 MambaPro.train INFO: Current mAP: 62.1%
2025-12-12 12:50:03,056 MambaPro.train INFO: CMC curve, Rank-1  :65.6%
2025-12-12 12:50:03,056 MambaPro.train INFO: CMC curve, Rank-5  :81.0%
2025-12-12 12:50:03,056 MambaPro.train INFO: CMC curve, Rank-10 :87.9%
2025-12-12 12:50:03,056 MambaPro.train INFO: 🎯 New Best! Saving model...
2025-12-12 12:50:04,583 MambaPro.train INFO: [Epoch 20] 指标集合列表（历史）
2025-12-12 12:50:04,583 MambaPro.train INFO: history_mAP:{60.2 , 51.6 , 55.8 , 62.1}
2025-12-12 12:50:04,583 MambaPro.train INFO: best_mAP:{62.1}
2025-12-12 12:50:04,583 MambaPro.train INFO: history_Rank-1:{64.2 , 54.2 , 58.6 , 65.6}
2025-12-12 12:50:04,583 MambaPro.train INFO: best_Rank-1:{65.6}
2025-12-12 12:50:04,583 MambaPro.train INFO: history_Rank-5:{79.4 , 71.2 , 72.0 , 81.0}
2025-12-12 12:50:04,583 MambaPro.train INFO: best_Rank-5:{81.0}
2025-12-12 12:50:04,584 MambaPro.train INFO: history_Rank-10:{85.4 , 79.3 , 78.1 , 87.9}
2025-12-12 12:50:04,584 MambaPro.train INFO: best_Rank-10:{87.9}
2025-12-12 12:50:04,584 MambaPro.train INFO: history_Experts:{[0.34 , 0.34 , 0.31] , [0.35 , 0.35 , 0.30] , [0.37 , 0.35 , 0.27] , [0.48 , 0.34 , 0.18]}
2025-12-12 12:50:04,584 MambaPro.train INFO: best_Experts:{[0.48 , 0.34 , 0.18]}
2025-12-12 12:50:04,584 MambaPro.train INFO: 🔥 MoE损失(Val): 平衡=0.0141, 稀疏性=0.9339, 多样性=2.1996, 总=0.0023 (权重: 平衡=0.001, 稀疏性=0.000, 多样性=0.001)
2025-12-12 12:50:04,584 MambaPro.train INFO:    📊 专家权重分布(Val): [0.48 , 0.34 , 0.18]
2025-12-12 12:50:24,629 MambaPro.train INFO: Epoch 21 done. Time per batch: 0.188[s] Speed: 170.4[samples/s]
2025-12-12 12:50:44,803 MambaPro.train INFO: Epoch 22 done. Time per batch: 0.189[s] Speed: 169.7[samples/s]
2025-12-12 12:51:04,872 MambaPro.train INFO: Epoch 23 done. Time per batch: 0.188[s] Speed: 170.6[samples/s]
2025-12-12 12:51:24,921 MambaPro.train INFO: Epoch 24 done. Time per batch: 0.187[s] Speed: 170.8[samples/s]
2025-12-12 12:51:44,880 MambaPro.train INFO: Epoch 25 done. Time per batch: 0.188[s] Speed: 170.0[samples/s]
2025-12-12 12:51:52,403 MambaPro.train INFO: Validation Results - Epoch: 25
2025-12-12 12:51:52,404 MambaPro.train INFO: Current mAP: 75.0%
2025-12-12 12:51:52,404 MambaPro.train INFO: CMC curve, Rank-1  :79.1%
2025-12-12 12:51:52,404 MambaPro.train INFO: CMC curve, Rank-5  :89.1%
2025-12-12 12:51:52,404 MambaPro.train INFO: CMC curve, Rank-10 :92.0%
2025-12-12 12:51:52,404 MambaPro.train INFO: 🎯 New Best! Saving model...
2025-12-12 12:51:53,134 MambaPro.train INFO: [Epoch 25] 指标集合列表（历史）
2025-12-12 12:51:53,135 MambaPro.train INFO: history_mAP:{60.2 , 51.6 , 55.8 , 62.1 , 75.0}
2025-12-12 12:51:53,135 MambaPro.train INFO: best_mAP:{75.0}
2025-12-12 12:51:53,135 MambaPro.train INFO: history_Rank-1:{64.2 , 54.2 , 58.6 , 65.6 , 79.1}
2025-12-12 12:51:53,135 MambaPro.train INFO: best_Rank-1:{79.1}
2025-12-12 12:51:53,135 MambaPro.train INFO: history_Rank-5:{79.4 , 71.2 , 72.0 , 81.0 , 89.1}
2025-12-12 12:51:53,135 MambaPro.train INFO: best_Rank-5:{89.1}
2025-12-12 12:51:53,135 MambaPro.train INFO: history_Rank-10:{85.4 , 79.3 , 78.1 , 87.9 , 92.0}
2025-12-12 12:51:53,135 MambaPro.train INFO: best_Rank-10:{92.0}
2025-12-12 12:51:53,135 MambaPro.train INFO: history_Experts:{[0.34 , 0.34 , 0.31] , [0.35 , 0.35 , 0.30] , [0.37 , 0.35 , 0.27] , [0.48 , 0.34 , 0.18] , [0.77 , 0.14 , 0.09]}
2025-12-12 12:51:53,135 MambaPro.train INFO: best_Experts:{[0.77 , 0.14 , 0.09]}
2025-12-12 12:51:53,135 MambaPro.train INFO: 🔥 MoE损失(Val): 平衡=0.4310, 稀疏性=0.5670, 多样性=0.8104, 总=0.0013 (权重: 平衡=0.001, 稀疏性=0.000, 多样性=0.001)
2025-12-12 12:51:53,135 MambaPro.train INFO:    📊 专家权重分布(Val): [0.77 , 0.14 , 0.09]
2025-12-12 12:52:13,434 MambaPro.train INFO: Epoch 26 done. Time per batch: 0.188[s] Speed: 169.9[samples/s]
2025-12-12 12:52:33,518 MambaPro.train INFO: Epoch 27 done. Time per batch: 0.188[s] Speed: 170.5[samples/s]
2025-12-12 12:52:53,643 MambaPro.train INFO: Epoch 28 done. Time per batch: 0.188[s] Speed: 170.1[samples/s]
2025-12-12 12:53:13,758 MambaPro.train INFO: Epoch 29 done. Time per batch: 0.188[s] Speed: 170.2[samples/s]
2025-12-12 12:53:33,874 MambaPro.train INFO: Epoch 30 done. Time per batch: 0.188[s] Speed: 170.2[samples/s]
2025-12-12 12:53:41,870 MambaPro.train INFO: Validation Results - Epoch: 30
2025-12-12 12:53:41,871 MambaPro.train INFO: Current mAP: 75.4%
2025-12-12 12:53:41,871 MambaPro.train INFO: CMC curve, Rank-1  :79.9%
2025-12-12 12:53:41,871 MambaPro.train INFO: CMC curve, Rank-5  :87.8%
2025-12-12 12:53:41,871 MambaPro.train INFO: CMC curve, Rank-10 :92.3%
2025-12-12 12:53:41,871 MambaPro.train INFO: 🎯 New Best! Saving model...
2025-12-12 12:53:42,648 MambaPro.train INFO: [Epoch 30] 指标集合列表（历史）
2025-12-12 12:53:42,648 MambaPro.train INFO: history_mAP:{60.2 , 51.6 , 55.8 , 62.1 , 75.0 , 75.4}
2025-12-12 12:53:42,648 MambaPro.train INFO: best_mAP:{75.4}
2025-12-12 12:53:42,648 MambaPro.train INFO: history_Rank-1:{64.2 , 54.2 , 58.6 , 65.6 , 79.1 , 79.9}
2025-12-12 12:53:42,648 MambaPro.train INFO: best_Rank-1:{79.9}
2025-12-12 12:53:42,648 MambaPro.train INFO: history_Rank-5:{79.4 , 71.2 , 72.0 , 81.0 , 89.1 , 87.8}
2025-12-12 12:53:42,649 MambaPro.train INFO: best_Rank-5:{89.1}
2025-12-12 12:53:42,649 MambaPro.train INFO: history_Rank-10:{85.4 , 79.3 , 78.1 , 87.9 , 92.0 , 92.3}
2025-12-12 12:53:42,649 MambaPro.train INFO: best_Rank-10:{92.3}
2025-12-12 12:53:42,649 MambaPro.train INFO: history_Experts:{[0.34 , 0.34 , 0.31] , [0.35 , 0.35 , 0.30] , [0.37 , 0.35 , 0.27] , [0.48 , 0.34 , 0.18] , [0.77 , 0.14 , 0.09] , [0.86 , 0.09 , 0.06]}
2025-12-12 12:53:42,649 MambaPro.train INFO: best_Experts:{[0.86 , 0.09 , 0.06]}
2025-12-12 12:53:42,649 MambaPro.train INFO: 🔥 MoE损失(Val): 平衡=0.6999, 稀疏性=0.3803, 多样性=0.4529, 总=0.0012 (权重: 平衡=0.001, 稀疏性=0.000, 多样性=0.001)
2025-12-12 12:53:42,649 MambaPro.train INFO:    📊 专家权重分布(Val): [0.86 , 0.09 , 0.06]
2025-12-12 12:54:03,065 MambaPro.train INFO: Epoch 31 done. Time per batch: 0.190[s] Speed: 168.8[samples/s]
2025-12-12 12:54:23,052 MambaPro.train INFO: Epoch 32 done. Time per batch: 0.189[s] Speed: 169.7[samples/s]
2025-12-12 12:54:43,160 MambaPro.train INFO: Epoch 33 done. Time per batch: 0.188[s] Speed: 170.3[samples/s]
2025-12-12 12:55:03,199 MambaPro.train INFO: Epoch 34 done. Time per batch: 0.189[s] Speed: 169.3[samples/s]
2025-12-12 12:55:23,479 MambaPro.train INFO: Epoch 35 done. Time per batch: 0.190[s] Speed: 168.8[samples/s]
2025-12-12 12:55:31,057 MambaPro.train INFO: Validation Results - Epoch: 35
2025-12-12 12:55:31,057 MambaPro.train INFO: Current mAP: 75.9%
2025-12-12 12:55:31,057 MambaPro.train INFO: CMC curve, Rank-1  :78.6%
2025-12-12 12:55:31,057 MambaPro.train INFO: CMC curve, Rank-5  :85.8%
2025-12-12 12:55:31,057 MambaPro.train INFO: CMC curve, Rank-10 :90.0%
2025-12-12 12:55:31,058 MambaPro.train INFO: 🎯 New Best! Saving model...
2025-12-12 12:55:31,924 MambaPro.train INFO: [Epoch 35] 指标集合列表（历史）
2025-12-12 12:55:31,924 MambaPro.train INFO: history_mAP:{60.2 , 51.6 , 55.8 , 62.1 , 75.0 , 75.4 , 75.9}
2025-12-12 12:55:31,924 MambaPro.train INFO: best_mAP:{75.9}
2025-12-12 12:55:31,924 MambaPro.train INFO: history_Rank-1:{64.2 , 54.2 , 58.6 , 65.6 , 79.1 , 79.9 , 78.6}
2025-12-12 12:55:31,924 MambaPro.train INFO: best_Rank-1:{79.9}
2025-12-12 12:55:31,924 MambaPro.train INFO: history_Rank-5:{79.4 , 71.2 , 72.0 , 81.0 , 89.1 , 87.8 , 85.8}
2025-12-12 12:55:31,924 MambaPro.train INFO: best_Rank-5:{89.1}
2025-12-12 12:55:31,924 MambaPro.train INFO: history_Rank-10:{85.4 , 79.3 , 78.1 , 87.9 , 92.0 , 92.3 , 90.0}
2025-12-12 12:55:31,924 MambaPro.train INFO: best_Rank-10:{92.3}
2025-12-12 12:55:31,925 MambaPro.train INFO: history_Experts:{[0.34 , 0.34 , 0.31] , [0.35 , 0.35 , 0.30] , [0.37 , 0.35 , 0.27] , [0.48 , 0.34 , 0.18] , [0.77 , 0.14 , 0.09] , [0.86 , 0.09 , 0.06] , [0.90 , 0.06 , 0.04]}
2025-12-12 12:55:31,925 MambaPro.train INFO: best_Experts:{[0.90 , 0.06 , 0.04]}
2025-12-12 12:55:31,925 MambaPro.train INFO: 🔥 MoE损失(Val): 平衡=0.8472, 稀疏性=0.2827, 多样性=0.3097, 总=0.0012 (权重: 平衡=0.001, 稀疏性=0.000, 多样性=0.001)
2025-12-12 12:55:31,925 MambaPro.train INFO:    📊 专家权重分布(Val): [0.90 , 0.06 , 0.04]
2025-12-12 12:55:52,231 MambaPro.train INFO: Epoch 36 done. Time per batch: 0.189[s] Speed: 169.7[samples/s]
2025-12-12 12:56:12,365 MambaPro.train INFO: Epoch 37 done. Time per batch: 0.188[s] Speed: 170.1[samples/s]
2025-12-12 12:56:32,277 MambaPro.train INFO: Epoch 38 done. Time per batch: 0.188[s] Speed: 170.3[samples/s]
2025-12-12 12:56:52,458 MambaPro.train INFO: Epoch 39 done. Time per batch: 0.189[s] Speed: 169.7[samples/s]
2025-12-12 12:57:12,430 MambaPro.train INFO: Epoch 40 done. Time per batch: 0.188[s] Speed: 169.8[samples/s]
2025-12-12 12:57:20,366 MambaPro.train INFO: Validation Results - Epoch: 40
2025-12-12 12:57:20,366 MambaPro.train INFO: Current mAP: 75.6%
2025-12-12 12:57:20,366 MambaPro.train INFO: CMC curve, Rank-1  :79.5%
2025-12-12 12:57:20,366 MambaPro.train INFO: CMC curve, Rank-5  :87.7%
2025-12-12 12:57:20,366 MambaPro.train INFO: CMC curve, Rank-10 :90.9%
2025-12-12 12:57:20,367 MambaPro.train INFO: [Epoch 40] 指标集合列表（历史）
2025-12-12 12:57:20,367 MambaPro.train INFO: history_mAP:{60.2 , 51.6 , 55.8 , 62.1 , 75.0 , 75.4 , 75.9 , 75.6}
2025-12-12 12:57:20,367 MambaPro.train INFO: best_mAP:{75.9}
2025-12-12 12:57:20,367 MambaPro.train INFO: history_Rank-1:{64.2 , 54.2 , 58.6 , 65.6 , 79.1 , 79.9 , 78.6 , 79.5}
2025-12-12 12:57:20,367 MambaPro.train INFO: best_Rank-1:{79.9}
2025-12-12 12:57:20,367 MambaPro.train INFO: history_Rank-5:{79.4 , 71.2 , 72.0 , 81.0 , 89.1 , 87.8 , 85.8 , 87.7}
2025-12-12 12:57:20,367 MambaPro.train INFO: best_Rank-5:{89.1}
2025-12-12 12:57:20,367 MambaPro.train INFO: history_Rank-10:{85.4 , 79.3 , 78.1 , 87.9 , 92.0 , 92.3 , 90.0 , 90.9}
2025-12-12 12:57:20,367 MambaPro.train INFO: best_Rank-10:{92.3}
2025-12-12 12:57:20,367 MambaPro.train INFO: history_Experts:{[0.34 , 0.34 , 0.31] , [0.35 , 0.35 , 0.30] , [0.37 , 0.35 , 0.27] , [0.48 , 0.34 , 0.18] , [0.77 , 0.14 , 0.09] , [0.86 , 0.09 , 0.06] , [0.90 , 0.06 , 0.04] , [0.92 , 0.05 , 0.03]}
2025-12-12 12:57:20,367 MambaPro.train INFO: best_Experts:{[0.90 , 0.06 , 0.04]}
2025-12-12 12:57:20,367 MambaPro.train INFO: 🔥 MoE损失(Val): 平衡=0.9250, 稀疏性=0.2320, 多样性=0.2439, 总=0.0012 (权重: 平衡=0.001, 稀疏性=0.000, 多样性=0.001)
2025-12-12 12:57:20,367 MambaPro.train INFO:    📊 专家权重分布(Val): [0.92 , 0.05 , 0.03]
2025-12-12 12:57:40,753 MambaPro.train INFO: Epoch 41 done. Time per batch: 0.189[s] Speed: 169.1[samples/s]
2025-12-12 12:58:00,849 MambaPro.train INFO: Epoch 42 done. Time per batch: 0.188[s] Speed: 170.4[samples/s]
2025-12-12 12:58:20,970 MambaPro.train INFO: Epoch 43 done. Time per batch: 0.188[s] Speed: 170.2[samples/s]
2025-12-12 12:58:41,157 MambaPro.train INFO: Epoch 44 done. Time per batch: 0.189[s] Speed: 169.6[samples/s]
2025-12-12 12:59:01,266 MambaPro.train INFO: Epoch 45 done. Time per batch: 0.188[s] Speed: 170.3[samples/s]
2025-12-12 12:59:08,850 MambaPro.train INFO: Validation Results - Epoch: 45
2025-12-12 12:59:08,850 MambaPro.train INFO: Current mAP: 74.2%
2025-12-12 12:59:08,850 MambaPro.train INFO: CMC curve, Rank-1  :78.6%
2025-12-12 12:59:08,850 MambaPro.train INFO: CMC curve, Rank-5  :86.7%
2025-12-12 12:59:08,850 MambaPro.train INFO: CMC curve, Rank-10 :90.6%
2025-12-12 12:59:08,851 MambaPro.train INFO: [Epoch 45] 指标集合列表（历史）
2025-12-12 12:59:08,851 MambaPro.train INFO: history_mAP:{60.2 , 51.6 , 55.8 , 62.1 , 75.0 , 75.4 , 75.9 , 75.6 , 74.2}
2025-12-12 12:59:08,851 MambaPro.train INFO: best_mAP:{75.9}
2025-12-12 12:59:08,851 MambaPro.train INFO: history_Rank-1:{64.2 , 54.2 , 58.6 , 65.6 , 79.1 , 79.9 , 78.6 , 79.5}
2025-12-12 12:59:08,851 MambaPro.train INFO: best_Rank-1:{79.9}
2025-12-12 12:59:08,851 MambaPro.train INFO: history_Rank-5:{79.4 , 71.2 , 72.0 , 81.0 , 89.1 , 87.8 , 85.8 , 87.7 , 86.7}
2025-12-12 12:59:08,851 MambaPro.train INFO: best_Rank-5:{89.1}
2025-12-12 12:59:08,851 MambaPro.train INFO: history_Rank-10:{85.4 , 79.3 , 78.1 , 87.9 , 92.0 , 92.3 , 90.0 , 90.9 , 90.6}
2025-12-12 12:59:08,851 MambaPro.train INFO: best_Rank-10:{92.3}
2025-12-12 12:59:08,851 MambaPro.train INFO: history_Experts:{[0.34 , 0.34 , 0.31] , [0.35 , 0.35 , 0.30] , [0.37 , 0.35 , 0.27] , [0.48 , 0.34 , 0.18] , [0.77 , 0.14 , 0.09] , [0.86 , 0.09 , 0.06] , [0.90 , 0.06 , 0.04] , [0.92 , 0.05 , 0.03] , [0.93 , 0.04 , 0.03]}
2025-12-12 12:59:08,851 MambaPro.train INFO: best_Experts:{[0.90 , 0.06 , 0.04]}
2025-12-12 12:59:08,851 MambaPro.train INFO: 🔥 MoE损失(Val): 平衡=0.9741, 稀疏性=0.2003, 多样性=0.2055, 总=0.0012 (权重: 平衡=0.001, 稀疏性=0.000, 多样性=0.001)
2025-12-12 12:59:08,851 MambaPro.train INFO:    📊 专家权重分布(Val): [0.93 , 0.04 , 0.03]
2025-12-12 12:59:29,115 MambaPro.train INFO: Epoch 46 done. Time per batch: 0.188[s] Speed: 170.1[samples/s]
2025-12-12 12:59:49,229 MambaPro.train INFO: Epoch 47 done. Time per batch: 0.188[s] Speed: 170.2[samples/s]
2025-12-12 13:00:09,246 MambaPro.train INFO: Epoch 48 done. Time per batch: 0.189[s] Speed: 169.5[samples/s]
2025-12-12 13:00:29,432 MambaPro.train INFO: Epoch 49 done. Time per batch: 0.189[s] Speed: 169.6[samples/s]
2025-12-12 13:00:49,565 MambaPro.train INFO: Epoch 50 done. Time per batch: 0.188[s] Speed: 170.1[samples/s]
2025-12-12 13:00:57,527 MambaPro.train INFO: Validation Results - Epoch: 50
2025-12-12 13:00:57,527 MambaPro.train INFO: Current mAP: 74.3%
2025-12-12 13:00:57,527 MambaPro.train INFO: CMC curve, Rank-1  :77.3%
2025-12-12 13:00:57,527 MambaPro.train INFO: CMC curve, Rank-5  :86.5%
2025-12-12 13:00:57,528 MambaPro.train INFO: CMC curve, Rank-10 :89.7%
2025-12-12 13:00:57,528 MambaPro.train INFO: [Epoch 50] 指标集合列表（历史）
2025-12-12 13:00:57,528 MambaPro.train INFO: history_mAP:{60.2 , 51.6 , 55.8 , 62.1 , 75.0 , 75.4 , 75.9 , 75.6 , 74.2 , 74.3}
2025-12-12 13:00:57,528 MambaPro.train INFO: best_mAP:{75.9}
2025-12-12 13:00:57,528 MambaPro.train INFO: history_Rank-1:{64.2 , 54.2 , 58.6 , 65.6 , 79.1 , 79.9 , 78.6 , 79.5 , 77.3}
2025-12-12 13:00:57,528 MambaPro.train INFO: best_Rank-1:{79.9}
2025-12-12 13:00:57,528 MambaPro.train INFO: history_Rank-5:{79.4 , 71.2 , 72.0 , 81.0 , 89.1 , 87.8 , 85.8 , 87.7 , 86.7 , 86.5}
2025-12-12 13:00:57,528 MambaPro.train INFO: best_Rank-5:{89.1}
2025-12-12 13:00:57,528 MambaPro.train INFO: history_Rank-10:{85.4 , 79.3 , 78.1 , 87.9 , 92.0 , 92.3 , 90.0 , 90.9 , 90.6 , 89.7}
2025-12-12 13:00:57,528 MambaPro.train INFO: best_Rank-10:{92.3}
2025-12-12 13:00:57,529 MambaPro.train INFO: history_Experts:{[0.34 , 0.34 , 0.31] , [0.35 , 0.35 , 0.30] , [0.37 , 0.35 , 0.27] , [0.48 , 0.34 , 0.18] , [0.77 , 0.14 , 0.09] , [0.86 , 0.09 , 0.06] , [0.90 , 0.06 , 0.04] , [0.92 , 0.05 , 0.03] , [0.93 , 0.04 , 0.03] , [0.94 , 0.04 , 0.03]}
2025-12-12 13:00:57,529 MambaPro.train INFO: best_Experts:{[0.90 , 0.06 , 0.04]}
2025-12-12 13:00:57,529 MambaPro.train INFO: 🔥 MoE损失(Val): 平衡=1.0091, 稀疏性=0.1778, 多样性=0.1793, 总=0.0012 (权重: 平衡=0.001, 稀疏性=0.000, 多样性=0.001)
2025-12-12 13:00:57,529 MambaPro.train INFO:    📊 专家权重分布(Val): [0.94 , 0.04 , 0.03]
2025-12-12 13:01:17,760 MambaPro.train INFO: Epoch 51 done. Time per batch: 0.190[s] Speed: 168.8[samples/s]
2025-12-12 13:01:37,757 MambaPro.train INFO: Epoch 52 done. Time per batch: 0.189[s] Speed: 169.6[samples/s]
2025-12-12 13:01:57,945 MambaPro.train INFO: Epoch 53 done. Time per batch: 0.189[s] Speed: 169.6[samples/s]
2025-12-12 13:02:18,111 MambaPro.train INFO: Epoch 54 done. Time per batch: 0.188[s] Speed: 169.8[samples/s]
2025-12-12 13:02:38,300 MambaPro.train INFO: Epoch 55 done. Time per batch: 0.189[s] Speed: 169.6[samples/s]
2025-12-12 13:02:45,851 MambaPro.train INFO: Validation Results - Epoch: 55
2025-12-12 13:02:45,851 MambaPro.train INFO: Current mAP: 75.2%
2025-12-12 13:02:45,851 MambaPro.train INFO: CMC curve, Rank-1  :78.8%
2025-12-12 13:02:45,851 MambaPro.train INFO: CMC curve, Rank-5  :87.3%
2025-12-12 13:02:45,851 MambaPro.train INFO: CMC curve, Rank-10 :90.9%
2025-12-12 13:02:45,852 MambaPro.train INFO: [Epoch 55] 指标集合列表（历史）
2025-12-12 13:02:45,852 MambaPro.train INFO: history_mAP:{60.2 , 51.6 , 55.8 , 62.1 , 75.0 , 75.4 , 75.9 , 75.6 , 74.2 , 74.3 , 75.2}
2025-12-12 13:02:45,852 MambaPro.train INFO: best_mAP:{75.9}
2025-12-12 13:02:45,852 MambaPro.train INFO: history_Rank-1:{64.2 , 54.2 , 58.6 , 65.6 , 79.1 , 79.9 , 78.6 , 79.5 , 77.3 , 78.8}
2025-12-12 13:02:45,852 MambaPro.train INFO: best_Rank-1:{79.9}
2025-12-12 13:02:45,852 MambaPro.train INFO: history_Rank-5:{79.4 , 71.2 , 72.0 , 81.0 , 89.1 , 87.8 , 85.8 , 87.7 , 86.7 , 86.5 , 87.3}
2025-12-12 13:02:45,852 MambaPro.train INFO: best_Rank-5:{89.1}
2025-12-12 13:02:45,852 MambaPro.train INFO: history_Rank-10:{85.4 , 79.3 , 78.1 , 87.9 , 92.0 , 92.3 , 90.0 , 90.9 , 90.6 , 89.7}
2025-12-12 13:02:45,852 MambaPro.train INFO: best_Rank-10:{92.3}
2025-12-12 13:02:45,852 MambaPro.train INFO: history_Experts:{[0.34 , 0.34 , 0.31] , [0.35 , 0.35 , 0.30] , [0.37 , 0.35 , 0.27] , [0.48 , 0.34 , 0.18] , [0.77 , 0.14 , 0.09] , [0.86 , 0.09 , 0.06] , [0.90 , 0.06 , 0.04] , [0.92 , 0.05 , 0.03] , [0.93 , 0.04 , 0.03] , [0.94 , 0.04 , 0.03] , [0.94 , 0.03 , 0.02]}
2025-12-12 13:02:45,852 MambaPro.train INFO: best_Experts:{[0.90 , 0.06 , 0.04]}
2025-12-12 13:02:45,852 MambaPro.train INFO: 🔥 MoE损失(Val): 平衡=1.0350, 稀疏性=0.1612, 多样性=0.1605, 总=0.0012 (权重: 平衡=0.001, 稀疏性=0.000, 多样性=0.001)
2025-12-12 13:02:45,852 MambaPro.train INFO:    📊 专家权重分布(Val): [0.94 , 0.03 , 0.02]
2025-12-12 13:03:05,976 MambaPro.train INFO: Epoch 56 done. Time per batch: 0.189[s] Speed: 169.7[samples/s]
2025-12-12 13:03:26,174 MambaPro.train INFO: Epoch 57 done. Time per batch: 0.189[s] Speed: 169.5[samples/s]
2025-12-12 13:03:46,380 MambaPro.train INFO: Epoch 58 done. Time per batch: 0.189[s] Speed: 169.5[samples/s]
2025-12-12 13:04:06,369 MambaPro.train INFO: Epoch 59 done. Time per batch: 0.189[s] Speed: 169.7[samples/s]
2025-12-12 13:04:26,586 MambaPro.train INFO: Epoch 60 done. Time per batch: 0.189[s] Speed: 169.4[samples/s]
2025-12-12 13:04:34,639 MambaPro.train INFO: Validation Results - Epoch: 60
2025-12-12 13:04:34,639 MambaPro.train INFO: Current mAP: 75.3%
2025-12-12 13:04:34,639 MambaPro.train INFO: CMC curve, Rank-1  :78.3%
2025-12-12 13:04:34,639 MambaPro.train INFO: CMC curve, Rank-5  :87.0%
2025-12-12 13:04:34,639 MambaPro.train INFO: CMC curve, Rank-10 :90.7%
2025-12-12 13:04:34,640 MambaPro.train INFO: [Epoch 60] 指标集合列表（历史）
2025-12-12 13:04:34,640 MambaPro.train INFO: history_mAP:{60.2 , 51.6 , 55.8 , 62.1 , 75.0 , 75.4 , 75.9 , 75.6 , 74.2 , 74.3 , 75.2 , 75.3}
2025-12-12 13:04:34,640 MambaPro.train INFO: best_mAP:{75.9}
2025-12-12 13:04:34,640 MambaPro.train INFO: history_Rank-1:{64.2 , 54.2 , 58.6 , 65.6 , 79.1 , 79.9 , 78.6 , 79.5 , 77.3 , 78.8 , 78.3}
2025-12-12 13:04:34,640 MambaPro.train INFO: best_Rank-1:{79.9}
2025-12-12 13:04:34,640 MambaPro.train INFO: history_Rank-5:{79.4 , 71.2 , 72.0 , 81.0 , 89.1 , 87.8 , 85.8 , 87.7 , 86.7 , 86.5 , 87.3 , 87.0}
2025-12-12 13:04:34,640 MambaPro.train INFO: best_Rank-5:{89.1}
2025-12-12 13:04:34,640 MambaPro.train INFO: history_Rank-10:{85.4 , 79.3 , 78.1 , 87.9 , 92.0 , 92.3 , 90.0 , 90.9 , 90.6 , 89.7 , 90.7}
2025-12-12 13:04:34,640 MambaPro.train INFO: best_Rank-10:{92.3}
2025-12-12 13:04:34,640 MambaPro.train INFO: history_Experts:{[0.34 , 0.34 , 0.31] , [0.35 , 0.35 , 0.30] , [0.37 , 0.35 , 0.27] , [0.48 , 0.34 , 0.18] , [0.77 , 0.14 , 0.09] , [0.86 , 0.09 , 0.06] , [0.90 , 0.06 , 0.04] , [0.92 , 0.05 , 0.03] , [0.93 , 0.04 , 0.03] , [0.94 , 0.04 , 0.03] , [0.94 , 0.03 , 0.02] , [0.95 , 0.03 , 0.02]}
2025-12-12 13:04:34,640 MambaPro.train INFO: best_Experts:{[0.90 , 0.06 , 0.04]}
2025-12-12 13:04:34,640 MambaPro.train INFO: 🔥 MoE损失(Val): 平衡=1.0547, 稀疏性=0.1486, 多样性=0.1466, 总=0.0012 (权重: 平衡=0.001, 稀疏性=0.000, 多样性=0.001)
2025-12-12 13:04:34,640 MambaPro.train INFO:    📊 专家权重分布(Val): [0.95 , 0.03 , 0.02]
2025-12-12 13:04:34,778 MambaPro.train INFO: ============================================================
