2025-12-22 16:42:10,397 MambaPro INFO: ================================================================================
2025-12-22 16:42:10,397 MambaPro INFO: 🧾 实验参数快照（命令行 + 最终配置）
2025-12-22 16:42:10,397 MambaPro INFO: ================================================================================
2025-12-22 16:42:10,397 MambaPro INFO: 【复现实验命令】
2025-12-22 16:42:10,397 MambaPro INFO: /home/zhanghaoyang/.conda/envs/MambaPro/bin/python train_net.py --config_file configs/RGBNT100/jzb_baseline_optimize.yml
2025-12-22 16:42:10,397 MambaPro INFO: 【命令行参数（args）】
2025-12-22 16:42:10,397 MambaPro INFO: {
2025-12-22 16:42:10,397 MambaPro INFO:   "config_file": "configs/RGBNT100/jzb_baseline_optimize.yml",
2025-12-22 16:42:10,397 MambaPro INFO:   "fea_cft": 0,
2025-12-22 16:42:10,397 MambaPro INFO:   "local_rank": 0,
2025-12-22 16:42:10,397 MambaPro INFO:   "use_multi_scale": false,
2025-12-22 16:42:10,397 MambaPro INFO:   "no_multi_scale": false,
2025-12-22 16:42:10,397 MambaPro INFO:   "use_moe": false,
2025-12-22 16:42:10,397 MambaPro INFO:   "disable_moe": false,
2025-12-22 16:42:10,397 MambaPro INFO:   "no_moe": false,
2025-12-22 16:42:10,397 MambaPro INFO:   "use_attention": false,
2025-12-22 16:42:10,397 MambaPro INFO:   "disable_attention": false,
2025-12-22 16:42:10,397 MambaPro INFO:   "attention_heads": 8,
2025-12-22 16:42:10,397 MambaPro INFO:   "attention_dropout": 0.1,
2025-12-22 16:42:10,397 MambaPro INFO:   "resume": "",
2025-12-22 16:42:10,397 MambaPro INFO:   "opts": []
2025-12-22 16:42:10,397 MambaPro INFO: }
2025-12-22 16:42:10,397 MambaPro INFO: 【工作目录】/home/zhanghaoyang/Desktop/yzy/AboutReid
2025-12-22 16:42:10,397 MambaPro INFO: 【最终配置（YAML）】
2025-12-22 16:42:10,400 MambaPro INFO: DATALOADER:
2025-12-22 16:42:10,400 MambaPro INFO:   NUM_INSTANCE: 16
2025-12-22 16:42:10,400 MambaPro INFO:   NUM_WORKERS: 14
2025-12-22 16:42:10,400 MambaPro INFO:   SAMPLER: softmax_triplet
2025-12-22 16:42:10,400 MambaPro INFO: DATASETS:
2025-12-22 16:42:10,400 MambaPro INFO:   NAMES: RGBNT100
2025-12-22 16:42:10,400 MambaPro INFO:   ROOT_DIR: /home/zhanghaoyang/Desktop/yzy/MambaPro/data/datasets
2025-12-22 16:42:10,400 MambaPro INFO: INPUT:
2025-12-22 16:42:10,400 MambaPro INFO:   PADDING: 10
2025-12-22 16:42:10,400 MambaPro INFO:   PIXEL_MEAN:
2025-12-22 16:42:10,400 MambaPro INFO:   - 0.5
2025-12-22 16:42:10,400 MambaPro INFO:   - 0.5
2025-12-22 16:42:10,400 MambaPro INFO:   - 0.5
2025-12-22 16:42:10,400 MambaPro INFO:   PIXEL_STD:
2025-12-22 16:42:10,400 MambaPro INFO:   - 0.5
2025-12-22 16:42:10,400 MambaPro INFO:   - 0.5
2025-12-22 16:42:10,400 MambaPro INFO:   - 0.5
2025-12-22 16:42:10,400 MambaPro INFO:   PROB: 0.5
2025-12-22 16:42:10,400 MambaPro INFO:   RE_PROB: 0.5
2025-12-22 16:42:10,400 MambaPro INFO:   SIZE_TEST:
2025-12-22 16:42:10,400 MambaPro INFO:   - 128
2025-12-22 16:42:10,400 MambaPro INFO:   - 256
2025-12-22 16:42:10,400 MambaPro INFO:   SIZE_TRAIN:
2025-12-22 16:42:10,400 MambaPro INFO:   - 128
2025-12-22 16:42:10,400 MambaPro INFO:   - 256
2025-12-22 16:42:10,400 MambaPro INFO: MODEL:
2025-12-22 16:42:10,400 MambaPro INFO:   ADAPTER: true
2025-12-22 16:42:10,400 MambaPro INFO:   ATTENTION_DIM: 512
2025-12-22 16:42:10,400 MambaPro INFO:   ATTENTION_DROPOUT: 0.1
2025-12-22 16:42:10,400 MambaPro INFO:   ATTENTION_NUM_HEADS: 8
2025-12-22 16:42:10,400 MambaPro INFO:   ATT_DROP_RATE: 0.0
2025-12-22 16:42:10,400 MambaPro INFO:   CLIP_MULTI_SCALE_SCALES:
2025-12-22 16:42:10,400 MambaPro INFO:   - 4
2025-12-22 16:42:10,400 MambaPro INFO:   - 8
2025-12-22 16:42:10,400 MambaPro INFO:   - 16
2025-12-22 16:42:10,400 MambaPro INFO:   DEVICE: cuda
2025-12-22 16:42:10,400 MambaPro INFO:   DEVICE_ID: '0'
2025-12-22 16:42:10,400 MambaPro INFO:   DIRECT: 0
2025-12-22 16:42:10,400 MambaPro INFO:   DIST_TRAIN: false
2025-12-22 16:42:10,400 MambaPro INFO:   DROP_OUT: 0.0
2025-12-22 16:42:10,400 MambaPro INFO:   DROP_PATH: 0.1
2025-12-22 16:42:10,400 MambaPro INFO:   FLOPS_TEST: false
2025-12-22 16:42:10,400 MambaPro INFO:   FROZEN: true
2025-12-22 16:42:10,400 MambaPro INFO:   GATE_DROPOUT: 0.1
2025-12-22 16:42:10,400 MambaPro INFO:   ID_LOSS_TYPE: softmax
2025-12-22 16:42:10,400 MambaPro INFO:   ID_LOSS_WEIGHT: 0.25
2025-12-22 16:42:10,400 MambaPro INFO:   IF_LABELSMOOTH: 'on'
2025-12-22 16:42:10,400 MambaPro INFO:   IF_WITH_CENTER: 'no'
2025-12-22 16:42:10,400 MambaPro INFO:   LAYER: -1
2025-12-22 16:42:10,400 MambaPro INFO:   MAMBA: true
2025-12-22 16:42:10,400 MambaPro INFO:   MAMBA_BI: false
2025-12-22 16:42:10,400 MambaPro INFO:   METRIC_LOSS_TYPE: triplet
2025-12-22 16:42:10,400 MambaPro INFO:   MOE_BALANCE_LOSS_WEIGHT: 0.01
2025-12-22 16:42:10,400 MambaPro INFO:   MOE_DIVERSITY_LOSS_WEIGHT: 0.01
2025-12-22 16:42:10,400 MambaPro INFO:   MOE_EXPERT_DROPOUT: 0.1
2025-12-22 16:42:10,400 MambaPro INFO:   MOE_EXPERT_HIDDEN_DIM: 1024
2025-12-22 16:42:10,400 MambaPro INFO:   MOE_EXPERT_LAYERS: 2
2025-12-22 16:42:10,400 MambaPro INFO:   MOE_EXPERT_THRESHOLD: 0.1
2025-12-22 16:42:10,400 MambaPro INFO:   MOE_FIXED_WEIGHTS:
2025-12-22 16:42:10,400 MambaPro INFO:   - 0.33
2025-12-22 16:42:10,400 MambaPro INFO:   - 0.33
2025-12-22 16:42:10,400 MambaPro INFO:   - 0.34
2025-12-22 16:42:10,400 MambaPro INFO:   MOE_GATE_DROPOUT: 0.1
2025-12-22 16:42:10,400 MambaPro INFO:   MOE_GATE_LAYERS: 2
2025-12-22 16:42:10,400 MambaPro INFO:   MOE_INIT_WEIGHTS: null
2025-12-22 16:42:10,400 MambaPro INFO:   MOE_NUM_EXPERTS: 3
2025-12-22 16:42:10,400 MambaPro INFO:   MOE_RESIDUAL_WEIGHT: 1.0
2025-12-22 16:42:10,400 MambaPro INFO:   MOE_SCALES:
2025-12-22 16:42:10,400 MambaPro INFO:   - 4
2025-12-22 16:42:10,400 MambaPro INFO:   - 8
2025-12-22 16:42:10,400 MambaPro INFO:   - 16
2025-12-22 16:42:10,401 MambaPro INFO:   MOE_SPARSITY_LOSS_WEIGHT: 0.001
2025-12-22 16:42:10,401 MambaPro INFO:   MOE_TEMPERATURE: 1.0
2025-12-22 16:42:10,401 MambaPro INFO:   MOE_TOP_K: 2
2025-12-22 16:42:10,401 MambaPro INFO:   MOE_TOP_K_MODE: soft
2025-12-22 16:42:10,401 MambaPro INFO:   MOE_USE_FIXED_WEIGHTS: false
2025-12-22 16:42:10,401 MambaPro INFO:   MOE_USE_TOP_K_ROUTING: false
2025-12-22 16:42:10,401 MambaPro INFO:   MULTI_SCALE_SCALES:
2025-12-22 16:42:10,401 MambaPro INFO:   - 4
2025-12-22 16:42:10,401 MambaPro INFO:   - 8
2025-12-22 16:42:10,401 MambaPro INFO:   - 16
2025-12-22 16:42:10,401 MambaPro INFO:   NAME: MambaPro
2025-12-22 16:42:10,401 MambaPro INFO:   NECK: bnneck
2025-12-22 16:42:10,401 MambaPro INFO:   NO_MARGIN: true
2025-12-22 16:42:10,401 MambaPro INFO:   PREFIX_NUM: 1
2025-12-22 16:42:10,401 MambaPro INFO:   PRETRAIN_PATH_T: AboutReid/pths/ViT-B-16.pt
2025-12-22 16:42:10,401 MambaPro INFO:   PROMPT: true
2025-12-22 16:42:10,401 MambaPro INFO:   SIE_CAMERA: true
2025-12-22 16:42:10,401 MambaPro INFO:   SIE_COE: 1.0
2025-12-22 16:42:10,401 MambaPro INFO:   SIE_VIEW: false
2025-12-22 16:42:10,401 MambaPro INFO:   STRIDE_SIZE:
2025-12-22 16:42:10,401 MambaPro INFO:   - 16
2025-12-22 16:42:10,401 MambaPro INFO:   - 16
2025-12-22 16:42:10,401 MambaPro INFO:   TRANSFORMER_TYPE: ViT-B-16
2025-12-22 16:42:10,401 MambaPro INFO:   TRIPLET_LOSS_WEIGHT: 1.0
2025-12-22 16:42:10,401 MambaPro INFO:   USE_ATTENTION_FUSION: false
2025-12-22 16:42:10,401 MambaPro INFO:   USE_CLIP_MULTI_SCALE: false
2025-12-22 16:42:10,401 MambaPro INFO:   USE_GATE_FUSION: false
2025-12-22 16:42:10,401 MambaPro INFO:   USE_MULTI_SCALE: false
2025-12-22 16:42:10,401 MambaPro INFO:   USE_MULTI_SCALE_MOE: false
2025-12-22 16:42:10,401 MambaPro INFO: OUTPUT_DIR: /home/zhanghaoyang/Desktop/yzy/AboutReid/outputs/baseline/RGBNT100/run_20251222_164210
2025-12-22 16:42:10,401 MambaPro INFO: SOLVER:
2025-12-22 16:42:10,401 MambaPro INFO:   BASE_LR: 0.000175
2025-12-22 16:42:10,401 MambaPro INFO:   BIAS_LR_FACTOR: 2
2025-12-22 16:42:10,401 MambaPro INFO:   CENTER_LOSS_WEIGHT: 0.0005
2025-12-22 16:42:10,401 MambaPro INFO:   CENTER_LR: 0.5
2025-12-22 16:42:10,401 MambaPro INFO:   CHECKPOINT_PERIOD: 60
2025-12-22 16:42:10,401 MambaPro INFO:   CLUSTER_MARGIN: 0.3
2025-12-22 16:42:10,401 MambaPro INFO:   COSINE_MARGIN: 0.5
2025-12-22 16:42:10,401 MambaPro INFO:   COSINE_SCALE: 30
2025-12-22 16:42:10,401 MambaPro INFO:   EVAL_PERIOD: 1
2025-12-22 16:42:10,401 MambaPro INFO:   GAMMA: 0.1
2025-12-22 16:42:10,401 MambaPro INFO:   IMS_PER_BATCH: 64
2025-12-22 16:42:10,401 MambaPro INFO:   LARGE_FC_LR: false
2025-12-22 16:42:10,401 MambaPro INFO:   LOG_PERIOD: 10
2025-12-22 16:42:10,401 MambaPro INFO:   MARGIN: 0.3
2025-12-22 16:42:10,401 MambaPro INFO:   MAX_EPOCHS: 30
2025-12-22 16:42:10,401 MambaPro INFO:   MOE_BALANCE_LOSS_WEIGHT: 0.01
2025-12-22 16:42:10,401 MambaPro INFO:   MOE_BALANCE_LOSS_WEIGHT_END: 0.1
2025-12-22 16:42:10,401 MambaPro INFO:   MOE_BALANCE_LOSS_WEIGHT_START: 0.001
2025-12-22 16:42:10,401 MambaPro INFO:   MOE_BALANCE_THRESHOLD: 0.3
2025-12-22 16:42:10,401 MambaPro INFO:   MOE_DIVERSITY_LOSS_WEIGHT: 0.01
2025-12-22 16:42:10,401 MambaPro INFO:   MOE_DIVERSITY_LOSS_WEIGHT_END: 0.1
2025-12-22 16:42:10,401 MambaPro INFO:   MOE_DIVERSITY_LOSS_WEIGHT_START: 0.001
2025-12-22 16:42:10,401 MambaPro INFO:   MOE_GATE_LR_FACTOR: 0.01
2025-12-22 16:42:10,401 MambaPro INFO:   MOE_LOSS_WEIGHT_SCHEDULE_TYPE: cosine
2025-12-22 16:42:10,401 MambaPro INFO:   MOE_LOSS_WEIGHT_WARMUP_EPOCHS: 5
2025-12-22 16:42:10,401 MambaPro INFO:   MOE_SPARSITY_LOSS_WEIGHT: 0.001
2025-12-22 16:42:10,401 MambaPro INFO:   MOE_USE_DYNAMIC_LOSS_WEIGHT: false
2025-12-22 16:42:10,401 MambaPro INFO:   MOMENTUM: 0.9
2025-12-22 16:42:10,401 MambaPro INFO:   OPTIMIZER_NAME: Adam
2025-12-22 16:42:10,401 MambaPro INFO:   RANGE_ALPHA: 0
2025-12-22 16:42:10,401 MambaPro INFO:   RANGE_BETA: 1
2025-12-22 16:42:10,401 MambaPro INFO:   RANGE_K: 2
2025-12-22 16:42:10,401 MambaPro INFO:   RANGE_LOSS_WEIGHT: 1
2025-12-22 16:42:10,401 MambaPro INFO:   RANGE_MARGIN: 0.3
2025-12-22 16:42:10,401 MambaPro INFO:   SEED: 1111
2025-12-22 16:42:10,401 MambaPro INFO:   STEPS:
2025-12-22 16:42:10,401 MambaPro INFO:   - 40
2025-12-22 16:42:10,401 MambaPro INFO:   - 70
2025-12-22 16:42:10,401 MambaPro INFO:   WARMUP_FACTOR: 0.01
2025-12-22 16:42:10,401 MambaPro INFO:   WARMUP_ITERS: 5
2025-12-22 16:42:10,401 MambaPro INFO:   WARMUP_METHOD: linear
2025-12-22 16:42:10,401 MambaPro INFO:   WEIGHT_DECAY: 0.0001
2025-12-22 16:42:10,401 MambaPro INFO:   WEIGHT_DECAY_BIAS: 0.0001
2025-12-22 16:42:10,401 MambaPro INFO: TEST:
2025-12-22 16:42:10,401 MambaPro INFO:   FEAT: 0
2025-12-22 16:42:10,401 MambaPro INFO:   FEAT_NORM: 'yes'
2025-12-22 16:42:10,401 MambaPro INFO:   IMS_PER_BATCH: 64
2025-12-22 16:42:10,401 MambaPro INFO:   MISS: nothing
2025-12-22 16:42:10,401 MambaPro INFO:   NECK_FEAT: before
2025-12-22 16:42:10,401 MambaPro INFO:   RE_RANKING: 'no'
2025-12-22 16:42:10,401 MambaPro INFO:   WEIGHT: /home/zubuntu/workspace/MambaPro/MambaPro/pths/MambaProbest.pth
2025-12-22 16:42:10,401 MambaPro INFO: ================================================================================
2025-12-22 16:42:13,330 MambaPro.train INFO: start training
2025-12-22 16:43:43,271 MambaPro.train INFO: Epoch 1 done. Time per batch: 0.766[s] Speed: 83.6[samples/s]
2025-12-22 16:45:17,625 MambaPro.train INFO: Validation Results - Epoch: 1
2025-12-22 16:45:17,625 MambaPro.train INFO: Current mAP: 50.7%
2025-12-22 16:45:17,625 MambaPro.train INFO: CMC curve, Rank-1  :71.8%
2025-12-22 16:45:17,625 MambaPro.train INFO: CMC curve, Rank-5  :77.4%
2025-12-22 16:45:17,625 MambaPro.train INFO: CMC curve, Rank-10 :80.4%
2025-12-22 16:45:17,625 MambaPro.train INFO: 🎯 New Best! Saving model...
2025-12-22 16:45:17,937 MambaPro.train INFO: [Epoch 1] 指标集合列表（历史）
2025-12-22 16:45:17,937 MambaPro.train INFO: history_mAP:{50.7}
2025-12-22 16:45:17,938 MambaPro.train INFO: best_mAP:{50.7}
2025-12-22 16:45:17,938 MambaPro.train INFO: history_Rank-1:{71.8}
2025-12-22 16:45:17,938 MambaPro.train INFO: best_Rank-1:{71.8}
2025-12-22 16:45:17,938 MambaPro.train INFO: history_Rank-5:{77.4}
2025-12-22 16:45:17,938 MambaPro.train INFO: best_Rank-5:{77.4}
2025-12-22 16:45:17,938 MambaPro.train INFO: history_Rank-10:{80.4}
2025-12-22 16:45:17,938 MambaPro.train INFO: best_Rank-10:{80.4}
2025-12-22 16:45:17,938 MambaPro.train INFO: history_Experts:{[0.00 , 0.00 , 0.00]}
2025-12-22 16:46:46,405 MambaPro.train INFO: Epoch 2 done. Time per batch: 0.760[s] Speed: 84.2[samples/s]
2025-12-22 16:48:20,817 MambaPro.train INFO: Validation Results - Epoch: 2
2025-12-22 16:48:20,817 MambaPro.train INFO: Current mAP: 57.8%
2025-12-22 16:48:20,817 MambaPro.train INFO: CMC curve, Rank-1  :79.8%
2025-12-22 16:48:20,817 MambaPro.train INFO: CMC curve, Rank-5  :82.3%
2025-12-22 16:48:20,817 MambaPro.train INFO: CMC curve, Rank-10 :84.4%
2025-12-22 16:48:20,817 MambaPro.train INFO: 🎯 New Best! Saving model...
2025-12-22 16:48:21,290 MambaPro.train INFO: [Epoch 2] 指标集合列表（历史）
2025-12-22 16:48:21,290 MambaPro.train INFO: history_mAP:{50.7 , 57.8}
2025-12-22 16:48:21,291 MambaPro.train INFO: best_mAP:{57.8}
2025-12-22 16:48:21,291 MambaPro.train INFO: history_Rank-1:{71.8 , 79.8}
2025-12-22 16:48:21,291 MambaPro.train INFO: best_Rank-1:{79.8}
2025-12-22 16:48:21,291 MambaPro.train INFO: history_Rank-5:{77.4 , 82.3}
2025-12-22 16:48:21,291 MambaPro.train INFO: best_Rank-5:{82.3}
2025-12-22 16:48:21,291 MambaPro.train INFO: history_Rank-10:{80.4 , 84.4}
2025-12-22 16:48:21,291 MambaPro.train INFO: best_Rank-10:{84.4}
2025-12-22 16:48:21,291 MambaPro.train INFO: history_Experts:{[0.00 , 0.00 , 0.00] , [0.00 , 0.00 , 0.00]}
2025-12-22 16:49:49,851 MambaPro.train INFO: Epoch 3 done. Time per batch: 0.761[s] Speed: 84.1[samples/s]
2025-12-22 16:51:24,237 MambaPro.train INFO: Validation Results - Epoch: 3
2025-12-22 16:51:24,237 MambaPro.train INFO: Current mAP: 66.3%
2025-12-22 16:51:24,237 MambaPro.train INFO: CMC curve, Rank-1  :82.6%
2025-12-22 16:51:24,237 MambaPro.train INFO: CMC curve, Rank-5  :86.0%
2025-12-22 16:51:24,237 MambaPro.train INFO: CMC curve, Rank-10 :87.1%
2025-12-22 16:51:24,237 MambaPro.train INFO: 🎯 New Best! Saving model...
2025-12-22 16:51:24,719 MambaPro.train INFO: [Epoch 3] 指标集合列表（历史）
2025-12-22 16:51:24,719 MambaPro.train INFO: history_mAP:{50.7 , 57.8 , 66.3}
2025-12-22 16:51:24,719 MambaPro.train INFO: best_mAP:{66.3}
2025-12-22 16:51:24,719 MambaPro.train INFO: history_Rank-1:{71.8 , 79.8 , 82.6}
2025-12-22 16:51:24,719 MambaPro.train INFO: best_Rank-1:{82.6}
2025-12-22 16:51:24,719 MambaPro.train INFO: history_Rank-5:{77.4 , 82.3 , 86.0}
2025-12-22 16:51:24,719 MambaPro.train INFO: best_Rank-5:{86.0}
2025-12-22 16:51:24,719 MambaPro.train INFO: history_Rank-10:{80.4 , 84.4 , 87.1}
2025-12-22 16:51:24,719 MambaPro.train INFO: best_Rank-10:{87.1}
2025-12-22 16:51:24,719 MambaPro.train INFO: history_Experts:{[0.00 , 0.00 , 0.00] , [0.00 , 0.00 , 0.00] , [0.00 , 0.00 , 0.00]}
2025-12-22 16:52:53,338 MambaPro.train INFO: Epoch 4 done. Time per batch: 0.762[s] Speed: 84.0[samples/s]
2025-12-22 16:54:27,798 MambaPro.train INFO: Validation Results - Epoch: 4
2025-12-22 16:54:27,799 MambaPro.train INFO: Current mAP: 64.7%
2025-12-22 16:54:27,799 MambaPro.train INFO: CMC curve, Rank-1  :81.2%
2025-12-22 16:54:27,799 MambaPro.train INFO: CMC curve, Rank-5  :84.4%
2025-12-22 16:54:27,799 MambaPro.train INFO: CMC curve, Rank-10 :85.5%
2025-12-22 16:54:27,799 MambaPro.train INFO: [Epoch 4] 指标集合列表（历史）
2025-12-22 16:54:27,799 MambaPro.train INFO: history_mAP:{50.7 , 57.8 , 66.3 , 64.7}
2025-12-22 16:54:27,799 MambaPro.train INFO: best_mAP:{66.3}
2025-12-22 16:54:27,799 MambaPro.train INFO: history_Rank-1:{71.8 , 79.8 , 82.6 , 81.2}
2025-12-22 16:54:27,799 MambaPro.train INFO: best_Rank-1:{82.6}
2025-12-22 16:54:27,799 MambaPro.train INFO: history_Rank-5:{77.4 , 82.3 , 86.0 , 84.4}
2025-12-22 16:54:27,799 MambaPro.train INFO: best_Rank-5:{86.0}
2025-12-22 16:54:27,799 MambaPro.train INFO: history_Rank-10:{80.4 , 84.4 , 87.1 , 85.5}
2025-12-22 16:54:27,799 MambaPro.train INFO: best_Rank-10:{87.1}
2025-12-22 16:54:27,799 MambaPro.train INFO: history_Experts:{[0.00 , 0.00 , 0.00] , [0.00 , 0.00 , 0.00] , [0.00 , 0.00 , 0.00] , [0.00 , 0.00 , 0.00]}
2025-12-22 16:55:54,758 MambaPro.train INFO: Epoch 5 done. Time per batch: 0.761[s] Speed: 84.1[samples/s]
2025-12-22 16:57:29,144 MambaPro.train INFO: Validation Results - Epoch: 5
2025-12-22 16:57:29,144 MambaPro.train INFO: Current mAP: 66.6%
2025-12-22 16:57:29,144 MambaPro.train INFO: CMC curve, Rank-1  :84.4%
2025-12-22 16:57:29,144 MambaPro.train INFO: CMC curve, Rank-5  :86.4%
2025-12-22 16:57:29,144 MambaPro.train INFO: CMC curve, Rank-10 :88.3%
2025-12-22 16:57:29,144 MambaPro.train INFO: 🎯 New Best! Saving model...
2025-12-22 16:57:29,621 MambaPro.train INFO: [Epoch 5] 指标集合列表（历史）
2025-12-22 16:57:29,622 MambaPro.train INFO: history_mAP:{50.7 , 57.8 , 66.3 , 64.7 , 66.6}
2025-12-22 16:57:29,622 MambaPro.train INFO: best_mAP:{66.6}
2025-12-22 16:57:29,622 MambaPro.train INFO: history_Rank-1:{71.8 , 79.8 , 82.6 , 81.2 , 84.4}
2025-12-22 16:57:29,622 MambaPro.train INFO: best_Rank-1:{84.4}
2025-12-22 16:57:29,622 MambaPro.train INFO: history_Rank-5:{77.4 , 82.3 , 86.0 , 84.4 , 86.4}
2025-12-22 16:57:29,622 MambaPro.train INFO: best_Rank-5:{86.4}
2025-12-22 16:57:29,622 MambaPro.train INFO: history_Rank-10:{80.4 , 84.4 , 87.1 , 85.5 , 88.3}
2025-12-22 16:57:29,622 MambaPro.train INFO: best_Rank-10:{88.3}
2025-12-22 16:57:29,622 MambaPro.train INFO: history_Experts:{[0.00 , 0.00 , 0.00] , [0.00 , 0.00 , 0.00] , [0.00 , 0.00 , 0.00] , [0.00 , 0.00 , 0.00] , [0.00 , 0.00 , 0.00]}
2025-12-22 16:58:58,172 MambaPro.train INFO: Epoch 6 done. Time per batch: 0.761[s] Speed: 84.1[samples/s]
2025-12-22 17:00:32,725 MambaPro.train INFO: Validation Results - Epoch: 6
2025-12-22 17:00:32,725 MambaPro.train INFO: Current mAP: 63.7%
2025-12-22 17:00:32,725 MambaPro.train INFO: CMC curve, Rank-1  :80.6%
2025-12-22 17:00:32,725 MambaPro.train INFO: CMC curve, Rank-5  :83.5%
2025-12-22 17:00:32,725 MambaPro.train INFO: CMC curve, Rank-10 :85.0%
2025-12-22 17:00:32,725 MambaPro.train INFO: [Epoch 6] 指标集合列表（历史）
2025-12-22 17:00:32,725 MambaPro.train INFO: history_mAP:{50.7 , 57.8 , 66.3 , 64.7 , 66.6 , 63.7}
2025-12-22 17:00:32,725 MambaPro.train INFO: best_mAP:{66.6}
2025-12-22 17:00:32,725 MambaPro.train INFO: history_Rank-1:{71.8 , 79.8 , 82.6 , 81.2 , 84.4 , 80.6}
2025-12-22 17:00:32,725 MambaPro.train INFO: best_Rank-1:{84.4}
2025-12-22 17:00:32,725 MambaPro.train INFO: history_Rank-5:{77.4 , 82.3 , 86.0 , 84.4 , 86.4 , 83.5}
2025-12-22 17:00:32,725 MambaPro.train INFO: best_Rank-5:{86.4}
2025-12-22 17:00:32,725 MambaPro.train INFO: history_Rank-10:{80.4 , 84.4 , 87.1 , 85.5 , 88.3 , 85.0}
2025-12-22 17:00:32,725 MambaPro.train INFO: best_Rank-10:{88.3}
2025-12-22 17:00:32,725 MambaPro.train INFO: history_Experts:{[0.00 , 0.00 , 0.00] , [0.00 , 0.00 , 0.00] , [0.00 , 0.00 , 0.00] , [0.00 , 0.00 , 0.00] , [0.00 , 0.00 , 0.00] , [0.00 , 0.00 , 0.00]}
2025-12-22 17:02:01,928 MambaPro.train INFO: Epoch 7 done. Time per batch: 0.760[s] Speed: 84.2[samples/s]
2025-12-22 17:03:36,268 MambaPro.train INFO: Validation Results - Epoch: 7
2025-12-22 17:03:36,268 MambaPro.train INFO: Current mAP: 73.3%
2025-12-22 17:03:36,268 MambaPro.train INFO: CMC curve, Rank-1  :87.7%
2025-12-22 17:03:36,268 MambaPro.train INFO: CMC curve, Rank-5  :89.4%
2025-12-22 17:03:36,268 MambaPro.train INFO: CMC curve, Rank-10 :90.5%
2025-12-22 17:03:36,268 MambaPro.train INFO: 🎯 New Best! Saving model...
2025-12-22 17:03:36,747 MambaPro.train INFO: [Epoch 7] 指标集合列表（历史）
2025-12-22 17:03:36,747 MambaPro.train INFO: history_mAP:{50.7 , 57.8 , 66.3 , 64.7 , 66.6 , 63.7 , 73.3}
2025-12-22 17:03:36,747 MambaPro.train INFO: best_mAP:{73.3}
2025-12-22 17:03:36,747 MambaPro.train INFO: history_Rank-1:{71.8 , 79.8 , 82.6 , 81.2 , 84.4 , 80.6 , 87.7}
2025-12-22 17:03:36,747 MambaPro.train INFO: best_Rank-1:{87.7}
2025-12-22 17:03:36,747 MambaPro.train INFO: history_Rank-5:{77.4 , 82.3 , 86.0 , 84.4 , 86.4 , 83.5 , 89.4}
2025-12-22 17:03:36,747 MambaPro.train INFO: best_Rank-5:{89.4}
2025-12-22 17:03:36,747 MambaPro.train INFO: history_Rank-10:{80.4 , 84.4 , 87.1 , 85.5 , 88.3 , 85.0 , 90.5}
2025-12-22 17:03:36,747 MambaPro.train INFO: best_Rank-10:{90.5}
2025-12-22 17:03:36,747 MambaPro.train INFO: history_Experts:{[0.00 , 0.00 , 0.00] , [0.00 , 0.00 , 0.00] , [0.00 , 0.00 , 0.00] , [0.00 , 0.00 , 0.00] , [0.00 , 0.00 , 0.00] , [0.00 , 0.00 , 0.00] , [0.00 , 0.00 , 0.00]}
2025-12-22 17:05:06,054 MambaPro.train INFO: Epoch 8 done. Time per batch: 0.761[s] Speed: 84.1[samples/s]
2025-12-22 17:06:40,663 MambaPro.train INFO: Validation Results - Epoch: 8
2025-12-22 17:06:40,664 MambaPro.train INFO: Current mAP: 74.7%
2025-12-22 17:06:40,664 MambaPro.train INFO: CMC curve, Rank-1  :88.0%
2025-12-22 17:06:40,664 MambaPro.train INFO: CMC curve, Rank-5  :89.9%
2025-12-22 17:06:40,664 MambaPro.train INFO: CMC curve, Rank-10 :90.8%
2025-12-22 17:06:40,664 MambaPro.train INFO: 🎯 New Best! Saving model...
2025-12-22 17:06:41,138 MambaPro.train INFO: [Epoch 8] 指标集合列表（历史）
2025-12-22 17:06:41,138 MambaPro.train INFO: history_mAP:{50.7 , 57.8 , 66.3 , 64.7 , 66.6 , 63.7 , 73.3 , 74.7}
2025-12-22 17:06:41,138 MambaPro.train INFO: best_mAP:{74.7}
2025-12-22 17:06:41,138 MambaPro.train INFO: history_Rank-1:{71.8 , 79.8 , 82.6 , 81.2 , 84.4 , 80.6 , 87.7 , 88.0}
2025-12-22 17:06:41,138 MambaPro.train INFO: best_Rank-1:{88.0}
2025-12-22 17:06:41,138 MambaPro.train INFO: history_Rank-5:{77.4 , 82.3 , 86.0 , 84.4 , 86.4 , 83.5 , 89.4 , 89.9}
2025-12-22 17:06:41,138 MambaPro.train INFO: best_Rank-5:{89.9}
2025-12-22 17:06:41,138 MambaPro.train INFO: history_Rank-10:{80.4 , 84.4 , 87.1 , 85.5 , 88.3 , 85.0 , 90.5 , 90.8}
2025-12-22 17:06:41,138 MambaPro.train INFO: best_Rank-10:{90.8}
2025-12-22 17:06:41,138 MambaPro.train INFO: history_Experts:{[0.00 , 0.00 , 0.00] , [0.00 , 0.00 , 0.00] , [0.00 , 0.00 , 0.00] , [0.00 , 0.00 , 0.00] , [0.00 , 0.00 , 0.00] , [0.00 , 0.00 , 0.00] , [0.00 , 0.00 , 0.00] , [0.00 , 0.00 , 0.00]}
2025-12-22 17:08:09,677 MambaPro.train INFO: Epoch 9 done. Time per batch: 0.761[s] Speed: 84.1[samples/s]
2025-12-22 17:09:44,095 MambaPro.train INFO: Validation Results - Epoch: 9
2025-12-22 17:09:44,095 MambaPro.train INFO: Current mAP: 76.2%
2025-12-22 17:09:44,095 MambaPro.train INFO: CMC curve, Rank-1  :88.9%
2025-12-22 17:09:44,095 MambaPro.train INFO: CMC curve, Rank-5  :90.3%
2025-12-22 17:09:44,095 MambaPro.train INFO: CMC curve, Rank-10 :91.2%
2025-12-22 17:09:44,095 MambaPro.train INFO: 🎯 New Best! Saving model...
2025-12-22 17:09:44,597 MambaPro.train INFO: [Epoch 9] 指标集合列表（历史）
2025-12-22 17:09:44,597 MambaPro.train INFO: history_mAP:{50.7 , 57.8 , 66.3 , 64.7 , 66.6 , 63.7 , 73.3 , 74.7 , 76.2}
2025-12-22 17:09:44,597 MambaPro.train INFO: best_mAP:{76.2}
2025-12-22 17:09:44,597 MambaPro.train INFO: history_Rank-1:{71.8 , 79.8 , 82.6 , 81.2 , 84.4 , 80.6 , 87.7 , 88.0 , 88.9}
2025-12-22 17:09:44,597 MambaPro.train INFO: best_Rank-1:{88.9}
2025-12-22 17:09:44,597 MambaPro.train INFO: history_Rank-5:{77.4 , 82.3 , 86.0 , 84.4 , 86.4 , 83.5 , 89.4 , 89.9 , 90.3}
2025-12-22 17:09:44,597 MambaPro.train INFO: best_Rank-5:{90.3}
2025-12-22 17:09:44,597 MambaPro.train INFO: history_Rank-10:{80.4 , 84.4 , 87.1 , 85.5 , 88.3 , 85.0 , 90.5 , 90.8 , 91.2}
2025-12-22 17:09:44,598 MambaPro.train INFO: best_Rank-10:{91.2}
2025-12-22 17:09:44,598 MambaPro.train INFO: history_Experts:{[0.00 , 0.00 , 0.00] , [0.00 , 0.00 , 0.00] , [0.00 , 0.00 , 0.00] , [0.00 , 0.00 , 0.00] , [0.00 , 0.00 , 0.00] , [0.00 , 0.00 , 0.00] , [0.00 , 0.00 , 0.00] , [0.00 , 0.00 , 0.00] , [0.00 , 0.00 , 0.00]}
2025-12-22 17:11:13,292 MambaPro.train INFO: Epoch 10 done. Time per batch: 0.762[s] Speed: 83.9[samples/s]
2025-12-22 17:12:47,724 MambaPro.train INFO: Validation Results - Epoch: 10
2025-12-22 17:12:47,724 MambaPro.train INFO: Current mAP: 76.5%
2025-12-22 17:12:47,724 MambaPro.train INFO: CMC curve, Rank-1  :90.4%
2025-12-22 17:12:47,724 MambaPro.train INFO: CMC curve, Rank-5  :91.5%
2025-12-22 17:12:47,724 MambaPro.train INFO: CMC curve, Rank-10 :92.4%
2025-12-22 17:12:47,724 MambaPro.train INFO: 🎯 New Best! Saving model...
2025-12-22 17:12:48,180 MambaPro.train INFO: [Epoch 10] 指标集合列表（历史）
2025-12-22 17:12:48,180 MambaPro.train INFO: history_mAP:{50.7 , 57.8 , 66.3 , 64.7 , 66.6 , 63.7 , 73.3 , 74.7 , 76.2 , 76.5}
2025-12-22 17:12:48,180 MambaPro.train INFO: best_mAP:{76.5}
2025-12-22 17:12:48,180 MambaPro.train INFO: history_Rank-1:{71.8 , 79.8 , 82.6 , 81.2 , 84.4 , 80.6 , 87.7 , 88.0 , 88.9 , 90.4}
2025-12-22 17:12:48,180 MambaPro.train INFO: best_Rank-1:{90.4}
2025-12-22 17:12:48,180 MambaPro.train INFO: history_Rank-5:{77.4 , 82.3 , 86.0 , 84.4 , 86.4 , 83.5 , 89.4 , 89.9 , 90.3 , 91.5}
2025-12-22 17:12:48,180 MambaPro.train INFO: best_Rank-5:{91.5}
2025-12-22 17:12:48,180 MambaPro.train INFO: history_Rank-10:{80.4 , 84.4 , 87.1 , 85.5 , 88.3 , 85.0 , 90.5 , 90.8 , 91.2 , 92.4}
2025-12-22 17:12:48,180 MambaPro.train INFO: best_Rank-10:{92.4}
2025-12-22 17:12:48,180 MambaPro.train INFO: history_Experts:{[0.00 , 0.00 , 0.00] , [0.00 , 0.00 , 0.00] , [0.00 , 0.00 , 0.00] , [0.00 , 0.00 , 0.00] , [0.00 , 0.00 , 0.00] , [0.00 , 0.00 , 0.00] , [0.00 , 0.00 , 0.00] , [0.00 , 0.00 , 0.00] , [0.00 , 0.00 , 0.00] , [0.00 , 0.00 , 0.00]}
2025-12-22 17:14:16,049 MambaPro.train INFO: Epoch 11 done. Time per batch: 0.762[s] Speed: 84.0[samples/s]
2025-12-22 17:15:50,374 MambaPro.train INFO: Validation Results - Epoch: 11
2025-12-22 17:15:50,374 MambaPro.train INFO: Current mAP: 76.9%
2025-12-22 17:15:50,374 MambaPro.train INFO: CMC curve, Rank-1  :90.3%
2025-12-22 17:15:50,374 MambaPro.train INFO: CMC curve, Rank-5  :91.7%
2025-12-22 17:15:50,374 MambaPro.train INFO: CMC curve, Rank-10 :92.1%
2025-12-22 17:15:50,374 MambaPro.train INFO: 🎯 New Best! Saving model...
2025-12-22 17:15:50,855 MambaPro.train INFO: [Epoch 11] 指标集合列表（历史）
2025-12-22 17:15:50,855 MambaPro.train INFO: history_mAP:{50.7 , 57.8 , 66.3 , 64.7 , 66.6 , 63.7 , 73.3 , 74.7 , 76.2 , 76.5 , 76.9}
2025-12-22 17:15:50,856 MambaPro.train INFO: best_mAP:{76.9}
2025-12-22 17:15:50,856 MambaPro.train INFO: history_Rank-1:{71.8 , 79.8 , 82.6 , 81.2 , 84.4 , 80.6 , 87.7 , 88.0 , 88.9 , 90.4 , 90.3}
2025-12-22 17:15:50,856 MambaPro.train INFO: best_Rank-1:{90.4}
2025-12-22 17:15:50,856 MambaPro.train INFO: history_Rank-5:{77.4 , 82.3 , 86.0 , 84.4 , 86.4 , 83.5 , 89.4 , 89.9 , 90.3 , 91.5 , 91.7}
2025-12-22 17:15:50,856 MambaPro.train INFO: best_Rank-5:{91.7}
2025-12-22 17:15:50,856 MambaPro.train INFO: history_Rank-10:{80.4 , 84.4 , 87.1 , 85.5 , 88.3 , 85.0 , 90.5 , 90.8 , 91.2 , 92.4 , 92.1}
2025-12-22 17:15:50,856 MambaPro.train INFO: best_Rank-10:{92.4}
2025-12-22 17:15:50,856 MambaPro.train INFO: history_Experts:{[0.00 , 0.00 , 0.00] , [0.00 , 0.00 , 0.00] , [0.00 , 0.00 , 0.00] , [0.00 , 0.00 , 0.00] , [0.00 , 0.00 , 0.00] , [0.00 , 0.00 , 0.00] , [0.00 , 0.00 , 0.00] , [0.00 , 0.00 , 0.00] , [0.00 , 0.00 , 0.00] , [0.00 , 0.00 , 0.00] , [0.00 , 0.00 , 0.00]}
2025-12-22 17:17:20,081 MambaPro.train INFO: Epoch 12 done. Time per batch: 0.760[s] Speed: 84.2[samples/s]
2025-12-22 17:18:54,608 MambaPro.train INFO: Validation Results - Epoch: 12
2025-12-22 17:18:54,608 MambaPro.train INFO: Current mAP: 77.2%
2025-12-22 17:18:54,608 MambaPro.train INFO: CMC curve, Rank-1  :89.9%
2025-12-22 17:18:54,608 MambaPro.train INFO: CMC curve, Rank-5  :91.5%
2025-12-22 17:18:54,608 MambaPro.train INFO: CMC curve, Rank-10 :92.1%
2025-12-22 17:18:54,608 MambaPro.train INFO: 🎯 New Best! Saving model...
2025-12-22 17:18:55,083 MambaPro.train INFO: [Epoch 12] 指标集合列表（历史）
2025-12-22 17:18:55,083 MambaPro.train INFO: history_mAP:{50.7 , 57.8 , 66.3 , 64.7 , 66.6 , 63.7 , 73.3 , 74.7 , 76.2 , 76.5 , 76.9 , 77.2}
2025-12-22 17:18:55,083 MambaPro.train INFO: best_mAP:{77.2}
2025-12-22 17:18:55,083 MambaPro.train INFO: history_Rank-1:{71.8 , 79.8 , 82.6 , 81.2 , 84.4 , 80.6 , 87.7 , 88.0 , 88.9 , 90.4 , 90.3 , 89.9}
2025-12-22 17:18:55,083 MambaPro.train INFO: best_Rank-1:{90.4}
2025-12-22 17:18:55,083 MambaPro.train INFO: history_Rank-5:{77.4 , 82.3 , 86.0 , 84.4 , 86.4 , 83.5 , 89.4 , 89.9 , 90.3 , 91.5 , 91.7}
2025-12-22 17:18:55,083 MambaPro.train INFO: best_Rank-5:{91.7}
2025-12-22 17:18:55,083 MambaPro.train INFO: history_Rank-10:{80.4 , 84.4 , 87.1 , 85.5 , 88.3 , 85.0 , 90.5 , 90.8 , 91.2 , 92.4 , 92.1 , 92.1}
2025-12-22 17:18:55,083 MambaPro.train INFO: best_Rank-10:{92.4}
2025-12-22 17:18:55,083 MambaPro.train INFO: history_Experts:{[0.00 , 0.00 , 0.00] , [0.00 , 0.00 , 0.00] , [0.00 , 0.00 , 0.00] , [0.00 , 0.00 , 0.00] , [0.00 , 0.00 , 0.00] , [0.00 , 0.00 , 0.00] , [0.00 , 0.00 , 0.00] , [0.00 , 0.00 , 0.00] , [0.00 , 0.00 , 0.00] , [0.00 , 0.00 , 0.00] , [0.00 , 0.00 , 0.00] , [0.00 , 0.00 , 0.00]}
2025-12-22 17:20:23,562 MambaPro.train INFO: Epoch 13 done. Time per batch: 0.761[s] Speed: 84.1[samples/s]
2025-12-22 17:21:58,062 MambaPro.train INFO: Validation Results - Epoch: 13
2025-12-22 17:21:58,062 MambaPro.train INFO: Current mAP: 77.2%
2025-12-22 17:21:58,062 MambaPro.train INFO: CMC curve, Rank-1  :89.7%
2025-12-22 17:21:58,062 MambaPro.train INFO: CMC curve, Rank-5  :91.5%
2025-12-22 17:21:58,062 MambaPro.train INFO: CMC curve, Rank-10 :92.5%
2025-12-22 17:21:58,062 MambaPro.train INFO: 🎯 New Best! Saving model...
2025-12-22 17:21:58,539 MambaPro.train INFO: [Epoch 13] 指标集合列表（历史）
2025-12-22 17:21:58,540 MambaPro.train INFO: history_mAP:{50.7 , 57.8 , 66.3 , 64.7 , 66.6 , 63.7 , 73.3 , 74.7 , 76.2 , 76.5 , 76.9 , 77.2 , 77.2}
2025-12-22 17:21:58,540 MambaPro.train INFO: best_mAP:{77.2}
2025-12-22 17:21:58,540 MambaPro.train INFO: history_Rank-1:{71.8 , 79.8 , 82.6 , 81.2 , 84.4 , 80.6 , 87.7 , 88.0 , 88.9 , 90.4 , 90.3 , 89.9 , 89.7}
2025-12-22 17:21:58,540 MambaPro.train INFO: best_Rank-1:{90.4}
2025-12-22 17:21:58,540 MambaPro.train INFO: history_Rank-5:{77.4 , 82.3 , 86.0 , 84.4 , 86.4 , 83.5 , 89.4 , 89.9 , 90.3 , 91.5 , 91.7}
2025-12-22 17:21:58,540 MambaPro.train INFO: best_Rank-5:{91.7}
2025-12-22 17:21:58,540 MambaPro.train INFO: history_Rank-10:{80.4 , 84.4 , 87.1 , 85.5 , 88.3 , 85.0 , 90.5 , 90.8 , 91.2 , 92.4 , 92.1 , 92.1 , 92.5}
2025-12-22 17:21:58,540 MambaPro.train INFO: best_Rank-10:{92.5}
2025-12-22 17:21:58,540 MambaPro.train INFO: history_Experts:{[0.00 , 0.00 , 0.00] , [0.00 , 0.00 , 0.00] , [0.00 , 0.00 , 0.00] , [0.00 , 0.00 , 0.00] , [0.00 , 0.00 , 0.00] , [0.00 , 0.00 , 0.00] , [0.00 , 0.00 , 0.00] , [0.00 , 0.00 , 0.00] , [0.00 , 0.00 , 0.00] , [0.00 , 0.00 , 0.00] , [0.00 , 0.00 , 0.00] , [0.00 , 0.00 , 0.00] , [0.00 , 0.00 , 0.00]}
2025-12-22 17:23:27,143 MambaPro.train INFO: Epoch 14 done. Time per batch: 0.762[s] Speed: 84.0[samples/s]
2025-12-22 17:25:01,702 MambaPro.train INFO: Validation Results - Epoch: 14
2025-12-22 17:25:01,703 MambaPro.train INFO: Current mAP: 76.9%
2025-12-22 17:25:01,703 MambaPro.train INFO: CMC curve, Rank-1  :89.8%
2025-12-22 17:25:01,703 MambaPro.train INFO: CMC curve, Rank-5  :91.1%
2025-12-22 17:25:01,703 MambaPro.train INFO: CMC curve, Rank-10 :92.2%
2025-12-22 17:25:01,703 MambaPro.train INFO: [Epoch 14] 指标集合列表（历史）
2025-12-22 17:25:01,703 MambaPro.train INFO: history_mAP:{50.7 , 57.8 , 66.3 , 64.7 , 66.6 , 63.7 , 73.3 , 74.7 , 76.2 , 76.5 , 76.9 , 77.2 , 77.2 , 76.9}
2025-12-22 17:25:01,703 MambaPro.train INFO: best_mAP:{77.2}
2025-12-22 17:25:01,703 MambaPro.train INFO: history_Rank-1:{71.8 , 79.8 , 82.6 , 81.2 , 84.4 , 80.6 , 87.7 , 88.0 , 88.9 , 90.4 , 90.3 , 89.9 , 89.7 , 89.8}
2025-12-22 17:25:01,703 MambaPro.train INFO: best_Rank-1:{90.4}
2025-12-22 17:25:01,703 MambaPro.train INFO: history_Rank-5:{77.4 , 82.3 , 86.0 , 84.4 , 86.4 , 83.5 , 89.4 , 89.9 , 90.3 , 91.5 , 91.7 , 91.1}
2025-12-22 17:25:01,703 MambaPro.train INFO: best_Rank-5:{91.7}
2025-12-22 17:25:01,703 MambaPro.train INFO: history_Rank-10:{80.4 , 84.4 , 87.1 , 85.5 , 88.3 , 85.0 , 90.5 , 90.8 , 91.2 , 92.4 , 92.1 , 92.1 , 92.5 , 92.2}
2025-12-22 17:25:01,703 MambaPro.train INFO: best_Rank-10:{92.5}
2025-12-22 17:25:01,703 MambaPro.train INFO: history_Experts:{[0.00 , 0.00 , 0.00] , [0.00 , 0.00 , 0.00] , [0.00 , 0.00 , 0.00] , [0.00 , 0.00 , 0.00] , [0.00 , 0.00 , 0.00] , [0.00 , 0.00 , 0.00] , [0.00 , 0.00 , 0.00] , [0.00 , 0.00 , 0.00] , [0.00 , 0.00 , 0.00] , [0.00 , 0.00 , 0.00] , [0.00 , 0.00 , 0.00] , [0.00 , 0.00 , 0.00] , [0.00 , 0.00 , 0.00] , [0.00 , 0.00 , 0.00]}
2025-12-22 17:26:30,187 MambaPro.train INFO: Epoch 15 done. Time per batch: 0.761[s] Speed: 84.1[samples/s]
2025-12-22 17:28:04,608 MambaPro.train INFO: Validation Results - Epoch: 15
2025-12-22 17:28:04,608 MambaPro.train INFO: Current mAP: 77.2%
2025-12-22 17:28:04,608 MambaPro.train INFO: CMC curve, Rank-1  :89.7%
2025-12-22 17:28:04,608 MambaPro.train INFO: CMC curve, Rank-5  :91.4%
2025-12-22 17:28:04,608 MambaPro.train INFO: CMC curve, Rank-10 :92.1%
2025-12-22 17:28:04,608 MambaPro.train INFO: [Epoch 15] 指标集合列表（历史）
2025-12-22 17:28:04,608 MambaPro.train INFO: history_mAP:{50.7 , 57.8 , 66.3 , 64.7 , 66.6 , 63.7 , 73.3 , 74.7 , 76.2 , 76.5 , 76.9 , 77.2 , 77.2 , 76.9 , 77.2}
2025-12-22 17:28:04,608 MambaPro.train INFO: best_mAP:{77.2}
2025-12-22 17:28:04,608 MambaPro.train INFO: history_Rank-1:{71.8 , 79.8 , 82.6 , 81.2 , 84.4 , 80.6 , 87.7 , 88.0 , 88.9 , 90.4 , 90.3 , 89.9 , 89.7 , 89.8 , 89.7}
2025-12-22 17:28:04,608 MambaPro.train INFO: best_Rank-1:{90.4}
2025-12-22 17:28:04,608 MambaPro.train INFO: history_Rank-5:{77.4 , 82.3 , 86.0 , 84.4 , 86.4 , 83.5 , 89.4 , 89.9 , 90.3 , 91.5 , 91.7 , 91.1 , 91.4}
2025-12-22 17:28:04,608 MambaPro.train INFO: best_Rank-5:{91.7}
2025-12-22 17:28:04,608 MambaPro.train INFO: history_Rank-10:{80.4 , 84.4 , 87.1 , 85.5 , 88.3 , 85.0 , 90.5 , 90.8 , 91.2 , 92.4 , 92.1 , 92.1 , 92.5 , 92.2}
2025-12-22 17:28:04,608 MambaPro.train INFO: best_Rank-10:{92.5}
2025-12-22 17:28:04,608 MambaPro.train INFO: history_Experts:{[0.00 , 0.00 , 0.00] , [0.00 , 0.00 , 0.00] , [0.00 , 0.00 , 0.00] , [0.00 , 0.00 , 0.00] , [0.00 , 0.00 , 0.00] , [0.00 , 0.00 , 0.00] , [0.00 , 0.00 , 0.00] , [0.00 , 0.00 , 0.00] , [0.00 , 0.00 , 0.00] , [0.00 , 0.00 , 0.00] , [0.00 , 0.00 , 0.00] , [0.00 , 0.00 , 0.00] , [0.00 , 0.00 , 0.00] , [0.00 , 0.00 , 0.00] , [0.00 , 0.00 , 0.00]}
2025-12-22 17:29:33,895 MambaPro.train INFO: Epoch 16 done. Time per batch: 0.761[s] Speed: 84.1[samples/s]
2025-12-22 17:31:08,408 MambaPro.train INFO: Validation Results - Epoch: 16
2025-12-22 17:31:08,408 MambaPro.train INFO: Current mAP: 79.4%
2025-12-22 17:31:08,408 MambaPro.train INFO: CMC curve, Rank-1  :91.8%
2025-12-22 17:31:08,408 MambaPro.train INFO: CMC curve, Rank-5  :92.7%
2025-12-22 17:31:08,408 MambaPro.train INFO: CMC curve, Rank-10 :93.1%
2025-12-22 17:31:08,408 MambaPro.train INFO: 🎯 New Best! Saving model...
2025-12-22 17:31:08,892 MambaPro.train INFO: [Epoch 16] 指标集合列表（历史）
2025-12-22 17:31:08,892 MambaPro.train INFO: history_mAP:{50.7 , 57.8 , 66.3 , 64.7 , 66.6 , 63.7 , 73.3 , 74.7 , 76.2 , 76.5 , 76.9 , 77.2 , 77.2 , 76.9 , 77.2 , 79.4}
2025-12-22 17:31:08,892 MambaPro.train INFO: best_mAP:{79.4}
2025-12-22 17:31:08,892 MambaPro.train INFO: history_Rank-1:{71.8 , 79.8 , 82.6 , 81.2 , 84.4 , 80.6 , 87.7 , 88.0 , 88.9 , 90.4 , 90.3 , 89.9 , 89.7 , 89.8 , 89.7 , 91.8}
2025-12-22 17:31:08,892 MambaPro.train INFO: best_Rank-1:{91.8}
2025-12-22 17:31:08,892 MambaPro.train INFO: history_Rank-5:{77.4 , 82.3 , 86.0 , 84.4 , 86.4 , 83.5 , 89.4 , 89.9 , 90.3 , 91.5 , 91.7 , 91.1 , 91.4 , 92.7}
2025-12-22 17:31:08,892 MambaPro.train INFO: best_Rank-5:{92.7}
2025-12-22 17:31:08,892 MambaPro.train INFO: history_Rank-10:{80.4 , 84.4 , 87.1 , 85.5 , 88.3 , 85.0 , 90.5 , 90.8 , 91.2 , 92.4 , 92.1 , 92.1 , 92.5 , 92.2 , 93.1}
2025-12-22 17:31:08,892 MambaPro.train INFO: best_Rank-10:{93.1}
2025-12-22 17:31:08,893 MambaPro.train INFO: history_Experts:{[0.00 , 0.00 , 0.00] , [0.00 , 0.00 , 0.00] , [0.00 , 0.00 , 0.00] , [0.00 , 0.00 , 0.00] , [0.00 , 0.00 , 0.00] , [0.00 , 0.00 , 0.00] , [0.00 , 0.00 , 0.00] , [0.00 , 0.00 , 0.00] , [0.00 , 0.00 , 0.00] , [0.00 , 0.00 , 0.00] , [0.00 , 0.00 , 0.00] , [0.00 , 0.00 , 0.00] , [0.00 , 0.00 , 0.00] , [0.00 , 0.00 , 0.00] , [0.00 , 0.00 , 0.00] , [0.00 , 0.00 , 0.00]}
2025-12-22 17:32:37,514 MambaPro.train INFO: Epoch 17 done. Time per batch: 0.762[s] Speed: 84.0[samples/s]
2025-12-22 17:34:11,869 MambaPro.train INFO: Validation Results - Epoch: 17
2025-12-22 17:34:11,869 MambaPro.train INFO: Current mAP: 78.6%
2025-12-22 17:34:11,869 MambaPro.train INFO: CMC curve, Rank-1  :90.6%
2025-12-22 17:34:11,869 MambaPro.train INFO: CMC curve, Rank-5  :92.0%
2025-12-22 17:34:11,869 MambaPro.train INFO: CMC curve, Rank-10 :92.6%
2025-12-22 17:34:11,869 MambaPro.train INFO: [Epoch 17] 指标集合列表（历史）
2025-12-22 17:34:11,869 MambaPro.train INFO: history_mAP:{50.7 , 57.8 , 66.3 , 64.7 , 66.6 , 63.7 , 73.3 , 74.7 , 76.2 , 76.5 , 76.9 , 77.2 , 77.2 , 76.9 , 77.2 , 79.4 , 78.6}
2025-12-22 17:34:11,869 MambaPro.train INFO: best_mAP:{79.4}
2025-12-22 17:34:11,869 MambaPro.train INFO: history_Rank-1:{71.8 , 79.8 , 82.6 , 81.2 , 84.4 , 80.6 , 87.7 , 88.0 , 88.9 , 90.4 , 90.3 , 89.9 , 89.7 , 89.8 , 89.7 , 91.8 , 90.6}
2025-12-22 17:34:11,869 MambaPro.train INFO: best_Rank-1:{91.8}
2025-12-22 17:34:11,869 MambaPro.train INFO: history_Rank-5:{77.4 , 82.3 , 86.0 , 84.4 , 86.4 , 83.5 , 89.4 , 89.9 , 90.3 , 91.5 , 91.7 , 91.1 , 91.4 , 92.7 , 92.0}
2025-12-22 17:34:11,869 MambaPro.train INFO: best_Rank-5:{92.7}
2025-12-22 17:34:11,869 MambaPro.train INFO: history_Rank-10:{80.4 , 84.4 , 87.1 , 85.5 , 88.3 , 85.0 , 90.5 , 90.8 , 91.2 , 92.4 , 92.1 , 92.1 , 92.5 , 92.2 , 93.1 , 92.6}
2025-12-22 17:34:11,869 MambaPro.train INFO: best_Rank-10:{93.1}
2025-12-22 17:34:11,869 MambaPro.train INFO: history_Experts:{[0.00 , 0.00 , 0.00] , [0.00 , 0.00 , 0.00] , [0.00 , 0.00 , 0.00] , [0.00 , 0.00 , 0.00] , [0.00 , 0.00 , 0.00] , [0.00 , 0.00 , 0.00] , [0.00 , 0.00 , 0.00] , [0.00 , 0.00 , 0.00] , [0.00 , 0.00 , 0.00] , [0.00 , 0.00 , 0.00] , [0.00 , 0.00 , 0.00] , [0.00 , 0.00 , 0.00] , [0.00 , 0.00 , 0.00] , [0.00 , 0.00 , 0.00] , [0.00 , 0.00 , 0.00] , [0.00 , 0.00 , 0.00] , [0.00 , 0.00 , 0.00]}
2025-12-22 17:35:39,519 MambaPro.train INFO: Epoch 18 done. Time per batch: 0.760[s] Speed: 84.2[samples/s]
2025-12-22 17:37:14,045 MambaPro.train INFO: Validation Results - Epoch: 18
2025-12-22 17:37:14,045 MambaPro.train INFO: Current mAP: 78.7%
2025-12-22 17:37:14,045 MambaPro.train INFO: CMC curve, Rank-1  :91.1%
2025-12-22 17:37:14,045 MambaPro.train INFO: CMC curve, Rank-5  :92.0%
2025-12-22 17:37:14,045 MambaPro.train INFO: CMC curve, Rank-10 :92.5%
2025-12-22 17:37:14,045 MambaPro.train INFO: [Epoch 18] 指标集合列表（历史）
2025-12-22 17:37:14,045 MambaPro.train INFO: history_mAP:{50.7 , 57.8 , 66.3 , 64.7 , 66.6 , 63.7 , 73.3 , 74.7 , 76.2 , 76.5 , 76.9 , 77.2 , 77.2 , 76.9 , 77.2 , 79.4 , 78.6 , 78.7}
2025-12-22 17:37:14,045 MambaPro.train INFO: best_mAP:{79.4}
2025-12-22 17:37:14,045 MambaPro.train INFO: history_Rank-1:{71.8 , 79.8 , 82.6 , 81.2 , 84.4 , 80.6 , 87.7 , 88.0 , 88.9 , 90.4 , 90.3 , 89.9 , 89.7 , 89.8 , 89.7 , 91.8 , 90.6 , 91.1}
2025-12-22 17:37:14,045 MambaPro.train INFO: best_Rank-1:{91.8}
2025-12-22 17:37:14,045 MambaPro.train INFO: history_Rank-5:{77.4 , 82.3 , 86.0 , 84.4 , 86.4 , 83.5 , 89.4 , 89.9 , 90.3 , 91.5 , 91.7 , 91.1 , 91.4 , 92.7 , 92.0 , 92.0}
2025-12-22 17:37:14,045 MambaPro.train INFO: best_Rank-5:{92.7}
2025-12-22 17:37:14,045 MambaPro.train INFO: history_Rank-10:{80.4 , 84.4 , 87.1 , 85.5 , 88.3 , 85.0 , 90.5 , 90.8 , 91.2 , 92.4 , 92.1 , 92.1 , 92.5 , 92.2 , 93.1 , 92.6 , 92.5}
2025-12-22 17:37:14,045 MambaPro.train INFO: best_Rank-10:{93.1}
2025-12-22 17:37:14,045 MambaPro.train INFO: history_Experts:{[0.00 , 0.00 , 0.00] , [0.00 , 0.00 , 0.00] , [0.00 , 0.00 , 0.00] , [0.00 , 0.00 , 0.00] , [0.00 , 0.00 , 0.00] , [0.00 , 0.00 , 0.00] , [0.00 , 0.00 , 0.00] , [0.00 , 0.00 , 0.00] , [0.00 , 0.00 , 0.00] , [0.00 , 0.00 , 0.00] , [0.00 , 0.00 , 0.00] , [0.00 , 0.00 , 0.00] , [0.00 , 0.00 , 0.00] , [0.00 , 0.00 , 0.00] , [0.00 , 0.00 , 0.00] , [0.00 , 0.00 , 0.00] , [0.00 , 0.00 , 0.00] , [0.00 , 0.00 , 0.00]}
2025-12-22 17:38:43,424 MambaPro.train INFO: Epoch 19 done. Time per batch: 0.762[s] Speed: 84.0[samples/s]
2025-12-22 17:40:17,734 MambaPro.train INFO: Validation Results - Epoch: 19
2025-12-22 17:40:17,734 MambaPro.train INFO: Current mAP: 79.0%
2025-12-22 17:40:17,734 MambaPro.train INFO: CMC curve, Rank-1  :90.8%
2025-12-22 17:40:17,734 MambaPro.train INFO: CMC curve, Rank-5  :92.0%
2025-12-22 17:40:17,734 MambaPro.train INFO: CMC curve, Rank-10 :92.8%
2025-12-22 17:40:17,734 MambaPro.train INFO: [Epoch 19] 指标集合列表（历史）
2025-12-22 17:40:17,734 MambaPro.train INFO: history_mAP:{50.7 , 57.8 , 66.3 , 64.7 , 66.6 , 63.7 , 73.3 , 74.7 , 76.2 , 76.5 , 76.9 , 77.2 , 77.2 , 76.9 , 77.2 , 79.4 , 78.6 , 78.7 , 79.0}
2025-12-22 17:40:17,734 MambaPro.train INFO: best_mAP:{79.4}
2025-12-22 17:40:17,734 MambaPro.train INFO: history_Rank-1:{71.8 , 79.8 , 82.6 , 81.2 , 84.4 , 80.6 , 87.7 , 88.0 , 88.9 , 90.4 , 90.3 , 89.9 , 89.7 , 89.8 , 89.7 , 91.8 , 90.6 , 91.1 , 90.8}
2025-12-22 17:40:17,734 MambaPro.train INFO: best_Rank-1:{91.8}
2025-12-22 17:40:17,735 MambaPro.train INFO: history_Rank-5:{77.4 , 82.3 , 86.0 , 84.4 , 86.4 , 83.5 , 89.4 , 89.9 , 90.3 , 91.5 , 91.7 , 91.1 , 91.4 , 92.7 , 92.0 , 92.0}
2025-12-22 17:40:17,735 MambaPro.train INFO: best_Rank-5:{92.7}
2025-12-22 17:40:17,735 MambaPro.train INFO: history_Rank-10:{80.4 , 84.4 , 87.1 , 85.5 , 88.3 , 85.0 , 90.5 , 90.8 , 91.2 , 92.4 , 92.1 , 92.1 , 92.5 , 92.2 , 93.1 , 92.6 , 92.5 , 92.8}
2025-12-22 17:40:17,735 MambaPro.train INFO: best_Rank-10:{93.1}
2025-12-22 17:40:17,735 MambaPro.train INFO: history_Experts:{[0.00 , 0.00 , 0.00] , [0.00 , 0.00 , 0.00] , [0.00 , 0.00 , 0.00] , [0.00 , 0.00 , 0.00] , [0.00 , 0.00 , 0.00] , [0.00 , 0.00 , 0.00] , [0.00 , 0.00 , 0.00] , [0.00 , 0.00 , 0.00] , [0.00 , 0.00 , 0.00] , [0.00 , 0.00 , 0.00] , [0.00 , 0.00 , 0.00] , [0.00 , 0.00 , 0.00] , [0.00 , 0.00 , 0.00] , [0.00 , 0.00 , 0.00] , [0.00 , 0.00 , 0.00] , [0.00 , 0.00 , 0.00] , [0.00 , 0.00 , 0.00] , [0.00 , 0.00 , 0.00] , [0.00 , 0.00 , 0.00]}
2025-12-22 17:41:46,136 MambaPro.train INFO: Epoch 20 done. Time per batch: 0.760[s] Speed: 84.2[samples/s]
2025-12-22 17:43:20,635 MambaPro.train INFO: Validation Results - Epoch: 20
2025-12-22 17:43:20,635 MambaPro.train INFO: Current mAP: 78.9%
2025-12-22 17:43:20,635 MambaPro.train INFO: CMC curve, Rank-1  :90.4%
2025-12-22 17:43:20,635 MambaPro.train INFO: CMC curve, Rank-5  :92.3%
2025-12-22 17:43:20,635 MambaPro.train INFO: CMC curve, Rank-10 :93.1%
2025-12-22 17:43:20,635 MambaPro.train INFO: [Epoch 20] 指标集合列表（历史）
2025-12-22 17:43:20,635 MambaPro.train INFO: history_mAP:{50.7 , 57.8 , 66.3 , 64.7 , 66.6 , 63.7 , 73.3 , 74.7 , 76.2 , 76.5 , 76.9 , 77.2 , 77.2 , 76.9 , 77.2 , 79.4 , 78.6 , 78.7 , 79.0 , 78.9}
2025-12-22 17:43:20,635 MambaPro.train INFO: best_mAP:{79.4}
2025-12-22 17:43:20,635 MambaPro.train INFO: history_Rank-1:{71.8 , 79.8 , 82.6 , 81.2 , 84.4 , 80.6 , 87.7 , 88.0 , 88.9 , 90.4 , 90.3 , 89.9 , 89.7 , 89.8 , 89.7 , 91.8 , 90.6 , 91.1 , 90.8}
2025-12-22 17:43:20,635 MambaPro.train INFO: best_Rank-1:{91.8}
2025-12-22 17:43:20,635 MambaPro.train INFO: history_Rank-5:{77.4 , 82.3 , 86.0 , 84.4 , 86.4 , 83.5 , 89.4 , 89.9 , 90.3 , 91.5 , 91.7 , 91.1 , 91.4 , 92.7 , 92.0 , 92.0 , 92.3}
2025-12-22 17:43:20,635 MambaPro.train INFO: best_Rank-5:{92.7}
2025-12-22 17:43:20,635 MambaPro.train INFO: history_Rank-10:{80.4 , 84.4 , 87.1 , 85.5 , 88.3 , 85.0 , 90.5 , 90.8 , 91.2 , 92.4 , 92.1 , 92.1 , 92.5 , 92.2 , 93.1 , 92.6 , 92.5 , 92.8}
2025-12-22 17:43:20,635 MambaPro.train INFO: best_Rank-10:{93.1}
2025-12-22 17:43:20,635 MambaPro.train INFO: history_Experts:{[0.00 , 0.00 , 0.00] , [0.00 , 0.00 , 0.00] , [0.00 , 0.00 , 0.00] , [0.00 , 0.00 , 0.00] , [0.00 , 0.00 , 0.00] , [0.00 , 0.00 , 0.00] , [0.00 , 0.00 , 0.00] , [0.00 , 0.00 , 0.00] , [0.00 , 0.00 , 0.00] , [0.00 , 0.00 , 0.00] , [0.00 , 0.00 , 0.00] , [0.00 , 0.00 , 0.00] , [0.00 , 0.00 , 0.00] , [0.00 , 0.00 , 0.00] , [0.00 , 0.00 , 0.00] , [0.00 , 0.00 , 0.00] , [0.00 , 0.00 , 0.00] , [0.00 , 0.00 , 0.00] , [0.00 , 0.00 , 0.00] , [0.00 , 0.00 , 0.00]}
2025-12-22 17:44:49,046 MambaPro.train INFO: Epoch 21 done. Time per batch: 0.760[s] Speed: 84.2[samples/s]
2025-12-22 17:46:23,377 MambaPro.train INFO: Validation Results - Epoch: 21
2025-12-22 17:46:23,377 MambaPro.train INFO: Current mAP: 79.0%
2025-12-22 17:46:23,377 MambaPro.train INFO: CMC curve, Rank-1  :91.0%
2025-12-22 17:46:23,377 MambaPro.train INFO: CMC curve, Rank-5  :92.0%
2025-12-22 17:46:23,377 MambaPro.train INFO: CMC curve, Rank-10 :92.7%
2025-12-22 17:46:23,377 MambaPro.train INFO: [Epoch 21] 指标集合列表（历史）
2025-12-22 17:46:23,377 MambaPro.train INFO: history_mAP:{50.7 , 57.8 , 66.3 , 64.7 , 66.6 , 63.7 , 73.3 , 74.7 , 76.2 , 76.5 , 76.9 , 77.2 , 77.2 , 76.9 , 77.2 , 79.4 , 78.6 , 78.7 , 79.0 , 78.9 , 79.0}
2025-12-22 17:46:23,377 MambaPro.train INFO: best_mAP:{79.4}
2025-12-22 17:46:23,377 MambaPro.train INFO: history_Rank-1:{71.8 , 79.8 , 82.6 , 81.2 , 84.4 , 80.6 , 87.7 , 88.0 , 88.9 , 90.4 , 90.3 , 89.9 , 89.7 , 89.8 , 89.7 , 91.8 , 90.6 , 91.1 , 90.8 , 91.0}
2025-12-22 17:46:23,377 MambaPro.train INFO: best_Rank-1:{91.8}
2025-12-22 17:46:23,377 MambaPro.train INFO: history_Rank-5:{77.4 , 82.3 , 86.0 , 84.4 , 86.4 , 83.5 , 89.4 , 89.9 , 90.3 , 91.5 , 91.7 , 91.1 , 91.4 , 92.7 , 92.0 , 92.0 , 92.3}
2025-12-22 17:46:23,377 MambaPro.train INFO: best_Rank-5:{92.7}
2025-12-22 17:46:23,377 MambaPro.train INFO: history_Rank-10:{80.4 , 84.4 , 87.1 , 85.5 , 88.3 , 85.0 , 90.5 , 90.8 , 91.2 , 92.4 , 92.1 , 92.1 , 92.5 , 92.2 , 93.1 , 92.6 , 92.5 , 92.8 , 92.7}
2025-12-22 17:46:23,377 MambaPro.train INFO: best_Rank-10:{93.1}
2025-12-22 17:46:23,377 MambaPro.train INFO: history_Experts:{[0.00 , 0.00 , 0.00] , [0.00 , 0.00 , 0.00] , [0.00 , 0.00 , 0.00] , [0.00 , 0.00 , 0.00] , [0.00 , 0.00 , 0.00] , [0.00 , 0.00 , 0.00] , [0.00 , 0.00 , 0.00] , [0.00 , 0.00 , 0.00] , [0.00 , 0.00 , 0.00] , [0.00 , 0.00 , 0.00] , [0.00 , 0.00 , 0.00] , [0.00 , 0.00 , 0.00] , [0.00 , 0.00 , 0.00] , [0.00 , 0.00 , 0.00] , [0.00 , 0.00 , 0.00] , [0.00 , 0.00 , 0.00] , [0.00 , 0.00 , 0.00] , [0.00 , 0.00 , 0.00] , [0.00 , 0.00 , 0.00] , [0.00 , 0.00 , 0.00] , [0.00 , 0.00 , 0.00]}
2025-12-22 17:47:52,033 MambaPro.train INFO: Epoch 22 done. Time per batch: 0.762[s] Speed: 84.0[samples/s]
2025-12-22 17:49:26,603 MambaPro.train INFO: Validation Results - Epoch: 22
2025-12-22 17:49:26,603 MambaPro.train INFO: Current mAP: 79.3%
2025-12-22 17:49:26,603 MambaPro.train INFO: CMC curve, Rank-1  :90.9%
2025-12-22 17:49:26,603 MambaPro.train INFO: CMC curve, Rank-5  :92.3%
2025-12-22 17:49:26,603 MambaPro.train INFO: CMC curve, Rank-10 :93.0%
2025-12-22 17:49:26,603 MambaPro.train INFO: [Epoch 22] 指标集合列表（历史）
2025-12-22 17:49:26,603 MambaPro.train INFO: history_mAP:{50.7 , 57.8 , 66.3 , 64.7 , 66.6 , 63.7 , 73.3 , 74.7 , 76.2 , 76.5 , 76.9 , 77.2 , 77.2 , 76.9 , 77.2 , 79.4 , 78.6 , 78.7 , 79.0 , 78.9 , 79.0 , 79.3}
2025-12-22 17:49:26,603 MambaPro.train INFO: best_mAP:{79.4}
2025-12-22 17:49:26,603 MambaPro.train INFO: history_Rank-1:{71.8 , 79.8 , 82.6 , 81.2 , 84.4 , 80.6 , 87.7 , 88.0 , 88.9 , 90.4 , 90.3 , 89.9 , 89.7 , 89.8 , 89.7 , 91.8 , 90.6 , 91.1 , 90.8 , 91.0 , 90.9}
2025-12-22 17:49:26,603 MambaPro.train INFO: best_Rank-1:{91.8}
2025-12-22 17:49:26,603 MambaPro.train INFO: history_Rank-5:{77.4 , 82.3 , 86.0 , 84.4 , 86.4 , 83.5 , 89.4 , 89.9 , 90.3 , 91.5 , 91.7 , 91.1 , 91.4 , 92.7 , 92.0 , 92.0 , 92.3}
2025-12-22 17:49:26,603 MambaPro.train INFO: best_Rank-5:{92.7}
2025-12-22 17:49:26,603 MambaPro.train INFO: history_Rank-10:{80.4 , 84.4 , 87.1 , 85.5 , 88.3 , 85.0 , 90.5 , 90.8 , 91.2 , 92.4 , 92.1 , 92.1 , 92.5 , 92.2 , 93.1 , 92.6 , 92.5 , 92.8 , 92.7 , 93.0}
2025-12-22 17:49:26,603 MambaPro.train INFO: best_Rank-10:{93.1}
2025-12-22 17:49:26,603 MambaPro.train INFO: history_Experts:{[0.00 , 0.00 , 0.00] , [0.00 , 0.00 , 0.00] , [0.00 , 0.00 , 0.00] , [0.00 , 0.00 , 0.00] , [0.00 , 0.00 , 0.00] , [0.00 , 0.00 , 0.00] , [0.00 , 0.00 , 0.00] , [0.00 , 0.00 , 0.00] , [0.00 , 0.00 , 0.00] , [0.00 , 0.00 , 0.00] , [0.00 , 0.00 , 0.00] , [0.00 , 0.00 , 0.00] , [0.00 , 0.00 , 0.00] , [0.00 , 0.00 , 0.00] , [0.00 , 0.00 , 0.00] , [0.00 , 0.00 , 0.00] , [0.00 , 0.00 , 0.00] , [0.00 , 0.00 , 0.00] , [0.00 , 0.00 , 0.00] , [0.00 , 0.00 , 0.00] , [0.00 , 0.00 , 0.00] , [0.00 , 0.00 , 0.00]}
2025-12-22 17:50:55,040 MambaPro.train INFO: Epoch 23 done. Time per batch: 0.760[s] Speed: 84.2[samples/s]
2025-12-22 17:52:29,335 MambaPro.train INFO: Validation Results - Epoch: 23
2025-12-22 17:52:29,335 MambaPro.train INFO: Current mAP: 79.3%
2025-12-22 17:52:29,335 MambaPro.train INFO: CMC curve, Rank-1  :90.8%
2025-12-22 17:52:29,335 MambaPro.train INFO: CMC curve, Rank-5  :91.7%
2025-12-22 17:52:29,336 MambaPro.train INFO: CMC curve, Rank-10 :92.6%
2025-12-22 17:52:29,336 MambaPro.train INFO: [Epoch 23] 指标集合列表（历史）
2025-12-22 17:52:29,336 MambaPro.train INFO: history_mAP:{50.7 , 57.8 , 66.3 , 64.7 , 66.6 , 63.7 , 73.3 , 74.7 , 76.2 , 76.5 , 76.9 , 77.2 , 77.2 , 76.9 , 77.2 , 79.4 , 78.6 , 78.7 , 79.0 , 78.9 , 79.0 , 79.3 , 79.3}
2025-12-22 17:52:29,336 MambaPro.train INFO: best_mAP:{79.4}
2025-12-22 17:52:29,336 MambaPro.train INFO: history_Rank-1:{71.8 , 79.8 , 82.6 , 81.2 , 84.4 , 80.6 , 87.7 , 88.0 , 88.9 , 90.4 , 90.3 , 89.9 , 89.7 , 89.8 , 89.7 , 91.8 , 90.6 , 91.1 , 90.8 , 91.0 , 90.9}
2025-12-22 17:52:29,336 MambaPro.train INFO: best_Rank-1:{91.8}
2025-12-22 17:52:29,336 MambaPro.train INFO: history_Rank-5:{77.4 , 82.3 , 86.0 , 84.4 , 86.4 , 83.5 , 89.4 , 89.9 , 90.3 , 91.5 , 91.7 , 91.1 , 91.4 , 92.7 , 92.0 , 92.0 , 92.3}
2025-12-22 17:52:29,336 MambaPro.train INFO: best_Rank-5:{92.7}
2025-12-22 17:52:29,336 MambaPro.train INFO: history_Rank-10:{80.4 , 84.4 , 87.1 , 85.5 , 88.3 , 85.0 , 90.5 , 90.8 , 91.2 , 92.4 , 92.1 , 92.1 , 92.5 , 92.2 , 93.1 , 92.6 , 92.5 , 92.8 , 92.7 , 93.0}
2025-12-22 17:52:29,336 MambaPro.train INFO: best_Rank-10:{93.1}
2025-12-22 17:52:29,336 MambaPro.train INFO: history_Experts:{[0.00 , 0.00 , 0.00] , [0.00 , 0.00 , 0.00] , [0.00 , 0.00 , 0.00] , [0.00 , 0.00 , 0.00] , [0.00 , 0.00 , 0.00] , [0.00 , 0.00 , 0.00] , [0.00 , 0.00 , 0.00] , [0.00 , 0.00 , 0.00] , [0.00 , 0.00 , 0.00] , [0.00 , 0.00 , 0.00] , [0.00 , 0.00 , 0.00] , [0.00 , 0.00 , 0.00] , [0.00 , 0.00 , 0.00] , [0.00 , 0.00 , 0.00] , [0.00 , 0.00 , 0.00] , [0.00 , 0.00 , 0.00] , [0.00 , 0.00 , 0.00] , [0.00 , 0.00 , 0.00] , [0.00 , 0.00 , 0.00] , [0.00 , 0.00 , 0.00] , [0.00 , 0.00 , 0.00] , [0.00 , 0.00 , 0.00] , [0.00 , 0.00 , 0.00]}
2025-12-22 17:53:57,793 MambaPro.train INFO: Epoch 24 done. Time per batch: 0.760[s] Speed: 84.2[samples/s]
2025-12-22 17:55:32,252 MambaPro.train INFO: Validation Results - Epoch: 24
2025-12-22 17:55:32,252 MambaPro.train INFO: Current mAP: 79.4%
2025-12-22 17:55:32,252 MambaPro.train INFO: CMC curve, Rank-1  :91.0%
2025-12-22 17:55:32,252 MambaPro.train INFO: CMC curve, Rank-5  :92.0%
2025-12-22 17:55:32,252 MambaPro.train INFO: CMC curve, Rank-10 :92.8%
2025-12-22 17:55:32,252 MambaPro.train INFO: [Epoch 24] 指标集合列表（历史）
2025-12-22 17:55:32,252 MambaPro.train INFO: history_mAP:{50.7 , 57.8 , 66.3 , 64.7 , 66.6 , 63.7 , 73.3 , 74.7 , 76.2 , 76.5 , 76.9 , 77.2 , 77.2 , 76.9 , 77.2 , 79.4 , 78.6 , 78.7 , 79.0 , 78.9 , 79.0 , 79.3 , 79.3 , 79.4}
2025-12-22 17:55:32,252 MambaPro.train INFO: best_mAP:{79.4}
2025-12-22 17:55:32,252 MambaPro.train INFO: history_Rank-1:{71.8 , 79.8 , 82.6 , 81.2 , 84.4 , 80.6 , 87.7 , 88.0 , 88.9 , 90.4 , 90.3 , 89.9 , 89.7 , 89.8 , 89.7 , 91.8 , 90.6 , 91.1 , 90.8 , 91.0 , 90.9 , 91.0}
2025-12-22 17:55:32,252 MambaPro.train INFO: best_Rank-1:{91.8}
2025-12-22 17:55:32,252 MambaPro.train INFO: history_Rank-5:{77.4 , 82.3 , 86.0 , 84.4 , 86.4 , 83.5 , 89.4 , 89.9 , 90.3 , 91.5 , 91.7 , 91.1 , 91.4 , 92.7 , 92.0 , 92.0 , 92.3}
2025-12-22 17:55:32,252 MambaPro.train INFO: best_Rank-5:{92.7}
2025-12-22 17:55:32,252 MambaPro.train INFO: history_Rank-10:{80.4 , 84.4 , 87.1 , 85.5 , 88.3 , 85.0 , 90.5 , 90.8 , 91.2 , 92.4 , 92.1 , 92.1 , 92.5 , 92.2 , 93.1 , 92.6 , 92.5 , 92.8 , 92.7 , 93.0 , 92.8}
2025-12-22 17:55:32,252 MambaPro.train INFO: best_Rank-10:{93.1}
2025-12-22 17:55:32,252 MambaPro.train INFO: history_Experts:{[0.00 , 0.00 , 0.00] , [0.00 , 0.00 , 0.00] , [0.00 , 0.00 , 0.00] , [0.00 , 0.00 , 0.00] , [0.00 , 0.00 , 0.00] , [0.00 , 0.00 , 0.00] , [0.00 , 0.00 , 0.00] , [0.00 , 0.00 , 0.00] , [0.00 , 0.00 , 0.00] , [0.00 , 0.00 , 0.00] , [0.00 , 0.00 , 0.00] , [0.00 , 0.00 , 0.00] , [0.00 , 0.00 , 0.00] , [0.00 , 0.00 , 0.00] , [0.00 , 0.00 , 0.00] , [0.00 , 0.00 , 0.00] , [0.00 , 0.00 , 0.00] , [0.00 , 0.00 , 0.00] , [0.00 , 0.00 , 0.00] , [0.00 , 0.00 , 0.00] , [0.00 , 0.00 , 0.00] , [0.00 , 0.00 , 0.00] , [0.00 , 0.00 , 0.00] , [0.00 , 0.00 , 0.00]}
2025-12-22 17:57:01,497 MambaPro.train INFO: Epoch 25 done. Time per batch: 0.761[s] Speed: 84.1[samples/s]
2025-12-22 17:58:36,029 MambaPro.train INFO: Validation Results - Epoch: 25
2025-12-22 17:58:36,029 MambaPro.train INFO: Current mAP: 79.4%
2025-12-22 17:58:36,029 MambaPro.train INFO: CMC curve, Rank-1  :90.7%
2025-12-22 17:58:36,029 MambaPro.train INFO: CMC curve, Rank-5  :91.8%
2025-12-22 17:58:36,029 MambaPro.train INFO: CMC curve, Rank-10 :92.9%
2025-12-22 17:58:36,029 MambaPro.train INFO: [Epoch 25] 指标集合列表（历史）
2025-12-22 17:58:36,029 MambaPro.train INFO: history_mAP:{50.7 , 57.8 , 66.3 , 64.7 , 66.6 , 63.7 , 73.3 , 74.7 , 76.2 , 76.5 , 76.9 , 77.2 , 77.2 , 76.9 , 77.2 , 79.4 , 78.6 , 78.7 , 79.0 , 78.9 , 79.0 , 79.3 , 79.3 , 79.4 , 79.4}
2025-12-22 17:58:36,029 MambaPro.train INFO: best_mAP:{79.4}
2025-12-22 17:58:36,029 MambaPro.train INFO: history_Rank-1:{71.8 , 79.8 , 82.6 , 81.2 , 84.4 , 80.6 , 87.7 , 88.0 , 88.9 , 90.4 , 90.3 , 89.9 , 89.7 , 89.8 , 89.7 , 91.8 , 90.6 , 91.1 , 90.8 , 91.0 , 90.9 , 91.0 , 90.7}
2025-12-22 17:58:36,029 MambaPro.train INFO: best_Rank-1:{91.8}
2025-12-22 17:58:36,029 MambaPro.train INFO: history_Rank-5:{77.4 , 82.3 , 86.0 , 84.4 , 86.4 , 83.5 , 89.4 , 89.9 , 90.3 , 91.5 , 91.7 , 91.1 , 91.4 , 92.7 , 92.0 , 92.0 , 92.3 , 91.8}
2025-12-22 17:58:36,029 MambaPro.train INFO: best_Rank-5:{92.7}
2025-12-22 17:58:36,029 MambaPro.train INFO: history_Rank-10:{80.4 , 84.4 , 87.1 , 85.5 , 88.3 , 85.0 , 90.5 , 90.8 , 91.2 , 92.4 , 92.1 , 92.1 , 92.5 , 92.2 , 93.1 , 92.6 , 92.5 , 92.8 , 92.7 , 93.0 , 92.8 , 92.9}
2025-12-22 17:58:36,029 MambaPro.train INFO: best_Rank-10:{93.1}
2025-12-22 17:58:36,029 MambaPro.train INFO: history_Experts:{[0.00 , 0.00 , 0.00] , [0.00 , 0.00 , 0.00] , [0.00 , 0.00 , 0.00] , [0.00 , 0.00 , 0.00] , [0.00 , 0.00 , 0.00] , [0.00 , 0.00 , 0.00] , [0.00 , 0.00 , 0.00] , [0.00 , 0.00 , 0.00] , [0.00 , 0.00 , 0.00] , [0.00 , 0.00 , 0.00] , [0.00 , 0.00 , 0.00] , [0.00 , 0.00 , 0.00] , [0.00 , 0.00 , 0.00] , [0.00 , 0.00 , 0.00] , [0.00 , 0.00 , 0.00] , [0.00 , 0.00 , 0.00] , [0.00 , 0.00 , 0.00] , [0.00 , 0.00 , 0.00] , [0.00 , 0.00 , 0.00] , [0.00 , 0.00 , 0.00] , [0.00 , 0.00 , 0.00] , [0.00 , 0.00 , 0.00] , [0.00 , 0.00 , 0.00] , [0.00 , 0.00 , 0.00] , [0.00 , 0.00 , 0.00]}
2025-12-22 18:00:04,573 MambaPro.train INFO: Epoch 26 done. Time per batch: 0.761[s] Speed: 84.1[samples/s]
2025-12-22 18:01:39,182 MambaPro.train INFO: Validation Results - Epoch: 26
2025-12-22 18:01:39,182 MambaPro.train INFO: Current mAP: 79.4%
2025-12-22 18:01:39,182 MambaPro.train INFO: CMC curve, Rank-1  :90.7%
2025-12-22 18:01:39,182 MambaPro.train INFO: CMC curve, Rank-5  :91.7%
2025-12-22 18:01:39,182 MambaPro.train INFO: CMC curve, Rank-10 :92.8%
2025-12-22 18:01:39,182 MambaPro.train INFO: [Epoch 26] 指标集合列表（历史）
2025-12-22 18:01:39,182 MambaPro.train INFO: history_mAP:{50.7 , 57.8 , 66.3 , 64.7 , 66.6 , 63.7 , 73.3 , 74.7 , 76.2 , 76.5 , 76.9 , 77.2 , 77.2 , 76.9 , 77.2 , 79.4 , 78.6 , 78.7 , 79.0 , 78.9 , 79.0 , 79.3 , 79.3 , 79.4 , 79.4 , 79.4}
2025-12-22 18:01:39,182 MambaPro.train INFO: best_mAP:{79.4}
2025-12-22 18:01:39,182 MambaPro.train INFO: history_Rank-1:{71.8 , 79.8 , 82.6 , 81.2 , 84.4 , 80.6 , 87.7 , 88.0 , 88.9 , 90.4 , 90.3 , 89.9 , 89.7 , 89.8 , 89.7 , 91.8 , 90.6 , 91.1 , 90.8 , 91.0 , 90.9 , 91.0 , 90.7 , 90.7}
2025-12-22 18:01:39,182 MambaPro.train INFO: best_Rank-1:{91.8}
2025-12-22 18:01:39,182 MambaPro.train INFO: history_Rank-5:{77.4 , 82.3 , 86.0 , 84.4 , 86.4 , 83.5 , 89.4 , 89.9 , 90.3 , 91.5 , 91.7 , 91.1 , 91.4 , 92.7 , 92.0 , 92.0 , 92.3 , 91.8}
2025-12-22 18:01:39,182 MambaPro.train INFO: best_Rank-5:{92.7}
2025-12-22 18:01:39,182 MambaPro.train INFO: history_Rank-10:{80.4 , 84.4 , 87.1 , 85.5 , 88.3 , 85.0 , 90.5 , 90.8 , 91.2 , 92.4 , 92.1 , 92.1 , 92.5 , 92.2 , 93.1 , 92.6 , 92.5 , 92.8 , 92.7 , 93.0 , 92.8 , 92.9}
2025-12-22 18:01:39,182 MambaPro.train INFO: best_Rank-10:{93.1}
2025-12-22 18:01:39,182 MambaPro.train INFO: history_Experts:{[0.00 , 0.00 , 0.00] , [0.00 , 0.00 , 0.00] , [0.00 , 0.00 , 0.00] , [0.00 , 0.00 , 0.00] , [0.00 , 0.00 , 0.00] , [0.00 , 0.00 , 0.00] , [0.00 , 0.00 , 0.00] , [0.00 , 0.00 , 0.00] , [0.00 , 0.00 , 0.00] , [0.00 , 0.00 , 0.00] , [0.00 , 0.00 , 0.00] , [0.00 , 0.00 , 0.00] , [0.00 , 0.00 , 0.00] , [0.00 , 0.00 , 0.00] , [0.00 , 0.00 , 0.00] , [0.00 , 0.00 , 0.00] , [0.00 , 0.00 , 0.00] , [0.00 , 0.00 , 0.00] , [0.00 , 0.00 , 0.00] , [0.00 , 0.00 , 0.00] , [0.00 , 0.00 , 0.00] , [0.00 , 0.00 , 0.00] , [0.00 , 0.00 , 0.00] , [0.00 , 0.00 , 0.00] , [0.00 , 0.00 , 0.00] , [0.00 , 0.00 , 0.00]}
2025-12-22 18:03:07,774 MambaPro.train INFO: Epoch 27 done. Time per batch: 0.762[s] Speed: 84.0[samples/s]
2025-12-22 18:04:42,379 MambaPro.train INFO: Validation Results - Epoch: 27
2025-12-22 18:04:42,379 MambaPro.train INFO: Current mAP: 79.4%
2025-12-22 18:04:42,379 MambaPro.train INFO: CMC curve, Rank-1  :90.8%
2025-12-22 18:04:42,379 MambaPro.train INFO: CMC curve, Rank-5  :92.1%
2025-12-22 18:04:42,379 MambaPro.train INFO: CMC curve, Rank-10 :92.9%
2025-12-22 18:04:42,379 MambaPro.train INFO: [Epoch 27] 指标集合列表（历史）
2025-12-22 18:04:42,379 MambaPro.train INFO: history_mAP:{50.7 , 57.8 , 66.3 , 64.7 , 66.6 , 63.7 , 73.3 , 74.7 , 76.2 , 76.5 , 76.9 , 77.2 , 77.2 , 76.9 , 77.2 , 79.4 , 78.6 , 78.7 , 79.0 , 78.9 , 79.0 , 79.3 , 79.3 , 79.4 , 79.4 , 79.4 , 79.4}
2025-12-22 18:04:42,379 MambaPro.train INFO: best_mAP:{79.4}
2025-12-22 18:04:42,379 MambaPro.train INFO: history_Rank-1:{71.8 , 79.8 , 82.6 , 81.2 , 84.4 , 80.6 , 87.7 , 88.0 , 88.9 , 90.4 , 90.3 , 89.9 , 89.7 , 89.8 , 89.7 , 91.8 , 90.6 , 91.1 , 90.8 , 91.0 , 90.9 , 91.0 , 90.7 , 90.7}
2025-12-22 18:04:42,379 MambaPro.train INFO: best_Rank-1:{91.8}
2025-12-22 18:04:42,379 MambaPro.train INFO: history_Rank-5:{77.4 , 82.3 , 86.0 , 84.4 , 86.4 , 83.5 , 89.4 , 89.9 , 90.3 , 91.5 , 91.7 , 91.1 , 91.4 , 92.7 , 92.0 , 92.0 , 92.3 , 91.8 , 92.1}
2025-12-22 18:04:42,379 MambaPro.train INFO: best_Rank-5:{92.7}
2025-12-22 18:04:42,379 MambaPro.train INFO: history_Rank-10:{80.4 , 84.4 , 87.1 , 85.5 , 88.3 , 85.0 , 90.5 , 90.8 , 91.2 , 92.4 , 92.1 , 92.1 , 92.5 , 92.2 , 93.1 , 92.6 , 92.5 , 92.8 , 92.7 , 93.0 , 92.8 , 92.9 , 92.9}
2025-12-22 18:04:42,379 MambaPro.train INFO: best_Rank-10:{93.1}
2025-12-22 18:04:42,379 MambaPro.train INFO: history_Experts:{[0.00 , 0.00 , 0.00] , [0.00 , 0.00 , 0.00] , [0.00 , 0.00 , 0.00] , [0.00 , 0.00 , 0.00] , [0.00 , 0.00 , 0.00] , [0.00 , 0.00 , 0.00] , [0.00 , 0.00 , 0.00] , [0.00 , 0.00 , 0.00] , [0.00 , 0.00 , 0.00] , [0.00 , 0.00 , 0.00] , [0.00 , 0.00 , 0.00] , [0.00 , 0.00 , 0.00] , [0.00 , 0.00 , 0.00] , [0.00 , 0.00 , 0.00] , [0.00 , 0.00 , 0.00] , [0.00 , 0.00 , 0.00] , [0.00 , 0.00 , 0.00] , [0.00 , 0.00 , 0.00] , [0.00 , 0.00 , 0.00] , [0.00 , 0.00 , 0.00] , [0.00 , 0.00 , 0.00] , [0.00 , 0.00 , 0.00] , [0.00 , 0.00 , 0.00] , [0.00 , 0.00 , 0.00] , [0.00 , 0.00 , 0.00] , [0.00 , 0.00 , 0.00] , [0.00 , 0.00 , 0.00]}
2025-12-22 18:06:11,581 MambaPro.train INFO: Epoch 28 done. Time per batch: 0.760[s] Speed: 84.2[samples/s]
2025-12-22 18:07:46,077 MambaPro.train INFO: Validation Results - Epoch: 28
2025-12-22 18:07:46,077 MambaPro.train INFO: Current mAP: 79.4%
2025-12-22 18:07:46,077 MambaPro.train INFO: CMC curve, Rank-1  :90.7%
2025-12-22 18:07:46,077 MambaPro.train INFO: CMC curve, Rank-5  :92.1%
2025-12-22 18:07:46,077 MambaPro.train INFO: CMC curve, Rank-10 :93.1%
2025-12-22 18:07:46,077 MambaPro.train INFO: [Epoch 28] 指标集合列表（历史）
2025-12-22 18:07:46,077 MambaPro.train INFO: history_mAP:{50.7 , 57.8 , 66.3 , 64.7 , 66.6 , 63.7 , 73.3 , 74.7 , 76.2 , 76.5 , 76.9 , 77.2 , 77.2 , 76.9 , 77.2 , 79.4 , 78.6 , 78.7 , 79.0 , 78.9 , 79.0 , 79.3 , 79.3 , 79.4 , 79.4 , 79.4 , 79.4 , 79.4}
2025-12-22 18:07:46,077 MambaPro.train INFO: best_mAP:{79.4}
2025-12-22 18:07:46,078 MambaPro.train INFO: history_Rank-1:{71.8 , 79.8 , 82.6 , 81.2 , 84.4 , 80.6 , 87.7 , 88.0 , 88.9 , 90.4 , 90.3 , 89.9 , 89.7 , 89.8 , 89.7 , 91.8 , 90.6 , 91.1 , 90.8 , 91.0 , 90.9 , 91.0 , 90.7 , 90.7}
2025-12-22 18:07:46,078 MambaPro.train INFO: best_Rank-1:{91.8}
2025-12-22 18:07:46,078 MambaPro.train INFO: history_Rank-5:{77.4 , 82.3 , 86.0 , 84.4 , 86.4 , 83.5 , 89.4 , 89.9 , 90.3 , 91.5 , 91.7 , 91.1 , 91.4 , 92.7 , 92.0 , 92.0 , 92.3 , 91.8 , 92.1 , 92.1}
2025-12-22 18:07:46,078 MambaPro.train INFO: best_Rank-5:{92.7}
2025-12-22 18:07:46,078 MambaPro.train INFO: history_Rank-10:{80.4 , 84.4 , 87.1 , 85.5 , 88.3 , 85.0 , 90.5 , 90.8 , 91.2 , 92.4 , 92.1 , 92.1 , 92.5 , 92.2 , 93.1 , 92.6 , 92.5 , 92.8 , 92.7 , 93.0 , 92.8 , 92.9 , 92.9 , 93.1}
2025-12-22 18:07:46,078 MambaPro.train INFO: best_Rank-10:{93.1}
2025-12-22 18:07:46,078 MambaPro.train INFO: history_Experts:{[0.00 , 0.00 , 0.00] , [0.00 , 0.00 , 0.00] , [0.00 , 0.00 , 0.00] , [0.00 , 0.00 , 0.00] , [0.00 , 0.00 , 0.00] , [0.00 , 0.00 , 0.00] , [0.00 , 0.00 , 0.00] , [0.00 , 0.00 , 0.00] , [0.00 , 0.00 , 0.00] , [0.00 , 0.00 , 0.00] , [0.00 , 0.00 , 0.00] , [0.00 , 0.00 , 0.00] , [0.00 , 0.00 , 0.00] , [0.00 , 0.00 , 0.00] , [0.00 , 0.00 , 0.00] , [0.00 , 0.00 , 0.00] , [0.00 , 0.00 , 0.00] , [0.00 , 0.00 , 0.00] , [0.00 , 0.00 , 0.00] , [0.00 , 0.00 , 0.00] , [0.00 , 0.00 , 0.00] , [0.00 , 0.00 , 0.00] , [0.00 , 0.00 , 0.00] , [0.00 , 0.00 , 0.00] , [0.00 , 0.00 , 0.00] , [0.00 , 0.00 , 0.00] , [0.00 , 0.00 , 0.00] , [0.00 , 0.00 , 0.00]}
2025-12-22 18:09:15,348 MambaPro.train INFO: Epoch 29 done. Time per batch: 0.761[s] Speed: 84.1[samples/s]
2025-12-22 18:10:49,705 MambaPro.train INFO: Validation Results - Epoch: 29
2025-12-22 18:10:49,705 MambaPro.train INFO: Current mAP: 79.3%
2025-12-22 18:10:49,705 MambaPro.train INFO: CMC curve, Rank-1  :90.7%
2025-12-22 18:10:49,705 MambaPro.train INFO: CMC curve, Rank-5  :92.0%
2025-12-22 18:10:49,705 MambaPro.train INFO: CMC curve, Rank-10 :92.9%
2025-12-22 18:10:49,705 MambaPro.train INFO: [Epoch 29] 指标集合列表（历史）
2025-12-22 18:10:49,705 MambaPro.train INFO: history_mAP:{50.7 , 57.8 , 66.3 , 64.7 , 66.6 , 63.7 , 73.3 , 74.7 , 76.2 , 76.5 , 76.9 , 77.2 , 77.2 , 76.9 , 77.2 , 79.4 , 78.6 , 78.7 , 79.0 , 78.9 , 79.0 , 79.3 , 79.3 , 79.4 , 79.4 , 79.4 , 79.4 , 79.4 , 79.3}
2025-12-22 18:10:49,705 MambaPro.train INFO: best_mAP:{79.4}
2025-12-22 18:10:49,705 MambaPro.train INFO: history_Rank-1:{71.8 , 79.8 , 82.6 , 81.2 , 84.4 , 80.6 , 87.7 , 88.0 , 88.9 , 90.4 , 90.3 , 89.9 , 89.7 , 89.8 , 89.7 , 91.8 , 90.6 , 91.1 , 90.8 , 91.0 , 90.9 , 91.0 , 90.7 , 90.7}
2025-12-22 18:10:49,705 MambaPro.train INFO: best_Rank-1:{91.8}
2025-12-22 18:10:49,705 MambaPro.train INFO: history_Rank-5:{77.4 , 82.3 , 86.0 , 84.4 , 86.4 , 83.5 , 89.4 , 89.9 , 90.3 , 91.5 , 91.7 , 91.1 , 91.4 , 92.7 , 92.0 , 92.0 , 92.3 , 91.8 , 92.1 , 92.1}
2025-12-22 18:10:49,705 MambaPro.train INFO: best_Rank-5:{92.7}
2025-12-22 18:10:49,705 MambaPro.train INFO: history_Rank-10:{80.4 , 84.4 , 87.1 , 85.5 , 88.3 , 85.0 , 90.5 , 90.8 , 91.2 , 92.4 , 92.1 , 92.1 , 92.5 , 92.2 , 93.1 , 92.6 , 92.5 , 92.8 , 92.7 , 93.0 , 92.8 , 92.9 , 92.9 , 93.1}
2025-12-22 18:10:49,705 MambaPro.train INFO: best_Rank-10:{93.1}
2025-12-22 18:10:49,705 MambaPro.train INFO: history_Experts:{[0.00 , 0.00 , 0.00] , [0.00 , 0.00 , 0.00] , [0.00 , 0.00 , 0.00] , [0.00 , 0.00 , 0.00] , [0.00 , 0.00 , 0.00] , [0.00 , 0.00 , 0.00] , [0.00 , 0.00 , 0.00] , [0.00 , 0.00 , 0.00] , [0.00 , 0.00 , 0.00] , [0.00 , 0.00 , 0.00] , [0.00 , 0.00 , 0.00] , [0.00 , 0.00 , 0.00] , [0.00 , 0.00 , 0.00] , [0.00 , 0.00 , 0.00] , [0.00 , 0.00 , 0.00] , [0.00 , 0.00 , 0.00] , [0.00 , 0.00 , 0.00] , [0.00 , 0.00 , 0.00] , [0.00 , 0.00 , 0.00] , [0.00 , 0.00 , 0.00] , [0.00 , 0.00 , 0.00] , [0.00 , 0.00 , 0.00] , [0.00 , 0.00 , 0.00] , [0.00 , 0.00 , 0.00] , [0.00 , 0.00 , 0.00] , [0.00 , 0.00 , 0.00] , [0.00 , 0.00 , 0.00] , [0.00 , 0.00 , 0.00] , [0.00 , 0.00 , 0.00]}
2025-12-22 18:12:18,202 MambaPro.train INFO: Epoch 30 done. Time per batch: 0.761[s] Speed: 84.1[samples/s]
2025-12-22 18:13:52,616 MambaPro.train INFO: Validation Results - Epoch: 30
2025-12-22 18:13:52,616 MambaPro.train INFO: Current mAP: 79.3%
2025-12-22 18:13:52,616 MambaPro.train INFO: CMC curve, Rank-1  :90.7%
2025-12-22 18:13:52,616 MambaPro.train INFO: CMC curve, Rank-5  :92.1%
2025-12-22 18:13:52,616 MambaPro.train INFO: CMC curve, Rank-10 :92.9%
2025-12-22 18:13:52,616 MambaPro.train INFO: [Epoch 30] 指标集合列表（历史）
2025-12-22 18:13:52,616 MambaPro.train INFO: history_mAP:{50.7 , 57.8 , 66.3 , 64.7 , 66.6 , 63.7 , 73.3 , 74.7 , 76.2 , 76.5 , 76.9 , 77.2 , 77.2 , 76.9 , 77.2 , 79.4 , 78.6 , 78.7 , 79.0 , 78.9 , 79.0 , 79.3 , 79.3 , 79.4 , 79.4 , 79.4 , 79.4 , 79.4 , 79.3 , 79.3}
2025-12-22 18:13:52,616 MambaPro.train INFO: best_mAP:{79.4}
2025-12-22 18:13:52,616 MambaPro.train INFO: history_Rank-1:{71.8 , 79.8 , 82.6 , 81.2 , 84.4 , 80.6 , 87.7 , 88.0 , 88.9 , 90.4 , 90.3 , 89.9 , 89.7 , 89.8 , 89.7 , 91.8 , 90.6 , 91.1 , 90.8 , 91.0 , 90.9 , 91.0 , 90.7 , 90.7}
2025-12-22 18:13:52,616 MambaPro.train INFO: best_Rank-1:{91.8}
2025-12-22 18:13:52,616 MambaPro.train INFO: history_Rank-5:{77.4 , 82.3 , 86.0 , 84.4 , 86.4 , 83.5 , 89.4 , 89.9 , 90.3 , 91.5 , 91.7 , 91.1 , 91.4 , 92.7 , 92.0 , 92.0 , 92.3 , 91.8 , 92.1 , 92.1}
2025-12-22 18:13:52,616 MambaPro.train INFO: best_Rank-5:{92.7}
2025-12-22 18:13:52,616 MambaPro.train INFO: history_Rank-10:{80.4 , 84.4 , 87.1 , 85.5 , 88.3 , 85.0 , 90.5 , 90.8 , 91.2 , 92.4 , 92.1 , 92.1 , 92.5 , 92.2 , 93.1 , 92.6 , 92.5 , 92.8 , 92.7 , 93.0 , 92.8 , 92.9 , 92.9 , 93.1}
2025-12-22 18:13:52,616 MambaPro.train INFO: best_Rank-10:{93.1}
2025-12-22 18:13:52,616 MambaPro.train INFO: history_Experts:{[0.00 , 0.00 , 0.00] , [0.00 , 0.00 , 0.00] , [0.00 , 0.00 , 0.00] , [0.00 , 0.00 , 0.00] , [0.00 , 0.00 , 0.00] , [0.00 , 0.00 , 0.00] , [0.00 , 0.00 , 0.00] , [0.00 , 0.00 , 0.00] , [0.00 , 0.00 , 0.00] , [0.00 , 0.00 , 0.00] , [0.00 , 0.00 , 0.00] , [0.00 , 0.00 , 0.00] , [0.00 , 0.00 , 0.00] , [0.00 , 0.00 , 0.00] , [0.00 , 0.00 , 0.00] , [0.00 , 0.00 , 0.00] , [0.00 , 0.00 , 0.00] , [0.00 , 0.00 , 0.00] , [0.00 , 0.00 , 0.00] , [0.00 , 0.00 , 0.00] , [0.00 , 0.00 , 0.00] , [0.00 , 0.00 , 0.00] , [0.00 , 0.00 , 0.00] , [0.00 , 0.00 , 0.00] , [0.00 , 0.00 , 0.00] , [0.00 , 0.00 , 0.00] , [0.00 , 0.00 , 0.00] , [0.00 , 0.00 , 0.00] , [0.00 , 0.00 , 0.00] , [0.00 , 0.00 , 0.00]}
2025-12-22 18:13:52,872 MambaPro.train INFO: ============================================================
