2025-12-12 05:08:33,766 MambaPro INFO: ================================================================================
2025-12-12 05:08:33,766 MambaPro INFO: 🧾 实验参数快照（命令行 + 最终配置）
2025-12-12 05:08:33,766 MambaPro INFO: ================================================================================
2025-12-12 05:08:33,766 MambaPro INFO: 【复现实验命令】
2025-12-12 05:08:33,766 MambaPro INFO: /home/zubuntu/miniconda/envs/MambaPro/bin/python train_net.py --config_file mybest_model/experiment_20251013_110028/configs/experiment_config.yml OUTPUT_DIR ./outputs/replay_best_tml
2025-12-12 05:08:33,766 MambaPro INFO: 【命令行参数（args）】
2025-12-12 05:08:33,766 MambaPro INFO: {
2025-12-12 05:08:33,766 MambaPro INFO:   "config_file": "mybest_model/experiment_20251013_110028/configs/experiment_config.yml",
2025-12-12 05:08:33,766 MambaPro INFO:   "fea_cft": 0,
2025-12-12 05:08:33,766 MambaPro INFO:   "opts": [
2025-12-12 05:08:33,766 MambaPro INFO:     "OUTPUT_DIR",
2025-12-12 05:08:33,766 MambaPro INFO:     "./outputs/replay_best_tml"
2025-12-12 05:08:33,766 MambaPro INFO:   ],
2025-12-12 05:08:33,766 MambaPro INFO:   "local_rank": 0,
2025-12-12 05:08:33,766 MambaPro INFO:   "use_multi_scale": false,
2025-12-12 05:08:33,766 MambaPro INFO:   "no_multi_scale": false,
2025-12-12 05:08:33,766 MambaPro INFO:   "use_moe": false,
2025-12-12 05:08:33,766 MambaPro INFO:   "disable_moe": false,
2025-12-12 05:08:33,766 MambaPro INFO:   "no_moe": false,
2025-12-12 05:08:33,766 MambaPro INFO:   "use_attention": false,
2025-12-12 05:08:33,766 MambaPro INFO:   "disable_attention": false,
2025-12-12 05:08:33,766 MambaPro INFO:   "attention_heads": 8,
2025-12-12 05:08:33,766 MambaPro INFO:   "attention_dropout": 0.1
2025-12-12 05:08:33,766 MambaPro INFO: }
2025-12-12 05:08:33,766 MambaPro INFO: 【工作目录】/home/zubuntu/workspace/yzy/MambaPro
2025-12-12 05:08:33,766 MambaPro INFO: 【最终配置（YAML）】
2025-12-12 05:08:33,769 MambaPro INFO: DATALOADER:
2025-12-12 05:08:33,769 MambaPro INFO:   NUM_INSTANCE: 8
2025-12-12 05:08:33,769 MambaPro INFO:   NUM_WORKERS: 8
2025-12-12 05:08:33,769 MambaPro INFO:   SAMPLER: softmax_triplet
2025-12-12 05:08:33,769 MambaPro INFO: DATASETS:
2025-12-12 05:08:33,769 MambaPro INFO:   NAMES: RGBNT201
2025-12-12 05:08:33,769 MambaPro INFO:   ROOT_DIR: /home/zubuntu/workspace/yzy/MambaPro/data/
2025-12-12 05:08:33,769 MambaPro INFO: INPUT:
2025-12-12 05:08:33,769 MambaPro INFO:   PADDING: 10
2025-12-12 05:08:33,769 MambaPro INFO:   PIXEL_MEAN:
2025-12-12 05:08:33,769 MambaPro INFO:   - 0.5
2025-12-12 05:08:33,769 MambaPro INFO:   - 0.5
2025-12-12 05:08:33,769 MambaPro INFO:   - 0.5
2025-12-12 05:08:33,769 MambaPro INFO:   PIXEL_STD:
2025-12-12 05:08:33,769 MambaPro INFO:   - 0.5
2025-12-12 05:08:33,769 MambaPro INFO:   - 0.5
2025-12-12 05:08:33,769 MambaPro INFO:   - 0.5
2025-12-12 05:08:33,769 MambaPro INFO:   PROB: 0.5
2025-12-12 05:08:33,769 MambaPro INFO:   RE_PROB: 0.5
2025-12-12 05:08:33,769 MambaPro INFO:   SIZE_TEST:
2025-12-12 05:08:33,769 MambaPro INFO:   - 256
2025-12-12 05:08:33,769 MambaPro INFO:   - 128
2025-12-12 05:08:33,769 MambaPro INFO:   SIZE_TRAIN:
2025-12-12 05:08:33,769 MambaPro INFO:   - 256
2025-12-12 05:08:33,769 MambaPro INFO:   - 128
2025-12-12 05:08:33,769 MambaPro INFO: MODEL:
2025-12-12 05:08:33,769 MambaPro INFO:   ADAPTER: true
2025-12-12 05:08:33,769 MambaPro INFO:   ATTENTION_DIM: 512
2025-12-12 05:08:33,769 MambaPro INFO:   ATTENTION_DROPOUT: 0.1
2025-12-12 05:08:33,769 MambaPro INFO:   ATTENTION_NUM_HEADS: 8
2025-12-12 05:08:33,769 MambaPro INFO:   ATT_DROP_RATE: 0.0
2025-12-12 05:08:33,769 MambaPro INFO:   CLIP_MULTI_SCALE_SCALES:
2025-12-12 05:08:33,769 MambaPro INFO:   - 4
2025-12-12 05:08:33,769 MambaPro INFO:   - 8
2025-12-12 05:08:33,769 MambaPro INFO:   - 16
2025-12-12 05:08:33,769 MambaPro INFO:   DEVICE: cuda
2025-12-12 05:08:33,769 MambaPro INFO:   DEVICE_ID: '0'
2025-12-12 05:08:33,769 MambaPro INFO:   DIRECT: 1
2025-12-12 05:08:33,769 MambaPro INFO:   DIST_TRAIN: false
2025-12-12 05:08:33,769 MambaPro INFO:   DROP_OUT: 0.0
2025-12-12 05:08:33,769 MambaPro INFO:   DROP_PATH: 0.1
2025-12-12 05:08:33,769 MambaPro INFO:   FLOPS_TEST: false
2025-12-12 05:08:33,769 MambaPro INFO:   FROZEN: true
2025-12-12 05:08:33,769 MambaPro INFO:   GATE_DROPOUT: 0.1
2025-12-12 05:08:33,769 MambaPro INFO:   ID_LOSS_TYPE: softmax
2025-12-12 05:08:33,769 MambaPro INFO:   ID_LOSS_WEIGHT: 0.25
2025-12-12 05:08:33,769 MambaPro INFO:   IF_LABELSMOOTH: 'on'
2025-12-12 05:08:33,769 MambaPro INFO:   IF_WITH_CENTER: 'no'
2025-12-12 05:08:33,769 MambaPro INFO:   LAYER: -1
2025-12-12 05:08:33,769 MambaPro INFO:   MAMBA: true
2025-12-12 05:08:33,769 MambaPro INFO:   MAMBA_BI: false
2025-12-12 05:08:33,769 MambaPro INFO:   METRIC_LOSS_TYPE: triplet
2025-12-12 05:08:33,769 MambaPro INFO:   MOE_BALANCE_LOSS_WEIGHT: 0.01
2025-12-12 05:08:33,769 MambaPro INFO:   MOE_DIVERSITY_LOSS_WEIGHT: 0.01
2025-12-12 05:08:33,769 MambaPro INFO:   MOE_EXPERT_DROPOUT: 0.1
2025-12-12 05:08:33,769 MambaPro INFO:   MOE_EXPERT_HIDDEN_DIM: 1024
2025-12-12 05:08:33,769 MambaPro INFO:   MOE_EXPERT_LAYERS: 2
2025-12-12 05:08:33,769 MambaPro INFO:   MOE_EXPERT_THRESHOLD: 0.1
2025-12-12 05:08:33,769 MambaPro INFO:   MOE_FIXED_WEIGHTS:
2025-12-12 05:08:33,769 MambaPro INFO:   - 0.33
2025-12-12 05:08:33,769 MambaPro INFO:   - 0.33
2025-12-12 05:08:33,769 MambaPro INFO:   - 0.34
2025-12-12 05:08:33,769 MambaPro INFO:   MOE_GATE_DROPOUT: 0.1
2025-12-12 05:08:33,769 MambaPro INFO:   MOE_GATE_LAYERS: 2
2025-12-12 05:08:33,769 MambaPro INFO:   MOE_INIT_WEIGHTS: null
2025-12-12 05:08:33,769 MambaPro INFO:   MOE_NUM_EXPERTS: 3
2025-12-12 05:08:33,769 MambaPro INFO:   MOE_RESIDUAL_WEIGHT: 1.0
2025-12-12 05:08:33,769 MambaPro INFO:   MOE_SCALES:
2025-12-12 05:08:33,769 MambaPro INFO:   - 4
2025-12-12 05:08:33,769 MambaPro INFO:   - 8
2025-12-12 05:08:33,769 MambaPro INFO:   - 16
2025-12-12 05:08:33,769 MambaPro INFO:   MOE_SPARSITY_LOSS_WEIGHT: 0.001
2025-12-12 05:08:33,769 MambaPro INFO:   MOE_TEMPERATURE: 0.7
2025-12-12 05:08:33,769 MambaPro INFO:   MOE_TOP_K: 2
2025-12-12 05:08:33,769 MambaPro INFO:   MOE_TOP_K_MODE: soft
2025-12-12 05:08:33,769 MambaPro INFO:   MOE_USE_FIXED_WEIGHTS: false
2025-12-12 05:08:33,769 MambaPro INFO:   MOE_USE_TOP_K_ROUTING: false
2025-12-12 05:08:33,769 MambaPro INFO:   MULTI_SCALE_SCALES:
2025-12-12 05:08:33,769 MambaPro INFO:   - 4
2025-12-12 05:08:33,769 MambaPro INFO:   - 8
2025-12-12 05:08:33,770 MambaPro INFO:   - 16
2025-12-12 05:08:33,770 MambaPro INFO:   NAME: MambaPro
2025-12-12 05:08:33,770 MambaPro INFO:   NECK: bnneck
2025-12-12 05:08:33,770 MambaPro INFO:   NO_MARGIN: true
2025-12-12 05:08:33,770 MambaPro INFO:   PREFIX_NUM: 1
2025-12-12 05:08:33,770 MambaPro INFO:   PRETRAIN_PATH_T: /home/zubuntu/workspace/yzy/MambaPro/pths/ViT-B-16.pt
2025-12-12 05:08:33,770 MambaPro INFO:   PROMPT: true
2025-12-12 05:08:33,770 MambaPro INFO:   SIE_CAMERA: true
2025-12-12 05:08:33,770 MambaPro INFO:   SIE_COE: 1.0
2025-12-12 05:08:33,770 MambaPro INFO:   SIE_VIEW: false
2025-12-12 05:08:33,770 MambaPro INFO:   STRIDE_SIZE:
2025-12-12 05:08:33,770 MambaPro INFO:   - 16
2025-12-12 05:08:33,770 MambaPro INFO:   - 16
2025-12-12 05:08:33,770 MambaPro INFO:   TRANSFORMER_TYPE: ViT-B-16
2025-12-12 05:08:33,770 MambaPro INFO:   TRIPLET_LOSS_WEIGHT: 1.0
2025-12-12 05:08:33,770 MambaPro INFO:   USE_ATTENTION_FUSION: false
2025-12-12 05:08:33,770 MambaPro INFO:   USE_CLIP_MULTI_SCALE: true
2025-12-12 05:08:33,770 MambaPro INFO:   USE_GATE_FUSION: false
2025-12-12 05:08:33,770 MambaPro INFO:   USE_MULTI_SCALE: false
2025-12-12 05:08:33,770 MambaPro INFO:   USE_MULTI_SCALE_MOE: true
2025-12-12 05:08:33,770 MambaPro INFO: OUTPUT_DIR: ./outputs/replay_best_tml/run_20251212_050833
2025-12-12 05:08:33,770 MambaPro INFO: SOLVER:
2025-12-12 05:08:33,770 MambaPro INFO:   BASE_LR: 0.0005
2025-12-12 05:08:33,770 MambaPro INFO:   BIAS_LR_FACTOR: 2
2025-12-12 05:08:33,770 MambaPro INFO:   CENTER_LOSS_WEIGHT: 0.0005
2025-12-12 05:08:33,770 MambaPro INFO:   CENTER_LR: 0.5
2025-12-12 05:08:33,770 MambaPro INFO:   CHECKPOINT_PERIOD: 10
2025-12-12 05:08:33,770 MambaPro INFO:   CLUSTER_MARGIN: 0.3
2025-12-12 05:08:33,770 MambaPro INFO:   COSINE_MARGIN: 0.5
2025-12-12 05:08:33,770 MambaPro INFO:   COSINE_SCALE: 30
2025-12-12 05:08:33,770 MambaPro INFO:   EVAL_PERIOD: 5
2025-12-12 05:08:33,770 MambaPro INFO:   GAMMA: 0.1
2025-12-12 05:08:33,770 MambaPro INFO:   IMS_PER_BATCH: 32
2025-12-12 05:08:33,770 MambaPro INFO:   LARGE_FC_LR: false
2025-12-12 05:08:33,770 MambaPro INFO:   LOG_PERIOD: 10
2025-12-12 05:08:33,770 MambaPro INFO:   MARGIN: 0.3
2025-12-12 05:08:33,770 MambaPro INFO:   MAX_EPOCHS: 60
2025-12-12 05:08:33,770 MambaPro INFO:   MOE_BALANCE_LOSS_WEIGHT: 0.001
2025-12-12 05:08:33,770 MambaPro INFO:   MOE_BALANCE_LOSS_WEIGHT_END: 0.1
2025-12-12 05:08:33,770 MambaPro INFO:   MOE_BALANCE_LOSS_WEIGHT_START: 0.001
2025-12-12 05:08:33,770 MambaPro INFO:   MOE_BALANCE_THRESHOLD: 0.3
2025-12-12 05:08:33,770 MambaPro INFO:   MOE_DIVERSITY_LOSS_WEIGHT: 0.001
2025-12-12 05:08:33,770 MambaPro INFO:   MOE_DIVERSITY_LOSS_WEIGHT_END: 0.1
2025-12-12 05:08:33,770 MambaPro INFO:   MOE_DIVERSITY_LOSS_WEIGHT_START: 0.001
2025-12-12 05:08:33,770 MambaPro INFO:   MOE_GATE_LR_FACTOR: 0.01
2025-12-12 05:08:33,770 MambaPro INFO:   MOE_LOSS_WEIGHT_SCHEDULE_TYPE: cosine
2025-12-12 05:08:33,770 MambaPro INFO:   MOE_LOSS_WEIGHT_WARMUP_EPOCHS: 5
2025-12-12 05:08:33,770 MambaPro INFO:   MOE_SPARSITY_LOSS_WEIGHT: 0.0001
2025-12-12 05:08:33,770 MambaPro INFO:   MOE_USE_DYNAMIC_LOSS_WEIGHT: false
2025-12-12 05:08:33,770 MambaPro INFO:   MOMENTUM: 0.9
2025-12-12 05:08:33,770 MambaPro INFO:   OPTIMIZER_NAME: Adam
2025-12-12 05:08:33,770 MambaPro INFO:   RANGE_ALPHA: 0
2025-12-12 05:08:33,770 MambaPro INFO:   RANGE_BETA: 1
2025-12-12 05:08:33,770 MambaPro INFO:   RANGE_K: 2
2025-12-12 05:08:33,770 MambaPro INFO:   RANGE_LOSS_WEIGHT: 1
2025-12-12 05:08:33,770 MambaPro INFO:   RANGE_MARGIN: 0.3
2025-12-12 05:08:33,770 MambaPro INFO:   SEED: 42
2025-12-12 05:08:33,770 MambaPro INFO:   STEPS:
2025-12-12 05:08:33,770 MambaPro INFO:   - 30
2025-12-12 05:08:33,770 MambaPro INFO:   - 50
2025-12-12 05:08:33,770 MambaPro INFO:   WARMUP_FACTOR: 0.01
2025-12-12 05:08:33,770 MambaPro INFO:   WARMUP_ITERS: 20
2025-12-12 05:08:33,770 MambaPro INFO:   WARMUP_METHOD: linear
2025-12-12 05:08:33,770 MambaPro INFO:   WEIGHT_DECAY: 0.0005
2025-12-12 05:08:33,770 MambaPro INFO:   WEIGHT_DECAY_BIAS: 0.0005
2025-12-12 05:08:33,770 MambaPro INFO: TEST:
2025-12-12 05:08:33,770 MambaPro INFO:   FEAT: 0
2025-12-12 05:08:33,770 MambaPro INFO:   FEAT_NORM: 'yes'
2025-12-12 05:08:33,770 MambaPro INFO:   IMS_PER_BATCH: 64
2025-12-12 05:08:33,770 MambaPro INFO:   MISS: nothing
2025-12-12 05:08:33,770 MambaPro INFO:   NECK_FEAT: after
2025-12-12 05:08:33,770 MambaPro INFO:   RE_RANKING: 'no'
2025-12-12 05:08:33,770 MambaPro INFO:   WEIGHT: /home/zubuntu/workspace/yzy/MambaPro/pths/MambaProbest.pth
2025-12-12 05:08:33,770 MambaPro INFO: ================================================================================
2025-12-12 05:08:35,799 MambaPro.train INFO: start training
2025-12-12 05:08:55,983 MambaPro.train INFO: Epoch 1 done. Time per batch: 0.188[s] Speed: 169.8[samples/s]
2025-12-12 05:09:15,769 MambaPro.train INFO: Epoch 2 done. Time per batch: 0.185[s] Speed: 173.1[samples/s]
2025-12-12 05:09:35,697 MambaPro.train INFO: Epoch 3 done. Time per batch: 0.186[s] Speed: 171.8[samples/s]
2025-12-12 05:09:55,582 MambaPro.train INFO: Epoch 4 done. Time per batch: 0.186[s] Speed: 172.2[samples/s]
2025-12-12 05:10:15,403 MambaPro.train INFO: Epoch 5 done. Time per batch: 0.185[s] Speed: 172.7[samples/s]
2025-12-12 05:10:23,005 MambaPro.train INFO: Validation Results - Epoch: 5
2025-12-12 05:10:23,005 MambaPro.train INFO: Current mAP: 47.8%
2025-12-12 05:10:23,005 MambaPro.train INFO: CMC curve, Rank-1  :49.0%
2025-12-12 05:10:23,005 MambaPro.train INFO: CMC curve, Rank-5  :64.1%
2025-12-12 05:10:23,005 MambaPro.train INFO: CMC curve, Rank-10 :72.2%
2025-12-12 05:10:23,006 MambaPro.train INFO: 🎯 New Best! Saving model...
2025-12-12 05:10:23,413 MambaPro.train INFO: [Epoch 5] 指标集合列表（历史）
2025-12-12 05:10:23,413 MambaPro.train INFO: history_mAP:{47.8}
2025-12-12 05:10:23,413 MambaPro.train INFO: best_mAP:{47.8}
2025-12-12 05:10:23,413 MambaPro.train INFO: history_Rank-1:{49.0}
2025-12-12 05:10:23,413 MambaPro.train INFO: best_Rank-1:{49.0}
2025-12-12 05:10:23,413 MambaPro.train INFO: history_Rank-5:{64.1}
2025-12-12 05:10:23,413 MambaPro.train INFO: best_Rank-5:{64.1}
2025-12-12 05:10:23,413 MambaPro.train INFO: history_Rank-10:{72.2}
2025-12-12 05:10:23,413 MambaPro.train INFO: best_Rank-10:{72.2}
2025-12-12 05:10:23,413 MambaPro.train INFO: history_Experts:{[0.36 , 0.34 , 0.31]}
2025-12-12 05:10:23,413 MambaPro.train INFO: best_Experts:{[0.36 , 0.34 , 0.31]}
2025-12-12 05:10:23,413 MambaPro.train INFO: 🔥 MoE损失(Val): 平衡=0.0000, 稀疏性=0.9984, 多样性=2.6535, 总=0.0028 (权重: 平衡=0.001, 稀疏性=0.000, 多样性=0.001)
2025-12-12 05:10:23,413 MambaPro.train INFO:    📊 专家权重分布(Val): [0.36 , 0.34 , 0.31]
2025-12-12 05:10:43,501 MambaPro.train INFO: Epoch 6 done. Time per batch: 0.186[s] Speed: 171.6[samples/s]
2025-12-12 05:11:03,434 MambaPro.train INFO: Epoch 7 done. Time per batch: 0.186[s] Speed: 171.8[samples/s]
2025-12-12 05:11:23,308 MambaPro.train INFO: Epoch 8 done. Time per batch: 0.186[s] Speed: 172.3[samples/s]
2025-12-12 05:11:43,264 MambaPro.train INFO: Epoch 9 done. Time per batch: 0.186[s] Speed: 171.6[samples/s]
2025-12-12 05:12:03,170 MambaPro.train INFO: Epoch 10 done. Time per batch: 0.186[s] Speed: 172.0[samples/s]
2025-12-12 05:12:11,183 MambaPro.train INFO: Validation Results - Epoch: 10
2025-12-12 05:12:11,183 MambaPro.train INFO: Current mAP: 55.2%
2025-12-12 05:12:11,183 MambaPro.train INFO: CMC curve, Rank-1  :61.1%
2025-12-12 05:12:11,183 MambaPro.train INFO: CMC curve, Rank-5  :75.8%
2025-12-12 05:12:11,183 MambaPro.train INFO: CMC curve, Rank-10 :81.6%
2025-12-12 05:12:11,184 MambaPro.train INFO: 🎯 New Best! Saving model...
2025-12-12 05:12:11,787 MambaPro.train INFO: [Epoch 10] 指标集合列表（历史）
2025-12-12 05:12:11,787 MambaPro.train INFO: history_mAP:{47.8 , 55.2}
2025-12-12 05:12:11,788 MambaPro.train INFO: best_mAP:{55.2}
2025-12-12 05:12:11,788 MambaPro.train INFO: history_Rank-1:{49.0 , 61.1}
2025-12-12 05:12:11,788 MambaPro.train INFO: best_Rank-1:{61.1}
2025-12-12 05:12:11,788 MambaPro.train INFO: history_Rank-5:{64.1 , 75.8}
2025-12-12 05:12:11,788 MambaPro.train INFO: best_Rank-5:{75.8}
2025-12-12 05:12:11,788 MambaPro.train INFO: history_Rank-10:{72.2 , 81.6}
2025-12-12 05:12:11,788 MambaPro.train INFO: best_Rank-10:{81.6}
2025-12-12 05:12:11,788 MambaPro.train INFO: history_Experts:{[0.36 , 0.34 , 0.31] , [0.37 , 0.34 , 0.29]}
2025-12-12 05:12:11,788 MambaPro.train INFO: best_Experts:{[0.37 , 0.34 , 0.29]}
2025-12-12 05:12:11,788 MambaPro.train INFO: 🔥 MoE损失(Val): 平衡=0.0000, 稀疏性=0.9954, 多样性=2.6304, 总=0.0027 (权重: 平衡=0.001, 稀疏性=0.000, 多样性=0.001)
2025-12-12 05:12:11,788 MambaPro.train INFO:    📊 专家权重分布(Val): [0.37 , 0.34 , 0.29]
2025-12-12 05:12:31,712 MambaPro.train INFO: Epoch 11 done. Time per batch: 0.187[s] Speed: 171.4[samples/s]
2025-12-12 05:12:51,725 MambaPro.train INFO: Epoch 12 done. Time per batch: 0.187[s] Speed: 171.1[samples/s]
2025-12-12 05:13:11,597 MambaPro.train INFO: Epoch 13 done. Time per batch: 0.186[s] Speed: 172.3[samples/s]
2025-12-12 05:13:31,560 MambaPro.train INFO: Epoch 14 done. Time per batch: 0.187[s] Speed: 171.5[samples/s]
2025-12-12 05:13:51,528 MambaPro.train INFO: Epoch 15 done. Time per batch: 0.187[s] Speed: 171.5[samples/s]
2025-12-12 05:13:59,040 MambaPro.train INFO: Validation Results - Epoch: 15
2025-12-12 05:13:59,040 MambaPro.train INFO: Current mAP: 57.5%
2025-12-12 05:13:59,040 MambaPro.train INFO: CMC curve, Rank-1  :60.5%
2025-12-12 05:13:59,040 MambaPro.train INFO: CMC curve, Rank-5  :74.5%
2025-12-12 05:13:59,040 MambaPro.train INFO: CMC curve, Rank-10 :81.1%
2025-12-12 05:13:59,041 MambaPro.train INFO: 🎯 New Best! Saving model...
2025-12-12 05:13:59,631 MambaPro.train INFO: [Epoch 15] 指标集合列表（历史）
2025-12-12 05:13:59,631 MambaPro.train INFO: history_mAP:{47.8 , 55.2 , 57.5}
2025-12-12 05:13:59,631 MambaPro.train INFO: best_mAP:{57.5}
2025-12-12 05:13:59,632 MambaPro.train INFO: history_Rank-1:{49.0 , 61.1 , 60.5}
2025-12-12 05:13:59,632 MambaPro.train INFO: best_Rank-1:{61.1}
2025-12-12 05:13:59,632 MambaPro.train INFO: history_Rank-5:{64.1 , 75.8 , 74.5}
2025-12-12 05:13:59,632 MambaPro.train INFO: best_Rank-5:{75.8}
2025-12-12 05:13:59,632 MambaPro.train INFO: history_Rank-10:{72.2 , 81.6 , 81.1}
2025-12-12 05:13:59,632 MambaPro.train INFO: best_Rank-10:{81.6}
2025-12-12 05:13:59,632 MambaPro.train INFO: history_Experts:{[0.36 , 0.34 , 0.31] , [0.37 , 0.34 , 0.29] , [0.42 , 0.33 , 0.25]}
2025-12-12 05:13:59,632 MambaPro.train INFO: best_Experts:{[0.42 , 0.33 , 0.25]}
2025-12-12 05:13:59,632 MambaPro.train INFO: 🔥 MoE损失(Val): 平衡=0.0000, 稀疏性=0.9802, 多样性=2.5142, 总=0.0026 (权重: 平衡=0.001, 稀疏性=0.000, 多样性=0.001)
2025-12-12 05:13:59,632 MambaPro.train INFO:    📊 专家权重分布(Val): [0.42 , 0.33 , 0.25]
2025-12-12 05:14:19,686 MambaPro.train INFO: Epoch 16 done. Time per batch: 0.186[s] Speed: 171.9[samples/s]
2025-12-12 05:14:39,630 MambaPro.train INFO: Epoch 17 done. Time per batch: 0.186[s] Speed: 171.7[samples/s]
2025-12-12 05:14:59,368 MambaPro.train INFO: Epoch 18 done. Time per batch: 0.186[s] Speed: 171.9[samples/s]
2025-12-12 05:15:19,310 MambaPro.train INFO: Epoch 19 done. Time per batch: 0.186[s] Speed: 171.7[samples/s]
2025-12-12 05:15:39,231 MambaPro.train INFO: Epoch 20 done. Time per batch: 0.186[s] Speed: 171.9[samples/s]
2025-12-12 05:15:47,189 MambaPro.train INFO: Validation Results - Epoch: 20
2025-12-12 05:15:47,189 MambaPro.train INFO: Current mAP: 57.4%
2025-12-12 05:15:47,189 MambaPro.train INFO: CMC curve, Rank-1  :59.0%
2025-12-12 05:15:47,189 MambaPro.train INFO: CMC curve, Rank-5  :72.6%
2025-12-12 05:15:47,189 MambaPro.train INFO: CMC curve, Rank-10 :82.2%
2025-12-12 05:15:47,190 MambaPro.train INFO: [Epoch 20] 指标集合列表（历史）
2025-12-12 05:15:47,190 MambaPro.train INFO: history_mAP:{47.8 , 55.2 , 57.5 , 57.4}
2025-12-12 05:15:47,190 MambaPro.train INFO: best_mAP:{57.5}
2025-12-12 05:15:47,190 MambaPro.train INFO: history_Rank-1:{49.0 , 61.1 , 60.5 , 59.0}
2025-12-12 05:15:47,190 MambaPro.train INFO: best_Rank-1:{61.1}
2025-12-12 05:15:47,190 MambaPro.train INFO: history_Rank-5:{64.1 , 75.8 , 74.5 , 72.6}
2025-12-12 05:15:47,190 MambaPro.train INFO: best_Rank-5:{75.8}
2025-12-12 05:15:47,190 MambaPro.train INFO: history_Rank-10:{72.2 , 81.6 , 81.1 , 82.2}
2025-12-12 05:15:47,190 MambaPro.train INFO: best_Rank-10:{81.6}
2025-12-12 05:15:47,190 MambaPro.train INFO: history_Experts:{[0.36 , 0.34 , 0.31] , [0.37 , 0.34 , 0.29] , [0.42 , 0.33 , 0.25] , [0.63 , 0.22 , 0.16]}
2025-12-12 05:15:47,190 MambaPro.train INFO: best_Experts:{[0.42 , 0.33 , 0.25]}
2025-12-12 05:15:47,190 MambaPro.train INFO: 🔥 MoE损失(Val): 平衡=0.1316, 稀疏性=0.8030, 多样性=1.5361, 总=0.0017 (权重: 平衡=0.001, 稀疏性=0.000, 多样性=0.001)
2025-12-12 05:15:47,190 MambaPro.train INFO:    📊 专家权重分布(Val): [0.63 , 0.22 , 0.16]
2025-12-12 05:16:07,156 MambaPro.train INFO: Epoch 21 done. Time per batch: 0.187[s] Speed: 171.1[samples/s]
2025-12-12 05:16:27,084 MambaPro.train INFO: Epoch 22 done. Time per batch: 0.186[s] Speed: 171.8[samples/s]
2025-12-12 05:16:46,983 MambaPro.train INFO: Epoch 23 done. Time per batch: 0.186[s] Speed: 172.1[samples/s]
2025-12-12 05:17:06,939 MambaPro.train INFO: Epoch 24 done. Time per batch: 0.187[s] Speed: 171.6[samples/s]
2025-12-12 05:17:26,683 MambaPro.train INFO: Epoch 25 done. Time per batch: 0.186[s] Speed: 171.8[samples/s]
2025-12-12 05:17:34,216 MambaPro.train INFO: Validation Results - Epoch: 25
2025-12-12 05:17:34,216 MambaPro.train INFO: Current mAP: 71.6%
2025-12-12 05:17:34,216 MambaPro.train INFO: CMC curve, Rank-1  :77.3%
2025-12-12 05:17:34,216 MambaPro.train INFO: CMC curve, Rank-5  :85.0%
2025-12-12 05:17:34,216 MambaPro.train INFO: CMC curve, Rank-10 :89.5%
2025-12-12 05:17:34,217 MambaPro.train INFO: 🎯 New Best! Saving model...
2025-12-12 05:17:34,803 MambaPro.train INFO: [Epoch 25] 指标集合列表（历史）
2025-12-12 05:17:34,803 MambaPro.train INFO: history_mAP:{47.8 , 55.2 , 57.5 , 57.4 , 71.6}
2025-12-12 05:17:34,803 MambaPro.train INFO: best_mAP:{71.6}
2025-12-12 05:17:34,803 MambaPro.train INFO: history_Rank-1:{49.0 , 61.1 , 60.5 , 59.0 , 77.3}
2025-12-12 05:17:34,803 MambaPro.train INFO: best_Rank-1:{77.3}
2025-12-12 05:17:34,803 MambaPro.train INFO: history_Rank-5:{64.1 , 75.8 , 74.5 , 72.6 , 85.0}
2025-12-12 05:17:34,803 MambaPro.train INFO: best_Rank-5:{85.0}
2025-12-12 05:17:34,803 MambaPro.train INFO: history_Rank-10:{72.2 , 81.6 , 81.1 , 82.2 , 89.5}
2025-12-12 05:17:34,803 MambaPro.train INFO: best_Rank-10:{89.5}
2025-12-12 05:17:34,803 MambaPro.train INFO: history_Experts:{[0.36 , 0.34 , 0.31] , [0.37 , 0.34 , 0.29] , [0.42 , 0.33 , 0.25] , [0.63 , 0.22 , 0.16] , [0.81 , 0.11 , 0.08]}
2025-12-12 05:17:34,803 MambaPro.train INFO: best_Experts:{[0.81 , 0.11 , 0.08]}
2025-12-12 05:17:34,803 MambaPro.train INFO: 🔥 MoE损失(Val): 平衡=0.5319, 稀疏性=0.4949, 多样性=0.6566, 总=0.0012 (权重: 平衡=0.001, 稀疏性=0.000, 多样性=0.001)
2025-12-12 05:17:34,803 MambaPro.train INFO:    📊 专家权重分布(Val): [0.81 , 0.11 , 0.08]
2025-12-12 05:17:54,895 MambaPro.train INFO: Epoch 26 done. Time per batch: 0.186[s] Speed: 171.6[samples/s]
2025-12-12 05:18:15,110 MambaPro.train INFO: Epoch 27 done. Time per batch: 0.189[s] Speed: 169.4[samples/s]
2025-12-12 05:18:35,088 MambaPro.train INFO: Epoch 28 done. Time per batch: 0.187[s] Speed: 171.4[samples/s]
2025-12-12 05:18:55,088 MambaPro.train INFO: Epoch 29 done. Time per batch: 0.187[s] Speed: 171.2[samples/s]
2025-12-12 05:19:15,084 MambaPro.train INFO: Epoch 30 done. Time per batch: 0.187[s] Speed: 171.2[samples/s]
2025-12-12 05:19:23,078 MambaPro.train INFO: Validation Results - Epoch: 30
2025-12-12 05:19:23,078 MambaPro.train INFO: Current mAP: 76.6%
2025-12-12 05:19:23,078 MambaPro.train INFO: CMC curve, Rank-1  :82.2%
2025-12-12 05:19:23,078 MambaPro.train INFO: CMC curve, Rank-5  :89.0%
2025-12-12 05:19:23,078 MambaPro.train INFO: CMC curve, Rank-10 :91.1%
2025-12-12 05:19:23,079 MambaPro.train INFO: 🎯 New Best! Saving model...
2025-12-12 05:19:23,644 MambaPro.train INFO: [Epoch 30] 指标集合列表（历史）
2025-12-12 05:19:23,644 MambaPro.train INFO: history_mAP:{47.8 , 55.2 , 57.5 , 57.4 , 71.6 , 76.6}
2025-12-12 05:19:23,645 MambaPro.train INFO: best_mAP:{76.6}
2025-12-12 05:19:23,645 MambaPro.train INFO: history_Rank-1:{49.0 , 61.1 , 60.5 , 59.0 , 77.3 , 82.2}
2025-12-12 05:19:23,645 MambaPro.train INFO: best_Rank-1:{82.2}
2025-12-12 05:19:23,645 MambaPro.train INFO: history_Rank-5:{64.1 , 75.8 , 74.5 , 72.6 , 85.0 , 89.0}
2025-12-12 05:19:23,645 MambaPro.train INFO: best_Rank-5:{89.0}
2025-12-12 05:19:23,645 MambaPro.train INFO: history_Rank-10:{72.2 , 81.6 , 81.1 , 82.2 , 89.5 , 91.1}
2025-12-12 05:19:23,645 MambaPro.train INFO: best_Rank-10:{91.1}
2025-12-12 05:19:23,645 MambaPro.train INFO: history_Experts:{[0.36 , 0.34 , 0.31] , [0.37 , 0.34 , 0.29] , [0.42 , 0.33 , 0.25] , [0.63 , 0.22 , 0.16] , [0.81 , 0.11 , 0.08] , [0.87 , 0.07 , 0.06]}
2025-12-12 05:19:23,645 MambaPro.train INFO: best_Experts:{[0.87 , 0.07 , 0.06]}
2025-12-12 05:19:23,645 MambaPro.train INFO: 🔥 MoE损失(Val): 平衡=0.7325, 稀疏性=0.3584, 多样性=0.4186, 总=0.0012 (权重: 平衡=0.001, 稀疏性=0.000, 多样性=0.001)
2025-12-12 05:19:23,645 MambaPro.train INFO:    📊 专家权重分布(Val): [0.87 , 0.07 , 0.06]
2025-12-12 05:19:43,883 MambaPro.train INFO: Epoch 31 done. Time per batch: 0.188[s] Speed: 170.3[samples/s]
2025-12-12 05:20:03,697 MambaPro.train INFO: Epoch 32 done. Time per batch: 0.187[s] Speed: 171.2[samples/s]
2025-12-12 05:20:24,071 MambaPro.train INFO: Epoch 33 done. Time per batch: 0.190[s] Speed: 168.1[samples/s]
2025-12-12 05:20:44,000 MambaPro.train INFO: Epoch 34 done. Time per batch: 0.188[s] Speed: 170.2[samples/s]
2025-12-12 05:21:03,993 MambaPro.train INFO: Epoch 35 done. Time per batch: 0.187[s] Speed: 171.3[samples/s]
2025-12-12 05:21:11,517 MambaPro.train INFO: Validation Results - Epoch: 35
2025-12-12 05:21:11,517 MambaPro.train INFO: Current mAP: 75.5%
2025-12-12 05:21:11,517 MambaPro.train INFO: CMC curve, Rank-1  :79.2%
2025-12-12 05:21:11,517 MambaPro.train INFO: CMC curve, Rank-5  :86.5%
2025-12-12 05:21:11,517 MambaPro.train INFO: CMC curve, Rank-10 :91.0%
2025-12-12 05:21:11,518 MambaPro.train INFO: [Epoch 35] 指标集合列表（历史）
2025-12-12 05:21:11,518 MambaPro.train INFO: history_mAP:{47.8 , 55.2 , 57.5 , 57.4 , 71.6 , 76.6 , 75.5}
2025-12-12 05:21:11,518 MambaPro.train INFO: best_mAP:{76.6}
2025-12-12 05:21:11,518 MambaPro.train INFO: history_Rank-1:{49.0 , 61.1 , 60.5 , 59.0 , 77.3 , 82.2 , 79.2}
2025-12-12 05:21:11,518 MambaPro.train INFO: best_Rank-1:{82.2}
2025-12-12 05:21:11,518 MambaPro.train INFO: history_Rank-5:{64.1 , 75.8 , 74.5 , 72.6 , 85.0 , 89.0 , 86.5}
2025-12-12 05:21:11,518 MambaPro.train INFO: best_Rank-5:{89.0}
2025-12-12 05:21:11,518 MambaPro.train INFO: history_Rank-10:{72.2 , 81.6 , 81.1 , 82.2 , 89.5 , 91.1 , 91.0}
2025-12-12 05:21:11,518 MambaPro.train INFO: best_Rank-10:{91.1}
2025-12-12 05:21:11,518 MambaPro.train INFO: history_Experts:{[0.36 , 0.34 , 0.31] , [0.37 , 0.34 , 0.29] , [0.42 , 0.33 , 0.25] , [0.63 , 0.22 , 0.16] , [0.81 , 0.11 , 0.08] , [0.87 , 0.07 , 0.06] , [0.90 , 0.05 , 0.04]}
2025-12-12 05:21:11,518 MambaPro.train INFO: best_Experts:{[0.87 , 0.07 , 0.06]}
2025-12-12 05:21:11,518 MambaPro.train INFO: 🔥 MoE损失(Val): 平衡=0.8612, 稀疏性=0.2735, 多样性=0.2973, 总=0.0012 (权重: 平衡=0.001, 稀疏性=0.000, 多样性=0.001)
2025-12-12 05:21:11,518 MambaPro.train INFO:    📊 专家权重分布(Val): [0.90 , 0.05 , 0.04]
2025-12-12 05:21:31,607 MambaPro.train INFO: Epoch 36 done. Time per batch: 0.186[s] Speed: 171.6[samples/s]
2025-12-12 05:21:51,666 MambaPro.train INFO: Epoch 37 done. Time per batch: 0.187[s] Speed: 170.7[samples/s]
2025-12-12 05:22:11,464 MambaPro.train INFO: Epoch 38 done. Time per batch: 0.187[s] Speed: 171.3[samples/s]
2025-12-12 05:22:31,495 MambaPro.train INFO: Epoch 39 done. Time per batch: 0.187[s] Speed: 170.9[samples/s]
2025-12-12 05:22:51,362 MambaPro.train INFO: Epoch 40 done. Time per batch: 0.187[s] Speed: 170.7[samples/s]
2025-12-12 05:22:59,312 MambaPro.train INFO: Validation Results - Epoch: 40
2025-12-12 05:22:59,312 MambaPro.train INFO: Current mAP: 75.8%
2025-12-12 05:22:59,312 MambaPro.train INFO: CMC curve, Rank-1  :80.4%
2025-12-12 05:22:59,312 MambaPro.train INFO: CMC curve, Rank-5  :88.6%
2025-12-12 05:22:59,312 MambaPro.train INFO: CMC curve, Rank-10 :91.1%
2025-12-12 05:22:59,313 MambaPro.train INFO: [Epoch 40] 指标集合列表（历史）
2025-12-12 05:22:59,313 MambaPro.train INFO: history_mAP:{47.8 , 55.2 , 57.5 , 57.4 , 71.6 , 76.6 , 75.5 , 75.8}
2025-12-12 05:22:59,313 MambaPro.train INFO: best_mAP:{76.6}
2025-12-12 05:22:59,313 MambaPro.train INFO: history_Rank-1:{49.0 , 61.1 , 60.5 , 59.0 , 77.3 , 82.2 , 79.2 , 80.4}
2025-12-12 05:22:59,313 MambaPro.train INFO: best_Rank-1:{82.2}
2025-12-12 05:22:59,313 MambaPro.train INFO: history_Rank-5:{64.1 , 75.8 , 74.5 , 72.6 , 85.0 , 89.0 , 86.5 , 88.6}
2025-12-12 05:22:59,313 MambaPro.train INFO: best_Rank-5:{89.0}
2025-12-12 05:22:59,313 MambaPro.train INFO: history_Rank-10:{72.2 , 81.6 , 81.1 , 82.2 , 89.5 , 91.1 , 91.0}
2025-12-12 05:22:59,313 MambaPro.train INFO: best_Rank-10:{91.1}
2025-12-12 05:22:59,313 MambaPro.train INFO: history_Experts:{[0.36 , 0.34 , 0.31] , [0.37 , 0.34 , 0.29] , [0.42 , 0.33 , 0.25] , [0.63 , 0.22 , 0.16] , [0.81 , 0.11 , 0.08] , [0.87 , 0.07 , 0.06] , [0.90 , 0.05 , 0.04] , [0.92 , 0.04 , 0.04]}
2025-12-12 05:22:59,313 MambaPro.train INFO: best_Experts:{[0.87 , 0.07 , 0.06]}
2025-12-12 05:22:59,313 MambaPro.train INFO: 🔥 MoE损失(Val): 平衡=0.9349, 稀疏性=0.2255, 多样性=0.2359, 总=0.0012 (权重: 平衡=0.001, 稀疏性=0.000, 多样性=0.001)
2025-12-12 05:22:59,313 MambaPro.train INFO:    📊 专家权重分布(Val): [0.92 , 0.04 , 0.04]
2025-12-12 05:23:19,584 MambaPro.train INFO: Epoch 41 done. Time per batch: 0.188[s] Speed: 170.0[samples/s]
2025-12-12 05:23:39,574 MambaPro.train INFO: Epoch 42 done. Time per batch: 0.187[s] Speed: 171.3[samples/s]
2025-12-12 05:23:59,601 MambaPro.train INFO: Epoch 43 done. Time per batch: 0.187[s] Speed: 171.0[samples/s]
2025-12-12 05:24:19,596 MambaPro.train INFO: Epoch 44 done. Time per batch: 0.187[s] Speed: 171.2[samples/s]
2025-12-12 05:24:39,541 MambaPro.train INFO: Epoch 45 done. Time per batch: 0.186[s] Speed: 171.7[samples/s]
2025-12-12 05:24:47,086 MambaPro.train INFO: Validation Results - Epoch: 45
2025-12-12 05:24:47,086 MambaPro.train INFO: Current mAP: 75.6%
2025-12-12 05:24:47,086 MambaPro.train INFO: CMC curve, Rank-1  :78.6%
2025-12-12 05:24:47,086 MambaPro.train INFO: CMC curve, Rank-5  :87.9%
2025-12-12 05:24:47,086 MambaPro.train INFO: CMC curve, Rank-10 :91.5%
2025-12-12 05:24:47,086 MambaPro.train INFO: [Epoch 45] 指标集合列表（历史）
2025-12-12 05:24:47,087 MambaPro.train INFO: history_mAP:{47.8 , 55.2 , 57.5 , 57.4 , 71.6 , 76.6 , 75.5 , 75.8 , 75.6}
2025-12-12 05:24:47,087 MambaPro.train INFO: best_mAP:{76.6}
2025-12-12 05:24:47,087 MambaPro.train INFO: history_Rank-1:{49.0 , 61.1 , 60.5 , 59.0 , 77.3 , 82.2 , 79.2 , 80.4 , 78.6}
2025-12-12 05:24:47,087 MambaPro.train INFO: best_Rank-1:{82.2}
2025-12-12 05:24:47,087 MambaPro.train INFO: history_Rank-5:{64.1 , 75.8 , 74.5 , 72.6 , 85.0 , 89.0 , 86.5 , 88.6 , 87.9}
2025-12-12 05:24:47,087 MambaPro.train INFO: best_Rank-5:{89.0}
2025-12-12 05:24:47,087 MambaPro.train INFO: history_Rank-10:{72.2 , 81.6 , 81.1 , 82.2 , 89.5 , 91.1 , 91.0 , 91.5}
2025-12-12 05:24:47,087 MambaPro.train INFO: best_Rank-10:{91.1}
2025-12-12 05:24:47,087 MambaPro.train INFO: history_Experts:{[0.36 , 0.34 , 0.31] , [0.37 , 0.34 , 0.29] , [0.42 , 0.33 , 0.25] , [0.63 , 0.22 , 0.16] , [0.81 , 0.11 , 0.08] , [0.87 , 0.07 , 0.06] , [0.90 , 0.05 , 0.04] , [0.92 , 0.04 , 0.04] , [0.93 , 0.04 , 0.03]}
2025-12-12 05:24:47,087 MambaPro.train INFO: best_Experts:{[0.87 , 0.07 , 0.06]}
2025-12-12 05:24:47,087 MambaPro.train INFO: 🔥 MoE损失(Val): 平衡=0.9784, 稀疏性=0.1975, 多样性=0.2022, 总=0.0012 (权重: 平衡=0.001, 稀疏性=0.000, 多样性=0.001)
2025-12-12 05:24:47,087 MambaPro.train INFO:    📊 专家权重分布(Val): [0.93 , 0.04 , 0.03]
2025-12-12 05:25:07,286 MambaPro.train INFO: Epoch 46 done. Time per batch: 0.188[s] Speed: 170.6[samples/s]
2025-12-12 05:25:27,374 MambaPro.train INFO: Epoch 47 done. Time per batch: 0.188[s] Speed: 170.5[samples/s]
2025-12-12 05:25:47,420 MambaPro.train INFO: Epoch 48 done. Time per batch: 0.189[s] Speed: 169.2[samples/s]
2025-12-12 05:26:07,492 MambaPro.train INFO: Epoch 49 done. Time per batch: 0.188[s] Speed: 170.6[samples/s]
2025-12-12 05:26:27,563 MambaPro.train INFO: Epoch 50 done. Time per batch: 0.188[s] Speed: 170.6[samples/s]
2025-12-12 05:26:35,490 MambaPro.train INFO: Validation Results - Epoch: 50
2025-12-12 05:26:35,490 MambaPro.train INFO: Current mAP: 74.7%
2025-12-12 05:26:35,490 MambaPro.train INFO: CMC curve, Rank-1  :77.6%
2025-12-12 05:26:35,490 MambaPro.train INFO: CMC curve, Rank-5  :86.4%
2025-12-12 05:26:35,490 MambaPro.train INFO: CMC curve, Rank-10 :91.4%
2025-12-12 05:26:35,490 MambaPro.train INFO: [Epoch 50] 指标集合列表（历史）
2025-12-12 05:26:35,491 MambaPro.train INFO: history_mAP:{47.8 , 55.2 , 57.5 , 57.4 , 71.6 , 76.6 , 75.5 , 75.8 , 75.6 , 74.7}
2025-12-12 05:26:35,491 MambaPro.train INFO: best_mAP:{76.6}
2025-12-12 05:26:35,491 MambaPro.train INFO: history_Rank-1:{49.0 , 61.1 , 60.5 , 59.0 , 77.3 , 82.2 , 79.2 , 80.4 , 78.6 , 77.6}
2025-12-12 05:26:35,491 MambaPro.train INFO: best_Rank-1:{82.2}
2025-12-12 05:26:35,491 MambaPro.train INFO: history_Rank-5:{64.1 , 75.8 , 74.5 , 72.6 , 85.0 , 89.0 , 86.5 , 88.6 , 87.9 , 86.4}
2025-12-12 05:26:35,491 MambaPro.train INFO: best_Rank-5:{89.0}
2025-12-12 05:26:35,491 MambaPro.train INFO: history_Rank-10:{72.2 , 81.6 , 81.1 , 82.2 , 89.5 , 91.1 , 91.0 , 91.5 , 91.4}
2025-12-12 05:26:35,491 MambaPro.train INFO: best_Rank-10:{91.1}
2025-12-12 05:26:35,491 MambaPro.train INFO: history_Experts:{[0.36 , 0.34 , 0.31] , [0.37 , 0.34 , 0.29] , [0.42 , 0.33 , 0.25] , [0.63 , 0.22 , 0.16] , [0.81 , 0.11 , 0.08] , [0.87 , 0.07 , 0.06] , [0.90 , 0.05 , 0.04] , [0.92 , 0.04 , 0.04] , [0.93 , 0.04 , 0.03] , [0.94 , 0.03 , 0.03]}
2025-12-12 05:26:35,491 MambaPro.train INFO: best_Experts:{[0.87 , 0.07 , 0.06]}
2025-12-12 05:26:35,491 MambaPro.train INFO: 🔥 MoE损失(Val): 平衡=1.0111, 稀疏性=0.1764, 多样性=0.1777, 总=0.0012 (权重: 平衡=0.001, 稀疏性=0.000, 多样性=0.001)
2025-12-12 05:26:35,491 MambaPro.train INFO:    📊 专家权重分布(Val): [0.94 , 0.03 , 0.03]
2025-12-12 05:26:55,554 MambaPro.train INFO: Epoch 51 done. Time per batch: 0.188[s] Speed: 170.2[samples/s]
2025-12-12 05:27:15,359 MambaPro.train INFO: Epoch 52 done. Time per batch: 0.187[s] Speed: 171.3[samples/s]
2025-12-12 05:27:35,445 MambaPro.train INFO: Epoch 53 done. Time per batch: 0.188[s] Speed: 170.5[samples/s]
2025-12-12 05:27:55,485 MambaPro.train INFO: Epoch 54 done. Time per batch: 0.187[s] Speed: 170.9[samples/s]
2025-12-12 05:28:15,494 MambaPro.train INFO: Epoch 55 done. Time per batch: 0.187[s] Speed: 171.1[samples/s]
2025-12-12 05:28:23,037 MambaPro.train INFO: Validation Results - Epoch: 55
2025-12-12 05:28:23,037 MambaPro.train INFO: Current mAP: 75.0%
2025-12-12 05:28:23,037 MambaPro.train INFO: CMC curve, Rank-1  :78.5%
2025-12-12 05:28:23,037 MambaPro.train INFO: CMC curve, Rank-5  :86.6%
2025-12-12 05:28:23,037 MambaPro.train INFO: CMC curve, Rank-10 :90.7%
2025-12-12 05:28:23,038 MambaPro.train INFO: [Epoch 55] 指标集合列表（历史）
2025-12-12 05:28:23,038 MambaPro.train INFO: history_mAP:{47.8 , 55.2 , 57.5 , 57.4 , 71.6 , 76.6 , 75.5 , 75.8 , 75.6 , 74.7 , 75.0}
2025-12-12 05:28:23,038 MambaPro.train INFO: best_mAP:{76.6}
2025-12-12 05:28:23,038 MambaPro.train INFO: history_Rank-1:{49.0 , 61.1 , 60.5 , 59.0 , 77.3 , 82.2 , 79.2 , 80.4 , 78.6 , 77.6 , 78.5}
2025-12-12 05:28:23,038 MambaPro.train INFO: best_Rank-1:{82.2}
2025-12-12 05:28:23,038 MambaPro.train INFO: history_Rank-5:{64.1 , 75.8 , 74.5 , 72.6 , 85.0 , 89.0 , 86.5 , 88.6 , 87.9 , 86.4 , 86.6}
2025-12-12 05:28:23,038 MambaPro.train INFO: best_Rank-5:{89.0}
2025-12-12 05:28:23,038 MambaPro.train INFO: history_Rank-10:{72.2 , 81.6 , 81.1 , 82.2 , 89.5 , 91.1 , 91.0 , 91.5 , 91.4 , 90.7}
2025-12-12 05:28:23,038 MambaPro.train INFO: best_Rank-10:{91.1}
2025-12-12 05:28:23,038 MambaPro.train INFO: history_Experts:{[0.36 , 0.34 , 0.31] , [0.37 , 0.34 , 0.29] , [0.42 , 0.33 , 0.25] , [0.63 , 0.22 , 0.16] , [0.81 , 0.11 , 0.08] , [0.87 , 0.07 , 0.06] , [0.90 , 0.05 , 0.04] , [0.92 , 0.04 , 0.04] , [0.93 , 0.04 , 0.03] , [0.94 , 0.03 , 0.03] , [0.94 , 0.03 , 0.03]}
2025-12-12 05:28:23,038 MambaPro.train INFO: best_Experts:{[0.87 , 0.07 , 0.06]}
2025-12-12 05:28:23,038 MambaPro.train INFO: 🔥 MoE损失(Val): 平衡=1.0354, 稀疏性=0.1609, 多样性=0.1602, 总=0.0012 (权重: 平衡=0.001, 稀疏性=0.000, 多样性=0.001)
2025-12-12 05:28:23,038 MambaPro.train INFO:    📊 专家权重分布(Val): [0.94 , 0.03 , 0.03]
2025-12-12 05:28:42,995 MambaPro.train INFO: Epoch 56 done. Time per batch: 0.187[s] Speed: 171.1[samples/s]
2025-12-12 05:29:03,061 MambaPro.train INFO: Epoch 57 done. Time per batch: 0.188[s] Speed: 170.6[samples/s]
2025-12-12 05:29:23,098 MambaPro.train INFO: Epoch 58 done. Time per batch: 0.187[s] Speed: 170.9[samples/s]
2025-12-12 05:29:42,986 MambaPro.train INFO: Epoch 59 done. Time per batch: 0.188[s] Speed: 170.6[samples/s]
2025-12-12 05:30:02,996 MambaPro.train INFO: Epoch 60 done. Time per batch: 0.187[s] Speed: 171.1[samples/s]
2025-12-12 05:30:10,915 MambaPro.train INFO: Validation Results - Epoch: 60
2025-12-12 05:30:10,915 MambaPro.train INFO: Current mAP: 75.0%
2025-12-12 05:30:10,915 MambaPro.train INFO: CMC curve, Rank-1  :78.5%
2025-12-12 05:30:10,915 MambaPro.train INFO: CMC curve, Rank-5  :86.6%
2025-12-12 05:30:10,915 MambaPro.train INFO: CMC curve, Rank-10 :90.7%
2025-12-12 05:30:10,916 MambaPro.train INFO: [Epoch 60] 指标集合列表（历史）
2025-12-12 05:30:10,916 MambaPro.train INFO: history_mAP:{47.8 , 55.2 , 57.5 , 57.4 , 71.6 , 76.6 , 75.5 , 75.8 , 75.6 , 74.7 , 75.0 , 75.0}
2025-12-12 05:30:10,916 MambaPro.train INFO: best_mAP:{76.6}
2025-12-12 05:30:10,916 MambaPro.train INFO: history_Rank-1:{49.0 , 61.1 , 60.5 , 59.0 , 77.3 , 82.2 , 79.2 , 80.4 , 78.6 , 77.6 , 78.5}
2025-12-12 05:30:10,916 MambaPro.train INFO: best_Rank-1:{82.2}
2025-12-12 05:30:10,916 MambaPro.train INFO: history_Rank-5:{64.1 , 75.8 , 74.5 , 72.6 , 85.0 , 89.0 , 86.5 , 88.6 , 87.9 , 86.4 , 86.6}
2025-12-12 05:30:10,916 MambaPro.train INFO: best_Rank-5:{89.0}
2025-12-12 05:30:10,916 MambaPro.train INFO: history_Rank-10:{72.2 , 81.6 , 81.1 , 82.2 , 89.5 , 91.1 , 91.0 , 91.5 , 91.4 , 90.7}
2025-12-12 05:30:10,916 MambaPro.train INFO: best_Rank-10:{91.1}
2025-12-12 05:30:10,916 MambaPro.train INFO: history_Experts:{[0.36 , 0.34 , 0.31] , [0.37 , 0.34 , 0.29] , [0.42 , 0.33 , 0.25] , [0.63 , 0.22 , 0.16] , [0.81 , 0.11 , 0.08] , [0.87 , 0.07 , 0.06] , [0.90 , 0.05 , 0.04] , [0.92 , 0.04 , 0.04] , [0.93 , 0.04 , 0.03] , [0.94 , 0.03 , 0.03] , [0.94 , 0.03 , 0.03] , [0.95 , 0.03 , 0.02]}
2025-12-12 05:30:10,916 MambaPro.train INFO: best_Experts:{[0.87 , 0.07 , 0.06]}
2025-12-12 05:30:10,916 MambaPro.train INFO: 🔥 MoE损失(Val): 平衡=1.0538, 稀疏性=0.1491, 多样性=0.1472, 总=0.0012 (权重: 平衡=0.001, 稀疏性=0.000, 多样性=0.001)
2025-12-12 05:30:10,916 MambaPro.train INFO:    📊 专家权重分布(Val): [0.95 , 0.03 , 0.02]
2025-12-12 05:30:11,053 MambaPro.train INFO: ============================================================
