2025-12-12 13:09:37,515 MambaPro INFO: ================================================================================
2025-12-12 13:09:37,515 MambaPro INFO: 🧾 实验参数快照（命令行 + 最终配置）
2025-12-12 13:09:37,515 MambaPro INFO: ================================================================================
2025-12-12 13:09:37,515 MambaPro INFO: 【复现实验命令】
2025-12-12 13:09:37,515 MambaPro INFO: /home/zubuntu/miniconda/envs/MambaPro/bin/python train_net.py --config_file mybest_model/experiment_20251013_110028/configs/experiment_config.yml OUTPUT_DIR ./outputs/replay_best_tml
2025-12-12 13:09:37,515 MambaPro INFO: 【命令行参数（args）】
2025-12-12 13:09:37,515 MambaPro INFO: {
2025-12-12 13:09:37,515 MambaPro INFO:   "config_file": "mybest_model/experiment_20251013_110028/configs/experiment_config.yml",
2025-12-12 13:09:37,515 MambaPro INFO:   "fea_cft": 0,
2025-12-12 13:09:37,515 MambaPro INFO:   "opts": [
2025-12-12 13:09:37,515 MambaPro INFO:     "OUTPUT_DIR",
2025-12-12 13:09:37,515 MambaPro INFO:     "./outputs/replay_best_tml"
2025-12-12 13:09:37,515 MambaPro INFO:   ],
2025-12-12 13:09:37,515 MambaPro INFO:   "local_rank": 0,
2025-12-12 13:09:37,515 MambaPro INFO:   "use_multi_scale": false,
2025-12-12 13:09:37,515 MambaPro INFO:   "no_multi_scale": false,
2025-12-12 13:09:37,515 MambaPro INFO:   "use_moe": false,
2025-12-12 13:09:37,515 MambaPro INFO:   "disable_moe": false,
2025-12-12 13:09:37,515 MambaPro INFO:   "no_moe": false,
2025-12-12 13:09:37,515 MambaPro INFO:   "use_attention": false,
2025-12-12 13:09:37,515 MambaPro INFO:   "disable_attention": false,
2025-12-12 13:09:37,515 MambaPro INFO:   "attention_heads": 8,
2025-12-12 13:09:37,515 MambaPro INFO:   "attention_dropout": 0.1
2025-12-12 13:09:37,515 MambaPro INFO: }
2025-12-12 13:09:37,515 MambaPro INFO: 【工作目录】/home/zubuntu/workspace/yzy/MambaPro
2025-12-12 13:09:37,515 MambaPro INFO: 【最终配置（YAML）】
2025-12-12 13:09:37,518 MambaPro INFO: DATALOADER:
2025-12-12 13:09:37,518 MambaPro INFO:   NUM_INSTANCE: 8
2025-12-12 13:09:37,518 MambaPro INFO:   NUM_WORKERS: 8
2025-12-12 13:09:37,518 MambaPro INFO:   SAMPLER: softmax_triplet
2025-12-12 13:09:37,518 MambaPro INFO: DATASETS:
2025-12-12 13:09:37,518 MambaPro INFO:   NAMES: RGBNT201
2025-12-12 13:09:37,518 MambaPro INFO:   ROOT_DIR: /home/zubuntu/workspace/yzy/MambaPro/data/
2025-12-12 13:09:37,518 MambaPro INFO: INPUT:
2025-12-12 13:09:37,518 MambaPro INFO:   PADDING: 10
2025-12-12 13:09:37,518 MambaPro INFO:   PIXEL_MEAN:
2025-12-12 13:09:37,518 MambaPro INFO:   - 0.5
2025-12-12 13:09:37,518 MambaPro INFO:   - 0.5
2025-12-12 13:09:37,518 MambaPro INFO:   - 0.5
2025-12-12 13:09:37,518 MambaPro INFO:   PIXEL_STD:
2025-12-12 13:09:37,518 MambaPro INFO:   - 0.5
2025-12-12 13:09:37,518 MambaPro INFO:   - 0.5
2025-12-12 13:09:37,518 MambaPro INFO:   - 0.5
2025-12-12 13:09:37,518 MambaPro INFO:   PROB: 0.5
2025-12-12 13:09:37,518 MambaPro INFO:   RE_PROB: 0.5
2025-12-12 13:09:37,518 MambaPro INFO:   SIZE_TEST:
2025-12-12 13:09:37,518 MambaPro INFO:   - 256
2025-12-12 13:09:37,518 MambaPro INFO:   - 128
2025-12-12 13:09:37,518 MambaPro INFO:   SIZE_TRAIN:
2025-12-12 13:09:37,518 MambaPro INFO:   - 256
2025-12-12 13:09:37,518 MambaPro INFO:   - 128
2025-12-12 13:09:37,518 MambaPro INFO: MODEL:
2025-12-12 13:09:37,518 MambaPro INFO:   ADAPTER: true
2025-12-12 13:09:37,518 MambaPro INFO:   ATTENTION_DIM: 512
2025-12-12 13:09:37,518 MambaPro INFO:   ATTENTION_DROPOUT: 0.1
2025-12-12 13:09:37,518 MambaPro INFO:   ATTENTION_NUM_HEADS: 8
2025-12-12 13:09:37,518 MambaPro INFO:   ATT_DROP_RATE: 0.0
2025-12-12 13:09:37,518 MambaPro INFO:   CLIP_MULTI_SCALE_SCALES:
2025-12-12 13:09:37,518 MambaPro INFO:   - 4
2025-12-12 13:09:37,518 MambaPro INFO:   - 8
2025-12-12 13:09:37,518 MambaPro INFO:   - 16
2025-12-12 13:09:37,518 MambaPro INFO:   DEVICE: cuda
2025-12-12 13:09:37,518 MambaPro INFO:   DEVICE_ID: '0'
2025-12-12 13:09:37,518 MambaPro INFO:   DIRECT: 1
2025-12-12 13:09:37,518 MambaPro INFO:   DIST_TRAIN: false
2025-12-12 13:09:37,518 MambaPro INFO:   DROP_OUT: 0.0
2025-12-12 13:09:37,518 MambaPro INFO:   DROP_PATH: 0.1
2025-12-12 13:09:37,518 MambaPro INFO:   FLOPS_TEST: false
2025-12-12 13:09:37,518 MambaPro INFO:   FROZEN: true
2025-12-12 13:09:37,518 MambaPro INFO:   GATE_DROPOUT: 0.1
2025-12-12 13:09:37,518 MambaPro INFO:   ID_LOSS_TYPE: softmax
2025-12-12 13:09:37,518 MambaPro INFO:   ID_LOSS_WEIGHT: 0.25
2025-12-12 13:09:37,518 MambaPro INFO:   IF_LABELSMOOTH: 'on'
2025-12-12 13:09:37,518 MambaPro INFO:   IF_WITH_CENTER: 'no'
2025-12-12 13:09:37,518 MambaPro INFO:   LAYER: -1
2025-12-12 13:09:37,518 MambaPro INFO:   MAMBA: true
2025-12-12 13:09:37,518 MambaPro INFO:   MAMBA_BI: false
2025-12-12 13:09:37,518 MambaPro INFO:   METRIC_LOSS_TYPE: triplet
2025-12-12 13:09:37,518 MambaPro INFO:   MOE_BALANCE_LOSS_WEIGHT: 0.01
2025-12-12 13:09:37,518 MambaPro INFO:   MOE_DIVERSITY_LOSS_WEIGHT: 0.01
2025-12-12 13:09:37,518 MambaPro INFO:   MOE_EXPERT_DROPOUT: 0.1
2025-12-12 13:09:37,518 MambaPro INFO:   MOE_EXPERT_HIDDEN_DIM: 1024
2025-12-12 13:09:37,518 MambaPro INFO:   MOE_EXPERT_LAYERS: 2
2025-12-12 13:09:37,518 MambaPro INFO:   MOE_EXPERT_THRESHOLD: 0.1
2025-12-12 13:09:37,518 MambaPro INFO:   MOE_FIXED_WEIGHTS:
2025-12-12 13:09:37,518 MambaPro INFO:   - 0.33
2025-12-12 13:09:37,518 MambaPro INFO:   - 0.33
2025-12-12 13:09:37,518 MambaPro INFO:   - 0.34
2025-12-12 13:09:37,518 MambaPro INFO:   MOE_GATE_DROPOUT: 0.1
2025-12-12 13:09:37,518 MambaPro INFO:   MOE_GATE_LAYERS: 2
2025-12-12 13:09:37,518 MambaPro INFO:   MOE_INIT_WEIGHTS: null
2025-12-12 13:09:37,518 MambaPro INFO:   MOE_NUM_EXPERTS: 3
2025-12-12 13:09:37,518 MambaPro INFO:   MOE_RESIDUAL_WEIGHT: 1.0
2025-12-12 13:09:37,518 MambaPro INFO:   MOE_SCALES:
2025-12-12 13:09:37,518 MambaPro INFO:   - 4
2025-12-12 13:09:37,518 MambaPro INFO:   - 8
2025-12-12 13:09:37,518 MambaPro INFO:   - 16
2025-12-12 13:09:37,518 MambaPro INFO:   MOE_SPARSITY_LOSS_WEIGHT: 0.001
2025-12-12 13:09:37,518 MambaPro INFO:   MOE_TEMPERATURE: 0.7
2025-12-12 13:09:37,518 MambaPro INFO:   MOE_TOP_K: 2
2025-12-12 13:09:37,518 MambaPro INFO:   MOE_TOP_K_MODE: soft
2025-12-12 13:09:37,518 MambaPro INFO:   MOE_USE_FIXED_WEIGHTS: false
2025-12-12 13:09:37,518 MambaPro INFO:   MOE_USE_TOP_K_ROUTING: false
2025-12-12 13:09:37,518 MambaPro INFO:   MULTI_SCALE_SCALES:
2025-12-12 13:09:37,518 MambaPro INFO:   - 4
2025-12-12 13:09:37,518 MambaPro INFO:   - 8
2025-12-12 13:09:37,518 MambaPro INFO:   - 16
2025-12-12 13:09:37,518 MambaPro INFO:   NAME: MambaPro
2025-12-12 13:09:37,518 MambaPro INFO:   NECK: bnneck
2025-12-12 13:09:37,518 MambaPro INFO:   NO_MARGIN: true
2025-12-12 13:09:37,518 MambaPro INFO:   PREFIX_NUM: 1
2025-12-12 13:09:37,518 MambaPro INFO:   PRETRAIN_PATH_T: /home/zubuntu/workspace/yzy/MambaPro/pths/ViT-B-16.pt
2025-12-12 13:09:37,518 MambaPro INFO:   PROMPT: true
2025-12-12 13:09:37,518 MambaPro INFO:   SIE_CAMERA: true
2025-12-12 13:09:37,518 MambaPro INFO:   SIE_COE: 1.0
2025-12-12 13:09:37,518 MambaPro INFO:   SIE_VIEW: false
2025-12-12 13:09:37,519 MambaPro INFO:   STRIDE_SIZE:
2025-12-12 13:09:37,519 MambaPro INFO:   - 16
2025-12-12 13:09:37,519 MambaPro INFO:   - 16
2025-12-12 13:09:37,519 MambaPro INFO:   TRANSFORMER_TYPE: ViT-B-16
2025-12-12 13:09:37,519 MambaPro INFO:   TRIPLET_LOSS_WEIGHT: 1.0
2025-12-12 13:09:37,519 MambaPro INFO:   USE_ATTENTION_FUSION: false
2025-12-12 13:09:37,519 MambaPro INFO:   USE_CLIP_MULTI_SCALE: true
2025-12-12 13:09:37,519 MambaPro INFO:   USE_GATE_FUSION: false
2025-12-12 13:09:37,519 MambaPro INFO:   USE_MULTI_SCALE: false
2025-12-12 13:09:37,519 MambaPro INFO:   USE_MULTI_SCALE_MOE: true
2025-12-12 13:09:37,519 MambaPro INFO: OUTPUT_DIR: ./outputs/replay_best_tml/run_20251212_130937
2025-12-12 13:09:37,519 MambaPro INFO: SOLVER:
2025-12-12 13:09:37,519 MambaPro INFO:   BASE_LR: 0.0005
2025-12-12 13:09:37,519 MambaPro INFO:   BIAS_LR_FACTOR: 2
2025-12-12 13:09:37,519 MambaPro INFO:   CENTER_LOSS_WEIGHT: 0.0005
2025-12-12 13:09:37,519 MambaPro INFO:   CENTER_LR: 0.5
2025-12-12 13:09:37,519 MambaPro INFO:   CHECKPOINT_PERIOD: 10
2025-12-12 13:09:37,519 MambaPro INFO:   CLUSTER_MARGIN: 0.3
2025-12-12 13:09:37,519 MambaPro INFO:   COSINE_MARGIN: 0.5
2025-12-12 13:09:37,519 MambaPro INFO:   COSINE_SCALE: 30
2025-12-12 13:09:37,519 MambaPro INFO:   EVAL_PERIOD: 5
2025-12-12 13:09:37,519 MambaPro INFO:   GAMMA: 0.1
2025-12-12 13:09:37,519 MambaPro INFO:   IMS_PER_BATCH: 32
2025-12-12 13:09:37,519 MambaPro INFO:   LARGE_FC_LR: false
2025-12-12 13:09:37,519 MambaPro INFO:   LOG_PERIOD: 10
2025-12-12 13:09:37,519 MambaPro INFO:   MARGIN: 0.3
2025-12-12 13:09:37,519 MambaPro INFO:   MAX_EPOCHS: 60
2025-12-12 13:09:37,519 MambaPro INFO:   MOE_BALANCE_LOSS_WEIGHT: 0.001
2025-12-12 13:09:37,519 MambaPro INFO:   MOE_BALANCE_LOSS_WEIGHT_END: 0.1
2025-12-12 13:09:37,519 MambaPro INFO:   MOE_BALANCE_LOSS_WEIGHT_START: 0.001
2025-12-12 13:09:37,519 MambaPro INFO:   MOE_BALANCE_THRESHOLD: 0.3
2025-12-12 13:09:37,519 MambaPro INFO:   MOE_DIVERSITY_LOSS_WEIGHT: 0.001
2025-12-12 13:09:37,519 MambaPro INFO:   MOE_DIVERSITY_LOSS_WEIGHT_END: 0.1
2025-12-12 13:09:37,519 MambaPro INFO:   MOE_DIVERSITY_LOSS_WEIGHT_START: 0.001
2025-12-12 13:09:37,519 MambaPro INFO:   MOE_GATE_LR_FACTOR: 0.01
2025-12-12 13:09:37,519 MambaPro INFO:   MOE_LOSS_WEIGHT_SCHEDULE_TYPE: cosine
2025-12-12 13:09:37,519 MambaPro INFO:   MOE_LOSS_WEIGHT_WARMUP_EPOCHS: 5
2025-12-12 13:09:37,519 MambaPro INFO:   MOE_SPARSITY_LOSS_WEIGHT: 0.0001
2025-12-12 13:09:37,519 MambaPro INFO:   MOE_USE_DYNAMIC_LOSS_WEIGHT: false
2025-12-12 13:09:37,519 MambaPro INFO:   MOMENTUM: 0.9
2025-12-12 13:09:37,519 MambaPro INFO:   OPTIMIZER_NAME: Adam
2025-12-12 13:09:37,519 MambaPro INFO:   RANGE_ALPHA: 0
2025-12-12 13:09:37,519 MambaPro INFO:   RANGE_BETA: 1
2025-12-12 13:09:37,519 MambaPro INFO:   RANGE_K: 2
2025-12-12 13:09:37,519 MambaPro INFO:   RANGE_LOSS_WEIGHT: 1
2025-12-12 13:09:37,519 MambaPro INFO:   RANGE_MARGIN: 0.3
2025-12-12 13:09:37,519 MambaPro INFO:   SEED: 42
2025-12-12 13:09:37,519 MambaPro INFO:   STEPS:
2025-12-12 13:09:37,519 MambaPro INFO:   - 30
2025-12-12 13:09:37,519 MambaPro INFO:   - 50
2025-12-12 13:09:37,519 MambaPro INFO:   WARMUP_FACTOR: 0.01
2025-12-12 13:09:37,519 MambaPro INFO:   WARMUP_ITERS: 20
2025-12-12 13:09:37,519 MambaPro INFO:   WARMUP_METHOD: linear
2025-12-12 13:09:37,519 MambaPro INFO:   WEIGHT_DECAY: 0.0005
2025-12-12 13:09:37,519 MambaPro INFO:   WEIGHT_DECAY_BIAS: 0.0005
2025-12-12 13:09:37,519 MambaPro INFO: TEST:
2025-12-12 13:09:37,519 MambaPro INFO:   FEAT: 0
2025-12-12 13:09:37,519 MambaPro INFO:   FEAT_NORM: 'yes'
2025-12-12 13:09:37,519 MambaPro INFO:   IMS_PER_BATCH: 64
2025-12-12 13:09:37,519 MambaPro INFO:   MISS: nothing
2025-12-12 13:09:37,519 MambaPro INFO:   NECK_FEAT: after
2025-12-12 13:09:37,519 MambaPro INFO:   RE_RANKING: 'no'
2025-12-12 13:09:37,519 MambaPro INFO:   WEIGHT: /home/zubuntu/workspace/yzy/MambaPro/pths/MambaProbest.pth
2025-12-12 13:09:37,519 MambaPro INFO: ================================================================================
2025-12-12 13:09:39,718 MambaPro.train INFO: start training
2025-12-12 13:10:00,062 MambaPro.train INFO: Epoch 1 done. Time per batch: 0.190[s] Speed: 168.4[samples/s]
2025-12-12 13:10:20,032 MambaPro.train INFO: Epoch 2 done. Time per batch: 0.187[s] Speed: 171.5[samples/s]
2025-12-12 13:10:40,068 MambaPro.train INFO: Epoch 3 done. Time per batch: 0.187[s] Speed: 170.9[samples/s]
2025-12-12 13:11:00,007 MambaPro.train INFO: Epoch 4 done. Time per batch: 0.186[s] Speed: 171.7[samples/s]
2025-12-12 13:11:19,987 MambaPro.train INFO: Epoch 5 done. Time per batch: 0.187[s] Speed: 171.4[samples/s]
2025-12-12 13:11:27,567 MambaPro.train INFO: Validation Results - Epoch: 5
2025-12-12 13:11:27,567 MambaPro.train INFO: Current mAP: 56.5%
2025-12-12 13:11:27,567 MambaPro.train INFO: CMC curve, Rank-1  :61.5%
2025-12-12 13:11:27,567 MambaPro.train INFO: CMC curve, Rank-5  :74.0%
2025-12-12 13:11:27,567 MambaPro.train INFO: CMC curve, Rank-10 :79.3%
2025-12-12 13:11:27,568 MambaPro.train INFO: 🎯 New Best! Saving model...
2025-12-12 13:11:27,982 MambaPro.train INFO: [Epoch 5] 指标集合列表（历史）
2025-12-12 13:11:27,982 MambaPro.train INFO: history_mAP:{56.5}
2025-12-12 13:11:27,982 MambaPro.train INFO: best_mAP:{56.5}
2025-12-12 13:11:27,982 MambaPro.train INFO: history_Rank-1:{61.5}
2025-12-12 13:11:27,982 MambaPro.train INFO: best_Rank-1:{61.5}
2025-12-12 13:11:27,982 MambaPro.train INFO: history_Rank-5:{74.0}
2025-12-12 13:11:27,982 MambaPro.train INFO: best_Rank-5:{74.0}
2025-12-12 13:11:27,982 MambaPro.train INFO: history_Rank-10:{79.3}
2025-12-12 13:11:27,982 MambaPro.train INFO: best_Rank-10:{79.3}
2025-12-12 13:11:27,982 MambaPro.train INFO: history_Experts:{[0.35 , 0.34 , 0.31]}
2025-12-12 13:11:27,982 MambaPro.train INFO: best_Experts:{[0.35 , 0.34 , 0.31]}
2025-12-12 13:11:27,982 MambaPro.train INFO: 🔥 MoE损失(Val): 平衡=0.0000, 稀疏性=0.9986, 多样性=2.6558, 总=0.0028 (权重: 平衡=0.001, 稀疏性=0.000, 多样性=0.001)
2025-12-12 13:11:27,983 MambaPro.train INFO:    📊 专家权重分布(Val): [0.35 , 0.34 , 0.31]
2025-12-12 13:11:48,149 MambaPro.train INFO: Epoch 6 done. Time per batch: 0.187[s] Speed: 170.9[samples/s]
2025-12-12 13:12:08,144 MambaPro.train INFO: Epoch 7 done. Time per batch: 0.187[s] Speed: 171.2[samples/s]
2025-12-12 13:12:28,151 MambaPro.train INFO: Epoch 8 done. Time per batch: 0.187[s] Speed: 171.1[samples/s]
2025-12-12 13:12:48,200 MambaPro.train INFO: Epoch 9 done. Time per batch: 0.187[s] Speed: 170.8[samples/s]
2025-12-12 13:13:08,330 MambaPro.train INFO: Epoch 10 done. Time per batch: 0.188[s] Speed: 170.1[samples/s]
2025-12-12 13:13:16,339 MambaPro.train INFO: Validation Results - Epoch: 10
2025-12-12 13:13:16,339 MambaPro.train INFO: Current mAP: 62.8%
2025-12-12 13:13:16,339 MambaPro.train INFO: CMC curve, Rank-1  :68.7%
2025-12-12 13:13:16,339 MambaPro.train INFO: CMC curve, Rank-5  :81.1%
2025-12-12 13:13:16,339 MambaPro.train INFO: CMC curve, Rank-10 :85.2%
2025-12-12 13:13:16,339 MambaPro.train INFO: 🎯 New Best! Saving model...
2025-12-12 13:13:16,994 MambaPro.train INFO: [Epoch 10] 指标集合列表（历史）
2025-12-12 13:13:16,994 MambaPro.train INFO: history_mAP:{56.5 , 62.8}
2025-12-12 13:13:16,994 MambaPro.train INFO: best_mAP:{62.8}
2025-12-12 13:13:16,994 MambaPro.train INFO: history_Rank-1:{61.5 , 68.7}
2025-12-12 13:13:16,994 MambaPro.train INFO: best_Rank-1:{68.7}
2025-12-12 13:13:16,994 MambaPro.train INFO: history_Rank-5:{74.0 , 81.1}
2025-12-12 13:13:16,994 MambaPro.train INFO: best_Rank-5:{81.1}
2025-12-12 13:13:16,994 MambaPro.train INFO: history_Rank-10:{79.3 , 85.2}
2025-12-12 13:13:16,994 MambaPro.train INFO: best_Rank-10:{85.2}
2025-12-12 13:13:16,995 MambaPro.train INFO: history_Experts:{[0.35 , 0.34 , 0.31] , [0.36 , 0.34 , 0.30]}
2025-12-12 13:13:16,995 MambaPro.train INFO: best_Experts:{[0.36 , 0.34 , 0.30]}
2025-12-12 13:13:16,995 MambaPro.train INFO: 🔥 MoE损失(Val): 平衡=0.0000, 稀疏性=0.9967, 多样性=2.6407, 总=0.0027 (权重: 平衡=0.001, 稀疏性=0.000, 多样性=0.001)
2025-12-12 13:13:16,995 MambaPro.train INFO:    📊 专家权重分布(Val): [0.36 , 0.34 , 0.30]
2025-12-12 13:13:36,998 MambaPro.train INFO: Epoch 11 done. Time per batch: 0.187[s] Speed: 170.7[samples/s]
2025-12-12 13:13:57,165 MambaPro.train INFO: Epoch 12 done. Time per batch: 0.188[s] Speed: 169.8[samples/s]
2025-12-12 13:14:17,379 MambaPro.train INFO: Epoch 13 done. Time per batch: 0.189[s] Speed: 169.4[samples/s]
2025-12-12 13:14:37,571 MambaPro.train INFO: Epoch 14 done. Time per batch: 0.189[s] Speed: 169.6[samples/s]
2025-12-12 13:14:57,672 MambaPro.train INFO: Epoch 15 done. Time per batch: 0.188[s] Speed: 170.3[samples/s]
2025-12-12 13:15:05,278 MambaPro.train INFO: Validation Results - Epoch: 15
2025-12-12 13:15:05,279 MambaPro.train INFO: Current mAP: 56.8%
2025-12-12 13:15:05,279 MambaPro.train INFO: CMC curve, Rank-1  :61.4%
2025-12-12 13:15:05,279 MambaPro.train INFO: CMC curve, Rank-5  :75.7%
2025-12-12 13:15:05,279 MambaPro.train INFO: CMC curve, Rank-10 :82.8%
2025-12-12 13:15:05,279 MambaPro.train INFO: [Epoch 15] 指标集合列表（历史）
2025-12-12 13:15:05,279 MambaPro.train INFO: history_mAP:{56.5 , 62.8 , 56.8}
2025-12-12 13:15:05,279 MambaPro.train INFO: best_mAP:{62.8}
2025-12-12 13:15:05,279 MambaPro.train INFO: history_Rank-1:{61.5 , 68.7 , 61.4}
2025-12-12 13:15:05,279 MambaPro.train INFO: best_Rank-1:{68.7}
2025-12-12 13:15:05,279 MambaPro.train INFO: history_Rank-5:{74.0 , 81.1 , 75.7}
2025-12-12 13:15:05,279 MambaPro.train INFO: best_Rank-5:{81.1}
2025-12-12 13:15:05,279 MambaPro.train INFO: history_Rank-10:{79.3 , 85.2 , 82.8}
2025-12-12 13:15:05,279 MambaPro.train INFO: best_Rank-10:{85.2}
2025-12-12 13:15:05,279 MambaPro.train INFO: history_Experts:{[0.35 , 0.34 , 0.31] , [0.36 , 0.34 , 0.30] , [0.39 , 0.35 , 0.26]}
2025-12-12 13:15:05,279 MambaPro.train INFO: best_Experts:{[0.36 , 0.34 , 0.30]}
2025-12-12 13:15:05,279 MambaPro.train INFO: 🔥 MoE损失(Val): 平衡=0.0000, 稀疏性=0.9868, 多样性=2.5641, 总=0.0027 (权重: 平衡=0.001, 稀疏性=0.000, 多样性=0.001)
2025-12-12 13:15:05,280 MambaPro.train INFO:    📊 专家权重分布(Val): [0.39 , 0.35 , 0.26]
2025-12-12 13:15:25,505 MambaPro.train INFO: Epoch 16 done. Time per batch: 0.188[s] Speed: 170.4[samples/s]
2025-12-12 13:15:45,634 MambaPro.train INFO: Epoch 17 done. Time per batch: 0.188[s] Speed: 170.1[samples/s]
2025-12-12 13:16:05,560 MambaPro.train INFO: Epoch 18 done. Time per batch: 0.188[s] Speed: 170.2[samples/s]
2025-12-12 13:16:25,611 MambaPro.train INFO: Epoch 19 done. Time per batch: 0.187[s] Speed: 170.8[samples/s]
2025-12-12 13:16:45,745 MambaPro.train INFO: Epoch 20 done. Time per batch: 0.188[s] Speed: 170.1[samples/s]
2025-12-12 13:16:53,742 MambaPro.train INFO: Validation Results - Epoch: 20
2025-12-12 13:16:53,742 MambaPro.train INFO: Current mAP: 45.3%
2025-12-12 13:16:53,742 MambaPro.train INFO: CMC curve, Rank-1  :46.7%
2025-12-12 13:16:53,742 MambaPro.train INFO: CMC curve, Rank-5  :65.3%
2025-12-12 13:16:53,742 MambaPro.train INFO: CMC curve, Rank-10 :76.7%
2025-12-12 13:16:53,743 MambaPro.train INFO: [Epoch 20] 指标集合列表（历史）
2025-12-12 13:16:53,743 MambaPro.train INFO: history_mAP:{56.5 , 62.8 , 56.8 , 45.3}
2025-12-12 13:16:53,743 MambaPro.train INFO: best_mAP:{62.8}
2025-12-12 13:16:53,743 MambaPro.train INFO: history_Rank-1:{61.5 , 68.7 , 61.4 , 46.7}
2025-12-12 13:16:53,743 MambaPro.train INFO: best_Rank-1:{68.7}
2025-12-12 13:16:53,743 MambaPro.train INFO: history_Rank-5:{74.0 , 81.1 , 75.7 , 65.3}
2025-12-12 13:16:53,743 MambaPro.train INFO: best_Rank-5:{81.1}
2025-12-12 13:16:53,743 MambaPro.train INFO: history_Rank-10:{79.3 , 85.2 , 82.8 , 76.7}
2025-12-12 13:16:53,743 MambaPro.train INFO: best_Rank-10:{85.2}
2025-12-12 13:16:53,743 MambaPro.train INFO: history_Experts:{[0.35 , 0.34 , 0.31] , [0.36 , 0.34 , 0.30] , [0.39 , 0.35 , 0.26] , [0.55 , 0.28 , 0.17]}
2025-12-12 13:16:53,743 MambaPro.train INFO: best_Experts:{[0.36 , 0.34 , 0.30]}
2025-12-12 13:16:53,743 MambaPro.train INFO: 🔥 MoE损失(Val): 平衡=0.0543, 稀疏性=0.8839, 多样性=1.9129, 总=0.0021 (权重: 平衡=0.001, 稀疏性=0.000, 多样性=0.001)
2025-12-12 13:16:53,743 MambaPro.train INFO:    📊 专家权重分布(Val): [0.55 , 0.28 , 0.17]
2025-12-12 13:17:13,800 MambaPro.train INFO: Epoch 21 done. Time per batch: 0.188[s] Speed: 170.3[samples/s]
2025-12-12 13:17:33,941 MambaPro.train INFO: Epoch 22 done. Time per batch: 0.188[s] Speed: 170.0[samples/s]
2025-12-12 13:17:53,991 MambaPro.train INFO: Epoch 23 done. Time per batch: 0.187[s] Speed: 170.8[samples/s]
2025-12-12 13:18:14,110 MambaPro.train INFO: Epoch 24 done. Time per batch: 0.188[s] Speed: 170.2[samples/s]
2025-12-12 13:18:34,041 MambaPro.train INFO: Epoch 25 done. Time per batch: 0.188[s] Speed: 170.2[samples/s]
2025-12-12 13:18:41,576 MambaPro.train INFO: Validation Results - Epoch: 25
2025-12-12 13:18:41,576 MambaPro.train INFO: Current mAP: 71.0%
2025-12-12 13:18:41,576 MambaPro.train INFO: CMC curve, Rank-1  :74.9%
2025-12-12 13:18:41,576 MambaPro.train INFO: CMC curve, Rank-5  :82.4%
2025-12-12 13:18:41,576 MambaPro.train INFO: CMC curve, Rank-10 :86.0%
2025-12-12 13:18:41,577 MambaPro.train INFO: 🎯 New Best! Saving model...
2025-12-12 13:18:42,236 MambaPro.train INFO: [Epoch 25] 指标集合列表（历史）
2025-12-12 13:18:42,236 MambaPro.train INFO: history_mAP:{56.5 , 62.8 , 56.8 , 45.3 , 71.0}
2025-12-12 13:18:42,236 MambaPro.train INFO: best_mAP:{71.0}
2025-12-12 13:18:42,236 MambaPro.train INFO: history_Rank-1:{61.5 , 68.7 , 61.4 , 46.7 , 74.9}
2025-12-12 13:18:42,236 MambaPro.train INFO: best_Rank-1:{74.9}
2025-12-12 13:18:42,236 MambaPro.train INFO: history_Rank-5:{74.0 , 81.1 , 75.7 , 65.3 , 82.4}
2025-12-12 13:18:42,236 MambaPro.train INFO: best_Rank-5:{82.4}
2025-12-12 13:18:42,236 MambaPro.train INFO: history_Rank-10:{79.3 , 85.2 , 82.8 , 76.7 , 86.0}
2025-12-12 13:18:42,236 MambaPro.train INFO: best_Rank-10:{86.0}
2025-12-12 13:18:42,236 MambaPro.train INFO: history_Experts:{[0.35 , 0.34 , 0.31] , [0.36 , 0.34 , 0.30] , [0.39 , 0.35 , 0.26] , [0.55 , 0.28 , 0.17] , [0.78 , 0.13 , 0.09]}
2025-12-12 13:18:42,236 MambaPro.train INFO: best_Experts:{[0.78 , 0.13 , 0.09]}
2025-12-12 13:18:42,236 MambaPro.train INFO: 🔥 MoE损失(Val): 平衡=0.4464, 稀疏性=0.5555, 多样性=0.7843, 总=0.0013 (权重: 平衡=0.001, 稀疏性=0.000, 多样性=0.001)
2025-12-12 13:18:42,236 MambaPro.train INFO:    📊 专家权重分布(Val): [0.78 , 0.13 , 0.09]
2025-12-12 13:19:02,449 MambaPro.train INFO: Epoch 26 done. Time per batch: 0.188[s] Speed: 170.6[samples/s]
2025-12-12 13:19:22,539 MambaPro.train INFO: Epoch 27 done. Time per batch: 0.188[s] Speed: 170.4[samples/s]
2025-12-12 13:19:42,599 MambaPro.train INFO: Epoch 28 done. Time per batch: 0.187[s] Speed: 170.7[samples/s]
2025-12-12 13:20:02,723 MambaPro.train INFO: Epoch 29 done. Time per batch: 0.188[s] Speed: 170.1[samples/s]
2025-12-12 13:20:22,824 MambaPro.train INFO: Epoch 30 done. Time per batch: 0.188[s] Speed: 170.3[samples/s]
2025-12-12 13:20:30,808 MambaPro.train INFO: Validation Results - Epoch: 30
2025-12-12 13:20:30,808 MambaPro.train INFO: Current mAP: 77.4%
2025-12-12 13:20:30,808 MambaPro.train INFO: CMC curve, Rank-1  :81.3%
2025-12-12 13:20:30,808 MambaPro.train INFO: CMC curve, Rank-5  :88.9%
2025-12-12 13:20:30,808 MambaPro.train INFO: CMC curve, Rank-10 :92.7%
2025-12-12 13:20:30,809 MambaPro.train INFO: 🎯 New Best! Saving model...
2025-12-12 13:20:31,599 MambaPro.train INFO: [Epoch 30] 指标集合列表（历史）
2025-12-12 13:20:31,599 MambaPro.train INFO: history_mAP:{56.5 , 62.8 , 56.8 , 45.3 , 71.0 , 77.4}
2025-12-12 13:20:31,599 MambaPro.train INFO: best_mAP:{77.4}
2025-12-12 13:20:31,599 MambaPro.train INFO: history_Rank-1:{61.5 , 68.7 , 61.4 , 46.7 , 74.9 , 81.3}
2025-12-12 13:20:31,600 MambaPro.train INFO: best_Rank-1:{81.3}
2025-12-12 13:20:31,600 MambaPro.train INFO: history_Rank-5:{74.0 , 81.1 , 75.7 , 65.3 , 82.4 , 88.9}
2025-12-12 13:20:31,600 MambaPro.train INFO: best_Rank-5:{88.9}
2025-12-12 13:20:31,600 MambaPro.train INFO: history_Rank-10:{79.3 , 85.2 , 82.8 , 76.7 , 86.0 , 92.7}
2025-12-12 13:20:31,600 MambaPro.train INFO: best_Rank-10:{92.7}
2025-12-12 13:20:31,600 MambaPro.train INFO: history_Experts:{[0.35 , 0.34 , 0.31] , [0.36 , 0.34 , 0.30] , [0.39 , 0.35 , 0.26] , [0.55 , 0.28 , 0.17] , [0.78 , 0.13 , 0.09] , [0.86 , 0.08 , 0.06]}
2025-12-12 13:20:31,600 MambaPro.train INFO: best_Experts:{[0.86 , 0.08 , 0.06]}
2025-12-12 13:20:31,600 MambaPro.train INFO: 🔥 MoE损失(Val): 平衡=0.7037, 稀疏性=0.3777, 多样性=0.4487, 总=0.0012 (权重: 平衡=0.001, 稀疏性=0.000, 多样性=0.001)
2025-12-12 13:20:31,600 MambaPro.train INFO:    📊 专家权重分布(Val): [0.86 , 0.08 , 0.06]
2025-12-12 13:20:51,886 MambaPro.train INFO: Epoch 31 done. Time per batch: 0.188[s] Speed: 169.9[samples/s]
2025-12-12 13:21:11,921 MambaPro.train INFO: Epoch 32 done. Time per batch: 0.189[s] Speed: 169.3[samples/s]
2025-12-12 13:21:32,082 MambaPro.train INFO: Epoch 33 done. Time per batch: 0.188[s] Speed: 169.8[samples/s]
2025-12-12 13:21:52,005 MambaPro.train INFO: Epoch 34 done. Time per batch: 0.188[s] Speed: 170.3[samples/s]
2025-12-12 13:22:12,101 MambaPro.train INFO: Epoch 35 done. Time per batch: 0.188[s] Speed: 170.4[samples/s]
2025-12-12 13:22:19,677 MambaPro.train INFO: Validation Results - Epoch: 35
2025-12-12 13:22:19,677 MambaPro.train INFO: Current mAP: 75.3%
2025-12-12 13:22:19,677 MambaPro.train INFO: CMC curve, Rank-1  :77.3%
2025-12-12 13:22:19,677 MambaPro.train INFO: CMC curve, Rank-5  :86.1%
2025-12-12 13:22:19,677 MambaPro.train INFO: CMC curve, Rank-10 :90.7%
2025-12-12 13:22:19,678 MambaPro.train INFO: [Epoch 35] 指标集合列表（历史）
2025-12-12 13:22:19,678 MambaPro.train INFO: history_mAP:{56.5 , 62.8 , 56.8 , 45.3 , 71.0 , 77.4 , 75.3}
2025-12-12 13:22:19,678 MambaPro.train INFO: best_mAP:{77.4}
2025-12-12 13:22:19,678 MambaPro.train INFO: history_Rank-1:{61.5 , 68.7 , 61.4 , 46.7 , 74.9 , 81.3 , 77.3}
2025-12-12 13:22:19,678 MambaPro.train INFO: best_Rank-1:{81.3}
2025-12-12 13:22:19,678 MambaPro.train INFO: history_Rank-5:{74.0 , 81.1 , 75.7 , 65.3 , 82.4 , 88.9 , 86.1}
2025-12-12 13:22:19,678 MambaPro.train INFO: best_Rank-5:{88.9}
2025-12-12 13:22:19,678 MambaPro.train INFO: history_Rank-10:{79.3 , 85.2 , 82.8 , 76.7 , 86.0 , 92.7 , 90.7}
2025-12-12 13:22:19,678 MambaPro.train INFO: best_Rank-10:{92.7}
2025-12-12 13:22:19,678 MambaPro.train INFO: history_Experts:{[0.35 , 0.34 , 0.31] , [0.36 , 0.34 , 0.30] , [0.39 , 0.35 , 0.26] , [0.55 , 0.28 , 0.17] , [0.78 , 0.13 , 0.09] , [0.86 , 0.08 , 0.06] , [0.90 , 0.06 , 0.04]}
2025-12-12 13:22:19,678 MambaPro.train INFO: best_Experts:{[0.86 , 0.08 , 0.06]}
2025-12-12 13:22:19,678 MambaPro.train INFO: 🔥 MoE损失(Val): 平衡=0.8415, 稀疏性=0.2864, 多样性=0.3147, 总=0.0012 (权重: 平衡=0.001, 稀疏性=0.000, 多样性=0.001)
2025-12-12 13:22:19,678 MambaPro.train INFO:    📊 专家权重分布(Val): [0.90 , 0.06 , 0.04]
2025-12-12 13:22:40,036 MambaPro.train INFO: Epoch 36 done. Time per batch: 0.189[s] Speed: 169.3[samples/s]
2025-12-12 13:23:00,156 MambaPro.train INFO: Epoch 37 done. Time per batch: 0.188[s] Speed: 170.2[samples/s]
2025-12-12 13:23:20,281 MambaPro.train INFO: Epoch 38 done. Time per batch: 0.190[s] Speed: 168.6[samples/s]
2025-12-12 13:23:40,455 MambaPro.train INFO: Epoch 39 done. Time per batch: 0.189[s] Speed: 169.7[samples/s]
2025-12-12 13:24:00,489 MambaPro.train INFO: Epoch 40 done. Time per batch: 0.189[s] Speed: 169.3[samples/s]
2025-12-12 13:24:08,568 MambaPro.train INFO: Validation Results - Epoch: 40
2025-12-12 13:24:08,568 MambaPro.train INFO: Current mAP: 77.5%
2025-12-12 13:24:08,568 MambaPro.train INFO: CMC curve, Rank-1  :80.7%
2025-12-12 13:24:08,568 MambaPro.train INFO: CMC curve, Rank-5  :87.8%
2025-12-12 13:24:08,568 MambaPro.train INFO: CMC curve, Rank-10 :92.8%
2025-12-12 13:24:08,569 MambaPro.train INFO: 🎯 New Best! Saving model...
2025-12-12 13:24:09,363 MambaPro.train INFO: [Epoch 40] 指标集合列表（历史）
2025-12-12 13:24:09,364 MambaPro.train INFO: history_mAP:{56.5 , 62.8 , 56.8 , 45.3 , 71.0 , 77.4 , 75.3 , 77.5}
2025-12-12 13:24:09,364 MambaPro.train INFO: best_mAP:{77.5}
2025-12-12 13:24:09,364 MambaPro.train INFO: history_Rank-1:{61.5 , 68.7 , 61.4 , 46.7 , 74.9 , 81.3 , 77.3 , 80.7}
2025-12-12 13:24:09,364 MambaPro.train INFO: best_Rank-1:{81.3}
2025-12-12 13:24:09,364 MambaPro.train INFO: history_Rank-5:{74.0 , 81.1 , 75.7 , 65.3 , 82.4 , 88.9 , 86.1 , 87.8}
2025-12-12 13:24:09,364 MambaPro.train INFO: best_Rank-5:{88.9}
2025-12-12 13:24:09,364 MambaPro.train INFO: history_Rank-10:{79.3 , 85.2 , 82.8 , 76.7 , 86.0 , 92.7 , 90.7 , 92.8}
2025-12-12 13:24:09,364 MambaPro.train INFO: best_Rank-10:{92.8}
2025-12-12 13:24:09,364 MambaPro.train INFO: history_Experts:{[0.35 , 0.34 , 0.31] , [0.36 , 0.34 , 0.30] , [0.39 , 0.35 , 0.26] , [0.55 , 0.28 , 0.17] , [0.78 , 0.13 , 0.09] , [0.86 , 0.08 , 0.06] , [0.90 , 0.06 , 0.04] , [0.92 , 0.05 , 0.04]}
2025-12-12 13:24:09,364 MambaPro.train INFO: best_Experts:{[0.92 , 0.05 , 0.04]}
2025-12-12 13:24:09,364 MambaPro.train INFO: 🔥 MoE损失(Val): 平衡=0.9211, 稀疏性=0.2345, 多样性=0.2471, 总=0.0012 (权重: 平衡=0.001, 稀疏性=0.000, 多样性=0.001)
2025-12-12 13:24:09,364 MambaPro.train INFO:    📊 专家权重分布(Val): [0.92 , 0.05 , 0.04]
2025-12-12 13:24:29,676 MambaPro.train INFO: Epoch 41 done. Time per batch: 0.189[s] Speed: 169.7[samples/s]
2025-12-12 13:24:49,915 MambaPro.train INFO: Epoch 42 done. Time per batch: 0.189[s] Speed: 169.2[samples/s]
2025-12-12 13:25:10,043 MambaPro.train INFO: Epoch 43 done. Time per batch: 0.188[s] Speed: 170.1[samples/s]
2025-12-12 13:25:30,142 MambaPro.train INFO: Epoch 44 done. Time per batch: 0.188[s] Speed: 170.4[samples/s]
2025-12-12 13:25:50,266 MambaPro.train INFO: Epoch 45 done. Time per batch: 0.188[s] Speed: 170.1[samples/s]
2025-12-12 13:25:57,826 MambaPro.train INFO: Validation Results - Epoch: 45
2025-12-12 13:25:57,826 MambaPro.train INFO: Current mAP: 77.7%
2025-12-12 13:25:57,826 MambaPro.train INFO: CMC curve, Rank-1  :80.5%
2025-12-12 13:25:57,826 MambaPro.train INFO: CMC curve, Rank-5  :89.5%
2025-12-12 13:25:57,826 MambaPro.train INFO: CMC curve, Rank-10 :93.2%
2025-12-12 13:25:57,827 MambaPro.train INFO: 🎯 New Best! Saving model...
2025-12-12 13:25:58,611 MambaPro.train INFO: [Epoch 45] 指标集合列表（历史）
2025-12-12 13:25:58,612 MambaPro.train INFO: history_mAP:{56.5 , 62.8 , 56.8 , 45.3 , 71.0 , 77.4 , 75.3 , 77.5 , 77.7}
2025-12-12 13:25:58,612 MambaPro.train INFO: best_mAP:{77.7}
2025-12-12 13:25:58,612 MambaPro.train INFO: history_Rank-1:{61.5 , 68.7 , 61.4 , 46.7 , 74.9 , 81.3 , 77.3 , 80.7 , 80.5}
2025-12-12 13:25:58,612 MambaPro.train INFO: best_Rank-1:{81.3}
2025-12-12 13:25:58,613 MambaPro.train INFO: history_Rank-5:{74.0 , 81.1 , 75.7 , 65.3 , 82.4 , 88.9 , 86.1 , 87.8 , 89.5}
2025-12-12 13:25:58,613 MambaPro.train INFO: best_Rank-5:{89.5}
2025-12-12 13:25:58,613 MambaPro.train INFO: history_Rank-10:{79.3 , 85.2 , 82.8 , 76.7 , 86.0 , 92.7 , 90.7 , 92.8 , 93.2}
2025-12-12 13:25:58,613 MambaPro.train INFO: best_Rank-10:{93.2}
2025-12-12 13:25:58,613 MambaPro.train INFO: history_Experts:{[0.35 , 0.34 , 0.31] , [0.36 , 0.34 , 0.30] , [0.39 , 0.35 , 0.26] , [0.55 , 0.28 , 0.17] , [0.78 , 0.13 , 0.09] , [0.86 , 0.08 , 0.06] , [0.90 , 0.06 , 0.04] , [0.92 , 0.05 , 0.04] , [0.93 , 0.04 , 0.03]}
2025-12-12 13:25:58,614 MambaPro.train INFO: best_Experts:{[0.93 , 0.04 , 0.03]}
2025-12-12 13:25:58,614 MambaPro.train INFO: 🔥 MoE损失(Val): 平衡=0.9717, 稀疏性=0.2018, 多样性=0.2072, 总=0.0012 (权重: 平衡=0.001, 稀疏性=0.000, 多样性=0.001)
2025-12-12 13:25:58,614 MambaPro.train INFO:    📊 专家权重分布(Val): [0.93 , 0.04 , 0.03]
2025-12-12 13:26:18,935 MambaPro.train INFO: Epoch 46 done. Time per batch: 0.189[s] Speed: 169.7[samples/s]
2025-12-12 13:26:39,180 MambaPro.train INFO: Epoch 47 done. Time per batch: 0.189[s] Speed: 169.1[samples/s]
2025-12-12 13:26:59,189 MambaPro.train INFO: Epoch 48 done. Time per batch: 0.189[s] Speed: 169.5[samples/s]
2025-12-12 13:27:19,382 MambaPro.train INFO: Epoch 49 done. Time per batch: 0.189[s] Speed: 169.6[samples/s]
2025-12-12 13:27:39,545 MambaPro.train INFO: Epoch 50 done. Time per batch: 0.188[s] Speed: 169.8[samples/s]
2025-12-12 13:27:47,519 MambaPro.train INFO: Validation Results - Epoch: 50
2025-12-12 13:27:47,519 MambaPro.train INFO: Current mAP: 77.2%
2025-12-12 13:27:47,519 MambaPro.train INFO: CMC curve, Rank-1  :80.9%
2025-12-12 13:27:47,519 MambaPro.train INFO: CMC curve, Rank-5  :89.1%
2025-12-12 13:27:47,519 MambaPro.train INFO: CMC curve, Rank-10 :93.2%
2025-12-12 13:27:47,520 MambaPro.train INFO: [Epoch 50] 指标集合列表（历史）
2025-12-12 13:27:47,520 MambaPro.train INFO: history_mAP:{56.5 , 62.8 , 56.8 , 45.3 , 71.0 , 77.4 , 75.3 , 77.5 , 77.7 , 77.2}
2025-12-12 13:27:47,520 MambaPro.train INFO: best_mAP:{77.7}
2025-12-12 13:27:47,520 MambaPro.train INFO: history_Rank-1:{61.5 , 68.7 , 61.4 , 46.7 , 74.9 , 81.3 , 77.3 , 80.7 , 80.5 , 80.9}
2025-12-12 13:27:47,520 MambaPro.train INFO: best_Rank-1:{81.3}
2025-12-12 13:27:47,520 MambaPro.train INFO: history_Rank-5:{74.0 , 81.1 , 75.7 , 65.3 , 82.4 , 88.9 , 86.1 , 87.8 , 89.5 , 89.1}
2025-12-12 13:27:47,520 MambaPro.train INFO: best_Rank-5:{89.5}
2025-12-12 13:27:47,520 MambaPro.train INFO: history_Rank-10:{79.3 , 85.2 , 82.8 , 76.7 , 86.0 , 92.7 , 90.7 , 92.8 , 93.2}
2025-12-12 13:27:47,520 MambaPro.train INFO: best_Rank-10:{93.2}
2025-12-12 13:27:47,520 MambaPro.train INFO: history_Experts:{[0.35 , 0.34 , 0.31] , [0.36 , 0.34 , 0.30] , [0.39 , 0.35 , 0.26] , [0.55 , 0.28 , 0.17] , [0.78 , 0.13 , 0.09] , [0.86 , 0.08 , 0.06] , [0.90 , 0.06 , 0.04] , [0.92 , 0.05 , 0.04] , [0.93 , 0.04 , 0.03] , [0.94 , 0.04 , 0.03]}
2025-12-12 13:27:47,520 MambaPro.train INFO: best_Experts:{[0.93 , 0.04 , 0.03]}
2025-12-12 13:27:47,520 MambaPro.train INFO: 🔥 MoE损失(Val): 平衡=1.0063, 稀疏性=0.1795, 多样性=0.1813, 总=0.0012 (权重: 平衡=0.001, 稀疏性=0.000, 多样性=0.001)
2025-12-12 13:27:47,520 MambaPro.train INFO:    📊 专家权重分布(Val): [0.94 , 0.04 , 0.03]
2025-12-12 13:28:07,695 MambaPro.train INFO: Epoch 51 done. Time per batch: 0.189[s] Speed: 169.3[samples/s]
2025-12-12 13:28:27,704 MambaPro.train INFO: Epoch 52 done. Time per batch: 0.189[s] Speed: 169.5[samples/s]
2025-12-12 13:28:47,862 MambaPro.train INFO: Epoch 53 done. Time per batch: 0.188[s] Speed: 169.9[samples/s]
2025-12-12 13:29:08,022 MambaPro.train INFO: Epoch 54 done. Time per batch: 0.188[s] Speed: 169.8[samples/s]
2025-12-12 13:29:28,242 MambaPro.train INFO: Epoch 55 done. Time per batch: 0.189[s] Speed: 169.3[samples/s]
2025-12-12 13:29:35,837 MambaPro.train INFO: Validation Results - Epoch: 55
2025-12-12 13:29:35,837 MambaPro.train INFO: Current mAP: 78.3%
2025-12-12 13:29:35,837 MambaPro.train INFO: CMC curve, Rank-1  :82.2%
2025-12-12 13:29:35,837 MambaPro.train INFO: CMC curve, Rank-5  :89.4%
2025-12-12 13:29:35,837 MambaPro.train INFO: CMC curve, Rank-10 :92.6%
2025-12-12 13:29:35,838 MambaPro.train INFO: 🎯 New Best! Saving model...
2025-12-12 13:29:36,638 MambaPro.train INFO: [Epoch 55] 指标集合列表（历史）
2025-12-12 13:29:36,638 MambaPro.train INFO: history_mAP:{56.5 , 62.8 , 56.8 , 45.3 , 71.0 , 77.4 , 75.3 , 77.5 , 77.7 , 77.2 , 78.3}
2025-12-12 13:29:36,639 MambaPro.train INFO: best_mAP:{78.3}
2025-12-12 13:29:36,639 MambaPro.train INFO: history_Rank-1:{61.5 , 68.7 , 61.4 , 46.7 , 74.9 , 81.3 , 77.3 , 80.7 , 80.5 , 80.9 , 82.2}
2025-12-12 13:29:36,639 MambaPro.train INFO: best_Rank-1:{82.2}
2025-12-12 13:29:36,639 MambaPro.train INFO: history_Rank-5:{74.0 , 81.1 , 75.7 , 65.3 , 82.4 , 88.9 , 86.1 , 87.8 , 89.5 , 89.1 , 89.4}
2025-12-12 13:29:36,639 MambaPro.train INFO: best_Rank-5:{89.5}
2025-12-12 13:29:36,639 MambaPro.train INFO: history_Rank-10:{79.3 , 85.2 , 82.8 , 76.7 , 86.0 , 92.7 , 90.7 , 92.8 , 93.2 , 92.6}
2025-12-12 13:29:36,639 MambaPro.train INFO: best_Rank-10:{93.2}
2025-12-12 13:29:36,639 MambaPro.train INFO: history_Experts:{[0.35 , 0.34 , 0.31] , [0.36 , 0.34 , 0.30] , [0.39 , 0.35 , 0.26] , [0.55 , 0.28 , 0.17] , [0.78 , 0.13 , 0.09] , [0.86 , 0.08 , 0.06] , [0.90 , 0.06 , 0.04] , [0.92 , 0.05 , 0.04] , [0.93 , 0.04 , 0.03] , [0.94 , 0.04 , 0.03] , [0.94 , 0.03 , 0.03]}
2025-12-12 13:29:36,639 MambaPro.train INFO: best_Experts:{[0.94 , 0.03 , 0.03]}
2025-12-12 13:29:36,639 MambaPro.train INFO: 🔥 MoE损失(Val): 平衡=1.0316, 稀疏性=0.1633, 多样性=0.1629, 总=0.0012 (权重: 平衡=0.001, 稀疏性=0.000, 多样性=0.001)
2025-12-12 13:29:36,639 MambaPro.train INFO:    📊 专家权重分布(Val): [0.94 , 0.03 , 0.03]
2025-12-12 13:29:56,820 MambaPro.train INFO: Epoch 56 done. Time per batch: 0.189[s] Speed: 169.3[samples/s]
2025-12-12 13:30:17,081 MambaPro.train INFO: Epoch 57 done. Time per batch: 0.189[s] Speed: 169.0[samples/s]
2025-12-12 13:30:37,295 MambaPro.train INFO: Epoch 58 done. Time per batch: 0.189[s] Speed: 169.4[samples/s]
2025-12-12 13:30:57,331 MambaPro.train INFO: Epoch 59 done. Time per batch: 0.189[s] Speed: 169.3[samples/s]
2025-12-12 13:31:17,492 MambaPro.train INFO: Epoch 60 done. Time per batch: 0.188[s] Speed: 169.8[samples/s]
2025-12-12 13:31:25,495 MambaPro.train INFO: Validation Results - Epoch: 60
2025-12-12 13:31:25,495 MambaPro.train INFO: Current mAP: 78.2%
2025-12-12 13:31:25,495 MambaPro.train INFO: CMC curve, Rank-1  :82.1%
2025-12-12 13:31:25,495 MambaPro.train INFO: CMC curve, Rank-5  :89.5%
2025-12-12 13:31:25,495 MambaPro.train INFO: CMC curve, Rank-10 :93.1%
2025-12-12 13:31:25,496 MambaPro.train INFO: [Epoch 60] 指标集合列表（历史）
2025-12-12 13:31:25,496 MambaPro.train INFO: history_mAP:{56.5 , 62.8 , 56.8 , 45.3 , 71.0 , 77.4 , 75.3 , 77.5 , 77.7 , 77.2 , 78.3 , 78.2}
2025-12-12 13:31:25,496 MambaPro.train INFO: best_mAP:{78.3}
2025-12-12 13:31:25,496 MambaPro.train INFO: history_Rank-1:{61.5 , 68.7 , 61.4 , 46.7 , 74.9 , 81.3 , 77.3 , 80.7 , 80.5 , 80.9 , 82.2 , 82.1}
2025-12-12 13:31:25,496 MambaPro.train INFO: best_Rank-1:{82.2}
2025-12-12 13:31:25,496 MambaPro.train INFO: history_Rank-5:{74.0 , 81.1 , 75.7 , 65.3 , 82.4 , 88.9 , 86.1 , 87.8 , 89.5 , 89.1 , 89.4}
2025-12-12 13:31:25,496 MambaPro.train INFO: best_Rank-5:{89.5}
2025-12-12 13:31:25,496 MambaPro.train INFO: history_Rank-10:{79.3 , 85.2 , 82.8 , 76.7 , 86.0 , 92.7 , 90.7 , 92.8 , 93.2 , 92.6 , 93.1}
2025-12-12 13:31:25,496 MambaPro.train INFO: best_Rank-10:{93.2}
2025-12-12 13:31:25,496 MambaPro.train INFO: history_Experts:{[0.35 , 0.34 , 0.31] , [0.36 , 0.34 , 0.30] , [0.39 , 0.35 , 0.26] , [0.55 , 0.28 , 0.17] , [0.78 , 0.13 , 0.09] , [0.86 , 0.08 , 0.06] , [0.90 , 0.06 , 0.04] , [0.92 , 0.05 , 0.04] , [0.93 , 0.04 , 0.03] , [0.94 , 0.04 , 0.03] , [0.94 , 0.03 , 0.03] , [0.95 , 0.03 , 0.02]}
2025-12-12 13:31:25,496 MambaPro.train INFO: best_Experts:{[0.94 , 0.03 , 0.03]}
2025-12-12 13:31:25,496 MambaPro.train INFO: 🔥 MoE损失(Val): 平衡=1.0509, 稀疏性=0.1510, 多样性=0.1493, 总=0.0012 (权重: 平衡=0.001, 稀疏性=0.000, 多样性=0.001)
2025-12-12 13:31:25,496 MambaPro.train INFO:    📊 专家权重分布(Val): [0.95 , 0.03 , 0.02]
2025-12-12 13:31:25,632 MambaPro.train INFO: ============================================================
