2025-12-22 18:14:22,110 MambaPro INFO: ================================================================================
2025-12-22 18:14:22,110 MambaPro INFO: 🧾 实验参数快照（命令行 + 最终配置）
2025-12-22 18:14:22,110 MambaPro INFO: ================================================================================
2025-12-22 18:14:22,110 MambaPro INFO: 【复现实验命令】
2025-12-22 18:14:22,110 MambaPro INFO: /home/zhanghaoyang/.conda/envs/MambaPro/bin/python train_net.py --config_file configs/RGBNT100/jzb_baseline_optimize.yml
2025-12-22 18:14:22,110 MambaPro INFO: 【命令行参数（args）】
2025-12-22 18:14:22,110 MambaPro INFO: {
2025-12-22 18:14:22,110 MambaPro INFO:   "config_file": "configs/RGBNT100/jzb_baseline_optimize.yml",
2025-12-22 18:14:22,110 MambaPro INFO:   "fea_cft": 0,
2025-12-22 18:14:22,110 MambaPro INFO:   "local_rank": 0,
2025-12-22 18:14:22,110 MambaPro INFO:   "use_multi_scale": false,
2025-12-22 18:14:22,110 MambaPro INFO:   "no_multi_scale": false,
2025-12-22 18:14:22,110 MambaPro INFO:   "use_moe": false,
2025-12-22 18:14:22,110 MambaPro INFO:   "disable_moe": false,
2025-12-22 18:14:22,110 MambaPro INFO:   "no_moe": false,
2025-12-22 18:14:22,110 MambaPro INFO:   "use_attention": false,
2025-12-22 18:14:22,110 MambaPro INFO:   "disable_attention": false,
2025-12-22 18:14:22,110 MambaPro INFO:   "attention_heads": 8,
2025-12-22 18:14:22,110 MambaPro INFO:   "attention_dropout": 0.1,
2025-12-22 18:14:22,110 MambaPro INFO:   "resume": "",
2025-12-22 18:14:22,110 MambaPro INFO:   "opts": []
2025-12-22 18:14:22,110 MambaPro INFO: }
2025-12-22 18:14:22,110 MambaPro INFO: 【工作目录】/home/zhanghaoyang/Desktop/yzy/AboutReid
2025-12-22 18:14:22,111 MambaPro INFO: 【最终配置（YAML）】
2025-12-22 18:14:22,113 MambaPro INFO: DATALOADER:
2025-12-22 18:14:22,113 MambaPro INFO:   NUM_INSTANCE: 16
2025-12-22 18:14:22,113 MambaPro INFO:   NUM_WORKERS: 14
2025-12-22 18:14:22,113 MambaPro INFO:   SAMPLER: softmax_triplet
2025-12-22 18:14:22,113 MambaPro INFO: DATASETS:
2025-12-22 18:14:22,113 MambaPro INFO:   NAMES: RGBNT100
2025-12-22 18:14:22,113 MambaPro INFO:   ROOT_DIR: /home/zhanghaoyang/Desktop/yzy/MambaPro/data/datasets
2025-12-22 18:14:22,113 MambaPro INFO: INPUT:
2025-12-22 18:14:22,113 MambaPro INFO:   PADDING: 10
2025-12-22 18:14:22,113 MambaPro INFO:   PIXEL_MEAN:
2025-12-22 18:14:22,113 MambaPro INFO:   - 0.5
2025-12-22 18:14:22,113 MambaPro INFO:   - 0.5
2025-12-22 18:14:22,113 MambaPro INFO:   - 0.5
2025-12-22 18:14:22,113 MambaPro INFO:   PIXEL_STD:
2025-12-22 18:14:22,113 MambaPro INFO:   - 0.5
2025-12-22 18:14:22,113 MambaPro INFO:   - 0.5
2025-12-22 18:14:22,113 MambaPro INFO:   - 0.5
2025-12-22 18:14:22,113 MambaPro INFO:   PROB: 0.5
2025-12-22 18:14:22,113 MambaPro INFO:   RE_PROB: 0.5
2025-12-22 18:14:22,113 MambaPro INFO:   SIZE_TEST:
2025-12-22 18:14:22,113 MambaPro INFO:   - 128
2025-12-22 18:14:22,113 MambaPro INFO:   - 256
2025-12-22 18:14:22,113 MambaPro INFO:   SIZE_TRAIN:
2025-12-22 18:14:22,113 MambaPro INFO:   - 128
2025-12-22 18:14:22,113 MambaPro INFO:   - 256
2025-12-22 18:14:22,113 MambaPro INFO: MODEL:
2025-12-22 18:14:22,113 MambaPro INFO:   ADAPTER: true
2025-12-22 18:14:22,113 MambaPro INFO:   ATTENTION_DIM: 512
2025-12-22 18:14:22,113 MambaPro INFO:   ATTENTION_DROPOUT: 0.1
2025-12-22 18:14:22,113 MambaPro INFO:   ATTENTION_NUM_HEADS: 8
2025-12-22 18:14:22,113 MambaPro INFO:   ATT_DROP_RATE: 0.0
2025-12-22 18:14:22,113 MambaPro INFO:   CLIP_MULTI_SCALE_SCALES:
2025-12-22 18:14:22,113 MambaPro INFO:   - 4
2025-12-22 18:14:22,113 MambaPro INFO:   - 8
2025-12-22 18:14:22,113 MambaPro INFO:   - 16
2025-12-22 18:14:22,113 MambaPro INFO:   DEVICE: cuda
2025-12-22 18:14:22,113 MambaPro INFO:   DEVICE_ID: '0'
2025-12-22 18:14:22,113 MambaPro INFO:   DIRECT: 0
2025-12-22 18:14:22,113 MambaPro INFO:   DIST_TRAIN: false
2025-12-22 18:14:22,114 MambaPro INFO:   DROP_OUT: 0.0
2025-12-22 18:14:22,114 MambaPro INFO:   DROP_PATH: 0.1
2025-12-22 18:14:22,114 MambaPro INFO:   FLOPS_TEST: false
2025-12-22 18:14:22,114 MambaPro INFO:   FROZEN: true
2025-12-22 18:14:22,114 MambaPro INFO:   GATE_DROPOUT: 0.1
2025-12-22 18:14:22,114 MambaPro INFO:   ID_LOSS_TYPE: softmax
2025-12-22 18:14:22,114 MambaPro INFO:   ID_LOSS_WEIGHT: 0.25
2025-12-22 18:14:22,114 MambaPro INFO:   IF_LABELSMOOTH: 'on'
2025-12-22 18:14:22,114 MambaPro INFO:   IF_WITH_CENTER: 'no'
2025-12-22 18:14:22,114 MambaPro INFO:   LAYER: -1
2025-12-22 18:14:22,114 MambaPro INFO:   MAMBA: true
2025-12-22 18:14:22,114 MambaPro INFO:   MAMBA_BI: false
2025-12-22 18:14:22,114 MambaPro INFO:   METRIC_LOSS_TYPE: triplet
2025-12-22 18:14:22,114 MambaPro INFO:   MOE_BALANCE_LOSS_WEIGHT: 0.01
2025-12-22 18:14:22,114 MambaPro INFO:   MOE_DIVERSITY_LOSS_WEIGHT: 0.01
2025-12-22 18:14:22,114 MambaPro INFO:   MOE_EXPERT_DROPOUT: 0.1
2025-12-22 18:14:22,114 MambaPro INFO:   MOE_EXPERT_HIDDEN_DIM: 1024
2025-12-22 18:14:22,114 MambaPro INFO:   MOE_EXPERT_LAYERS: 2
2025-12-22 18:14:22,114 MambaPro INFO:   MOE_EXPERT_THRESHOLD: 0.1
2025-12-22 18:14:22,114 MambaPro INFO:   MOE_FIXED_WEIGHTS:
2025-12-22 18:14:22,114 MambaPro INFO:   - 0.33
2025-12-22 18:14:22,114 MambaPro INFO:   - 0.33
2025-12-22 18:14:22,114 MambaPro INFO:   - 0.34
2025-12-22 18:14:22,114 MambaPro INFO:   MOE_GATE_DROPOUT: 0.1
2025-12-22 18:14:22,114 MambaPro INFO:   MOE_GATE_LAYERS: 2
2025-12-22 18:14:22,114 MambaPro INFO:   MOE_INIT_WEIGHTS: null
2025-12-22 18:14:22,114 MambaPro INFO:   MOE_NUM_EXPERTS: 3
2025-12-22 18:14:22,114 MambaPro INFO:   MOE_RESIDUAL_WEIGHT: 1.0
2025-12-22 18:14:22,114 MambaPro INFO:   MOE_SCALES:
2025-12-22 18:14:22,114 MambaPro INFO:   - 4
2025-12-22 18:14:22,114 MambaPro INFO:   - 8
2025-12-22 18:14:22,114 MambaPro INFO:   - 16
2025-12-22 18:14:22,114 MambaPro INFO:   MOE_SPARSITY_LOSS_WEIGHT: 0.001
2025-12-22 18:14:22,114 MambaPro INFO:   MOE_TEMPERATURE: 1.0
2025-12-22 18:14:22,114 MambaPro INFO:   MOE_TOP_K: 2
2025-12-22 18:14:22,114 MambaPro INFO:   MOE_TOP_K_MODE: soft
2025-12-22 18:14:22,114 MambaPro INFO:   MOE_USE_FIXED_WEIGHTS: false
2025-12-22 18:14:22,114 MambaPro INFO:   MOE_USE_TOP_K_ROUTING: false
2025-12-22 18:14:22,114 MambaPro INFO:   MULTI_SCALE_SCALES:
2025-12-22 18:14:22,114 MambaPro INFO:   - 4
2025-12-22 18:14:22,114 MambaPro INFO:   - 8
2025-12-22 18:14:22,114 MambaPro INFO:   - 16
2025-12-22 18:14:22,114 MambaPro INFO:   NAME: MambaPro
2025-12-22 18:14:22,114 MambaPro INFO:   NECK: bnneck
2025-12-22 18:14:22,114 MambaPro INFO:   NO_MARGIN: true
2025-12-22 18:14:22,114 MambaPro INFO:   PREFIX_NUM: 1
2025-12-22 18:14:22,114 MambaPro INFO:   PRETRAIN_PATH_T: AboutReid/pths/ViT-B-16.pt
2025-12-22 18:14:22,114 MambaPro INFO:   PROMPT: true
2025-12-22 18:14:22,114 MambaPro INFO:   SIE_CAMERA: true
2025-12-22 18:14:22,114 MambaPro INFO:   SIE_COE: 1.0
2025-12-22 18:14:22,114 MambaPro INFO:   SIE_VIEW: false
2025-12-22 18:14:22,114 MambaPro INFO:   STRIDE_SIZE:
2025-12-22 18:14:22,114 MambaPro INFO:   - 16
2025-12-22 18:14:22,114 MambaPro INFO:   - 16
2025-12-22 18:14:22,114 MambaPro INFO:   TRANSFORMER_TYPE: ViT-B-16
2025-12-22 18:14:22,114 MambaPro INFO:   TRIPLET_LOSS_WEIGHT: 1.0
2025-12-22 18:14:22,114 MambaPro INFO:   USE_ATTENTION_FUSION: false
2025-12-22 18:14:22,114 MambaPro INFO:   USE_CLIP_MULTI_SCALE: false
2025-12-22 18:14:22,114 MambaPro INFO:   USE_GATE_FUSION: false
2025-12-22 18:14:22,114 MambaPro INFO:   USE_MULTI_SCALE: false
2025-12-22 18:14:22,114 MambaPro INFO:   USE_MULTI_SCALE_MOE: false
2025-12-22 18:14:22,114 MambaPro INFO: OUTPUT_DIR: /home/zhanghaoyang/Desktop/yzy/AboutReid/outputs/baseline/RGBNT100/run_20251222_181422
2025-12-22 18:14:22,114 MambaPro INFO: SOLVER:
2025-12-22 18:14:22,114 MambaPro INFO:   BASE_LR: 0.000175
2025-12-22 18:14:22,114 MambaPro INFO:   BIAS_LR_FACTOR: 2
2025-12-22 18:14:22,114 MambaPro INFO:   CENTER_LOSS_WEIGHT: 0.0005
2025-12-22 18:14:22,114 MambaPro INFO:   CENTER_LR: 0.5
2025-12-22 18:14:22,114 MambaPro INFO:   CHECKPOINT_PERIOD: 60
2025-12-22 18:14:22,114 MambaPro INFO:   CLUSTER_MARGIN: 0.3
2025-12-22 18:14:22,114 MambaPro INFO:   COSINE_MARGIN: 0.5
2025-12-22 18:14:22,114 MambaPro INFO:   COSINE_SCALE: 30
2025-12-22 18:14:22,114 MambaPro INFO:   EVAL_PERIOD: 1
2025-12-22 18:14:22,114 MambaPro INFO:   GAMMA: 0.1
2025-12-22 18:14:22,114 MambaPro INFO:   IMS_PER_BATCH: 64
2025-12-22 18:14:22,114 MambaPro INFO:   LARGE_FC_LR: false
2025-12-22 18:14:22,114 MambaPro INFO:   LOG_PERIOD: 10
2025-12-22 18:14:22,114 MambaPro INFO:   MARGIN: 0.3
2025-12-22 18:14:22,114 MambaPro INFO:   MAX_EPOCHS: 30
2025-12-22 18:14:22,114 MambaPro INFO:   MOE_BALANCE_LOSS_WEIGHT: 0.01
2025-12-22 18:14:22,114 MambaPro INFO:   MOE_BALANCE_LOSS_WEIGHT_END: 0.1
2025-12-22 18:14:22,114 MambaPro INFO:   MOE_BALANCE_LOSS_WEIGHT_START: 0.001
2025-12-22 18:14:22,114 MambaPro INFO:   MOE_BALANCE_THRESHOLD: 0.3
2025-12-22 18:14:22,114 MambaPro INFO:   MOE_DIVERSITY_LOSS_WEIGHT: 0.01
2025-12-22 18:14:22,114 MambaPro INFO:   MOE_DIVERSITY_LOSS_WEIGHT_END: 0.1
2025-12-22 18:14:22,114 MambaPro INFO:   MOE_DIVERSITY_LOSS_WEIGHT_START: 0.001
2025-12-22 18:14:22,114 MambaPro INFO:   MOE_GATE_LR_FACTOR: 0.01
2025-12-22 18:14:22,114 MambaPro INFO:   MOE_LOSS_WEIGHT_SCHEDULE_TYPE: cosine
2025-12-22 18:14:22,114 MambaPro INFO:   MOE_LOSS_WEIGHT_WARMUP_EPOCHS: 5
2025-12-22 18:14:22,114 MambaPro INFO:   MOE_SPARSITY_LOSS_WEIGHT: 0.001
2025-12-22 18:14:22,114 MambaPro INFO:   MOE_USE_DYNAMIC_LOSS_WEIGHT: false
2025-12-22 18:14:22,114 MambaPro INFO:   MOMENTUM: 0.9
2025-12-22 18:14:22,114 MambaPro INFO:   OPTIMIZER_NAME: Adam
2025-12-22 18:14:22,114 MambaPro INFO:   RANGE_ALPHA: 0
2025-12-22 18:14:22,114 MambaPro INFO:   RANGE_BETA: 1
2025-12-22 18:14:22,114 MambaPro INFO:   RANGE_K: 2
2025-12-22 18:14:22,114 MambaPro INFO:   RANGE_LOSS_WEIGHT: 1
2025-12-22 18:14:22,114 MambaPro INFO:   RANGE_MARGIN: 0.3
2025-12-22 18:14:22,114 MambaPro INFO:   SEED: 1111
2025-12-22 18:14:22,114 MambaPro INFO:   STEPS:
2025-12-22 18:14:22,114 MambaPro INFO:   - 40
2025-12-22 18:14:22,114 MambaPro INFO:   - 70
2025-12-22 18:14:22,114 MambaPro INFO:   WARMUP_FACTOR: 0.01
2025-12-22 18:14:22,114 MambaPro INFO:   WARMUP_ITERS: 5
2025-12-22 18:14:22,115 MambaPro INFO:   WARMUP_METHOD: linear
2025-12-22 18:14:22,115 MambaPro INFO:   WEIGHT_DECAY: 0.0001
2025-12-22 18:14:22,115 MambaPro INFO:   WEIGHT_DECAY_BIAS: 0.0001
2025-12-22 18:14:22,115 MambaPro INFO: TEST:
2025-12-22 18:14:22,115 MambaPro INFO:   FEAT: 0
2025-12-22 18:14:22,115 MambaPro INFO:   FEAT_NORM: 'yes'
2025-12-22 18:14:22,115 MambaPro INFO:   IMS_PER_BATCH: 64
2025-12-22 18:14:22,115 MambaPro INFO:   MISS: nothing
2025-12-22 18:14:22,115 MambaPro INFO:   NECK_FEAT: before
2025-12-22 18:14:22,115 MambaPro INFO:   RE_RANKING: 'no'
2025-12-22 18:14:22,115 MambaPro INFO:   WEIGHT: /home/zubuntu/workspace/MambaPro/MambaPro/pths/MambaProbest.pth
2025-12-22 18:14:22,115 MambaPro INFO: ================================================================================
2025-12-22 18:14:25,076 MambaPro.train INFO: start training
2025-12-22 18:15:54,851 MambaPro.train INFO: Epoch 1 done. Time per batch: 0.764[s] Speed: 83.7[samples/s]
2025-12-22 18:17:29,445 MambaPro.train INFO: Validation Results - Epoch: 1
2025-12-22 18:17:29,445 MambaPro.train INFO: Current mAP: 49.7%
2025-12-22 18:17:29,445 MambaPro.train INFO: CMC curve, Rank-1  :72.1%
2025-12-22 18:17:29,445 MambaPro.train INFO: CMC curve, Rank-5  :76.3%
2025-12-22 18:17:29,445 MambaPro.train INFO: CMC curve, Rank-10 :78.8%
2025-12-22 18:17:29,445 MambaPro.train INFO: 🎯 New Best! Saving model...
2025-12-22 18:17:29,760 MambaPro.train INFO: [Epoch 1] 指标集合列表（历史）
2025-12-22 18:17:29,760 MambaPro.train INFO: history_mAP:{49.7}
2025-12-22 18:17:29,760 MambaPro.train INFO: best_mAP:{49.7}
2025-12-22 18:17:29,760 MambaPro.train INFO: history_Rank-1:{72.1}
2025-12-22 18:17:29,760 MambaPro.train INFO: best_Rank-1:{72.1}
2025-12-22 18:17:29,760 MambaPro.train INFO: history_Rank-5:{76.3}
2025-12-22 18:17:29,760 MambaPro.train INFO: best_Rank-5:{76.3}
2025-12-22 18:17:29,760 MambaPro.train INFO: history_Rank-10:{78.8}
2025-12-22 18:17:29,760 MambaPro.train INFO: best_Rank-10:{78.8}
2025-12-22 18:17:29,760 MambaPro.train INFO: history_Experts:{[0.00 , 0.00 , 0.00]}
2025-12-22 18:18:58,290 MambaPro.train INFO: Epoch 2 done. Time per batch: 0.761[s] Speed: 84.1[samples/s]
2025-12-22 18:20:32,796 MambaPro.train INFO: Validation Results - Epoch: 2
2025-12-22 18:20:32,796 MambaPro.train INFO: Current mAP: 56.7%
2025-12-22 18:20:32,796 MambaPro.train INFO: CMC curve, Rank-1  :77.8%
2025-12-22 18:20:32,796 MambaPro.train INFO: CMC curve, Rank-5  :81.2%
2025-12-22 18:20:32,796 MambaPro.train INFO: CMC curve, Rank-10 :83.1%
2025-12-22 18:20:32,796 MambaPro.train INFO: 🎯 New Best! Saving model...
2025-12-22 18:20:33,277 MambaPro.train INFO: [Epoch 2] 指标集合列表（历史）
2025-12-22 18:20:33,277 MambaPro.train INFO: history_mAP:{49.7 , 56.7}
2025-12-22 18:20:33,277 MambaPro.train INFO: best_mAP:{56.7}
2025-12-22 18:20:33,277 MambaPro.train INFO: history_Rank-1:{72.1 , 77.8}
2025-12-22 18:20:33,278 MambaPro.train INFO: best_Rank-1:{77.8}
2025-12-22 18:20:33,278 MambaPro.train INFO: history_Rank-5:{76.3 , 81.2}
2025-12-22 18:20:33,278 MambaPro.train INFO: best_Rank-5:{81.2}
2025-12-22 18:20:33,278 MambaPro.train INFO: history_Rank-10:{78.8 , 83.1}
2025-12-22 18:20:33,278 MambaPro.train INFO: best_Rank-10:{83.1}
2025-12-22 18:20:33,278 MambaPro.train INFO: history_Experts:{[0.00 , 0.00 , 0.00] , [0.00 , 0.00 , 0.00]}
2025-12-22 18:22:01,975 MambaPro.train INFO: Epoch 3 done. Time per batch: 0.762[s] Speed: 83.9[samples/s]
2025-12-22 18:23:36,490 MambaPro.train INFO: Validation Results - Epoch: 3
2025-12-22 18:23:36,490 MambaPro.train INFO: Current mAP: 68.6%
2025-12-22 18:23:36,490 MambaPro.train INFO: CMC curve, Rank-1  :83.6%
2025-12-22 18:23:36,490 MambaPro.train INFO: CMC curve, Rank-5  :85.4%
2025-12-22 18:23:36,490 MambaPro.train INFO: CMC curve, Rank-10 :87.0%
2025-12-22 18:23:36,490 MambaPro.train INFO: 🎯 New Best! Saving model...
2025-12-22 18:23:36,966 MambaPro.train INFO: [Epoch 3] 指标集合列表（历史）
2025-12-22 18:23:36,967 MambaPro.train INFO: history_mAP:{49.7 , 56.7 , 68.6}
2025-12-22 18:23:36,967 MambaPro.train INFO: best_mAP:{68.6}
2025-12-22 18:23:36,967 MambaPro.train INFO: history_Rank-1:{72.1 , 77.8 , 83.6}
2025-12-22 18:23:36,967 MambaPro.train INFO: best_Rank-1:{83.6}
2025-12-22 18:23:36,967 MambaPro.train INFO: history_Rank-5:{76.3 , 81.2 , 85.4}
2025-12-22 18:23:36,967 MambaPro.train INFO: best_Rank-5:{85.4}
2025-12-22 18:23:36,967 MambaPro.train INFO: history_Rank-10:{78.8 , 83.1 , 87.0}
2025-12-22 18:23:36,967 MambaPro.train INFO: best_Rank-10:{87.0}
2025-12-22 18:23:36,967 MambaPro.train INFO: history_Experts:{[0.00 , 0.00 , 0.00] , [0.00 , 0.00 , 0.00] , [0.00 , 0.00 , 0.00]}
2025-12-22 18:25:05,517 MambaPro.train INFO: Epoch 4 done. Time per batch: 0.761[s] Speed: 84.1[samples/s]
2025-12-22 18:26:39,994 MambaPro.train INFO: Validation Results - Epoch: 4
2025-12-22 18:26:39,994 MambaPro.train INFO: Current mAP: 66.8%
2025-12-22 18:26:39,994 MambaPro.train INFO: CMC curve, Rank-1  :82.3%
2025-12-22 18:26:39,994 MambaPro.train INFO: CMC curve, Rank-5  :85.0%
2025-12-22 18:26:39,994 MambaPro.train INFO: CMC curve, Rank-10 :86.1%
2025-12-22 18:26:39,994 MambaPro.train INFO: [Epoch 4] 指标集合列表（历史）
2025-12-22 18:26:39,994 MambaPro.train INFO: history_mAP:{49.7 , 56.7 , 68.6 , 66.8}
2025-12-22 18:26:39,994 MambaPro.train INFO: best_mAP:{68.6}
2025-12-22 18:26:39,994 MambaPro.train INFO: history_Rank-1:{72.1 , 77.8 , 83.6 , 82.3}
2025-12-22 18:26:39,994 MambaPro.train INFO: best_Rank-1:{83.6}
2025-12-22 18:26:39,994 MambaPro.train INFO: history_Rank-5:{76.3 , 81.2 , 85.4 , 85.0}
2025-12-22 18:26:39,994 MambaPro.train INFO: best_Rank-5:{85.4}
2025-12-22 18:26:39,994 MambaPro.train INFO: history_Rank-10:{78.8 , 83.1 , 87.0 , 86.1}
2025-12-22 18:26:39,994 MambaPro.train INFO: best_Rank-10:{87.0}
2025-12-22 18:26:39,994 MambaPro.train INFO: history_Experts:{[0.00 , 0.00 , 0.00] , [0.00 , 0.00 , 0.00] , [0.00 , 0.00 , 0.00] , [0.00 , 0.00 , 0.00]}
2025-12-22 18:28:07,092 MambaPro.train INFO: Epoch 5 done. Time per batch: 0.762[s] Speed: 84.0[samples/s]
2025-12-22 18:29:41,644 MambaPro.train INFO: Validation Results - Epoch: 5
2025-12-22 18:29:41,644 MambaPro.train INFO: Current mAP: 70.6%
2025-12-22 18:29:41,644 MambaPro.train INFO: CMC curve, Rank-1  :86.8%
2025-12-22 18:29:41,644 MambaPro.train INFO: CMC curve, Rank-5  :88.6%
2025-12-22 18:29:41,644 MambaPro.train INFO: CMC curve, Rank-10 :89.4%
2025-12-22 18:29:41,644 MambaPro.train INFO: 🎯 New Best! Saving model...
2025-12-22 18:29:42,100 MambaPro.train INFO: [Epoch 5] 指标集合列表（历史）
2025-12-22 18:29:42,100 MambaPro.train INFO: history_mAP:{49.7 , 56.7 , 68.6 , 66.8 , 70.6}
2025-12-22 18:29:42,100 MambaPro.train INFO: best_mAP:{70.6}
2025-12-22 18:29:42,100 MambaPro.train INFO: history_Rank-1:{72.1 , 77.8 , 83.6 , 82.3 , 86.8}
2025-12-22 18:29:42,100 MambaPro.train INFO: best_Rank-1:{86.8}
2025-12-22 18:29:42,100 MambaPro.train INFO: history_Rank-5:{76.3 , 81.2 , 85.4 , 85.0 , 88.6}
2025-12-22 18:29:42,100 MambaPro.train INFO: best_Rank-5:{88.6}
2025-12-22 18:29:42,100 MambaPro.train INFO: history_Rank-10:{78.8 , 83.1 , 87.0 , 86.1 , 89.4}
2025-12-22 18:29:42,100 MambaPro.train INFO: best_Rank-10:{89.4}
2025-12-22 18:29:42,100 MambaPro.train INFO: history_Experts:{[0.00 , 0.00 , 0.00] , [0.00 , 0.00 , 0.00] , [0.00 , 0.00 , 0.00] , [0.00 , 0.00 , 0.00] , [0.00 , 0.00 , 0.00]}
2025-12-22 18:31:10,582 MambaPro.train INFO: Epoch 6 done. Time per batch: 0.761[s] Speed: 84.1[samples/s]
2025-12-22 18:32:44,947 MambaPro.train INFO: Validation Results - Epoch: 6
2025-12-22 18:32:44,947 MambaPro.train INFO: Current mAP: 70.6%
2025-12-22 18:32:44,947 MambaPro.train INFO: CMC curve, Rank-1  :86.7%
2025-12-22 18:32:44,947 MambaPro.train INFO: CMC curve, Rank-5  :89.5%
2025-12-22 18:32:44,947 MambaPro.train INFO: CMC curve, Rank-10 :90.6%
2025-12-22 18:32:44,947 MambaPro.train INFO: 🎯 New Best! Saving model...
2025-12-22 18:32:45,427 MambaPro.train INFO: [Epoch 6] 指标集合列表（历史）
2025-12-22 18:32:45,428 MambaPro.train INFO: history_mAP:{49.7 , 56.7 , 68.6 , 66.8 , 70.6 , 70.6}
2025-12-22 18:32:45,428 MambaPro.train INFO: best_mAP:{70.6}
2025-12-22 18:32:45,428 MambaPro.train INFO: history_Rank-1:{72.1 , 77.8 , 83.6 , 82.3 , 86.8 , 86.7}
2025-12-22 18:32:45,428 MambaPro.train INFO: best_Rank-1:{86.8}
2025-12-22 18:32:45,428 MambaPro.train INFO: history_Rank-5:{76.3 , 81.2 , 85.4 , 85.0 , 88.6 , 89.5}
2025-12-22 18:32:45,428 MambaPro.train INFO: best_Rank-5:{89.5}
2025-12-22 18:32:45,428 MambaPro.train INFO: history_Rank-10:{78.8 , 83.1 , 87.0 , 86.1 , 89.4 , 90.6}
2025-12-22 18:32:45,428 MambaPro.train INFO: best_Rank-10:{90.6}
2025-12-22 18:32:45,428 MambaPro.train INFO: history_Experts:{[0.00 , 0.00 , 0.00] , [0.00 , 0.00 , 0.00] , [0.00 , 0.00 , 0.00] , [0.00 , 0.00 , 0.00] , [0.00 , 0.00 , 0.00] , [0.00 , 0.00 , 0.00]}
2025-12-22 18:34:14,700 MambaPro.train INFO: Epoch 7 done. Time per batch: 0.761[s] Speed: 84.1[samples/s]
2025-12-22 18:35:49,092 MambaPro.train INFO: Validation Results - Epoch: 7
2025-12-22 18:35:49,092 MambaPro.train INFO: Current mAP: 73.7%
2025-12-22 18:35:49,092 MambaPro.train INFO: CMC curve, Rank-1  :88.3%
2025-12-22 18:35:49,092 MambaPro.train INFO: CMC curve, Rank-5  :90.0%
2025-12-22 18:35:49,092 MambaPro.train INFO: CMC curve, Rank-10 :91.2%
2025-12-22 18:35:49,092 MambaPro.train INFO: 🎯 New Best! Saving model...
2025-12-22 18:35:49,568 MambaPro.train INFO: [Epoch 7] 指标集合列表（历史）
2025-12-22 18:35:49,568 MambaPro.train INFO: history_mAP:{49.7 , 56.7 , 68.6 , 66.8 , 70.6 , 70.6 , 73.7}
2025-12-22 18:35:49,568 MambaPro.train INFO: best_mAP:{73.7}
2025-12-22 18:35:49,568 MambaPro.train INFO: history_Rank-1:{72.1 , 77.8 , 83.6 , 82.3 , 86.8 , 86.7 , 88.3}
2025-12-22 18:35:49,568 MambaPro.train INFO: best_Rank-1:{88.3}
2025-12-22 18:35:49,568 MambaPro.train INFO: history_Rank-5:{76.3 , 81.2 , 85.4 , 85.0 , 88.6 , 89.5 , 90.0}
2025-12-22 18:35:49,568 MambaPro.train INFO: best_Rank-5:{90.0}
2025-12-22 18:35:49,568 MambaPro.train INFO: history_Rank-10:{78.8 , 83.1 , 87.0 , 86.1 , 89.4 , 90.6 , 91.2}
2025-12-22 18:35:49,568 MambaPro.train INFO: best_Rank-10:{91.2}
2025-12-22 18:35:49,568 MambaPro.train INFO: history_Experts:{[0.00 , 0.00 , 0.00] , [0.00 , 0.00 , 0.00] , [0.00 , 0.00 , 0.00] , [0.00 , 0.00 , 0.00] , [0.00 , 0.00 , 0.00] , [0.00 , 0.00 , 0.00] , [0.00 , 0.00 , 0.00]}
2025-12-22 18:37:18,789 MambaPro.train INFO: Epoch 8 done. Time per batch: 0.760[s] Speed: 84.2[samples/s]
2025-12-22 18:38:53,425 MambaPro.train INFO: Validation Results - Epoch: 8
2025-12-22 18:38:53,426 MambaPro.train INFO: Current mAP: 73.3%
2025-12-22 18:38:53,426 MambaPro.train INFO: CMC curve, Rank-1  :88.0%
2025-12-22 18:38:53,426 MambaPro.train INFO: CMC curve, Rank-5  :89.1%
2025-12-22 18:38:53,426 MambaPro.train INFO: CMC curve, Rank-10 :89.7%
2025-12-22 18:38:53,426 MambaPro.train INFO: [Epoch 8] 指标集合列表（历史）
2025-12-22 18:38:53,426 MambaPro.train INFO: history_mAP:{49.7 , 56.7 , 68.6 , 66.8 , 70.6 , 70.6 , 73.7 , 73.3}
2025-12-22 18:38:53,426 MambaPro.train INFO: best_mAP:{73.7}
2025-12-22 18:38:53,426 MambaPro.train INFO: history_Rank-1:{72.1 , 77.8 , 83.6 , 82.3 , 86.8 , 86.7 , 88.3 , 88.0}
2025-12-22 18:38:53,426 MambaPro.train INFO: best_Rank-1:{88.3}
2025-12-22 18:38:53,426 MambaPro.train INFO: history_Rank-5:{76.3 , 81.2 , 85.4 , 85.0 , 88.6 , 89.5 , 90.0 , 89.1}
2025-12-22 18:38:53,426 MambaPro.train INFO: best_Rank-5:{90.0}
2025-12-22 18:38:53,426 MambaPro.train INFO: history_Rank-10:{78.8 , 83.1 , 87.0 , 86.1 , 89.4 , 90.6 , 91.2 , 89.7}
2025-12-22 18:38:53,426 MambaPro.train INFO: best_Rank-10:{91.2}
2025-12-22 18:38:53,426 MambaPro.train INFO: history_Experts:{[0.00 , 0.00 , 0.00] , [0.00 , 0.00 , 0.00] , [0.00 , 0.00 , 0.00] , [0.00 , 0.00 , 0.00] , [0.00 , 0.00 , 0.00] , [0.00 , 0.00 , 0.00] , [0.00 , 0.00 , 0.00] , [0.00 , 0.00 , 0.00]}
2025-12-22 18:40:22,121 MambaPro.train INFO: Epoch 9 done. Time per batch: 0.762[s] Speed: 83.9[samples/s]
2025-12-22 18:41:58,180 MambaPro.train INFO: Validation Results - Epoch: 9
2025-12-22 18:41:58,180 MambaPro.train INFO: Current mAP: 75.0%
2025-12-22 18:41:58,180 MambaPro.train INFO: CMC curve, Rank-1  :88.0%
2025-12-22 18:41:58,180 MambaPro.train INFO: CMC curve, Rank-5  :88.9%
2025-12-22 18:41:58,180 MambaPro.train INFO: CMC curve, Rank-10 :90.1%
2025-12-22 18:41:58,180 MambaPro.train INFO: 🎯 New Best! Saving model...
2025-12-22 18:41:58,658 MambaPro.train INFO: [Epoch 9] 指标集合列表（历史）
2025-12-22 18:41:58,658 MambaPro.train INFO: history_mAP:{49.7 , 56.7 , 68.6 , 66.8 , 70.6 , 70.6 , 73.7 , 73.3 , 75.0}
2025-12-22 18:41:58,658 MambaPro.train INFO: best_mAP:{75.0}
2025-12-22 18:41:58,658 MambaPro.train INFO: history_Rank-1:{72.1 , 77.8 , 83.6 , 82.3 , 86.8 , 86.7 , 88.3 , 88.0 , 88.0}
2025-12-22 18:41:58,658 MambaPro.train INFO: best_Rank-1:{88.3}
2025-12-22 18:41:58,658 MambaPro.train INFO: history_Rank-5:{76.3 , 81.2 , 85.4 , 85.0 , 88.6 , 89.5 , 90.0 , 89.1 , 88.9}
2025-12-22 18:41:58,658 MambaPro.train INFO: best_Rank-5:{90.0}
2025-12-22 18:41:58,658 MambaPro.train INFO: history_Rank-10:{78.8 , 83.1 , 87.0 , 86.1 , 89.4 , 90.6 , 91.2 , 89.7 , 90.1}
2025-12-22 18:41:58,658 MambaPro.train INFO: best_Rank-10:{91.2}
2025-12-22 18:41:58,658 MambaPro.train INFO: history_Experts:{[0.00 , 0.00 , 0.00] , [0.00 , 0.00 , 0.00] , [0.00 , 0.00 , 0.00] , [0.00 , 0.00 , 0.00] , [0.00 , 0.00 , 0.00] , [0.00 , 0.00 , 0.00] , [0.00 , 0.00 , 0.00] , [0.00 , 0.00 , 0.00] , [0.00 , 0.00 , 0.00]}
2025-12-22 18:43:27,114 MambaPro.train INFO: Epoch 10 done. Time per batch: 0.760[s] Speed: 84.2[samples/s]
2025-12-22 18:45:01,542 MambaPro.train INFO: Validation Results - Epoch: 10
2025-12-22 18:45:01,542 MambaPro.train INFO: Current mAP: 75.1%
2025-12-22 18:45:01,542 MambaPro.train INFO: CMC curve, Rank-1  :88.0%
2025-12-22 18:45:01,542 MambaPro.train INFO: CMC curve, Rank-5  :89.0%
2025-12-22 18:45:01,542 MambaPro.train INFO: CMC curve, Rank-10 :90.2%
2025-12-22 18:45:01,542 MambaPro.train INFO: 🎯 New Best! Saving model...
2025-12-22 18:45:01,999 MambaPro.train INFO: [Epoch 10] 指标集合列表（历史）
2025-12-22 18:45:01,999 MambaPro.train INFO: history_mAP:{49.7 , 56.7 , 68.6 , 66.8 , 70.6 , 70.6 , 73.7 , 73.3 , 75.0 , 75.1}
2025-12-22 18:45:01,999 MambaPro.train INFO: best_mAP:{75.1}
2025-12-22 18:45:01,999 MambaPro.train INFO: history_Rank-1:{72.1 , 77.8 , 83.6 , 82.3 , 86.8 , 86.7 , 88.3 , 88.0 , 88.0}
2025-12-22 18:45:01,999 MambaPro.train INFO: best_Rank-1:{88.3}
2025-12-22 18:45:01,999 MambaPro.train INFO: history_Rank-5:{76.3 , 81.2 , 85.4 , 85.0 , 88.6 , 89.5 , 90.0 , 89.1 , 88.9 , 89.0}
2025-12-22 18:45:01,999 MambaPro.train INFO: best_Rank-5:{90.0}
2025-12-22 18:45:01,999 MambaPro.train INFO: history_Rank-10:{78.8 , 83.1 , 87.0 , 86.1 , 89.4 , 90.6 , 91.2 , 89.7 , 90.1 , 90.2}
2025-12-22 18:45:01,999 MambaPro.train INFO: best_Rank-10:{91.2}
2025-12-22 18:45:01,999 MambaPro.train INFO: history_Experts:{[0.00 , 0.00 , 0.00] , [0.00 , 0.00 , 0.00] , [0.00 , 0.00 , 0.00] , [0.00 , 0.00 , 0.00] , [0.00 , 0.00 , 0.00] , [0.00 , 0.00 , 0.00] , [0.00 , 0.00 , 0.00] , [0.00 , 0.00 , 0.00] , [0.00 , 0.00 , 0.00] , [0.00 , 0.00 , 0.00]}
2025-12-22 18:46:29,721 MambaPro.train INFO: Epoch 11 done. Time per batch: 0.761[s] Speed: 84.1[samples/s]
2025-12-22 18:48:04,332 MambaPro.train INFO: Validation Results - Epoch: 11
2025-12-22 18:48:04,332 MambaPro.train INFO: Current mAP: 76.3%
2025-12-22 18:48:04,332 MambaPro.train INFO: CMC curve, Rank-1  :89.9%
2025-12-22 18:48:04,332 MambaPro.train INFO: CMC curve, Rank-5  :90.7%
2025-12-22 18:48:04,332 MambaPro.train INFO: CMC curve, Rank-10 :92.0%
2025-12-22 18:48:04,332 MambaPro.train INFO: 🎯 New Best! Saving model...
2025-12-22 18:48:04,815 MambaPro.train INFO: [Epoch 11] 指标集合列表（历史）
2025-12-22 18:48:04,815 MambaPro.train INFO: history_mAP:{49.7 , 56.7 , 68.6 , 66.8 , 70.6 , 70.6 , 73.7 , 73.3 , 75.0 , 75.1 , 76.3}
2025-12-22 18:48:04,815 MambaPro.train INFO: best_mAP:{76.3}
2025-12-22 18:48:04,815 MambaPro.train INFO: history_Rank-1:{72.1 , 77.8 , 83.6 , 82.3 , 86.8 , 86.7 , 88.3 , 88.0 , 88.0 , 89.9}
2025-12-22 18:48:04,815 MambaPro.train INFO: best_Rank-1:{89.9}
2025-12-22 18:48:04,815 MambaPro.train INFO: history_Rank-5:{76.3 , 81.2 , 85.4 , 85.0 , 88.6 , 89.5 , 90.0 , 89.1 , 88.9 , 89.0 , 90.7}
2025-12-22 18:48:04,815 MambaPro.train INFO: best_Rank-5:{90.7}
2025-12-22 18:48:04,815 MambaPro.train INFO: history_Rank-10:{78.8 , 83.1 , 87.0 , 86.1 , 89.4 , 90.6 , 91.2 , 89.7 , 90.1 , 90.2 , 92.0}
2025-12-22 18:48:04,815 MambaPro.train INFO: best_Rank-10:{92.0}
2025-12-22 18:48:04,815 MambaPro.train INFO: history_Experts:{[0.00 , 0.00 , 0.00] , [0.00 , 0.00 , 0.00] , [0.00 , 0.00 , 0.00] , [0.00 , 0.00 , 0.00] , [0.00 , 0.00 , 0.00] , [0.00 , 0.00 , 0.00] , [0.00 , 0.00 , 0.00] , [0.00 , 0.00 , 0.00] , [0.00 , 0.00 , 0.00] , [0.00 , 0.00 , 0.00] , [0.00 , 0.00 , 0.00]}
2025-12-22 18:49:34,117 MambaPro.train INFO: Epoch 12 done. Time per batch: 0.761[s] Speed: 84.1[samples/s]
2025-12-22 18:51:08,727 MambaPro.train INFO: Validation Results - Epoch: 12
2025-12-22 18:51:08,727 MambaPro.train INFO: Current mAP: 73.8%
2025-12-22 18:51:08,727 MambaPro.train INFO: CMC curve, Rank-1  :87.9%
2025-12-22 18:51:08,727 MambaPro.train INFO: CMC curve, Rank-5  :90.4%
2025-12-22 18:51:08,727 MambaPro.train INFO: CMC curve, Rank-10 :91.3%
2025-12-22 18:51:08,727 MambaPro.train INFO: [Epoch 12] 指标集合列表（历史）
2025-12-22 18:51:08,727 MambaPro.train INFO: history_mAP:{49.7 , 56.7 , 68.6 , 66.8 , 70.6 , 70.6 , 73.7 , 73.3 , 75.0 , 75.1 , 76.3 , 73.8}
2025-12-22 18:51:08,727 MambaPro.train INFO: best_mAP:{76.3}
2025-12-22 18:51:08,727 MambaPro.train INFO: history_Rank-1:{72.1 , 77.8 , 83.6 , 82.3 , 86.8 , 86.7 , 88.3 , 88.0 , 88.0 , 89.9 , 87.9}
2025-12-22 18:51:08,727 MambaPro.train INFO: best_Rank-1:{89.9}
2025-12-22 18:51:08,727 MambaPro.train INFO: history_Rank-5:{76.3 , 81.2 , 85.4 , 85.0 , 88.6 , 89.5 , 90.0 , 89.1 , 88.9 , 89.0 , 90.7 , 90.4}
2025-12-22 18:51:08,727 MambaPro.train INFO: best_Rank-5:{90.7}
2025-12-22 18:51:08,727 MambaPro.train INFO: history_Rank-10:{78.8 , 83.1 , 87.0 , 86.1 , 89.4 , 90.6 , 91.2 , 89.7 , 90.1 , 90.2 , 92.0 , 91.3}
2025-12-22 18:51:08,727 MambaPro.train INFO: best_Rank-10:{92.0}
2025-12-22 18:51:08,727 MambaPro.train INFO: history_Experts:{[0.00 , 0.00 , 0.00] , [0.00 , 0.00 , 0.00] , [0.00 , 0.00 , 0.00] , [0.00 , 0.00 , 0.00] , [0.00 , 0.00 , 0.00] , [0.00 , 0.00 , 0.00] , [0.00 , 0.00 , 0.00] , [0.00 , 0.00 , 0.00] , [0.00 , 0.00 , 0.00] , [0.00 , 0.00 , 0.00] , [0.00 , 0.00 , 0.00] , [0.00 , 0.00 , 0.00]}
2025-12-22 18:52:37,182 MambaPro.train INFO: Epoch 13 done. Time per batch: 0.760[s] Speed: 84.2[samples/s]
2025-12-22 18:54:11,637 MambaPro.train INFO: Validation Results - Epoch: 13
2025-12-22 18:54:11,637 MambaPro.train INFO: Current mAP: 75.1%
2025-12-22 18:54:11,637 MambaPro.train INFO: CMC curve, Rank-1  :90.3%
2025-12-22 18:54:11,637 MambaPro.train INFO: CMC curve, Rank-5  :91.2%
2025-12-22 18:54:11,637 MambaPro.train INFO: CMC curve, Rank-10 :92.0%
2025-12-22 18:54:11,637 MambaPro.train INFO: [Epoch 13] 指标集合列表（历史）
2025-12-22 18:54:11,637 MambaPro.train INFO: history_mAP:{49.7 , 56.7 , 68.6 , 66.8 , 70.6 , 70.6 , 73.7 , 73.3 , 75.0 , 75.1 , 76.3 , 73.8 , 75.1}
2025-12-22 18:54:11,637 MambaPro.train INFO: best_mAP:{76.3}
2025-12-22 18:54:11,637 MambaPro.train INFO: history_Rank-1:{72.1 , 77.8 , 83.6 , 82.3 , 86.8 , 86.7 , 88.3 , 88.0 , 88.0 , 89.9 , 87.9 , 90.3}
2025-12-22 18:54:11,637 MambaPro.train INFO: best_Rank-1:{89.9}
2025-12-22 18:54:11,637 MambaPro.train INFO: history_Rank-5:{76.3 , 81.2 , 85.4 , 85.0 , 88.6 , 89.5 , 90.0 , 89.1 , 88.9 , 89.0 , 90.7 , 90.4 , 91.2}
2025-12-22 18:54:11,637 MambaPro.train INFO: best_Rank-5:{90.7}
2025-12-22 18:54:11,637 MambaPro.train INFO: history_Rank-10:{78.8 , 83.1 , 87.0 , 86.1 , 89.4 , 90.6 , 91.2 , 89.7 , 90.1 , 90.2 , 92.0 , 91.3}
2025-12-22 18:54:11,637 MambaPro.train INFO: best_Rank-10:{92.0}
2025-12-22 18:54:11,637 MambaPro.train INFO: history_Experts:{[0.00 , 0.00 , 0.00] , [0.00 , 0.00 , 0.00] , [0.00 , 0.00 , 0.00] , [0.00 , 0.00 , 0.00] , [0.00 , 0.00 , 0.00] , [0.00 , 0.00 , 0.00] , [0.00 , 0.00 , 0.00] , [0.00 , 0.00 , 0.00] , [0.00 , 0.00 , 0.00] , [0.00 , 0.00 , 0.00] , [0.00 , 0.00 , 0.00] , [0.00 , 0.00 , 0.00] , [0.00 , 0.00 , 0.00]}
2025-12-22 18:55:40,107 MambaPro.train INFO: Epoch 14 done. Time per batch: 0.760[s] Speed: 84.2[samples/s]
2025-12-22 18:57:14,755 MambaPro.train INFO: Validation Results - Epoch: 14
2025-12-22 18:57:14,755 MambaPro.train INFO: Current mAP: 75.8%
2025-12-22 18:57:14,755 MambaPro.train INFO: CMC curve, Rank-1  :90.4%
2025-12-22 18:57:14,755 MambaPro.train INFO: CMC curve, Rank-5  :91.3%
2025-12-22 18:57:14,755 MambaPro.train INFO: CMC curve, Rank-10 :92.2%
2025-12-22 18:57:14,755 MambaPro.train INFO: [Epoch 14] 指标集合列表（历史）
2025-12-22 18:57:14,755 MambaPro.train INFO: history_mAP:{49.7 , 56.7 , 68.6 , 66.8 , 70.6 , 70.6 , 73.7 , 73.3 , 75.0 , 75.1 , 76.3 , 73.8 , 75.1 , 75.8}
2025-12-22 18:57:14,755 MambaPro.train INFO: best_mAP:{76.3}
2025-12-22 18:57:14,755 MambaPro.train INFO: history_Rank-1:{72.1 , 77.8 , 83.6 , 82.3 , 86.8 , 86.7 , 88.3 , 88.0 , 88.0 , 89.9 , 87.9 , 90.3 , 90.4}
2025-12-22 18:57:14,755 MambaPro.train INFO: best_Rank-1:{89.9}
2025-12-22 18:57:14,755 MambaPro.train INFO: history_Rank-5:{76.3 , 81.2 , 85.4 , 85.0 , 88.6 , 89.5 , 90.0 , 89.1 , 88.9 , 89.0 , 90.7 , 90.4 , 91.2 , 91.3}
2025-12-22 18:57:14,755 MambaPro.train INFO: best_Rank-5:{90.7}
2025-12-22 18:57:14,755 MambaPro.train INFO: history_Rank-10:{78.8 , 83.1 , 87.0 , 86.1 , 89.4 , 90.6 , 91.2 , 89.7 , 90.1 , 90.2 , 92.0 , 91.3 , 92.2}
2025-12-22 18:57:14,755 MambaPro.train INFO: best_Rank-10:{92.0}
2025-12-22 18:57:14,755 MambaPro.train INFO: history_Experts:{[0.00 , 0.00 , 0.00] , [0.00 , 0.00 , 0.00] , [0.00 , 0.00 , 0.00] , [0.00 , 0.00 , 0.00] , [0.00 , 0.00 , 0.00] , [0.00 , 0.00 , 0.00] , [0.00 , 0.00 , 0.00] , [0.00 , 0.00 , 0.00] , [0.00 , 0.00 , 0.00] , [0.00 , 0.00 , 0.00] , [0.00 , 0.00 , 0.00] , [0.00 , 0.00 , 0.00] , [0.00 , 0.00 , 0.00] , [0.00 , 0.00 , 0.00]}
2025-12-22 18:58:43,244 MambaPro.train INFO: Epoch 15 done. Time per batch: 0.761[s] Speed: 84.1[samples/s]
2025-12-22 19:00:18,024 MambaPro.train INFO: Validation Results - Epoch: 15
2025-12-22 19:00:18,024 MambaPro.train INFO: Current mAP: 75.6%
2025-12-22 19:00:18,024 MambaPro.train INFO: CMC curve, Rank-1  :89.2%
2025-12-22 19:00:18,024 MambaPro.train INFO: CMC curve, Rank-5  :90.7%
2025-12-22 19:00:18,024 MambaPro.train INFO: CMC curve, Rank-10 :91.4%
2025-12-22 19:00:18,024 MambaPro.train INFO: [Epoch 15] 指标集合列表（历史）
2025-12-22 19:00:18,024 MambaPro.train INFO: history_mAP:{49.7 , 56.7 , 68.6 , 66.8 , 70.6 , 70.6 , 73.7 , 73.3 , 75.0 , 75.1 , 76.3 , 73.8 , 75.1 , 75.8 , 75.6}
2025-12-22 19:00:18,024 MambaPro.train INFO: best_mAP:{76.3}
2025-12-22 19:00:18,024 MambaPro.train INFO: history_Rank-1:{72.1 , 77.8 , 83.6 , 82.3 , 86.8 , 86.7 , 88.3 , 88.0 , 88.0 , 89.9 , 87.9 , 90.3 , 90.4 , 89.2}
2025-12-22 19:00:18,024 MambaPro.train INFO: best_Rank-1:{89.9}
2025-12-22 19:00:18,024 MambaPro.train INFO: history_Rank-5:{76.3 , 81.2 , 85.4 , 85.0 , 88.6 , 89.5 , 90.0 , 89.1 , 88.9 , 89.0 , 90.7 , 90.4 , 91.2 , 91.3}
2025-12-22 19:00:18,024 MambaPro.train INFO: best_Rank-5:{90.7}
2025-12-22 19:00:18,024 MambaPro.train INFO: history_Rank-10:{78.8 , 83.1 , 87.0 , 86.1 , 89.4 , 90.6 , 91.2 , 89.7 , 90.1 , 90.2 , 92.0 , 91.3 , 92.2 , 91.4}
2025-12-22 19:00:18,024 MambaPro.train INFO: best_Rank-10:{92.0}
2025-12-22 19:00:18,024 MambaPro.train INFO: history_Experts:{[0.00 , 0.00 , 0.00] , [0.00 , 0.00 , 0.00] , [0.00 , 0.00 , 0.00] , [0.00 , 0.00 , 0.00] , [0.00 , 0.00 , 0.00] , [0.00 , 0.00 , 0.00] , [0.00 , 0.00 , 0.00] , [0.00 , 0.00 , 0.00] , [0.00 , 0.00 , 0.00] , [0.00 , 0.00 , 0.00] , [0.00 , 0.00 , 0.00] , [0.00 , 0.00 , 0.00] , [0.00 , 0.00 , 0.00] , [0.00 , 0.00 , 0.00] , [0.00 , 0.00 , 0.00]}
2025-12-22 19:01:47,465 MambaPro.train INFO: Epoch 16 done. Time per batch: 0.762[s] Speed: 84.0[samples/s]
2025-12-22 19:03:22,219 MambaPro.train INFO: Validation Results - Epoch: 16
2025-12-22 19:03:22,219 MambaPro.train INFO: Current mAP: 77.0%
2025-12-22 19:03:22,219 MambaPro.train INFO: CMC curve, Rank-1  :90.1%
2025-12-22 19:03:22,219 MambaPro.train INFO: CMC curve, Rank-5  :91.1%
2025-12-22 19:03:22,219 MambaPro.train INFO: CMC curve, Rank-10 :91.7%
2025-12-22 19:03:22,219 MambaPro.train INFO: 🎯 New Best! Saving model...
2025-12-22 19:03:22,700 MambaPro.train INFO: [Epoch 16] 指标集合列表（历史）
2025-12-22 19:03:22,700 MambaPro.train INFO: history_mAP:{49.7 , 56.7 , 68.6 , 66.8 , 70.6 , 70.6 , 73.7 , 73.3 , 75.0 , 75.1 , 76.3 , 73.8 , 75.1 , 75.8 , 75.6 , 77.0}
2025-12-22 19:03:22,700 MambaPro.train INFO: best_mAP:{77.0}
2025-12-22 19:03:22,700 MambaPro.train INFO: history_Rank-1:{72.1 , 77.8 , 83.6 , 82.3 , 86.8 , 86.7 , 88.3 , 88.0 , 88.0 , 89.9 , 87.9 , 90.3 , 90.4 , 89.2 , 90.1}
2025-12-22 19:03:22,700 MambaPro.train INFO: best_Rank-1:{90.1}
2025-12-22 19:03:22,700 MambaPro.train INFO: history_Rank-5:{76.3 , 81.2 , 85.4 , 85.0 , 88.6 , 89.5 , 90.0 , 89.1 , 88.9 , 89.0 , 90.7 , 90.4 , 91.2 , 91.3 , 91.1}
2025-12-22 19:03:22,701 MambaPro.train INFO: best_Rank-5:{91.1}
2025-12-22 19:03:22,701 MambaPro.train INFO: history_Rank-10:{78.8 , 83.1 , 87.0 , 86.1 , 89.4 , 90.6 , 91.2 , 89.7 , 90.1 , 90.2 , 92.0 , 91.3 , 92.2 , 91.4 , 91.7}
2025-12-22 19:03:22,701 MambaPro.train INFO: best_Rank-10:{92.0}
2025-12-22 19:03:22,701 MambaPro.train INFO: history_Experts:{[0.00 , 0.00 , 0.00] , [0.00 , 0.00 , 0.00] , [0.00 , 0.00 , 0.00] , [0.00 , 0.00 , 0.00] , [0.00 , 0.00 , 0.00] , [0.00 , 0.00 , 0.00] , [0.00 , 0.00 , 0.00] , [0.00 , 0.00 , 0.00] , [0.00 , 0.00 , 0.00] , [0.00 , 0.00 , 0.00] , [0.00 , 0.00 , 0.00] , [0.00 , 0.00 , 0.00] , [0.00 , 0.00 , 0.00] , [0.00 , 0.00 , 0.00] , [0.00 , 0.00 , 0.00] , [0.00 , 0.00 , 0.00]}
2025-12-22 19:04:51,537 MambaPro.train INFO: Epoch 17 done. Time per batch: 0.764[s] Speed: 83.8[samples/s]
2025-12-22 19:06:25,975 MambaPro.train INFO: Validation Results - Epoch: 17
2025-12-22 19:06:25,975 MambaPro.train INFO: Current mAP: 77.2%
2025-12-22 19:06:25,975 MambaPro.train INFO: CMC curve, Rank-1  :89.4%
2025-12-22 19:06:25,975 MambaPro.train INFO: CMC curve, Rank-5  :90.8%
2025-12-22 19:06:25,975 MambaPro.train INFO: CMC curve, Rank-10 :91.5%
2025-12-22 19:06:25,975 MambaPro.train INFO: 🎯 New Best! Saving model...
2025-12-22 19:06:26,436 MambaPro.train INFO: [Epoch 17] 指标集合列表（历史）
2025-12-22 19:06:26,437 MambaPro.train INFO: history_mAP:{49.7 , 56.7 , 68.6 , 66.8 , 70.6 , 70.6 , 73.7 , 73.3 , 75.0 , 75.1 , 76.3 , 73.8 , 75.1 , 75.8 , 75.6 , 77.0 , 77.2}
2025-12-22 19:06:26,437 MambaPro.train INFO: best_mAP:{77.2}
2025-12-22 19:06:26,437 MambaPro.train INFO: history_Rank-1:{72.1 , 77.8 , 83.6 , 82.3 , 86.8 , 86.7 , 88.3 , 88.0 , 88.0 , 89.9 , 87.9 , 90.3 , 90.4 , 89.2 , 90.1 , 89.4}
2025-12-22 19:06:26,437 MambaPro.train INFO: best_Rank-1:{90.1}
2025-12-22 19:06:26,437 MambaPro.train INFO: history_Rank-5:{76.3 , 81.2 , 85.4 , 85.0 , 88.6 , 89.5 , 90.0 , 89.1 , 88.9 , 89.0 , 90.7 , 90.4 , 91.2 , 91.3 , 91.1 , 90.8}
2025-12-22 19:06:26,437 MambaPro.train INFO: best_Rank-5:{91.1}
2025-12-22 19:06:26,437 MambaPro.train INFO: history_Rank-10:{78.8 , 83.1 , 87.0 , 86.1 , 89.4 , 90.6 , 91.2 , 89.7 , 90.1 , 90.2 , 92.0 , 91.3 , 92.2 , 91.4 , 91.7 , 91.5}
2025-12-22 19:06:26,437 MambaPro.train INFO: best_Rank-10:{92.0}
2025-12-22 19:06:26,437 MambaPro.train INFO: history_Experts:{[0.00 , 0.00 , 0.00] , [0.00 , 0.00 , 0.00] , [0.00 , 0.00 , 0.00] , [0.00 , 0.00 , 0.00] , [0.00 , 0.00 , 0.00] , [0.00 , 0.00 , 0.00] , [0.00 , 0.00 , 0.00] , [0.00 , 0.00 , 0.00] , [0.00 , 0.00 , 0.00] , [0.00 , 0.00 , 0.00] , [0.00 , 0.00 , 0.00] , [0.00 , 0.00 , 0.00] , [0.00 , 0.00 , 0.00] , [0.00 , 0.00 , 0.00] , [0.00 , 0.00 , 0.00] , [0.00 , 0.00 , 0.00] , [0.00 , 0.00 , 0.00]}
2025-12-22 19:07:54,415 MambaPro.train INFO: Epoch 18 done. Time per batch: 0.763[s] Speed: 83.9[samples/s]
2025-12-22 19:09:28,811 MambaPro.train INFO: Validation Results - Epoch: 18
2025-12-22 19:09:28,811 MambaPro.train INFO: Current mAP: 76.8%
2025-12-22 19:09:28,811 MambaPro.train INFO: CMC curve, Rank-1  :89.6%
2025-12-22 19:09:28,811 MambaPro.train INFO: CMC curve, Rank-5  :90.5%
2025-12-22 19:09:28,811 MambaPro.train INFO: CMC curve, Rank-10 :90.8%
2025-12-22 19:09:28,811 MambaPro.train INFO: [Epoch 18] 指标集合列表（历史）
2025-12-22 19:09:28,811 MambaPro.train INFO: history_mAP:{49.7 , 56.7 , 68.6 , 66.8 , 70.6 , 70.6 , 73.7 , 73.3 , 75.0 , 75.1 , 76.3 , 73.8 , 75.1 , 75.8 , 75.6 , 77.0 , 77.2 , 76.8}
2025-12-22 19:09:28,811 MambaPro.train INFO: best_mAP:{77.2}
2025-12-22 19:09:28,811 MambaPro.train INFO: history_Rank-1:{72.1 , 77.8 , 83.6 , 82.3 , 86.8 , 86.7 , 88.3 , 88.0 , 88.0 , 89.9 , 87.9 , 90.3 , 90.4 , 89.2 , 90.1 , 89.4 , 89.6}
2025-12-22 19:09:28,811 MambaPro.train INFO: best_Rank-1:{90.1}
2025-12-22 19:09:28,811 MambaPro.train INFO: history_Rank-5:{76.3 , 81.2 , 85.4 , 85.0 , 88.6 , 89.5 , 90.0 , 89.1 , 88.9 , 89.0 , 90.7 , 90.4 , 91.2 , 91.3 , 91.1 , 90.8 , 90.5}
2025-12-22 19:09:28,811 MambaPro.train INFO: best_Rank-5:{91.1}
2025-12-22 19:09:28,811 MambaPro.train INFO: history_Rank-10:{78.8 , 83.1 , 87.0 , 86.1 , 89.4 , 90.6 , 91.2 , 89.7 , 90.1 , 90.2 , 92.0 , 91.3 , 92.2 , 91.4 , 91.7 , 91.5 , 90.8}
2025-12-22 19:09:28,812 MambaPro.train INFO: best_Rank-10:{92.0}
2025-12-22 19:09:28,812 MambaPro.train INFO: history_Experts:{[0.00 , 0.00 , 0.00] , [0.00 , 0.00 , 0.00] , [0.00 , 0.00 , 0.00] , [0.00 , 0.00 , 0.00] , [0.00 , 0.00 , 0.00] , [0.00 , 0.00 , 0.00] , [0.00 , 0.00 , 0.00] , [0.00 , 0.00 , 0.00] , [0.00 , 0.00 , 0.00] , [0.00 , 0.00 , 0.00] , [0.00 , 0.00 , 0.00] , [0.00 , 0.00 , 0.00] , [0.00 , 0.00 , 0.00] , [0.00 , 0.00 , 0.00] , [0.00 , 0.00 , 0.00] , [0.00 , 0.00 , 0.00] , [0.00 , 0.00 , 0.00] , [0.00 , 0.00 , 0.00]}
2025-12-22 19:10:58,061 MambaPro.train INFO: Epoch 19 done. Time per batch: 0.761[s] Speed: 84.1[samples/s]
2025-12-22 19:12:32,480 MambaPro.train INFO: Validation Results - Epoch: 19
2025-12-22 19:12:32,480 MambaPro.train INFO: Current mAP: 76.9%
2025-12-22 19:12:32,480 MambaPro.train INFO: CMC curve, Rank-1  :89.3%
2025-12-22 19:12:32,480 MambaPro.train INFO: CMC curve, Rank-5  :91.2%
2025-12-22 19:12:32,480 MambaPro.train INFO: CMC curve, Rank-10 :92.1%
2025-12-22 19:12:32,480 MambaPro.train INFO: [Epoch 19] 指标集合列表（历史）
2025-12-22 19:12:32,480 MambaPro.train INFO: history_mAP:{49.7 , 56.7 , 68.6 , 66.8 , 70.6 , 70.6 , 73.7 , 73.3 , 75.0 , 75.1 , 76.3 , 73.8 , 75.1 , 75.8 , 75.6 , 77.0 , 77.2 , 76.8 , 76.9}
2025-12-22 19:12:32,480 MambaPro.train INFO: best_mAP:{77.2}
2025-12-22 19:12:32,480 MambaPro.train INFO: history_Rank-1:{72.1 , 77.8 , 83.6 , 82.3 , 86.8 , 86.7 , 88.3 , 88.0 , 88.0 , 89.9 , 87.9 , 90.3 , 90.4 , 89.2 , 90.1 , 89.4 , 89.6 , 89.3}
2025-12-22 19:12:32,480 MambaPro.train INFO: best_Rank-1:{90.1}
2025-12-22 19:12:32,480 MambaPro.train INFO: history_Rank-5:{76.3 , 81.2 , 85.4 , 85.0 , 88.6 , 89.5 , 90.0 , 89.1 , 88.9 , 89.0 , 90.7 , 90.4 , 91.2 , 91.3 , 91.1 , 90.8 , 90.5}
2025-12-22 19:12:32,480 MambaPro.train INFO: best_Rank-5:{91.1}
2025-12-22 19:12:32,480 MambaPro.train INFO: history_Rank-10:{78.8 , 83.1 , 87.0 , 86.1 , 89.4 , 90.6 , 91.2 , 89.7 , 90.1 , 90.2 , 92.0 , 91.3 , 92.2 , 91.4 , 91.7 , 91.5 , 90.8 , 92.1}
2025-12-22 19:12:32,480 MambaPro.train INFO: best_Rank-10:{92.0}
2025-12-22 19:12:32,480 MambaPro.train INFO: history_Experts:{[0.00 , 0.00 , 0.00] , [0.00 , 0.00 , 0.00] , [0.00 , 0.00 , 0.00] , [0.00 , 0.00 , 0.00] , [0.00 , 0.00 , 0.00] , [0.00 , 0.00 , 0.00] , [0.00 , 0.00 , 0.00] , [0.00 , 0.00 , 0.00] , [0.00 , 0.00 , 0.00] , [0.00 , 0.00 , 0.00] , [0.00 , 0.00 , 0.00] , [0.00 , 0.00 , 0.00] , [0.00 , 0.00 , 0.00] , [0.00 , 0.00 , 0.00] , [0.00 , 0.00 , 0.00] , [0.00 , 0.00 , 0.00] , [0.00 , 0.00 , 0.00] , [0.00 , 0.00 , 0.00] , [0.00 , 0.00 , 0.00]}
2025-12-22 19:14:01,182 MambaPro.train INFO: Epoch 20 done. Time per batch: 0.762[s] Speed: 83.9[samples/s]
2025-12-22 19:15:35,608 MambaPro.train INFO: Validation Results - Epoch: 20
2025-12-22 19:15:35,608 MambaPro.train INFO: Current mAP: 76.8%
2025-12-22 19:15:35,608 MambaPro.train INFO: CMC curve, Rank-1  :89.0%
2025-12-22 19:15:35,608 MambaPro.train INFO: CMC curve, Rank-5  :90.5%
2025-12-22 19:15:35,608 MambaPro.train INFO: CMC curve, Rank-10 :91.5%
2025-12-22 19:15:35,608 MambaPro.train INFO: [Epoch 20] 指标集合列表（历史）
2025-12-22 19:15:35,608 MambaPro.train INFO: history_mAP:{49.7 , 56.7 , 68.6 , 66.8 , 70.6 , 70.6 , 73.7 , 73.3 , 75.0 , 75.1 , 76.3 , 73.8 , 75.1 , 75.8 , 75.6 , 77.0 , 77.2 , 76.8 , 76.9 , 76.8}
2025-12-22 19:15:35,608 MambaPro.train INFO: best_mAP:{77.2}
2025-12-22 19:15:35,608 MambaPro.train INFO: history_Rank-1:{72.1 , 77.8 , 83.6 , 82.3 , 86.8 , 86.7 , 88.3 , 88.0 , 88.0 , 89.9 , 87.9 , 90.3 , 90.4 , 89.2 , 90.1 , 89.4 , 89.6 , 89.3 , 89.0}
2025-12-22 19:15:35,608 MambaPro.train INFO: best_Rank-1:{90.1}
2025-12-22 19:15:35,608 MambaPro.train INFO: history_Rank-5:{76.3 , 81.2 , 85.4 , 85.0 , 88.6 , 89.5 , 90.0 , 89.1 , 88.9 , 89.0 , 90.7 , 90.4 , 91.2 , 91.3 , 91.1 , 90.8 , 90.5}
2025-12-22 19:15:35,608 MambaPro.train INFO: best_Rank-5:{91.1}
2025-12-22 19:15:35,608 MambaPro.train INFO: history_Rank-10:{78.8 , 83.1 , 87.0 , 86.1 , 89.4 , 90.6 , 91.2 , 89.7 , 90.1 , 90.2 , 92.0 , 91.3 , 92.2 , 91.4 , 91.7 , 91.5 , 90.8 , 92.1 , 91.5}
2025-12-22 19:15:35,608 MambaPro.train INFO: best_Rank-10:{92.0}
2025-12-22 19:15:35,608 MambaPro.train INFO: history_Experts:{[0.00 , 0.00 , 0.00] , [0.00 , 0.00 , 0.00] , [0.00 , 0.00 , 0.00] , [0.00 , 0.00 , 0.00] , [0.00 , 0.00 , 0.00] , [0.00 , 0.00 , 0.00] , [0.00 , 0.00 , 0.00] , [0.00 , 0.00 , 0.00] , [0.00 , 0.00 , 0.00] , [0.00 , 0.00 , 0.00] , [0.00 , 0.00 , 0.00] , [0.00 , 0.00 , 0.00] , [0.00 , 0.00 , 0.00] , [0.00 , 0.00 , 0.00] , [0.00 , 0.00 , 0.00] , [0.00 , 0.00 , 0.00] , [0.00 , 0.00 , 0.00] , [0.00 , 0.00 , 0.00] , [0.00 , 0.00 , 0.00] , [0.00 , 0.00 , 0.00]}
2025-12-22 19:17:04,138 MambaPro.train INFO: Epoch 21 done. Time per batch: 0.761[s] Speed: 84.1[samples/s]
2025-12-22 19:18:38,737 MambaPro.train INFO: Validation Results - Epoch: 21
2025-12-22 19:18:38,737 MambaPro.train INFO: Current mAP: 76.6%
2025-12-22 19:18:38,737 MambaPro.train INFO: CMC curve, Rank-1  :89.0%
2025-12-22 19:18:38,737 MambaPro.train INFO: CMC curve, Rank-5  :90.6%
2025-12-22 19:18:38,737 MambaPro.train INFO: CMC curve, Rank-10 :91.1%
2025-12-22 19:18:38,737 MambaPro.train INFO: [Epoch 21] 指标集合列表（历史）
2025-12-22 19:18:38,737 MambaPro.train INFO: history_mAP:{49.7 , 56.7 , 68.6 , 66.8 , 70.6 , 70.6 , 73.7 , 73.3 , 75.0 , 75.1 , 76.3 , 73.8 , 75.1 , 75.8 , 75.6 , 77.0 , 77.2 , 76.8 , 76.9 , 76.8 , 76.6}
2025-12-22 19:18:38,737 MambaPro.train INFO: best_mAP:{77.2}
2025-12-22 19:18:38,737 MambaPro.train INFO: history_Rank-1:{72.1 , 77.8 , 83.6 , 82.3 , 86.8 , 86.7 , 88.3 , 88.0 , 88.0 , 89.9 , 87.9 , 90.3 , 90.4 , 89.2 , 90.1 , 89.4 , 89.6 , 89.3 , 89.0 , 89.0}
2025-12-22 19:18:38,737 MambaPro.train INFO: best_Rank-1:{90.1}
2025-12-22 19:18:38,737 MambaPro.train INFO: history_Rank-5:{76.3 , 81.2 , 85.4 , 85.0 , 88.6 , 89.5 , 90.0 , 89.1 , 88.9 , 89.0 , 90.7 , 90.4 , 91.2 , 91.3 , 91.1 , 90.8 , 90.5 , 90.6}
2025-12-22 19:18:38,737 MambaPro.train INFO: best_Rank-5:{91.1}
2025-12-22 19:18:38,737 MambaPro.train INFO: history_Rank-10:{78.8 , 83.1 , 87.0 , 86.1 , 89.4 , 90.6 , 91.2 , 89.7 , 90.1 , 90.2 , 92.0 , 91.3 , 92.2 , 91.4 , 91.7 , 91.5 , 90.8 , 92.1 , 91.5 , 91.1}
2025-12-22 19:18:38,737 MambaPro.train INFO: best_Rank-10:{92.0}
2025-12-22 19:18:38,737 MambaPro.train INFO: history_Experts:{[0.00 , 0.00 , 0.00] , [0.00 , 0.00 , 0.00] , [0.00 , 0.00 , 0.00] , [0.00 , 0.00 , 0.00] , [0.00 , 0.00 , 0.00] , [0.00 , 0.00 , 0.00] , [0.00 , 0.00 , 0.00] , [0.00 , 0.00 , 0.00] , [0.00 , 0.00 , 0.00] , [0.00 , 0.00 , 0.00] , [0.00 , 0.00 , 0.00] , [0.00 , 0.00 , 0.00] , [0.00 , 0.00 , 0.00] , [0.00 , 0.00 , 0.00] , [0.00 , 0.00 , 0.00] , [0.00 , 0.00 , 0.00] , [0.00 , 0.00 , 0.00] , [0.00 , 0.00 , 0.00] , [0.00 , 0.00 , 0.00] , [0.00 , 0.00 , 0.00] , [0.00 , 0.00 , 0.00]}
2025-12-22 19:20:07,442 MambaPro.train INFO: Epoch 22 done. Time per batch: 0.762[s] Speed: 83.9[samples/s]
2025-12-22 19:21:41,843 MambaPro.train INFO: Validation Results - Epoch: 22
2025-12-22 19:21:41,843 MambaPro.train INFO: Current mAP: 76.7%
2025-12-22 19:21:41,844 MambaPro.train INFO: CMC curve, Rank-1  :88.6%
2025-12-22 19:21:41,844 MambaPro.train INFO: CMC curve, Rank-5  :90.8%
2025-12-22 19:21:41,844 MambaPro.train INFO: CMC curve, Rank-10 :91.7%
2025-12-22 19:21:41,844 MambaPro.train INFO: [Epoch 22] 指标集合列表（历史）
2025-12-22 19:21:41,844 MambaPro.train INFO: history_mAP:{49.7 , 56.7 , 68.6 , 66.8 , 70.6 , 70.6 , 73.7 , 73.3 , 75.0 , 75.1 , 76.3 , 73.8 , 75.1 , 75.8 , 75.6 , 77.0 , 77.2 , 76.8 , 76.9 , 76.8 , 76.6 , 76.7}
2025-12-22 19:21:41,844 MambaPro.train INFO: best_mAP:{77.2}
2025-12-22 19:21:41,844 MambaPro.train INFO: history_Rank-1:{72.1 , 77.8 , 83.6 , 82.3 , 86.8 , 86.7 , 88.3 , 88.0 , 88.0 , 89.9 , 87.9 , 90.3 , 90.4 , 89.2 , 90.1 , 89.4 , 89.6 , 89.3 , 89.0 , 89.0 , 88.6}
2025-12-22 19:21:41,844 MambaPro.train INFO: best_Rank-1:{90.1}
2025-12-22 19:21:41,844 MambaPro.train INFO: history_Rank-5:{76.3 , 81.2 , 85.4 , 85.0 , 88.6 , 89.5 , 90.0 , 89.1 , 88.9 , 89.0 , 90.7 , 90.4 , 91.2 , 91.3 , 91.1 , 90.8 , 90.5 , 90.6}
2025-12-22 19:21:41,844 MambaPro.train INFO: best_Rank-5:{91.1}
2025-12-22 19:21:41,844 MambaPro.train INFO: history_Rank-10:{78.8 , 83.1 , 87.0 , 86.1 , 89.4 , 90.6 , 91.2 , 89.7 , 90.1 , 90.2 , 92.0 , 91.3 , 92.2 , 91.4 , 91.7 , 91.5 , 90.8 , 92.1 , 91.5 , 91.1 , 91.7}
2025-12-22 19:21:41,844 MambaPro.train INFO: best_Rank-10:{92.0}
2025-12-22 19:21:41,844 MambaPro.train INFO: history_Experts:{[0.00 , 0.00 , 0.00] , [0.00 , 0.00 , 0.00] , [0.00 , 0.00 , 0.00] , [0.00 , 0.00 , 0.00] , [0.00 , 0.00 , 0.00] , [0.00 , 0.00 , 0.00] , [0.00 , 0.00 , 0.00] , [0.00 , 0.00 , 0.00] , [0.00 , 0.00 , 0.00] , [0.00 , 0.00 , 0.00] , [0.00 , 0.00 , 0.00] , [0.00 , 0.00 , 0.00] , [0.00 , 0.00 , 0.00] , [0.00 , 0.00 , 0.00] , [0.00 , 0.00 , 0.00] , [0.00 , 0.00 , 0.00] , [0.00 , 0.00 , 0.00] , [0.00 , 0.00 , 0.00] , [0.00 , 0.00 , 0.00] , [0.00 , 0.00 , 0.00] , [0.00 , 0.00 , 0.00] , [0.00 , 0.00 , 0.00]}
2025-12-22 19:23:10,421 MambaPro.train INFO: Epoch 23 done. Time per batch: 0.761[s] Speed: 84.1[samples/s]
2025-12-22 19:24:44,971 MambaPro.train INFO: Validation Results - Epoch: 23
2025-12-22 19:24:44,971 MambaPro.train INFO: Current mAP: 76.9%
2025-12-22 19:24:44,971 MambaPro.train INFO: CMC curve, Rank-1  :89.1%
2025-12-22 19:24:44,971 MambaPro.train INFO: CMC curve, Rank-5  :90.9%
2025-12-22 19:24:44,971 MambaPro.train INFO: CMC curve, Rank-10 :92.0%
2025-12-22 19:24:44,971 MambaPro.train INFO: [Epoch 23] 指标集合列表（历史）
2025-12-22 19:24:44,971 MambaPro.train INFO: history_mAP:{49.7 , 56.7 , 68.6 , 66.8 , 70.6 , 70.6 , 73.7 , 73.3 , 75.0 , 75.1 , 76.3 , 73.8 , 75.1 , 75.8 , 75.6 , 77.0 , 77.2 , 76.8 , 76.9 , 76.8 , 76.6 , 76.7 , 76.9}
2025-12-22 19:24:44,971 MambaPro.train INFO: best_mAP:{77.2}
2025-12-22 19:24:44,971 MambaPro.train INFO: history_Rank-1:{72.1 , 77.8 , 83.6 , 82.3 , 86.8 , 86.7 , 88.3 , 88.0 , 88.0 , 89.9 , 87.9 , 90.3 , 90.4 , 89.2 , 90.1 , 89.4 , 89.6 , 89.3 , 89.0 , 89.0 , 88.6 , 89.1}
2025-12-22 19:24:44,971 MambaPro.train INFO: best_Rank-1:{90.1}
2025-12-22 19:24:44,971 MambaPro.train INFO: history_Rank-5:{76.3 , 81.2 , 85.4 , 85.0 , 88.6 , 89.5 , 90.0 , 89.1 , 88.9 , 89.0 , 90.7 , 90.4 , 91.2 , 91.3 , 91.1 , 90.8 , 90.5 , 90.6 , 90.9}
2025-12-22 19:24:44,971 MambaPro.train INFO: best_Rank-5:{91.1}
2025-12-22 19:24:44,971 MambaPro.train INFO: history_Rank-10:{78.8 , 83.1 , 87.0 , 86.1 , 89.4 , 90.6 , 91.2 , 89.7 , 90.1 , 90.2 , 92.0 , 91.3 , 92.2 , 91.4 , 91.7 , 91.5 , 90.8 , 92.1 , 91.5 , 91.1 , 91.7 , 92.0}
2025-12-22 19:24:44,971 MambaPro.train INFO: best_Rank-10:{92.0}
2025-12-22 19:24:44,971 MambaPro.train INFO: history_Experts:{[0.00 , 0.00 , 0.00] , [0.00 , 0.00 , 0.00] , [0.00 , 0.00 , 0.00] , [0.00 , 0.00 , 0.00] , [0.00 , 0.00 , 0.00] , [0.00 , 0.00 , 0.00] , [0.00 , 0.00 , 0.00] , [0.00 , 0.00 , 0.00] , [0.00 , 0.00 , 0.00] , [0.00 , 0.00 , 0.00] , [0.00 , 0.00 , 0.00] , [0.00 , 0.00 , 0.00] , [0.00 , 0.00 , 0.00] , [0.00 , 0.00 , 0.00] , [0.00 , 0.00 , 0.00] , [0.00 , 0.00 , 0.00] , [0.00 , 0.00 , 0.00] , [0.00 , 0.00 , 0.00] , [0.00 , 0.00 , 0.00] , [0.00 , 0.00 , 0.00] , [0.00 , 0.00 , 0.00] , [0.00 , 0.00 , 0.00] , [0.00 , 0.00 , 0.00]}
2025-12-22 19:26:13,488 MambaPro.train INFO: Epoch 24 done. Time per batch: 0.761[s] Speed: 84.1[samples/s]
2025-12-22 19:27:48,040 MambaPro.train INFO: Validation Results - Epoch: 24
2025-12-22 19:27:48,040 MambaPro.train INFO: Current mAP: 77.0%
2025-12-22 19:27:48,040 MambaPro.train INFO: CMC curve, Rank-1  :89.2%
2025-12-22 19:27:48,040 MambaPro.train INFO: CMC curve, Rank-5  :90.9%
2025-12-22 19:27:48,040 MambaPro.train INFO: CMC curve, Rank-10 :91.5%
2025-12-22 19:27:48,040 MambaPro.train INFO: [Epoch 24] 指标集合列表（历史）
2025-12-22 19:27:48,040 MambaPro.train INFO: history_mAP:{49.7 , 56.7 , 68.6 , 66.8 , 70.6 , 70.6 , 73.7 , 73.3 , 75.0 , 75.1 , 76.3 , 73.8 , 75.1 , 75.8 , 75.6 , 77.0 , 77.2 , 76.8 , 76.9 , 76.8 , 76.6 , 76.7 , 76.9 , 77.0}
2025-12-22 19:27:48,040 MambaPro.train INFO: best_mAP:{77.2}
2025-12-22 19:27:48,040 MambaPro.train INFO: history_Rank-1:{72.1 , 77.8 , 83.6 , 82.3 , 86.8 , 86.7 , 88.3 , 88.0 , 88.0 , 89.9 , 87.9 , 90.3 , 90.4 , 89.2 , 90.1 , 89.4 , 89.6 , 89.3 , 89.0 , 89.0 , 88.6 , 89.1}
2025-12-22 19:27:48,040 MambaPro.train INFO: best_Rank-1:{90.1}
2025-12-22 19:27:48,040 MambaPro.train INFO: history_Rank-5:{76.3 , 81.2 , 85.4 , 85.0 , 88.6 , 89.5 , 90.0 , 89.1 , 88.9 , 89.0 , 90.7 , 90.4 , 91.2 , 91.3 , 91.1 , 90.8 , 90.5 , 90.6 , 90.9}
2025-12-22 19:27:48,040 MambaPro.train INFO: best_Rank-5:{91.1}
2025-12-22 19:27:48,040 MambaPro.train INFO: history_Rank-10:{78.8 , 83.1 , 87.0 , 86.1 , 89.4 , 90.6 , 91.2 , 89.7 , 90.1 , 90.2 , 92.0 , 91.3 , 92.2 , 91.4 , 91.7 , 91.5 , 90.8 , 92.1 , 91.5 , 91.1 , 91.7 , 92.0}
2025-12-22 19:27:48,040 MambaPro.train INFO: best_Rank-10:{92.0}
2025-12-22 19:27:48,040 MambaPro.train INFO: history_Experts:{[0.00 , 0.00 , 0.00] , [0.00 , 0.00 , 0.00] , [0.00 , 0.00 , 0.00] , [0.00 , 0.00 , 0.00] , [0.00 , 0.00 , 0.00] , [0.00 , 0.00 , 0.00] , [0.00 , 0.00 , 0.00] , [0.00 , 0.00 , 0.00] , [0.00 , 0.00 , 0.00] , [0.00 , 0.00 , 0.00] , [0.00 , 0.00 , 0.00] , [0.00 , 0.00 , 0.00] , [0.00 , 0.00 , 0.00] , [0.00 , 0.00 , 0.00] , [0.00 , 0.00 , 0.00] , [0.00 , 0.00 , 0.00] , [0.00 , 0.00 , 0.00] , [0.00 , 0.00 , 0.00] , [0.00 , 0.00 , 0.00] , [0.00 , 0.00 , 0.00] , [0.00 , 0.00 , 0.00] , [0.00 , 0.00 , 0.00] , [0.00 , 0.00 , 0.00] , [0.00 , 0.00 , 0.00]}
2025-12-22 19:29:17,317 MambaPro.train INFO: Epoch 25 done. Time per batch: 0.761[s] Speed: 84.1[samples/s]
2025-12-22 19:30:51,705 MambaPro.train INFO: Validation Results - Epoch: 25
2025-12-22 19:30:51,705 MambaPro.train INFO: Current mAP: 76.9%
2025-12-22 19:30:51,705 MambaPro.train INFO: CMC curve, Rank-1  :88.7%
2025-12-22 19:30:51,705 MambaPro.train INFO: CMC curve, Rank-5  :90.5%
2025-12-22 19:30:51,705 MambaPro.train INFO: CMC curve, Rank-10 :91.5%
2025-12-22 19:30:51,705 MambaPro.train INFO: [Epoch 25] 指标集合列表（历史）
2025-12-22 19:30:51,705 MambaPro.train INFO: history_mAP:{49.7 , 56.7 , 68.6 , 66.8 , 70.6 , 70.6 , 73.7 , 73.3 , 75.0 , 75.1 , 76.3 , 73.8 , 75.1 , 75.8 , 75.6 , 77.0 , 77.2 , 76.8 , 76.9 , 76.8 , 76.6 , 76.7 , 76.9 , 77.0 , 76.9}
2025-12-22 19:30:51,705 MambaPro.train INFO: best_mAP:{77.2}
2025-12-22 19:30:51,705 MambaPro.train INFO: history_Rank-1:{72.1 , 77.8 , 83.6 , 82.3 , 86.8 , 86.7 , 88.3 , 88.0 , 88.0 , 89.9 , 87.9 , 90.3 , 90.4 , 89.2 , 90.1 , 89.4 , 89.6 , 89.3 , 89.0 , 89.0 , 88.6 , 89.1 , 88.7}
2025-12-22 19:30:51,705 MambaPro.train INFO: best_Rank-1:{90.1}
2025-12-22 19:30:51,705 MambaPro.train INFO: history_Rank-5:{76.3 , 81.2 , 85.4 , 85.0 , 88.6 , 89.5 , 90.0 , 89.1 , 88.9 , 89.0 , 90.7 , 90.4 , 91.2 , 91.3 , 91.1 , 90.8 , 90.5 , 90.6 , 90.9}
2025-12-22 19:30:51,705 MambaPro.train INFO: best_Rank-5:{91.1}
2025-12-22 19:30:51,705 MambaPro.train INFO: history_Rank-10:{78.8 , 83.1 , 87.0 , 86.1 , 89.4 , 90.6 , 91.2 , 89.7 , 90.1 , 90.2 , 92.0 , 91.3 , 92.2 , 91.4 , 91.7 , 91.5 , 90.8 , 92.1 , 91.5 , 91.1 , 91.7 , 92.0}
2025-12-22 19:30:51,705 MambaPro.train INFO: best_Rank-10:{92.0}
2025-12-22 19:30:51,705 MambaPro.train INFO: history_Experts:{[0.00 , 0.00 , 0.00] , [0.00 , 0.00 , 0.00] , [0.00 , 0.00 , 0.00] , [0.00 , 0.00 , 0.00] , [0.00 , 0.00 , 0.00] , [0.00 , 0.00 , 0.00] , [0.00 , 0.00 , 0.00] , [0.00 , 0.00 , 0.00] , [0.00 , 0.00 , 0.00] , [0.00 , 0.00 , 0.00] , [0.00 , 0.00 , 0.00] , [0.00 , 0.00 , 0.00] , [0.00 , 0.00 , 0.00] , [0.00 , 0.00 , 0.00] , [0.00 , 0.00 , 0.00] , [0.00 , 0.00 , 0.00] , [0.00 , 0.00 , 0.00] , [0.00 , 0.00 , 0.00] , [0.00 , 0.00 , 0.00] , [0.00 , 0.00 , 0.00] , [0.00 , 0.00 , 0.00] , [0.00 , 0.00 , 0.00] , [0.00 , 0.00 , 0.00] , [0.00 , 0.00 , 0.00] , [0.00 , 0.00 , 0.00]}
2025-12-22 19:32:20,178 MambaPro.train INFO: Epoch 26 done. Time per batch: 0.760[s] Speed: 84.2[samples/s]
2025-12-22 19:33:54,579 MambaPro.train INFO: Validation Results - Epoch: 26
2025-12-22 19:33:54,579 MambaPro.train INFO: Current mAP: 76.8%
2025-12-22 19:33:54,579 MambaPro.train INFO: CMC curve, Rank-1  :88.6%
2025-12-22 19:33:54,579 MambaPro.train INFO: CMC curve, Rank-5  :90.8%
2025-12-22 19:33:54,579 MambaPro.train INFO: CMC curve, Rank-10 :91.6%
2025-12-22 19:33:54,579 MambaPro.train INFO: [Epoch 26] 指标集合列表（历史）
2025-12-22 19:33:54,579 MambaPro.train INFO: history_mAP:{49.7 , 56.7 , 68.6 , 66.8 , 70.6 , 70.6 , 73.7 , 73.3 , 75.0 , 75.1 , 76.3 , 73.8 , 75.1 , 75.8 , 75.6 , 77.0 , 77.2 , 76.8 , 76.9 , 76.8 , 76.6 , 76.7 , 76.9 , 77.0 , 76.9 , 76.8}
2025-12-22 19:33:54,579 MambaPro.train INFO: best_mAP:{77.2}
2025-12-22 19:33:54,580 MambaPro.train INFO: history_Rank-1:{72.1 , 77.8 , 83.6 , 82.3 , 86.8 , 86.7 , 88.3 , 88.0 , 88.0 , 89.9 , 87.9 , 90.3 , 90.4 , 89.2 , 90.1 , 89.4 , 89.6 , 89.3 , 89.0 , 89.0 , 88.6 , 89.1 , 88.7}
2025-12-22 19:33:54,580 MambaPro.train INFO: best_Rank-1:{90.1}
2025-12-22 19:33:54,580 MambaPro.train INFO: history_Rank-5:{76.3 , 81.2 , 85.4 , 85.0 , 88.6 , 89.5 , 90.0 , 89.1 , 88.9 , 89.0 , 90.7 , 90.4 , 91.2 , 91.3 , 91.1 , 90.8 , 90.5 , 90.6 , 90.9}
2025-12-22 19:33:54,580 MambaPro.train INFO: best_Rank-5:{91.1}
2025-12-22 19:33:54,580 MambaPro.train INFO: history_Rank-10:{78.8 , 83.1 , 87.0 , 86.1 , 89.4 , 90.6 , 91.2 , 89.7 , 90.1 , 90.2 , 92.0 , 91.3 , 92.2 , 91.4 , 91.7 , 91.5 , 90.8 , 92.1 , 91.5 , 91.1 , 91.7 , 92.0 , 91.6}
2025-12-22 19:33:54,580 MambaPro.train INFO: best_Rank-10:{92.0}
2025-12-22 19:33:54,580 MambaPro.train INFO: history_Experts:{[0.00 , 0.00 , 0.00] , [0.00 , 0.00 , 0.00] , [0.00 , 0.00 , 0.00] , [0.00 , 0.00 , 0.00] , [0.00 , 0.00 , 0.00] , [0.00 , 0.00 , 0.00] , [0.00 , 0.00 , 0.00] , [0.00 , 0.00 , 0.00] , [0.00 , 0.00 , 0.00] , [0.00 , 0.00 , 0.00] , [0.00 , 0.00 , 0.00] , [0.00 , 0.00 , 0.00] , [0.00 , 0.00 , 0.00] , [0.00 , 0.00 , 0.00] , [0.00 , 0.00 , 0.00] , [0.00 , 0.00 , 0.00] , [0.00 , 0.00 , 0.00] , [0.00 , 0.00 , 0.00] , [0.00 , 0.00 , 0.00] , [0.00 , 0.00 , 0.00] , [0.00 , 0.00 , 0.00] , [0.00 , 0.00 , 0.00] , [0.00 , 0.00 , 0.00] , [0.00 , 0.00 , 0.00] , [0.00 , 0.00 , 0.00] , [0.00 , 0.00 , 0.00]}
2025-12-22 19:35:23,046 MambaPro.train INFO: Epoch 27 done. Time per batch: 0.760[s] Speed: 84.2[samples/s]
2025-12-22 19:36:57,463 MambaPro.train INFO: Validation Results - Epoch: 27
2025-12-22 19:36:57,463 MambaPro.train INFO: Current mAP: 76.7%
2025-12-22 19:36:57,464 MambaPro.train INFO: CMC curve, Rank-1  :88.7%
2025-12-22 19:36:57,464 MambaPro.train INFO: CMC curve, Rank-5  :90.2%
2025-12-22 19:36:57,464 MambaPro.train INFO: CMC curve, Rank-10 :91.3%
2025-12-22 19:36:57,464 MambaPro.train INFO: [Epoch 27] 指标集合列表（历史）
2025-12-22 19:36:57,464 MambaPro.train INFO: history_mAP:{49.7 , 56.7 , 68.6 , 66.8 , 70.6 , 70.6 , 73.7 , 73.3 , 75.0 , 75.1 , 76.3 , 73.8 , 75.1 , 75.8 , 75.6 , 77.0 , 77.2 , 76.8 , 76.9 , 76.8 , 76.6 , 76.7 , 76.9 , 77.0 , 76.9 , 76.8 , 76.7}
2025-12-22 19:36:57,464 MambaPro.train INFO: best_mAP:{77.2}
2025-12-22 19:36:57,464 MambaPro.train INFO: history_Rank-1:{72.1 , 77.8 , 83.6 , 82.3 , 86.8 , 86.7 , 88.3 , 88.0 , 88.0 , 89.9 , 87.9 , 90.3 , 90.4 , 89.2 , 90.1 , 89.4 , 89.6 , 89.3 , 89.0 , 89.0 , 88.6 , 89.1 , 88.7 , 88.7}
2025-12-22 19:36:57,464 MambaPro.train INFO: best_Rank-1:{90.1}
2025-12-22 19:36:57,464 MambaPro.train INFO: history_Rank-5:{76.3 , 81.2 , 85.4 , 85.0 , 88.6 , 89.5 , 90.0 , 89.1 , 88.9 , 89.0 , 90.7 , 90.4 , 91.2 , 91.3 , 91.1 , 90.8 , 90.5 , 90.6 , 90.9 , 90.2}
2025-12-22 19:36:57,464 MambaPro.train INFO: best_Rank-5:{91.1}
2025-12-22 19:36:57,464 MambaPro.train INFO: history_Rank-10:{78.8 , 83.1 , 87.0 , 86.1 , 89.4 , 90.6 , 91.2 , 89.7 , 90.1 , 90.2 , 92.0 , 91.3 , 92.2 , 91.4 , 91.7 , 91.5 , 90.8 , 92.1 , 91.5 , 91.1 , 91.7 , 92.0 , 91.6}
2025-12-22 19:36:57,464 MambaPro.train INFO: best_Rank-10:{92.0}
2025-12-22 19:36:57,464 MambaPro.train INFO: history_Experts:{[0.00 , 0.00 , 0.00] , [0.00 , 0.00 , 0.00] , [0.00 , 0.00 , 0.00] , [0.00 , 0.00 , 0.00] , [0.00 , 0.00 , 0.00] , [0.00 , 0.00 , 0.00] , [0.00 , 0.00 , 0.00] , [0.00 , 0.00 , 0.00] , [0.00 , 0.00 , 0.00] , [0.00 , 0.00 , 0.00] , [0.00 , 0.00 , 0.00] , [0.00 , 0.00 , 0.00] , [0.00 , 0.00 , 0.00] , [0.00 , 0.00 , 0.00] , [0.00 , 0.00 , 0.00] , [0.00 , 0.00 , 0.00] , [0.00 , 0.00 , 0.00] , [0.00 , 0.00 , 0.00] , [0.00 , 0.00 , 0.00] , [0.00 , 0.00 , 0.00] , [0.00 , 0.00 , 0.00] , [0.00 , 0.00 , 0.00] , [0.00 , 0.00 , 0.00] , [0.00 , 0.00 , 0.00] , [0.00 , 0.00 , 0.00] , [0.00 , 0.00 , 0.00] , [0.00 , 0.00 , 0.00]}
2025-12-22 19:38:26,678 MambaPro.train INFO: Epoch 28 done. Time per batch: 0.760[s] Speed: 84.2[samples/s]
2025-12-22 19:40:01,134 MambaPro.train INFO: Validation Results - Epoch: 28
2025-12-22 19:40:01,134 MambaPro.train INFO: Current mAP: 76.8%
2025-12-22 19:40:01,134 MambaPro.train INFO: CMC curve, Rank-1  :88.7%
2025-12-22 19:40:01,134 MambaPro.train INFO: CMC curve, Rank-5  :90.3%
2025-12-22 19:40:01,134 MambaPro.train INFO: CMC curve, Rank-10 :91.3%
2025-12-22 19:40:01,134 MambaPro.train INFO: [Epoch 28] 指标集合列表（历史）
2025-12-22 19:40:01,134 MambaPro.train INFO: history_mAP:{49.7 , 56.7 , 68.6 , 66.8 , 70.6 , 70.6 , 73.7 , 73.3 , 75.0 , 75.1 , 76.3 , 73.8 , 75.1 , 75.8 , 75.6 , 77.0 , 77.2 , 76.8 , 76.9 , 76.8 , 76.6 , 76.7 , 76.9 , 77.0 , 76.9 , 76.8 , 76.7 , 76.8}
2025-12-22 19:40:01,134 MambaPro.train INFO: best_mAP:{77.2}
2025-12-22 19:40:01,134 MambaPro.train INFO: history_Rank-1:{72.1 , 77.8 , 83.6 , 82.3 , 86.8 , 86.7 , 88.3 , 88.0 , 88.0 , 89.9 , 87.9 , 90.3 , 90.4 , 89.2 , 90.1 , 89.4 , 89.6 , 89.3 , 89.0 , 89.0 , 88.6 , 89.1 , 88.7 , 88.7}
2025-12-22 19:40:01,134 MambaPro.train INFO: best_Rank-1:{90.1}
2025-12-22 19:40:01,134 MambaPro.train INFO: history_Rank-5:{76.3 , 81.2 , 85.4 , 85.0 , 88.6 , 89.5 , 90.0 , 89.1 , 88.9 , 89.0 , 90.7 , 90.4 , 91.2 , 91.3 , 91.1 , 90.8 , 90.5 , 90.6 , 90.9 , 90.2 , 90.3}
2025-12-22 19:40:01,135 MambaPro.train INFO: best_Rank-5:{91.1}
2025-12-22 19:40:01,135 MambaPro.train INFO: history_Rank-10:{78.8 , 83.1 , 87.0 , 86.1 , 89.4 , 90.6 , 91.2 , 89.7 , 90.1 , 90.2 , 92.0 , 91.3 , 92.2 , 91.4 , 91.7 , 91.5 , 90.8 , 92.1 , 91.5 , 91.1 , 91.7 , 92.0 , 91.6}
2025-12-22 19:40:01,135 MambaPro.train INFO: best_Rank-10:{92.0}
2025-12-22 19:40:01,135 MambaPro.train INFO: history_Experts:{[0.00 , 0.00 , 0.00] , [0.00 , 0.00 , 0.00] , [0.00 , 0.00 , 0.00] , [0.00 , 0.00 , 0.00] , [0.00 , 0.00 , 0.00] , [0.00 , 0.00 , 0.00] , [0.00 , 0.00 , 0.00] , [0.00 , 0.00 , 0.00] , [0.00 , 0.00 , 0.00] , [0.00 , 0.00 , 0.00] , [0.00 , 0.00 , 0.00] , [0.00 , 0.00 , 0.00] , [0.00 , 0.00 , 0.00] , [0.00 , 0.00 , 0.00] , [0.00 , 0.00 , 0.00] , [0.00 , 0.00 , 0.00] , [0.00 , 0.00 , 0.00] , [0.00 , 0.00 , 0.00] , [0.00 , 0.00 , 0.00] , [0.00 , 0.00 , 0.00] , [0.00 , 0.00 , 0.00] , [0.00 , 0.00 , 0.00] , [0.00 , 0.00 , 0.00] , [0.00 , 0.00 , 0.00] , [0.00 , 0.00 , 0.00] , [0.00 , 0.00 , 0.00] , [0.00 , 0.00 , 0.00] , [0.00 , 0.00 , 0.00]}
2025-12-22 19:41:30,400 MambaPro.train INFO: Epoch 29 done. Time per batch: 0.761[s] Speed: 84.1[samples/s]
2025-12-22 19:43:04,971 MambaPro.train INFO: Validation Results - Epoch: 29
2025-12-22 19:43:04,971 MambaPro.train INFO: Current mAP: 76.7%
2025-12-22 19:43:04,971 MambaPro.train INFO: CMC curve, Rank-1  :88.7%
2025-12-22 19:43:04,971 MambaPro.train INFO: CMC curve, Rank-5  :90.3%
2025-12-22 19:43:04,971 MambaPro.train INFO: CMC curve, Rank-10 :91.4%
2025-12-22 19:43:04,971 MambaPro.train INFO: [Epoch 29] 指标集合列表（历史）
2025-12-22 19:43:04,971 MambaPro.train INFO: history_mAP:{49.7 , 56.7 , 68.6 , 66.8 , 70.6 , 70.6 , 73.7 , 73.3 , 75.0 , 75.1 , 76.3 , 73.8 , 75.1 , 75.8 , 75.6 , 77.0 , 77.2 , 76.8 , 76.9 , 76.8 , 76.6 , 76.7 , 76.9 , 77.0 , 76.9 , 76.8 , 76.7 , 76.8 , 76.7}
2025-12-22 19:43:04,971 MambaPro.train INFO: best_mAP:{77.2}
2025-12-22 19:43:04,971 MambaPro.train INFO: history_Rank-1:{72.1 , 77.8 , 83.6 , 82.3 , 86.8 , 86.7 , 88.3 , 88.0 , 88.0 , 89.9 , 87.9 , 90.3 , 90.4 , 89.2 , 90.1 , 89.4 , 89.6 , 89.3 , 89.0 , 89.0 , 88.6 , 89.1 , 88.7 , 88.7}
2025-12-22 19:43:04,971 MambaPro.train INFO: best_Rank-1:{90.1}
2025-12-22 19:43:04,971 MambaPro.train INFO: history_Rank-5:{76.3 , 81.2 , 85.4 , 85.0 , 88.6 , 89.5 , 90.0 , 89.1 , 88.9 , 89.0 , 90.7 , 90.4 , 91.2 , 91.3 , 91.1 , 90.8 , 90.5 , 90.6 , 90.9 , 90.2 , 90.3 , 90.3}
2025-12-22 19:43:04,971 MambaPro.train INFO: best_Rank-5:{91.1}
2025-12-22 19:43:04,971 MambaPro.train INFO: history_Rank-10:{78.8 , 83.1 , 87.0 , 86.1 , 89.4 , 90.6 , 91.2 , 89.7 , 90.1 , 90.2 , 92.0 , 91.3 , 92.2 , 91.4 , 91.7 , 91.5 , 90.8 , 92.1 , 91.5 , 91.1 , 91.7 , 92.0 , 91.6}
2025-12-22 19:43:04,971 MambaPro.train INFO: best_Rank-10:{92.0}
2025-12-22 19:43:04,971 MambaPro.train INFO: history_Experts:{[0.00 , 0.00 , 0.00] , [0.00 , 0.00 , 0.00] , [0.00 , 0.00 , 0.00] , [0.00 , 0.00 , 0.00] , [0.00 , 0.00 , 0.00] , [0.00 , 0.00 , 0.00] , [0.00 , 0.00 , 0.00] , [0.00 , 0.00 , 0.00] , [0.00 , 0.00 , 0.00] , [0.00 , 0.00 , 0.00] , [0.00 , 0.00 , 0.00] , [0.00 , 0.00 , 0.00] , [0.00 , 0.00 , 0.00] , [0.00 , 0.00 , 0.00] , [0.00 , 0.00 , 0.00] , [0.00 , 0.00 , 0.00] , [0.00 , 0.00 , 0.00] , [0.00 , 0.00 , 0.00] , [0.00 , 0.00 , 0.00] , [0.00 , 0.00 , 0.00] , [0.00 , 0.00 , 0.00] , [0.00 , 0.00 , 0.00] , [0.00 , 0.00 , 0.00] , [0.00 , 0.00 , 0.00] , [0.00 , 0.00 , 0.00] , [0.00 , 0.00 , 0.00] , [0.00 , 0.00 , 0.00] , [0.00 , 0.00 , 0.00] , [0.00 , 0.00 , 0.00]}
2025-12-22 19:44:33,483 MambaPro.train INFO: Epoch 30 done. Time per batch: 0.761[s] Speed: 84.1[samples/s]
2025-12-22 19:46:08,089 MambaPro.train INFO: Validation Results - Epoch: 30
2025-12-22 19:46:08,089 MambaPro.train INFO: Current mAP: 76.8%
2025-12-22 19:46:08,089 MambaPro.train INFO: CMC curve, Rank-1  :88.8%
2025-12-22 19:46:08,089 MambaPro.train INFO: CMC curve, Rank-5  :90.5%
2025-12-22 19:46:08,089 MambaPro.train INFO: CMC curve, Rank-10 :91.4%
2025-12-22 19:46:08,089 MambaPro.train INFO: [Epoch 30] 指标集合列表（历史）
2025-12-22 19:46:08,089 MambaPro.train INFO: history_mAP:{49.7 , 56.7 , 68.6 , 66.8 , 70.6 , 70.6 , 73.7 , 73.3 , 75.0 , 75.1 , 76.3 , 73.8 , 75.1 , 75.8 , 75.6 , 77.0 , 77.2 , 76.8 , 76.9 , 76.8 , 76.6 , 76.7 , 76.9 , 77.0 , 76.9 , 76.8 , 76.7 , 76.8 , 76.7 , 76.8}
2025-12-22 19:46:08,089 MambaPro.train INFO: best_mAP:{77.2}
2025-12-22 19:46:08,089 MambaPro.train INFO: history_Rank-1:{72.1 , 77.8 , 83.6 , 82.3 , 86.8 , 86.7 , 88.3 , 88.0 , 88.0 , 89.9 , 87.9 , 90.3 , 90.4 , 89.2 , 90.1 , 89.4 , 89.6 , 89.3 , 89.0 , 89.0 , 88.6 , 89.1 , 88.7 , 88.7 , 88.8}
2025-12-22 19:46:08,089 MambaPro.train INFO: best_Rank-1:{90.1}
2025-12-22 19:46:08,090 MambaPro.train INFO: history_Rank-5:{76.3 , 81.2 , 85.4 , 85.0 , 88.6 , 89.5 , 90.0 , 89.1 , 88.9 , 89.0 , 90.7 , 90.4 , 91.2 , 91.3 , 91.1 , 90.8 , 90.5 , 90.6 , 90.9 , 90.2 , 90.3 , 90.3}
2025-12-22 19:46:08,090 MambaPro.train INFO: best_Rank-5:{91.1}
2025-12-22 19:46:08,090 MambaPro.train INFO: history_Rank-10:{78.8 , 83.1 , 87.0 , 86.1 , 89.4 , 90.6 , 91.2 , 89.7 , 90.1 , 90.2 , 92.0 , 91.3 , 92.2 , 91.4 , 91.7 , 91.5 , 90.8 , 92.1 , 91.5 , 91.1 , 91.7 , 92.0 , 91.6}
2025-12-22 19:46:08,090 MambaPro.train INFO: best_Rank-10:{92.0}
2025-12-22 19:46:08,090 MambaPro.train INFO: history_Experts:{[0.00 , 0.00 , 0.00] , [0.00 , 0.00 , 0.00] , [0.00 , 0.00 , 0.00] , [0.00 , 0.00 , 0.00] , [0.00 , 0.00 , 0.00] , [0.00 , 0.00 , 0.00] , [0.00 , 0.00 , 0.00] , [0.00 , 0.00 , 0.00] , [0.00 , 0.00 , 0.00] , [0.00 , 0.00 , 0.00] , [0.00 , 0.00 , 0.00] , [0.00 , 0.00 , 0.00] , [0.00 , 0.00 , 0.00] , [0.00 , 0.00 , 0.00] , [0.00 , 0.00 , 0.00] , [0.00 , 0.00 , 0.00] , [0.00 , 0.00 , 0.00] , [0.00 , 0.00 , 0.00] , [0.00 , 0.00 , 0.00] , [0.00 , 0.00 , 0.00] , [0.00 , 0.00 , 0.00] , [0.00 , 0.00 , 0.00] , [0.00 , 0.00 , 0.00] , [0.00 , 0.00 , 0.00] , [0.00 , 0.00 , 0.00] , [0.00 , 0.00 , 0.00] , [0.00 , 0.00 , 0.00] , [0.00 , 0.00 , 0.00] , [0.00 , 0.00 , 0.00] , [0.00 , 0.00 , 0.00]}
2025-12-22 19:46:08,347 MambaPro.train INFO: ============================================================
