2025-12-12 06:55:18,653 MambaPro INFO: ================================================================================
2025-12-12 06:55:18,654 MambaPro INFO: 🧾 实验参数快照（命令行 + 最终配置）
2025-12-12 06:55:18,654 MambaPro INFO: ================================================================================
2025-12-12 06:55:18,654 MambaPro INFO: 【复现实验命令】
2025-12-12 06:55:18,654 MambaPro INFO: /home/zubuntu/miniconda/envs/MambaPro/bin/python train_net.py --config_file mybest_model/experiment_20251013_110028/configs/experiment_config.yml OUTPUT_DIR ./outputs/replay_best_tml
2025-12-12 06:55:18,654 MambaPro INFO: 【命令行参数（args）】
2025-12-12 06:55:18,654 MambaPro INFO: {
2025-12-12 06:55:18,654 MambaPro INFO:   "config_file": "mybest_model/experiment_20251013_110028/configs/experiment_config.yml",
2025-12-12 06:55:18,654 MambaPro INFO:   "fea_cft": 0,
2025-12-12 06:55:18,654 MambaPro INFO:   "opts": [
2025-12-12 06:55:18,654 MambaPro INFO:     "OUTPUT_DIR",
2025-12-12 06:55:18,654 MambaPro INFO:     "./outputs/replay_best_tml"
2025-12-12 06:55:18,654 MambaPro INFO:   ],
2025-12-12 06:55:18,654 MambaPro INFO:   "local_rank": 0,
2025-12-12 06:55:18,654 MambaPro INFO:   "use_multi_scale": false,
2025-12-12 06:55:18,654 MambaPro INFO:   "no_multi_scale": false,
2025-12-12 06:55:18,654 MambaPro INFO:   "use_moe": false,
2025-12-12 06:55:18,654 MambaPro INFO:   "disable_moe": false,
2025-12-12 06:55:18,654 MambaPro INFO:   "no_moe": false,
2025-12-12 06:55:18,654 MambaPro INFO:   "use_attention": false,
2025-12-12 06:55:18,654 MambaPro INFO:   "disable_attention": false,
2025-12-12 06:55:18,654 MambaPro INFO:   "attention_heads": 8,
2025-12-12 06:55:18,654 MambaPro INFO:   "attention_dropout": 0.1
2025-12-12 06:55:18,654 MambaPro INFO: }
2025-12-12 06:55:18,654 MambaPro INFO: 【工作目录】/home/zubuntu/workspace/yzy/MambaPro
2025-12-12 06:55:18,654 MambaPro INFO: 【最终配置（YAML）】
2025-12-12 06:55:18,657 MambaPro INFO: DATALOADER:
2025-12-12 06:55:18,657 MambaPro INFO:   NUM_INSTANCE: 8
2025-12-12 06:55:18,657 MambaPro INFO:   NUM_WORKERS: 8
2025-12-12 06:55:18,657 MambaPro INFO:   SAMPLER: softmax_triplet
2025-12-12 06:55:18,657 MambaPro INFO: DATASETS:
2025-12-12 06:55:18,657 MambaPro INFO:   NAMES: RGBNT201
2025-12-12 06:55:18,657 MambaPro INFO:   ROOT_DIR: /home/zubuntu/workspace/yzy/MambaPro/data/
2025-12-12 06:55:18,657 MambaPro INFO: INPUT:
2025-12-12 06:55:18,657 MambaPro INFO:   PADDING: 10
2025-12-12 06:55:18,657 MambaPro INFO:   PIXEL_MEAN:
2025-12-12 06:55:18,657 MambaPro INFO:   - 0.5
2025-12-12 06:55:18,657 MambaPro INFO:   - 0.5
2025-12-12 06:55:18,657 MambaPro INFO:   - 0.5
2025-12-12 06:55:18,657 MambaPro INFO:   PIXEL_STD:
2025-12-12 06:55:18,657 MambaPro INFO:   - 0.5
2025-12-12 06:55:18,657 MambaPro INFO:   - 0.5
2025-12-12 06:55:18,657 MambaPro INFO:   - 0.5
2025-12-12 06:55:18,657 MambaPro INFO:   PROB: 0.5
2025-12-12 06:55:18,657 MambaPro INFO:   RE_PROB: 0.5
2025-12-12 06:55:18,657 MambaPro INFO:   SIZE_TEST:
2025-12-12 06:55:18,657 MambaPro INFO:   - 256
2025-12-12 06:55:18,657 MambaPro INFO:   - 128
2025-12-12 06:55:18,657 MambaPro INFO:   SIZE_TRAIN:
2025-12-12 06:55:18,657 MambaPro INFO:   - 256
2025-12-12 06:55:18,657 MambaPro INFO:   - 128
2025-12-12 06:55:18,657 MambaPro INFO: MODEL:
2025-12-12 06:55:18,657 MambaPro INFO:   ADAPTER: true
2025-12-12 06:55:18,657 MambaPro INFO:   ATTENTION_DIM: 512
2025-12-12 06:55:18,657 MambaPro INFO:   ATTENTION_DROPOUT: 0.1
2025-12-12 06:55:18,657 MambaPro INFO:   ATTENTION_NUM_HEADS: 8
2025-12-12 06:55:18,657 MambaPro INFO:   ATT_DROP_RATE: 0.0
2025-12-12 06:55:18,657 MambaPro INFO:   CLIP_MULTI_SCALE_SCALES:
2025-12-12 06:55:18,657 MambaPro INFO:   - 4
2025-12-12 06:55:18,657 MambaPro INFO:   - 8
2025-12-12 06:55:18,657 MambaPro INFO:   - 16
2025-12-12 06:55:18,657 MambaPro INFO:   DEVICE: cuda
2025-12-12 06:55:18,657 MambaPro INFO:   DEVICE_ID: '0'
2025-12-12 06:55:18,657 MambaPro INFO:   DIRECT: 1
2025-12-12 06:55:18,657 MambaPro INFO:   DIST_TRAIN: false
2025-12-12 06:55:18,657 MambaPro INFO:   DROP_OUT: 0.0
2025-12-12 06:55:18,657 MambaPro INFO:   DROP_PATH: 0.1
2025-12-12 06:55:18,657 MambaPro INFO:   FLOPS_TEST: false
2025-12-12 06:55:18,657 MambaPro INFO:   FROZEN: true
2025-12-12 06:55:18,657 MambaPro INFO:   GATE_DROPOUT: 0.1
2025-12-12 06:55:18,657 MambaPro INFO:   ID_LOSS_TYPE: softmax
2025-12-12 06:55:18,657 MambaPro INFO:   ID_LOSS_WEIGHT: 0.25
2025-12-12 06:55:18,657 MambaPro INFO:   IF_LABELSMOOTH: 'on'
2025-12-12 06:55:18,657 MambaPro INFO:   IF_WITH_CENTER: 'no'
2025-12-12 06:55:18,657 MambaPro INFO:   LAYER: -1
2025-12-12 06:55:18,657 MambaPro INFO:   MAMBA: true
2025-12-12 06:55:18,657 MambaPro INFO:   MAMBA_BI: false
2025-12-12 06:55:18,657 MambaPro INFO:   METRIC_LOSS_TYPE: triplet
2025-12-12 06:55:18,658 MambaPro INFO:   MOE_BALANCE_LOSS_WEIGHT: 0.01
2025-12-12 06:55:18,658 MambaPro INFO:   MOE_DIVERSITY_LOSS_WEIGHT: 0.01
2025-12-12 06:55:18,658 MambaPro INFO:   MOE_EXPERT_DROPOUT: 0.1
2025-12-12 06:55:18,658 MambaPro INFO:   MOE_EXPERT_HIDDEN_DIM: 1024
2025-12-12 06:55:18,658 MambaPro INFO:   MOE_EXPERT_LAYERS: 2
2025-12-12 06:55:18,658 MambaPro INFO:   MOE_EXPERT_THRESHOLD: 0.1
2025-12-12 06:55:18,658 MambaPro INFO:   MOE_FIXED_WEIGHTS:
2025-12-12 06:55:18,658 MambaPro INFO:   - 0.33
2025-12-12 06:55:18,658 MambaPro INFO:   - 0.33
2025-12-12 06:55:18,658 MambaPro INFO:   - 0.34
2025-12-12 06:55:18,658 MambaPro INFO:   MOE_GATE_DROPOUT: 0.1
2025-12-12 06:55:18,658 MambaPro INFO:   MOE_GATE_LAYERS: 2
2025-12-12 06:55:18,658 MambaPro INFO:   MOE_INIT_WEIGHTS: null
2025-12-12 06:55:18,658 MambaPro INFO:   MOE_NUM_EXPERTS: 3
2025-12-12 06:55:18,658 MambaPro INFO:   MOE_RESIDUAL_WEIGHT: 1.0
2025-12-12 06:55:18,658 MambaPro INFO:   MOE_SCALES:
2025-12-12 06:55:18,658 MambaPro INFO:   - 4
2025-12-12 06:55:18,658 MambaPro INFO:   - 8
2025-12-12 06:55:18,658 MambaPro INFO:   - 16
2025-12-12 06:55:18,658 MambaPro INFO:   MOE_SPARSITY_LOSS_WEIGHT: 0.001
2025-12-12 06:55:18,658 MambaPro INFO:   MOE_TEMPERATURE: 0.7
2025-12-12 06:55:18,658 MambaPro INFO:   MOE_TOP_K: 2
2025-12-12 06:55:18,658 MambaPro INFO:   MOE_TOP_K_MODE: soft
2025-12-12 06:55:18,658 MambaPro INFO:   MOE_USE_FIXED_WEIGHTS: false
2025-12-12 06:55:18,658 MambaPro INFO:   MOE_USE_TOP_K_ROUTING: false
2025-12-12 06:55:18,658 MambaPro INFO:   MULTI_SCALE_SCALES:
2025-12-12 06:55:18,658 MambaPro INFO:   - 4
2025-12-12 06:55:18,658 MambaPro INFO:   - 8
2025-12-12 06:55:18,658 MambaPro INFO:   - 16
2025-12-12 06:55:18,658 MambaPro INFO:   NAME: MambaPro
2025-12-12 06:55:18,658 MambaPro INFO:   NECK: bnneck
2025-12-12 06:55:18,658 MambaPro INFO:   NO_MARGIN: true
2025-12-12 06:55:18,658 MambaPro INFO:   PREFIX_NUM: 1
2025-12-12 06:55:18,658 MambaPro INFO:   PRETRAIN_PATH_T: /home/zubuntu/workspace/yzy/MambaPro/pths/ViT-B-16.pt
2025-12-12 06:55:18,658 MambaPro INFO:   PROMPT: true
2025-12-12 06:55:18,658 MambaPro INFO:   SIE_CAMERA: true
2025-12-12 06:55:18,658 MambaPro INFO:   SIE_COE: 1.0
2025-12-12 06:55:18,658 MambaPro INFO:   SIE_VIEW: false
2025-12-12 06:55:18,658 MambaPro INFO:   STRIDE_SIZE:
2025-12-12 06:55:18,658 MambaPro INFO:   - 16
2025-12-12 06:55:18,658 MambaPro INFO:   - 16
2025-12-12 06:55:18,658 MambaPro INFO:   TRANSFORMER_TYPE: ViT-B-16
2025-12-12 06:55:18,658 MambaPro INFO:   TRIPLET_LOSS_WEIGHT: 1.0
2025-12-12 06:55:18,658 MambaPro INFO:   USE_ATTENTION_FUSION: false
2025-12-12 06:55:18,658 MambaPro INFO:   USE_CLIP_MULTI_SCALE: true
2025-12-12 06:55:18,658 MambaPro INFO:   USE_GATE_FUSION: false
2025-12-12 06:55:18,658 MambaPro INFO:   USE_MULTI_SCALE: false
2025-12-12 06:55:18,658 MambaPro INFO:   USE_MULTI_SCALE_MOE: true
2025-12-12 06:55:18,658 MambaPro INFO: OUTPUT_DIR: ./outputs/replay_best_tml/run_20251212_065518
2025-12-12 06:55:18,658 MambaPro INFO: SOLVER:
2025-12-12 06:55:18,658 MambaPro INFO:   BASE_LR: 0.0005
2025-12-12 06:55:18,658 MambaPro INFO:   BIAS_LR_FACTOR: 2
2025-12-12 06:55:18,658 MambaPro INFO:   CENTER_LOSS_WEIGHT: 0.0005
2025-12-12 06:55:18,658 MambaPro INFO:   CENTER_LR: 0.5
2025-12-12 06:55:18,658 MambaPro INFO:   CHECKPOINT_PERIOD: 10
2025-12-12 06:55:18,658 MambaPro INFO:   CLUSTER_MARGIN: 0.3
2025-12-12 06:55:18,658 MambaPro INFO:   COSINE_MARGIN: 0.5
2025-12-12 06:55:18,658 MambaPro INFO:   COSINE_SCALE: 30
2025-12-12 06:55:18,658 MambaPro INFO:   EVAL_PERIOD: 5
2025-12-12 06:55:18,658 MambaPro INFO:   GAMMA: 0.1
2025-12-12 06:55:18,658 MambaPro INFO:   IMS_PER_BATCH: 32
2025-12-12 06:55:18,658 MambaPro INFO:   LARGE_FC_LR: false
2025-12-12 06:55:18,658 MambaPro INFO:   LOG_PERIOD: 10
2025-12-12 06:55:18,658 MambaPro INFO:   MARGIN: 0.3
2025-12-12 06:55:18,658 MambaPro INFO:   MAX_EPOCHS: 60
2025-12-12 06:55:18,658 MambaPro INFO:   MOE_BALANCE_LOSS_WEIGHT: 0.001
2025-12-12 06:55:18,658 MambaPro INFO:   MOE_BALANCE_LOSS_WEIGHT_END: 0.1
2025-12-12 06:55:18,658 MambaPro INFO:   MOE_BALANCE_LOSS_WEIGHT_START: 0.001
2025-12-12 06:55:18,658 MambaPro INFO:   MOE_BALANCE_THRESHOLD: 0.3
2025-12-12 06:55:18,658 MambaPro INFO:   MOE_DIVERSITY_LOSS_WEIGHT: 0.001
2025-12-12 06:55:18,658 MambaPro INFO:   MOE_DIVERSITY_LOSS_WEIGHT_END: 0.1
2025-12-12 06:55:18,658 MambaPro INFO:   MOE_DIVERSITY_LOSS_WEIGHT_START: 0.001
2025-12-12 06:55:18,658 MambaPro INFO:   MOE_GATE_LR_FACTOR: 0.01
2025-12-12 06:55:18,658 MambaPro INFO:   MOE_LOSS_WEIGHT_SCHEDULE_TYPE: cosine
2025-12-12 06:55:18,658 MambaPro INFO:   MOE_LOSS_WEIGHT_WARMUP_EPOCHS: 5
2025-12-12 06:55:18,658 MambaPro INFO:   MOE_SPARSITY_LOSS_WEIGHT: 0.0001
2025-12-12 06:55:18,658 MambaPro INFO:   MOE_USE_DYNAMIC_LOSS_WEIGHT: false
2025-12-12 06:55:18,658 MambaPro INFO:   MOMENTUM: 0.9
2025-12-12 06:55:18,658 MambaPro INFO:   OPTIMIZER_NAME: Adam
2025-12-12 06:55:18,658 MambaPro INFO:   RANGE_ALPHA: 0
2025-12-12 06:55:18,658 MambaPro INFO:   RANGE_BETA: 1
2025-12-12 06:55:18,658 MambaPro INFO:   RANGE_K: 2
2025-12-12 06:55:18,659 MambaPro INFO:   RANGE_LOSS_WEIGHT: 1
2025-12-12 06:55:18,659 MambaPro INFO:   RANGE_MARGIN: 0.3
2025-12-12 06:55:18,659 MambaPro INFO:   SEED: 42
2025-12-12 06:55:18,659 MambaPro INFO:   STEPS:
2025-12-12 06:55:18,659 MambaPro INFO:   - 30
2025-12-12 06:55:18,659 MambaPro INFO:   - 50
2025-12-12 06:55:18,659 MambaPro INFO:   WARMUP_FACTOR: 0.01
2025-12-12 06:55:18,659 MambaPro INFO:   WARMUP_ITERS: 20
2025-12-12 06:55:18,659 MambaPro INFO:   WARMUP_METHOD: linear
2025-12-12 06:55:18,659 MambaPro INFO:   WEIGHT_DECAY: 0.0005
2025-12-12 06:55:18,659 MambaPro INFO:   WEIGHT_DECAY_BIAS: 0.0005
2025-12-12 06:55:18,659 MambaPro INFO: TEST:
2025-12-12 06:55:18,659 MambaPro INFO:   FEAT: 0
2025-12-12 06:55:18,659 MambaPro INFO:   FEAT_NORM: 'yes'
2025-12-12 06:55:18,659 MambaPro INFO:   IMS_PER_BATCH: 64
2025-12-12 06:55:18,659 MambaPro INFO:   MISS: nothing
2025-12-12 06:55:18,659 MambaPro INFO:   NECK_FEAT: after
2025-12-12 06:55:18,659 MambaPro INFO:   RE_RANKING: 'no'
2025-12-12 06:55:18,659 MambaPro INFO:   WEIGHT: /home/zubuntu/workspace/yzy/MambaPro/pths/MambaProbest.pth
2025-12-12 06:55:18,659 MambaPro INFO: ================================================================================
2025-12-12 06:55:20,817 MambaPro.train INFO: start training
2025-12-12 06:55:41,284 MambaPro.train INFO: Epoch 1 done. Time per batch: 0.191[s] Speed: 167.4[samples/s]
2025-12-12 06:56:01,135 MambaPro.train INFO: Epoch 2 done. Time per batch: 0.186[s] Speed: 172.5[samples/s]
2025-12-12 06:56:21,136 MambaPro.train INFO: Epoch 3 done. Time per batch: 0.187[s] Speed: 171.2[samples/s]
2025-12-12 06:56:41,080 MambaPro.train INFO: Epoch 4 done. Time per batch: 0.186[s] Speed: 171.7[samples/s]
2025-12-12 06:57:01,035 MambaPro.train INFO: Epoch 5 done. Time per batch: 0.186[s] Speed: 171.6[samples/s]
2025-12-12 06:57:08,574 MambaPro.train INFO: Validation Results - Epoch: 5
2025-12-12 06:57:08,574 MambaPro.train INFO: Current mAP: 57.0%
2025-12-12 06:57:08,574 MambaPro.train INFO: CMC curve, Rank-1  :63.3%
2025-12-12 06:57:08,574 MambaPro.train INFO: CMC curve, Rank-5  :76.6%
2025-12-12 06:57:08,574 MambaPro.train INFO: CMC curve, Rank-10 :82.8%
2025-12-12 06:57:08,575 MambaPro.train INFO: 🎯 New Best! Saving model...
2025-12-12 06:57:09,000 MambaPro.train INFO: [Epoch 5] 指标集合列表（历史）
2025-12-12 06:57:09,000 MambaPro.train INFO: history_mAP:{57.0}
2025-12-12 06:57:09,000 MambaPro.train INFO: best_mAP:{57.0}
2025-12-12 06:57:09,000 MambaPro.train INFO: history_Rank-1:{63.3}
2025-12-12 06:57:09,000 MambaPro.train INFO: best_Rank-1:{63.3}
2025-12-12 06:57:09,000 MambaPro.train INFO: history_Rank-5:{76.6}
2025-12-12 06:57:09,000 MambaPro.train INFO: best_Rank-5:{76.6}
2025-12-12 06:57:09,000 MambaPro.train INFO: history_Rank-10:{82.8}
2025-12-12 06:57:09,000 MambaPro.train INFO: best_Rank-10:{82.8}
2025-12-12 06:57:09,000 MambaPro.train INFO: history_Experts:{[0.35 , 0.34 , 0.31]}
2025-12-12 06:57:09,000 MambaPro.train INFO: best_Experts:{[0.35 , 0.34 , 0.31]}
2025-12-12 06:57:09,000 MambaPro.train INFO: 🔥 MoE损失(Val): 平衡=0.0000, 稀疏性=0.9985, 多样性=2.6550, 总=0.0028 (权重: 平衡=0.001, 稀疏性=0.000, 多样性=0.001)
2025-12-12 06:57:09,000 MambaPro.train INFO:    📊 专家权重分布(Val): [0.35 , 0.34 , 0.31]
2025-12-12 06:57:29,081 MambaPro.train INFO: Epoch 6 done. Time per batch: 0.186[s] Speed: 171.6[samples/s]
2025-12-12 06:57:49,084 MambaPro.train INFO: Epoch 7 done. Time per batch: 0.187[s] Speed: 171.2[samples/s]
2025-12-12 06:58:09,002 MambaPro.train INFO: Epoch 8 done. Time per batch: 0.186[s] Speed: 171.9[samples/s]
2025-12-12 06:58:28,936 MambaPro.train INFO: Epoch 9 done. Time per batch: 0.186[s] Speed: 171.8[samples/s]
2025-12-12 06:58:48,872 MambaPro.train INFO: Epoch 10 done. Time per batch: 0.186[s] Speed: 171.7[samples/s]
2025-12-12 06:58:56,812 MambaPro.train INFO: Validation Results - Epoch: 10
2025-12-12 06:58:56,812 MambaPro.train INFO: Current mAP: 30.3%
2025-12-12 06:58:56,812 MambaPro.train INFO: CMC curve, Rank-1  :30.5%
2025-12-12 06:58:56,812 MambaPro.train INFO: CMC curve, Rank-5  :44.5%
2025-12-12 06:58:56,812 MambaPro.train INFO: CMC curve, Rank-10 :52.8%
2025-12-12 06:58:56,813 MambaPro.train INFO: [Epoch 10] 指标集合列表（历史）
2025-12-12 06:58:56,813 MambaPro.train INFO: history_mAP:{57.0 , 30.3}
2025-12-12 06:58:56,813 MambaPro.train INFO: best_mAP:{57.0}
2025-12-12 06:58:56,813 MambaPro.train INFO: history_Rank-1:{63.3 , 30.5}
2025-12-12 06:58:56,813 MambaPro.train INFO: best_Rank-1:{63.3}
2025-12-12 06:58:56,813 MambaPro.train INFO: history_Rank-5:{76.6 , 44.5}
2025-12-12 06:58:56,813 MambaPro.train INFO: best_Rank-5:{76.6}
2025-12-12 06:58:56,813 MambaPro.train INFO: history_Rank-10:{82.8 , 52.8}
2025-12-12 06:58:56,813 MambaPro.train INFO: best_Rank-10:{82.8}
2025-12-12 06:58:56,813 MambaPro.train INFO: history_Experts:{[0.35 , 0.34 , 0.31] , [0.36 , 0.34 , 0.29]}
2025-12-12 06:58:56,813 MambaPro.train INFO: best_Experts:{[0.35 , 0.34 , 0.31]}
2025-12-12 06:58:56,813 MambaPro.train INFO: 🔥 MoE损失(Val): 平衡=0.0000, 稀疏性=0.9958, 多样性=2.6334, 总=0.0027 (权重: 平衡=0.001, 稀疏性=0.000, 多样性=0.001)
2025-12-12 06:58:56,813 MambaPro.train INFO:    📊 专家权重分布(Val): [0.36 , 0.34 , 0.29]
2025-12-12 06:59:16,692 MambaPro.train INFO: Epoch 11 done. Time per batch: 0.186[s] Speed: 171.8[samples/s]
2025-12-12 06:59:36,764 MambaPro.train INFO: Epoch 12 done. Time per batch: 0.188[s] Speed: 170.6[samples/s]
2025-12-12 06:59:56,731 MambaPro.train INFO: Epoch 13 done. Time per batch: 0.187[s] Speed: 171.5[samples/s]
2025-12-12 07:00:16,695 MambaPro.train INFO: Epoch 14 done. Time per batch: 0.187[s] Speed: 171.5[samples/s]
2025-12-12 07:00:36,605 MambaPro.train INFO: Epoch 15 done. Time per batch: 0.186[s] Speed: 172.0[samples/s]
2025-12-12 07:00:44,103 MambaPro.train INFO: Validation Results - Epoch: 15
2025-12-12 07:00:44,104 MambaPro.train INFO: Current mAP: 55.1%
2025-12-12 07:00:44,104 MambaPro.train INFO: CMC curve, Rank-1  :60.9%
2025-12-12 07:00:44,104 MambaPro.train INFO: CMC curve, Rank-5  :73.6%
2025-12-12 07:00:44,104 MambaPro.train INFO: CMC curve, Rank-10 :80.1%
2025-12-12 07:00:44,104 MambaPro.train INFO: [Epoch 15] 指标集合列表（历史）
2025-12-12 07:00:44,104 MambaPro.train INFO: history_mAP:{57.0 , 30.3 , 55.1}
2025-12-12 07:00:44,104 MambaPro.train INFO: best_mAP:{57.0}
2025-12-12 07:00:44,104 MambaPro.train INFO: history_Rank-1:{63.3 , 30.5 , 60.9}
2025-12-12 07:00:44,104 MambaPro.train INFO: best_Rank-1:{63.3}
2025-12-12 07:00:44,104 MambaPro.train INFO: history_Rank-5:{76.6 , 44.5 , 73.6}
2025-12-12 07:00:44,104 MambaPro.train INFO: best_Rank-5:{76.6}
2025-12-12 07:00:44,104 MambaPro.train INFO: history_Rank-10:{82.8 , 52.8 , 80.1}
2025-12-12 07:00:44,104 MambaPro.train INFO: best_Rank-10:{82.8}
2025-12-12 07:00:44,104 MambaPro.train INFO: history_Experts:{[0.35 , 0.34 , 0.31] , [0.36 , 0.34 , 0.29] , [0.40 , 0.34 , 0.26]}
2025-12-12 07:00:44,105 MambaPro.train INFO: best_Experts:{[0.35 , 0.34 , 0.31]}
2025-12-12 07:00:44,105 MambaPro.train INFO: 🔥 MoE损失(Val): 平衡=0.0000, 稀疏性=0.9845, 多样性=2.5467, 总=0.0026 (权重: 平衡=0.001, 稀疏性=0.000, 多样性=0.001)
2025-12-12 07:00:44,105 MambaPro.train INFO:    📊 专家权重分布(Val): [0.40 , 0.34 , 0.26]
2025-12-12 07:01:04,145 MambaPro.train INFO: Epoch 16 done. Time per batch: 0.186[s] Speed: 172.0[samples/s]
2025-12-12 07:01:24,104 MambaPro.train INFO: Epoch 17 done. Time per batch: 0.187[s] Speed: 171.6[samples/s]
2025-12-12 07:01:43,832 MambaPro.train INFO: Epoch 18 done. Time per batch: 0.186[s] Speed: 171.9[samples/s]
2025-12-12 07:02:03,764 MambaPro.train INFO: Epoch 19 done. Time per batch: 0.186[s] Speed: 171.8[samples/s]
2025-12-12 07:02:23,708 MambaPro.train INFO: Epoch 20 done. Time per batch: 0.186[s] Speed: 171.7[samples/s]
2025-12-12 07:02:31,678 MambaPro.train INFO: Validation Results - Epoch: 20
2025-12-12 07:02:31,678 MambaPro.train INFO: Current mAP: 54.0%
2025-12-12 07:02:31,678 MambaPro.train INFO: CMC curve, Rank-1  :58.9%
2025-12-12 07:02:31,678 MambaPro.train INFO: CMC curve, Rank-5  :72.4%
2025-12-12 07:02:31,678 MambaPro.train INFO: CMC curve, Rank-10 :82.2%
2025-12-12 07:02:31,679 MambaPro.train INFO: [Epoch 20] 指标集合列表（历史）
2025-12-12 07:02:31,679 MambaPro.train INFO: history_mAP:{57.0 , 30.3 , 55.1 , 54.0}
2025-12-12 07:02:31,679 MambaPro.train INFO: best_mAP:{57.0}
2025-12-12 07:02:31,679 MambaPro.train INFO: history_Rank-1:{63.3 , 30.5 , 60.9 , 58.9}
2025-12-12 07:02:31,679 MambaPro.train INFO: best_Rank-1:{63.3}
2025-12-12 07:02:31,679 MambaPro.train INFO: history_Rank-5:{76.6 , 44.5 , 73.6 , 72.4}
2025-12-12 07:02:31,679 MambaPro.train INFO: best_Rank-5:{76.6}
2025-12-12 07:02:31,679 MambaPro.train INFO: history_Rank-10:{82.8 , 52.8 , 80.1 , 82.2}
2025-12-12 07:02:31,679 MambaPro.train INFO: best_Rank-10:{82.8}
2025-12-12 07:02:31,679 MambaPro.train INFO: history_Experts:{[0.35 , 0.34 , 0.31] , [0.36 , 0.34 , 0.29] , [0.40 , 0.34 , 0.26] , [0.60 , 0.24 , 0.15]}
2025-12-12 07:02:31,679 MambaPro.train INFO: best_Experts:{[0.35 , 0.34 , 0.31]}
2025-12-12 07:02:31,679 MambaPro.train INFO: 🔥 MoE损失(Val): 平衡=0.1029, 稀疏性=0.8327, 多样性=1.6638, 总=0.0019 (权重: 平衡=0.001, 稀疏性=0.000, 多样性=0.001)
2025-12-12 07:02:31,679 MambaPro.train INFO:    📊 专家权重分布(Val): [0.60 , 0.24 , 0.15]
2025-12-12 07:02:51,581 MambaPro.train INFO: Epoch 21 done. Time per batch: 0.186[s] Speed: 171.6[samples/s]
2025-12-12 07:03:11,668 MambaPro.train INFO: Epoch 22 done. Time per batch: 0.188[s] Speed: 170.5[samples/s]
2025-12-12 07:03:31,652 MambaPro.train INFO: Epoch 23 done. Time per batch: 0.187[s] Speed: 171.3[samples/s]
2025-12-12 07:03:51,602 MambaPro.train INFO: Epoch 24 done. Time per batch: 0.186[s] Speed: 171.6[samples/s]
2025-12-12 07:04:11,546 MambaPro.train INFO: Epoch 25 done. Time per batch: 0.188[s] Speed: 170.1[samples/s]
2025-12-12 07:04:19,074 MambaPro.train INFO: Validation Results - Epoch: 25
2025-12-12 07:04:19,074 MambaPro.train INFO: Current mAP: 71.9%
2025-12-12 07:04:19,074 MambaPro.train INFO: CMC curve, Rank-1  :73.8%
2025-12-12 07:04:19,074 MambaPro.train INFO: CMC curve, Rank-5  :81.8%
2025-12-12 07:04:19,074 MambaPro.train INFO: CMC curve, Rank-10 :88.6%
2025-12-12 07:04:19,074 MambaPro.train INFO: 🎯 New Best! Saving model...
2025-12-12 07:04:19,719 MambaPro.train INFO: [Epoch 25] 指标集合列表（历史）
2025-12-12 07:04:19,719 MambaPro.train INFO: history_mAP:{57.0 , 30.3 , 55.1 , 54.0 , 71.9}
2025-12-12 07:04:19,719 MambaPro.train INFO: best_mAP:{71.9}
2025-12-12 07:04:19,719 MambaPro.train INFO: history_Rank-1:{63.3 , 30.5 , 60.9 , 58.9 , 73.8}
2025-12-12 07:04:19,719 MambaPro.train INFO: best_Rank-1:{73.8}
2025-12-12 07:04:19,719 MambaPro.train INFO: history_Rank-5:{76.6 , 44.5 , 73.6 , 72.4 , 81.8}
2025-12-12 07:04:19,719 MambaPro.train INFO: best_Rank-5:{81.8}
2025-12-12 07:04:19,719 MambaPro.train INFO: history_Rank-10:{82.8 , 52.8 , 80.1 , 82.2 , 88.6}
2025-12-12 07:04:19,719 MambaPro.train INFO: best_Rank-10:{88.6}
2025-12-12 07:04:19,719 MambaPro.train INFO: history_Experts:{[0.35 , 0.34 , 0.31] , [0.36 , 0.34 , 0.29] , [0.40 , 0.34 , 0.26] , [0.60 , 0.24 , 0.15] , [0.81 , 0.11 , 0.08]}
2025-12-12 07:04:19,719 MambaPro.train INFO: best_Experts:{[0.81 , 0.11 , 0.08]}
2025-12-12 07:04:19,719 MambaPro.train INFO: 🔥 MoE损失(Val): 平衡=0.5372, 稀疏性=0.4913, 多样性=0.6494, 总=0.0012 (权重: 平衡=0.001, 稀疏性=0.000, 多样性=0.001)
2025-12-12 07:04:19,719 MambaPro.train INFO:    📊 专家权重分布(Val): [0.81 , 0.11 , 0.08]
2025-12-12 07:04:39,805 MambaPro.train INFO: Epoch 26 done. Time per batch: 0.186[s] Speed: 171.6[samples/s]
2025-12-12 07:04:59,808 MambaPro.train INFO: Epoch 27 done. Time per batch: 0.187[s] Speed: 171.2[samples/s]
2025-12-12 07:05:19,807 MambaPro.train INFO: Epoch 28 done. Time per batch: 0.187[s] Speed: 171.2[samples/s]
2025-12-12 07:05:39,793 MambaPro.train INFO: Epoch 29 done. Time per batch: 0.187[s] Speed: 171.3[samples/s]
2025-12-12 07:05:59,752 MambaPro.train INFO: Epoch 30 done. Time per batch: 0.187[s] Speed: 171.6[samples/s]
2025-12-12 07:06:07,674 MambaPro.train INFO: Validation Results - Epoch: 30
2025-12-12 07:06:07,674 MambaPro.train INFO: Current mAP: 75.9%
2025-12-12 07:06:07,674 MambaPro.train INFO: CMC curve, Rank-1  :79.1%
2025-12-12 07:06:07,674 MambaPro.train INFO: CMC curve, Rank-5  :86.0%
2025-12-12 07:06:07,674 MambaPro.train INFO: CMC curve, Rank-10 :90.6%
2025-12-12 07:06:07,675 MambaPro.train INFO: 🎯 New Best! Saving model...
2025-12-12 07:06:08,341 MambaPro.train INFO: [Epoch 30] 指标集合列表（历史）
2025-12-12 07:06:08,341 MambaPro.train INFO: history_mAP:{57.0 , 30.3 , 55.1 , 54.0 , 71.9 , 75.9}
2025-12-12 07:06:08,341 MambaPro.train INFO: best_mAP:{75.9}
2025-12-12 07:06:08,341 MambaPro.train INFO: history_Rank-1:{63.3 , 30.5 , 60.9 , 58.9 , 73.8 , 79.1}
2025-12-12 07:06:08,341 MambaPro.train INFO: best_Rank-1:{79.1}
2025-12-12 07:06:08,341 MambaPro.train INFO: history_Rank-5:{76.6 , 44.5 , 73.6 , 72.4 , 81.8 , 86.0}
2025-12-12 07:06:08,341 MambaPro.train INFO: best_Rank-5:{86.0}
2025-12-12 07:06:08,341 MambaPro.train INFO: history_Rank-10:{82.8 , 52.8 , 80.1 , 82.2 , 88.6 , 90.6}
2025-12-12 07:06:08,341 MambaPro.train INFO: best_Rank-10:{90.6}
2025-12-12 07:06:08,342 MambaPro.train INFO: history_Experts:{[0.35 , 0.34 , 0.31] , [0.36 , 0.34 , 0.29] , [0.40 , 0.34 , 0.26] , [0.60 , 0.24 , 0.15] , [0.81 , 0.11 , 0.08] , [0.88 , 0.07 , 0.05]}
2025-12-12 07:06:08,342 MambaPro.train INFO: best_Experts:{[0.88 , 0.07 , 0.05]}
2025-12-12 07:06:08,342 MambaPro.train INFO: 🔥 MoE损失(Val): 平衡=0.7652, 稀疏性=0.3367, 多样性=0.3859, 总=0.0012 (权重: 平衡=0.001, 稀疏性=0.000, 多样性=0.001)
2025-12-12 07:06:08,342 MambaPro.train INFO:    📊 专家权重分布(Val): [0.88 , 0.07 , 0.05]
2025-12-12 07:06:28,488 MambaPro.train INFO: Epoch 31 done. Time per batch: 0.187[s] Speed: 171.1[samples/s]
2025-12-12 07:06:48,470 MambaPro.train INFO: Epoch 32 done. Time per batch: 0.189[s] Speed: 169.8[samples/s]
2025-12-12 07:07:08,440 MambaPro.train INFO: Epoch 33 done. Time per batch: 0.187[s] Speed: 171.5[samples/s]
2025-12-12 07:07:28,289 MambaPro.train INFO: Epoch 34 done. Time per batch: 0.187[s] Speed: 170.9[samples/s]
2025-12-12 07:07:48,242 MambaPro.train INFO: Epoch 35 done. Time per batch: 0.186[s] Speed: 171.6[samples/s]
2025-12-12 07:07:55,817 MambaPro.train INFO: Validation Results - Epoch: 35
2025-12-12 07:07:55,817 MambaPro.train INFO: Current mAP: 75.0%
2025-12-12 07:07:55,817 MambaPro.train INFO: CMC curve, Rank-1  :77.8%
2025-12-12 07:07:55,817 MambaPro.train INFO: CMC curve, Rank-5  :86.1%
2025-12-12 07:07:55,817 MambaPro.train INFO: CMC curve, Rank-10 :90.8%
2025-12-12 07:07:55,818 MambaPro.train INFO: [Epoch 35] 指标集合列表（历史）
2025-12-12 07:07:55,818 MambaPro.train INFO: history_mAP:{57.0 , 30.3 , 55.1 , 54.0 , 71.9 , 75.9 , 75.0}
2025-12-12 07:07:55,818 MambaPro.train INFO: best_mAP:{75.9}
2025-12-12 07:07:55,818 MambaPro.train INFO: history_Rank-1:{63.3 , 30.5 , 60.9 , 58.9 , 73.8 , 79.1 , 77.8}
2025-12-12 07:07:55,818 MambaPro.train INFO: best_Rank-1:{79.1}
2025-12-12 07:07:55,818 MambaPro.train INFO: history_Rank-5:{76.6 , 44.5 , 73.6 , 72.4 , 81.8 , 86.0 , 86.1}
2025-12-12 07:07:55,818 MambaPro.train INFO: best_Rank-5:{86.0}
2025-12-12 07:07:55,818 MambaPro.train INFO: history_Rank-10:{82.8 , 52.8 , 80.1 , 82.2 , 88.6 , 90.6 , 90.8}
2025-12-12 07:07:55,818 MambaPro.train INFO: best_Rank-10:{90.6}
2025-12-12 07:07:55,818 MambaPro.train INFO: history_Experts:{[0.35 , 0.34 , 0.31] , [0.36 , 0.34 , 0.29] , [0.40 , 0.34 , 0.26] , [0.60 , 0.24 , 0.15] , [0.81 , 0.11 , 0.08] , [0.88 , 0.07 , 0.05] , [0.91 , 0.05 , 0.04]}
2025-12-12 07:07:55,818 MambaPro.train INFO: best_Experts:{[0.88 , 0.07 , 0.05]}
2025-12-12 07:07:55,818 MambaPro.train INFO: 🔥 MoE损失(Val): 平衡=0.8880, 稀疏性=0.2560, 多样性=0.2744, 总=0.0012 (权重: 平衡=0.001, 稀疏性=0.000, 多样性=0.001)
2025-12-12 07:07:55,818 MambaPro.train INFO:    📊 专家权重分布(Val): [0.91 , 0.05 , 0.04]
2025-12-12 07:08:15,933 MambaPro.train INFO: Epoch 36 done. Time per batch: 0.187[s] Speed: 171.4[samples/s]
2025-12-12 07:08:36,381 MambaPro.train INFO: Epoch 37 done. Time per batch: 0.191[s] Speed: 167.5[samples/s]
2025-12-12 07:08:56,247 MambaPro.train INFO: Epoch 38 done. Time per batch: 0.187[s] Speed: 170.7[samples/s]
2025-12-12 07:09:16,222 MambaPro.train INFO: Epoch 39 done. Time per batch: 0.187[s] Speed: 171.4[samples/s]
2025-12-12 07:09:36,026 MambaPro.train INFO: Epoch 40 done. Time per batch: 0.187[s] Speed: 171.3[samples/s]
2025-12-12 07:09:43,975 MambaPro.train INFO: Validation Results - Epoch: 40
2025-12-12 07:09:43,975 MambaPro.train INFO: Current mAP: 76.9%
2025-12-12 07:09:43,975 MambaPro.train INFO: CMC curve, Rank-1  :79.5%
2025-12-12 07:09:43,975 MambaPro.train INFO: CMC curve, Rank-5  :87.4%
2025-12-12 07:09:43,975 MambaPro.train INFO: CMC curve, Rank-10 :91.3%
2025-12-12 07:09:43,975 MambaPro.train INFO: 🎯 New Best! Saving model...
2025-12-12 07:09:44,627 MambaPro.train INFO: [Epoch 40] 指标集合列表（历史）
2025-12-12 07:09:44,627 MambaPro.train INFO: history_mAP:{57.0 , 30.3 , 55.1 , 54.0 , 71.9 , 75.9 , 75.0 , 76.9}
2025-12-12 07:09:44,627 MambaPro.train INFO: best_mAP:{76.9}
2025-12-12 07:09:44,627 MambaPro.train INFO: history_Rank-1:{63.3 , 30.5 , 60.9 , 58.9 , 73.8 , 79.1 , 77.8 , 79.5}
2025-12-12 07:09:44,627 MambaPro.train INFO: best_Rank-1:{79.5}
2025-12-12 07:09:44,627 MambaPro.train INFO: history_Rank-5:{76.6 , 44.5 , 73.6 , 72.4 , 81.8 , 86.0 , 86.1 , 87.4}
2025-12-12 07:09:44,627 MambaPro.train INFO: best_Rank-5:{87.4}
2025-12-12 07:09:44,627 MambaPro.train INFO: history_Rank-10:{82.8 , 52.8 , 80.1 , 82.2 , 88.6 , 90.6 , 90.8 , 91.3}
2025-12-12 07:09:44,627 MambaPro.train INFO: best_Rank-10:{91.3}
2025-12-12 07:09:44,627 MambaPro.train INFO: history_Experts:{[0.35 , 0.34 , 0.31] , [0.36 , 0.34 , 0.29] , [0.40 , 0.34 , 0.26] , [0.60 , 0.24 , 0.15] , [0.81 , 0.11 , 0.08] , [0.88 , 0.07 , 0.05] , [0.91 , 0.05 , 0.04] , [0.93 , 0.04 , 0.03]}
2025-12-12 07:09:44,627 MambaPro.train INFO: best_Experts:{[0.93 , 0.04 , 0.03]}
2025-12-12 07:09:44,627 MambaPro.train INFO: 🔥 MoE损失(Val): 平衡=0.9584, 稀疏性=0.2104, 多样性=0.2175, 总=0.0012 (权重: 平衡=0.001, 稀疏性=0.000, 多样性=0.001)
2025-12-12 07:09:44,627 MambaPro.train INFO:    📊 专家权重分布(Val): [0.93 , 0.04 , 0.03]
2025-12-12 07:10:04,784 MambaPro.train INFO: Epoch 41 done. Time per batch: 0.187[s] Speed: 171.0[samples/s]
2025-12-12 07:10:24,880 MambaPro.train INFO: Epoch 42 done. Time per batch: 0.188[s] Speed: 170.4[samples/s]
2025-12-12 07:10:44,830 MambaPro.train INFO: Epoch 43 done. Time per batch: 0.186[s] Speed: 171.6[samples/s]
2025-12-12 07:11:04,808 MambaPro.train INFO: Epoch 44 done. Time per batch: 0.187[s] Speed: 171.4[samples/s]
2025-12-12 07:11:24,847 MambaPro.train INFO: Epoch 45 done. Time per batch: 0.187[s] Speed: 170.9[samples/s]
2025-12-12 07:11:32,335 MambaPro.train INFO: Validation Results - Epoch: 45
2025-12-12 07:11:32,335 MambaPro.train INFO: Current mAP: 76.8%
2025-12-12 07:11:32,335 MambaPro.train INFO: CMC curve, Rank-1  :78.9%
2025-12-12 07:11:32,335 MambaPro.train INFO: CMC curve, Rank-5  :87.7%
2025-12-12 07:11:32,335 MambaPro.train INFO: CMC curve, Rank-10 :91.4%
2025-12-12 07:11:32,336 MambaPro.train INFO: [Epoch 45] 指标集合列表（历史）
2025-12-12 07:11:32,336 MambaPro.train INFO: history_mAP:{57.0 , 30.3 , 55.1 , 54.0 , 71.9 , 75.9 , 75.0 , 76.9 , 76.8}
2025-12-12 07:11:32,336 MambaPro.train INFO: best_mAP:{76.9}
2025-12-12 07:11:32,336 MambaPro.train INFO: history_Rank-1:{63.3 , 30.5 , 60.9 , 58.9 , 73.8 , 79.1 , 77.8 , 79.5 , 78.9}
2025-12-12 07:11:32,336 MambaPro.train INFO: best_Rank-1:{79.5}
2025-12-12 07:11:32,336 MambaPro.train INFO: history_Rank-5:{76.6 , 44.5 , 73.6 , 72.4 , 81.8 , 86.0 , 86.1 , 87.4 , 87.7}
2025-12-12 07:11:32,336 MambaPro.train INFO: best_Rank-5:{87.4}
2025-12-12 07:11:32,336 MambaPro.train INFO: history_Rank-10:{82.8 , 52.8 , 80.1 , 82.2 , 88.6 , 90.6 , 90.8 , 91.3 , 91.4}
2025-12-12 07:11:32,336 MambaPro.train INFO: best_Rank-10:{91.3}
2025-12-12 07:11:32,336 MambaPro.train INFO: history_Experts:{[0.35 , 0.34 , 0.31] , [0.36 , 0.34 , 0.29] , [0.40 , 0.34 , 0.26] , [0.60 , 0.24 , 0.15] , [0.81 , 0.11 , 0.08] , [0.88 , 0.07 , 0.05] , [0.91 , 0.05 , 0.04] , [0.93 , 0.04 , 0.03] , [0.94 , 0.03 , 0.03]}
2025-12-12 07:11:32,336 MambaPro.train INFO: best_Experts:{[0.93 , 0.04 , 0.03]}
2025-12-12 07:11:32,336 MambaPro.train INFO: 🔥 MoE损失(Val): 平衡=1.0025, 稀疏性=0.1820, 多样性=0.1841, 总=0.0012 (权重: 平衡=0.001, 稀疏性=0.000, 多样性=0.001)
2025-12-12 07:11:32,336 MambaPro.train INFO:    📊 专家权重分布(Val): [0.94 , 0.03 , 0.03]
2025-12-12 07:11:52,658 MambaPro.train INFO: Epoch 46 done. Time per batch: 0.189[s] Speed: 169.6[samples/s]
2025-12-12 07:12:12,662 MambaPro.train INFO: Epoch 47 done. Time per batch: 0.187[s] Speed: 171.2[samples/s]
2025-12-12 07:12:32,548 MambaPro.train INFO: Epoch 48 done. Time per batch: 0.188[s] Speed: 170.6[samples/s]
2025-12-12 07:12:52,639 MambaPro.train INFO: Epoch 49 done. Time per batch: 0.188[s] Speed: 170.4[samples/s]
2025-12-12 07:13:12,676 MambaPro.train INFO: Epoch 50 done. Time per batch: 0.187[s] Speed: 170.9[samples/s]
2025-12-12 07:13:20,610 MambaPro.train INFO: Validation Results - Epoch: 50
2025-12-12 07:13:20,611 MambaPro.train INFO: Current mAP: 76.5%
2025-12-12 07:13:20,611 MambaPro.train INFO: CMC curve, Rank-1  :79.3%
2025-12-12 07:13:20,611 MambaPro.train INFO: CMC curve, Rank-5  :86.7%
2025-12-12 07:13:20,611 MambaPro.train INFO: CMC curve, Rank-10 :90.3%
2025-12-12 07:13:20,611 MambaPro.train INFO: [Epoch 50] 指标集合列表（历史）
2025-12-12 07:13:20,611 MambaPro.train INFO: history_mAP:{57.0 , 30.3 , 55.1 , 54.0 , 71.9 , 75.9 , 75.0 , 76.9 , 76.8 , 76.5}
2025-12-12 07:13:20,611 MambaPro.train INFO: best_mAP:{76.9}
2025-12-12 07:13:20,611 MambaPro.train INFO: history_Rank-1:{63.3 , 30.5 , 60.9 , 58.9 , 73.8 , 79.1 , 77.8 , 79.5 , 78.9 , 79.3}
2025-12-12 07:13:20,611 MambaPro.train INFO: best_Rank-1:{79.5}
2025-12-12 07:13:20,611 MambaPro.train INFO: history_Rank-5:{76.6 , 44.5 , 73.6 , 72.4 , 81.8 , 86.0 , 86.1 , 87.4 , 87.7 , 86.7}
2025-12-12 07:13:20,611 MambaPro.train INFO: best_Rank-5:{87.4}
2025-12-12 07:13:20,611 MambaPro.train INFO: history_Rank-10:{82.8 , 52.8 , 80.1 , 82.2 , 88.6 , 90.6 , 90.8 , 91.3 , 91.4 , 90.3}
2025-12-12 07:13:20,611 MambaPro.train INFO: best_Rank-10:{91.3}
2025-12-12 07:13:20,612 MambaPro.train INFO: history_Experts:{[0.35 , 0.34 , 0.31] , [0.36 , 0.34 , 0.29] , [0.40 , 0.34 , 0.26] , [0.60 , 0.24 , 0.15] , [0.81 , 0.11 , 0.08] , [0.88 , 0.07 , 0.05] , [0.91 , 0.05 , 0.04] , [0.93 , 0.04 , 0.03] , [0.94 , 0.03 , 0.03] , [0.94 , 0.03 , 0.03]}
2025-12-12 07:13:20,612 MambaPro.train INFO: best_Experts:{[0.93 , 0.04 , 0.03]}
2025-12-12 07:13:20,612 MambaPro.train INFO: 🔥 MoE损失(Val): 平衡=1.0335, 稀疏性=0.1621, 多样性=0.1615, 总=0.0012 (权重: 平衡=0.001, 稀疏性=0.000, 多样性=0.001)
2025-12-12 07:13:20,612 MambaPro.train INFO:    📊 专家权重分布(Val): [0.94 , 0.03 , 0.03]
2025-12-12 07:13:40,580 MambaPro.train INFO: Epoch 51 done. Time per batch: 0.187[s] Speed: 171.0[samples/s]
2025-12-12 07:14:00,516 MambaPro.train INFO: Epoch 52 done. Time per batch: 0.188[s] Speed: 170.1[samples/s]
2025-12-12 07:14:20,535 MambaPro.train INFO: Epoch 53 done. Time per batch: 0.187[s] Speed: 171.0[samples/s]
2025-12-12 07:14:40,594 MambaPro.train INFO: Epoch 54 done. Time per batch: 0.187[s] Speed: 170.7[samples/s]
2025-12-12 07:15:00,639 MambaPro.train INFO: Epoch 55 done. Time per batch: 0.187[s] Speed: 170.8[samples/s]
2025-12-12 07:15:08,269 MambaPro.train INFO: Validation Results - Epoch: 55
2025-12-12 07:15:08,269 MambaPro.train INFO: Current mAP: 76.4%
2025-12-12 07:15:08,269 MambaPro.train INFO: CMC curve, Rank-1  :78.9%
2025-12-12 07:15:08,269 MambaPro.train INFO: CMC curve, Rank-5  :87.4%
2025-12-12 07:15:08,269 MambaPro.train INFO: CMC curve, Rank-10 :90.7%
2025-12-12 07:15:08,270 MambaPro.train INFO: [Epoch 55] 指标集合列表（历史）
2025-12-12 07:15:08,270 MambaPro.train INFO: history_mAP:{57.0 , 30.3 , 55.1 , 54.0 , 71.9 , 75.9 , 75.0 , 76.9 , 76.8 , 76.5 , 76.4}
2025-12-12 07:15:08,270 MambaPro.train INFO: best_mAP:{76.9}
2025-12-12 07:15:08,270 MambaPro.train INFO: history_Rank-1:{63.3 , 30.5 , 60.9 , 58.9 , 73.8 , 79.1 , 77.8 , 79.5 , 78.9 , 79.3}
2025-12-12 07:15:08,270 MambaPro.train INFO: best_Rank-1:{79.5}
2025-12-12 07:15:08,270 MambaPro.train INFO: history_Rank-5:{76.6 , 44.5 , 73.6 , 72.4 , 81.8 , 86.0 , 86.1 , 87.4 , 87.7 , 86.7}
2025-12-12 07:15:08,270 MambaPro.train INFO: best_Rank-5:{87.4}
2025-12-12 07:15:08,270 MambaPro.train INFO: history_Rank-10:{82.8 , 52.8 , 80.1 , 82.2 , 88.6 , 90.6 , 90.8 , 91.3 , 91.4 , 90.3 , 90.7}
2025-12-12 07:15:08,270 MambaPro.train INFO: best_Rank-10:{91.3}
2025-12-12 07:15:08,270 MambaPro.train INFO: history_Experts:{[0.35 , 0.34 , 0.31] , [0.36 , 0.34 , 0.29] , [0.40 , 0.34 , 0.26] , [0.60 , 0.24 , 0.15] , [0.81 , 0.11 , 0.08] , [0.88 , 0.07 , 0.05] , [0.91 , 0.05 , 0.04] , [0.93 , 0.04 , 0.03] , [0.94 , 0.03 , 0.03] , [0.94 , 0.03 , 0.03] , [0.95 , 0.03 , 0.02]}
2025-12-12 07:15:08,270 MambaPro.train INFO: best_Experts:{[0.93 , 0.04 , 0.03]}
2025-12-12 07:15:08,270 MambaPro.train INFO: 🔥 MoE损失(Val): 平衡=1.0559, 稀疏性=0.1478, 多样性=0.1458, 总=0.0012 (权重: 平衡=0.001, 稀疏性=0.000, 多样性=0.001)
2025-12-12 07:15:08,270 MambaPro.train INFO:    📊 专家权重分布(Val): [0.95 , 0.03 , 0.02]
2025-12-12 07:15:28,274 MambaPro.train INFO: Epoch 56 done. Time per batch: 0.187[s] Speed: 170.7[samples/s]
2025-12-12 07:15:48,301 MambaPro.train INFO: Epoch 57 done. Time per batch: 0.187[s] Speed: 171.0[samples/s]
2025-12-12 07:16:08,364 MambaPro.train INFO: Epoch 58 done. Time per batch: 0.188[s] Speed: 170.7[samples/s]
2025-12-12 07:16:28,223 MambaPro.train INFO: Epoch 59 done. Time per batch: 0.187[s] Speed: 170.8[samples/s]
2025-12-12 07:16:48,274 MambaPro.train INFO: Epoch 60 done. Time per batch: 0.187[s] Speed: 170.8[samples/s]
2025-12-12 07:16:56,256 MambaPro.train INFO: Validation Results - Epoch: 60
2025-12-12 07:16:56,257 MambaPro.train INFO: Current mAP: 76.5%
2025-12-12 07:16:56,257 MambaPro.train INFO: CMC curve, Rank-1  :78.3%
2025-12-12 07:16:56,257 MambaPro.train INFO: CMC curve, Rank-5  :87.2%
2025-12-12 07:16:56,257 MambaPro.train INFO: CMC curve, Rank-10 :90.7%
2025-12-12 07:16:56,257 MambaPro.train INFO: [Epoch 60] 指标集合列表（历史）
2025-12-12 07:16:56,257 MambaPro.train INFO: history_mAP:{57.0 , 30.3 , 55.1 , 54.0 , 71.9 , 75.9 , 75.0 , 76.9 , 76.8 , 76.5 , 76.4 , 76.5}
2025-12-12 07:16:56,257 MambaPro.train INFO: best_mAP:{76.9}
2025-12-12 07:16:56,258 MambaPro.train INFO: history_Rank-1:{63.3 , 30.5 , 60.9 , 58.9 , 73.8 , 79.1 , 77.8 , 79.5 , 78.9 , 79.3 , 78.3}
2025-12-12 07:16:56,258 MambaPro.train INFO: best_Rank-1:{79.5}
2025-12-12 07:16:56,258 MambaPro.train INFO: history_Rank-5:{76.6 , 44.5 , 73.6 , 72.4 , 81.8 , 86.0 , 86.1 , 87.4 , 87.7 , 86.7 , 87.2}
2025-12-12 07:16:56,258 MambaPro.train INFO: best_Rank-5:{87.4}
2025-12-12 07:16:56,258 MambaPro.train INFO: history_Rank-10:{82.8 , 52.8 , 80.1 , 82.2 , 88.6 , 90.6 , 90.8 , 91.3 , 91.4 , 90.3 , 90.7}
2025-12-12 07:16:56,258 MambaPro.train INFO: best_Rank-10:{91.3}
2025-12-12 07:16:56,258 MambaPro.train INFO: history_Experts:{[0.35 , 0.34 , 0.31] , [0.36 , 0.34 , 0.29] , [0.40 , 0.34 , 0.26] , [0.60 , 0.24 , 0.15] , [0.81 , 0.11 , 0.08] , [0.88 , 0.07 , 0.05] , [0.91 , 0.05 , 0.04] , [0.93 , 0.04 , 0.03] , [0.94 , 0.03 , 0.03] , [0.94 , 0.03 , 0.03] , [0.95 , 0.03 , 0.02] , [0.95 , 0.03 , 0.02]}
2025-12-12 07:16:56,258 MambaPro.train INFO: best_Experts:{[0.93 , 0.04 , 0.03]}
2025-12-12 07:16:56,258 MambaPro.train INFO: 🔥 MoE损失(Val): 平衡=1.0736, 稀疏性=0.1365, 多样性=0.1335, 总=0.0012 (权重: 平衡=0.001, 稀疏性=0.000, 多样性=0.001)
2025-12-12 07:16:56,258 MambaPro.train INFO:    📊 专家权重分布(Val): [0.95 , 0.03 , 0.02]
2025-12-12 07:16:56,394 MambaPro.train INFO: ============================================================
