2025-12-12 08:42:06,217 MambaPro INFO: ================================================================================
2025-12-12 08:42:06,217 MambaPro INFO: 🧾 实验参数快照（命令行 + 最终配置）
2025-12-12 08:42:06,217 MambaPro INFO: ================================================================================
2025-12-12 08:42:06,217 MambaPro INFO: 【复现实验命令】
2025-12-12 08:42:06,217 MambaPro INFO: /home/zubuntu/miniconda/envs/MambaPro/bin/python train_net.py --config_file mybest_model/experiment_20251013_110028/configs/experiment_config.yml OUTPUT_DIR ./outputs/replay_best_tml
2025-12-12 08:42:06,217 MambaPro INFO: 【命令行参数（args）】
2025-12-12 08:42:06,217 MambaPro INFO: {
2025-12-12 08:42:06,217 MambaPro INFO:   "config_file": "mybest_model/experiment_20251013_110028/configs/experiment_config.yml",
2025-12-12 08:42:06,217 MambaPro INFO:   "fea_cft": 0,
2025-12-12 08:42:06,217 MambaPro INFO:   "opts": [
2025-12-12 08:42:06,217 MambaPro INFO:     "OUTPUT_DIR",
2025-12-12 08:42:06,217 MambaPro INFO:     "./outputs/replay_best_tml"
2025-12-12 08:42:06,217 MambaPro INFO:   ],
2025-12-12 08:42:06,217 MambaPro INFO:   "local_rank": 0,
2025-12-12 08:42:06,217 MambaPro INFO:   "use_multi_scale": false,
2025-12-12 08:42:06,217 MambaPro INFO:   "no_multi_scale": false,
2025-12-12 08:42:06,217 MambaPro INFO:   "use_moe": false,
2025-12-12 08:42:06,217 MambaPro INFO:   "disable_moe": false,
2025-12-12 08:42:06,217 MambaPro INFO:   "no_moe": false,
2025-12-12 08:42:06,217 MambaPro INFO:   "use_attention": false,
2025-12-12 08:42:06,217 MambaPro INFO:   "disable_attention": false,
2025-12-12 08:42:06,217 MambaPro INFO:   "attention_heads": 8,
2025-12-12 08:42:06,217 MambaPro INFO:   "attention_dropout": 0.1
2025-12-12 08:42:06,217 MambaPro INFO: }
2025-12-12 08:42:06,217 MambaPro INFO: 【工作目录】/home/zubuntu/workspace/yzy/MambaPro
2025-12-12 08:42:06,217 MambaPro INFO: 【最终配置（YAML）】
2025-12-12 08:42:06,220 MambaPro INFO: DATALOADER:
2025-12-12 08:42:06,220 MambaPro INFO:   NUM_INSTANCE: 8
2025-12-12 08:42:06,220 MambaPro INFO:   NUM_WORKERS: 8
2025-12-12 08:42:06,220 MambaPro INFO:   SAMPLER: softmax_triplet
2025-12-12 08:42:06,220 MambaPro INFO: DATASETS:
2025-12-12 08:42:06,220 MambaPro INFO:   NAMES: RGBNT201
2025-12-12 08:42:06,220 MambaPro INFO:   ROOT_DIR: /home/zubuntu/workspace/yzy/MambaPro/data/
2025-12-12 08:42:06,220 MambaPro INFO: INPUT:
2025-12-12 08:42:06,220 MambaPro INFO:   PADDING: 10
2025-12-12 08:42:06,220 MambaPro INFO:   PIXEL_MEAN:
2025-12-12 08:42:06,220 MambaPro INFO:   - 0.5
2025-12-12 08:42:06,220 MambaPro INFO:   - 0.5
2025-12-12 08:42:06,220 MambaPro INFO:   - 0.5
2025-12-12 08:42:06,220 MambaPro INFO:   PIXEL_STD:
2025-12-12 08:42:06,220 MambaPro INFO:   - 0.5
2025-12-12 08:42:06,220 MambaPro INFO:   - 0.5
2025-12-12 08:42:06,220 MambaPro INFO:   - 0.5
2025-12-12 08:42:06,220 MambaPro INFO:   PROB: 0.5
2025-12-12 08:42:06,220 MambaPro INFO:   RE_PROB: 0.5
2025-12-12 08:42:06,220 MambaPro INFO:   SIZE_TEST:
2025-12-12 08:42:06,220 MambaPro INFO:   - 256
2025-12-12 08:42:06,220 MambaPro INFO:   - 128
2025-12-12 08:42:06,220 MambaPro INFO:   SIZE_TRAIN:
2025-12-12 08:42:06,220 MambaPro INFO:   - 256
2025-12-12 08:42:06,220 MambaPro INFO:   - 128
2025-12-12 08:42:06,220 MambaPro INFO: MODEL:
2025-12-12 08:42:06,220 MambaPro INFO:   ADAPTER: true
2025-12-12 08:42:06,220 MambaPro INFO:   ATTENTION_DIM: 512
2025-12-12 08:42:06,220 MambaPro INFO:   ATTENTION_DROPOUT: 0.1
2025-12-12 08:42:06,220 MambaPro INFO:   ATTENTION_NUM_HEADS: 8
2025-12-12 08:42:06,220 MambaPro INFO:   ATT_DROP_RATE: 0.0
2025-12-12 08:42:06,220 MambaPro INFO:   CLIP_MULTI_SCALE_SCALES:
2025-12-12 08:42:06,220 MambaPro INFO:   - 4
2025-12-12 08:42:06,220 MambaPro INFO:   - 8
2025-12-12 08:42:06,220 MambaPro INFO:   - 16
2025-12-12 08:42:06,220 MambaPro INFO:   DEVICE: cuda
2025-12-12 08:42:06,220 MambaPro INFO:   DEVICE_ID: '0'
2025-12-12 08:42:06,220 MambaPro INFO:   DIRECT: 1
2025-12-12 08:42:06,220 MambaPro INFO:   DIST_TRAIN: false
2025-12-12 08:42:06,220 MambaPro INFO:   DROP_OUT: 0.0
2025-12-12 08:42:06,220 MambaPro INFO:   DROP_PATH: 0.1
2025-12-12 08:42:06,220 MambaPro INFO:   FLOPS_TEST: false
2025-12-12 08:42:06,220 MambaPro INFO:   FROZEN: true
2025-12-12 08:42:06,220 MambaPro INFO:   GATE_DROPOUT: 0.1
2025-12-12 08:42:06,220 MambaPro INFO:   ID_LOSS_TYPE: softmax
2025-12-12 08:42:06,220 MambaPro INFO:   ID_LOSS_WEIGHT: 0.25
2025-12-12 08:42:06,220 MambaPro INFO:   IF_LABELSMOOTH: 'on'
2025-12-12 08:42:06,220 MambaPro INFO:   IF_WITH_CENTER: 'no'
2025-12-12 08:42:06,220 MambaPro INFO:   LAYER: -1
2025-12-12 08:42:06,220 MambaPro INFO:   MAMBA: true
2025-12-12 08:42:06,220 MambaPro INFO:   MAMBA_BI: false
2025-12-12 08:42:06,220 MambaPro INFO:   METRIC_LOSS_TYPE: triplet
2025-12-12 08:42:06,220 MambaPro INFO:   MOE_BALANCE_LOSS_WEIGHT: 0.01
2025-12-12 08:42:06,220 MambaPro INFO:   MOE_DIVERSITY_LOSS_WEIGHT: 0.01
2025-12-12 08:42:06,220 MambaPro INFO:   MOE_EXPERT_DROPOUT: 0.1
2025-12-12 08:42:06,220 MambaPro INFO:   MOE_EXPERT_HIDDEN_DIM: 1024
2025-12-12 08:42:06,220 MambaPro INFO:   MOE_EXPERT_LAYERS: 2
2025-12-12 08:42:06,220 MambaPro INFO:   MOE_EXPERT_THRESHOLD: 0.1
2025-12-12 08:42:06,220 MambaPro INFO:   MOE_FIXED_WEIGHTS:
2025-12-12 08:42:06,220 MambaPro INFO:   - 0.33
2025-12-12 08:42:06,220 MambaPro INFO:   - 0.33
2025-12-12 08:42:06,220 MambaPro INFO:   - 0.34
2025-12-12 08:42:06,220 MambaPro INFO:   MOE_GATE_DROPOUT: 0.1
2025-12-12 08:42:06,220 MambaPro INFO:   MOE_GATE_LAYERS: 2
2025-12-12 08:42:06,220 MambaPro INFO:   MOE_INIT_WEIGHTS: null
2025-12-12 08:42:06,220 MambaPro INFO:   MOE_NUM_EXPERTS: 3
2025-12-12 08:42:06,220 MambaPro INFO:   MOE_RESIDUAL_WEIGHT: 1.0
2025-12-12 08:42:06,220 MambaPro INFO:   MOE_SCALES:
2025-12-12 08:42:06,220 MambaPro INFO:   - 4
2025-12-12 08:42:06,220 MambaPro INFO:   - 8
2025-12-12 08:42:06,220 MambaPro INFO:   - 16
2025-12-12 08:42:06,220 MambaPro INFO:   MOE_SPARSITY_LOSS_WEIGHT: 0.001
2025-12-12 08:42:06,220 MambaPro INFO:   MOE_TEMPERATURE: 0.7
2025-12-12 08:42:06,220 MambaPro INFO:   MOE_TOP_K: 2
2025-12-12 08:42:06,220 MambaPro INFO:   MOE_TOP_K_MODE: soft
2025-12-12 08:42:06,220 MambaPro INFO:   MOE_USE_FIXED_WEIGHTS: false
2025-12-12 08:42:06,220 MambaPro INFO:   MOE_USE_TOP_K_ROUTING: false
2025-12-12 08:42:06,220 MambaPro INFO:   MULTI_SCALE_SCALES:
2025-12-12 08:42:06,220 MambaPro INFO:   - 4
2025-12-12 08:42:06,220 MambaPro INFO:   - 8
2025-12-12 08:42:06,220 MambaPro INFO:   - 16
2025-12-12 08:42:06,220 MambaPro INFO:   NAME: MambaPro
2025-12-12 08:42:06,220 MambaPro INFO:   NECK: bnneck
2025-12-12 08:42:06,221 MambaPro INFO:   NO_MARGIN: true
2025-12-12 08:42:06,221 MambaPro INFO:   PREFIX_NUM: 1
2025-12-12 08:42:06,221 MambaPro INFO:   PRETRAIN_PATH_T: /home/zubuntu/workspace/yzy/MambaPro/pths/ViT-B-16.pt
2025-12-12 08:42:06,221 MambaPro INFO:   PROMPT: true
2025-12-12 08:42:06,221 MambaPro INFO:   SIE_CAMERA: true
2025-12-12 08:42:06,221 MambaPro INFO:   SIE_COE: 1.0
2025-12-12 08:42:06,221 MambaPro INFO:   SIE_VIEW: false
2025-12-12 08:42:06,221 MambaPro INFO:   STRIDE_SIZE:
2025-12-12 08:42:06,221 MambaPro INFO:   - 16
2025-12-12 08:42:06,221 MambaPro INFO:   - 16
2025-12-12 08:42:06,221 MambaPro INFO:   TRANSFORMER_TYPE: ViT-B-16
2025-12-12 08:42:06,221 MambaPro INFO:   TRIPLET_LOSS_WEIGHT: 1.0
2025-12-12 08:42:06,221 MambaPro INFO:   USE_ATTENTION_FUSION: false
2025-12-12 08:42:06,221 MambaPro INFO:   USE_CLIP_MULTI_SCALE: true
2025-12-12 08:42:06,221 MambaPro INFO:   USE_GATE_FUSION: false
2025-12-12 08:42:06,221 MambaPro INFO:   USE_MULTI_SCALE: false
2025-12-12 08:42:06,221 MambaPro INFO:   USE_MULTI_SCALE_MOE: true
2025-12-12 08:42:06,221 MambaPro INFO: OUTPUT_DIR: ./outputs/replay_best_tml/run_20251212_084206
2025-12-12 08:42:06,221 MambaPro INFO: SOLVER:
2025-12-12 08:42:06,221 MambaPro INFO:   BASE_LR: 0.0005
2025-12-12 08:42:06,221 MambaPro INFO:   BIAS_LR_FACTOR: 2
2025-12-12 08:42:06,221 MambaPro INFO:   CENTER_LOSS_WEIGHT: 0.0005
2025-12-12 08:42:06,221 MambaPro INFO:   CENTER_LR: 0.5
2025-12-12 08:42:06,221 MambaPro INFO:   CHECKPOINT_PERIOD: 10
2025-12-12 08:42:06,221 MambaPro INFO:   CLUSTER_MARGIN: 0.3
2025-12-12 08:42:06,221 MambaPro INFO:   COSINE_MARGIN: 0.5
2025-12-12 08:42:06,221 MambaPro INFO:   COSINE_SCALE: 30
2025-12-12 08:42:06,221 MambaPro INFO:   EVAL_PERIOD: 5
2025-12-12 08:42:06,221 MambaPro INFO:   GAMMA: 0.1
2025-12-12 08:42:06,221 MambaPro INFO:   IMS_PER_BATCH: 32
2025-12-12 08:42:06,221 MambaPro INFO:   LARGE_FC_LR: false
2025-12-12 08:42:06,221 MambaPro INFO:   LOG_PERIOD: 10
2025-12-12 08:42:06,221 MambaPro INFO:   MARGIN: 0.3
2025-12-12 08:42:06,221 MambaPro INFO:   MAX_EPOCHS: 60
2025-12-12 08:42:06,221 MambaPro INFO:   MOE_BALANCE_LOSS_WEIGHT: 0.001
2025-12-12 08:42:06,221 MambaPro INFO:   MOE_BALANCE_LOSS_WEIGHT_END: 0.1
2025-12-12 08:42:06,221 MambaPro INFO:   MOE_BALANCE_LOSS_WEIGHT_START: 0.001
2025-12-12 08:42:06,221 MambaPro INFO:   MOE_BALANCE_THRESHOLD: 0.3
2025-12-12 08:42:06,221 MambaPro INFO:   MOE_DIVERSITY_LOSS_WEIGHT: 0.001
2025-12-12 08:42:06,221 MambaPro INFO:   MOE_DIVERSITY_LOSS_WEIGHT_END: 0.1
2025-12-12 08:42:06,221 MambaPro INFO:   MOE_DIVERSITY_LOSS_WEIGHT_START: 0.001
2025-12-12 08:42:06,221 MambaPro INFO:   MOE_GATE_LR_FACTOR: 0.01
2025-12-12 08:42:06,221 MambaPro INFO:   MOE_LOSS_WEIGHT_SCHEDULE_TYPE: cosine
2025-12-12 08:42:06,221 MambaPro INFO:   MOE_LOSS_WEIGHT_WARMUP_EPOCHS: 5
2025-12-12 08:42:06,221 MambaPro INFO:   MOE_SPARSITY_LOSS_WEIGHT: 0.0001
2025-12-12 08:42:06,221 MambaPro INFO:   MOE_USE_DYNAMIC_LOSS_WEIGHT: false
2025-12-12 08:42:06,221 MambaPro INFO:   MOMENTUM: 0.9
2025-12-12 08:42:06,221 MambaPro INFO:   OPTIMIZER_NAME: Adam
2025-12-12 08:42:06,221 MambaPro INFO:   RANGE_ALPHA: 0
2025-12-12 08:42:06,221 MambaPro INFO:   RANGE_BETA: 1
2025-12-12 08:42:06,221 MambaPro INFO:   RANGE_K: 2
2025-12-12 08:42:06,221 MambaPro INFO:   RANGE_LOSS_WEIGHT: 1
2025-12-12 08:42:06,221 MambaPro INFO:   RANGE_MARGIN: 0.3
2025-12-12 08:42:06,221 MambaPro INFO:   SEED: 42
2025-12-12 08:42:06,221 MambaPro INFO:   STEPS:
2025-12-12 08:42:06,221 MambaPro INFO:   - 30
2025-12-12 08:42:06,221 MambaPro INFO:   - 50
2025-12-12 08:42:06,221 MambaPro INFO:   WARMUP_FACTOR: 0.01
2025-12-12 08:42:06,221 MambaPro INFO:   WARMUP_ITERS: 20
2025-12-12 08:42:06,221 MambaPro INFO:   WARMUP_METHOD: linear
2025-12-12 08:42:06,221 MambaPro INFO:   WEIGHT_DECAY: 0.0005
2025-12-12 08:42:06,221 MambaPro INFO:   WEIGHT_DECAY_BIAS: 0.0005
2025-12-12 08:42:06,221 MambaPro INFO: TEST:
2025-12-12 08:42:06,221 MambaPro INFO:   FEAT: 0
2025-12-12 08:42:06,221 MambaPro INFO:   FEAT_NORM: 'yes'
2025-12-12 08:42:06,221 MambaPro INFO:   IMS_PER_BATCH: 64
2025-12-12 08:42:06,221 MambaPro INFO:   MISS: nothing
2025-12-12 08:42:06,221 MambaPro INFO:   NECK_FEAT: after
2025-12-12 08:42:06,221 MambaPro INFO:   RE_RANKING: 'no'
2025-12-12 08:42:06,221 MambaPro INFO:   WEIGHT: /home/zubuntu/workspace/yzy/MambaPro/pths/MambaProbest.pth
2025-12-12 08:42:06,221 MambaPro INFO: ================================================================================
2025-12-12 08:42:08,230 MambaPro.train INFO: start training
2025-12-12 08:42:28,478 MambaPro.train INFO: Epoch 1 done. Time per batch: 0.189[s] Speed: 169.2[samples/s]
2025-12-12 08:42:48,349 MambaPro.train INFO: Epoch 2 done. Time per batch: 0.186[s] Speed: 172.3[samples/s]
2025-12-12 08:43:08,335 MambaPro.train INFO: Epoch 3 done. Time per batch: 0.187[s] Speed: 171.3[samples/s]
2025-12-12 08:43:28,199 MambaPro.train INFO: Epoch 4 done. Time per batch: 0.186[s] Speed: 172.4[samples/s]
2025-12-12 08:43:48,258 MambaPro.train INFO: Epoch 5 done. Time per batch: 0.187[s] Speed: 170.7[samples/s]
2025-12-12 08:43:55,804 MambaPro.train INFO: Validation Results - Epoch: 5
2025-12-12 08:43:55,804 MambaPro.train INFO: Current mAP: 49.3%
2025-12-12 08:43:55,804 MambaPro.train INFO: CMC curve, Rank-1  :53.9%
2025-12-12 08:43:55,804 MambaPro.train INFO: CMC curve, Rank-5  :65.0%
2025-12-12 08:43:55,804 MambaPro.train INFO: CMC curve, Rank-10 :73.4%
2025-12-12 08:43:55,805 MambaPro.train INFO: 🎯 New Best! Saving model...
2025-12-12 08:43:56,205 MambaPro.train INFO: [Epoch 5] 指标集合列表（历史）
2025-12-12 08:43:56,205 MambaPro.train INFO: history_mAP:{49.3}
2025-12-12 08:43:56,205 MambaPro.train INFO: best_mAP:{49.3}
2025-12-12 08:43:56,205 MambaPro.train INFO: history_Rank-1:{53.9}
2025-12-12 08:43:56,205 MambaPro.train INFO: best_Rank-1:{53.9}
2025-12-12 08:43:56,205 MambaPro.train INFO: history_Rank-5:{65.0}
2025-12-12 08:43:56,205 MambaPro.train INFO: best_Rank-5:{65.0}
2025-12-12 08:43:56,205 MambaPro.train INFO: history_Rank-10:{73.4}
2025-12-12 08:43:56,205 MambaPro.train INFO: best_Rank-10:{73.4}
2025-12-12 08:43:56,205 MambaPro.train INFO: history_Experts:{[0.35 , 0.34 , 0.31]}
2025-12-12 08:43:56,205 MambaPro.train INFO: best_Experts:{[0.35 , 0.34 , 0.31]}
2025-12-12 08:43:56,205 MambaPro.train INFO: 🔥 MoE损失(Val): 平衡=0.0000, 稀疏性=0.9989, 多样性=2.6575, 总=0.0028 (权重: 平衡=0.001, 稀疏性=0.000, 多样性=0.001)
2025-12-12 08:43:56,205 MambaPro.train INFO:    📊 专家权重分布(Val): [0.35 , 0.34 , 0.31]
2025-12-12 08:44:16,230 MambaPro.train INFO: Epoch 6 done. Time per batch: 0.186[s] Speed: 172.1[samples/s]
2025-12-12 08:44:36,159 MambaPro.train INFO: Epoch 7 done. Time per batch: 0.186[s] Speed: 171.8[samples/s]
2025-12-12 08:44:56,101 MambaPro.train INFO: Epoch 8 done. Time per batch: 0.186[s] Speed: 171.7[samples/s]
2025-12-12 08:45:16,042 MambaPro.train INFO: Epoch 9 done. Time per batch: 0.186[s] Speed: 171.7[samples/s]
2025-12-12 08:45:36,002 MambaPro.train INFO: Epoch 10 done. Time per batch: 0.187[s] Speed: 171.5[samples/s]
2025-12-12 08:45:43,922 MambaPro.train INFO: Validation Results - Epoch: 10
2025-12-12 08:45:43,922 MambaPro.train INFO: Current mAP: 45.5%
2025-12-12 08:45:43,922 MambaPro.train INFO: CMC curve, Rank-1  :43.9%
2025-12-12 08:45:43,922 MambaPro.train INFO: CMC curve, Rank-5  :58.3%
2025-12-12 08:45:43,922 MambaPro.train INFO: CMC curve, Rank-10 :69.0%
2025-12-12 08:45:43,923 MambaPro.train INFO: [Epoch 10] 指标集合列表（历史）
2025-12-12 08:45:43,923 MambaPro.train INFO: history_mAP:{49.3 , 45.5}
2025-12-12 08:45:43,923 MambaPro.train INFO: best_mAP:{49.3}
2025-12-12 08:45:43,923 MambaPro.train INFO: history_Rank-1:{53.9 , 43.9}
2025-12-12 08:45:43,923 MambaPro.train INFO: best_Rank-1:{53.9}
2025-12-12 08:45:43,923 MambaPro.train INFO: history_Rank-5:{65.0 , 58.3}
2025-12-12 08:45:43,923 MambaPro.train INFO: best_Rank-5:{65.0}
2025-12-12 08:45:43,923 MambaPro.train INFO: history_Rank-10:{73.4 , 69.0}
2025-12-12 08:45:43,923 MambaPro.train INFO: best_Rank-10:{73.4}
2025-12-12 08:45:43,923 MambaPro.train INFO: history_Experts:{[0.35 , 0.34 , 0.31] , [0.36 , 0.34 , 0.30]}
2025-12-12 08:45:43,923 MambaPro.train INFO: best_Experts:{[0.35 , 0.34 , 0.31]}
2025-12-12 08:45:43,923 MambaPro.train INFO: 🔥 MoE损失(Val): 平衡=0.0000, 稀疏性=0.9965, 多样性=2.6386, 总=0.0027 (权重: 平衡=0.001, 稀疏性=0.000, 多样性=0.001)
2025-12-12 08:45:43,923 MambaPro.train INFO:    📊 专家权重分布(Val): [0.36 , 0.34 , 0.30]
2025-12-12 08:46:03,881 MambaPro.train INFO: Epoch 11 done. Time per batch: 0.187[s] Speed: 171.1[samples/s]
2025-12-12 08:46:23,962 MambaPro.train INFO: Epoch 12 done. Time per batch: 0.188[s] Speed: 170.5[samples/s]
2025-12-12 08:46:43,951 MambaPro.train INFO: Epoch 13 done. Time per batch: 0.187[s] Speed: 171.3[samples/s]
2025-12-12 08:47:03,940 MambaPro.train INFO: Epoch 14 done. Time per batch: 0.187[s] Speed: 171.3[samples/s]
2025-12-12 08:47:23,962 MambaPro.train INFO: Epoch 15 done. Time per batch: 0.187[s] Speed: 171.0[samples/s]
2025-12-12 08:47:31,476 MambaPro.train INFO: Validation Results - Epoch: 15
2025-12-12 08:47:31,477 MambaPro.train INFO: Current mAP: 64.8%
2025-12-12 08:47:31,477 MambaPro.train INFO: CMC curve, Rank-1  :66.1%
2025-12-12 08:47:31,477 MambaPro.train INFO: CMC curve, Rank-5  :80.1%
2025-12-12 08:47:31,477 MambaPro.train INFO: CMC curve, Rank-10 :85.5%
2025-12-12 08:47:31,477 MambaPro.train INFO: 🎯 New Best! Saving model...
2025-12-12 08:47:32,076 MambaPro.train INFO: [Epoch 15] 指标集合列表（历史）
2025-12-12 08:47:32,076 MambaPro.train INFO: history_mAP:{49.3 , 45.5 , 64.8}
2025-12-12 08:47:32,076 MambaPro.train INFO: best_mAP:{64.8}
2025-12-12 08:47:32,076 MambaPro.train INFO: history_Rank-1:{53.9 , 43.9 , 66.1}
2025-12-12 08:47:32,076 MambaPro.train INFO: best_Rank-1:{66.1}
2025-12-12 08:47:32,076 MambaPro.train INFO: history_Rank-5:{65.0 , 58.3 , 80.1}
2025-12-12 08:47:32,076 MambaPro.train INFO: best_Rank-5:{80.1}
2025-12-12 08:47:32,076 MambaPro.train INFO: history_Rank-10:{73.4 , 69.0 , 85.5}
2025-12-12 08:47:32,076 MambaPro.train INFO: best_Rank-10:{85.5}
2025-12-12 08:47:32,076 MambaPro.train INFO: history_Experts:{[0.35 , 0.34 , 0.31] , [0.36 , 0.34 , 0.30] , [0.41 , 0.34 , 0.26]}
2025-12-12 08:47:32,076 MambaPro.train INFO: best_Experts:{[0.41 , 0.34 , 0.26]}
2025-12-12 08:47:32,076 MambaPro.train INFO: 🔥 MoE损失(Val): 平衡=0.0000, 稀疏性=0.9827, 多样性=2.5327, 总=0.0026 (权重: 平衡=0.001, 稀疏性=0.000, 多样性=0.001)
2025-12-12 08:47:32,077 MambaPro.train INFO:    📊 专家权重分布(Val): [0.41 , 0.34 , 0.26]
2025-12-12 08:47:52,261 MambaPro.train INFO: Epoch 16 done. Time per batch: 0.187[s] Speed: 170.8[samples/s]
2025-12-12 08:48:12,342 MambaPro.train INFO: Epoch 17 done. Time per batch: 0.188[s] Speed: 170.5[samples/s]
2025-12-12 08:48:32,138 MambaPro.train INFO: Epoch 18 done. Time per batch: 0.187[s] Speed: 171.3[samples/s]
2025-12-12 08:48:52,167 MambaPro.train INFO: Epoch 19 done. Time per batch: 0.187[s] Speed: 171.0[samples/s]
2025-12-12 08:49:12,149 MambaPro.train INFO: Epoch 20 done. Time per batch: 0.187[s] Speed: 171.4[samples/s]
2025-12-12 08:49:20,122 MambaPro.train INFO: Validation Results - Epoch: 20
2025-12-12 08:49:20,122 MambaPro.train INFO: Current mAP: 55.2%
2025-12-12 08:49:20,122 MambaPro.train INFO: CMC curve, Rank-1  :56.6%
2025-12-12 08:49:20,122 MambaPro.train INFO: CMC curve, Rank-5  :74.3%
2025-12-12 08:49:20,122 MambaPro.train INFO: CMC curve, Rank-10 :81.5%
2025-12-12 08:49:20,123 MambaPro.train INFO: [Epoch 20] 指标集合列表（历史）
2025-12-12 08:49:20,123 MambaPro.train INFO: history_mAP:{49.3 , 45.5 , 64.8 , 55.2}
2025-12-12 08:49:20,123 MambaPro.train INFO: best_mAP:{64.8}
2025-12-12 08:49:20,123 MambaPro.train INFO: history_Rank-1:{53.9 , 43.9 , 66.1 , 56.6}
2025-12-12 08:49:20,123 MambaPro.train INFO: best_Rank-1:{66.1}
2025-12-12 08:49:20,123 MambaPro.train INFO: history_Rank-5:{65.0 , 58.3 , 80.1 , 74.3}
2025-12-12 08:49:20,123 MambaPro.train INFO: best_Rank-5:{80.1}
2025-12-12 08:49:20,123 MambaPro.train INFO: history_Rank-10:{73.4 , 69.0 , 85.5 , 81.5}
2025-12-12 08:49:20,123 MambaPro.train INFO: best_Rank-10:{85.5}
2025-12-12 08:49:20,123 MambaPro.train INFO: history_Experts:{[0.35 , 0.34 , 0.31] , [0.36 , 0.34 , 0.30] , [0.41 , 0.34 , 0.26] , [0.59 , 0.25 , 0.16]}
2025-12-12 08:49:20,123 MambaPro.train INFO: best_Experts:{[0.41 , 0.34 , 0.26]}
2025-12-12 08:49:20,123 MambaPro.train INFO: 🔥 MoE损失(Val): 平衡=0.0906, 稀疏性=0.8442, 多样性=1.7165, 总=0.0019 (权重: 平衡=0.001, 稀疏性=0.000, 多样性=0.001)
2025-12-12 08:49:20,123 MambaPro.train INFO:    📊 专家权重分布(Val): [0.59 , 0.25 , 0.16]
2025-12-12 08:49:40,082 MambaPro.train INFO: Epoch 21 done. Time per batch: 0.187[s] Speed: 171.1[samples/s]
2025-12-12 08:50:00,117 MambaPro.train INFO: Epoch 22 done. Time per batch: 0.187[s] Speed: 170.9[samples/s]
2025-12-12 08:50:20,096 MambaPro.train INFO: Epoch 23 done. Time per batch: 0.187[s] Speed: 171.4[samples/s]
2025-12-12 08:50:40,243 MambaPro.train INFO: Epoch 24 done. Time per batch: 0.188[s] Speed: 170.0[samples/s]
2025-12-12 08:51:00,677 MambaPro.train INFO: Epoch 25 done. Time per batch: 0.193[s] Speed: 166.0[samples/s]
2025-12-12 08:51:08,175 MambaPro.train INFO: Validation Results - Epoch: 25
2025-12-12 08:51:08,175 MambaPro.train INFO: Current mAP: 71.9%
2025-12-12 08:51:08,175 MambaPro.train INFO: CMC curve, Rank-1  :75.4%
2025-12-12 08:51:08,175 MambaPro.train INFO: CMC curve, Rank-5  :85.2%
2025-12-12 08:51:08,175 MambaPro.train INFO: CMC curve, Rank-10 :88.5%
2025-12-12 08:51:08,175 MambaPro.train INFO: 🎯 New Best! Saving model...
2025-12-12 08:51:08,815 MambaPro.train INFO: [Epoch 25] 指标集合列表（历史）
2025-12-12 08:51:08,815 MambaPro.train INFO: history_mAP:{49.3 , 45.5 , 64.8 , 55.2 , 71.9}
2025-12-12 08:51:08,815 MambaPro.train INFO: best_mAP:{71.9}
2025-12-12 08:51:08,815 MambaPro.train INFO: history_Rank-1:{53.9 , 43.9 , 66.1 , 56.6 , 75.4}
2025-12-12 08:51:08,815 MambaPro.train INFO: best_Rank-1:{75.4}
2025-12-12 08:51:08,815 MambaPro.train INFO: history_Rank-5:{65.0 , 58.3 , 80.1 , 74.3 , 85.2}
2025-12-12 08:51:08,815 MambaPro.train INFO: best_Rank-5:{85.2}
2025-12-12 08:51:08,815 MambaPro.train INFO: history_Rank-10:{73.4 , 69.0 , 85.5 , 81.5 , 88.5}
2025-12-12 08:51:08,815 MambaPro.train INFO: best_Rank-10:{88.5}
2025-12-12 08:51:08,815 MambaPro.train INFO: history_Experts:{[0.35 , 0.34 , 0.31] , [0.36 , 0.34 , 0.30] , [0.41 , 0.34 , 0.26] , [0.59 , 0.25 , 0.16] , [0.81 , 0.11 , 0.08]}
2025-12-12 08:51:08,815 MambaPro.train INFO: best_Experts:{[0.81 , 0.11 , 0.08]}
2025-12-12 08:51:08,815 MambaPro.train INFO: 🔥 MoE损失(Val): 平衡=0.5377, 稀疏性=0.4909, 多样性=0.6487, 总=0.0012 (权重: 平衡=0.001, 稀疏性=0.000, 多样性=0.001)
2025-12-12 08:51:08,815 MambaPro.train INFO:    📊 专家权重分布(Val): [0.81 , 0.11 , 0.08]
2025-12-12 08:51:28,903 MambaPro.train INFO: Epoch 26 done. Time per batch: 0.186[s] Speed: 171.6[samples/s]
2025-12-12 08:51:48,932 MambaPro.train INFO: Epoch 27 done. Time per batch: 0.187[s] Speed: 171.0[samples/s]
2025-12-12 08:52:08,918 MambaPro.train INFO: Epoch 28 done. Time per batch: 0.187[s] Speed: 171.3[samples/s]
2025-12-12 08:52:28,940 MambaPro.train INFO: Epoch 29 done. Time per batch: 0.187[s] Speed: 171.0[samples/s]
2025-12-12 08:52:48,939 MambaPro.train INFO: Epoch 30 done. Time per batch: 0.187[s] Speed: 171.2[samples/s]
2025-12-12 08:52:56,851 MambaPro.train INFO: Validation Results - Epoch: 30
2025-12-12 08:52:56,851 MambaPro.train INFO: Current mAP: 72.9%
2025-12-12 08:52:56,851 MambaPro.train INFO: CMC curve, Rank-1  :76.6%
2025-12-12 08:52:56,851 MambaPro.train INFO: CMC curve, Rank-5  :85.0%
2025-12-12 08:52:56,851 MambaPro.train INFO: CMC curve, Rank-10 :88.5%
2025-12-12 08:52:56,851 MambaPro.train INFO: 🎯 New Best! Saving model...
2025-12-12 08:52:57,499 MambaPro.train INFO: [Epoch 30] 指标集合列表（历史）
2025-12-12 08:52:57,499 MambaPro.train INFO: history_mAP:{49.3 , 45.5 , 64.8 , 55.2 , 71.9 , 72.9}
2025-12-12 08:52:57,499 MambaPro.train INFO: best_mAP:{72.9}
2025-12-12 08:52:57,499 MambaPro.train INFO: history_Rank-1:{53.9 , 43.9 , 66.1 , 56.6 , 75.4 , 76.6}
2025-12-12 08:52:57,500 MambaPro.train INFO: best_Rank-1:{76.6}
2025-12-12 08:52:57,500 MambaPro.train INFO: history_Rank-5:{65.0 , 58.3 , 80.1 , 74.3 , 85.2 , 85.0}
2025-12-12 08:52:57,500 MambaPro.train INFO: best_Rank-5:{85.2}
2025-12-12 08:52:57,500 MambaPro.train INFO: history_Rank-10:{73.4 , 69.0 , 85.5 , 81.5 , 88.5}
2025-12-12 08:52:57,500 MambaPro.train INFO: best_Rank-10:{88.5}
2025-12-12 08:52:57,500 MambaPro.train INFO: history_Experts:{[0.35 , 0.34 , 0.31] , [0.36 , 0.34 , 0.30] , [0.41 , 0.34 , 0.26] , [0.59 , 0.25 , 0.16] , [0.81 , 0.11 , 0.08] , [0.87 , 0.07 , 0.06]}
2025-12-12 08:52:57,500 MambaPro.train INFO: best_Experts:{[0.87 , 0.07 , 0.06]}
2025-12-12 08:52:57,500 MambaPro.train INFO: 🔥 MoE损失(Val): 平衡=0.7524, 稀疏性=0.3452, 多样性=0.3986, 总=0.0012 (权重: 平衡=0.001, 稀疏性=0.000, 多样性=0.001)
2025-12-12 08:52:57,500 MambaPro.train INFO:    📊 专家权重分布(Val): [0.87 , 0.07 , 0.06]
2025-12-12 08:53:17,726 MambaPro.train INFO: Epoch 31 done. Time per batch: 0.188[s] Speed: 170.4[samples/s]
2025-12-12 08:53:37,586 MambaPro.train INFO: Epoch 32 done. Time per batch: 0.187[s] Speed: 170.8[samples/s]
2025-12-12 08:53:57,687 MambaPro.train INFO: Epoch 33 done. Time per batch: 0.188[s] Speed: 170.3[samples/s]
2025-12-12 08:54:17,564 MambaPro.train INFO: Epoch 34 done. Time per batch: 0.188[s] Speed: 170.7[samples/s]
2025-12-12 08:54:37,551 MambaPro.train INFO: Epoch 35 done. Time per batch: 0.187[s] Speed: 171.3[samples/s]
2025-12-12 08:54:45,067 MambaPro.train INFO: Validation Results - Epoch: 35
2025-12-12 08:54:45,067 MambaPro.train INFO: Current mAP: 74.5%
2025-12-12 08:54:45,067 MambaPro.train INFO: CMC curve, Rank-1  :78.2%
2025-12-12 08:54:45,067 MambaPro.train INFO: CMC curve, Rank-5  :87.4%
2025-12-12 08:54:45,067 MambaPro.train INFO: CMC curve, Rank-10 :91.3%
2025-12-12 08:54:45,068 MambaPro.train INFO: 🎯 New Best! Saving model...
2025-12-12 08:54:45,723 MambaPro.train INFO: [Epoch 35] 指标集合列表（历史）
2025-12-12 08:54:45,723 MambaPro.train INFO: history_mAP:{49.3 , 45.5 , 64.8 , 55.2 , 71.9 , 72.9 , 74.5}
2025-12-12 08:54:45,723 MambaPro.train INFO: best_mAP:{74.5}
2025-12-12 08:54:45,724 MambaPro.train INFO: history_Rank-1:{53.9 , 43.9 , 66.1 , 56.6 , 75.4 , 76.6 , 78.2}
2025-12-12 08:54:45,724 MambaPro.train INFO: best_Rank-1:{78.2}
2025-12-12 08:54:45,724 MambaPro.train INFO: history_Rank-5:{65.0 , 58.3 , 80.1 , 74.3 , 85.2 , 85.0 , 87.4}
2025-12-12 08:54:45,724 MambaPro.train INFO: best_Rank-5:{87.4}
2025-12-12 08:54:45,724 MambaPro.train INFO: history_Rank-10:{73.4 , 69.0 , 85.5 , 81.5 , 88.5 , 91.3}
2025-12-12 08:54:45,724 MambaPro.train INFO: best_Rank-10:{91.3}
2025-12-12 08:54:45,724 MambaPro.train INFO: history_Experts:{[0.35 , 0.34 , 0.31] , [0.36 , 0.34 , 0.30] , [0.41 , 0.34 , 0.26] , [0.59 , 0.25 , 0.16] , [0.81 , 0.11 , 0.08] , [0.87 , 0.07 , 0.06] , [0.91 , 0.05 , 0.04]}
2025-12-12 08:54:45,724 MambaPro.train INFO: best_Experts:{[0.91 , 0.05 , 0.04]}
2025-12-12 08:54:45,724 MambaPro.train INFO: 🔥 MoE损失(Val): 平衡=0.8769, 稀疏性=0.2632, 多样性=0.2838, 总=0.0012 (权重: 平衡=0.001, 稀疏性=0.000, 多样性=0.001)
2025-12-12 08:54:45,724 MambaPro.train INFO:    📊 专家权重分布(Val): [0.91 , 0.05 , 0.04]
2025-12-12 08:55:05,879 MambaPro.train INFO: Epoch 36 done. Time per batch: 0.187[s] Speed: 171.0[samples/s]
2025-12-12 08:55:25,851 MambaPro.train INFO: Epoch 37 done. Time per batch: 0.187[s] Speed: 171.4[samples/s]
2025-12-12 08:55:45,701 MambaPro.train INFO: Epoch 38 done. Time per batch: 0.187[s] Speed: 170.9[samples/s]
2025-12-12 08:56:05,743 MambaPro.train INFO: Epoch 39 done. Time per batch: 0.187[s] Speed: 170.8[samples/s]
2025-12-12 08:56:25,642 MambaPro.train INFO: Epoch 40 done. Time per batch: 0.188[s] Speed: 170.5[samples/s]
2025-12-12 08:56:33,579 MambaPro.train INFO: Validation Results - Epoch: 40
2025-12-12 08:56:33,579 MambaPro.train INFO: Current mAP: 75.2%
2025-12-12 08:56:33,579 MambaPro.train INFO: CMC curve, Rank-1  :78.8%
2025-12-12 08:56:33,579 MambaPro.train INFO: CMC curve, Rank-5  :87.8%
2025-12-12 08:56:33,579 MambaPro.train INFO: CMC curve, Rank-10 :91.0%
2025-12-12 08:56:33,580 MambaPro.train INFO: 🎯 New Best! Saving model...
2025-12-12 08:56:34,206 MambaPro.train INFO: [Epoch 40] 指标集合列表（历史）
2025-12-12 08:56:34,206 MambaPro.train INFO: history_mAP:{49.3 , 45.5 , 64.8 , 55.2 , 71.9 , 72.9 , 74.5 , 75.2}
2025-12-12 08:56:34,206 MambaPro.train INFO: best_mAP:{75.2}
2025-12-12 08:56:34,207 MambaPro.train INFO: history_Rank-1:{53.9 , 43.9 , 66.1 , 56.6 , 75.4 , 76.6 , 78.2 , 78.8}
2025-12-12 08:56:34,207 MambaPro.train INFO: best_Rank-1:{78.8}
2025-12-12 08:56:34,207 MambaPro.train INFO: history_Rank-5:{65.0 , 58.3 , 80.1 , 74.3 , 85.2 , 85.0 , 87.4 , 87.8}
2025-12-12 08:56:34,207 MambaPro.train INFO: best_Rank-5:{87.8}
2025-12-12 08:56:34,207 MambaPro.train INFO: history_Rank-10:{73.4 , 69.0 , 85.5 , 81.5 , 88.5 , 91.3 , 91.0}
2025-12-12 08:56:34,207 MambaPro.train INFO: best_Rank-10:{91.3}
2025-12-12 08:56:34,207 MambaPro.train INFO: history_Experts:{[0.35 , 0.34 , 0.31] , [0.36 , 0.34 , 0.30] , [0.41 , 0.34 , 0.26] , [0.59 , 0.25 , 0.16] , [0.81 , 0.11 , 0.08] , [0.87 , 0.07 , 0.06] , [0.91 , 0.05 , 0.04] , [0.92 , 0.04 , 0.03]}
2025-12-12 08:56:34,207 MambaPro.train INFO: best_Experts:{[0.92 , 0.04 , 0.03]}
2025-12-12 08:56:34,207 MambaPro.train INFO: 🔥 MoE损失(Val): 平衡=0.9457, 稀疏性=0.2186, 多样性=0.2274, 总=0.0012 (权重: 平衡=0.001, 稀疏性=0.000, 多样性=0.001)
2025-12-12 08:56:34,207 MambaPro.train INFO:    📊 专家权重分布(Val): [0.92 , 0.04 , 0.03]
2025-12-12 08:56:54,430 MambaPro.train INFO: Epoch 41 done. Time per batch: 0.188[s] Speed: 170.5[samples/s]
2025-12-12 08:57:14,496 MambaPro.train INFO: Epoch 42 done. Time per batch: 0.188[s] Speed: 170.6[samples/s]
2025-12-12 08:57:34,547 MambaPro.train INFO: Epoch 43 done. Time per batch: 0.187[s] Speed: 170.8[samples/s]
2025-12-12 08:57:54,592 MambaPro.train INFO: Epoch 44 done. Time per batch: 0.187[s] Speed: 170.8[samples/s]
2025-12-12 08:58:14,632 MambaPro.train INFO: Epoch 45 done. Time per batch: 0.187[s] Speed: 170.9[samples/s]
2025-12-12 08:58:22,202 MambaPro.train INFO: Validation Results - Epoch: 45
2025-12-12 08:58:22,203 MambaPro.train INFO: Current mAP: 74.5%
2025-12-12 08:58:22,203 MambaPro.train INFO: CMC curve, Rank-1  :77.4%
2025-12-12 08:58:22,203 MambaPro.train INFO: CMC curve, Rank-5  :86.4%
2025-12-12 08:58:22,203 MambaPro.train INFO: CMC curve, Rank-10 :90.8%
2025-12-12 08:58:22,203 MambaPro.train INFO: [Epoch 45] 指标集合列表（历史）
2025-12-12 08:58:22,203 MambaPro.train INFO: history_mAP:{49.3 , 45.5 , 64.8 , 55.2 , 71.9 , 72.9 , 74.5 , 75.2 , 74.5}
2025-12-12 08:58:22,203 MambaPro.train INFO: best_mAP:{75.2}
2025-12-12 08:58:22,203 MambaPro.train INFO: history_Rank-1:{53.9 , 43.9 , 66.1 , 56.6 , 75.4 , 76.6 , 78.2 , 78.8 , 77.4}
2025-12-12 08:58:22,203 MambaPro.train INFO: best_Rank-1:{78.8}
2025-12-12 08:58:22,203 MambaPro.train INFO: history_Rank-5:{65.0 , 58.3 , 80.1 , 74.3 , 85.2 , 85.0 , 87.4 , 87.8 , 86.4}
2025-12-12 08:58:22,203 MambaPro.train INFO: best_Rank-5:{87.8}
2025-12-12 08:58:22,203 MambaPro.train INFO: history_Rank-10:{73.4 , 69.0 , 85.5 , 81.5 , 88.5 , 91.3 , 91.0 , 90.8}
2025-12-12 08:58:22,203 MambaPro.train INFO: best_Rank-10:{91.3}
2025-12-12 08:58:22,204 MambaPro.train INFO: history_Experts:{[0.35 , 0.34 , 0.31] , [0.36 , 0.34 , 0.30] , [0.41 , 0.34 , 0.26] , [0.59 , 0.25 , 0.16] , [0.81 , 0.11 , 0.08] , [0.87 , 0.07 , 0.06] , [0.91 , 0.05 , 0.04] , [0.92 , 0.04 , 0.03] , [0.93 , 0.04 , 0.03]}
2025-12-12 08:58:22,204 MambaPro.train INFO: best_Experts:{[0.92 , 0.04 , 0.03]}
2025-12-12 08:58:22,204 MambaPro.train INFO: 🔥 MoE损失(Val): 平衡=0.9893, 稀疏性=0.1904, 多样性=0.1939, 总=0.0012 (权重: 平衡=0.001, 稀疏性=0.000, 多样性=0.001)
2025-12-12 08:58:22,204 MambaPro.train INFO:    📊 专家权重分布(Val): [0.93 , 0.04 , 0.03]
2025-12-12 08:58:42,534 MambaPro.train INFO: Epoch 46 done. Time per batch: 0.189[s] Speed: 169.5[samples/s]
2025-12-12 08:59:02,599 MambaPro.train INFO: Epoch 47 done. Time per batch: 0.188[s] Speed: 170.6[samples/s]
2025-12-12 08:59:22,458 MambaPro.train INFO: Epoch 48 done. Time per batch: 0.187[s] Speed: 170.8[samples/s]
2025-12-12 08:59:42,534 MambaPro.train INFO: Epoch 49 done. Time per batch: 0.188[s] Speed: 170.6[samples/s]
2025-12-12 09:00:02,644 MambaPro.train INFO: Epoch 50 done. Time per batch: 0.188[s] Speed: 170.3[samples/s]
2025-12-12 09:00:10,584 MambaPro.train INFO: Validation Results - Epoch: 50
2025-12-12 09:00:10,584 MambaPro.train INFO: Current mAP: 73.9%
2025-12-12 09:00:10,584 MambaPro.train INFO: CMC curve, Rank-1  :76.6%
2025-12-12 09:00:10,584 MambaPro.train INFO: CMC curve, Rank-5  :86.0%
2025-12-12 09:00:10,584 MambaPro.train INFO: CMC curve, Rank-10 :90.4%
2025-12-12 09:00:10,585 MambaPro.train INFO: [Epoch 50] 指标集合列表（历史）
2025-12-12 09:00:10,585 MambaPro.train INFO: history_mAP:{49.3 , 45.5 , 64.8 , 55.2 , 71.9 , 72.9 , 74.5 , 75.2 , 74.5 , 73.9}
2025-12-12 09:00:10,585 MambaPro.train INFO: best_mAP:{75.2}
2025-12-12 09:00:10,585 MambaPro.train INFO: history_Rank-1:{53.9 , 43.9 , 66.1 , 56.6 , 75.4 , 76.6 , 78.2 , 78.8 , 77.4}
2025-12-12 09:00:10,585 MambaPro.train INFO: best_Rank-1:{78.8}
2025-12-12 09:00:10,585 MambaPro.train INFO: history_Rank-5:{65.0 , 58.3 , 80.1 , 74.3 , 85.2 , 85.0 , 87.4 , 87.8 , 86.4 , 86.0}
2025-12-12 09:00:10,585 MambaPro.train INFO: best_Rank-5:{87.8}
2025-12-12 09:00:10,585 MambaPro.train INFO: history_Rank-10:{73.4 , 69.0 , 85.5 , 81.5 , 88.5 , 91.3 , 91.0 , 90.8 , 90.4}
2025-12-12 09:00:10,585 MambaPro.train INFO: best_Rank-10:{91.3}
2025-12-12 09:00:10,585 MambaPro.train INFO: history_Experts:{[0.35 , 0.34 , 0.31] , [0.36 , 0.34 , 0.30] , [0.41 , 0.34 , 0.26] , [0.59 , 0.25 , 0.16] , [0.81 , 0.11 , 0.08] , [0.87 , 0.07 , 0.06] , [0.91 , 0.05 , 0.04] , [0.92 , 0.04 , 0.03] , [0.93 , 0.04 , 0.03] , [0.94 , 0.03 , 0.03]}
2025-12-12 09:00:10,585 MambaPro.train INFO: best_Experts:{[0.92 , 0.04 , 0.03]}
2025-12-12 09:00:10,585 MambaPro.train INFO: 🔥 MoE损失(Val): 平衡=1.0203, 稀疏性=0.1705, 多样性=0.1710, 总=0.0012 (权重: 平衡=0.001, 稀疏性=0.000, 多样性=0.001)
2025-12-12 09:00:10,585 MambaPro.train INFO:    📊 专家权重分布(Val): [0.94 , 0.03 , 0.03]
2025-12-12 09:00:30,688 MambaPro.train INFO: Epoch 51 done. Time per batch: 0.188[s] Speed: 169.9[samples/s]
2025-12-12 09:00:50,609 MambaPro.train INFO: Epoch 52 done. Time per batch: 0.188[s] Speed: 170.3[samples/s]
2025-12-12 09:01:10,690 MambaPro.train INFO: Epoch 53 done. Time per batch: 0.188[s] Speed: 170.5[samples/s]
2025-12-12 09:01:30,791 MambaPro.train INFO: Epoch 54 done. Time per batch: 0.188[s] Speed: 170.3[samples/s]
2025-12-12 09:01:50,976 MambaPro.train INFO: Epoch 55 done. Time per batch: 0.189[s] Speed: 169.6[samples/s]
2025-12-12 09:01:58,526 MambaPro.train INFO: Validation Results - Epoch: 55
2025-12-12 09:01:58,526 MambaPro.train INFO: Current mAP: 75.1%
2025-12-12 09:01:58,526 MambaPro.train INFO: CMC curve, Rank-1  :77.3%
2025-12-12 09:01:58,526 MambaPro.train INFO: CMC curve, Rank-5  :88.0%
2025-12-12 09:01:58,526 MambaPro.train INFO: CMC curve, Rank-10 :90.7%
2025-12-12 09:01:58,527 MambaPro.train INFO: [Epoch 55] 指标集合列表（历史）
2025-12-12 09:01:58,527 MambaPro.train INFO: history_mAP:{49.3 , 45.5 , 64.8 , 55.2 , 71.9 , 72.9 , 74.5 , 75.2 , 74.5 , 73.9 , 75.1}
2025-12-12 09:01:58,527 MambaPro.train INFO: best_mAP:{75.2}
2025-12-12 09:01:58,527 MambaPro.train INFO: history_Rank-1:{53.9 , 43.9 , 66.1 , 56.6 , 75.4 , 76.6 , 78.2 , 78.8 , 77.4 , 77.3}
2025-12-12 09:01:58,527 MambaPro.train INFO: best_Rank-1:{78.8}
2025-12-12 09:01:58,527 MambaPro.train INFO: history_Rank-5:{65.0 , 58.3 , 80.1 , 74.3 , 85.2 , 85.0 , 87.4 , 87.8 , 86.4 , 86.0 , 88.0}
2025-12-12 09:01:58,527 MambaPro.train INFO: best_Rank-5:{87.8}
2025-12-12 09:01:58,528 MambaPro.train INFO: history_Rank-10:{73.4 , 69.0 , 85.5 , 81.5 , 88.5 , 91.3 , 91.0 , 90.8 , 90.4 , 90.7}
2025-12-12 09:01:58,528 MambaPro.train INFO: best_Rank-10:{91.3}
2025-12-12 09:01:58,528 MambaPro.train INFO: history_Experts:{[0.35 , 0.34 , 0.31] , [0.36 , 0.34 , 0.30] , [0.41 , 0.34 , 0.26] , [0.59 , 0.25 , 0.16] , [0.81 , 0.11 , 0.08] , [0.87 , 0.07 , 0.06] , [0.91 , 0.05 , 0.04] , [0.92 , 0.04 , 0.03] , [0.93 , 0.04 , 0.03] , [0.94 , 0.03 , 0.03] , [0.95 , 0.03 , 0.02]}
2025-12-12 09:01:58,528 MambaPro.train INFO: best_Experts:{[0.92 , 0.04 , 0.03]}
2025-12-12 09:01:58,528 MambaPro.train INFO: 🔥 MoE损失(Val): 平衡=1.0451, 稀疏性=0.1547, 多样性=0.1533, 总=0.0012 (权重: 平衡=0.001, 稀疏性=0.000, 多样性=0.001)
2025-12-12 09:01:58,528 MambaPro.train INFO:    📊 专家权重分布(Val): [0.95 , 0.03 , 0.02]
2025-12-12 09:02:18,591 MambaPro.train INFO: Epoch 56 done. Time per batch: 0.188[s] Speed: 170.2[samples/s]
2025-12-12 09:02:38,675 MambaPro.train INFO: Epoch 57 done. Time per batch: 0.188[s] Speed: 170.5[samples/s]
2025-12-12 09:02:58,799 MambaPro.train INFO: Epoch 58 done. Time per batch: 0.188[s] Speed: 170.1[samples/s]
2025-12-12 09:03:18,661 MambaPro.train INFO: Epoch 59 done. Time per batch: 0.187[s] Speed: 170.8[samples/s]
2025-12-12 09:03:38,759 MambaPro.train INFO: Epoch 60 done. Time per batch: 0.188[s] Speed: 170.4[samples/s]
2025-12-12 09:03:46,734 MambaPro.train INFO: Validation Results - Epoch: 60
2025-12-12 09:03:46,734 MambaPro.train INFO: Current mAP: 75.1%
2025-12-12 09:03:46,734 MambaPro.train INFO: CMC curve, Rank-1  :76.9%
2025-12-12 09:03:46,734 MambaPro.train INFO: CMC curve, Rank-5  :88.2%
2025-12-12 09:03:46,734 MambaPro.train INFO: CMC curve, Rank-10 :90.7%
2025-12-12 09:03:46,735 MambaPro.train INFO: [Epoch 60] 指标集合列表（历史）
2025-12-12 09:03:46,735 MambaPro.train INFO: history_mAP:{49.3 , 45.5 , 64.8 , 55.2 , 71.9 , 72.9 , 74.5 , 75.2 , 74.5 , 73.9 , 75.1 , 75.1}
2025-12-12 09:03:46,735 MambaPro.train INFO: best_mAP:{75.2}
2025-12-12 09:03:46,735 MambaPro.train INFO: history_Rank-1:{53.9 , 43.9 , 66.1 , 56.6 , 75.4 , 76.6 , 78.2 , 78.8 , 77.4 , 77.3 , 76.9}
2025-12-12 09:03:46,735 MambaPro.train INFO: best_Rank-1:{78.8}
2025-12-12 09:03:46,735 MambaPro.train INFO: history_Rank-5:{65.0 , 58.3 , 80.1 , 74.3 , 85.2 , 85.0 , 87.4 , 87.8 , 86.4 , 86.0 , 88.0 , 88.2}
2025-12-12 09:03:46,735 MambaPro.train INFO: best_Rank-5:{87.8}
2025-12-12 09:03:46,735 MambaPro.train INFO: history_Rank-10:{73.4 , 69.0 , 85.5 , 81.5 , 88.5 , 91.3 , 91.0 , 90.8 , 90.4 , 90.7}
2025-12-12 09:03:46,735 MambaPro.train INFO: best_Rank-10:{91.3}
2025-12-12 09:03:46,735 MambaPro.train INFO: history_Experts:{[0.35 , 0.34 , 0.31] , [0.36 , 0.34 , 0.30] , [0.41 , 0.34 , 0.26] , [0.59 , 0.25 , 0.16] , [0.81 , 0.11 , 0.08] , [0.87 , 0.07 , 0.06] , [0.91 , 0.05 , 0.04] , [0.92 , 0.04 , 0.03] , [0.93 , 0.04 , 0.03] , [0.94 , 0.03 , 0.03] , [0.95 , 0.03 , 0.02] , [0.95 , 0.03 , 0.02]}
2025-12-12 09:03:46,735 MambaPro.train INFO: best_Experts:{[0.92 , 0.04 , 0.03]}
2025-12-12 09:03:46,735 MambaPro.train INFO: 🔥 MoE损失(Val): 平衡=1.0630, 稀疏性=0.1433, 多样性=0.1408, 总=0.0012 (权重: 平衡=0.001, 稀疏性=0.000, 多样性=0.001)
2025-12-12 09:03:46,735 MambaPro.train INFO:    📊 专家权重分布(Val): [0.95 , 0.03 , 0.02]
2025-12-12 09:03:46,869 MambaPro.train INFO: ============================================================
