2025-12-11 23:27:25,268 MambaPro INFO: ================================================================================
2025-12-11 23:27:25,268 MambaPro INFO: 🧾 实验参数快照（命令行 + 最终配置）
2025-12-11 23:27:25,268 MambaPro INFO: ================================================================================
2025-12-11 23:27:25,268 MambaPro INFO: 【复现实验命令】
2025-12-11 23:27:25,268 MambaPro INFO: /home/zubuntu/miniconda/envs/MambaPro/bin/python train_net.py --config_file mybest_model/experiment_20251013_110028/configs/experiment_config.yml OUTPUT_DIR ./outputs/replay_best_tml
2025-12-11 23:27:25,268 MambaPro INFO: 【命令行参数（args）】
2025-12-11 23:27:25,268 MambaPro INFO: {
2025-12-11 23:27:25,268 MambaPro INFO:   "config_file": "mybest_model/experiment_20251013_110028/configs/experiment_config.yml",
2025-12-11 23:27:25,268 MambaPro INFO:   "fea_cft": 0,
2025-12-11 23:27:25,268 MambaPro INFO:   "opts": [
2025-12-11 23:27:25,268 MambaPro INFO:     "OUTPUT_DIR",
2025-12-11 23:27:25,268 MambaPro INFO:     "./outputs/replay_best_tml"
2025-12-11 23:27:25,268 MambaPro INFO:   ],
2025-12-11 23:27:25,268 MambaPro INFO:   "local_rank": 0,
2025-12-11 23:27:25,268 MambaPro INFO:   "use_multi_scale": false,
2025-12-11 23:27:25,268 MambaPro INFO:   "no_multi_scale": false,
2025-12-11 23:27:25,268 MambaPro INFO:   "use_moe": false,
2025-12-11 23:27:25,268 MambaPro INFO:   "disable_moe": false,
2025-12-11 23:27:25,268 MambaPro INFO:   "no_moe": false,
2025-12-11 23:27:25,268 MambaPro INFO:   "use_attention": false,
2025-12-11 23:27:25,268 MambaPro INFO:   "disable_attention": false,
2025-12-11 23:27:25,268 MambaPro INFO:   "attention_heads": 8,
2025-12-11 23:27:25,269 MambaPro INFO:   "attention_dropout": 0.1
2025-12-11 23:27:25,269 MambaPro INFO: }
2025-12-11 23:27:25,269 MambaPro INFO: 【工作目录】/home/zubuntu/workspace/yzy/MambaPro
2025-12-11 23:27:25,269 MambaPro INFO: 【最终配置（YAML）】
2025-12-11 23:27:25,274 MambaPro INFO: DATALOADER:
2025-12-11 23:27:25,274 MambaPro INFO:   NUM_INSTANCE: 8
2025-12-11 23:27:25,274 MambaPro INFO:   NUM_WORKERS: 8
2025-12-11 23:27:25,274 MambaPro INFO:   SAMPLER: softmax_triplet
2025-12-11 23:27:25,274 MambaPro INFO: DATASETS:
2025-12-11 23:27:25,274 MambaPro INFO:   NAMES: RGBNT201
2025-12-11 23:27:25,274 MambaPro INFO:   ROOT_DIR: /home/zubuntu/workspace/yzy/MambaPro/data/
2025-12-11 23:27:25,274 MambaPro INFO: INPUT:
2025-12-11 23:27:25,274 MambaPro INFO:   PADDING: 10
2025-12-11 23:27:25,274 MambaPro INFO:   PIXEL_MEAN:
2025-12-11 23:27:25,274 MambaPro INFO:   - 0.5
2025-12-11 23:27:25,274 MambaPro INFO:   - 0.5
2025-12-11 23:27:25,274 MambaPro INFO:   - 0.5
2025-12-11 23:27:25,274 MambaPro INFO:   PIXEL_STD:
2025-12-11 23:27:25,274 MambaPro INFO:   - 0.5
2025-12-11 23:27:25,274 MambaPro INFO:   - 0.5
2025-12-11 23:27:25,274 MambaPro INFO:   - 0.5
2025-12-11 23:27:25,274 MambaPro INFO:   PROB: 0.5
2025-12-11 23:27:25,274 MambaPro INFO:   RE_PROB: 0.5
2025-12-11 23:27:25,274 MambaPro INFO:   SIZE_TEST:
2025-12-11 23:27:25,274 MambaPro INFO:   - 256
2025-12-11 23:27:25,274 MambaPro INFO:   - 128
2025-12-11 23:27:25,274 MambaPro INFO:   SIZE_TRAIN:
2025-12-11 23:27:25,275 MambaPro INFO:   - 256
2025-12-11 23:27:25,275 MambaPro INFO:   - 128
2025-12-11 23:27:25,275 MambaPro INFO: MODEL:
2025-12-11 23:27:25,275 MambaPro INFO:   ADAPTER: true
2025-12-11 23:27:25,275 MambaPro INFO:   ATTENTION_DIM: 512
2025-12-11 23:27:25,275 MambaPro INFO:   ATTENTION_DROPOUT: 0.1
2025-12-11 23:27:25,275 MambaPro INFO:   ATTENTION_NUM_HEADS: 8
2025-12-11 23:27:25,275 MambaPro INFO:   ATT_DROP_RATE: 0.0
2025-12-11 23:27:25,275 MambaPro INFO:   CLIP_MULTI_SCALE_SCALES:
2025-12-11 23:27:25,275 MambaPro INFO:   - 4
2025-12-11 23:27:25,275 MambaPro INFO:   - 8
2025-12-11 23:27:25,275 MambaPro INFO:   - 16
2025-12-11 23:27:25,275 MambaPro INFO:   DEVICE: cuda
2025-12-11 23:27:25,275 MambaPro INFO:   DEVICE_ID: '0'
2025-12-11 23:27:25,275 MambaPro INFO:   DIRECT: 1
2025-12-11 23:27:25,275 MambaPro INFO:   DIST_TRAIN: false
2025-12-11 23:27:25,275 MambaPro INFO:   DROP_OUT: 0.0
2025-12-11 23:27:25,275 MambaPro INFO:   DROP_PATH: 0.1
2025-12-11 23:27:25,275 MambaPro INFO:   FLOPS_TEST: false
2025-12-11 23:27:25,275 MambaPro INFO:   FROZEN: true
2025-12-11 23:27:25,275 MambaPro INFO:   GATE_DROPOUT: 0.1
2025-12-11 23:27:25,275 MambaPro INFO:   ID_LOSS_TYPE: softmax
2025-12-11 23:27:25,275 MambaPro INFO:   ID_LOSS_WEIGHT: 0.25
2025-12-11 23:27:25,275 MambaPro INFO:   IF_LABELSMOOTH: 'on'
2025-12-11 23:27:25,275 MambaPro INFO:   IF_WITH_CENTER: 'no'
2025-12-11 23:27:25,275 MambaPro INFO:   LAYER: -1
2025-12-11 23:27:25,275 MambaPro INFO:   MAMBA: true
2025-12-11 23:27:25,275 MambaPro INFO:   MAMBA_BI: false
2025-12-11 23:27:25,275 MambaPro INFO:   METRIC_LOSS_TYPE: triplet
2025-12-11 23:27:25,275 MambaPro INFO:   MOE_BALANCE_LOSS_WEIGHT: 0.01
2025-12-11 23:27:25,275 MambaPro INFO:   MOE_DIVERSITY_LOSS_WEIGHT: 0.01
2025-12-11 23:27:25,275 MambaPro INFO:   MOE_EXPERT_DROPOUT: 0.1
2025-12-11 23:27:25,275 MambaPro INFO:   MOE_EXPERT_HIDDEN_DIM: 1024
2025-12-11 23:27:25,275 MambaPro INFO:   MOE_EXPERT_LAYERS: 2
2025-12-11 23:27:25,275 MambaPro INFO:   MOE_EXPERT_THRESHOLD: 0.1
2025-12-11 23:27:25,275 MambaPro INFO:   MOE_FIXED_WEIGHTS:
2025-12-11 23:27:25,275 MambaPro INFO:   - 0.33
2025-12-11 23:27:25,275 MambaPro INFO:   - 0.33
2025-12-11 23:27:25,275 MambaPro INFO:   - 0.34
2025-12-11 23:27:25,275 MambaPro INFO:   MOE_GATE_DROPOUT: 0.1
2025-12-11 23:27:25,276 MambaPro INFO:   MOE_GATE_LAYERS: 2
2025-12-11 23:27:25,276 MambaPro INFO:   MOE_INIT_WEIGHTS: null
2025-12-11 23:27:25,276 MambaPro INFO:   MOE_NUM_EXPERTS: 3
2025-12-11 23:27:25,276 MambaPro INFO:   MOE_RESIDUAL_WEIGHT: 1.0
2025-12-11 23:27:25,276 MambaPro INFO:   MOE_SCALES:
2025-12-11 23:27:25,276 MambaPro INFO:   - 4
2025-12-11 23:27:25,276 MambaPro INFO:   - 8
2025-12-11 23:27:25,276 MambaPro INFO:   - 16
2025-12-11 23:27:25,276 MambaPro INFO:   MOE_SPARSITY_LOSS_WEIGHT: 0.001
2025-12-11 23:27:25,276 MambaPro INFO:   MOE_TEMPERATURE: 0.7
2025-12-11 23:27:25,276 MambaPro INFO:   MOE_TOP_K: 2
2025-12-11 23:27:25,276 MambaPro INFO:   MOE_TOP_K_MODE: soft
2025-12-11 23:27:25,276 MambaPro INFO:   MOE_USE_FIXED_WEIGHTS: false
2025-12-11 23:27:25,276 MambaPro INFO:   MOE_USE_TOP_K_ROUTING: false
2025-12-11 23:27:25,276 MambaPro INFO:   MULTI_SCALE_SCALES:
2025-12-11 23:27:25,276 MambaPro INFO:   - 4
2025-12-11 23:27:25,276 MambaPro INFO:   - 8
2025-12-11 23:27:25,276 MambaPro INFO:   - 16
2025-12-11 23:27:25,276 MambaPro INFO:   NAME: MambaPro
2025-12-11 23:27:25,276 MambaPro INFO:   NECK: bnneck
2025-12-11 23:27:25,276 MambaPro INFO:   NO_MARGIN: true
2025-12-11 23:27:25,276 MambaPro INFO:   PREFIX_NUM: 1
2025-12-11 23:27:25,276 MambaPro INFO:   PRETRAIN_PATH_T: /home/zubuntu/workspace/yzy/MambaPro/pths/ViT-B-16.pt
2025-12-11 23:27:25,276 MambaPro INFO:   PROMPT: true
2025-12-11 23:27:25,276 MambaPro INFO:   SIE_CAMERA: true
2025-12-11 23:27:25,276 MambaPro INFO:   SIE_COE: 1.0
2025-12-11 23:27:25,276 MambaPro INFO:   SIE_VIEW: false
2025-12-11 23:27:25,276 MambaPro INFO:   STRIDE_SIZE:
2025-12-11 23:27:25,276 MambaPro INFO:   - 16
2025-12-11 23:27:25,276 MambaPro INFO:   - 16
2025-12-11 23:27:25,276 MambaPro INFO:   TRANSFORMER_TYPE: ViT-B-16
2025-12-11 23:27:25,276 MambaPro INFO:   TRIPLET_LOSS_WEIGHT: 1.0
2025-12-11 23:27:25,276 MambaPro INFO:   USE_ATTENTION_FUSION: false
2025-12-11 23:27:25,276 MambaPro INFO:   USE_CLIP_MULTI_SCALE: true
2025-12-11 23:27:25,276 MambaPro INFO:   USE_GATE_FUSION: false
2025-12-11 23:27:25,276 MambaPro INFO:   USE_MULTI_SCALE: false
2025-12-11 23:27:25,276 MambaPro INFO:   USE_MULTI_SCALE_MOE: true
2025-12-11 23:27:25,276 MambaPro INFO: OUTPUT_DIR: ./outputs/replay_best_tml/run_20251211_232725
2025-12-11 23:27:25,276 MambaPro INFO: SOLVER:
2025-12-11 23:27:25,276 MambaPro INFO:   BASE_LR: 0.0005
2025-12-11 23:27:25,277 MambaPro INFO:   BIAS_LR_FACTOR: 2
2025-12-11 23:27:25,277 MambaPro INFO:   CENTER_LOSS_WEIGHT: 0.0005
2025-12-11 23:27:25,277 MambaPro INFO:   CENTER_LR: 0.5
2025-12-11 23:27:25,277 MambaPro INFO:   CHECKPOINT_PERIOD: 10
2025-12-11 23:27:25,277 MambaPro INFO:   CLUSTER_MARGIN: 0.3
2025-12-11 23:27:25,277 MambaPro INFO:   COSINE_MARGIN: 0.5
2025-12-11 23:27:25,277 MambaPro INFO:   COSINE_SCALE: 30
2025-12-11 23:27:25,277 MambaPro INFO:   EVAL_PERIOD: 5
2025-12-11 23:27:25,277 MambaPro INFO:   GAMMA: 0.1
2025-12-11 23:27:25,277 MambaPro INFO:   IMS_PER_BATCH: 32
2025-12-11 23:27:25,277 MambaPro INFO:   LARGE_FC_LR: false
2025-12-11 23:27:25,277 MambaPro INFO:   LOG_PERIOD: 10
2025-12-11 23:27:25,277 MambaPro INFO:   MARGIN: 0.3
2025-12-11 23:27:25,277 MambaPro INFO:   MAX_EPOCHS: 60
2025-12-11 23:27:25,277 MambaPro INFO:   MOE_BALANCE_LOSS_WEIGHT: 0.001
2025-12-11 23:27:25,277 MambaPro INFO:   MOE_BALANCE_LOSS_WEIGHT_END: 0.1
2025-12-11 23:27:25,277 MambaPro INFO:   MOE_BALANCE_LOSS_WEIGHT_START: 0.001
2025-12-11 23:27:25,277 MambaPro INFO:   MOE_BALANCE_THRESHOLD: 0.3
2025-12-11 23:27:25,277 MambaPro INFO:   MOE_DIVERSITY_LOSS_WEIGHT: 0.001
2025-12-11 23:27:25,277 MambaPro INFO:   MOE_DIVERSITY_LOSS_WEIGHT_END: 0.1
2025-12-11 23:27:25,277 MambaPro INFO:   MOE_DIVERSITY_LOSS_WEIGHT_START: 0.001
2025-12-11 23:27:25,277 MambaPro INFO:   MOE_GATE_LR_FACTOR: 0.01
2025-12-11 23:27:25,277 MambaPro INFO:   MOE_LOSS_WEIGHT_SCHEDULE_TYPE: cosine
2025-12-11 23:27:25,277 MambaPro INFO:   MOE_LOSS_WEIGHT_WARMUP_EPOCHS: 5
2025-12-11 23:27:25,277 MambaPro INFO:   MOE_SPARSITY_LOSS_WEIGHT: 0.0001
2025-12-11 23:27:25,277 MambaPro INFO:   MOE_USE_DYNAMIC_LOSS_WEIGHT: false
2025-12-11 23:27:25,277 MambaPro INFO:   MOMENTUM: 0.9
2025-12-11 23:27:25,277 MambaPro INFO:   OPTIMIZER_NAME: Adam
2025-12-11 23:27:25,277 MambaPro INFO:   RANGE_ALPHA: 0
2025-12-11 23:27:25,277 MambaPro INFO:   RANGE_BETA: 1
2025-12-11 23:27:25,277 MambaPro INFO:   RANGE_K: 2
2025-12-11 23:27:25,277 MambaPro INFO:   RANGE_LOSS_WEIGHT: 1
2025-12-11 23:27:25,277 MambaPro INFO:   RANGE_MARGIN: 0.3
2025-12-11 23:27:25,277 MambaPro INFO:   SEED: 42
2025-12-11 23:27:25,277 MambaPro INFO:   STEPS:
2025-12-11 23:27:25,277 MambaPro INFO:   - 30
2025-12-11 23:27:25,278 MambaPro INFO:   - 50
2025-12-11 23:27:25,278 MambaPro INFO:   WARMUP_FACTOR: 0.01
2025-12-11 23:27:25,278 MambaPro INFO:   WARMUP_ITERS: 20
2025-12-11 23:27:25,278 MambaPro INFO:   WARMUP_METHOD: linear
2025-12-11 23:27:25,278 MambaPro INFO:   WEIGHT_DECAY: 0.0005
2025-12-11 23:27:25,278 MambaPro INFO:   WEIGHT_DECAY_BIAS: 0.0005
2025-12-11 23:27:25,278 MambaPro INFO: TEST:
2025-12-11 23:27:25,278 MambaPro INFO:   FEAT: 0
2025-12-11 23:27:25,278 MambaPro INFO:   FEAT_NORM: 'yes'
2025-12-11 23:27:25,278 MambaPro INFO:   IMS_PER_BATCH: 64
2025-12-11 23:27:25,278 MambaPro INFO:   MISS: nothing
2025-12-11 23:27:25,278 MambaPro INFO:   NECK_FEAT: after
2025-12-11 23:27:25,278 MambaPro INFO:   RE_RANKING: 'no'
2025-12-11 23:27:25,278 MambaPro INFO:   WEIGHT: /home/zubuntu/workspace/yzy/MambaPro/pths/MambaProbest.pth
2025-12-11 23:27:25,278 MambaPro INFO: ================================================================================
2025-12-11 23:27:27,706 MambaPro.train INFO: start training
2025-12-11 23:27:48,587 MambaPro.train INFO: Epoch 1 done. Time per batch: 0.195[s] Speed: 164.1[samples/s]
2025-12-11 23:28:08,827 MambaPro.train INFO: Epoch 2 done. Time per batch: 0.189[s] Speed: 169.2[samples/s]
2025-12-11 23:28:29,126 MambaPro.train INFO: Epoch 3 done. Time per batch: 0.190[s] Speed: 168.7[samples/s]
2025-12-11 23:28:49,416 MambaPro.train INFO: Epoch 4 done. Time per batch: 0.190[s] Speed: 168.8[samples/s]
2025-12-11 23:29:09,827 MambaPro.train INFO: Epoch 5 done. Time per batch: 0.191[s] Speed: 167.8[samples/s]
2025-12-11 23:29:17,444 MambaPro.train INFO: Validation Results - Epoch: 5
2025-12-11 23:29:17,444 MambaPro.train INFO: Current mAP: 57.9%
2025-12-11 23:29:17,444 MambaPro.train INFO: CMC curve, Rank-1  :62.7%
2025-12-11 23:29:17,444 MambaPro.train INFO: CMC curve, Rank-5  :79.5%
2025-12-11 23:29:17,444 MambaPro.train INFO: CMC curve, Rank-10 :86.8%
2025-12-11 23:29:17,445 MambaPro.train INFO: 🎯 New Best! Saving model...
2025-12-11 23:29:18,045 MambaPro.train INFO: [Epoch 5] 指标集合列表（历史）
2025-12-11 23:29:18,045 MambaPro.train INFO: history_mAP:{57.9}
2025-12-11 23:29:18,046 MambaPro.train INFO: best_mAP:{57.9}
2025-12-11 23:29:18,046 MambaPro.train INFO: history_Rank-1:{62.7}
2025-12-11 23:29:18,046 MambaPro.train INFO: best_Rank-1:{62.7}
2025-12-11 23:29:18,046 MambaPro.train INFO: history_Rank-5:{79.5}
2025-12-11 23:29:18,046 MambaPro.train INFO: best_Rank-5:{79.5}
2025-12-11 23:29:18,046 MambaPro.train INFO: history_Rank-10:{86.8}
2025-12-11 23:29:18,046 MambaPro.train INFO: best_Rank-10:{86.8}
2025-12-11 23:29:18,046 MambaPro.train INFO: history_Experts:{[0.35 , 0.34 , 0.31]}
2025-12-11 23:29:18,046 MambaPro.train INFO: best_Experts:{[0.35 , 0.34 , 0.31]}
2025-12-11 23:29:18,046 MambaPro.train INFO: 🔥 MoE损失(Val): 平衡=0.0000, 稀疏性=0.9988, 多样性=2.6571, 总=0.0028 (权重: 平衡=0.001, 稀疏性=0.000, 多样性=0.001)
2025-12-11 23:29:18,046 MambaPro.train INFO:    📊 专家权重分布(Val): [0.35 , 0.34 , 0.31]
2025-12-11 23:29:38,518 MambaPro.train INFO: Epoch 6 done. Time per batch: 0.190[s] Speed: 168.4[samples/s]
2025-12-11 23:29:58,886 MambaPro.train INFO: Epoch 7 done. Time per batch: 0.190[s] Speed: 168.1[samples/s]
2025-12-11 23:30:19,183 MambaPro.train INFO: Epoch 8 done. Time per batch: 0.190[s] Speed: 168.7[samples/s]
2025-12-11 23:30:39,464 MambaPro.train INFO: Epoch 9 done. Time per batch: 0.190[s] Speed: 168.8[samples/s]
2025-12-11 23:30:59,794 MambaPro.train INFO: Epoch 10 done. Time per batch: 0.190[s] Speed: 168.4[samples/s]
2025-12-11 23:31:07,902 MambaPro.train INFO: Validation Results - Epoch: 10
2025-12-11 23:31:07,902 MambaPro.train INFO: Current mAP: 56.8%
2025-12-11 23:31:07,902 MambaPro.train INFO: CMC curve, Rank-1  :58.6%
2025-12-11 23:31:07,902 MambaPro.train INFO: CMC curve, Rank-5  :73.9%
2025-12-11 23:31:07,902 MambaPro.train INFO: CMC curve, Rank-10 :79.4%
2025-12-11 23:31:07,903 MambaPro.train INFO: [Epoch 10] 指标集合列表（历史）
2025-12-11 23:31:07,903 MambaPro.train INFO: history_mAP:{57.9 , 56.8}
2025-12-11 23:31:07,903 MambaPro.train INFO: best_mAP:{57.9}
2025-12-11 23:31:07,903 MambaPro.train INFO: history_Rank-1:{62.7 , 58.6}
2025-12-11 23:31:07,903 MambaPro.train INFO: best_Rank-1:{62.7}
2025-12-11 23:31:07,903 MambaPro.train INFO: history_Rank-5:{79.5 , 73.9}
2025-12-11 23:31:07,903 MambaPro.train INFO: best_Rank-5:{79.5}
2025-12-11 23:31:07,903 MambaPro.train INFO: history_Rank-10:{86.8 , 79.4}
2025-12-11 23:31:07,903 MambaPro.train INFO: best_Rank-10:{86.8}
2025-12-11 23:31:07,903 MambaPro.train INFO: history_Experts:{[0.35 , 0.34 , 0.31] , [0.36 , 0.34 , 0.30]}
2025-12-11 23:31:07,903 MambaPro.train INFO: best_Experts:{[0.35 , 0.34 , 0.31]}
2025-12-11 23:31:07,903 MambaPro.train INFO: 🔥 MoE损失(Val): 平衡=0.0000, 稀疏性=0.9967, 多样性=2.6405, 总=0.0027 (权重: 平衡=0.001, 稀疏性=0.000, 多样性=0.001)
2025-12-11 23:31:07,903 MambaPro.train INFO:    📊 专家权重分布(Val): [0.36 , 0.34 , 0.30]
2025-12-11 23:31:28,127 MambaPro.train INFO: Epoch 11 done. Time per batch: 0.190[s] Speed: 168.9[samples/s]
2025-12-11 23:31:48,557 MambaPro.train INFO: Epoch 12 done. Time per batch: 0.191[s] Speed: 167.6[samples/s]
2025-12-11 23:32:08,978 MambaPro.train INFO: Epoch 13 done. Time per batch: 0.191[s] Speed: 167.7[samples/s]
2025-12-11 23:32:29,257 MambaPro.train INFO: Epoch 14 done. Time per batch: 0.190[s] Speed: 168.8[samples/s]
2025-12-11 23:32:49,512 MambaPro.train INFO: Epoch 15 done. Time per batch: 0.189[s] Speed: 169.0[samples/s]
2025-12-11 23:32:57,093 MambaPro.train INFO: Validation Results - Epoch: 15
2025-12-11 23:32:57,094 MambaPro.train INFO: Current mAP: 53.9%
2025-12-11 23:32:57,094 MambaPro.train INFO: CMC curve, Rank-1  :60.5%
2025-12-11 23:32:57,094 MambaPro.train INFO: CMC curve, Rank-5  :76.7%
2025-12-11 23:32:57,094 MambaPro.train INFO: CMC curve, Rank-10 :81.3%
2025-12-11 23:32:57,094 MambaPro.train INFO: [Epoch 15] 指标集合列表（历史）
2025-12-11 23:32:57,094 MambaPro.train INFO: history_mAP:{57.9 , 56.8 , 53.9}
2025-12-11 23:32:57,094 MambaPro.train INFO: best_mAP:{57.9}
2025-12-11 23:32:57,094 MambaPro.train INFO: history_Rank-1:{62.7 , 58.6 , 60.5}
2025-12-11 23:32:57,094 MambaPro.train INFO: best_Rank-1:{62.7}
2025-12-11 23:32:57,094 MambaPro.train INFO: history_Rank-5:{79.5 , 73.9 , 76.7}
2025-12-11 23:32:57,094 MambaPro.train INFO: best_Rank-5:{79.5}
2025-12-11 23:32:57,094 MambaPro.train INFO: history_Rank-10:{86.8 , 79.4 , 81.3}
2025-12-11 23:32:57,095 MambaPro.train INFO: best_Rank-10:{86.8}
2025-12-11 23:32:57,095 MambaPro.train INFO: history_Experts:{[0.35 , 0.34 , 0.31] , [0.36 , 0.34 , 0.30] , [0.40 , 0.34 , 0.26]}
2025-12-11 23:32:57,095 MambaPro.train INFO: best_Experts:{[0.35 , 0.34 , 0.31]}
2025-12-11 23:32:57,095 MambaPro.train INFO: 🔥 MoE损失(Val): 平衡=0.0000, 稀疏性=0.9851, 多样性=2.5510, 总=0.0026 (权重: 平衡=0.001, 稀疏性=0.000, 多样性=0.001)
2025-12-11 23:32:57,095 MambaPro.train INFO:    📊 专家权重分布(Val): [0.40 , 0.34 , 0.26]
2025-12-11 23:33:17,608 MambaPro.train INFO: Epoch 16 done. Time per batch: 0.190[s] Speed: 168.1[samples/s]
2025-12-11 23:33:37,987 MambaPro.train INFO: Epoch 17 done. Time per batch: 0.190[s] Speed: 168.0[samples/s]
2025-12-11 23:33:58,339 MambaPro.train INFO: Epoch 18 done. Time per batch: 0.192[s] Speed: 166.7[samples/s]
2025-12-11 23:34:18,580 MambaPro.train INFO: Epoch 19 done. Time per batch: 0.189[s] Speed: 169.2[samples/s]
2025-12-11 23:34:38,697 MambaPro.train INFO: Epoch 20 done. Time per batch: 0.188[s] Speed: 170.2[samples/s]
2025-12-11 23:34:46,630 MambaPro.train INFO: Validation Results - Epoch: 20
2025-12-11 23:34:46,630 MambaPro.train INFO: Current mAP: 49.3%
2025-12-11 23:34:46,630 MambaPro.train INFO: CMC curve, Rank-1  :50.0%
2025-12-11 23:34:46,630 MambaPro.train INFO: CMC curve, Rank-5  :65.7%
2025-12-11 23:34:46,630 MambaPro.train INFO: CMC curve, Rank-10 :72.7%
2025-12-11 23:34:46,631 MambaPro.train INFO: [Epoch 20] 指标集合列表（历史）
2025-12-11 23:34:46,631 MambaPro.train INFO: history_mAP:{57.9 , 56.8 , 53.9 , 49.3}
2025-12-11 23:34:46,631 MambaPro.train INFO: best_mAP:{57.9}
2025-12-11 23:34:46,631 MambaPro.train INFO: history_Rank-1:{62.7 , 58.6 , 60.5 , 50.0}
2025-12-11 23:34:46,631 MambaPro.train INFO: best_Rank-1:{62.7}
2025-12-11 23:34:46,631 MambaPro.train INFO: history_Rank-5:{79.5 , 73.9 , 76.7 , 65.7}
2025-12-11 23:34:46,631 MambaPro.train INFO: best_Rank-5:{79.5}
2025-12-11 23:34:46,631 MambaPro.train INFO: history_Rank-10:{86.8 , 79.4 , 81.3 , 72.7}
2025-12-11 23:34:46,631 MambaPro.train INFO: best_Rank-10:{86.8}
2025-12-11 23:34:46,631 MambaPro.train INFO: history_Experts:{[0.35 , 0.34 , 0.31] , [0.36 , 0.34 , 0.30] , [0.40 , 0.34 , 0.26] , [0.58 , 0.25 , 0.17]}
2025-12-11 23:34:46,631 MambaPro.train INFO: best_Experts:{[0.35 , 0.34 , 0.31]}
2025-12-11 23:34:46,631 MambaPro.train INFO: 🔥 MoE损失(Val): 平衡=0.0781, 稀疏性=0.8572, 多样性=1.7781, 总=0.0019 (权重: 平衡=0.001, 稀疏性=0.000, 多样性=0.001)
2025-12-11 23:34:46,631 MambaPro.train INFO:    📊 专家权重分布(Val): [0.58 , 0.25 , 0.17]
2025-12-11 23:35:07,368 MambaPro.train INFO: Epoch 21 done. Time per batch: 0.194[s] Speed: 164.7[samples/s]
2025-12-11 23:35:28,330 MambaPro.train INFO: Epoch 22 done. Time per batch: 0.196[s] Speed: 163.3[samples/s]
2025-12-11 23:35:48,470 MambaPro.train INFO: Epoch 23 done. Time per batch: 0.188[s] Speed: 170.0[samples/s]
2025-12-11 23:36:08,594 MambaPro.train INFO: Epoch 24 done. Time per batch: 0.188[s] Speed: 170.2[samples/s]
2025-12-11 23:36:28,583 MambaPro.train INFO: Epoch 25 done. Time per batch: 0.189[s] Speed: 169.7[samples/s]
2025-12-11 23:36:36,161 MambaPro.train INFO: Validation Results - Epoch: 25
2025-12-11 23:36:36,161 MambaPro.train INFO: Current mAP: 70.1%
2025-12-11 23:36:36,161 MambaPro.train INFO: CMC curve, Rank-1  :74.5%
2025-12-11 23:36:36,161 MambaPro.train INFO: CMC curve, Rank-5  :85.5%
2025-12-11 23:36:36,161 MambaPro.train INFO: CMC curve, Rank-10 :91.0%
2025-12-11 23:36:36,162 MambaPro.train INFO: 🎯 New Best! Saving model...
2025-12-11 23:36:36,757 MambaPro.train INFO: [Epoch 25] 指标集合列表（历史）
2025-12-11 23:36:36,757 MambaPro.train INFO: history_mAP:{57.9 , 56.8 , 53.9 , 49.3 , 70.1}
2025-12-11 23:36:36,757 MambaPro.train INFO: best_mAP:{70.1}
2025-12-11 23:36:36,757 MambaPro.train INFO: history_Rank-1:{62.7 , 58.6 , 60.5 , 50.0 , 74.5}
2025-12-11 23:36:36,757 MambaPro.train INFO: best_Rank-1:{74.5}
2025-12-11 23:36:36,757 MambaPro.train INFO: history_Rank-5:{79.5 , 73.9 , 76.7 , 65.7 , 85.5}
2025-12-11 23:36:36,757 MambaPro.train INFO: best_Rank-5:{85.5}
2025-12-11 23:36:36,757 MambaPro.train INFO: history_Rank-10:{86.8 , 79.4 , 81.3 , 72.7 , 91.0}
2025-12-11 23:36:36,757 MambaPro.train INFO: best_Rank-10:{91.0}
2025-12-11 23:36:36,757 MambaPro.train INFO: history_Experts:{[0.35 , 0.34 , 0.31] , [0.36 , 0.34 , 0.30] , [0.40 , 0.34 , 0.26] , [0.58 , 0.25 , 0.17] , [0.79 , 0.12 , 0.09]}
2025-12-11 23:36:36,757 MambaPro.train INFO: best_Experts:{[0.79 , 0.12 , 0.09]}
2025-12-11 23:36:36,757 MambaPro.train INFO: 🔥 MoE损失(Val): 平衡=0.4844, 稀疏性=0.5283, 多样性=0.7250, 总=0.0013 (权重: 平衡=0.001, 稀疏性=0.000, 多样性=0.001)
2025-12-11 23:36:36,758 MambaPro.train INFO:    📊 专家权重分布(Val): [0.79 , 0.12 , 0.09]
2025-12-11 23:36:57,102 MambaPro.train INFO: Epoch 26 done. Time per batch: 0.189[s] Speed: 169.4[samples/s]
2025-12-11 23:37:17,178 MambaPro.train INFO: Epoch 27 done. Time per batch: 0.188[s] Speed: 170.6[samples/s]
2025-12-11 23:37:37,941 MambaPro.train INFO: Epoch 28 done. Time per batch: 0.194[s] Speed: 164.9[samples/s]
2025-12-11 23:37:58,044 MambaPro.train INFO: Epoch 29 done. Time per batch: 0.188[s] Speed: 170.3[samples/s]
2025-12-11 23:38:18,218 MambaPro.train INFO: Epoch 30 done. Time per batch: 0.189[s] Speed: 169.7[samples/s]
2025-12-11 23:38:26,133 MambaPro.train INFO: Validation Results - Epoch: 30
2025-12-11 23:38:26,133 MambaPro.train INFO: Current mAP: 76.6%
2025-12-11 23:38:26,133 MambaPro.train INFO: CMC curve, Rank-1  :80.0%
2025-12-11 23:38:26,133 MambaPro.train INFO: CMC curve, Rank-5  :87.0%
2025-12-11 23:38:26,133 MambaPro.train INFO: CMC curve, Rank-10 :91.9%
2025-12-11 23:38:26,134 MambaPro.train INFO: 🎯 New Best! Saving model...
2025-12-11 23:38:26,791 MambaPro.train INFO: [Epoch 30] 指标集合列表（历史）
2025-12-11 23:38:26,791 MambaPro.train INFO: history_mAP:{57.9 , 56.8 , 53.9 , 49.3 , 70.1 , 76.6}
2025-12-11 23:38:26,791 MambaPro.train INFO: best_mAP:{76.6}
2025-12-11 23:38:26,792 MambaPro.train INFO: history_Rank-1:{62.7 , 58.6 , 60.5 , 50.0 , 74.5 , 80.0}
2025-12-11 23:38:26,792 MambaPro.train INFO: best_Rank-1:{80.0}
2025-12-11 23:38:26,792 MambaPro.train INFO: history_Rank-5:{79.5 , 73.9 , 76.7 , 65.7 , 85.5 , 87.0}
2025-12-11 23:38:26,792 MambaPro.train INFO: best_Rank-5:{87.0}
2025-12-11 23:38:26,792 MambaPro.train INFO: history_Rank-10:{86.8 , 79.4 , 81.3 , 72.7 , 91.0 , 91.9}
2025-12-11 23:38:26,792 MambaPro.train INFO: best_Rank-10:{91.9}
2025-12-11 23:38:26,792 MambaPro.train INFO: history_Experts:{[0.35 , 0.34 , 0.31] , [0.36 , 0.34 , 0.30] , [0.40 , 0.34 , 0.26] , [0.58 , 0.25 , 0.17] , [0.79 , 0.12 , 0.09] , [0.86 , 0.08 , 0.06]}
2025-12-11 23:38:26,792 MambaPro.train INFO: best_Experts:{[0.86 , 0.08 , 0.06]}
2025-12-11 23:38:26,792 MambaPro.train INFO: 🔥 MoE损失(Val): 平衡=0.7174, 稀疏性=0.3685, 多样性=0.4343, 总=0.0012 (权重: 平衡=0.001, 稀疏性=0.000, 多样性=0.001)
2025-12-11 23:38:26,792 MambaPro.train INFO:    📊 专家权重分布(Val): [0.86 , 0.08 , 0.06]
2025-12-11 23:38:47,015 MambaPro.train INFO: Epoch 31 done. Time per batch: 0.188[s] Speed: 170.5[samples/s]
2025-12-11 23:39:07,110 MambaPro.train INFO: Epoch 32 done. Time per batch: 0.190[s] Speed: 168.8[samples/s]
2025-12-11 23:39:27,251 MambaPro.train INFO: Epoch 33 done. Time per batch: 0.188[s] Speed: 170.0[samples/s]
2025-12-11 23:39:47,245 MambaPro.train INFO: Epoch 34 done. Time per batch: 0.189[s] Speed: 169.7[samples/s]
2025-12-11 23:40:07,373 MambaPro.train INFO: Epoch 35 done. Time per batch: 0.188[s] Speed: 170.1[samples/s]
2025-12-11 23:40:14,895 MambaPro.train INFO: Validation Results - Epoch: 35
2025-12-11 23:40:14,895 MambaPro.train INFO: Current mAP: 77.2%
2025-12-11 23:40:14,895 MambaPro.train INFO: CMC curve, Rank-1  :80.0%
2025-12-11 23:40:14,895 MambaPro.train INFO: CMC curve, Rank-5  :86.7%
2025-12-11 23:40:14,895 MambaPro.train INFO: CMC curve, Rank-10 :90.8%
2025-12-11 23:40:14,896 MambaPro.train INFO: 🎯 New Best! Saving model...
2025-12-11 23:40:15,523 MambaPro.train INFO: [Epoch 35] 指标集合列表（历史）
2025-12-11 23:40:15,523 MambaPro.train INFO: history_mAP:{57.9 , 56.8 , 53.9 , 49.3 , 70.1 , 76.6 , 77.2}
2025-12-11 23:40:15,523 MambaPro.train INFO: best_mAP:{77.2}
2025-12-11 23:40:15,523 MambaPro.train INFO: history_Rank-1:{62.7 , 58.6 , 60.5 , 50.0 , 74.5 , 80.0}
2025-12-11 23:40:15,523 MambaPro.train INFO: best_Rank-1:{80.0}
2025-12-11 23:40:15,523 MambaPro.train INFO: history_Rank-5:{79.5 , 73.9 , 76.7 , 65.7 , 85.5 , 87.0 , 86.7}
2025-12-11 23:40:15,523 MambaPro.train INFO: best_Rank-5:{87.0}
2025-12-11 23:40:15,523 MambaPro.train INFO: history_Rank-10:{86.8 , 79.4 , 81.3 , 72.7 , 91.0 , 91.9 , 90.8}
2025-12-11 23:40:15,523 MambaPro.train INFO: best_Rank-10:{91.9}
2025-12-11 23:40:15,523 MambaPro.train INFO: history_Experts:{[0.35 , 0.34 , 0.31] , [0.36 , 0.34 , 0.30] , [0.40 , 0.34 , 0.26] , [0.58 , 0.25 , 0.17] , [0.79 , 0.12 , 0.09] , [0.86 , 0.08 , 0.06] , [0.90 , 0.06 , 0.04]}
2025-12-11 23:40:15,523 MambaPro.train INFO: best_Experts:{[0.90 , 0.06 , 0.04]}
2025-12-11 23:40:15,523 MambaPro.train INFO: 🔥 MoE损失(Val): 平衡=0.8506, 稀疏性=0.2804, 多样性=0.3065, 总=0.0012 (权重: 平衡=0.001, 稀疏性=0.000, 多样性=0.001)
2025-12-11 23:40:15,523 MambaPro.train INFO:    📊 专家权重分布(Val): [0.90 , 0.06 , 0.04]
2025-12-11 23:40:35,823 MambaPro.train INFO: Epoch 36 done. Time per batch: 0.188[s] Speed: 169.8[samples/s]
2025-12-11 23:40:55,977 MambaPro.train INFO: Epoch 37 done. Time per batch: 0.188[s] Speed: 169.9[samples/s]
2025-12-11 23:41:15,919 MambaPro.train INFO: Epoch 38 done. Time per batch: 0.188[s] Speed: 170.1[samples/s]
2025-12-11 23:41:36,112 MambaPro.train INFO: Epoch 39 done. Time per batch: 0.189[s] Speed: 169.6[samples/s]
2025-12-11 23:41:56,075 MambaPro.train INFO: Epoch 40 done. Time per batch: 0.188[s] Speed: 169.9[samples/s]
2025-12-11 23:42:04,112 MambaPro.train INFO: Validation Results - Epoch: 40
2025-12-11 23:42:04,113 MambaPro.train INFO: Current mAP: 77.1%
2025-12-11 23:42:04,113 MambaPro.train INFO: CMC curve, Rank-1  :80.3%
2025-12-11 23:42:04,113 MambaPro.train INFO: CMC curve, Rank-5  :87.3%
2025-12-11 23:42:04,113 MambaPro.train INFO: CMC curve, Rank-10 :90.4%
2025-12-11 23:42:04,113 MambaPro.train INFO: [Epoch 40] 指标集合列表（历史）
2025-12-11 23:42:04,113 MambaPro.train INFO: history_mAP:{57.9 , 56.8 , 53.9 , 49.3 , 70.1 , 76.6 , 77.2 , 77.1}
2025-12-11 23:42:04,113 MambaPro.train INFO: best_mAP:{77.2}
2025-12-11 23:42:04,113 MambaPro.train INFO: history_Rank-1:{62.7 , 58.6 , 60.5 , 50.0 , 74.5 , 80.0 , 80.3}
2025-12-11 23:42:04,113 MambaPro.train INFO: best_Rank-1:{80.0}
2025-12-11 23:42:04,113 MambaPro.train INFO: history_Rank-5:{79.5 , 73.9 , 76.7 , 65.7 , 85.5 , 87.0 , 86.7 , 87.3}
2025-12-11 23:42:04,114 MambaPro.train INFO: best_Rank-5:{87.0}
2025-12-11 23:42:04,114 MambaPro.train INFO: history_Rank-10:{86.8 , 79.4 , 81.3 , 72.7 , 91.0 , 91.9 , 90.8 , 90.4}
2025-12-11 23:42:04,114 MambaPro.train INFO: best_Rank-10:{91.9}
2025-12-11 23:42:04,114 MambaPro.train INFO: history_Experts:{[0.35 , 0.34 , 0.31] , [0.36 , 0.34 , 0.30] , [0.40 , 0.34 , 0.26] , [0.58 , 0.25 , 0.17] , [0.79 , 0.12 , 0.09] , [0.86 , 0.08 , 0.06] , [0.90 , 0.06 , 0.04] , [0.92 , 0.05 , 0.04]}
2025-12-11 23:42:04,114 MambaPro.train INFO: best_Experts:{[0.90 , 0.06 , 0.04]}
2025-12-11 23:42:04,114 MambaPro.train INFO: 🔥 MoE损失(Val): 平衡=0.9257, 稀疏性=0.2315, 多样性=0.2434, 总=0.0012 (权重: 平衡=0.001, 稀疏性=0.000, 多样性=0.001)
2025-12-11 23:42:04,114 MambaPro.train INFO:    📊 专家权重分布(Val): [0.92 , 0.05 , 0.04]
2025-12-11 23:42:24,508 MambaPro.train INFO: Epoch 41 done. Time per batch: 0.189[s] Speed: 169.0[samples/s]
2025-12-11 23:42:44,652 MambaPro.train INFO: Epoch 42 done. Time per batch: 0.188[s] Speed: 170.0[samples/s]
2025-12-11 23:43:05,003 MambaPro.train INFO: Epoch 43 done. Time per batch: 0.190[s] Speed: 168.2[samples/s]
2025-12-11 23:43:25,227 MambaPro.train INFO: Epoch 44 done. Time per batch: 0.189[s] Speed: 169.3[samples/s]
2025-12-11 23:43:45,376 MambaPro.train INFO: Epoch 45 done. Time per batch: 0.188[s] Speed: 169.9[samples/s]
2025-12-11 23:43:53,274 MambaPro.train INFO: Validation Results - Epoch: 45
2025-12-11 23:43:53,274 MambaPro.train INFO: Current mAP: 78.1%
2025-12-11 23:43:53,274 MambaPro.train INFO: CMC curve, Rank-1  :80.7%
2025-12-11 23:43:53,274 MambaPro.train INFO: CMC curve, Rank-5  :87.6%
2025-12-11 23:43:53,274 MambaPro.train INFO: CMC curve, Rank-10 :90.2%
2025-12-11 23:43:53,275 MambaPro.train INFO: 🎯 New Best! Saving model...
2025-12-11 23:43:53,902 MambaPro.train INFO: [Epoch 45] 指标集合列表（历史）
2025-12-11 23:43:53,902 MambaPro.train INFO: history_mAP:{57.9 , 56.8 , 53.9 , 49.3 , 70.1 , 76.6 , 77.2 , 77.1 , 78.1}
2025-12-11 23:43:53,902 MambaPro.train INFO: best_mAP:{78.1}
2025-12-11 23:43:53,902 MambaPro.train INFO: history_Rank-1:{62.7 , 58.6 , 60.5 , 50.0 , 74.5 , 80.0 , 80.3 , 80.7}
2025-12-11 23:43:53,902 MambaPro.train INFO: best_Rank-1:{80.7}
2025-12-11 23:43:53,902 MambaPro.train INFO: history_Rank-5:{79.5 , 73.9 , 76.7 , 65.7 , 85.5 , 87.0 , 86.7 , 87.3 , 87.6}
2025-12-11 23:43:53,902 MambaPro.train INFO: best_Rank-5:{87.6}
2025-12-11 23:43:53,902 MambaPro.train INFO: history_Rank-10:{86.8 , 79.4 , 81.3 , 72.7 , 91.0 , 91.9 , 90.8 , 90.4 , 90.2}
2025-12-11 23:43:53,902 MambaPro.train INFO: best_Rank-10:{91.9}
2025-12-11 23:43:53,902 MambaPro.train INFO: history_Experts:{[0.35 , 0.34 , 0.31] , [0.36 , 0.34 , 0.30] , [0.40 , 0.34 , 0.26] , [0.58 , 0.25 , 0.17] , [0.79 , 0.12 , 0.09] , [0.86 , 0.08 , 0.06] , [0.90 , 0.06 , 0.04] , [0.92 , 0.05 , 0.04] , [0.93 , 0.04 , 0.03]}
2025-12-11 23:43:53,902 MambaPro.train INFO: best_Experts:{[0.93 , 0.04 , 0.03]}
2025-12-11 23:43:53,903 MambaPro.train INFO: 🔥 MoE损失(Val): 平衡=0.9739, 稀疏性=0.2003, 多样性=0.2055, 总=0.0012 (权重: 平衡=0.001, 稀疏性=0.000, 多样性=0.001)
2025-12-11 23:43:53,903 MambaPro.train INFO:    📊 专家权重分布(Val): [0.93 , 0.04 , 0.03]
2025-12-11 23:44:14,273 MambaPro.train INFO: Epoch 46 done. Time per batch: 0.189[s] Speed: 169.2[samples/s]
2025-12-11 23:44:34,470 MambaPro.train INFO: Epoch 47 done. Time per batch: 0.189[s] Speed: 169.5[samples/s]
2025-12-11 23:44:54,516 MambaPro.train INFO: Epoch 48 done. Time per batch: 0.189[s] Speed: 169.2[samples/s]
2025-12-11 23:45:14,689 MambaPro.train INFO: Epoch 49 done. Time per batch: 0.189[s] Speed: 169.7[samples/s]
2025-12-11 23:45:34,849 MambaPro.train INFO: Epoch 50 done. Time per batch: 0.188[s] Speed: 169.8[samples/s]
2025-12-11 23:45:42,844 MambaPro.train INFO: Validation Results - Epoch: 50
2025-12-11 23:45:42,844 MambaPro.train INFO: Current mAP: 77.5%
2025-12-11 23:45:42,844 MambaPro.train INFO: CMC curve, Rank-1  :80.6%
2025-12-11 23:45:42,844 MambaPro.train INFO: CMC curve, Rank-5  :87.4%
2025-12-11 23:45:42,844 MambaPro.train INFO: CMC curve, Rank-10 :91.4%
2025-12-11 23:45:42,845 MambaPro.train INFO: [Epoch 50] 指标集合列表（历史）
2025-12-11 23:45:42,845 MambaPro.train INFO: history_mAP:{57.9 , 56.8 , 53.9 , 49.3 , 70.1 , 76.6 , 77.2 , 77.1 , 78.1 , 77.5}
2025-12-11 23:45:42,845 MambaPro.train INFO: best_mAP:{78.1}
2025-12-11 23:45:42,845 MambaPro.train INFO: history_Rank-1:{62.7 , 58.6 , 60.5 , 50.0 , 74.5 , 80.0 , 80.3 , 80.7 , 80.6}
2025-12-11 23:45:42,845 MambaPro.train INFO: best_Rank-1:{80.7}
2025-12-11 23:45:42,845 MambaPro.train INFO: history_Rank-5:{79.5 , 73.9 , 76.7 , 65.7 , 85.5 , 87.0 , 86.7 , 87.3 , 87.6 , 87.4}
2025-12-11 23:45:42,845 MambaPro.train INFO: best_Rank-5:{87.6}
2025-12-11 23:45:42,845 MambaPro.train INFO: history_Rank-10:{86.8 , 79.4 , 81.3 , 72.7 , 91.0 , 91.9 , 90.8 , 90.4 , 90.2 , 91.4}
2025-12-11 23:45:42,845 MambaPro.train INFO: best_Rank-10:{91.9}
2025-12-11 23:45:42,845 MambaPro.train INFO: history_Experts:{[0.35 , 0.34 , 0.31] , [0.36 , 0.34 , 0.30] , [0.40 , 0.34 , 0.26] , [0.58 , 0.25 , 0.17] , [0.79 , 0.12 , 0.09] , [0.86 , 0.08 , 0.06] , [0.90 , 0.06 , 0.04] , [0.92 , 0.05 , 0.04] , [0.93 , 0.04 , 0.03] , [0.94 , 0.03 , 0.03]}
2025-12-11 23:45:42,845 MambaPro.train INFO: best_Experts:{[0.93 , 0.04 , 0.03]}
2025-12-11 23:45:42,845 MambaPro.train INFO: 🔥 MoE损失(Val): 平衡=1.0081, 稀疏性=0.1784, 多样性=0.1800, 总=0.0012 (权重: 平衡=0.001, 稀疏性=0.000, 多样性=0.001)
2025-12-11 23:45:42,845 MambaPro.train INFO:    📊 专家权重分布(Val): [0.94 , 0.03 , 0.03]
2025-12-11 23:46:03,012 MambaPro.train INFO: Epoch 51 done. Time per batch: 0.189[s] Speed: 169.4[samples/s]
2025-12-11 23:46:23,080 MambaPro.train INFO: Epoch 52 done. Time per batch: 0.189[s] Speed: 169.0[samples/s]
2025-12-11 23:46:43,317 MambaPro.train INFO: Epoch 53 done. Time per batch: 0.189[s] Speed: 169.2[samples/s]
2025-12-11 23:47:03,522 MambaPro.train INFO: Epoch 54 done. Time per batch: 0.189[s] Speed: 169.5[samples/s]
2025-12-11 23:47:23,739 MambaPro.train INFO: Epoch 55 done. Time per batch: 0.189[s] Speed: 169.4[samples/s]
2025-12-11 23:47:31,331 MambaPro.train INFO: Validation Results - Epoch: 55
2025-12-11 23:47:31,331 MambaPro.train INFO: Current mAP: 78.0%
2025-12-11 23:47:31,331 MambaPro.train INFO: CMC curve, Rank-1  :81.6%
2025-12-11 23:47:31,331 MambaPro.train INFO: CMC curve, Rank-5  :88.0%
2025-12-11 23:47:31,331 MambaPro.train INFO: CMC curve, Rank-10 :91.0%
2025-12-11 23:47:31,332 MambaPro.train INFO: [Epoch 55] 指标集合列表（历史）
2025-12-11 23:47:31,332 MambaPro.train INFO: history_mAP:{57.9 , 56.8 , 53.9 , 49.3 , 70.1 , 76.6 , 77.2 , 77.1 , 78.1 , 77.5 , 78.0}
2025-12-11 23:47:31,332 MambaPro.train INFO: best_mAP:{78.1}
2025-12-11 23:47:31,332 MambaPro.train INFO: history_Rank-1:{62.7 , 58.6 , 60.5 , 50.0 , 74.5 , 80.0 , 80.3 , 80.7 , 80.6 , 81.6}
2025-12-11 23:47:31,332 MambaPro.train INFO: best_Rank-1:{80.7}
2025-12-11 23:47:31,332 MambaPro.train INFO: history_Rank-5:{79.5 , 73.9 , 76.7 , 65.7 , 85.5 , 87.0 , 86.7 , 87.3 , 87.6 , 87.4 , 88.0}
2025-12-11 23:47:31,332 MambaPro.train INFO: best_Rank-5:{87.6}
2025-12-11 23:47:31,332 MambaPro.train INFO: history_Rank-10:{86.8 , 79.4 , 81.3 , 72.7 , 91.0 , 91.9 , 90.8 , 90.4 , 90.2 , 91.4}
2025-12-11 23:47:31,332 MambaPro.train INFO: best_Rank-10:{91.9}
2025-12-11 23:47:31,332 MambaPro.train INFO: history_Experts:{[0.35 , 0.34 , 0.31] , [0.36 , 0.34 , 0.30] , [0.40 , 0.34 , 0.26] , [0.58 , 0.25 , 0.17] , [0.79 , 0.12 , 0.09] , [0.86 , 0.08 , 0.06] , [0.90 , 0.06 , 0.04] , [0.92 , 0.05 , 0.04] , [0.93 , 0.04 , 0.03] , [0.94 , 0.03 , 0.03] , [0.94 , 0.03 , 0.03]}
2025-12-11 23:47:31,332 MambaPro.train INFO: best_Experts:{[0.93 , 0.04 , 0.03]}
2025-12-11 23:47:31,332 MambaPro.train INFO: 🔥 MoE损失(Val): 平衡=1.0324, 稀疏性=0.1628, 多样性=0.1623, 总=0.0012 (权重: 平衡=0.001, 稀疏性=0.000, 多样性=0.001)
2025-12-11 23:47:31,332 MambaPro.train INFO:    📊 专家权重分布(Val): [0.94 , 0.03 , 0.03]
2025-12-11 23:47:51,514 MambaPro.train INFO: Epoch 56 done. Time per batch: 0.189[s] Speed: 169.2[samples/s]
2025-12-11 23:48:11,746 MambaPro.train INFO: Epoch 57 done. Time per batch: 0.189[s] Speed: 169.2[samples/s]
2025-12-11 23:48:31,967 MambaPro.train INFO: Epoch 58 done. Time per batch: 0.189[s] Speed: 169.3[samples/s]
2025-12-11 23:48:51,980 MambaPro.train INFO: Epoch 59 done. Time per batch: 0.189[s] Speed: 169.5[samples/s]
2025-12-11 23:49:12,190 MambaPro.train INFO: Epoch 60 done. Time per batch: 0.189[s] Speed: 169.4[samples/s]
2025-12-11 23:49:20,147 MambaPro.train INFO: Validation Results - Epoch: 60
2025-12-11 23:49:20,147 MambaPro.train INFO: Current mAP: 77.8%
2025-12-11 23:49:20,147 MambaPro.train INFO: CMC curve, Rank-1  :80.9%
2025-12-11 23:49:20,147 MambaPro.train INFO: CMC curve, Rank-5  :87.8%
2025-12-11 23:49:20,147 MambaPro.train INFO: CMC curve, Rank-10 :90.9%
2025-12-11 23:49:20,148 MambaPro.train INFO: [Epoch 60] 指标集合列表（历史）
2025-12-11 23:49:20,148 MambaPro.train INFO: history_mAP:{57.9 , 56.8 , 53.9 , 49.3 , 70.1 , 76.6 , 77.2 , 77.1 , 78.1 , 77.5 , 78.0 , 77.8}
2025-12-11 23:49:20,148 MambaPro.train INFO: best_mAP:{78.1}
2025-12-11 23:49:20,148 MambaPro.train INFO: history_Rank-1:{62.7 , 58.6 , 60.5 , 50.0 , 74.5 , 80.0 , 80.3 , 80.7 , 80.6 , 81.6 , 80.9}
2025-12-11 23:49:20,148 MambaPro.train INFO: best_Rank-1:{80.7}
2025-12-11 23:49:20,148 MambaPro.train INFO: history_Rank-5:{79.5 , 73.9 , 76.7 , 65.7 , 85.5 , 87.0 , 86.7 , 87.3 , 87.6 , 87.4 , 88.0 , 87.8}
2025-12-11 23:49:20,148 MambaPro.train INFO: best_Rank-5:{87.6}
2025-12-11 23:49:20,148 MambaPro.train INFO: history_Rank-10:{86.8 , 79.4 , 81.3 , 72.7 , 91.0 , 91.9 , 90.8 , 90.4 , 90.2 , 91.4 , 90.9}
2025-12-11 23:49:20,148 MambaPro.train INFO: best_Rank-10:{91.9}
2025-12-11 23:49:20,148 MambaPro.train INFO: history_Experts:{[0.35 , 0.34 , 0.31] , [0.36 , 0.34 , 0.30] , [0.40 , 0.34 , 0.26] , [0.58 , 0.25 , 0.17] , [0.79 , 0.12 , 0.09] , [0.86 , 0.08 , 0.06] , [0.90 , 0.06 , 0.04] , [0.92 , 0.05 , 0.04] , [0.93 , 0.04 , 0.03] , [0.94 , 0.03 , 0.03] , [0.94 , 0.03 , 0.03] , [0.95 , 0.03 , 0.02]}
2025-12-11 23:49:20,148 MambaPro.train INFO: best_Experts:{[0.93 , 0.04 , 0.03]}
2025-12-11 23:49:20,148 MambaPro.train INFO: 🔥 MoE损失(Val): 平衡=1.0514, 稀疏性=0.1507, 多样性=0.1489, 总=0.0012 (权重: 平衡=0.001, 稀疏性=0.000, 多样性=0.001)
2025-12-11 23:49:20,148 MambaPro.train INFO:    📊 专家权重分布(Val): [0.95 , 0.03 , 0.02]
2025-12-11 23:49:20,287 MambaPro.train INFO: ============================================================
