2025-12-16 22:38:24,326 MambaPro INFO: ================================================================================
2025-12-16 22:38:24,326 MambaPro INFO: 🧾 实验参数快照（命令行 + 最终配置）
2025-12-16 22:38:24,326 MambaPro INFO: ================================================================================
2025-12-16 22:38:24,326 MambaPro INFO: 【复现实验命令】
2025-12-16 22:38:24,326 MambaPro INFO: /root/miniconda3/envs/MambaPro/bin/python train_net.py --use_multi_scale --config_file mybest_model/experiment_20251013_110028/configs/experiment_config.yml OUTPUT_DIR ./outputs/replay_best_tml/run_20251216_223819_s4s8 MODEL.CLIP_MULTI_SCALE_SCALES [4,8]
2025-12-16 22:38:24,327 MambaPro INFO: 【命令行参数（args）】
2025-12-16 22:38:24,327 MambaPro INFO: {
2025-12-16 22:38:24,327 MambaPro INFO:   "config_file": "mybest_model/experiment_20251013_110028/configs/experiment_config.yml",
2025-12-16 22:38:24,327 MambaPro INFO:   "fea_cft": 0,
2025-12-16 22:38:24,327 MambaPro INFO:   "opts": [
2025-12-16 22:38:24,327 MambaPro INFO:     "OUTPUT_DIR",
2025-12-16 22:38:24,327 MambaPro INFO:     "./outputs/replay_best_tml/run_20251216_223819_s4s8",
2025-12-16 22:38:24,327 MambaPro INFO:     "MODEL.CLIP_MULTI_SCALE_SCALES",
2025-12-16 22:38:24,327 MambaPro INFO:     "[4,8]"
2025-12-16 22:38:24,327 MambaPro INFO:   ],
2025-12-16 22:38:24,327 MambaPro INFO:   "local_rank": 0,
2025-12-16 22:38:24,327 MambaPro INFO:   "use_multi_scale": true,
2025-12-16 22:38:24,327 MambaPro INFO:   "no_multi_scale": false,
2025-12-16 22:38:24,327 MambaPro INFO:   "use_moe": false,
2025-12-16 22:38:24,327 MambaPro INFO:   "disable_moe": false,
2025-12-16 22:38:24,327 MambaPro INFO:   "no_moe": false,
2025-12-16 22:38:24,328 MambaPro INFO:   "use_attention": false,
2025-12-16 22:38:24,328 MambaPro INFO:   "disable_attention": false,
2025-12-16 22:38:24,328 MambaPro INFO:   "attention_heads": 8,
2025-12-16 22:38:24,328 MambaPro INFO:   "attention_dropout": 0.1
2025-12-16 22:38:24,328 MambaPro INFO: }
2025-12-16 22:38:24,328 MambaPro INFO: 【工作目录】/autodl-fs/data/AboutReid
2025-12-16 22:38:24,328 MambaPro INFO: 【最终配置（YAML）】
2025-12-16 22:38:24,335 MambaPro INFO: DATALOADER:
2025-12-16 22:38:24,335 MambaPro INFO:   NUM_INSTANCE: 8
2025-12-16 22:38:24,335 MambaPro INFO:   NUM_WORKERS: 8
2025-12-16 22:38:24,335 MambaPro INFO:   SAMPLER: softmax_triplet
2025-12-16 22:38:24,335 MambaPro INFO: DATASETS:
2025-12-16 22:38:24,335 MambaPro INFO:   NAMES: RGBNT201
2025-12-16 22:38:24,335 MambaPro INFO:   ROOT_DIR: /home/zubuntu/workspace/yzy/MambaPro/data/
2025-12-16 22:38:24,335 MambaPro INFO: INPUT:
2025-12-16 22:38:24,335 MambaPro INFO:   PADDING: 10
2025-12-16 22:38:24,335 MambaPro INFO:   PIXEL_MEAN:
2025-12-16 22:38:24,335 MambaPro INFO:   - 0.5
2025-12-16 22:38:24,336 MambaPro INFO:   - 0.5
2025-12-16 22:38:24,336 MambaPro INFO:   - 0.5
2025-12-16 22:38:24,336 MambaPro INFO:   PIXEL_STD:
2025-12-16 22:38:24,336 MambaPro INFO:   - 0.5
2025-12-16 22:38:24,336 MambaPro INFO:   - 0.5
2025-12-16 22:38:24,336 MambaPro INFO:   - 0.5
2025-12-16 22:38:24,336 MambaPro INFO:   PROB: 0.5
2025-12-16 22:38:24,336 MambaPro INFO:   RE_PROB: 0.5
2025-12-16 22:38:24,336 MambaPro INFO:   SIZE_TEST:
2025-12-16 22:38:24,336 MambaPro INFO:   - 256
2025-12-16 22:38:24,336 MambaPro INFO:   - 128
2025-12-16 22:38:24,336 MambaPro INFO:   SIZE_TRAIN:
2025-12-16 22:38:24,336 MambaPro INFO:   - 256
2025-12-16 22:38:24,336 MambaPro INFO:   - 128
2025-12-16 22:38:24,336 MambaPro INFO: MODEL:
2025-12-16 22:38:24,336 MambaPro INFO:   ADAPTER: true
2025-12-16 22:38:24,336 MambaPro INFO:   ATTENTION_DIM: 512
2025-12-16 22:38:24,336 MambaPro INFO:   ATTENTION_DROPOUT: 0.1
2025-12-16 22:38:24,337 MambaPro INFO:   ATTENTION_NUM_HEADS: 8
2025-12-16 22:38:24,337 MambaPro INFO:   ATT_DROP_RATE: 0.0
2025-12-16 22:38:24,337 MambaPro INFO:   CLIP_MULTI_SCALE_SCALES:
2025-12-16 22:38:24,337 MambaPro INFO:   - 4
2025-12-16 22:38:24,337 MambaPro INFO:   - 8
2025-12-16 22:38:24,337 MambaPro INFO:   DEVICE: cuda
2025-12-16 22:38:24,337 MambaPro INFO:   DEVICE_ID: '0'
2025-12-16 22:38:24,337 MambaPro INFO:   DIRECT: 1
2025-12-16 22:38:24,337 MambaPro INFO:   DIST_TRAIN: false
2025-12-16 22:38:24,337 MambaPro INFO:   DROP_OUT: 0.0
2025-12-16 22:38:24,337 MambaPro INFO:   DROP_PATH: 0.1
2025-12-16 22:38:24,337 MambaPro INFO:   FLOPS_TEST: false
2025-12-16 22:38:24,337 MambaPro INFO:   FROZEN: true
2025-12-16 22:38:24,337 MambaPro INFO:   GATE_DROPOUT: 0.1
2025-12-16 22:38:24,337 MambaPro INFO:   ID_LOSS_TYPE: softmax
2025-12-16 22:38:24,337 MambaPro INFO:   ID_LOSS_WEIGHT: 0.25
2025-12-16 22:38:24,337 MambaPro INFO:   IF_LABELSMOOTH: 'on'
2025-12-16 22:38:24,338 MambaPro INFO:   IF_WITH_CENTER: 'no'
2025-12-16 22:38:24,338 MambaPro INFO:   LAYER: -1
2025-12-16 22:38:24,338 MambaPro INFO:   MAMBA: true
2025-12-16 22:38:24,338 MambaPro INFO:   MAMBA_BI: false
2025-12-16 22:38:24,338 MambaPro INFO:   METRIC_LOSS_TYPE: triplet
2025-12-16 22:38:24,338 MambaPro INFO:   MOE_BALANCE_LOSS_WEIGHT: 0.01
2025-12-16 22:38:24,338 MambaPro INFO:   MOE_DIVERSITY_LOSS_WEIGHT: 0.01
2025-12-16 22:38:24,338 MambaPro INFO:   MOE_EXPERT_DROPOUT: 0.1
2025-12-16 22:38:24,338 MambaPro INFO:   MOE_EXPERT_HIDDEN_DIM: 1024
2025-12-16 22:38:24,338 MambaPro INFO:   MOE_EXPERT_LAYERS: 2
2025-12-16 22:38:24,338 MambaPro INFO:   MOE_EXPERT_THRESHOLD: 0.1
2025-12-16 22:38:24,338 MambaPro INFO:   MOE_FIXED_WEIGHTS:
2025-12-16 22:38:24,338 MambaPro INFO:   - 0.33
2025-12-16 22:38:24,338 MambaPro INFO:   - 0.33
2025-12-16 22:38:24,338 MambaPro INFO:   - 0.34
2025-12-16 22:38:24,338 MambaPro INFO:   MOE_GATE_DROPOUT: 0.1
2025-12-16 22:38:24,339 MambaPro INFO:   MOE_GATE_LAYERS: 2
2025-12-16 22:38:24,339 MambaPro INFO:   MOE_INIT_WEIGHTS: null
2025-12-16 22:38:24,339 MambaPro INFO:   MOE_NUM_EXPERTS: 3
2025-12-16 22:38:24,339 MambaPro INFO:   MOE_RESIDUAL_WEIGHT: 1.0
2025-12-16 22:38:24,339 MambaPro INFO:   MOE_SCALES:
2025-12-16 22:38:24,339 MambaPro INFO:   - 4
2025-12-16 22:38:24,339 MambaPro INFO:   - 8
2025-12-16 22:38:24,339 MambaPro INFO:   - 16
2025-12-16 22:38:24,339 MambaPro INFO:   MOE_SPARSITY_LOSS_WEIGHT: 0.001
2025-12-16 22:38:24,339 MambaPro INFO:   MOE_TEMPERATURE: 0.7
2025-12-16 22:38:24,339 MambaPro INFO:   MOE_TOP_K: 2
2025-12-16 22:38:24,339 MambaPro INFO:   MOE_TOP_K_MODE: soft
2025-12-16 22:38:24,339 MambaPro INFO:   MOE_USE_FIXED_WEIGHTS: false
2025-12-16 22:38:24,339 MambaPro INFO:   MOE_USE_TOP_K_ROUTING: false
2025-12-16 22:38:24,340 MambaPro INFO:   MULTI_SCALE_SCALES:
2025-12-16 22:38:24,340 MambaPro INFO:   - 4
2025-12-16 22:38:24,340 MambaPro INFO:   - 8
2025-12-16 22:38:24,340 MambaPro INFO:   - 16
2025-12-16 22:38:24,340 MambaPro INFO:   NAME: MambaPro
2025-12-16 22:38:24,340 MambaPro INFO:   NECK: bnneck
2025-12-16 22:38:24,340 MambaPro INFO:   NO_MARGIN: true
2025-12-16 22:38:24,340 MambaPro INFO:   PREFIX_NUM: 1
2025-12-16 22:38:24,340 MambaPro INFO:   PRETRAIN_PATH_T: /home/zubuntu/workspace/yzy/MambaPro/pths/ViT-B-16.pt
2025-12-16 22:38:24,340 MambaPro INFO:   PROMPT: true
2025-12-16 22:38:24,340 MambaPro INFO:   SIE_CAMERA: true
2025-12-16 22:38:24,340 MambaPro INFO:   SIE_COE: 1.0
2025-12-16 22:38:24,340 MambaPro INFO:   SIE_VIEW: false
2025-12-16 22:38:24,340 MambaPro INFO:   STRIDE_SIZE:
2025-12-16 22:38:24,340 MambaPro INFO:   - 16
2025-12-16 22:38:24,340 MambaPro INFO:   - 16
2025-12-16 22:38:24,340 MambaPro INFO:   TRANSFORMER_TYPE: ViT-B-16
2025-12-16 22:38:24,340 MambaPro INFO:   TRIPLET_LOSS_WEIGHT: 1.0
2025-12-16 22:38:24,341 MambaPro INFO:   USE_ATTENTION_FUSION: false
2025-12-16 22:38:24,341 MambaPro INFO:   USE_CLIP_MULTI_SCALE: true
2025-12-16 22:38:24,341 MambaPro INFO:   USE_GATE_FUSION: false
2025-12-16 22:38:24,341 MambaPro INFO:   USE_MULTI_SCALE: false
2025-12-16 22:38:24,341 MambaPro INFO:   USE_MULTI_SCALE_MOE: true
2025-12-16 22:38:24,341 MambaPro INFO: OUTPUT_DIR: ./outputs/replay_best_tml/run_20251216_223819_s4s8/run_20251216_223824
2025-12-16 22:38:24,341 MambaPro INFO: SOLVER:
2025-12-16 22:38:24,341 MambaPro INFO:   BASE_LR: 0.0005
2025-12-16 22:38:24,341 MambaPro INFO:   BIAS_LR_FACTOR: 2
2025-12-16 22:38:24,341 MambaPro INFO:   CENTER_LOSS_WEIGHT: 0.0005
2025-12-16 22:38:24,341 MambaPro INFO:   CENTER_LR: 0.5
2025-12-16 22:38:24,341 MambaPro INFO:   CHECKPOINT_PERIOD: 10
2025-12-16 22:38:24,341 MambaPro INFO:   CLUSTER_MARGIN: 0.3
2025-12-16 22:38:24,341 MambaPro INFO:   COSINE_MARGIN: 0.5
2025-12-16 22:38:24,341 MambaPro INFO:   COSINE_SCALE: 30
2025-12-16 22:38:24,341 MambaPro INFO:   EVAL_PERIOD: 5
2025-12-16 22:38:24,341 MambaPro INFO:   GAMMA: 0.1
2025-12-16 22:38:24,341 MambaPro INFO:   IMS_PER_BATCH: 32
2025-12-16 22:38:24,342 MambaPro INFO:   LARGE_FC_LR: false
2025-12-16 22:38:24,342 MambaPro INFO:   LOG_PERIOD: 10
2025-12-16 22:38:24,342 MambaPro INFO:   MARGIN: 0.3
2025-12-16 22:38:24,342 MambaPro INFO:   MAX_EPOCHS: 60
2025-12-16 22:38:24,342 MambaPro INFO:   MOE_BALANCE_LOSS_WEIGHT: 0.001
2025-12-16 22:38:24,342 MambaPro INFO:   MOE_BALANCE_LOSS_WEIGHT_END: 0.1
2025-12-16 22:38:24,342 MambaPro INFO:   MOE_BALANCE_LOSS_WEIGHT_START: 0.001
2025-12-16 22:38:24,342 MambaPro INFO:   MOE_BALANCE_THRESHOLD: 0.3
2025-12-16 22:38:24,342 MambaPro INFO:   MOE_DIVERSITY_LOSS_WEIGHT: 0.001
2025-12-16 22:38:24,342 MambaPro INFO:   MOE_DIVERSITY_LOSS_WEIGHT_END: 0.1
2025-12-16 22:38:24,342 MambaPro INFO:   MOE_DIVERSITY_LOSS_WEIGHT_START: 0.001
2025-12-16 22:38:24,342 MambaPro INFO:   MOE_GATE_LR_FACTOR: 0.01
2025-12-16 22:38:24,342 MambaPro INFO:   MOE_LOSS_WEIGHT_SCHEDULE_TYPE: cosine
2025-12-16 22:38:24,342 MambaPro INFO:   MOE_LOSS_WEIGHT_WARMUP_EPOCHS: 5
2025-12-16 22:38:24,342 MambaPro INFO:   MOE_SPARSITY_LOSS_WEIGHT: 0.0001
2025-12-16 22:38:24,342 MambaPro INFO:   MOE_USE_DYNAMIC_LOSS_WEIGHT: false
2025-12-16 22:38:24,342 MambaPro INFO:   MOMENTUM: 0.9
2025-12-16 22:38:24,343 MambaPro INFO:   OPTIMIZER_NAME: Adam
2025-12-16 22:38:24,343 MambaPro INFO:   RANGE_ALPHA: 0
2025-12-16 22:38:24,343 MambaPro INFO:   RANGE_BETA: 1
2025-12-16 22:38:24,343 MambaPro INFO:   RANGE_K: 2
2025-12-16 22:38:24,343 MambaPro INFO:   RANGE_LOSS_WEIGHT: 1
2025-12-16 22:38:24,343 MambaPro INFO:   RANGE_MARGIN: 0.3
2025-12-16 22:38:24,343 MambaPro INFO:   SEED: 42
2025-12-16 22:38:24,343 MambaPro INFO:   STEPS:
2025-12-16 22:38:24,343 MambaPro INFO:   - 30
2025-12-16 22:38:24,343 MambaPro INFO:   - 50
2025-12-16 22:38:24,343 MambaPro INFO:   WARMUP_FACTOR: 0.01
2025-12-16 22:38:24,343 MambaPro INFO:   WARMUP_ITERS: 20
2025-12-16 22:38:24,343 MambaPro INFO:   WARMUP_METHOD: linear
2025-12-16 22:38:24,343 MambaPro INFO:   WEIGHT_DECAY: 0.0005
2025-12-16 22:38:24,343 MambaPro INFO:   WEIGHT_DECAY_BIAS: 0.0005
2025-12-16 22:38:24,343 MambaPro INFO: TEST:
2025-12-16 22:38:24,343 MambaPro INFO:   FEAT: 0
2025-12-16 22:38:24,343 MambaPro INFO:   FEAT_NORM: 'yes'
2025-12-16 22:38:24,344 MambaPro INFO:   IMS_PER_BATCH: 64
2025-12-16 22:38:24,344 MambaPro INFO:   MISS: nothing
2025-12-16 22:38:24,344 MambaPro INFO:   NECK_FEAT: after
2025-12-16 22:38:24,344 MambaPro INFO:   RE_RANKING: 'no'
2025-12-16 22:38:24,344 MambaPro INFO:   WEIGHT: /home/zubuntu/workspace/yzy/MambaPro/pths/MambaProbest.pth
2025-12-16 22:38:24,344 MambaPro INFO: ================================================================================
2025-12-16 22:38:29,359 MambaPro.train INFO: start training
2025-12-16 22:38:57,493 MambaPro.train INFO: Epoch 1 done. Time per batch: 0.263[s] Speed: 121.8[samples/s]
2025-12-16 22:39:26,071 MambaPro.train INFO: Epoch 2 done. Time per batch: 0.267[s] Speed: 119.8[samples/s]
2025-12-16 22:39:54,425 MambaPro.train INFO: Epoch 3 done. Time per batch: 0.265[s] Speed: 120.8[samples/s]
2025-12-16 22:40:21,998 MambaPro.train INFO: Epoch 4 done. Time per batch: 0.258[s] Speed: 124.2[samples/s]
2025-12-16 22:40:49,178 MambaPro.train INFO: Epoch 5 done. Time per batch: 0.254[s] Speed: 126.0[samples/s]
2025-12-16 22:40:58,841 MambaPro.train INFO: Validation Results - Epoch: 5
2025-12-16 22:40:58,841 MambaPro.train INFO: Current mAP: 65.3%
2025-12-16 22:40:58,841 MambaPro.train INFO: CMC curve, Rank-1  :69.0%
2025-12-16 22:40:58,842 MambaPro.train INFO: CMC curve, Rank-5  :79.8%
2025-12-16 22:40:58,842 MambaPro.train INFO: CMC curve, Rank-10 :83.5%
2025-12-16 22:40:58,843 MambaPro.train INFO: 🎯 New Best! Saving model...
2025-12-16 22:41:04,713 MambaPro.train INFO: [Epoch 5] 指标集合列表（历史）
2025-12-16 22:41:04,714 MambaPro.train INFO: history_mAP:{65.3}
2025-12-16 22:41:04,714 MambaPro.train INFO: best_mAP:{65.3}
2025-12-16 22:41:04,715 MambaPro.train INFO: history_Rank-1:{69.0}
2025-12-16 22:41:04,715 MambaPro.train INFO: best_Rank-1:{69.0}
2025-12-16 22:41:04,715 MambaPro.train INFO: history_Rank-5:{79.8}
2025-12-16 22:41:04,715 MambaPro.train INFO: best_Rank-5:{79.8}
2025-12-16 22:41:04,715 MambaPro.train INFO: history_Rank-10:{83.5}
2025-12-16 22:41:04,715 MambaPro.train INFO: best_Rank-10:{83.5}
2025-12-16 22:41:04,715 MambaPro.train INFO: history_Experts:{[0.36 , 0.33 , 0.31]}
2025-12-16 22:41:04,716 MambaPro.train INFO: best_Experts:{[0.36 , 0.33 , 0.31]}
2025-12-16 22:41:04,716 MambaPro.train INFO: 🔥 MoE损失(Val): 平衡=0.0000, 稀疏性=0.9984, 多样性=2.6540, 总=0.0028 (权重: 平衡=0.001, 稀疏性=0.000, 多样性=0.001)
2025-12-16 22:41:04,716 MambaPro.train INFO:    📊 专家权重分布(Val): [0.36 , 0.33 , 0.31]
2025-12-16 22:41:33,384 MambaPro.train INFO: Epoch 6 done. Time per batch: 0.266[s] Speed: 120.2[samples/s]
2025-12-16 22:42:01,923 MambaPro.train INFO: Epoch 7 done. Time per batch: 0.267[s] Speed: 120.0[samples/s]
2025-12-16 22:42:30,455 MambaPro.train INFO: Epoch 8 done. Time per batch: 0.267[s] Speed: 120.0[samples/s]
2025-12-16 22:42:59,246 MambaPro.train INFO: Epoch 9 done. Time per batch: 0.269[s] Speed: 118.9[samples/s]
2025-12-16 22:43:27,668 MambaPro.train INFO: Epoch 10 done. Time per batch: 0.266[s] Speed: 120.5[samples/s]
2025-12-16 22:43:42,671 MambaPro.train INFO: Validation Results - Epoch: 10
2025-12-16 22:43:42,672 MambaPro.train INFO: Current mAP: 69.8%
2025-12-16 22:43:42,672 MambaPro.train INFO: CMC curve, Rank-1  :74.2%
2025-12-16 22:43:42,672 MambaPro.train INFO: CMC curve, Rank-5  :85.9%
2025-12-16 22:43:42,672 MambaPro.train INFO: CMC curve, Rank-10 :88.8%
2025-12-16 22:43:42,673 MambaPro.train INFO: 🎯 New Best! Saving model...
2025-12-16 22:43:49,087 MambaPro.train INFO: [Epoch 10] 指标集合列表（历史）
2025-12-16 22:43:49,088 MambaPro.train INFO: history_mAP:{65.3 , 69.8}
2025-12-16 22:43:49,088 MambaPro.train INFO: best_mAP:{69.8}
2025-12-16 22:43:49,088 MambaPro.train INFO: history_Rank-1:{69.0 , 74.2}
2025-12-16 22:43:49,089 MambaPro.train INFO: best_Rank-1:{74.2}
2025-12-16 22:43:49,089 MambaPro.train INFO: history_Rank-5:{79.8 , 85.9}
2025-12-16 22:43:49,089 MambaPro.train INFO: best_Rank-5:{85.9}
2025-12-16 22:43:49,089 MambaPro.train INFO: history_Rank-10:{83.5 , 88.8}
2025-12-16 22:43:49,089 MambaPro.train INFO: best_Rank-10:{88.8}
2025-12-16 22:43:49,089 MambaPro.train INFO: history_Experts:{[0.36 , 0.33 , 0.31] , [0.37 , 0.33 , 0.30]}
2025-12-16 22:43:49,089 MambaPro.train INFO: best_Experts:{[0.37 , 0.33 , 0.30]}
2025-12-16 22:43:49,090 MambaPro.train INFO: 🔥 MoE损失(Val): 平衡=0.0000, 稀疏性=0.9958, 多样性=2.6334, 总=0.0027 (权重: 平衡=0.001, 稀疏性=0.000, 多样性=0.001)
2025-12-16 22:43:49,090 MambaPro.train INFO:    📊 专家权重分布(Val): [0.37 , 0.33 , 0.30]
2025-12-16 22:44:17,489 MambaPro.train INFO: Epoch 11 done. Time per batch: 0.264[s] Speed: 121.3[samples/s]
2025-12-16 22:44:47,413 MambaPro.train INFO: Epoch 12 done. Time per batch: 0.280[s] Speed: 114.4[samples/s]
2025-12-16 22:45:16,119 MambaPro.train INFO: Epoch 13 done. Time per batch: 0.268[s] Speed: 119.3[samples/s]
2025-12-16 22:45:44,227 MambaPro.train INFO: Epoch 14 done. Time per batch: 0.263[s] Speed: 121.8[samples/s]
2025-12-16 22:46:11,775 MambaPro.train INFO: Epoch 15 done. Time per batch: 0.257[s] Speed: 124.3[samples/s]
2025-12-16 22:46:21,169 MambaPro.train INFO: Validation Results - Epoch: 15
2025-12-16 22:46:21,170 MambaPro.train INFO: Current mAP: 71.7%
2025-12-16 22:46:21,170 MambaPro.train INFO: CMC curve, Rank-1  :76.3%
2025-12-16 22:46:21,170 MambaPro.train INFO: CMC curve, Rank-5  :84.7%
2025-12-16 22:46:21,170 MambaPro.train INFO: CMC curve, Rank-10 :88.4%
2025-12-16 22:46:21,171 MambaPro.train INFO: 🎯 New Best! Saving model...
2025-12-16 22:46:26,987 MambaPro.train INFO: [Epoch 15] 指标集合列表（历史）
2025-12-16 22:46:26,987 MambaPro.train INFO: history_mAP:{65.3 , 69.8 , 71.7}
2025-12-16 22:46:26,987 MambaPro.train INFO: best_mAP:{71.7}
2025-12-16 22:46:26,987 MambaPro.train INFO: history_Rank-1:{69.0 , 74.2 , 76.3}
2025-12-16 22:46:26,988 MambaPro.train INFO: best_Rank-1:{76.3}
2025-12-16 22:46:26,988 MambaPro.train INFO: history_Rank-5:{79.8 , 85.9 , 84.7}
2025-12-16 22:46:26,988 MambaPro.train INFO: best_Rank-5:{85.9}
2025-12-16 22:46:26,988 MambaPro.train INFO: history_Rank-10:{83.5 , 88.8 , 88.4}
2025-12-16 22:46:26,988 MambaPro.train INFO: best_Rank-10:{88.8}
2025-12-16 22:46:26,988 MambaPro.train INFO: history_Experts:{[0.36 , 0.33 , 0.31] , [0.37 , 0.33 , 0.30] , [0.42 , 0.33 , 0.26]}
2025-12-16 22:46:26,988 MambaPro.train INFO: best_Experts:{[0.42 , 0.33 , 0.26]}
2025-12-16 22:46:26,988 MambaPro.train INFO: 🔥 MoE损失(Val): 平衡=0.0000, 稀疏性=0.9805, 多样性=2.5167, 总=0.0026 (权重: 平衡=0.001, 稀疏性=0.000, 多样性=0.001)
2025-12-16 22:46:26,988 MambaPro.train INFO:    📊 专家权重分布(Val): [0.42 , 0.33 , 0.26]
2025-12-16 22:46:55,261 MambaPro.train INFO: Epoch 16 done. Time per batch: 0.263[s] Speed: 121.8[samples/s]
2025-12-16 22:47:23,970 MambaPro.train INFO: Epoch 17 done. Time per batch: 0.268[s] Speed: 119.3[samples/s]
2025-12-16 22:47:52,268 MambaPro.train INFO: Epoch 18 done. Time per batch: 0.264[s] Speed: 121.0[samples/s]
2025-12-16 22:48:20,242 MambaPro.train INFO: Epoch 19 done. Time per batch: 0.264[s] Speed: 121.3[samples/s]
2025-12-16 22:48:48,865 MambaPro.train INFO: Epoch 20 done. Time per batch: 0.267[s] Speed: 119.6[samples/s]
2025-12-16 22:49:04,802 MambaPro.train INFO: Validation Results - Epoch: 20
2025-12-16 22:49:04,803 MambaPro.train INFO: Current mAP: 42.4%
2025-12-16 22:49:04,803 MambaPro.train INFO: CMC curve, Rank-1  :46.3%
2025-12-16 22:49:04,803 MambaPro.train INFO: CMC curve, Rank-5  :63.3%
2025-12-16 22:49:04,803 MambaPro.train INFO: CMC curve, Rank-10 :70.0%
2025-12-16 22:49:04,805 MambaPro.train INFO: [Epoch 20] 指标集合列表（历史）
2025-12-16 22:49:04,805 MambaPro.train INFO: history_mAP:{65.3 , 69.8 , 71.7 , 42.4}
2025-12-16 22:49:04,805 MambaPro.train INFO: best_mAP:{71.7}
2025-12-16 22:49:04,805 MambaPro.train INFO: history_Rank-1:{69.0 , 74.2 , 76.3 , 46.3}
2025-12-16 22:49:04,805 MambaPro.train INFO: best_Rank-1:{76.3}
2025-12-16 22:49:04,805 MambaPro.train INFO: history_Rank-5:{79.8 , 85.9 , 84.7 , 63.3}
2025-12-16 22:49:04,805 MambaPro.train INFO: best_Rank-5:{85.9}
2025-12-16 22:49:04,805 MambaPro.train INFO: history_Rank-10:{83.5 , 88.8 , 88.4 , 70.0}
2025-12-16 22:49:04,805 MambaPro.train INFO: best_Rank-10:{88.8}
2025-12-16 22:49:04,805 MambaPro.train INFO: history_Experts:{[0.36 , 0.33 , 0.31] , [0.37 , 0.33 , 0.30] , [0.42 , 0.33 , 0.26] , [0.61 , 0.22 , 0.17]}
2025-12-16 22:49:04,805 MambaPro.train INFO: best_Experts:{[0.42 , 0.33 , 0.26]}
2025-12-16 22:49:04,806 MambaPro.train INFO: 🔥 MoE损失(Val): 平衡=0.1101, 稀疏性=0.8226, 多样性=1.6191, 总=0.0018 (权重: 平衡=0.001, 稀疏性=0.000, 多样性=0.001)
2025-12-16 22:49:04,806 MambaPro.train INFO:    📊 专家权重分布(Val): [0.61 , 0.22 , 0.17]
2025-12-16 22:49:33,716 MambaPro.train INFO: Epoch 21 done. Time per batch: 0.269[s] Speed: 119.0[samples/s]
2025-12-16 22:50:02,524 MambaPro.train INFO: Epoch 22 done. Time per batch: 0.269[s] Speed: 118.9[samples/s]
2025-12-16 22:50:30,515 MambaPro.train INFO: Epoch 23 done. Time per batch: 0.262[s] Speed: 122.3[samples/s]
2025-12-16 22:50:58,710 MambaPro.train INFO: Epoch 24 done. Time per batch: 0.266[s] Speed: 120.3[samples/s]
2025-12-16 22:51:27,655 MambaPro.train INFO: Epoch 25 done. Time per batch: 0.270[s] Speed: 118.3[samples/s]
2025-12-16 22:51:36,972 MambaPro.train INFO: Validation Results - Epoch: 25
2025-12-16 22:51:36,973 MambaPro.train INFO: Current mAP: 66.6%
2025-12-16 22:51:36,973 MambaPro.train INFO: CMC curve, Rank-1  :71.7%
2025-12-16 22:51:36,973 MambaPro.train INFO: CMC curve, Rank-5  :81.1%
2025-12-16 22:51:36,973 MambaPro.train INFO: CMC curve, Rank-10 :86.4%
2025-12-16 22:51:36,974 MambaPro.train INFO: [Epoch 25] 指标集合列表（历史）
2025-12-16 22:51:36,974 MambaPro.train INFO: history_mAP:{65.3 , 69.8 , 71.7 , 42.4 , 66.6}
2025-12-16 22:51:36,975 MambaPro.train INFO: best_mAP:{71.7}
2025-12-16 22:51:36,975 MambaPro.train INFO: history_Rank-1:{69.0 , 74.2 , 76.3 , 46.3 , 71.7}
2025-12-16 22:51:36,975 MambaPro.train INFO: best_Rank-1:{76.3}
2025-12-16 22:51:36,975 MambaPro.train INFO: history_Rank-5:{79.8 , 85.9 , 84.7 , 63.3 , 81.1}
2025-12-16 22:51:36,975 MambaPro.train INFO: best_Rank-5:{85.9}
2025-12-16 22:51:36,975 MambaPro.train INFO: history_Rank-10:{83.5 , 88.8 , 88.4 , 70.0 , 86.4}
2025-12-16 22:51:36,975 MambaPro.train INFO: best_Rank-10:{88.8}
2025-12-16 22:51:36,975 MambaPro.train INFO: history_Experts:{[0.36 , 0.33 , 0.31] , [0.37 , 0.33 , 0.30] , [0.42 , 0.33 , 0.26] , [0.61 , 0.22 , 0.17] , [0.79 , 0.12 , 0.09]}
2025-12-16 22:51:36,975 MambaPro.train INFO: best_Experts:{[0.42 , 0.33 , 0.26]}
2025-12-16 22:51:36,975 MambaPro.train INFO: 🔥 MoE损失(Val): 平衡=0.4782, 稀疏性=0.5326, 多样性=0.7341, 总=0.0013 (权重: 平衡=0.001, 稀疏性=0.000, 多样性=0.001)
2025-12-16 22:51:36,975 MambaPro.train INFO:    📊 专家权重分布(Val): [0.79 , 0.12 , 0.09]
2025-12-16 22:52:05,469 MambaPro.train INFO: Epoch 26 done. Time per batch: 0.265[s] Speed: 120.8[samples/s]
2025-12-16 22:52:33,861 MambaPro.train INFO: Epoch 27 done. Time per batch: 0.268[s] Speed: 119.5[samples/s]
2025-12-16 22:53:01,911 MambaPro.train INFO: Epoch 28 done. Time per batch: 0.262[s] Speed: 122.1[samples/s]
2025-12-16 22:53:29,967 MambaPro.train INFO: Epoch 29 done. Time per batch: 0.262[s] Speed: 122.0[samples/s]
2025-12-16 22:53:57,802 MambaPro.train INFO: Epoch 30 done. Time per batch: 0.260[s] Speed: 123.0[samples/s]
2025-12-16 22:54:13,461 MambaPro.train INFO: Validation Results - Epoch: 30
2025-12-16 22:54:13,461 MambaPro.train INFO: Current mAP: 76.8%
2025-12-16 22:54:13,461 MambaPro.train INFO: CMC curve, Rank-1  :81.5%
2025-12-16 22:54:13,462 MambaPro.train INFO: CMC curve, Rank-5  :89.6%
2025-12-16 22:54:13,462 MambaPro.train INFO: CMC curve, Rank-10 :92.6%
2025-12-16 22:54:13,463 MambaPro.train INFO: 🎯 New Best! Saving model...
2025-12-16 22:54:19,548 MambaPro.train INFO: [Epoch 30] 指标集合列表（历史）
2025-12-16 22:54:19,549 MambaPro.train INFO: history_mAP:{65.3 , 69.8 , 71.7 , 42.4 , 66.6 , 76.8}
2025-12-16 22:54:19,549 MambaPro.train INFO: best_mAP:{76.8}
2025-12-16 22:54:19,549 MambaPro.train INFO: history_Rank-1:{69.0 , 74.2 , 76.3 , 46.3 , 71.7 , 81.5}
2025-12-16 22:54:19,549 MambaPro.train INFO: best_Rank-1:{81.5}
2025-12-16 22:54:19,549 MambaPro.train INFO: history_Rank-5:{79.8 , 85.9 , 84.7 , 63.3 , 81.1 , 89.6}
2025-12-16 22:54:19,549 MambaPro.train INFO: best_Rank-5:{89.6}
2025-12-16 22:54:19,550 MambaPro.train INFO: history_Rank-10:{83.5 , 88.8 , 88.4 , 70.0 , 86.4 , 92.6}
2025-12-16 22:54:19,550 MambaPro.train INFO: best_Rank-10:{92.6}
2025-12-16 22:54:19,550 MambaPro.train INFO: history_Experts:{[0.36 , 0.33 , 0.31] , [0.37 , 0.33 , 0.30] , [0.42 , 0.33 , 0.26] , [0.61 , 0.22 , 0.17] , [0.79 , 0.12 , 0.09] , [0.86 , 0.08 , 0.06]}
2025-12-16 22:54:19,550 MambaPro.train INFO: best_Experts:{[0.86 , 0.08 , 0.06]}
2025-12-16 22:54:19,550 MambaPro.train INFO: 🔥 MoE损失(Val): 平衡=0.7122, 稀疏性=0.3719, 多样性=0.4396, 总=0.0012 (权重: 平衡=0.001, 稀疏性=0.000, 多样性=0.001)
2025-12-16 22:54:19,550 MambaPro.train INFO:    📊 专家权重分布(Val): [0.86 , 0.08 , 0.06]
2025-12-16 22:54:47,712 MambaPro.train INFO: Epoch 31 done. Time per batch: 0.262[s] Speed: 122.3[samples/s]
2025-12-16 22:55:15,788 MambaPro.train INFO: Epoch 32 done. Time per batch: 0.262[s] Speed: 122.0[samples/s]
2025-12-16 22:55:43,438 MambaPro.train INFO: Epoch 33 done. Time per batch: 0.261[s] Speed: 122.7[samples/s]
2025-12-16 22:56:11,045 MambaPro.train INFO: Epoch 34 done. Time per batch: 0.258[s] Speed: 124.0[samples/s]
2025-12-16 22:56:39,199 MambaPro.train INFO: Epoch 35 done. Time per batch: 0.263[s] Speed: 121.6[samples/s]
2025-12-16 22:56:48,681 MambaPro.train INFO: Validation Results - Epoch: 35
2025-12-16 22:56:48,681 MambaPro.train INFO: Current mAP: 77.6%
2025-12-16 22:56:48,682 MambaPro.train INFO: CMC curve, Rank-1  :84.1%
2025-12-16 22:56:48,682 MambaPro.train INFO: CMC curve, Rank-5  :89.8%
2025-12-16 22:56:48,682 MambaPro.train INFO: CMC curve, Rank-10 :91.7%
2025-12-16 22:56:48,683 MambaPro.train INFO: 🎯 New Best! Saving model...
2025-12-16 22:56:54,721 MambaPro.train INFO: [Epoch 35] 指标集合列表（历史）
2025-12-16 22:56:54,722 MambaPro.train INFO: history_mAP:{65.3 , 69.8 , 71.7 , 42.4 , 66.6 , 76.8 , 77.6}
2025-12-16 22:56:54,722 MambaPro.train INFO: best_mAP:{77.6}
2025-12-16 22:56:54,723 MambaPro.train INFO: history_Rank-1:{69.0 , 74.2 , 76.3 , 46.3 , 71.7 , 81.5 , 84.1}
2025-12-16 22:56:54,723 MambaPro.train INFO: best_Rank-1:{84.1}
2025-12-16 22:56:54,723 MambaPro.train INFO: history_Rank-5:{79.8 , 85.9 , 84.7 , 63.3 , 81.1 , 89.6 , 89.8}
2025-12-16 22:56:54,723 MambaPro.train INFO: best_Rank-5:{89.8}
2025-12-16 22:56:54,723 MambaPro.train INFO: history_Rank-10:{83.5 , 88.8 , 88.4 , 70.0 , 86.4 , 92.6 , 91.7}
2025-12-16 22:56:54,723 MambaPro.train INFO: best_Rank-10:{92.6}
2025-12-16 22:56:54,724 MambaPro.train INFO: history_Experts:{[0.36 , 0.33 , 0.31] , [0.37 , 0.33 , 0.30] , [0.42 , 0.33 , 0.26] , [0.61 , 0.22 , 0.17] , [0.79 , 0.12 , 0.09] , [0.86 , 0.08 , 0.06] , [0.90 , 0.06 , 0.05]}
2025-12-16 22:56:54,724 MambaPro.train INFO: best_Experts:{[0.90 , 0.06 , 0.05]}
2025-12-16 22:56:54,724 MambaPro.train INFO: 🔥 MoE损失(Val): 平衡=0.8392, 稀疏性=0.2879, 多样性=0.3167, 总=0.0012 (权重: 平衡=0.001, 稀疏性=0.000, 多样性=0.001)
2025-12-16 22:56:54,724 MambaPro.train INFO:    📊 专家权重分布(Val): [0.90 , 0.06 , 0.05]
2025-12-16 22:57:22,787 MambaPro.train INFO: Epoch 36 done. Time per batch: 0.263[s] Speed: 121.6[samples/s]
2025-12-16 22:57:50,289 MambaPro.train INFO: Epoch 37 done. Time per batch: 0.257[s] Speed: 124.5[samples/s]
