2025-12-22 02:23:58,772 MambaPro INFO: 🔥 窗口配置：4x4 ([4]), MoE专家数量：1
2025-12-22 02:23:58,772 MambaPro INFO: ================================================================================
2025-12-22 02:23:58,772 MambaPro INFO: 🧾 实验参数快照（命令行 + 最终配置）
2025-12-22 02:23:58,772 MambaPro INFO: ================================================================================
2025-12-22 02:23:58,772 MambaPro INFO: 【复现实验命令】
2025-12-22 02:23:58,772 MambaPro INFO: /home/zhanghaoyang/.conda/envs/MambaPro/bin/python train_net.py --use_multi_scale --use_moe --config_file configs/RGBNT100/jzb_baseline_optimize.yml OUTPUT_DIR ./outputs/rgbnt100_multiscale/4x4_20251222_022356 MODEL.CLIP_MULTI_SCALE_SCALES [4] MODEL.MOE_SCALES [4] MODEL.MOE_NUM_EXPERTS 1
2025-12-22 02:23:58,772 MambaPro INFO: 【命令行参数（args）】
2025-12-22 02:23:58,772 MambaPro INFO: {
2025-12-22 02:23:58,772 MambaPro INFO:   "config_file": "configs/RGBNT100/jzb_baseline_optimize.yml",
2025-12-22 02:23:58,772 MambaPro INFO:   "fea_cft": 0,
2025-12-22 02:23:58,772 MambaPro INFO:   "opts": [
2025-12-22 02:23:58,772 MambaPro INFO:     "OUTPUT_DIR",
2025-12-22 02:23:58,772 MambaPro INFO:     "./outputs/rgbnt100_multiscale/4x4_20251222_022356",
2025-12-22 02:23:58,772 MambaPro INFO:     "MODEL.CLIP_MULTI_SCALE_SCALES",
2025-12-22 02:23:58,772 MambaPro INFO:     "[4]",
2025-12-22 02:23:58,772 MambaPro INFO:     "MODEL.MOE_SCALES",
2025-12-22 02:23:58,772 MambaPro INFO:     "[4]",
2025-12-22 02:23:58,772 MambaPro INFO:     "MODEL.MOE_NUM_EXPERTS",
2025-12-22 02:23:58,772 MambaPro INFO:     "1"
2025-12-22 02:23:58,772 MambaPro INFO:   ],
2025-12-22 02:23:58,772 MambaPro INFO:   "local_rank": 0,
2025-12-22 02:23:58,772 MambaPro INFO:   "use_multi_scale": true,
2025-12-22 02:23:58,772 MambaPro INFO:   "no_multi_scale": false,
2025-12-22 02:23:58,772 MambaPro INFO:   "use_moe": true,
2025-12-22 02:23:58,772 MambaPro INFO:   "disable_moe": false,
2025-12-22 02:23:58,772 MambaPro INFO:   "no_moe": false,
2025-12-22 02:23:58,772 MambaPro INFO:   "use_attention": false,
2025-12-22 02:23:58,772 MambaPro INFO:   "disable_attention": false,
2025-12-22 02:23:58,772 MambaPro INFO:   "attention_heads": 8,
2025-12-22 02:23:58,772 MambaPro INFO:   "attention_dropout": 0.1,
2025-12-22 02:23:58,772 MambaPro INFO:   "resume": ""
2025-12-22 02:23:58,772 MambaPro INFO: }
2025-12-22 02:23:58,772 MambaPro INFO: 【工作目录】/home/zhanghaoyang/Desktop/yzy/AboutReid
2025-12-22 02:23:58,772 MambaPro INFO: 【最终配置（YAML）】
2025-12-22 02:23:58,775 MambaPro INFO: DATALOADER:
2025-12-22 02:23:58,775 MambaPro INFO:   NUM_INSTANCE: 16
2025-12-22 02:23:58,775 MambaPro INFO:   NUM_WORKERS: 8
2025-12-22 02:23:58,775 MambaPro INFO:   SAMPLER: softmax_triplet
2025-12-22 02:23:58,775 MambaPro INFO: DATASETS:
2025-12-22 02:23:58,775 MambaPro INFO:   NAMES: RGBNT100
2025-12-22 02:23:58,775 MambaPro INFO:   ROOT_DIR: /home/zhanghaoyang/Desktop/yzy/MambaPro/data/datasets
2025-12-22 02:23:58,775 MambaPro INFO: INPUT:
2025-12-22 02:23:58,775 MambaPro INFO:   PADDING: 10
2025-12-22 02:23:58,775 MambaPro INFO:   PIXEL_MEAN:
2025-12-22 02:23:58,775 MambaPro INFO:   - 0.5
2025-12-22 02:23:58,775 MambaPro INFO:   - 0.5
2025-12-22 02:23:58,775 MambaPro INFO:   - 0.5
2025-12-22 02:23:58,775 MambaPro INFO:   PIXEL_STD:
2025-12-22 02:23:58,775 MambaPro INFO:   - 0.5
2025-12-22 02:23:58,775 MambaPro INFO:   - 0.5
2025-12-22 02:23:58,775 MambaPro INFO:   - 0.5
2025-12-22 02:23:58,775 MambaPro INFO:   PROB: 0.5
2025-12-22 02:23:58,775 MambaPro INFO:   RE_PROB: 0.5
2025-12-22 02:23:58,775 MambaPro INFO:   SIZE_TEST:
2025-12-22 02:23:58,775 MambaPro INFO:   - 128
2025-12-22 02:23:58,775 MambaPro INFO:   - 256
2025-12-22 02:23:58,775 MambaPro INFO:   SIZE_TRAIN:
2025-12-22 02:23:58,775 MambaPro INFO:   - 128
2025-12-22 02:23:58,775 MambaPro INFO:   - 256
2025-12-22 02:23:58,775 MambaPro INFO: MODEL:
2025-12-22 02:23:58,775 MambaPro INFO:   ADAPTER: true
2025-12-22 02:23:58,775 MambaPro INFO:   ATTENTION_DIM: 512
2025-12-22 02:23:58,775 MambaPro INFO:   ATTENTION_DROPOUT: 0.1
2025-12-22 02:23:58,775 MambaPro INFO:   ATTENTION_NUM_HEADS: 8
2025-12-22 02:23:58,775 MambaPro INFO:   ATT_DROP_RATE: 0.0
2025-12-22 02:23:58,775 MambaPro INFO:   CLIP_MULTI_SCALE_SCALES:
2025-12-22 02:23:58,775 MambaPro INFO:   - 4
2025-12-22 02:23:58,775 MambaPro INFO:   DEVICE: cuda
2025-12-22 02:23:58,775 MambaPro INFO:   DEVICE_ID: '0'
2025-12-22 02:23:58,775 MambaPro INFO:   DIRECT: 0
2025-12-22 02:23:58,775 MambaPro INFO:   DIST_TRAIN: false
2025-12-22 02:23:58,775 MambaPro INFO:   DROP_OUT: 0.0
2025-12-22 02:23:58,775 MambaPro INFO:   DROP_PATH: 0.1
2025-12-22 02:23:58,775 MambaPro INFO:   FLOPS_TEST: false
2025-12-22 02:23:58,775 MambaPro INFO:   FROZEN: true
2025-12-22 02:23:58,775 MambaPro INFO:   GATE_DROPOUT: 0.1
2025-12-22 02:23:58,775 MambaPro INFO:   ID_LOSS_TYPE: softmax
2025-12-22 02:23:58,775 MambaPro INFO:   ID_LOSS_WEIGHT: 0.25
2025-12-22 02:23:58,775 MambaPro INFO:   IF_LABELSMOOTH: 'on'
2025-12-22 02:23:58,775 MambaPro INFO:   IF_WITH_CENTER: 'no'
2025-12-22 02:23:58,775 MambaPro INFO:   LAYER: -1
2025-12-22 02:23:58,775 MambaPro INFO:   MAMBA: true
2025-12-22 02:23:58,775 MambaPro INFO:   MAMBA_BI: false
2025-12-22 02:23:58,775 MambaPro INFO:   METRIC_LOSS_TYPE: triplet
2025-12-22 02:23:58,775 MambaPro INFO:   MOE_BALANCE_LOSS_WEIGHT: 0.01
2025-12-22 02:23:58,775 MambaPro INFO:   MOE_DIVERSITY_LOSS_WEIGHT: 0.01
2025-12-22 02:23:58,775 MambaPro INFO:   MOE_EXPERT_DROPOUT: 0.1
2025-12-22 02:23:58,775 MambaPro INFO:   MOE_EXPERT_HIDDEN_DIM: 1024
2025-12-22 02:23:58,775 MambaPro INFO:   MOE_EXPERT_LAYERS: 2
2025-12-22 02:23:58,775 MambaPro INFO:   MOE_EXPERT_THRESHOLD: 0.1
2025-12-22 02:23:58,775 MambaPro INFO:   MOE_FIXED_WEIGHTS:
2025-12-22 02:23:58,775 MambaPro INFO:   - 0.33
2025-12-22 02:23:58,775 MambaPro INFO:   - 0.33
2025-12-22 02:23:58,775 MambaPro INFO:   - 0.34
2025-12-22 02:23:58,775 MambaPro INFO:   MOE_GATE_DROPOUT: 0.1
2025-12-22 02:23:58,775 MambaPro INFO:   MOE_GATE_LAYERS: 2
2025-12-22 02:23:58,775 MambaPro INFO:   MOE_INIT_WEIGHTS: null
2025-12-22 02:23:58,775 MambaPro INFO:   MOE_NUM_EXPERTS: 1
2025-12-22 02:23:58,775 MambaPro INFO:   MOE_RESIDUAL_WEIGHT: 1.0
2025-12-22 02:23:58,775 MambaPro INFO:   MOE_SCALES:
2025-12-22 02:23:58,775 MambaPro INFO:   - 4
2025-12-22 02:23:58,775 MambaPro INFO:   MOE_SPARSITY_LOSS_WEIGHT: 0.001
2025-12-22 02:23:58,775 MambaPro INFO:   MOE_TEMPERATURE: 1.0
2025-12-22 02:23:58,775 MambaPro INFO:   MOE_TOP_K: 2
2025-12-22 02:23:58,775 MambaPro INFO:   MOE_TOP_K_MODE: soft
2025-12-22 02:23:58,775 MambaPro INFO:   MOE_USE_FIXED_WEIGHTS: false
2025-12-22 02:23:58,775 MambaPro INFO:   MOE_USE_TOP_K_ROUTING: false
2025-12-22 02:23:58,775 MambaPro INFO:   MULTI_SCALE_SCALES:
2025-12-22 02:23:58,775 MambaPro INFO:   - 4
2025-12-22 02:23:58,776 MambaPro INFO:   - 8
2025-12-22 02:23:58,776 MambaPro INFO:   - 16
2025-12-22 02:23:58,776 MambaPro INFO:   NAME: MambaPro
2025-12-22 02:23:58,776 MambaPro INFO:   NECK: bnneck
2025-12-22 02:23:58,776 MambaPro INFO:   NO_MARGIN: true
2025-12-22 02:23:58,776 MambaPro INFO:   PREFIX_NUM: 1
2025-12-22 02:23:58,776 MambaPro INFO:   PRETRAIN_PATH_T: AboutReid/pths/ViT-B-16.pt
2025-12-22 02:23:58,776 MambaPro INFO:   PROMPT: true
2025-12-22 02:23:58,776 MambaPro INFO:   SIE_CAMERA: true
2025-12-22 02:23:58,776 MambaPro INFO:   SIE_COE: 1.0
2025-12-22 02:23:58,776 MambaPro INFO:   SIE_VIEW: false
2025-12-22 02:23:58,776 MambaPro INFO:   STRIDE_SIZE:
2025-12-22 02:23:58,776 MambaPro INFO:   - 16
2025-12-22 02:23:58,776 MambaPro INFO:   - 16
2025-12-22 02:23:58,776 MambaPro INFO:   TRANSFORMER_TYPE: ViT-B-16
2025-12-22 02:23:58,776 MambaPro INFO:   TRIPLET_LOSS_WEIGHT: 1.0
2025-12-22 02:23:58,776 MambaPro INFO:   USE_ATTENTION_FUSION: false
2025-12-22 02:23:58,776 MambaPro INFO:   USE_CLIP_MULTI_SCALE: true
2025-12-22 02:23:58,776 MambaPro INFO:   USE_GATE_FUSION: false
2025-12-22 02:23:58,776 MambaPro INFO:   USE_MULTI_SCALE: false
2025-12-22 02:23:58,776 MambaPro INFO:   USE_MULTI_SCALE_MOE: true
2025-12-22 02:23:58,776 MambaPro INFO: OUTPUT_DIR: outputs/rgbnt100_multiscale/4x4_20251222_022356
2025-12-22 02:23:58,776 MambaPro INFO: SOLVER:
2025-12-22 02:23:58,776 MambaPro INFO:   BASE_LR: 0.000175
2025-12-22 02:23:58,776 MambaPro INFO:   BIAS_LR_FACTOR: 2
2025-12-22 02:23:58,776 MambaPro INFO:   CENTER_LOSS_WEIGHT: 0.0005
2025-12-22 02:23:58,776 MambaPro INFO:   CENTER_LR: 0.5
2025-12-22 02:23:58,776 MambaPro INFO:   CHECKPOINT_PERIOD: 60
2025-12-22 02:23:58,776 MambaPro INFO:   CLUSTER_MARGIN: 0.3
2025-12-22 02:23:58,776 MambaPro INFO:   COSINE_MARGIN: 0.5
2025-12-22 02:23:58,776 MambaPro INFO:   COSINE_SCALE: 30
2025-12-22 02:23:58,776 MambaPro INFO:   EVAL_PERIOD: 1
2025-12-22 02:23:58,776 MambaPro INFO:   GAMMA: 0.1
2025-12-22 02:23:58,776 MambaPro INFO:   IMS_PER_BATCH: 64
2025-12-22 02:23:58,776 MambaPro INFO:   LARGE_FC_LR: false
2025-12-22 02:23:58,776 MambaPro INFO:   LOG_PERIOD: 10
2025-12-22 02:23:58,776 MambaPro INFO:   MARGIN: 0.3
2025-12-22 02:23:58,776 MambaPro INFO:   MAX_EPOCHS: 30
2025-12-22 02:23:58,776 MambaPro INFO:   MOE_BALANCE_LOSS_WEIGHT: 0.01
2025-12-22 02:23:58,776 MambaPro INFO:   MOE_BALANCE_LOSS_WEIGHT_END: 0.1
2025-12-22 02:23:58,776 MambaPro INFO:   MOE_BALANCE_LOSS_WEIGHT_START: 0.001
2025-12-22 02:23:58,776 MambaPro INFO:   MOE_BALANCE_THRESHOLD: 0.3
2025-12-22 02:23:58,776 MambaPro INFO:   MOE_DIVERSITY_LOSS_WEIGHT: 0.01
2025-12-22 02:23:58,776 MambaPro INFO:   MOE_DIVERSITY_LOSS_WEIGHT_END: 0.1
2025-12-22 02:23:58,776 MambaPro INFO:   MOE_DIVERSITY_LOSS_WEIGHT_START: 0.001
2025-12-22 02:23:58,776 MambaPro INFO:   MOE_GATE_LR_FACTOR: 0.01
2025-12-22 02:23:58,776 MambaPro INFO:   MOE_LOSS_WEIGHT_SCHEDULE_TYPE: cosine
2025-12-22 02:23:58,776 MambaPro INFO:   MOE_LOSS_WEIGHT_WARMUP_EPOCHS: 5
2025-12-22 02:23:58,776 MambaPro INFO:   MOE_SPARSITY_LOSS_WEIGHT: 0.001
2025-12-22 02:23:58,776 MambaPro INFO:   MOE_USE_DYNAMIC_LOSS_WEIGHT: false
2025-12-22 02:23:58,776 MambaPro INFO:   MOMENTUM: 0.9
2025-12-22 02:23:58,776 MambaPro INFO:   OPTIMIZER_NAME: Adam
2025-12-22 02:23:58,776 MambaPro INFO:   RANGE_ALPHA: 0
2025-12-22 02:23:58,776 MambaPro INFO:   RANGE_BETA: 1
2025-12-22 02:23:58,776 MambaPro INFO:   RANGE_K: 2
2025-12-22 02:23:58,776 MambaPro INFO:   RANGE_LOSS_WEIGHT: 1
2025-12-22 02:23:58,776 MambaPro INFO:   RANGE_MARGIN: 0.3
2025-12-22 02:23:58,776 MambaPro INFO:   SEED: 1111
2025-12-22 02:23:58,776 MambaPro INFO:   STEPS:
2025-12-22 02:23:58,776 MambaPro INFO:   - 40
2025-12-22 02:23:58,776 MambaPro INFO:   - 70
2025-12-22 02:23:58,776 MambaPro INFO:   WARMUP_FACTOR: 0.01
2025-12-22 02:23:58,776 MambaPro INFO:   WARMUP_ITERS: 5
2025-12-22 02:23:58,776 MambaPro INFO:   WARMUP_METHOD: linear
2025-12-22 02:23:58,776 MambaPro INFO:   WEIGHT_DECAY: 0.0001
2025-12-22 02:23:58,776 MambaPro INFO:   WEIGHT_DECAY_BIAS: 0.0001
2025-12-22 02:23:58,776 MambaPro INFO: TEST:
2025-12-22 02:23:58,776 MambaPro INFO:   FEAT: 0
2025-12-22 02:23:58,776 MambaPro INFO:   FEAT_NORM: 'yes'
2025-12-22 02:23:58,776 MambaPro INFO:   IMS_PER_BATCH: 64
2025-12-22 02:23:58,776 MambaPro INFO:   MISS: nothing
2025-12-22 02:23:58,776 MambaPro INFO:   NECK_FEAT: before
2025-12-22 02:23:58,776 MambaPro INFO:   RE_RANKING: 'no'
2025-12-22 02:23:58,776 MambaPro INFO:   WEIGHT: /home/zubuntu/workspace/MambaPro/MambaPro/pths/MambaProbest.pth
2025-12-22 02:23:58,776 MambaPro INFO: ================================================================================
2025-12-22 02:24:01,695 MambaPro.train INFO: start training
2025-12-22 02:25:33,673 MambaPro.train INFO: Epoch 1 done. Time per batch: 0.783[s] Speed: 81.7[samples/s]
2025-12-22 02:27:09,087 MambaPro.train INFO: Validation Results - Epoch: 1
2025-12-22 02:27:09,087 MambaPro.train INFO: Current mAP: 53.6%
2025-12-22 02:27:09,087 MambaPro.train INFO: CMC curve, Rank-1  :73.2%
2025-12-22 02:27:09,087 MambaPro.train INFO: CMC curve, Rank-5  :77.6%
2025-12-22 02:27:09,087 MambaPro.train INFO: CMC curve, Rank-10 :80.3%
2025-12-22 02:27:09,096 MambaPro.train INFO: 🎯 New Best! Saving model...
2025-12-22 02:27:09,430 MambaPro.train INFO: [Epoch 1] 指标集合列表（历史）
2025-12-22 02:27:09,430 MambaPro.train INFO: history_mAP:{53.6}
2025-12-22 02:27:09,430 MambaPro.train INFO: best_mAP:{53.6}
2025-12-22 02:27:09,430 MambaPro.train INFO: history_Rank-1:{73.2}
2025-12-22 02:27:09,430 MambaPro.train INFO: best_Rank-1:{73.2}
2025-12-22 02:27:09,430 MambaPro.train INFO: history_Rank-5:{77.6}
2025-12-22 02:27:09,430 MambaPro.train INFO: best_Rank-5:{77.6}
2025-12-22 02:27:09,430 MambaPro.train INFO: history_Rank-10:{80.3}
2025-12-22 02:27:09,430 MambaPro.train INFO: best_Rank-10:{80.3}
2025-12-22 02:27:09,430 MambaPro.train INFO: history_Experts:{[1.00]}
2025-12-22 02:27:09,430 MambaPro.train INFO: best_Experts:{[1.00]}
2025-12-22 02:27:09,430 MambaPro.train INFO: 🔥 MoE损失(Val): 平衡=0.0000, 稀疏性=0.0000, 多样性=0.0000, 总=0.0000 (权重: 平衡=0.010, 稀疏性=0.001, 多样性=0.010)
2025-12-22 02:27:09,430 MambaPro.train INFO:    📊 专家权重分布(Val, 1个专家): [1.00]
2025-12-22 02:28:39,754 MambaPro.train INFO: Epoch 2 done. Time per batch: 0.776[s] Speed: 82.4[samples/s]
2025-12-22 02:30:14,986 MambaPro.train INFO: Validation Results - Epoch: 2
2025-12-22 02:30:14,986 MambaPro.train INFO: Current mAP: 61.4%
2025-12-22 02:30:14,986 MambaPro.train INFO: CMC curve, Rank-1  :75.0%
2025-12-22 02:30:14,986 MambaPro.train INFO: CMC curve, Rank-5  :78.1%
2025-12-22 02:30:14,986 MambaPro.train INFO: CMC curve, Rank-10 :80.8%
2025-12-22 02:30:14,993 MambaPro.train INFO: 🎯 New Best! Saving model...
2025-12-22 02:30:15,479 MambaPro.train INFO: [Epoch 2] 指标集合列表（历史）
2025-12-22 02:30:15,480 MambaPro.train INFO: history_mAP:{53.6 , 61.4}
2025-12-22 02:30:15,480 MambaPro.train INFO: best_mAP:{61.4}
2025-12-22 02:30:15,480 MambaPro.train INFO: history_Rank-1:{73.2 , 75.0}
2025-12-22 02:30:15,480 MambaPro.train INFO: best_Rank-1:{75.0}
2025-12-22 02:30:15,480 MambaPro.train INFO: history_Rank-5:{77.6 , 78.1}
2025-12-22 02:30:15,480 MambaPro.train INFO: best_Rank-5:{78.1}
2025-12-22 02:30:15,480 MambaPro.train INFO: history_Rank-10:{80.3 , 80.8}
2025-12-22 02:30:15,480 MambaPro.train INFO: best_Rank-10:{80.8}
2025-12-22 02:30:15,480 MambaPro.train INFO: history_Experts:{[1.00] , [1.00]}
2025-12-22 02:30:15,480 MambaPro.train INFO: best_Experts:{[1.00]}
2025-12-22 02:30:15,480 MambaPro.train INFO: 🔥 MoE损失(Val): 平衡=0.0000, 稀疏性=0.0000, 多样性=0.0000, 总=0.0000 (权重: 平衡=0.010, 稀疏性=0.001, 多样性=0.010)
2025-12-22 02:30:15,480 MambaPro.train INFO:    📊 专家权重分布(Val, 1个专家): [1.00]
2025-12-22 02:31:45,876 MambaPro.train INFO: Epoch 3 done. Time per batch: 0.777[s] Speed: 82.4[samples/s]
2025-12-22 02:33:21,211 MambaPro.train INFO: Validation Results - Epoch: 3
2025-12-22 02:33:21,211 MambaPro.train INFO: Current mAP: 64.6%
2025-12-22 02:33:21,211 MambaPro.train INFO: CMC curve, Rank-1  :81.9%
2025-12-22 02:33:21,211 MambaPro.train INFO: CMC curve, Rank-5  :84.2%
2025-12-22 02:33:21,211 MambaPro.train INFO: CMC curve, Rank-10 :85.9%
2025-12-22 02:33:21,218 MambaPro.train INFO: 🎯 New Best! Saving model...
2025-12-22 02:33:21,707 MambaPro.train INFO: [Epoch 3] 指标集合列表（历史）
2025-12-22 02:33:21,707 MambaPro.train INFO: history_mAP:{53.6 , 61.4 , 64.6}
2025-12-22 02:33:21,708 MambaPro.train INFO: best_mAP:{64.6}
2025-12-22 02:33:21,708 MambaPro.train INFO: history_Rank-1:{73.2 , 75.0 , 81.9}
2025-12-22 02:33:21,708 MambaPro.train INFO: best_Rank-1:{81.9}
2025-12-22 02:33:21,708 MambaPro.train INFO: history_Rank-5:{77.6 , 78.1 , 84.2}
2025-12-22 02:33:21,708 MambaPro.train INFO: best_Rank-5:{84.2}
2025-12-22 02:33:21,708 MambaPro.train INFO: history_Rank-10:{80.3 , 80.8 , 85.9}
2025-12-22 02:33:21,708 MambaPro.train INFO: best_Rank-10:{85.9}
2025-12-22 02:33:21,708 MambaPro.train INFO: history_Experts:{[1.00] , [1.00] , [1.00]}
2025-12-22 02:33:21,708 MambaPro.train INFO: best_Experts:{[1.00]}
2025-12-22 02:33:21,708 MambaPro.train INFO: 🔥 MoE损失(Val): 平衡=0.0000, 稀疏性=0.0000, 多样性=0.0000, 总=0.0000 (权重: 平衡=0.010, 稀疏性=0.001, 多样性=0.010)
2025-12-22 02:33:21,708 MambaPro.train INFO:    📊 专家权重分布(Val, 1个专家): [1.00]
2025-12-22 02:34:52,064 MambaPro.train INFO: Epoch 4 done. Time per batch: 0.777[s] Speed: 82.4[samples/s]
2025-12-22 02:36:27,453 MambaPro.train INFO: Validation Results - Epoch: 4
2025-12-22 02:36:27,453 MambaPro.train INFO: Current mAP: 62.7%
2025-12-22 02:36:27,453 MambaPro.train INFO: CMC curve, Rank-1  :78.5%
2025-12-22 02:36:27,453 MambaPro.train INFO: CMC curve, Rank-5  :81.4%
2025-12-22 02:36:27,453 MambaPro.train INFO: CMC curve, Rank-10 :83.2%
2025-12-22 02:36:27,459 MambaPro.train INFO: [Epoch 4] 指标集合列表（历史）
2025-12-22 02:36:27,459 MambaPro.train INFO: history_mAP:{53.6 , 61.4 , 64.6 , 62.7}
2025-12-22 02:36:27,459 MambaPro.train INFO: best_mAP:{64.6}
2025-12-22 02:36:27,459 MambaPro.train INFO: history_Rank-1:{73.2 , 75.0 , 81.9 , 78.5}
2025-12-22 02:36:27,459 MambaPro.train INFO: best_Rank-1:{81.9}
2025-12-22 02:36:27,459 MambaPro.train INFO: history_Rank-5:{77.6 , 78.1 , 84.2 , 81.4}
2025-12-22 02:36:27,459 MambaPro.train INFO: best_Rank-5:{84.2}
2025-12-22 02:36:27,459 MambaPro.train INFO: history_Rank-10:{80.3 , 80.8 , 85.9 , 83.2}
2025-12-22 02:36:27,459 MambaPro.train INFO: best_Rank-10:{85.9}
2025-12-22 02:36:27,459 MambaPro.train INFO: history_Experts:{[1.00] , [1.00] , [1.00] , [1.00]}
2025-12-22 02:36:27,459 MambaPro.train INFO: best_Experts:{[1.00]}
2025-12-22 02:36:27,459 MambaPro.train INFO: 🔥 MoE损失(Val): 平衡=0.0000, 稀疏性=0.0000, 多样性=0.0000, 总=0.0000 (权重: 平衡=0.010, 稀疏性=0.001, 多样性=0.010)
2025-12-22 02:36:27,460 MambaPro.train INFO:    📊 专家权重分布(Val, 1个专家): [1.00]
2025-12-22 02:37:56,244 MambaPro.train INFO: Epoch 5 done. Time per batch: 0.776[s] Speed: 82.4[samples/s]
2025-12-22 02:39:31,591 MambaPro.train INFO: Validation Results - Epoch: 5
2025-12-22 02:39:31,591 MambaPro.train INFO: Current mAP: 69.2%
2025-12-22 02:39:31,591 MambaPro.train INFO: CMC curve, Rank-1  :83.5%
2025-12-22 02:39:31,591 MambaPro.train INFO: CMC curve, Rank-5  :85.8%
2025-12-22 02:39:31,591 MambaPro.train INFO: CMC curve, Rank-10 :87.5%
2025-12-22 02:39:31,599 MambaPro.train INFO: 🎯 New Best! Saving model...
2025-12-22 02:39:32,065 MambaPro.train INFO: [Epoch 5] 指标集合列表（历史）
2025-12-22 02:39:32,065 MambaPro.train INFO: history_mAP:{53.6 , 61.4 , 64.6 , 62.7 , 69.2}
2025-12-22 02:39:32,065 MambaPro.train INFO: best_mAP:{69.2}
2025-12-22 02:39:32,065 MambaPro.train INFO: history_Rank-1:{73.2 , 75.0 , 81.9 , 78.5 , 83.5}
2025-12-22 02:39:32,065 MambaPro.train INFO: best_Rank-1:{83.5}
2025-12-22 02:39:32,065 MambaPro.train INFO: history_Rank-5:{77.6 , 78.1 , 84.2 , 81.4 , 85.8}
2025-12-22 02:39:32,065 MambaPro.train INFO: best_Rank-5:{85.8}
2025-12-22 02:39:32,065 MambaPro.train INFO: history_Rank-10:{80.3 , 80.8 , 85.9 , 83.2 , 87.5}
2025-12-22 02:39:32,065 MambaPro.train INFO: best_Rank-10:{87.5}
2025-12-22 02:39:32,065 MambaPro.train INFO: history_Experts:{[1.00] , [1.00] , [1.00] , [1.00] , [1.00]}
2025-12-22 02:39:32,065 MambaPro.train INFO: best_Experts:{[1.00]}
2025-12-22 02:39:32,065 MambaPro.train INFO: 🔥 MoE损失(Val): 平衡=0.0000, 稀疏性=0.0000, 多样性=0.0000, 总=0.0000 (权重: 平衡=0.010, 稀疏性=0.001, 多样性=0.010)
2025-12-22 02:39:32,065 MambaPro.train INFO:    📊 专家权重分布(Val, 1个专家): [1.00]
2025-12-22 02:41:02,541 MambaPro.train INFO: Epoch 6 done. Time per batch: 0.778[s] Speed: 82.3[samples/s]
2025-12-22 02:42:37,821 MambaPro.train INFO: Validation Results - Epoch: 6
2025-12-22 02:42:37,821 MambaPro.train INFO: Current mAP: 67.6%
2025-12-22 02:42:37,821 MambaPro.train INFO: CMC curve, Rank-1  :84.0%
2025-12-22 02:42:37,821 MambaPro.train INFO: CMC curve, Rank-5  :86.5%
2025-12-22 02:42:37,821 MambaPro.train INFO: CMC curve, Rank-10 :88.6%
2025-12-22 02:42:37,828 MambaPro.train INFO: [Epoch 6] 指标集合列表（历史）
2025-12-22 02:42:37,828 MambaPro.train INFO: history_mAP:{53.6 , 61.4 , 64.6 , 62.7 , 69.2 , 67.6}
2025-12-22 02:42:37,828 MambaPro.train INFO: best_mAP:{69.2}
2025-12-22 02:42:37,828 MambaPro.train INFO: history_Rank-1:{73.2 , 75.0 , 81.9 , 78.5 , 83.5 , 84.0}
2025-12-22 02:42:37,828 MambaPro.train INFO: best_Rank-1:{83.5}
2025-12-22 02:42:37,828 MambaPro.train INFO: history_Rank-5:{77.6 , 78.1 , 84.2 , 81.4 , 85.8 , 86.5}
2025-12-22 02:42:37,828 MambaPro.train INFO: best_Rank-5:{85.8}
2025-12-22 02:42:37,828 MambaPro.train INFO: history_Rank-10:{80.3 , 80.8 , 85.9 , 83.2 , 87.5 , 88.6}
2025-12-22 02:42:37,828 MambaPro.train INFO: best_Rank-10:{87.5}
2025-12-22 02:42:37,828 MambaPro.train INFO: history_Experts:{[1.00] , [1.00] , [1.00] , [1.00] , [1.00] , [1.00]}
2025-12-22 02:42:37,828 MambaPro.train INFO: best_Experts:{[1.00]}
2025-12-22 02:42:37,828 MambaPro.train INFO: 🔥 MoE损失(Val): 平衡=0.0000, 稀疏性=0.0000, 多样性=0.0000, 总=0.0000 (权重: 平衡=0.010, 稀疏性=0.001, 多样性=0.010)
2025-12-22 02:42:37,828 MambaPro.train INFO:    📊 专家权重分布(Val, 1个专家): [1.00]
2025-12-22 02:44:08,982 MambaPro.train INFO: Epoch 7 done. Time per batch: 0.777[s] Speed: 82.4[samples/s]
2025-12-22 02:45:44,438 MambaPro.train INFO: Validation Results - Epoch: 7
2025-12-22 02:45:44,438 MambaPro.train INFO: Current mAP: 73.7%
2025-12-22 02:45:44,438 MambaPro.train INFO: CMC curve, Rank-1  :88.3%
2025-12-22 02:45:44,438 MambaPro.train INFO: CMC curve, Rank-5  :90.0%
2025-12-22 02:45:44,438 MambaPro.train INFO: CMC curve, Rank-10 :90.7%
2025-12-22 02:45:44,446 MambaPro.train INFO: 🎯 New Best! Saving model...
2025-12-22 02:45:44,938 MambaPro.train INFO: [Epoch 7] 指标集合列表（历史）
2025-12-22 02:45:44,938 MambaPro.train INFO: history_mAP:{53.6 , 61.4 , 64.6 , 62.7 , 69.2 , 67.6 , 73.7}
2025-12-22 02:45:44,938 MambaPro.train INFO: best_mAP:{73.7}
2025-12-22 02:45:44,938 MambaPro.train INFO: history_Rank-1:{73.2 , 75.0 , 81.9 , 78.5 , 83.5 , 84.0 , 88.3}
2025-12-22 02:45:44,939 MambaPro.train INFO: best_Rank-1:{88.3}
2025-12-22 02:45:44,939 MambaPro.train INFO: history_Rank-5:{77.6 , 78.1 , 84.2 , 81.4 , 85.8 , 86.5 , 90.0}
2025-12-22 02:45:44,939 MambaPro.train INFO: best_Rank-5:{90.0}
2025-12-22 02:45:44,939 MambaPro.train INFO: history_Rank-10:{80.3 , 80.8 , 85.9 , 83.2 , 87.5 , 88.6 , 90.7}
2025-12-22 02:45:44,939 MambaPro.train INFO: best_Rank-10:{90.7}
2025-12-22 02:45:44,939 MambaPro.train INFO: history_Experts:{[1.00] , [1.00] , [1.00] , [1.00] , [1.00] , [1.00] , [1.00]}
2025-12-22 02:45:44,939 MambaPro.train INFO: best_Experts:{[1.00]}
2025-12-22 02:45:44,939 MambaPro.train INFO: 🔥 MoE损失(Val): 平衡=0.0000, 稀疏性=0.0000, 多样性=0.0000, 总=0.0000 (权重: 平衡=0.010, 稀疏性=0.001, 多样性=0.010)
2025-12-22 02:45:44,939 MambaPro.train INFO:    📊 专家权重分布(Val, 1个专家): [1.00]
2025-12-22 02:47:16,118 MambaPro.train INFO: Epoch 8 done. Time per batch: 0.777[s] Speed: 82.4[samples/s]
2025-12-22 02:48:51,427 MambaPro.train INFO: Validation Results - Epoch: 8
2025-12-22 02:48:51,427 MambaPro.train INFO: Current mAP: 74.3%
2025-12-22 02:48:51,427 MambaPro.train INFO: CMC curve, Rank-1  :88.2%
2025-12-22 02:48:51,427 MambaPro.train INFO: CMC curve, Rank-5  :90.3%
2025-12-22 02:48:51,427 MambaPro.train INFO: CMC curve, Rank-10 :92.0%
2025-12-22 02:48:51,434 MambaPro.train INFO: 🎯 New Best! Saving model...
2025-12-22 02:48:51,920 MambaPro.train INFO: [Epoch 8] 指标集合列表（历史）
2025-12-22 02:48:51,920 MambaPro.train INFO: history_mAP:{53.6 , 61.4 , 64.6 , 62.7 , 69.2 , 67.6 , 73.7 , 74.3}
2025-12-22 02:48:51,920 MambaPro.train INFO: best_mAP:{74.3}
2025-12-22 02:48:51,920 MambaPro.train INFO: history_Rank-1:{73.2 , 75.0 , 81.9 , 78.5 , 83.5 , 84.0 , 88.3 , 88.2}
2025-12-22 02:48:51,920 MambaPro.train INFO: best_Rank-1:{88.3}
2025-12-22 02:48:51,920 MambaPro.train INFO: history_Rank-5:{77.6 , 78.1 , 84.2 , 81.4 , 85.8 , 86.5 , 90.0 , 90.3}
2025-12-22 02:48:51,920 MambaPro.train INFO: best_Rank-5:{90.3}
2025-12-22 02:48:51,920 MambaPro.train INFO: history_Rank-10:{80.3 , 80.8 , 85.9 , 83.2 , 87.5 , 88.6 , 90.7 , 92.0}
2025-12-22 02:48:51,920 MambaPro.train INFO: best_Rank-10:{92.0}
2025-12-22 02:48:51,920 MambaPro.train INFO: history_Experts:{[1.00] , [1.00] , [1.00] , [1.00] , [1.00] , [1.00] , [1.00] , [1.00]}
2025-12-22 02:48:51,920 MambaPro.train INFO: best_Experts:{[1.00]}
2025-12-22 02:48:51,920 MambaPro.train INFO: 🔥 MoE损失(Val): 平衡=0.0000, 稀疏性=0.0000, 多样性=0.0000, 总=0.0000 (权重: 平衡=0.010, 稀疏性=0.001, 多样性=0.010)
2025-12-22 02:48:51,921 MambaPro.train INFO:    📊 专家权重分布(Val, 1个专家): [1.00]
2025-12-22 02:50:22,306 MambaPro.train INFO: Epoch 9 done. Time per batch: 0.777[s] Speed: 82.4[samples/s]
2025-12-22 02:51:57,630 MambaPro.train INFO: Validation Results - Epoch: 9
2025-12-22 02:51:57,631 MambaPro.train INFO: Current mAP: 74.8%
2025-12-22 02:51:57,631 MambaPro.train INFO: CMC curve, Rank-1  :87.3%
2025-12-22 02:51:57,631 MambaPro.train INFO: CMC curve, Rank-5  :89.3%
2025-12-22 02:51:57,631 MambaPro.train INFO: CMC curve, Rank-10 :90.4%
2025-12-22 02:51:57,638 MambaPro.train INFO: 🎯 New Best! Saving model...
2025-12-22 02:51:58,125 MambaPro.train INFO: [Epoch 9] 指标集合列表（历史）
2025-12-22 02:51:58,125 MambaPro.train INFO: history_mAP:{53.6 , 61.4 , 64.6 , 62.7 , 69.2 , 67.6 , 73.7 , 74.3 , 74.8}
2025-12-22 02:51:58,126 MambaPro.train INFO: best_mAP:{74.8}
2025-12-22 02:51:58,126 MambaPro.train INFO: history_Rank-1:{73.2 , 75.0 , 81.9 , 78.5 , 83.5 , 84.0 , 88.3 , 88.2 , 87.3}
2025-12-22 02:51:58,126 MambaPro.train INFO: best_Rank-1:{88.3}
2025-12-22 02:51:58,126 MambaPro.train INFO: history_Rank-5:{77.6 , 78.1 , 84.2 , 81.4 , 85.8 , 86.5 , 90.0 , 90.3 , 89.3}
2025-12-22 02:51:58,126 MambaPro.train INFO: best_Rank-5:{90.3}
2025-12-22 02:51:58,126 MambaPro.train INFO: history_Rank-10:{80.3 , 80.8 , 85.9 , 83.2 , 87.5 , 88.6 , 90.7 , 92.0 , 90.4}
2025-12-22 02:51:58,126 MambaPro.train INFO: best_Rank-10:{92.0}
2025-12-22 02:51:58,126 MambaPro.train INFO: history_Experts:{[1.00] , [1.00] , [1.00] , [1.00] , [1.00] , [1.00] , [1.00] , [1.00] , [1.00]}
2025-12-22 02:51:58,126 MambaPro.train INFO: best_Experts:{[1.00]}
2025-12-22 02:51:58,126 MambaPro.train INFO: 🔥 MoE损失(Val): 平衡=0.0000, 稀疏性=0.0000, 多样性=0.0000, 总=0.0000 (权重: 平衡=0.010, 稀疏性=0.001, 多样性=0.010)
2025-12-22 02:51:58,126 MambaPro.train INFO:    📊 专家权重分布(Val, 1个专家): [1.00]
2025-12-22 02:53:28,492 MambaPro.train INFO: Epoch 10 done. Time per batch: 0.777[s] Speed: 82.4[samples/s]
2025-12-22 02:55:03,794 MambaPro.train INFO: Validation Results - Epoch: 10
2025-12-22 02:55:03,795 MambaPro.train INFO: Current mAP: 72.4%
2025-12-22 02:55:03,795 MambaPro.train INFO: CMC curve, Rank-1  :88.1%
2025-12-22 02:55:03,795 MambaPro.train INFO: CMC curve, Rank-5  :89.9%
2025-12-22 02:55:03,795 MambaPro.train INFO: CMC curve, Rank-10 :90.8%
2025-12-22 02:55:03,802 MambaPro.train INFO: [Epoch 10] 指标集合列表（历史）
2025-12-22 02:55:03,803 MambaPro.train INFO: history_mAP:{53.6 , 61.4 , 64.6 , 62.7 , 69.2 , 67.6 , 73.7 , 74.3 , 74.8 , 72.4}
2025-12-22 02:55:03,803 MambaPro.train INFO: best_mAP:{74.8}
2025-12-22 02:55:03,803 MambaPro.train INFO: history_Rank-1:{73.2 , 75.0 , 81.9 , 78.5 , 83.5 , 84.0 , 88.3 , 88.2 , 87.3 , 88.1}
2025-12-22 02:55:03,803 MambaPro.train INFO: best_Rank-1:{88.3}
2025-12-22 02:55:03,803 MambaPro.train INFO: history_Rank-5:{77.6 , 78.1 , 84.2 , 81.4 , 85.8 , 86.5 , 90.0 , 90.3 , 89.3 , 89.9}
2025-12-22 02:55:03,803 MambaPro.train INFO: best_Rank-5:{90.3}
2025-12-22 02:55:03,803 MambaPro.train INFO: history_Rank-10:{80.3 , 80.8 , 85.9 , 83.2 , 87.5 , 88.6 , 90.7 , 92.0 , 90.4 , 90.8}
2025-12-22 02:55:03,803 MambaPro.train INFO: best_Rank-10:{92.0}
2025-12-22 02:55:03,803 MambaPro.train INFO: history_Experts:{[1.00] , [1.00] , [1.00] , [1.00] , [1.00] , [1.00] , [1.00] , [1.00] , [1.00] , [1.00]}
2025-12-22 02:55:03,803 MambaPro.train INFO: best_Experts:{[1.00]}
2025-12-22 02:55:03,803 MambaPro.train INFO: 🔥 MoE损失(Val): 平衡=0.0000, 稀疏性=0.0000, 多样性=0.0000, 总=0.0000 (权重: 平衡=0.010, 稀疏性=0.001, 多样性=0.010)
2025-12-22 02:55:03,803 MambaPro.train INFO:    📊 专家权重分布(Val, 1个专家): [1.00]
2025-12-22 02:56:33,416 MambaPro.train INFO: Epoch 11 done. Time per batch: 0.777[s] Speed: 82.4[samples/s]
2025-12-22 02:58:08,770 MambaPro.train INFO: Validation Results - Epoch: 11
2025-12-22 02:58:08,770 MambaPro.train INFO: Current mAP: 72.8%
2025-12-22 02:58:08,771 MambaPro.train INFO: CMC curve, Rank-1  :87.9%
2025-12-22 02:58:08,771 MambaPro.train INFO: CMC curve, Rank-5  :89.8%
2025-12-22 02:58:08,771 MambaPro.train INFO: CMC curve, Rank-10 :91.0%
2025-12-22 02:58:08,778 MambaPro.train INFO: [Epoch 11] 指标集合列表（历史）
2025-12-22 02:58:08,778 MambaPro.train INFO: history_mAP:{53.6 , 61.4 , 64.6 , 62.7 , 69.2 , 67.6 , 73.7 , 74.3 , 74.8 , 72.4 , 72.8}
2025-12-22 02:58:08,778 MambaPro.train INFO: best_mAP:{74.8}
2025-12-22 02:58:08,778 MambaPro.train INFO: history_Rank-1:{73.2 , 75.0 , 81.9 , 78.5 , 83.5 , 84.0 , 88.3 , 88.2 , 87.3 , 88.1 , 87.9}
2025-12-22 02:58:08,778 MambaPro.train INFO: best_Rank-1:{88.3}
2025-12-22 02:58:08,778 MambaPro.train INFO: history_Rank-5:{77.6 , 78.1 , 84.2 , 81.4 , 85.8 , 86.5 , 90.0 , 90.3 , 89.3 , 89.9 , 89.8}
2025-12-22 02:58:08,778 MambaPro.train INFO: best_Rank-5:{90.3}
2025-12-22 02:58:08,778 MambaPro.train INFO: history_Rank-10:{80.3 , 80.8 , 85.9 , 83.2 , 87.5 , 88.6 , 90.7 , 92.0 , 90.4 , 90.8 , 91.0}
2025-12-22 02:58:08,778 MambaPro.train INFO: best_Rank-10:{92.0}
2025-12-22 02:58:08,778 MambaPro.train INFO: history_Experts:{[1.00] , [1.00] , [1.00] , [1.00] , [1.00] , [1.00] , [1.00] , [1.00] , [1.00] , [1.00] , [1.00]}
2025-12-22 02:58:08,778 MambaPro.train INFO: best_Experts:{[1.00]}
2025-12-22 02:58:08,778 MambaPro.train INFO: 🔥 MoE损失(Val): 平衡=0.0000, 稀疏性=0.0000, 多样性=0.0000, 总=0.0000 (权重: 平衡=0.010, 稀疏性=0.001, 多样性=0.010)
2025-12-22 02:58:08,778 MambaPro.train INFO:    📊 专家权重分布(Val, 1个专家): [1.00]
2025-12-22 02:59:39,949 MambaPro.train INFO: Epoch 12 done. Time per batch: 0.777[s] Speed: 82.4[samples/s]
2025-12-22 03:01:15,283 MambaPro.train INFO: Validation Results - Epoch: 12
2025-12-22 03:01:15,283 MambaPro.train INFO: Current mAP: 73.9%
2025-12-22 03:01:15,283 MambaPro.train INFO: CMC curve, Rank-1  :88.3%
2025-12-22 03:01:15,283 MambaPro.train INFO: CMC curve, Rank-5  :89.7%
2025-12-22 03:01:15,283 MambaPro.train INFO: CMC curve, Rank-10 :90.6%
2025-12-22 03:01:15,292 MambaPro.train INFO: [Epoch 12] 指标集合列表（历史）
2025-12-22 03:01:15,292 MambaPro.train INFO: history_mAP:{53.6 , 61.4 , 64.6 , 62.7 , 69.2 , 67.6 , 73.7 , 74.3 , 74.8 , 72.4 , 72.8 , 73.9}
2025-12-22 03:01:15,292 MambaPro.train INFO: best_mAP:{74.8}
2025-12-22 03:01:15,292 MambaPro.train INFO: history_Rank-1:{73.2 , 75.0 , 81.9 , 78.5 , 83.5 , 84.0 , 88.3 , 88.2 , 87.3 , 88.1 , 87.9}
2025-12-22 03:01:15,292 MambaPro.train INFO: best_Rank-1:{88.3}
2025-12-22 03:01:15,292 MambaPro.train INFO: history_Rank-5:{77.6 , 78.1 , 84.2 , 81.4 , 85.8 , 86.5 , 90.0 , 90.3 , 89.3 , 89.9 , 89.8 , 89.7}
2025-12-22 03:01:15,292 MambaPro.train INFO: best_Rank-5:{90.3}
2025-12-22 03:01:15,292 MambaPro.train INFO: history_Rank-10:{80.3 , 80.8 , 85.9 , 83.2 , 87.5 , 88.6 , 90.7 , 92.0 , 90.4 , 90.8 , 91.0 , 90.6}
2025-12-22 03:01:15,292 MambaPro.train INFO: best_Rank-10:{92.0}
2025-12-22 03:01:15,292 MambaPro.train INFO: history_Experts:{[1.00] , [1.00] , [1.00] , [1.00] , [1.00] , [1.00] , [1.00] , [1.00] , [1.00] , [1.00] , [1.00] , [1.00]}
2025-12-22 03:01:15,292 MambaPro.train INFO: best_Experts:{[1.00]}
2025-12-22 03:01:15,292 MambaPro.train INFO: 🔥 MoE损失(Val): 平衡=0.0000, 稀疏性=0.0000, 多样性=0.0000, 总=0.0000 (权重: 平衡=0.010, 稀疏性=0.001, 多样性=0.010)
2025-12-22 03:01:15,292 MambaPro.train INFO:    📊 专家权重分布(Val, 1个专家): [1.00]
2025-12-22 03:02:45,667 MambaPro.train INFO: Epoch 13 done. Time per batch: 0.777[s] Speed: 82.4[samples/s]
2025-12-22 03:04:20,947 MambaPro.train INFO: Validation Results - Epoch: 13
2025-12-22 03:04:20,947 MambaPro.train INFO: Current mAP: 73.5%
2025-12-22 03:04:20,947 MambaPro.train INFO: CMC curve, Rank-1  :87.6%
2025-12-22 03:04:20,947 MambaPro.train INFO: CMC curve, Rank-5  :88.9%
2025-12-22 03:04:20,947 MambaPro.train INFO: CMC curve, Rank-10 :89.9%
2025-12-22 03:04:20,954 MambaPro.train INFO: [Epoch 13] 指标集合列表（历史）
2025-12-22 03:04:20,954 MambaPro.train INFO: history_mAP:{53.6 , 61.4 , 64.6 , 62.7 , 69.2 , 67.6 , 73.7 , 74.3 , 74.8 , 72.4 , 72.8 , 73.9 , 73.5}
2025-12-22 03:04:20,954 MambaPro.train INFO: best_mAP:{74.8}
2025-12-22 03:04:20,954 MambaPro.train INFO: history_Rank-1:{73.2 , 75.0 , 81.9 , 78.5 , 83.5 , 84.0 , 88.3 , 88.2 , 87.3 , 88.1 , 87.9 , 87.6}
2025-12-22 03:04:20,954 MambaPro.train INFO: best_Rank-1:{88.3}
2025-12-22 03:04:20,954 MambaPro.train INFO: history_Rank-5:{77.6 , 78.1 , 84.2 , 81.4 , 85.8 , 86.5 , 90.0 , 90.3 , 89.3 , 89.9 , 89.8 , 89.7 , 88.9}
2025-12-22 03:04:20,954 MambaPro.train INFO: best_Rank-5:{90.3}
2025-12-22 03:04:20,955 MambaPro.train INFO: history_Rank-10:{80.3 , 80.8 , 85.9 , 83.2 , 87.5 , 88.6 , 90.7 , 92.0 , 90.4 , 90.8 , 91.0 , 90.6 , 89.9}
2025-12-22 03:04:20,955 MambaPro.train INFO: best_Rank-10:{92.0}
2025-12-22 03:04:20,955 MambaPro.train INFO: history_Experts:{[1.00] , [1.00] , [1.00] , [1.00] , [1.00] , [1.00] , [1.00] , [1.00] , [1.00] , [1.00] , [1.00] , [1.00] , [1.00]}
2025-12-22 03:04:20,955 MambaPro.train INFO: best_Experts:{[1.00]}
2025-12-22 03:04:20,955 MambaPro.train INFO: 🔥 MoE损失(Val): 平衡=0.0000, 稀疏性=0.0000, 多样性=0.0000, 总=0.0000 (权重: 平衡=0.010, 稀疏性=0.001, 多样性=0.010)
2025-12-22 03:04:20,955 MambaPro.train INFO:    📊 专家权重分布(Val, 1个专家): [1.00]
2025-12-22 03:05:51,317 MambaPro.train INFO: Epoch 14 done. Time per batch: 0.777[s] Speed: 82.4[samples/s]
2025-12-22 03:07:26,622 MambaPro.train INFO: Validation Results - Epoch: 14
2025-12-22 03:07:26,622 MambaPro.train INFO: Current mAP: 73.9%
2025-12-22 03:07:26,622 MambaPro.train INFO: CMC curve, Rank-1  :88.6%
2025-12-22 03:07:26,622 MambaPro.train INFO: CMC curve, Rank-5  :89.6%
2025-12-22 03:07:26,622 MambaPro.train INFO: CMC curve, Rank-10 :90.1%
2025-12-22 03:07:26,630 MambaPro.train INFO: [Epoch 14] 指标集合列表（历史）
2025-12-22 03:07:26,630 MambaPro.train INFO: history_mAP:{53.6 , 61.4 , 64.6 , 62.7 , 69.2 , 67.6 , 73.7 , 74.3 , 74.8 , 72.4 , 72.8 , 73.9 , 73.5 , 73.9}
2025-12-22 03:07:26,630 MambaPro.train INFO: best_mAP:{74.8}
2025-12-22 03:07:26,630 MambaPro.train INFO: history_Rank-1:{73.2 , 75.0 , 81.9 , 78.5 , 83.5 , 84.0 , 88.3 , 88.2 , 87.3 , 88.1 , 87.9 , 87.6 , 88.6}
2025-12-22 03:07:26,630 MambaPro.train INFO: best_Rank-1:{88.3}
2025-12-22 03:07:26,630 MambaPro.train INFO: history_Rank-5:{77.6 , 78.1 , 84.2 , 81.4 , 85.8 , 86.5 , 90.0 , 90.3 , 89.3 , 89.9 , 89.8 , 89.7 , 88.9 , 89.6}
2025-12-22 03:07:26,630 MambaPro.train INFO: best_Rank-5:{90.3}
2025-12-22 03:07:26,630 MambaPro.train INFO: history_Rank-10:{80.3 , 80.8 , 85.9 , 83.2 , 87.5 , 88.6 , 90.7 , 92.0 , 90.4 , 90.8 , 91.0 , 90.6 , 89.9 , 90.1}
2025-12-22 03:07:26,630 MambaPro.train INFO: best_Rank-10:{92.0}
2025-12-22 03:07:26,630 MambaPro.train INFO: history_Experts:{[1.00] , [1.00] , [1.00] , [1.00] , [1.00] , [1.00] , [1.00] , [1.00] , [1.00] , [1.00] , [1.00] , [1.00] , [1.00] , [1.00]}
2025-12-22 03:07:26,630 MambaPro.train INFO: best_Experts:{[1.00]}
2025-12-22 03:07:26,630 MambaPro.train INFO: 🔥 MoE损失(Val): 平衡=0.0000, 稀疏性=0.0000, 多样性=0.0000, 总=0.0000 (权重: 平衡=0.010, 稀疏性=0.001, 多样性=0.010)
2025-12-22 03:07:26,630 MambaPro.train INFO:    📊 专家权重分布(Val, 1个专家): [1.00]
2025-12-22 03:08:57,118 MambaPro.train INFO: Epoch 15 done. Time per batch: 0.778[s] Speed: 82.3[samples/s]
2025-12-22 03:10:32,508 MambaPro.train INFO: Validation Results - Epoch: 15
2025-12-22 03:10:32,508 MambaPro.train INFO: Current mAP: 74.0%
2025-12-22 03:10:32,508 MambaPro.train INFO: CMC curve, Rank-1  :87.9%
2025-12-22 03:10:32,508 MambaPro.train INFO: CMC curve, Rank-5  :89.2%
2025-12-22 03:10:32,508 MambaPro.train INFO: CMC curve, Rank-10 :89.7%
2025-12-22 03:10:32,514 MambaPro.train INFO: [Epoch 15] 指标集合列表（历史）
2025-12-22 03:10:32,515 MambaPro.train INFO: history_mAP:{53.6 , 61.4 , 64.6 , 62.7 , 69.2 , 67.6 , 73.7 , 74.3 , 74.8 , 72.4 , 72.8 , 73.9 , 73.5 , 73.9 , 74.0}
2025-12-22 03:10:32,515 MambaPro.train INFO: best_mAP:{74.8}
2025-12-22 03:10:32,515 MambaPro.train INFO: history_Rank-1:{73.2 , 75.0 , 81.9 , 78.5 , 83.5 , 84.0 , 88.3 , 88.2 , 87.3 , 88.1 , 87.9 , 87.6 , 88.6}
2025-12-22 03:10:32,515 MambaPro.train INFO: best_Rank-1:{88.3}
2025-12-22 03:10:32,515 MambaPro.train INFO: history_Rank-5:{77.6 , 78.1 , 84.2 , 81.4 , 85.8 , 86.5 , 90.0 , 90.3 , 89.3 , 89.9 , 89.8 , 89.7 , 88.9 , 89.6 , 89.2}
2025-12-22 03:10:32,515 MambaPro.train INFO: best_Rank-5:{90.3}
2025-12-22 03:10:32,515 MambaPro.train INFO: history_Rank-10:{80.3 , 80.8 , 85.9 , 83.2 , 87.5 , 88.6 , 90.7 , 92.0 , 90.4 , 90.8 , 91.0 , 90.6 , 89.9 , 90.1 , 89.7}
2025-12-22 03:10:32,515 MambaPro.train INFO: best_Rank-10:{92.0}
2025-12-22 03:10:32,515 MambaPro.train INFO: history_Experts:{[1.00] , [1.00] , [1.00] , [1.00] , [1.00] , [1.00] , [1.00] , [1.00] , [1.00] , [1.00] , [1.00] , [1.00] , [1.00] , [1.00] , [1.00]}
2025-12-22 03:10:32,515 MambaPro.train INFO: best_Experts:{[1.00]}
2025-12-22 03:10:32,515 MambaPro.train INFO: 🔥 MoE损失(Val): 平衡=0.0000, 稀疏性=0.0000, 多样性=0.0000, 总=0.0000 (权重: 平衡=0.010, 稀疏性=0.001, 多样性=0.010)
2025-12-22 03:10:32,515 MambaPro.train INFO:    📊 专家权重分布(Val, 1个专家): [1.00]
2025-12-22 03:12:03,665 MambaPro.train INFO: Epoch 16 done. Time per batch: 0.777[s] Speed: 82.4[samples/s]
2025-12-22 03:13:38,968 MambaPro.train INFO: Validation Results - Epoch: 16
2025-12-22 03:13:38,969 MambaPro.train INFO: Current mAP: 74.2%
2025-12-22 03:13:38,969 MambaPro.train INFO: CMC curve, Rank-1  :88.5%
2025-12-22 03:13:38,969 MambaPro.train INFO: CMC curve, Rank-5  :89.9%
2025-12-22 03:13:38,969 MambaPro.train INFO: CMC curve, Rank-10 :91.1%
2025-12-22 03:13:38,976 MambaPro.train INFO: [Epoch 16] 指标集合列表（历史）
2025-12-22 03:13:38,976 MambaPro.train INFO: history_mAP:{53.6 , 61.4 , 64.6 , 62.7 , 69.2 , 67.6 , 73.7 , 74.3 , 74.8 , 72.4 , 72.8 , 73.9 , 73.5 , 73.9 , 74.0 , 74.2}
2025-12-22 03:13:38,976 MambaPro.train INFO: best_mAP:{74.8}
2025-12-22 03:13:38,976 MambaPro.train INFO: history_Rank-1:{73.2 , 75.0 , 81.9 , 78.5 , 83.5 , 84.0 , 88.3 , 88.2 , 87.3 , 88.1 , 87.9 , 87.6 , 88.6 , 88.5}
2025-12-22 03:13:38,976 MambaPro.train INFO: best_Rank-1:{88.3}
2025-12-22 03:13:38,976 MambaPro.train INFO: history_Rank-5:{77.6 , 78.1 , 84.2 , 81.4 , 85.8 , 86.5 , 90.0 , 90.3 , 89.3 , 89.9 , 89.8 , 89.7 , 88.9 , 89.6 , 89.2}
2025-12-22 03:13:38,976 MambaPro.train INFO: best_Rank-5:{90.3}
2025-12-22 03:13:38,976 MambaPro.train INFO: history_Rank-10:{80.3 , 80.8 , 85.9 , 83.2 , 87.5 , 88.6 , 90.7 , 92.0 , 90.4 , 90.8 , 91.0 , 90.6 , 89.9 , 90.1 , 89.7 , 91.1}
2025-12-22 03:13:38,976 MambaPro.train INFO: best_Rank-10:{92.0}
2025-12-22 03:13:38,976 MambaPro.train INFO: history_Experts:{[1.00] , [1.00] , [1.00] , [1.00] , [1.00] , [1.00] , [1.00] , [1.00] , [1.00] , [1.00] , [1.00] , [1.00] , [1.00] , [1.00] , [1.00] , [1.00]}
2025-12-22 03:13:38,976 MambaPro.train INFO: best_Experts:{[1.00]}
2025-12-22 03:13:38,976 MambaPro.train INFO: 🔥 MoE损失(Val): 平衡=0.0000, 稀疏性=0.0000, 多样性=0.0000, 总=0.0000 (权重: 平衡=0.010, 稀疏性=0.001, 多样性=0.010)
2025-12-22 03:13:38,976 MambaPro.train INFO:    📊 专家权重分布(Val, 1个专家): [1.00]
2025-12-22 03:15:09,417 MambaPro.train INFO: Epoch 17 done. Time per batch: 0.777[s] Speed: 82.3[samples/s]
2025-12-22 03:16:44,830 MambaPro.train INFO: Validation Results - Epoch: 17
2025-12-22 03:16:44,830 MambaPro.train INFO: Current mAP: 73.7%
2025-12-22 03:16:44,830 MambaPro.train INFO: CMC curve, Rank-1  :88.4%
2025-12-22 03:16:44,830 MambaPro.train INFO: CMC curve, Rank-5  :90.3%
2025-12-22 03:16:44,830 MambaPro.train INFO: CMC curve, Rank-10 :91.0%
2025-12-22 03:16:44,838 MambaPro.train INFO: [Epoch 17] 指标集合列表（历史）
2025-12-22 03:16:44,838 MambaPro.train INFO: history_mAP:{53.6 , 61.4 , 64.6 , 62.7 , 69.2 , 67.6 , 73.7 , 74.3 , 74.8 , 72.4 , 72.8 , 73.9 , 73.5 , 73.9 , 74.0 , 74.2 , 73.7}
2025-12-22 03:16:44,838 MambaPro.train INFO: best_mAP:{74.8}
2025-12-22 03:16:44,838 MambaPro.train INFO: history_Rank-1:{73.2 , 75.0 , 81.9 , 78.5 , 83.5 , 84.0 , 88.3 , 88.2 , 87.3 , 88.1 , 87.9 , 87.6 , 88.6 , 88.5 , 88.4}
2025-12-22 03:16:44,838 MambaPro.train INFO: best_Rank-1:{88.3}
2025-12-22 03:16:44,838 MambaPro.train INFO: history_Rank-5:{77.6 , 78.1 , 84.2 , 81.4 , 85.8 , 86.5 , 90.0 , 90.3 , 89.3 , 89.9 , 89.8 , 89.7 , 88.9 , 89.6 , 89.2 , 90.3}
2025-12-22 03:16:44,838 MambaPro.train INFO: best_Rank-5:{90.3}
2025-12-22 03:16:44,838 MambaPro.train INFO: history_Rank-10:{80.3 , 80.8 , 85.9 , 83.2 , 87.5 , 88.6 , 90.7 , 92.0 , 90.4 , 90.8 , 91.0 , 90.6 , 89.9 , 90.1 , 89.7 , 91.1}
2025-12-22 03:16:44,838 MambaPro.train INFO: best_Rank-10:{92.0}
2025-12-22 03:16:44,838 MambaPro.train INFO: history_Experts:{[1.00] , [1.00] , [1.00] , [1.00] , [1.00] , [1.00] , [1.00] , [1.00] , [1.00] , [1.00] , [1.00] , [1.00] , [1.00] , [1.00] , [1.00] , [1.00] , [1.00]}
2025-12-22 03:16:44,838 MambaPro.train INFO: best_Experts:{[1.00]}
2025-12-22 03:16:44,838 MambaPro.train INFO: 🔥 MoE损失(Val): 平衡=0.0000, 稀疏性=0.0000, 多样性=0.0000, 总=0.0000 (权重: 平衡=0.010, 稀疏性=0.001, 多样性=0.010)
2025-12-22 03:16:44,838 MambaPro.train INFO:    📊 专家权重分布(Val, 1个专家): [1.00]
2025-12-22 03:18:14,445 MambaPro.train INFO: Epoch 18 done. Time per batch: 0.777[s] Speed: 82.4[samples/s]
2025-12-22 03:19:49,829 MambaPro.train INFO: Validation Results - Epoch: 18
2025-12-22 03:19:49,829 MambaPro.train INFO: Current mAP: 74.2%
2025-12-22 03:19:49,829 MambaPro.train INFO: CMC curve, Rank-1  :87.9%
2025-12-22 03:19:49,829 MambaPro.train INFO: CMC curve, Rank-5  :89.2%
2025-12-22 03:19:49,829 MambaPro.train INFO: CMC curve, Rank-10 :89.7%
2025-12-22 03:19:49,836 MambaPro.train INFO: [Epoch 18] 指标集合列表（历史）
2025-12-22 03:19:49,836 MambaPro.train INFO: history_mAP:{53.6 , 61.4 , 64.6 , 62.7 , 69.2 , 67.6 , 73.7 , 74.3 , 74.8 , 72.4 , 72.8 , 73.9 , 73.5 , 73.9 , 74.0 , 74.2 , 73.7 , 74.2}
2025-12-22 03:19:49,836 MambaPro.train INFO: best_mAP:{74.8}
2025-12-22 03:19:49,836 MambaPro.train INFO: history_Rank-1:{73.2 , 75.0 , 81.9 , 78.5 , 83.5 , 84.0 , 88.3 , 88.2 , 87.3 , 88.1 , 87.9 , 87.6 , 88.6 , 88.5 , 88.4}
2025-12-22 03:19:49,836 MambaPro.train INFO: best_Rank-1:{88.3}
2025-12-22 03:19:49,836 MambaPro.train INFO: history_Rank-5:{77.6 , 78.1 , 84.2 , 81.4 , 85.8 , 86.5 , 90.0 , 90.3 , 89.3 , 89.9 , 89.8 , 89.7 , 88.9 , 89.6 , 89.2 , 90.3}
2025-12-22 03:19:49,836 MambaPro.train INFO: best_Rank-5:{90.3}
2025-12-22 03:19:49,836 MambaPro.train INFO: history_Rank-10:{80.3 , 80.8 , 85.9 , 83.2 , 87.5 , 88.6 , 90.7 , 92.0 , 90.4 , 90.8 , 91.0 , 90.6 , 89.9 , 90.1 , 89.7 , 91.1 , 89.7}
2025-12-22 03:19:49,836 MambaPro.train INFO: best_Rank-10:{92.0}
2025-12-22 03:19:49,836 MambaPro.train INFO: history_Experts:{[1.00] , [1.00] , [1.00] , [1.00] , [1.00] , [1.00] , [1.00] , [1.00] , [1.00] , [1.00] , [1.00] , [1.00] , [1.00] , [1.00] , [1.00] , [1.00] , [1.00] , [1.00]}
2025-12-22 03:19:49,836 MambaPro.train INFO: best_Experts:{[1.00]}
2025-12-22 03:19:49,836 MambaPro.train INFO: 🔥 MoE损失(Val): 平衡=0.0000, 稀疏性=0.0000, 多样性=0.0000, 总=0.0000 (权重: 平衡=0.010, 稀疏性=0.001, 多样性=0.010)
2025-12-22 03:19:49,836 MambaPro.train INFO:    📊 专家权重分布(Val, 1个专家): [1.00]
2025-12-22 03:21:21,320 MambaPro.train INFO: Epoch 19 done. Time per batch: 0.780[s] Speed: 82.1[samples/s]
2025-12-22 03:22:56,630 MambaPro.train INFO: Validation Results - Epoch: 19
2025-12-22 03:22:56,630 MambaPro.train INFO: Current mAP: 74.4%
2025-12-22 03:22:56,630 MambaPro.train INFO: CMC curve, Rank-1  :88.5%
2025-12-22 03:22:56,630 MambaPro.train INFO: CMC curve, Rank-5  :90.1%
2025-12-22 03:22:56,630 MambaPro.train INFO: CMC curve, Rank-10 :91.0%
2025-12-22 03:22:56,637 MambaPro.train INFO: [Epoch 19] 指标集合列表（历史）
2025-12-22 03:22:56,637 MambaPro.train INFO: history_mAP:{53.6 , 61.4 , 64.6 , 62.7 , 69.2 , 67.6 , 73.7 , 74.3 , 74.8 , 72.4 , 72.8 , 73.9 , 73.5 , 73.9 , 74.0 , 74.2 , 73.7 , 74.2 , 74.4}
2025-12-22 03:22:56,637 MambaPro.train INFO: best_mAP:{74.8}
2025-12-22 03:22:56,637 MambaPro.train INFO: history_Rank-1:{73.2 , 75.0 , 81.9 , 78.5 , 83.5 , 84.0 , 88.3 , 88.2 , 87.3 , 88.1 , 87.9 , 87.6 , 88.6 , 88.5 , 88.4}
2025-12-22 03:22:56,637 MambaPro.train INFO: best_Rank-1:{88.3}
2025-12-22 03:22:56,638 MambaPro.train INFO: history_Rank-5:{77.6 , 78.1 , 84.2 , 81.4 , 85.8 , 86.5 , 90.0 , 90.3 , 89.3 , 89.9 , 89.8 , 89.7 , 88.9 , 89.6 , 89.2 , 90.3 , 90.1}
2025-12-22 03:22:56,638 MambaPro.train INFO: best_Rank-5:{90.3}
2025-12-22 03:22:56,638 MambaPro.train INFO: history_Rank-10:{80.3 , 80.8 , 85.9 , 83.2 , 87.5 , 88.6 , 90.7 , 92.0 , 90.4 , 90.8 , 91.0 , 90.6 , 89.9 , 90.1 , 89.7 , 91.1 , 89.7}
2025-12-22 03:22:56,638 MambaPro.train INFO: best_Rank-10:{92.0}
2025-12-22 03:22:56,638 MambaPro.train INFO: history_Experts:{[1.00] , [1.00] , [1.00] , [1.00] , [1.00] , [1.00] , [1.00] , [1.00] , [1.00] , [1.00] , [1.00] , [1.00] , [1.00] , [1.00] , [1.00] , [1.00] , [1.00] , [1.00] , [1.00]}
2025-12-22 03:22:56,638 MambaPro.train INFO: best_Experts:{[1.00]}
2025-12-22 03:22:56,638 MambaPro.train INFO: 🔥 MoE损失(Val): 平衡=0.0000, 稀疏性=0.0000, 多样性=0.0000, 总=0.0000 (权重: 平衡=0.010, 稀疏性=0.001, 多样性=0.010)
2025-12-22 03:22:56,638 MambaPro.train INFO:    📊 专家权重分布(Val, 1个专家): [1.00]
2025-12-22 03:24:27,028 MambaPro.train INFO: Epoch 20 done. Time per batch: 0.777[s] Speed: 82.4[samples/s]
2025-12-22 03:26:02,344 MambaPro.train INFO: Validation Results - Epoch: 20
2025-12-22 03:26:02,344 MambaPro.train INFO: Current mAP: 74.4%
2025-12-22 03:26:02,344 MambaPro.train INFO: CMC curve, Rank-1  :88.5%
2025-12-22 03:26:02,344 MambaPro.train INFO: CMC curve, Rank-5  :90.0%
2025-12-22 03:26:02,344 MambaPro.train INFO: CMC curve, Rank-10 :91.4%
2025-12-22 03:26:02,351 MambaPro.train INFO: [Epoch 20] 指标集合列表（历史）
2025-12-22 03:26:02,351 MambaPro.train INFO: history_mAP:{53.6 , 61.4 , 64.6 , 62.7 , 69.2 , 67.6 , 73.7 , 74.3 , 74.8 , 72.4 , 72.8 , 73.9 , 73.5 , 73.9 , 74.0 , 74.2 , 73.7 , 74.2 , 74.4 , 74.4}
2025-12-22 03:26:02,351 MambaPro.train INFO: best_mAP:{74.8}
2025-12-22 03:26:02,351 MambaPro.train INFO: history_Rank-1:{73.2 , 75.0 , 81.9 , 78.5 , 83.5 , 84.0 , 88.3 , 88.2 , 87.3 , 88.1 , 87.9 , 87.6 , 88.6 , 88.5 , 88.4}
2025-12-22 03:26:02,351 MambaPro.train INFO: best_Rank-1:{88.3}
2025-12-22 03:26:02,351 MambaPro.train INFO: history_Rank-5:{77.6 , 78.1 , 84.2 , 81.4 , 85.8 , 86.5 , 90.0 , 90.3 , 89.3 , 89.9 , 89.8 , 89.7 , 88.9 , 89.6 , 89.2 , 90.3 , 90.1}
2025-12-22 03:26:02,351 MambaPro.train INFO: best_Rank-5:{90.3}
2025-12-22 03:26:02,351 MambaPro.train INFO: history_Rank-10:{80.3 , 80.8 , 85.9 , 83.2 , 87.5 , 88.6 , 90.7 , 92.0 , 90.4 , 90.8 , 91.0 , 90.6 , 89.9 , 90.1 , 89.7 , 91.1 , 89.7 , 91.4}
2025-12-22 03:26:02,351 MambaPro.train INFO: best_Rank-10:{92.0}
2025-12-22 03:26:02,351 MambaPro.train INFO: history_Experts:{[1.00] , [1.00] , [1.00] , [1.00] , [1.00] , [1.00] , [1.00] , [1.00] , [1.00] , [1.00] , [1.00] , [1.00] , [1.00] , [1.00] , [1.00] , [1.00] , [1.00] , [1.00] , [1.00] , [1.00]}
2025-12-22 03:26:02,351 MambaPro.train INFO: best_Experts:{[1.00]}
2025-12-22 03:26:02,351 MambaPro.train INFO: 🔥 MoE损失(Val): 平衡=0.0000, 稀疏性=0.0000, 多样性=0.0000, 总=0.0000 (权重: 平衡=0.010, 稀疏性=0.001, 多样性=0.010)
2025-12-22 03:26:02,351 MambaPro.train INFO:    📊 专家权重分布(Val, 1个专家): [1.00]
2025-12-22 03:27:32,775 MambaPro.train INFO: Epoch 21 done. Time per batch: 0.777[s] Speed: 82.3[samples/s]
2025-12-22 03:29:08,163 MambaPro.train INFO: Validation Results - Epoch: 21
2025-12-22 03:29:08,163 MambaPro.train INFO: Current mAP: 73.7%
2025-12-22 03:29:08,163 MambaPro.train INFO: CMC curve, Rank-1  :88.0%
2025-12-22 03:29:08,163 MambaPro.train INFO: CMC curve, Rank-5  :89.4%
2025-12-22 03:29:08,163 MambaPro.train INFO: CMC curve, Rank-10 :91.0%
2025-12-22 03:29:08,170 MambaPro.train INFO: [Epoch 21] 指标集合列表（历史）
2025-12-22 03:29:08,170 MambaPro.train INFO: history_mAP:{53.6 , 61.4 , 64.6 , 62.7 , 69.2 , 67.6 , 73.7 , 74.3 , 74.8 , 72.4 , 72.8 , 73.9 , 73.5 , 73.9 , 74.0 , 74.2 , 73.7 , 74.2 , 74.4 , 74.4 , 73.7}
2025-12-22 03:29:08,170 MambaPro.train INFO: best_mAP:{74.8}
2025-12-22 03:29:08,170 MambaPro.train INFO: history_Rank-1:{73.2 , 75.0 , 81.9 , 78.5 , 83.5 , 84.0 , 88.3 , 88.2 , 87.3 , 88.1 , 87.9 , 87.6 , 88.6 , 88.5 , 88.4 , 88.0}
2025-12-22 03:29:08,170 MambaPro.train INFO: best_Rank-1:{88.3}
2025-12-22 03:29:08,170 MambaPro.train INFO: history_Rank-5:{77.6 , 78.1 , 84.2 , 81.4 , 85.8 , 86.5 , 90.0 , 90.3 , 89.3 , 89.9 , 89.8 , 89.7 , 88.9 , 89.6 , 89.2 , 90.3 , 90.1 , 89.4}
2025-12-22 03:29:08,170 MambaPro.train INFO: best_Rank-5:{90.3}
2025-12-22 03:29:08,170 MambaPro.train INFO: history_Rank-10:{80.3 , 80.8 , 85.9 , 83.2 , 87.5 , 88.6 , 90.7 , 92.0 , 90.4 , 90.8 , 91.0 , 90.6 , 89.9 , 90.1 , 89.7 , 91.1 , 89.7 , 91.4}
2025-12-22 03:29:08,170 MambaPro.train INFO: best_Rank-10:{92.0}
2025-12-22 03:29:08,170 MambaPro.train INFO: history_Experts:{[1.00] , [1.00] , [1.00] , [1.00] , [1.00] , [1.00] , [1.00] , [1.00] , [1.00] , [1.00] , [1.00] , [1.00] , [1.00] , [1.00] , [1.00] , [1.00] , [1.00] , [1.00] , [1.00] , [1.00] , [1.00]}
2025-12-22 03:29:08,170 MambaPro.train INFO: best_Experts:{[1.00]}
2025-12-22 03:29:08,170 MambaPro.train INFO: 🔥 MoE损失(Val): 平衡=0.0000, 稀疏性=0.0000, 多样性=0.0000, 总=0.0000 (权重: 平衡=0.010, 稀疏性=0.001, 多样性=0.010)
2025-12-22 03:29:08,170 MambaPro.train INFO:    📊 专家权重分布(Val, 1个专家): [1.00]
2025-12-22 03:30:38,684 MambaPro.train INFO: Epoch 22 done. Time per batch: 0.778[s] Speed: 82.3[samples/s]
2025-12-22 03:32:14,049 MambaPro.train INFO: Validation Results - Epoch: 22
2025-12-22 03:32:14,049 MambaPro.train INFO: Current mAP: 74.5%
2025-12-22 03:32:14,049 MambaPro.train INFO: CMC curve, Rank-1  :88.3%
2025-12-22 03:32:14,049 MambaPro.train INFO: CMC curve, Rank-5  :89.9%
2025-12-22 03:32:14,049 MambaPro.train INFO: CMC curve, Rank-10 :90.5%
2025-12-22 03:32:14,057 MambaPro.train INFO: [Epoch 22] 指标集合列表（历史）
2025-12-22 03:32:14,057 MambaPro.train INFO: history_mAP:{53.6 , 61.4 , 64.6 , 62.7 , 69.2 , 67.6 , 73.7 , 74.3 , 74.8 , 72.4 , 72.8 , 73.9 , 73.5 , 73.9 , 74.0 , 74.2 , 73.7 , 74.2 , 74.4 , 74.4 , 73.7 , 74.5}
2025-12-22 03:32:14,057 MambaPro.train INFO: best_mAP:{74.8}
2025-12-22 03:32:14,057 MambaPro.train INFO: history_Rank-1:{73.2 , 75.0 , 81.9 , 78.5 , 83.5 , 84.0 , 88.3 , 88.2 , 87.3 , 88.1 , 87.9 , 87.6 , 88.6 , 88.5 , 88.4 , 88.0 , 88.3}
2025-12-22 03:32:14,057 MambaPro.train INFO: best_Rank-1:{88.3}
2025-12-22 03:32:14,057 MambaPro.train INFO: history_Rank-5:{77.6 , 78.1 , 84.2 , 81.4 , 85.8 , 86.5 , 90.0 , 90.3 , 89.3 , 89.9 , 89.8 , 89.7 , 88.9 , 89.6 , 89.2 , 90.3 , 90.1 , 89.4}
2025-12-22 03:32:14,057 MambaPro.train INFO: best_Rank-5:{90.3}
2025-12-22 03:32:14,057 MambaPro.train INFO: history_Rank-10:{80.3 , 80.8 , 85.9 , 83.2 , 87.5 , 88.6 , 90.7 , 92.0 , 90.4 , 90.8 , 91.0 , 90.6 , 89.9 , 90.1 , 89.7 , 91.1 , 89.7 , 91.4 , 90.5}
2025-12-22 03:32:14,057 MambaPro.train INFO: best_Rank-10:{92.0}
2025-12-22 03:32:14,057 MambaPro.train INFO: history_Experts:{[1.00] , [1.00] , [1.00] , [1.00] , [1.00] , [1.00] , [1.00] , [1.00] , [1.00] , [1.00] , [1.00] , [1.00] , [1.00] , [1.00] , [1.00] , [1.00] , [1.00] , [1.00] , [1.00] , [1.00] , [1.00] , [1.00]}
2025-12-22 03:32:14,057 MambaPro.train INFO: best_Experts:{[1.00]}
2025-12-22 03:32:14,057 MambaPro.train INFO: 🔥 MoE损失(Val): 平衡=0.0000, 稀疏性=0.0000, 多样性=0.0000, 总=0.0000 (权重: 平衡=0.010, 稀疏性=0.001, 多样性=0.010)
2025-12-22 03:32:14,057 MambaPro.train INFO:    📊 专家权重分布(Val, 1个专家): [1.00]
2025-12-22 03:33:44,524 MambaPro.train INFO: Epoch 23 done. Time per batch: 0.778[s] Speed: 82.3[samples/s]
2025-12-22 03:35:19,871 MambaPro.train INFO: Validation Results - Epoch: 23
2025-12-22 03:35:19,871 MambaPro.train INFO: Current mAP: 74.0%
2025-12-22 03:35:19,871 MambaPro.train INFO: CMC curve, Rank-1  :87.8%
2025-12-22 03:35:19,871 MambaPro.train INFO: CMC curve, Rank-5  :89.7%
2025-12-22 03:35:19,871 MambaPro.train INFO: CMC curve, Rank-10 :90.6%
2025-12-22 03:35:19,878 MambaPro.train INFO: [Epoch 23] 指标集合列表（历史）
2025-12-22 03:35:19,879 MambaPro.train INFO: history_mAP:{53.6 , 61.4 , 64.6 , 62.7 , 69.2 , 67.6 , 73.7 , 74.3 , 74.8 , 72.4 , 72.8 , 73.9 , 73.5 , 73.9 , 74.0 , 74.2 , 73.7 , 74.2 , 74.4 , 74.4 , 73.7 , 74.5 , 74.0}
2025-12-22 03:35:19,879 MambaPro.train INFO: best_mAP:{74.8}
2025-12-22 03:35:19,879 MambaPro.train INFO: history_Rank-1:{73.2 , 75.0 , 81.9 , 78.5 , 83.5 , 84.0 , 88.3 , 88.2 , 87.3 , 88.1 , 87.9 , 87.6 , 88.6 , 88.5 , 88.4 , 88.0 , 88.3 , 87.8}
2025-12-22 03:35:19,879 MambaPro.train INFO: best_Rank-1:{88.3}
2025-12-22 03:35:19,879 MambaPro.train INFO: history_Rank-5:{77.6 , 78.1 , 84.2 , 81.4 , 85.8 , 86.5 , 90.0 , 90.3 , 89.3 , 89.9 , 89.8 , 89.7 , 88.9 , 89.6 , 89.2 , 90.3 , 90.1 , 89.4 , 89.7}
2025-12-22 03:35:19,879 MambaPro.train INFO: best_Rank-5:{90.3}
2025-12-22 03:35:19,879 MambaPro.train INFO: history_Rank-10:{80.3 , 80.8 , 85.9 , 83.2 , 87.5 , 88.6 , 90.7 , 92.0 , 90.4 , 90.8 , 91.0 , 90.6 , 89.9 , 90.1 , 89.7 , 91.1 , 89.7 , 91.4 , 90.5}
2025-12-22 03:35:19,879 MambaPro.train INFO: best_Rank-10:{92.0}
2025-12-22 03:35:19,879 MambaPro.train INFO: history_Experts:{[1.00] , [1.00] , [1.00] , [1.00] , [1.00] , [1.00] , [1.00] , [1.00] , [1.00] , [1.00] , [1.00] , [1.00] , [1.00] , [1.00] , [1.00] , [1.00] , [1.00] , [1.00] , [1.00] , [1.00] , [1.00] , [1.00] , [1.00]}
2025-12-22 03:35:19,879 MambaPro.train INFO: best_Experts:{[1.00]}
2025-12-22 03:35:19,879 MambaPro.train INFO: 🔥 MoE损失(Val): 平衡=0.0000, 稀疏性=0.0000, 多样性=0.0000, 总=0.0000 (权重: 平衡=0.010, 稀疏性=0.001, 多样性=0.010)
2025-12-22 03:35:19,879 MambaPro.train INFO:    📊 专家权重分布(Val, 1个专家): [1.00]
2025-12-22 03:36:50,454 MambaPro.train INFO: Epoch 24 done. Time per batch: 0.779[s] Speed: 82.2[samples/s]
2025-12-22 03:38:25,784 MambaPro.train INFO: Validation Results - Epoch: 24
2025-12-22 03:38:25,784 MambaPro.train INFO: Current mAP: 73.9%
2025-12-22 03:38:25,784 MambaPro.train INFO: CMC curve, Rank-1  :87.9%
2025-12-22 03:38:25,784 MambaPro.train INFO: CMC curve, Rank-5  :90.0%
2025-12-22 03:38:25,784 MambaPro.train INFO: CMC curve, Rank-10 :90.8%
2025-12-22 03:38:25,791 MambaPro.train INFO: [Epoch 24] 指标集合列表（历史）
2025-12-22 03:38:25,791 MambaPro.train INFO: history_mAP:{53.6 , 61.4 , 64.6 , 62.7 , 69.2 , 67.6 , 73.7 , 74.3 , 74.8 , 72.4 , 72.8 , 73.9 , 73.5 , 73.9 , 74.0 , 74.2 , 73.7 , 74.2 , 74.4 , 74.4 , 73.7 , 74.5 , 74.0 , 73.9}
2025-12-22 03:38:25,791 MambaPro.train INFO: best_mAP:{74.8}
2025-12-22 03:38:25,791 MambaPro.train INFO: history_Rank-1:{73.2 , 75.0 , 81.9 , 78.5 , 83.5 , 84.0 , 88.3 , 88.2 , 87.3 , 88.1 , 87.9 , 87.6 , 88.6 , 88.5 , 88.4 , 88.0 , 88.3 , 87.8}
2025-12-22 03:38:25,791 MambaPro.train INFO: best_Rank-1:{88.3}
2025-12-22 03:38:25,791 MambaPro.train INFO: history_Rank-5:{77.6 , 78.1 , 84.2 , 81.4 , 85.8 , 86.5 , 90.0 , 90.3 , 89.3 , 89.9 , 89.8 , 89.7 , 88.9 , 89.6 , 89.2 , 90.3 , 90.1 , 89.4 , 89.7}
2025-12-22 03:38:25,791 MambaPro.train INFO: best_Rank-5:{90.3}
2025-12-22 03:38:25,791 MambaPro.train INFO: history_Rank-10:{80.3 , 80.8 , 85.9 , 83.2 , 87.5 , 88.6 , 90.7 , 92.0 , 90.4 , 90.8 , 91.0 , 90.6 , 89.9 , 90.1 , 89.7 , 91.1 , 89.7 , 91.4 , 90.5}
2025-12-22 03:38:25,791 MambaPro.train INFO: best_Rank-10:{92.0}
2025-12-22 03:38:25,791 MambaPro.train INFO: history_Experts:{[1.00] , [1.00] , [1.00] , [1.00] , [1.00] , [1.00] , [1.00] , [1.00] , [1.00] , [1.00] , [1.00] , [1.00] , [1.00] , [1.00] , [1.00] , [1.00] , [1.00] , [1.00] , [1.00] , [1.00] , [1.00] , [1.00] , [1.00] , [1.00]}
2025-12-22 03:38:25,792 MambaPro.train INFO: best_Experts:{[1.00]}
2025-12-22 03:38:25,792 MambaPro.train INFO: 🔥 MoE损失(Val): 平衡=0.0000, 稀疏性=0.0000, 多样性=0.0000, 总=0.0000 (权重: 平衡=0.010, 稀疏性=0.001, 多样性=0.010)
2025-12-22 03:38:25,792 MambaPro.train INFO:    📊 专家权重分布(Val, 1个专家): [1.00]
2025-12-22 03:39:57,075 MambaPro.train INFO: Epoch 25 done. Time per batch: 0.778[s] Speed: 82.3[samples/s]
2025-12-22 03:41:32,385 MambaPro.train INFO: Validation Results - Epoch: 25
2025-12-22 03:41:32,386 MambaPro.train INFO: Current mAP: 74.0%
2025-12-22 03:41:32,386 MambaPro.train INFO: CMC curve, Rank-1  :88.2%
2025-12-22 03:41:32,386 MambaPro.train INFO: CMC curve, Rank-5  :89.9%
2025-12-22 03:41:32,386 MambaPro.train INFO: CMC curve, Rank-10 :90.8%
2025-12-22 03:41:32,392 MambaPro.train INFO: [Epoch 25] 指标集合列表（历史）
2025-12-22 03:41:32,392 MambaPro.train INFO: history_mAP:{53.6 , 61.4 , 64.6 , 62.7 , 69.2 , 67.6 , 73.7 , 74.3 , 74.8 , 72.4 , 72.8 , 73.9 , 73.5 , 73.9 , 74.0 , 74.2 , 73.7 , 74.2 , 74.4 , 74.4 , 73.7 , 74.5 , 74.0 , 73.9 , 74.0}
2025-12-22 03:41:32,392 MambaPro.train INFO: best_mAP:{74.8}
2025-12-22 03:41:32,392 MambaPro.train INFO: history_Rank-1:{73.2 , 75.0 , 81.9 , 78.5 , 83.5 , 84.0 , 88.3 , 88.2 , 87.3 , 88.1 , 87.9 , 87.6 , 88.6 , 88.5 , 88.4 , 88.0 , 88.3 , 87.8 , 88.2}
2025-12-22 03:41:32,393 MambaPro.train INFO: best_Rank-1:{88.3}
2025-12-22 03:41:32,393 MambaPro.train INFO: history_Rank-5:{77.6 , 78.1 , 84.2 , 81.4 , 85.8 , 86.5 , 90.0 , 90.3 , 89.3 , 89.9 , 89.8 , 89.7 , 88.9 , 89.6 , 89.2 , 90.3 , 90.1 , 89.4 , 89.7 , 89.9}
2025-12-22 03:41:32,393 MambaPro.train INFO: best_Rank-5:{90.3}
2025-12-22 03:41:32,393 MambaPro.train INFO: history_Rank-10:{80.3 , 80.8 , 85.9 , 83.2 , 87.5 , 88.6 , 90.7 , 92.0 , 90.4 , 90.8 , 91.0 , 90.6 , 89.9 , 90.1 , 89.7 , 91.1 , 89.7 , 91.4 , 90.5}
2025-12-22 03:41:32,393 MambaPro.train INFO: best_Rank-10:{92.0}
2025-12-22 03:41:32,393 MambaPro.train INFO: history_Experts:{[1.00] , [1.00] , [1.00] , [1.00] , [1.00] , [1.00] , [1.00] , [1.00] , [1.00] , [1.00] , [1.00] , [1.00] , [1.00] , [1.00] , [1.00] , [1.00] , [1.00] , [1.00] , [1.00] , [1.00] , [1.00] , [1.00] , [1.00] , [1.00] , [1.00]}
2025-12-22 03:41:32,393 MambaPro.train INFO: best_Experts:{[1.00]}
2025-12-22 03:41:32,393 MambaPro.train INFO: 🔥 MoE损失(Val): 平衡=0.0000, 稀疏性=0.0000, 多样性=0.0000, 总=0.0000 (权重: 平衡=0.010, 稀疏性=0.001, 多样性=0.010)
2025-12-22 03:41:32,393 MambaPro.train INFO:    📊 专家权重分布(Val, 1个专家): [1.00]
2025-12-22 03:43:02,973 MambaPro.train INFO: Epoch 26 done. Time per batch: 0.779[s] Speed: 82.2[samples/s]
2025-12-22 03:44:38,512 MambaPro.train INFO: Validation Results - Epoch: 26
2025-12-22 03:44:38,512 MambaPro.train INFO: Current mAP: 74.1%
2025-12-22 03:44:38,512 MambaPro.train INFO: CMC curve, Rank-1  :88.2%
2025-12-22 03:44:38,512 MambaPro.train INFO: CMC curve, Rank-5  :89.9%
2025-12-22 03:44:38,512 MambaPro.train INFO: CMC curve, Rank-10 :91.0%
2025-12-22 03:44:38,520 MambaPro.train INFO: [Epoch 26] 指标集合列表（历史）
2025-12-22 03:44:38,520 MambaPro.train INFO: history_mAP:{53.6 , 61.4 , 64.6 , 62.7 , 69.2 , 67.6 , 73.7 , 74.3 , 74.8 , 72.4 , 72.8 , 73.9 , 73.5 , 73.9 , 74.0 , 74.2 , 73.7 , 74.2 , 74.4 , 74.4 , 73.7 , 74.5 , 74.0 , 73.9 , 74.0 , 74.1}
2025-12-22 03:44:38,520 MambaPro.train INFO: best_mAP:{74.8}
2025-12-22 03:44:38,520 MambaPro.train INFO: history_Rank-1:{73.2 , 75.0 , 81.9 , 78.5 , 83.5 , 84.0 , 88.3 , 88.2 , 87.3 , 88.1 , 87.9 , 87.6 , 88.6 , 88.5 , 88.4 , 88.0 , 88.3 , 87.8 , 88.2}
2025-12-22 03:44:38,520 MambaPro.train INFO: best_Rank-1:{88.3}
2025-12-22 03:44:38,520 MambaPro.train INFO: history_Rank-5:{77.6 , 78.1 , 84.2 , 81.4 , 85.8 , 86.5 , 90.0 , 90.3 , 89.3 , 89.9 , 89.8 , 89.7 , 88.9 , 89.6 , 89.2 , 90.3 , 90.1 , 89.4 , 89.7 , 89.9}
2025-12-22 03:44:38,520 MambaPro.train INFO: best_Rank-5:{90.3}
2025-12-22 03:44:38,520 MambaPro.train INFO: history_Rank-10:{80.3 , 80.8 , 85.9 , 83.2 , 87.5 , 88.6 , 90.7 , 92.0 , 90.4 , 90.8 , 91.0 , 90.6 , 89.9 , 90.1 , 89.7 , 91.1 , 89.7 , 91.4 , 90.5}
2025-12-22 03:44:38,520 MambaPro.train INFO: best_Rank-10:{92.0}
2025-12-22 03:44:38,520 MambaPro.train INFO: history_Experts:{[1.00] , [1.00] , [1.00] , [1.00] , [1.00] , [1.00] , [1.00] , [1.00] , [1.00] , [1.00] , [1.00] , [1.00] , [1.00] , [1.00] , [1.00] , [1.00] , [1.00] , [1.00] , [1.00] , [1.00] , [1.00] , [1.00] , [1.00] , [1.00] , [1.00] , [1.00]}
2025-12-22 03:44:38,520 MambaPro.train INFO: best_Experts:{[1.00]}
2025-12-22 03:44:38,520 MambaPro.train INFO: 🔥 MoE损失(Val): 平衡=0.0000, 稀疏性=0.0000, 多样性=0.0000, 总=0.0000 (权重: 平衡=0.010, 稀疏性=0.001, 多样性=0.010)
2025-12-22 03:44:38,520 MambaPro.train INFO:    📊 专家权重分布(Val, 1个专家): [1.00]
2025-12-22 03:46:09,103 MambaPro.train INFO: Epoch 27 done. Time per batch: 0.779[s] Speed: 82.2[samples/s]
2025-12-22 03:47:44,374 MambaPro.train INFO: Validation Results - Epoch: 27
2025-12-22 03:47:44,375 MambaPro.train INFO: Current mAP: 74.2%
2025-12-22 03:47:44,375 MambaPro.train INFO: CMC curve, Rank-1  :88.4%
2025-12-22 03:47:44,375 MambaPro.train INFO: CMC curve, Rank-5  :90.0%
2025-12-22 03:47:44,375 MambaPro.train INFO: CMC curve, Rank-10 :90.9%
2025-12-22 03:47:44,381 MambaPro.train INFO: [Epoch 27] 指标集合列表（历史）
2025-12-22 03:47:44,381 MambaPro.train INFO: history_mAP:{53.6 , 61.4 , 64.6 , 62.7 , 69.2 , 67.6 , 73.7 , 74.3 , 74.8 , 72.4 , 72.8 , 73.9 , 73.5 , 73.9 , 74.0 , 74.2 , 73.7 , 74.2 , 74.4 , 74.4 , 73.7 , 74.5 , 74.0 , 73.9 , 74.0 , 74.1 , 74.2}
2025-12-22 03:47:44,381 MambaPro.train INFO: best_mAP:{74.8}
2025-12-22 03:47:44,381 MambaPro.train INFO: history_Rank-1:{73.2 , 75.0 , 81.9 , 78.5 , 83.5 , 84.0 , 88.3 , 88.2 , 87.3 , 88.1 , 87.9 , 87.6 , 88.6 , 88.5 , 88.4 , 88.0 , 88.3 , 87.8 , 88.2}
2025-12-22 03:47:44,381 MambaPro.train INFO: best_Rank-1:{88.3}
2025-12-22 03:47:44,381 MambaPro.train INFO: history_Rank-5:{77.6 , 78.1 , 84.2 , 81.4 , 85.8 , 86.5 , 90.0 , 90.3 , 89.3 , 89.9 , 89.8 , 89.7 , 88.9 , 89.6 , 89.2 , 90.3 , 90.1 , 89.4 , 89.7 , 89.9}
2025-12-22 03:47:44,381 MambaPro.train INFO: best_Rank-5:{90.3}
2025-12-22 03:47:44,381 MambaPro.train INFO: history_Rank-10:{80.3 , 80.8 , 85.9 , 83.2 , 87.5 , 88.6 , 90.7 , 92.0 , 90.4 , 90.8 , 91.0 , 90.6 , 89.9 , 90.1 , 89.7 , 91.1 , 89.7 , 91.4 , 90.5 , 90.9}
2025-12-22 03:47:44,382 MambaPro.train INFO: best_Rank-10:{92.0}
2025-12-22 03:47:44,382 MambaPro.train INFO: history_Experts:{[1.00] , [1.00] , [1.00] , [1.00] , [1.00] , [1.00] , [1.00] , [1.00] , [1.00] , [1.00] , [1.00] , [1.00] , [1.00] , [1.00] , [1.00] , [1.00] , [1.00] , [1.00] , [1.00] , [1.00] , [1.00] , [1.00] , [1.00] , [1.00] , [1.00] , [1.00] , [1.00]}
2025-12-22 03:47:44,382 MambaPro.train INFO: best_Experts:{[1.00]}
2025-12-22 03:47:44,382 MambaPro.train INFO: 🔥 MoE损失(Val): 平衡=0.0000, 稀疏性=0.0000, 多样性=0.0000, 总=0.0000 (权重: 平衡=0.010, 稀疏性=0.001, 多样性=0.010)
2025-12-22 03:47:44,382 MambaPro.train INFO:    📊 专家权重分布(Val, 1个专家): [1.00]
2025-12-22 03:49:15,763 MambaPro.train INFO: Epoch 28 done. Time per batch: 0.779[s] Speed: 82.2[samples/s]
2025-12-22 03:50:51,099 MambaPro.train INFO: Validation Results - Epoch: 28
2025-12-22 03:50:51,099 MambaPro.train INFO: Current mAP: 74.2%
2025-12-22 03:50:51,099 MambaPro.train INFO: CMC curve, Rank-1  :88.3%
2025-12-22 03:50:51,099 MambaPro.train INFO: CMC curve, Rank-5  :90.1%
2025-12-22 03:50:51,099 MambaPro.train INFO: CMC curve, Rank-10 :90.8%
2025-12-22 03:50:51,106 MambaPro.train INFO: [Epoch 28] 指标集合列表（历史）
2025-12-22 03:50:51,106 MambaPro.train INFO: history_mAP:{53.6 , 61.4 , 64.6 , 62.7 , 69.2 , 67.6 , 73.7 , 74.3 , 74.8 , 72.4 , 72.8 , 73.9 , 73.5 , 73.9 , 74.0 , 74.2 , 73.7 , 74.2 , 74.4 , 74.4 , 73.7 , 74.5 , 74.0 , 73.9 , 74.0 , 74.1 , 74.2 , 74.2}
2025-12-22 03:50:51,106 MambaPro.train INFO: best_mAP:{74.8}
2025-12-22 03:50:51,106 MambaPro.train INFO: history_Rank-1:{73.2 , 75.0 , 81.9 , 78.5 , 83.5 , 84.0 , 88.3 , 88.2 , 87.3 , 88.1 , 87.9 , 87.6 , 88.6 , 88.5 , 88.4 , 88.0 , 88.3 , 87.8 , 88.2}
2025-12-22 03:50:51,107 MambaPro.train INFO: best_Rank-1:{88.3}
2025-12-22 03:50:51,107 MambaPro.train INFO: history_Rank-5:{77.6 , 78.1 , 84.2 , 81.4 , 85.8 , 86.5 , 90.0 , 90.3 , 89.3 , 89.9 , 89.8 , 89.7 , 88.9 , 89.6 , 89.2 , 90.3 , 90.1 , 89.4 , 89.7 , 89.9 , 90.1}
2025-12-22 03:50:51,107 MambaPro.train INFO: best_Rank-5:{90.3}
2025-12-22 03:50:51,107 MambaPro.train INFO: history_Rank-10:{80.3 , 80.8 , 85.9 , 83.2 , 87.5 , 88.6 , 90.7 , 92.0 , 90.4 , 90.8 , 91.0 , 90.6 , 89.9 , 90.1 , 89.7 , 91.1 , 89.7 , 91.4 , 90.5 , 90.9 , 90.8}
2025-12-22 03:50:51,107 MambaPro.train INFO: best_Rank-10:{92.0}
2025-12-22 03:50:51,107 MambaPro.train INFO: history_Experts:{[1.00] , [1.00] , [1.00] , [1.00] , [1.00] , [1.00] , [1.00] , [1.00] , [1.00] , [1.00] , [1.00] , [1.00] , [1.00] , [1.00] , [1.00] , [1.00] , [1.00] , [1.00] , [1.00] , [1.00] , [1.00] , [1.00] , [1.00] , [1.00] , [1.00] , [1.00] , [1.00] , [1.00]}
2025-12-22 03:50:51,107 MambaPro.train INFO: best_Experts:{[1.00]}
2025-12-22 03:50:51,107 MambaPro.train INFO: 🔥 MoE损失(Val): 平衡=0.0000, 稀疏性=0.0000, 多样性=0.0000, 总=0.0000 (权重: 平衡=0.010, 稀疏性=0.001, 多样性=0.010)
2025-12-22 03:50:51,107 MambaPro.train INFO:    📊 专家权重分布(Val, 1个专家): [1.00]
2025-12-22 03:52:22,416 MambaPro.train INFO: Epoch 29 done. Time per batch: 0.778[s] Speed: 82.2[samples/s]
2025-12-22 03:53:57,799 MambaPro.train INFO: Validation Results - Epoch: 29
2025-12-22 03:53:57,799 MambaPro.train INFO: Current mAP: 74.1%
2025-12-22 03:53:57,799 MambaPro.train INFO: CMC curve, Rank-1  :88.2%
2025-12-22 03:53:57,799 MambaPro.train INFO: CMC curve, Rank-5  :90.1%
2025-12-22 03:53:57,799 MambaPro.train INFO: CMC curve, Rank-10 :90.9%
2025-12-22 03:53:57,807 MambaPro.train INFO: [Epoch 29] 指标集合列表（历史）
2025-12-22 03:53:57,807 MambaPro.train INFO: history_mAP:{53.6 , 61.4 , 64.6 , 62.7 , 69.2 , 67.6 , 73.7 , 74.3 , 74.8 , 72.4 , 72.8 , 73.9 , 73.5 , 73.9 , 74.0 , 74.2 , 73.7 , 74.2 , 74.4 , 74.4 , 73.7 , 74.5 , 74.0 , 73.9 , 74.0 , 74.1 , 74.2 , 74.2 , 74.1}
2025-12-22 03:53:57,807 MambaPro.train INFO: best_mAP:{74.8}
2025-12-22 03:53:57,807 MambaPro.train INFO: history_Rank-1:{73.2 , 75.0 , 81.9 , 78.5 , 83.5 , 84.0 , 88.3 , 88.2 , 87.3 , 88.1 , 87.9 , 87.6 , 88.6 , 88.5 , 88.4 , 88.0 , 88.3 , 87.8 , 88.2}
2025-12-22 03:53:57,807 MambaPro.train INFO: best_Rank-1:{88.3}
2025-12-22 03:53:57,807 MambaPro.train INFO: history_Rank-5:{77.6 , 78.1 , 84.2 , 81.4 , 85.8 , 86.5 , 90.0 , 90.3 , 89.3 , 89.9 , 89.8 , 89.7 , 88.9 , 89.6 , 89.2 , 90.3 , 90.1 , 89.4 , 89.7 , 89.9 , 90.1}
2025-12-22 03:53:57,807 MambaPro.train INFO: best_Rank-5:{90.3}
2025-12-22 03:53:57,807 MambaPro.train INFO: history_Rank-10:{80.3 , 80.8 , 85.9 , 83.2 , 87.5 , 88.6 , 90.7 , 92.0 , 90.4 , 90.8 , 91.0 , 90.6 , 89.9 , 90.1 , 89.7 , 91.1 , 89.7 , 91.4 , 90.5 , 90.9 , 90.8}
2025-12-22 03:53:57,807 MambaPro.train INFO: best_Rank-10:{92.0}
2025-12-22 03:53:57,807 MambaPro.train INFO: history_Experts:{[1.00] , [1.00] , [1.00] , [1.00] , [1.00] , [1.00] , [1.00] , [1.00] , [1.00] , [1.00] , [1.00] , [1.00] , [1.00] , [1.00] , [1.00] , [1.00] , [1.00] , [1.00] , [1.00] , [1.00] , [1.00] , [1.00] , [1.00] , [1.00] , [1.00] , [1.00] , [1.00] , [1.00] , [1.00]}
2025-12-22 03:53:57,807 MambaPro.train INFO: best_Experts:{[1.00]}
2025-12-22 03:53:57,807 MambaPro.train INFO: 🔥 MoE损失(Val): 平衡=0.0000, 稀疏性=0.0000, 多样性=0.0000, 总=0.0000 (权重: 平衡=0.010, 稀疏性=0.001, 多样性=0.010)
2025-12-22 03:53:57,807 MambaPro.train INFO:    📊 专家权重分布(Val, 1个专家): [1.00]
2025-12-22 03:55:28,392 MambaPro.train INFO: Epoch 30 done. Time per batch: 0.779[s] Speed: 82.2[samples/s]
2025-12-22 03:57:03,690 MambaPro.train INFO: Validation Results - Epoch: 30
2025-12-22 03:57:03,690 MambaPro.train INFO: Current mAP: 74.1%
2025-12-22 03:57:03,690 MambaPro.train INFO: CMC curve, Rank-1  :88.2%
2025-12-22 03:57:03,690 MambaPro.train INFO: CMC curve, Rank-5  :90.1%
2025-12-22 03:57:03,690 MambaPro.train INFO: CMC curve, Rank-10 :90.8%
2025-12-22 03:57:03,698 MambaPro.train INFO: [Epoch 30] 指标集合列表（历史）
2025-12-22 03:57:03,699 MambaPro.train INFO: history_mAP:{53.6 , 61.4 , 64.6 , 62.7 , 69.2 , 67.6 , 73.7 , 74.3 , 74.8 , 72.4 , 72.8 , 73.9 , 73.5 , 73.9 , 74.0 , 74.2 , 73.7 , 74.2 , 74.4 , 74.4 , 73.7 , 74.5 , 74.0 , 73.9 , 74.0 , 74.1 , 74.2 , 74.2 , 74.1 , 74.1}
2025-12-22 03:57:03,699 MambaPro.train INFO: best_mAP:{74.8}
2025-12-22 03:57:03,699 MambaPro.train INFO: history_Rank-1:{73.2 , 75.0 , 81.9 , 78.5 , 83.5 , 84.0 , 88.3 , 88.2 , 87.3 , 88.1 , 87.9 , 87.6 , 88.6 , 88.5 , 88.4 , 88.0 , 88.3 , 87.8 , 88.2}
2025-12-22 03:57:03,699 MambaPro.train INFO: best_Rank-1:{88.3}
2025-12-22 03:57:03,699 MambaPro.train INFO: history_Rank-5:{77.6 , 78.1 , 84.2 , 81.4 , 85.8 , 86.5 , 90.0 , 90.3 , 89.3 , 89.9 , 89.8 , 89.7 , 88.9 , 89.6 , 89.2 , 90.3 , 90.1 , 89.4 , 89.7 , 89.9 , 90.1}
2025-12-22 03:57:03,699 MambaPro.train INFO: best_Rank-5:{90.3}
2025-12-22 03:57:03,699 MambaPro.train INFO: history_Rank-10:{80.3 , 80.8 , 85.9 , 83.2 , 87.5 , 88.6 , 90.7 , 92.0 , 90.4 , 90.8 , 91.0 , 90.6 , 89.9 , 90.1 , 89.7 , 91.1 , 89.7 , 91.4 , 90.5 , 90.9 , 90.8}
2025-12-22 03:57:03,699 MambaPro.train INFO: best_Rank-10:{92.0}
2025-12-22 03:57:03,699 MambaPro.train INFO: history_Experts:{[1.00] , [1.00] , [1.00] , [1.00] , [1.00] , [1.00] , [1.00] , [1.00] , [1.00] , [1.00] , [1.00] , [1.00] , [1.00] , [1.00] , [1.00] , [1.00] , [1.00] , [1.00] , [1.00] , [1.00] , [1.00] , [1.00] , [1.00] , [1.00] , [1.00] , [1.00] , [1.00] , [1.00] , [1.00] , [1.00]}
2025-12-22 03:57:03,699 MambaPro.train INFO: best_Experts:{[1.00]}
2025-12-22 03:57:03,699 MambaPro.train INFO: 🔥 MoE损失(Val): 平衡=0.0000, 稀疏性=0.0000, 多样性=0.0000, 总=0.0000 (权重: 平衡=0.010, 稀疏性=0.001, 多样性=0.010)
2025-12-22 03:57:03,699 MambaPro.train INFO:    📊 专家权重分布(Val, 1个专家): [1.00]
2025-12-22 03:57:03,959 MambaPro.train INFO: ============================================================
