2025-12-12 07:48:42,338 MambaPro INFO: ================================================================================
2025-12-12 07:48:42,338 MambaPro INFO: 🧾 实验参数快照（命令行 + 最终配置）
2025-12-12 07:48:42,338 MambaPro INFO: ================================================================================
2025-12-12 07:48:42,338 MambaPro INFO: 【复现实验命令】
2025-12-12 07:48:42,338 MambaPro INFO: /home/zubuntu/miniconda/envs/MambaPro/bin/python train_net.py --config_file mybest_model/experiment_20251013_110028/configs/experiment_config.yml OUTPUT_DIR ./outputs/replay_best_tml
2025-12-12 07:48:42,338 MambaPro INFO: 【命令行参数（args）】
2025-12-12 07:48:42,338 MambaPro INFO: {
2025-12-12 07:48:42,338 MambaPro INFO:   "config_file": "mybest_model/experiment_20251013_110028/configs/experiment_config.yml",
2025-12-12 07:48:42,338 MambaPro INFO:   "fea_cft": 0,
2025-12-12 07:48:42,338 MambaPro INFO:   "opts": [
2025-12-12 07:48:42,338 MambaPro INFO:     "OUTPUT_DIR",
2025-12-12 07:48:42,338 MambaPro INFO:     "./outputs/replay_best_tml"
2025-12-12 07:48:42,338 MambaPro INFO:   ],
2025-12-12 07:48:42,338 MambaPro INFO:   "local_rank": 0,
2025-12-12 07:48:42,338 MambaPro INFO:   "use_multi_scale": false,
2025-12-12 07:48:42,338 MambaPro INFO:   "no_multi_scale": false,
2025-12-12 07:48:42,338 MambaPro INFO:   "use_moe": false,
2025-12-12 07:48:42,338 MambaPro INFO:   "disable_moe": false,
2025-12-12 07:48:42,338 MambaPro INFO:   "no_moe": false,
2025-12-12 07:48:42,338 MambaPro INFO:   "use_attention": false,
2025-12-12 07:48:42,338 MambaPro INFO:   "disable_attention": false,
2025-12-12 07:48:42,338 MambaPro INFO:   "attention_heads": 8,
2025-12-12 07:48:42,338 MambaPro INFO:   "attention_dropout": 0.1
2025-12-12 07:48:42,338 MambaPro INFO: }
2025-12-12 07:48:42,338 MambaPro INFO: 【工作目录】/home/zubuntu/workspace/yzy/MambaPro
2025-12-12 07:48:42,338 MambaPro INFO: 【最终配置（YAML）】
2025-12-12 07:48:42,341 MambaPro INFO: DATALOADER:
2025-12-12 07:48:42,341 MambaPro INFO:   NUM_INSTANCE: 8
2025-12-12 07:48:42,341 MambaPro INFO:   NUM_WORKERS: 8
2025-12-12 07:48:42,341 MambaPro INFO:   SAMPLER: softmax_triplet
2025-12-12 07:48:42,341 MambaPro INFO: DATASETS:
2025-12-12 07:48:42,341 MambaPro INFO:   NAMES: RGBNT201
2025-12-12 07:48:42,341 MambaPro INFO:   ROOT_DIR: /home/zubuntu/workspace/yzy/MambaPro/data/
2025-12-12 07:48:42,341 MambaPro INFO: INPUT:
2025-12-12 07:48:42,341 MambaPro INFO:   PADDING: 10
2025-12-12 07:48:42,341 MambaPro INFO:   PIXEL_MEAN:
2025-12-12 07:48:42,341 MambaPro INFO:   - 0.5
2025-12-12 07:48:42,341 MambaPro INFO:   - 0.5
2025-12-12 07:48:42,341 MambaPro INFO:   - 0.5
2025-12-12 07:48:42,341 MambaPro INFO:   PIXEL_STD:
2025-12-12 07:48:42,341 MambaPro INFO:   - 0.5
2025-12-12 07:48:42,341 MambaPro INFO:   - 0.5
2025-12-12 07:48:42,341 MambaPro INFO:   - 0.5
2025-12-12 07:48:42,341 MambaPro INFO:   PROB: 0.5
2025-12-12 07:48:42,341 MambaPro INFO:   RE_PROB: 0.5
2025-12-12 07:48:42,341 MambaPro INFO:   SIZE_TEST:
2025-12-12 07:48:42,341 MambaPro INFO:   - 256
2025-12-12 07:48:42,341 MambaPro INFO:   - 128
2025-12-12 07:48:42,341 MambaPro INFO:   SIZE_TRAIN:
2025-12-12 07:48:42,341 MambaPro INFO:   - 256
2025-12-12 07:48:42,341 MambaPro INFO:   - 128
2025-12-12 07:48:42,341 MambaPro INFO: MODEL:
2025-12-12 07:48:42,341 MambaPro INFO:   ADAPTER: true
2025-12-12 07:48:42,341 MambaPro INFO:   ATTENTION_DIM: 512
2025-12-12 07:48:42,341 MambaPro INFO:   ATTENTION_DROPOUT: 0.1
2025-12-12 07:48:42,341 MambaPro INFO:   ATTENTION_NUM_HEADS: 8
2025-12-12 07:48:42,341 MambaPro INFO:   ATT_DROP_RATE: 0.0
2025-12-12 07:48:42,341 MambaPro INFO:   CLIP_MULTI_SCALE_SCALES:
2025-12-12 07:48:42,341 MambaPro INFO:   - 4
2025-12-12 07:48:42,341 MambaPro INFO:   - 8
2025-12-12 07:48:42,341 MambaPro INFO:   - 16
2025-12-12 07:48:42,341 MambaPro INFO:   DEVICE: cuda
2025-12-12 07:48:42,341 MambaPro INFO:   DEVICE_ID: '0'
2025-12-12 07:48:42,341 MambaPro INFO:   DIRECT: 1
2025-12-12 07:48:42,341 MambaPro INFO:   DIST_TRAIN: false
2025-12-12 07:48:42,341 MambaPro INFO:   DROP_OUT: 0.0
2025-12-12 07:48:42,341 MambaPro INFO:   DROP_PATH: 0.1
2025-12-12 07:48:42,341 MambaPro INFO:   FLOPS_TEST: false
2025-12-12 07:48:42,341 MambaPro INFO:   FROZEN: true
2025-12-12 07:48:42,341 MambaPro INFO:   GATE_DROPOUT: 0.1
2025-12-12 07:48:42,341 MambaPro INFO:   ID_LOSS_TYPE: softmax
2025-12-12 07:48:42,341 MambaPro INFO:   ID_LOSS_WEIGHT: 0.25
2025-12-12 07:48:42,341 MambaPro INFO:   IF_LABELSMOOTH: 'on'
2025-12-12 07:48:42,341 MambaPro INFO:   IF_WITH_CENTER: 'no'
2025-12-12 07:48:42,341 MambaPro INFO:   LAYER: -1
2025-12-12 07:48:42,341 MambaPro INFO:   MAMBA: true
2025-12-12 07:48:42,341 MambaPro INFO:   MAMBA_BI: false
2025-12-12 07:48:42,341 MambaPro INFO:   METRIC_LOSS_TYPE: triplet
2025-12-12 07:48:42,341 MambaPro INFO:   MOE_BALANCE_LOSS_WEIGHT: 0.01
2025-12-12 07:48:42,341 MambaPro INFO:   MOE_DIVERSITY_LOSS_WEIGHT: 0.01
2025-12-12 07:48:42,341 MambaPro INFO:   MOE_EXPERT_DROPOUT: 0.1
2025-12-12 07:48:42,341 MambaPro INFO:   MOE_EXPERT_HIDDEN_DIM: 1024
2025-12-12 07:48:42,341 MambaPro INFO:   MOE_EXPERT_LAYERS: 2
2025-12-12 07:48:42,341 MambaPro INFO:   MOE_EXPERT_THRESHOLD: 0.1
2025-12-12 07:48:42,341 MambaPro INFO:   MOE_FIXED_WEIGHTS:
2025-12-12 07:48:42,341 MambaPro INFO:   - 0.33
2025-12-12 07:48:42,341 MambaPro INFO:   - 0.33
2025-12-12 07:48:42,341 MambaPro INFO:   - 0.34
2025-12-12 07:48:42,341 MambaPro INFO:   MOE_GATE_DROPOUT: 0.1
2025-12-12 07:48:42,341 MambaPro INFO:   MOE_GATE_LAYERS: 2
2025-12-12 07:48:42,341 MambaPro INFO:   MOE_INIT_WEIGHTS: null
2025-12-12 07:48:42,341 MambaPro INFO:   MOE_NUM_EXPERTS: 3
2025-12-12 07:48:42,341 MambaPro INFO:   MOE_RESIDUAL_WEIGHT: 1.0
2025-12-12 07:48:42,341 MambaPro INFO:   MOE_SCALES:
2025-12-12 07:48:42,342 MambaPro INFO:   - 4
2025-12-12 07:48:42,342 MambaPro INFO:   - 8
2025-12-12 07:48:42,342 MambaPro INFO:   - 16
2025-12-12 07:48:42,342 MambaPro INFO:   MOE_SPARSITY_LOSS_WEIGHT: 0.001
2025-12-12 07:48:42,342 MambaPro INFO:   MOE_TEMPERATURE: 0.7
2025-12-12 07:48:42,342 MambaPro INFO:   MOE_TOP_K: 2
2025-12-12 07:48:42,342 MambaPro INFO:   MOE_TOP_K_MODE: soft
2025-12-12 07:48:42,342 MambaPro INFO:   MOE_USE_FIXED_WEIGHTS: false
2025-12-12 07:48:42,342 MambaPro INFO:   MOE_USE_TOP_K_ROUTING: false
2025-12-12 07:48:42,342 MambaPro INFO:   MULTI_SCALE_SCALES:
2025-12-12 07:48:42,342 MambaPro INFO:   - 4
2025-12-12 07:48:42,342 MambaPro INFO:   - 8
2025-12-12 07:48:42,342 MambaPro INFO:   - 16
2025-12-12 07:48:42,342 MambaPro INFO:   NAME: MambaPro
2025-12-12 07:48:42,342 MambaPro INFO:   NECK: bnneck
2025-12-12 07:48:42,342 MambaPro INFO:   NO_MARGIN: true
2025-12-12 07:48:42,342 MambaPro INFO:   PREFIX_NUM: 1
2025-12-12 07:48:42,342 MambaPro INFO:   PRETRAIN_PATH_T: /home/zubuntu/workspace/yzy/MambaPro/pths/ViT-B-16.pt
2025-12-12 07:48:42,342 MambaPro INFO:   PROMPT: true
2025-12-12 07:48:42,342 MambaPro INFO:   SIE_CAMERA: true
2025-12-12 07:48:42,342 MambaPro INFO:   SIE_COE: 1.0
2025-12-12 07:48:42,342 MambaPro INFO:   SIE_VIEW: false
2025-12-12 07:48:42,342 MambaPro INFO:   STRIDE_SIZE:
2025-12-12 07:48:42,342 MambaPro INFO:   - 16
2025-12-12 07:48:42,342 MambaPro INFO:   - 16
2025-12-12 07:48:42,342 MambaPro INFO:   TRANSFORMER_TYPE: ViT-B-16
2025-12-12 07:48:42,342 MambaPro INFO:   TRIPLET_LOSS_WEIGHT: 1.0
2025-12-12 07:48:42,342 MambaPro INFO:   USE_ATTENTION_FUSION: false
2025-12-12 07:48:42,342 MambaPro INFO:   USE_CLIP_MULTI_SCALE: true
2025-12-12 07:48:42,342 MambaPro INFO:   USE_GATE_FUSION: false
2025-12-12 07:48:42,342 MambaPro INFO:   USE_MULTI_SCALE: false
2025-12-12 07:48:42,342 MambaPro INFO:   USE_MULTI_SCALE_MOE: true
2025-12-12 07:48:42,342 MambaPro INFO: OUTPUT_DIR: ./outputs/replay_best_tml/run_20251212_074842
2025-12-12 07:48:42,342 MambaPro INFO: SOLVER:
2025-12-12 07:48:42,342 MambaPro INFO:   BASE_LR: 0.0005
2025-12-12 07:48:42,342 MambaPro INFO:   BIAS_LR_FACTOR: 2
2025-12-12 07:48:42,342 MambaPro INFO:   CENTER_LOSS_WEIGHT: 0.0005
2025-12-12 07:48:42,342 MambaPro INFO:   CENTER_LR: 0.5
2025-12-12 07:48:42,342 MambaPro INFO:   CHECKPOINT_PERIOD: 10
2025-12-12 07:48:42,342 MambaPro INFO:   CLUSTER_MARGIN: 0.3
2025-12-12 07:48:42,342 MambaPro INFO:   COSINE_MARGIN: 0.5
2025-12-12 07:48:42,342 MambaPro INFO:   COSINE_SCALE: 30
2025-12-12 07:48:42,342 MambaPro INFO:   EVAL_PERIOD: 5
2025-12-12 07:48:42,342 MambaPro INFO:   GAMMA: 0.1
2025-12-12 07:48:42,342 MambaPro INFO:   IMS_PER_BATCH: 32
2025-12-12 07:48:42,342 MambaPro INFO:   LARGE_FC_LR: false
2025-12-12 07:48:42,342 MambaPro INFO:   LOG_PERIOD: 10
2025-12-12 07:48:42,342 MambaPro INFO:   MARGIN: 0.3
2025-12-12 07:48:42,342 MambaPro INFO:   MAX_EPOCHS: 60
2025-12-12 07:48:42,342 MambaPro INFO:   MOE_BALANCE_LOSS_WEIGHT: 0.001
2025-12-12 07:48:42,342 MambaPro INFO:   MOE_BALANCE_LOSS_WEIGHT_END: 0.1
2025-12-12 07:48:42,342 MambaPro INFO:   MOE_BALANCE_LOSS_WEIGHT_START: 0.001
2025-12-12 07:48:42,342 MambaPro INFO:   MOE_BALANCE_THRESHOLD: 0.3
2025-12-12 07:48:42,342 MambaPro INFO:   MOE_DIVERSITY_LOSS_WEIGHT: 0.001
2025-12-12 07:48:42,342 MambaPro INFO:   MOE_DIVERSITY_LOSS_WEIGHT_END: 0.1
2025-12-12 07:48:42,342 MambaPro INFO:   MOE_DIVERSITY_LOSS_WEIGHT_START: 0.001
2025-12-12 07:48:42,342 MambaPro INFO:   MOE_GATE_LR_FACTOR: 0.01
2025-12-12 07:48:42,342 MambaPro INFO:   MOE_LOSS_WEIGHT_SCHEDULE_TYPE: cosine
2025-12-12 07:48:42,342 MambaPro INFO:   MOE_LOSS_WEIGHT_WARMUP_EPOCHS: 5
2025-12-12 07:48:42,342 MambaPro INFO:   MOE_SPARSITY_LOSS_WEIGHT: 0.0001
2025-12-12 07:48:42,342 MambaPro INFO:   MOE_USE_DYNAMIC_LOSS_WEIGHT: false
2025-12-12 07:48:42,342 MambaPro INFO:   MOMENTUM: 0.9
2025-12-12 07:48:42,342 MambaPro INFO:   OPTIMIZER_NAME: Adam
2025-12-12 07:48:42,342 MambaPro INFO:   RANGE_ALPHA: 0
2025-12-12 07:48:42,342 MambaPro INFO:   RANGE_BETA: 1
2025-12-12 07:48:42,342 MambaPro INFO:   RANGE_K: 2
2025-12-12 07:48:42,342 MambaPro INFO:   RANGE_LOSS_WEIGHT: 1
2025-12-12 07:48:42,342 MambaPro INFO:   RANGE_MARGIN: 0.3
2025-12-12 07:48:42,342 MambaPro INFO:   SEED: 42
2025-12-12 07:48:42,342 MambaPro INFO:   STEPS:
2025-12-12 07:48:42,342 MambaPro INFO:   - 30
2025-12-12 07:48:42,342 MambaPro INFO:   - 50
2025-12-12 07:48:42,342 MambaPro INFO:   WARMUP_FACTOR: 0.01
2025-12-12 07:48:42,342 MambaPro INFO:   WARMUP_ITERS: 20
2025-12-12 07:48:42,342 MambaPro INFO:   WARMUP_METHOD: linear
2025-12-12 07:48:42,342 MambaPro INFO:   WEIGHT_DECAY: 0.0005
2025-12-12 07:48:42,342 MambaPro INFO:   WEIGHT_DECAY_BIAS: 0.0005
2025-12-12 07:48:42,342 MambaPro INFO: TEST:
2025-12-12 07:48:42,342 MambaPro INFO:   FEAT: 0
2025-12-12 07:48:42,342 MambaPro INFO:   FEAT_NORM: 'yes'
2025-12-12 07:48:42,342 MambaPro INFO:   IMS_PER_BATCH: 64
2025-12-12 07:48:42,342 MambaPro INFO:   MISS: nothing
2025-12-12 07:48:42,342 MambaPro INFO:   NECK_FEAT: after
2025-12-12 07:48:42,342 MambaPro INFO:   RE_RANKING: 'no'
2025-12-12 07:48:42,342 MambaPro INFO:   WEIGHT: /home/zubuntu/workspace/yzy/MambaPro/pths/MambaProbest.pth
2025-12-12 07:48:42,342 MambaPro INFO: ================================================================================
2025-12-12 07:48:44,380 MambaPro.train INFO: start training
2025-12-12 07:49:04,578 MambaPro.train INFO: Epoch 1 done. Time per batch: 0.189[s] Speed: 169.7[samples/s]
2025-12-12 07:49:24,350 MambaPro.train INFO: Epoch 2 done. Time per batch: 0.185[s] Speed: 173.2[samples/s]
2025-12-12 07:49:44,277 MambaPro.train INFO: Epoch 3 done. Time per batch: 0.186[s] Speed: 171.8[samples/s]
2025-12-12 07:50:04,141 MambaPro.train INFO: Epoch 4 done. Time per batch: 0.186[s] Speed: 172.4[samples/s]
2025-12-12 07:50:23,990 MambaPro.train INFO: Epoch 5 done. Time per batch: 0.185[s] Speed: 172.5[samples/s]
2025-12-12 07:50:31,539 MambaPro.train INFO: Validation Results - Epoch: 5
2025-12-12 07:50:31,539 MambaPro.train INFO: Current mAP: 50.0%
2025-12-12 07:50:31,539 MambaPro.train INFO: CMC curve, Rank-1  :55.1%
2025-12-12 07:50:31,539 MambaPro.train INFO: CMC curve, Rank-5  :68.7%
2025-12-12 07:50:31,539 MambaPro.train INFO: CMC curve, Rank-10 :74.6%
2025-12-12 07:50:31,540 MambaPro.train INFO: 🎯 New Best! Saving model...
2025-12-12 07:50:31,927 MambaPro.train INFO: [Epoch 5] 指标集合列表（历史）
2025-12-12 07:50:31,927 MambaPro.train INFO: history_mAP:{50.0}
2025-12-12 07:50:31,927 MambaPro.train INFO: best_mAP:{50.0}
2025-12-12 07:50:31,927 MambaPro.train INFO: history_Rank-1:{55.1}
2025-12-12 07:50:31,927 MambaPro.train INFO: best_Rank-1:{55.1}
2025-12-12 07:50:31,927 MambaPro.train INFO: history_Rank-5:{68.7}
2025-12-12 07:50:31,927 MambaPro.train INFO: best_Rank-5:{68.7}
2025-12-12 07:50:31,927 MambaPro.train INFO: history_Rank-10:{74.6}
2025-12-12 07:50:31,927 MambaPro.train INFO: best_Rank-10:{74.6}
2025-12-12 07:50:31,927 MambaPro.train INFO: history_Experts:{[0.35 , 0.34 , 0.31]}
2025-12-12 07:50:31,927 MambaPro.train INFO: best_Experts:{[0.35 , 0.34 , 0.31]}
2025-12-12 07:50:31,927 MambaPro.train INFO: 🔥 MoE损失(Val): 平衡=0.0000, 稀疏性=0.9986, 多样性=2.6553, 总=0.0028 (权重: 平衡=0.001, 稀疏性=0.000, 多样性=0.001)
2025-12-12 07:50:31,927 MambaPro.train INFO:    📊 专家权重分布(Val): [0.35 , 0.34 , 0.31]
2025-12-12 07:50:51,976 MambaPro.train INFO: Epoch 6 done. Time per batch: 0.186[s] Speed: 171.9[samples/s]
2025-12-12 07:51:11,853 MambaPro.train INFO: Epoch 7 done. Time per batch: 0.186[s] Speed: 172.3[samples/s]
2025-12-12 07:51:31,717 MambaPro.train INFO: Epoch 8 done. Time per batch: 0.186[s] Speed: 172.4[samples/s]
2025-12-12 07:51:51,635 MambaPro.train INFO: Epoch 9 done. Time per batch: 0.186[s] Speed: 171.9[samples/s]
2025-12-12 07:52:11,534 MambaPro.train INFO: Epoch 10 done. Time per batch: 0.186[s] Speed: 172.1[samples/s]
2025-12-12 07:52:19,426 MambaPro.train INFO: Validation Results - Epoch: 10
2025-12-12 07:52:19,426 MambaPro.train INFO: Current mAP: 36.8%
2025-12-12 07:52:19,426 MambaPro.train INFO: CMC curve, Rank-1  :42.1%
2025-12-12 07:52:19,427 MambaPro.train INFO: CMC curve, Rank-5  :55.5%
2025-12-12 07:52:19,427 MambaPro.train INFO: CMC curve, Rank-10 :63.0%
2025-12-12 07:52:19,427 MambaPro.train INFO: [Epoch 10] 指标集合列表（历史）
2025-12-12 07:52:19,427 MambaPro.train INFO: history_mAP:{50.0 , 36.8}
2025-12-12 07:52:19,427 MambaPro.train INFO: best_mAP:{50.0}
2025-12-12 07:52:19,427 MambaPro.train INFO: history_Rank-1:{55.1 , 42.1}
2025-12-12 07:52:19,427 MambaPro.train INFO: best_Rank-1:{55.1}
2025-12-12 07:52:19,427 MambaPro.train INFO: history_Rank-5:{68.7 , 55.5}
2025-12-12 07:52:19,427 MambaPro.train INFO: best_Rank-5:{68.7}
2025-12-12 07:52:19,427 MambaPro.train INFO: history_Rank-10:{74.6 , 63.0}
2025-12-12 07:52:19,427 MambaPro.train INFO: best_Rank-10:{74.6}
2025-12-12 07:52:19,427 MambaPro.train INFO: history_Experts:{[0.35 , 0.34 , 0.31] , [0.36 , 0.34 , 0.30]}
2025-12-12 07:52:19,427 MambaPro.train INFO: best_Experts:{[0.35 , 0.34 , 0.31]}
2025-12-12 07:52:19,427 MambaPro.train INFO: 🔥 MoE损失(Val): 平衡=0.0000, 稀疏性=0.9970, 多样性=2.6424, 总=0.0027 (权重: 平衡=0.001, 稀疏性=0.000, 多样性=0.001)
2025-12-12 07:52:19,427 MambaPro.train INFO:    📊 专家权重分布(Val): [0.36 , 0.34 , 0.30]
2025-12-12 07:52:39,275 MambaPro.train INFO: Epoch 11 done. Time per batch: 0.186[s] Speed: 172.1[samples/s]
2025-12-12 07:52:59,206 MambaPro.train INFO: Epoch 12 done. Time per batch: 0.186[s] Speed: 171.8[samples/s]
2025-12-12 07:53:19,099 MambaPro.train INFO: Epoch 13 done. Time per batch: 0.186[s] Speed: 172.1[samples/s]
2025-12-12 07:53:38,960 MambaPro.train INFO: Epoch 14 done. Time per batch: 0.186[s] Speed: 172.4[samples/s]
2025-12-12 07:53:58,956 MambaPro.train INFO: Epoch 15 done. Time per batch: 0.187[s] Speed: 171.2[samples/s]
2025-12-12 07:54:06,481 MambaPro.train INFO: Validation Results - Epoch: 15
2025-12-12 07:54:06,481 MambaPro.train INFO: Current mAP: 62.3%
2025-12-12 07:54:06,481 MambaPro.train INFO: CMC curve, Rank-1  :66.9%
2025-12-12 07:54:06,481 MambaPro.train INFO: CMC curve, Rank-5  :81.1%
2025-12-12 07:54:06,481 MambaPro.train INFO: CMC curve, Rank-10 :86.2%
2025-12-12 07:54:06,482 MambaPro.train INFO: 🎯 New Best! Saving model...
2025-12-12 07:54:07,050 MambaPro.train INFO: [Epoch 15] 指标集合列表（历史）
2025-12-12 07:54:07,050 MambaPro.train INFO: history_mAP:{50.0 , 36.8 , 62.3}
2025-12-12 07:54:07,050 MambaPro.train INFO: best_mAP:{62.3}
2025-12-12 07:54:07,050 MambaPro.train INFO: history_Rank-1:{55.1 , 42.1 , 66.9}
2025-12-12 07:54:07,050 MambaPro.train INFO: best_Rank-1:{66.9}
2025-12-12 07:54:07,050 MambaPro.train INFO: history_Rank-5:{68.7 , 55.5 , 81.1}
2025-12-12 07:54:07,050 MambaPro.train INFO: best_Rank-5:{81.1}
2025-12-12 07:54:07,050 MambaPro.train INFO: history_Rank-10:{74.6 , 63.0 , 86.2}
2025-12-12 07:54:07,050 MambaPro.train INFO: best_Rank-10:{86.2}
2025-12-12 07:54:07,050 MambaPro.train INFO: history_Experts:{[0.35 , 0.34 , 0.31] , [0.36 , 0.34 , 0.30] , [0.40 , 0.34 , 0.26]}
2025-12-12 07:54:07,050 MambaPro.train INFO: best_Experts:{[0.40 , 0.34 , 0.26]}
2025-12-12 07:54:07,050 MambaPro.train INFO: 🔥 MoE损失(Val): 平衡=0.0000, 稀疏性=0.9867, 多样性=2.5632, 总=0.0027 (权重: 平衡=0.001, 稀疏性=0.000, 多样性=0.001)
2025-12-12 07:54:07,050 MambaPro.train INFO:    📊 专家权重分布(Val): [0.40 , 0.34 , 0.26]
2025-12-12 07:54:27,101 MambaPro.train INFO: Epoch 16 done. Time per batch: 0.186[s] Speed: 171.9[samples/s]
2025-12-12 07:54:47,060 MambaPro.train INFO: Epoch 17 done. Time per batch: 0.187[s] Speed: 171.5[samples/s]
2025-12-12 07:55:06,813 MambaPro.train INFO: Epoch 18 done. Time per batch: 0.186[s] Speed: 171.7[samples/s]
2025-12-12 07:55:26,763 MambaPro.train INFO: Epoch 19 done. Time per batch: 0.186[s] Speed: 171.6[samples/s]
2025-12-12 07:55:46,694 MambaPro.train INFO: Epoch 20 done. Time per batch: 0.186[s] Speed: 171.8[samples/s]
2025-12-12 07:55:54,652 MambaPro.train INFO: Validation Results - Epoch: 20
2025-12-12 07:55:54,652 MambaPro.train INFO: Current mAP: 50.8%
2025-12-12 07:55:54,652 MambaPro.train INFO: CMC curve, Rank-1  :53.6%
2025-12-12 07:55:54,652 MambaPro.train INFO: CMC curve, Rank-5  :69.9%
2025-12-12 07:55:54,652 MambaPro.train INFO: CMC curve, Rank-10 :78.1%
2025-12-12 07:55:54,653 MambaPro.train INFO: [Epoch 20] 指标集合列表（历史）
2025-12-12 07:55:54,653 MambaPro.train INFO: history_mAP:{50.0 , 36.8 , 62.3 , 50.8}
2025-12-12 07:55:54,653 MambaPro.train INFO: best_mAP:{62.3}
2025-12-12 07:55:54,653 MambaPro.train INFO: history_Rank-1:{55.1 , 42.1 , 66.9 , 53.6}
2025-12-12 07:55:54,653 MambaPro.train INFO: best_Rank-1:{66.9}
2025-12-12 07:55:54,653 MambaPro.train INFO: history_Rank-5:{68.7 , 55.5 , 81.1 , 69.9}
2025-12-12 07:55:54,653 MambaPro.train INFO: best_Rank-5:{81.1}
2025-12-12 07:55:54,653 MambaPro.train INFO: history_Rank-10:{74.6 , 63.0 , 86.2 , 78.1}
2025-12-12 07:55:54,653 MambaPro.train INFO: best_Rank-10:{86.2}
2025-12-12 07:55:54,653 MambaPro.train INFO: history_Experts:{[0.35 , 0.34 , 0.31] , [0.36 , 0.34 , 0.30] , [0.40 , 0.34 , 0.26] , [0.58 , 0.25 , 0.17]}
2025-12-12 07:55:54,653 MambaPro.train INFO: best_Experts:{[0.40 , 0.34 , 0.26]}
2025-12-12 07:55:54,653 MambaPro.train INFO: 🔥 MoE损失(Val): 平衡=0.0759, 稀疏性=0.8593, 多样性=1.7883, 总=0.0020 (权重: 平衡=0.001, 稀疏性=0.000, 多样性=0.001)
2025-12-12 07:55:54,653 MambaPro.train INFO:    📊 专家权重分布(Val): [0.58 , 0.25 , 0.17]
2025-12-12 07:56:14,523 MambaPro.train INFO: Epoch 21 done. Time per batch: 0.186[s] Speed: 171.9[samples/s]
2025-12-12 07:56:34,551 MambaPro.train INFO: Epoch 22 done. Time per batch: 0.187[s] Speed: 171.0[samples/s]
2025-12-12 07:56:54,491 MambaPro.train INFO: Epoch 23 done. Time per batch: 0.186[s] Speed: 171.7[samples/s]
2025-12-12 07:57:14,474 MambaPro.train INFO: Epoch 24 done. Time per batch: 0.187[s] Speed: 171.4[samples/s]
2025-12-12 07:57:34,270 MambaPro.train INFO: Epoch 25 done. Time per batch: 0.187[s] Speed: 171.3[samples/s]
2025-12-12 07:57:41,866 MambaPro.train INFO: Validation Results - Epoch: 25
2025-12-12 07:57:41,866 MambaPro.train INFO: Current mAP: 67.8%
2025-12-12 07:57:41,866 MambaPro.train INFO: CMC curve, Rank-1  :68.7%
2025-12-12 07:57:41,866 MambaPro.train INFO: CMC curve, Rank-5  :79.8%
2025-12-12 07:57:41,866 MambaPro.train INFO: CMC curve, Rank-10 :86.6%
2025-12-12 07:57:41,866 MambaPro.train INFO: 🎯 New Best! Saving model...
2025-12-12 07:57:42,473 MambaPro.train INFO: [Epoch 25] 指标集合列表（历史）
2025-12-12 07:57:42,473 MambaPro.train INFO: history_mAP:{50.0 , 36.8 , 62.3 , 50.8 , 67.8}
2025-12-12 07:57:42,473 MambaPro.train INFO: best_mAP:{67.8}
2025-12-12 07:57:42,473 MambaPro.train INFO: history_Rank-1:{55.1 , 42.1 , 66.9 , 53.6 , 68.7}
2025-12-12 07:57:42,473 MambaPro.train INFO: best_Rank-1:{68.7}
2025-12-12 07:57:42,474 MambaPro.train INFO: history_Rank-5:{68.7 , 55.5 , 81.1 , 69.9 , 79.8}
2025-12-12 07:57:42,474 MambaPro.train INFO: best_Rank-5:{81.1}
2025-12-12 07:57:42,474 MambaPro.train INFO: history_Rank-10:{74.6 , 63.0 , 86.2 , 78.1 , 86.6}
2025-12-12 07:57:42,474 MambaPro.train INFO: best_Rank-10:{86.6}
2025-12-12 07:57:42,474 MambaPro.train INFO: history_Experts:{[0.35 , 0.34 , 0.31] , [0.36 , 0.34 , 0.30] , [0.40 , 0.34 , 0.26] , [0.58 , 0.25 , 0.17] , [0.79 , 0.12 , 0.09]}
2025-12-12 07:57:42,474 MambaPro.train INFO: best_Experts:{[0.79 , 0.12 , 0.09]}
2025-12-12 07:57:42,474 MambaPro.train INFO: 🔥 MoE损失(Val): 平衡=0.4898, 稀疏性=0.5244, 多样性=0.7167, 总=0.0013 (权重: 平衡=0.001, 稀疏性=0.000, 多样性=0.001)
2025-12-12 07:57:42,474 MambaPro.train INFO:    📊 专家权重分布(Val): [0.79 , 0.12 , 0.09]
2025-12-12 07:58:02,660 MambaPro.train INFO: Epoch 26 done. Time per batch: 0.187[s] Speed: 170.8[samples/s]
2025-12-12 07:58:22,613 MambaPro.train INFO: Epoch 27 done. Time per batch: 0.186[s] Speed: 171.6[samples/s]
2025-12-12 07:58:42,543 MambaPro.train INFO: Epoch 28 done. Time per batch: 0.186[s] Speed: 171.8[samples/s]
2025-12-12 07:59:02,510 MambaPro.train INFO: Epoch 29 done. Time per batch: 0.187[s] Speed: 171.5[samples/s]
2025-12-12 07:59:22,437 MambaPro.train INFO: Epoch 30 done. Time per batch: 0.186[s] Speed: 171.8[samples/s]
2025-12-12 07:59:30,378 MambaPro.train INFO: Validation Results - Epoch: 30
2025-12-12 07:59:30,378 MambaPro.train INFO: Current mAP: 71.6%
2025-12-12 07:59:30,378 MambaPro.train INFO: CMC curve, Rank-1  :74.5%
2025-12-12 07:59:30,378 MambaPro.train INFO: CMC curve, Rank-5  :83.9%
2025-12-12 07:59:30,378 MambaPro.train INFO: CMC curve, Rank-10 :88.9%
2025-12-12 07:59:30,379 MambaPro.train INFO: 🎯 New Best! Saving model...
2025-12-12 07:59:30,993 MambaPro.train INFO: [Epoch 30] 指标集合列表（历史）
2025-12-12 07:59:30,993 MambaPro.train INFO: history_mAP:{50.0 , 36.8 , 62.3 , 50.8 , 67.8 , 71.6}
2025-12-12 07:59:30,993 MambaPro.train INFO: best_mAP:{71.6}
2025-12-12 07:59:30,994 MambaPro.train INFO: history_Rank-1:{55.1 , 42.1 , 66.9 , 53.6 , 68.7 , 74.5}
2025-12-12 07:59:30,994 MambaPro.train INFO: best_Rank-1:{74.5}
2025-12-12 07:59:30,994 MambaPro.train INFO: history_Rank-5:{68.7 , 55.5 , 81.1 , 69.9 , 79.8 , 83.9}
2025-12-12 07:59:30,994 MambaPro.train INFO: best_Rank-5:{83.9}
2025-12-12 07:59:30,994 MambaPro.train INFO: history_Rank-10:{74.6 , 63.0 , 86.2 , 78.1 , 86.6 , 88.9}
2025-12-12 07:59:30,994 MambaPro.train INFO: best_Rank-10:{88.9}
2025-12-12 07:59:30,994 MambaPro.train INFO: history_Experts:{[0.35 , 0.34 , 0.31] , [0.36 , 0.34 , 0.30] , [0.40 , 0.34 , 0.26] , [0.58 , 0.25 , 0.17] , [0.79 , 0.12 , 0.09] , [0.86 , 0.08 , 0.06]}
2025-12-12 07:59:30,994 MambaPro.train INFO: best_Experts:{[0.86 , 0.08 , 0.06]}
2025-12-12 07:59:30,994 MambaPro.train INFO: 🔥 MoE损失(Val): 平衡=0.7087, 稀疏性=0.3743, 多样性=0.4433, 总=0.0012 (权重: 平衡=0.001, 稀疏性=0.000, 多样性=0.001)
2025-12-12 07:59:30,994 MambaPro.train INFO:    📊 专家权重分布(Val): [0.86 , 0.08 , 0.06]
2025-12-12 07:59:51,105 MambaPro.train INFO: Epoch 31 done. Time per batch: 0.187[s] Speed: 171.4[samples/s]
2025-12-12 08:00:10,995 MambaPro.train INFO: Epoch 32 done. Time per batch: 0.188[s] Speed: 170.5[samples/s]
2025-12-12 08:00:31,006 MambaPro.train INFO: Epoch 33 done. Time per batch: 0.187[s] Speed: 171.1[samples/s]
2025-12-12 08:00:50,852 MambaPro.train INFO: Epoch 34 done. Time per batch: 0.187[s] Speed: 170.9[samples/s]
2025-12-12 08:01:10,869 MambaPro.train INFO: Epoch 35 done. Time per batch: 0.187[s] Speed: 171.1[samples/s]
2025-12-12 08:01:18,371 MambaPro.train INFO: Validation Results - Epoch: 35
2025-12-12 08:01:18,371 MambaPro.train INFO: Current mAP: 72.5%
2025-12-12 08:01:18,371 MambaPro.train INFO: CMC curve, Rank-1  :74.3%
2025-12-12 08:01:18,371 MambaPro.train INFO: CMC curve, Rank-5  :83.9%
2025-12-12 08:01:18,371 MambaPro.train INFO: CMC curve, Rank-10 :89.4%
2025-12-12 08:01:18,372 MambaPro.train INFO: 🎯 New Best! Saving model...
2025-12-12 08:01:19,026 MambaPro.train INFO: [Epoch 35] 指标集合列表（历史）
2025-12-12 08:01:19,027 MambaPro.train INFO: history_mAP:{50.0 , 36.8 , 62.3 , 50.8 , 67.8 , 71.6 , 72.5}
2025-12-12 08:01:19,027 MambaPro.train INFO: best_mAP:{72.5}
2025-12-12 08:01:19,027 MambaPro.train INFO: history_Rank-1:{55.1 , 42.1 , 66.9 , 53.6 , 68.7 , 74.5 , 74.3}
2025-12-12 08:01:19,027 MambaPro.train INFO: best_Rank-1:{74.5}
2025-12-12 08:01:19,027 MambaPro.train INFO: history_Rank-5:{68.7 , 55.5 , 81.1 , 69.9 , 79.8 , 83.9}
2025-12-12 08:01:19,027 MambaPro.train INFO: best_Rank-5:{83.9}
2025-12-12 08:01:19,027 MambaPro.train INFO: history_Rank-10:{74.6 , 63.0 , 86.2 , 78.1 , 86.6 , 88.9 , 89.4}
2025-12-12 08:01:19,027 MambaPro.train INFO: best_Rank-10:{89.4}
2025-12-12 08:01:19,027 MambaPro.train INFO: history_Experts:{[0.35 , 0.34 , 0.31] , [0.36 , 0.34 , 0.30] , [0.40 , 0.34 , 0.26] , [0.58 , 0.25 , 0.17] , [0.79 , 0.12 , 0.09] , [0.86 , 0.08 , 0.06] , [0.90 , 0.06 , 0.05]}
2025-12-12 08:01:19,027 MambaPro.train INFO: best_Experts:{[0.90 , 0.06 , 0.05]}
2025-12-12 08:01:19,027 MambaPro.train INFO: 🔥 MoE损失(Val): 平衡=0.8446, 稀疏性=0.2843, 多样性=0.3119, 总=0.0012 (权重: 平衡=0.001, 稀疏性=0.000, 多样性=0.001)
2025-12-12 08:01:19,027 MambaPro.train INFO:    📊 专家权重分布(Val): [0.90 , 0.06 , 0.05]
2025-12-12 08:01:39,127 MambaPro.train INFO: Epoch 36 done. Time per batch: 0.187[s] Speed: 171.5[samples/s]
2025-12-12 08:01:59,108 MambaPro.train INFO: Epoch 37 done. Time per batch: 0.187[s] Speed: 171.4[samples/s]
2025-12-12 08:02:18,946 MambaPro.train INFO: Epoch 38 done. Time per batch: 0.187[s] Speed: 171.0[samples/s]
2025-12-12 08:02:38,972 MambaPro.train INFO: Epoch 39 done. Time per batch: 0.187[s] Speed: 171.0[samples/s]
2025-12-12 08:02:58,773 MambaPro.train INFO: Epoch 40 done. Time per batch: 0.187[s] Speed: 171.3[samples/s]
2025-12-12 08:03:06,708 MambaPro.train INFO: Validation Results - Epoch: 40
2025-12-12 08:03:06,708 MambaPro.train INFO: Current mAP: 72.6%
2025-12-12 08:03:06,708 MambaPro.train INFO: CMC curve, Rank-1  :76.0%
2025-12-12 08:03:06,708 MambaPro.train INFO: CMC curve, Rank-5  :85.4%
2025-12-12 08:03:06,708 MambaPro.train INFO: CMC curve, Rank-10 :88.8%
2025-12-12 08:03:06,708 MambaPro.train INFO: 🎯 New Best! Saving model...
2025-12-12 08:03:07,343 MambaPro.train INFO: [Epoch 40] 指标集合列表（历史）
2025-12-12 08:03:07,343 MambaPro.train INFO: history_mAP:{50.0 , 36.8 , 62.3 , 50.8 , 67.8 , 71.6 , 72.5 , 72.6}
2025-12-12 08:03:07,343 MambaPro.train INFO: best_mAP:{72.6}
2025-12-12 08:03:07,343 MambaPro.train INFO: history_Rank-1:{55.1 , 42.1 , 66.9 , 53.6 , 68.7 , 74.5 , 74.3 , 76.0}
2025-12-12 08:03:07,343 MambaPro.train INFO: best_Rank-1:{76.0}
2025-12-12 08:03:07,343 MambaPro.train INFO: history_Rank-5:{68.7 , 55.5 , 81.1 , 69.9 , 79.8 , 83.9 , 85.4}
2025-12-12 08:03:07,343 MambaPro.train INFO: best_Rank-5:{85.4}
2025-12-12 08:03:07,343 MambaPro.train INFO: history_Rank-10:{74.6 , 63.0 , 86.2 , 78.1 , 86.6 , 88.9 , 89.4 , 88.8}
2025-12-12 08:03:07,343 MambaPro.train INFO: best_Rank-10:{89.4}
2025-12-12 08:03:07,344 MambaPro.train INFO: history_Experts:{[0.35 , 0.34 , 0.31] , [0.36 , 0.34 , 0.30] , [0.40 , 0.34 , 0.26] , [0.58 , 0.25 , 0.17] , [0.79 , 0.12 , 0.09] , [0.86 , 0.08 , 0.06] , [0.90 , 0.06 , 0.05] , [0.92 , 0.05 , 0.04]}
2025-12-12 08:03:07,344 MambaPro.train INFO: best_Experts:{[0.92 , 0.05 , 0.04]}
2025-12-12 08:03:07,344 MambaPro.train INFO: 🔥 MoE损失(Val): 平衡=0.9217, 稀疏性=0.2341, 多样性=0.2465, 总=0.0012 (权重: 平衡=0.001, 稀疏性=0.000, 多样性=0.001)
2025-12-12 08:03:07,344 MambaPro.train INFO:    📊 专家权重分布(Val): [0.92 , 0.05 , 0.04]
2025-12-12 08:03:27,598 MambaPro.train INFO: Epoch 41 done. Time per batch: 0.188[s] Speed: 170.2[samples/s]
2025-12-12 08:03:47,679 MambaPro.train INFO: Epoch 42 done. Time per batch: 0.188[s] Speed: 170.5[samples/s]
2025-12-12 08:04:07,706 MambaPro.train INFO: Epoch 43 done. Time per batch: 0.187[s] Speed: 171.0[samples/s]
2025-12-12 08:04:27,751 MambaPro.train INFO: Epoch 44 done. Time per batch: 0.187[s] Speed: 170.8[samples/s]
2025-12-12 08:04:47,770 MambaPro.train INFO: Epoch 45 done. Time per batch: 0.187[s] Speed: 171.0[samples/s]
2025-12-12 08:04:55,286 MambaPro.train INFO: Validation Results - Epoch: 45
2025-12-12 08:04:55,287 MambaPro.train INFO: Current mAP: 72.6%
2025-12-12 08:04:55,287 MambaPro.train INFO: CMC curve, Rank-1  :75.6%
2025-12-12 08:04:55,287 MambaPro.train INFO: CMC curve, Rank-5  :84.2%
2025-12-12 08:04:55,287 MambaPro.train INFO: CMC curve, Rank-10 :88.9%
2025-12-12 08:04:55,287 MambaPro.train INFO: [Epoch 45] 指标集合列表（历史）
2025-12-12 08:04:55,287 MambaPro.train INFO: history_mAP:{50.0 , 36.8 , 62.3 , 50.8 , 67.8 , 71.6 , 72.5 , 72.6 , 72.6}
2025-12-12 08:04:55,287 MambaPro.train INFO: best_mAP:{72.6}
2025-12-12 08:04:55,287 MambaPro.train INFO: history_Rank-1:{55.1 , 42.1 , 66.9 , 53.6 , 68.7 , 74.5 , 74.3 , 76.0 , 75.6}
2025-12-12 08:04:55,287 MambaPro.train INFO: best_Rank-1:{76.0}
2025-12-12 08:04:55,287 MambaPro.train INFO: history_Rank-5:{68.7 , 55.5 , 81.1 , 69.9 , 79.8 , 83.9 , 85.4 , 84.2}
2025-12-12 08:04:55,287 MambaPro.train INFO: best_Rank-5:{85.4}
2025-12-12 08:04:55,287 MambaPro.train INFO: history_Rank-10:{74.6 , 63.0 , 86.2 , 78.1 , 86.6 , 88.9 , 89.4 , 88.8}
2025-12-12 08:04:55,287 MambaPro.train INFO: best_Rank-10:{89.4}
2025-12-12 08:04:55,287 MambaPro.train INFO: history_Experts:{[0.35 , 0.34 , 0.31] , [0.36 , 0.34 , 0.30] , [0.40 , 0.34 , 0.26] , [0.58 , 0.25 , 0.17] , [0.79 , 0.12 , 0.09] , [0.86 , 0.08 , 0.06] , [0.90 , 0.06 , 0.05] , [0.92 , 0.05 , 0.04] , [0.93 , 0.04 , 0.03]}
2025-12-12 08:04:55,288 MambaPro.train INFO: best_Experts:{[0.92 , 0.05 , 0.04]}
2025-12-12 08:04:55,288 MambaPro.train INFO: 🔥 MoE损失(Val): 平衡=0.9698, 稀疏性=0.2030, 多样性=0.2087, 总=0.0012 (权重: 平衡=0.001, 稀疏性=0.000, 多样性=0.001)
2025-12-12 08:04:55,288 MambaPro.train INFO:    📊 专家权重分布(Val): [0.93 , 0.04 , 0.03]
2025-12-12 08:05:15,401 MambaPro.train INFO: Epoch 46 done. Time per batch: 0.187[s] Speed: 171.4[samples/s]
2025-12-12 08:05:35,403 MambaPro.train INFO: Epoch 47 done. Time per batch: 0.187[s] Speed: 171.2[samples/s]
2025-12-12 08:05:55,897 MambaPro.train INFO: Epoch 48 done. Time per batch: 0.193[s] Speed: 165.5[samples/s]
2025-12-12 08:06:15,919 MambaPro.train INFO: Epoch 49 done. Time per batch: 0.187[s] Speed: 171.0[samples/s]
2025-12-12 08:06:35,973 MambaPro.train INFO: Epoch 50 done. Time per batch: 0.187[s] Speed: 170.7[samples/s]
2025-12-12 08:06:43,940 MambaPro.train INFO: Validation Results - Epoch: 50
2025-12-12 08:06:43,941 MambaPro.train INFO: Current mAP: 72.6%
2025-12-12 08:06:43,941 MambaPro.train INFO: CMC curve, Rank-1  :74.2%
2025-12-12 08:06:43,941 MambaPro.train INFO: CMC curve, Rank-5  :82.9%
2025-12-12 08:06:43,941 MambaPro.train INFO: CMC curve, Rank-10 :88.3%
2025-12-12 08:06:43,941 MambaPro.train INFO: [Epoch 50] 指标集合列表（历史）
2025-12-12 08:06:43,941 MambaPro.train INFO: history_mAP:{50.0 , 36.8 , 62.3 , 50.8 , 67.8 , 71.6 , 72.5 , 72.6 , 72.6 , 72.6}
2025-12-12 08:06:43,941 MambaPro.train INFO: best_mAP:{72.6}
2025-12-12 08:06:43,941 MambaPro.train INFO: history_Rank-1:{55.1 , 42.1 , 66.9 , 53.6 , 68.7 , 74.5 , 74.3 , 76.0 , 75.6 , 74.2}
2025-12-12 08:06:43,941 MambaPro.train INFO: best_Rank-1:{76.0}
2025-12-12 08:06:43,941 MambaPro.train INFO: history_Rank-5:{68.7 , 55.5 , 81.1 , 69.9 , 79.8 , 83.9 , 85.4 , 84.2 , 82.9}
2025-12-12 08:06:43,941 MambaPro.train INFO: best_Rank-5:{85.4}
2025-12-12 08:06:43,941 MambaPro.train INFO: history_Rank-10:{74.6 , 63.0 , 86.2 , 78.1 , 86.6 , 88.9 , 89.4 , 88.8 , 88.3}
2025-12-12 08:06:43,941 MambaPro.train INFO: best_Rank-10:{89.4}
2025-12-12 08:06:43,941 MambaPro.train INFO: history_Experts:{[0.35 , 0.34 , 0.31] , [0.36 , 0.34 , 0.30] , [0.40 , 0.34 , 0.26] , [0.58 , 0.25 , 0.17] , [0.79 , 0.12 , 0.09] , [0.86 , 0.08 , 0.06] , [0.90 , 0.06 , 0.05] , [0.92 , 0.05 , 0.04] , [0.93 , 0.04 , 0.03] , [0.94 , 0.03 , 0.03]}
2025-12-12 08:06:43,941 MambaPro.train INFO: best_Experts:{[0.92 , 0.05 , 0.04]}
2025-12-12 08:06:43,941 MambaPro.train INFO: 🔥 MoE损失(Val): 平衡=1.0041, 稀疏性=0.1809, 多样性=0.1829, 总=0.0012 (权重: 平衡=0.001, 稀疏性=0.000, 多样性=0.001)
2025-12-12 08:06:43,941 MambaPro.train INFO:    📊 专家权重分布(Val): [0.94 , 0.03 , 0.03]
2025-12-12 08:07:03,993 MambaPro.train INFO: Epoch 51 done. Time per batch: 0.188[s] Speed: 170.3[samples/s]
2025-12-12 08:07:23,819 MambaPro.train INFO: Epoch 52 done. Time per batch: 0.187[s] Speed: 171.1[samples/s]
2025-12-12 08:07:43,860 MambaPro.train INFO: Epoch 53 done. Time per batch: 0.187[s] Speed: 170.9[samples/s]
2025-12-12 08:08:03,964 MambaPro.train INFO: Epoch 54 done. Time per batch: 0.188[s] Speed: 170.3[samples/s]
2025-12-12 08:08:23,997 MambaPro.train INFO: Epoch 55 done. Time per batch: 0.187[s] Speed: 170.9[samples/s]
2025-12-12 08:08:31,578 MambaPro.train INFO: Validation Results - Epoch: 55
2025-12-12 08:08:31,578 MambaPro.train INFO: Current mAP: 73.3%
2025-12-12 08:08:31,578 MambaPro.train INFO: CMC curve, Rank-1  :75.1%
2025-12-12 08:08:31,578 MambaPro.train INFO: CMC curve, Rank-5  :84.0%
2025-12-12 08:08:31,578 MambaPro.train INFO: CMC curve, Rank-10 :89.4%
2025-12-12 08:08:31,579 MambaPro.train INFO: 🎯 New Best! Saving model...
2025-12-12 08:08:32,248 MambaPro.train INFO: [Epoch 55] 指标集合列表（历史）
2025-12-12 08:08:32,249 MambaPro.train INFO: history_mAP:{50.0 , 36.8 , 62.3 , 50.8 , 67.8 , 71.6 , 72.5 , 72.6 , 72.6 , 72.6 , 73.3}
2025-12-12 08:08:32,249 MambaPro.train INFO: best_mAP:{73.3}
2025-12-12 08:08:32,249 MambaPro.train INFO: history_Rank-1:{55.1 , 42.1 , 66.9 , 53.6 , 68.7 , 74.5 , 74.3 , 76.0 , 75.6 , 74.2 , 75.1}
2025-12-12 08:08:32,249 MambaPro.train INFO: best_Rank-1:{76.0}
2025-12-12 08:08:32,249 MambaPro.train INFO: history_Rank-5:{68.7 , 55.5 , 81.1 , 69.9 , 79.8 , 83.9 , 85.4 , 84.2 , 82.9 , 84.0}
2025-12-12 08:08:32,249 MambaPro.train INFO: best_Rank-5:{85.4}
2025-12-12 08:08:32,249 MambaPro.train INFO: history_Rank-10:{74.6 , 63.0 , 86.2 , 78.1 , 86.6 , 88.9 , 89.4 , 88.8 , 88.3}
2025-12-12 08:08:32,249 MambaPro.train INFO: best_Rank-10:{89.4}
2025-12-12 08:08:32,249 MambaPro.train INFO: history_Experts:{[0.35 , 0.34 , 0.31] , [0.36 , 0.34 , 0.30] , [0.40 , 0.34 , 0.26] , [0.58 , 0.25 , 0.17] , [0.79 , 0.12 , 0.09] , [0.86 , 0.08 , 0.06] , [0.90 , 0.06 , 0.05] , [0.92 , 0.05 , 0.04] , [0.93 , 0.04 , 0.03] , [0.94 , 0.03 , 0.03] , [0.94 , 0.03 , 0.03]}
2025-12-12 08:08:32,249 MambaPro.train INFO: best_Experts:{[0.94 , 0.03 , 0.03]}
2025-12-12 08:08:32,249 MambaPro.train INFO: 🔥 MoE损失(Val): 平衡=1.0293, 稀疏性=0.1648, 多样性=0.1646, 总=0.0012 (权重: 平衡=0.001, 稀疏性=0.000, 多样性=0.001)
2025-12-12 08:08:32,249 MambaPro.train INFO:    📊 专家权重分布(Val): [0.94 , 0.03 , 0.03]
2025-12-12 08:08:52,282 MambaPro.train INFO: Epoch 56 done. Time per batch: 0.188[s] Speed: 170.5[samples/s]
2025-12-12 08:09:12,375 MambaPro.train INFO: Epoch 57 done. Time per batch: 0.188[s] Speed: 170.4[samples/s]
2025-12-12 08:09:32,422 MambaPro.train INFO: Epoch 58 done. Time per batch: 0.187[s] Speed: 170.8[samples/s]
2025-12-12 08:09:52,331 MambaPro.train INFO: Epoch 59 done. Time per batch: 0.188[s] Speed: 170.4[samples/s]
2025-12-12 08:10:12,386 MambaPro.train INFO: Epoch 60 done. Time per batch: 0.187[s] Speed: 170.7[samples/s]
2025-12-12 08:10:20,326 MambaPro.train INFO: Validation Results - Epoch: 60
2025-12-12 08:10:20,326 MambaPro.train INFO: Current mAP: 73.4%
2025-12-12 08:10:20,326 MambaPro.train INFO: CMC curve, Rank-1  :75.1%
2025-12-12 08:10:20,326 MambaPro.train INFO: CMC curve, Rank-5  :83.9%
2025-12-12 08:10:20,326 MambaPro.train INFO: CMC curve, Rank-10 :89.5%
2025-12-12 08:10:20,326 MambaPro.train INFO: 🎯 New Best! Saving model...
2025-12-12 08:10:20,977 MambaPro.train INFO: [Epoch 60] 指标集合列表（历史）
2025-12-12 08:10:20,978 MambaPro.train INFO: history_mAP:{50.0 , 36.8 , 62.3 , 50.8 , 67.8 , 71.6 , 72.5 , 72.6 , 72.6 , 72.6 , 73.3 , 73.4}
2025-12-12 08:10:20,978 MambaPro.train INFO: best_mAP:{73.4}
2025-12-12 08:10:20,978 MambaPro.train INFO: history_Rank-1:{55.1 , 42.1 , 66.9 , 53.6 , 68.7 , 74.5 , 74.3 , 76.0 , 75.6 , 74.2 , 75.1}
2025-12-12 08:10:20,978 MambaPro.train INFO: best_Rank-1:{76.0}
2025-12-12 08:10:20,978 MambaPro.train INFO: history_Rank-5:{68.7 , 55.5 , 81.1 , 69.9 , 79.8 , 83.9 , 85.4 , 84.2 , 82.9 , 84.0}
2025-12-12 08:10:20,978 MambaPro.train INFO: best_Rank-5:{85.4}
2025-12-12 08:10:20,978 MambaPro.train INFO: history_Rank-10:{74.6 , 63.0 , 86.2 , 78.1 , 86.6 , 88.9 , 89.4 , 88.8 , 88.3 , 89.5}
2025-12-12 08:10:20,978 MambaPro.train INFO: best_Rank-10:{89.5}
2025-12-12 08:10:20,978 MambaPro.train INFO: history_Experts:{[0.35 , 0.34 , 0.31] , [0.36 , 0.34 , 0.30] , [0.40 , 0.34 , 0.26] , [0.58 , 0.25 , 0.17] , [0.79 , 0.12 , 0.09] , [0.86 , 0.08 , 0.06] , [0.90 , 0.06 , 0.05] , [0.92 , 0.05 , 0.04] , [0.93 , 0.04 , 0.03] , [0.94 , 0.03 , 0.03] , [0.94 , 0.03 , 0.03] , [0.95 , 0.03 , 0.02]}
2025-12-12 08:10:20,978 MambaPro.train INFO: best_Experts:{[0.95 , 0.03 , 0.02]}
2025-12-12 08:10:20,978 MambaPro.train INFO: 🔥 MoE损失(Val): 平衡=1.0484, 稀疏性=0.1526, 多样性=0.1510, 总=0.0012 (权重: 平衡=0.001, 稀疏性=0.000, 多样性=0.001)
2025-12-12 08:10:20,978 MambaPro.train INFO:    📊 专家权重分布(Val): [0.95 , 0.03 , 0.02]
2025-12-12 08:10:21,112 MambaPro.train INFO: ============================================================
