2025-12-12 13:36:28,244 MambaPro INFO: ================================================================================
2025-12-12 13:36:28,244 MambaPro INFO: 🧾 实验参数快照（命令行 + 最终配置）
2025-12-12 13:36:28,244 MambaPro INFO: ================================================================================
2025-12-12 13:36:28,244 MambaPro INFO: 【复现实验命令】
2025-12-12 13:36:28,244 MambaPro INFO: /home/zubuntu/miniconda/envs/MambaPro/bin/python train_net.py --config_file mybest_model/experiment_20251013_110028/configs/experiment_config.yml OUTPUT_DIR ./outputs/replay_best_tml
2025-12-12 13:36:28,244 MambaPro INFO: 【命令行参数（args）】
2025-12-12 13:36:28,244 MambaPro INFO: {
2025-12-12 13:36:28,244 MambaPro INFO:   "config_file": "mybest_model/experiment_20251013_110028/configs/experiment_config.yml",
2025-12-12 13:36:28,244 MambaPro INFO:   "fea_cft": 0,
2025-12-12 13:36:28,244 MambaPro INFO:   "opts": [
2025-12-12 13:36:28,244 MambaPro INFO:     "OUTPUT_DIR",
2025-12-12 13:36:28,244 MambaPro INFO:     "./outputs/replay_best_tml"
2025-12-12 13:36:28,244 MambaPro INFO:   ],
2025-12-12 13:36:28,244 MambaPro INFO:   "local_rank": 0,
2025-12-12 13:36:28,244 MambaPro INFO:   "use_multi_scale": false,
2025-12-12 13:36:28,244 MambaPro INFO:   "no_multi_scale": false,
2025-12-12 13:36:28,244 MambaPro INFO:   "use_moe": false,
2025-12-12 13:36:28,244 MambaPro INFO:   "disable_moe": false,
2025-12-12 13:36:28,244 MambaPro INFO:   "no_moe": false,
2025-12-12 13:36:28,244 MambaPro INFO:   "use_attention": false,
2025-12-12 13:36:28,244 MambaPro INFO:   "disable_attention": false,
2025-12-12 13:36:28,245 MambaPro INFO:   "attention_heads": 8,
2025-12-12 13:36:28,245 MambaPro INFO:   "attention_dropout": 0.1
2025-12-12 13:36:28,245 MambaPro INFO: }
2025-12-12 13:36:28,245 MambaPro INFO: 【工作目录】/home/zubuntu/workspace/yzy/MambaPro
2025-12-12 13:36:28,245 MambaPro INFO: 【最终配置（YAML）】
2025-12-12 13:36:28,247 MambaPro INFO: DATALOADER:
2025-12-12 13:36:28,247 MambaPro INFO:   NUM_INSTANCE: 8
2025-12-12 13:36:28,247 MambaPro INFO:   NUM_WORKERS: 8
2025-12-12 13:36:28,247 MambaPro INFO:   SAMPLER: softmax_triplet
2025-12-12 13:36:28,247 MambaPro INFO: DATASETS:
2025-12-12 13:36:28,247 MambaPro INFO:   NAMES: RGBNT201
2025-12-12 13:36:28,247 MambaPro INFO:   ROOT_DIR: /home/zubuntu/workspace/yzy/MambaPro/data/
2025-12-12 13:36:28,247 MambaPro INFO: INPUT:
2025-12-12 13:36:28,247 MambaPro INFO:   PADDING: 10
2025-12-12 13:36:28,247 MambaPro INFO:   PIXEL_MEAN:
2025-12-12 13:36:28,247 MambaPro INFO:   - 0.5
2025-12-12 13:36:28,247 MambaPro INFO:   - 0.5
2025-12-12 13:36:28,247 MambaPro INFO:   - 0.5
2025-12-12 13:36:28,247 MambaPro INFO:   PIXEL_STD:
2025-12-12 13:36:28,247 MambaPro INFO:   - 0.5
2025-12-12 13:36:28,247 MambaPro INFO:   - 0.5
2025-12-12 13:36:28,247 MambaPro INFO:   - 0.5
2025-12-12 13:36:28,247 MambaPro INFO:   PROB: 0.5
2025-12-12 13:36:28,247 MambaPro INFO:   RE_PROB: 0.5
2025-12-12 13:36:28,247 MambaPro INFO:   SIZE_TEST:
2025-12-12 13:36:28,248 MambaPro INFO:   - 256
2025-12-12 13:36:28,248 MambaPro INFO:   - 128
2025-12-12 13:36:28,248 MambaPro INFO:   SIZE_TRAIN:
2025-12-12 13:36:28,248 MambaPro INFO:   - 256
2025-12-12 13:36:28,248 MambaPro INFO:   - 128
2025-12-12 13:36:28,248 MambaPro INFO: MODEL:
2025-12-12 13:36:28,248 MambaPro INFO:   ADAPTER: true
2025-12-12 13:36:28,248 MambaPro INFO:   ATTENTION_DIM: 512
2025-12-12 13:36:28,248 MambaPro INFO:   ATTENTION_DROPOUT: 0.1
2025-12-12 13:36:28,248 MambaPro INFO:   ATTENTION_NUM_HEADS: 8
2025-12-12 13:36:28,248 MambaPro INFO:   ATT_DROP_RATE: 0.0
2025-12-12 13:36:28,248 MambaPro INFO:   CLIP_MULTI_SCALE_SCALES:
2025-12-12 13:36:28,248 MambaPro INFO:   - 4
2025-12-12 13:36:28,248 MambaPro INFO:   - 8
2025-12-12 13:36:28,248 MambaPro INFO:   - 16
2025-12-12 13:36:28,248 MambaPro INFO:   DEVICE: cuda
2025-12-12 13:36:28,248 MambaPro INFO:   DEVICE_ID: '0'
2025-12-12 13:36:28,248 MambaPro INFO:   DIRECT: 1
2025-12-12 13:36:28,248 MambaPro INFO:   DIST_TRAIN: false
2025-12-12 13:36:28,248 MambaPro INFO:   DROP_OUT: 0.0
2025-12-12 13:36:28,248 MambaPro INFO:   DROP_PATH: 0.1
2025-12-12 13:36:28,248 MambaPro INFO:   FLOPS_TEST: false
2025-12-12 13:36:28,248 MambaPro INFO:   FROZEN: true
2025-12-12 13:36:28,248 MambaPro INFO:   GATE_DROPOUT: 0.1
2025-12-12 13:36:28,248 MambaPro INFO:   ID_LOSS_TYPE: softmax
2025-12-12 13:36:28,248 MambaPro INFO:   ID_LOSS_WEIGHT: 0.25
2025-12-12 13:36:28,248 MambaPro INFO:   IF_LABELSMOOTH: 'on'
2025-12-12 13:36:28,248 MambaPro INFO:   IF_WITH_CENTER: 'no'
2025-12-12 13:36:28,248 MambaPro INFO:   LAYER: -1
2025-12-12 13:36:28,248 MambaPro INFO:   MAMBA: true
2025-12-12 13:36:28,248 MambaPro INFO:   MAMBA_BI: false
2025-12-12 13:36:28,248 MambaPro INFO:   METRIC_LOSS_TYPE: triplet
2025-12-12 13:36:28,248 MambaPro INFO:   MOE_BALANCE_LOSS_WEIGHT: 0.01
2025-12-12 13:36:28,248 MambaPro INFO:   MOE_DIVERSITY_LOSS_WEIGHT: 0.01
2025-12-12 13:36:28,248 MambaPro INFO:   MOE_EXPERT_DROPOUT: 0.1
2025-12-12 13:36:28,248 MambaPro INFO:   MOE_EXPERT_HIDDEN_DIM: 1024
2025-12-12 13:36:28,248 MambaPro INFO:   MOE_EXPERT_LAYERS: 2
2025-12-12 13:36:28,248 MambaPro INFO:   MOE_EXPERT_THRESHOLD: 0.1
2025-12-12 13:36:28,248 MambaPro INFO:   MOE_FIXED_WEIGHTS:
2025-12-12 13:36:28,248 MambaPro INFO:   - 0.33
2025-12-12 13:36:28,248 MambaPro INFO:   - 0.33
2025-12-12 13:36:28,248 MambaPro INFO:   - 0.34
2025-12-12 13:36:28,248 MambaPro INFO:   MOE_GATE_DROPOUT: 0.1
2025-12-12 13:36:28,248 MambaPro INFO:   MOE_GATE_LAYERS: 2
2025-12-12 13:36:28,248 MambaPro INFO:   MOE_INIT_WEIGHTS: null
2025-12-12 13:36:28,248 MambaPro INFO:   MOE_NUM_EXPERTS: 3
2025-12-12 13:36:28,248 MambaPro INFO:   MOE_RESIDUAL_WEIGHT: 1.0
2025-12-12 13:36:28,248 MambaPro INFO:   MOE_SCALES:
2025-12-12 13:36:28,248 MambaPro INFO:   - 4
2025-12-12 13:36:28,248 MambaPro INFO:   - 8
2025-12-12 13:36:28,248 MambaPro INFO:   - 16
2025-12-12 13:36:28,248 MambaPro INFO:   MOE_SPARSITY_LOSS_WEIGHT: 0.001
2025-12-12 13:36:28,248 MambaPro INFO:   MOE_TEMPERATURE: 0.7
2025-12-12 13:36:28,248 MambaPro INFO:   MOE_TOP_K: 2
2025-12-12 13:36:28,248 MambaPro INFO:   MOE_TOP_K_MODE: soft
2025-12-12 13:36:28,248 MambaPro INFO:   MOE_USE_FIXED_WEIGHTS: false
2025-12-12 13:36:28,248 MambaPro INFO:   MOE_USE_TOP_K_ROUTING: false
2025-12-12 13:36:28,248 MambaPro INFO:   MULTI_SCALE_SCALES:
2025-12-12 13:36:28,248 MambaPro INFO:   - 4
2025-12-12 13:36:28,248 MambaPro INFO:   - 8
2025-12-12 13:36:28,248 MambaPro INFO:   - 16
2025-12-12 13:36:28,248 MambaPro INFO:   NAME: MambaPro
2025-12-12 13:36:28,248 MambaPro INFO:   NECK: bnneck
2025-12-12 13:36:28,248 MambaPro INFO:   NO_MARGIN: true
2025-12-12 13:36:28,248 MambaPro INFO:   PREFIX_NUM: 1
2025-12-12 13:36:28,248 MambaPro INFO:   PRETRAIN_PATH_T: /home/zubuntu/workspace/yzy/MambaPro/pths/ViT-B-16.pt
2025-12-12 13:36:28,248 MambaPro INFO:   PROMPT: true
2025-12-12 13:36:28,248 MambaPro INFO:   SIE_CAMERA: true
2025-12-12 13:36:28,248 MambaPro INFO:   SIE_COE: 1.0
2025-12-12 13:36:28,248 MambaPro INFO:   SIE_VIEW: false
2025-12-12 13:36:28,248 MambaPro INFO:   STRIDE_SIZE:
2025-12-12 13:36:28,248 MambaPro INFO:   - 16
2025-12-12 13:36:28,248 MambaPro INFO:   - 16
2025-12-12 13:36:28,248 MambaPro INFO:   TRANSFORMER_TYPE: ViT-B-16
2025-12-12 13:36:28,248 MambaPro INFO:   TRIPLET_LOSS_WEIGHT: 1.0
2025-12-12 13:36:28,249 MambaPro INFO:   USE_ATTENTION_FUSION: false
2025-12-12 13:36:28,249 MambaPro INFO:   USE_CLIP_MULTI_SCALE: true
2025-12-12 13:36:28,249 MambaPro INFO:   USE_GATE_FUSION: false
2025-12-12 13:36:28,249 MambaPro INFO:   USE_MULTI_SCALE: false
2025-12-12 13:36:28,249 MambaPro INFO:   USE_MULTI_SCALE_MOE: true
2025-12-12 13:36:28,249 MambaPro INFO: OUTPUT_DIR: ./outputs/replay_best_tml/run_20251212_133628
2025-12-12 13:36:28,249 MambaPro INFO: SOLVER:
2025-12-12 13:36:28,249 MambaPro INFO:   BASE_LR: 0.0005
2025-12-12 13:36:28,249 MambaPro INFO:   BIAS_LR_FACTOR: 2
2025-12-12 13:36:28,249 MambaPro INFO:   CENTER_LOSS_WEIGHT: 0.0005
2025-12-12 13:36:28,249 MambaPro INFO:   CENTER_LR: 0.5
2025-12-12 13:36:28,249 MambaPro INFO:   CHECKPOINT_PERIOD: 10
2025-12-12 13:36:28,249 MambaPro INFO:   CLUSTER_MARGIN: 0.3
2025-12-12 13:36:28,249 MambaPro INFO:   COSINE_MARGIN: 0.5
2025-12-12 13:36:28,249 MambaPro INFO:   COSINE_SCALE: 30
2025-12-12 13:36:28,249 MambaPro INFO:   EVAL_PERIOD: 5
2025-12-12 13:36:28,249 MambaPro INFO:   GAMMA: 0.1
2025-12-12 13:36:28,249 MambaPro INFO:   IMS_PER_BATCH: 32
2025-12-12 13:36:28,249 MambaPro INFO:   LARGE_FC_LR: false
2025-12-12 13:36:28,249 MambaPro INFO:   LOG_PERIOD: 10
2025-12-12 13:36:28,249 MambaPro INFO:   MARGIN: 0.3
2025-12-12 13:36:28,249 MambaPro INFO:   MAX_EPOCHS: 60
2025-12-12 13:36:28,249 MambaPro INFO:   MOE_BALANCE_LOSS_WEIGHT: 0.001
2025-12-12 13:36:28,249 MambaPro INFO:   MOE_BALANCE_LOSS_WEIGHT_END: 0.1
2025-12-12 13:36:28,249 MambaPro INFO:   MOE_BALANCE_LOSS_WEIGHT_START: 0.001
2025-12-12 13:36:28,249 MambaPro INFO:   MOE_BALANCE_THRESHOLD: 0.3
2025-12-12 13:36:28,249 MambaPro INFO:   MOE_DIVERSITY_LOSS_WEIGHT: 0.001
2025-12-12 13:36:28,249 MambaPro INFO:   MOE_DIVERSITY_LOSS_WEIGHT_END: 0.1
2025-12-12 13:36:28,249 MambaPro INFO:   MOE_DIVERSITY_LOSS_WEIGHT_START: 0.001
2025-12-12 13:36:28,249 MambaPro INFO:   MOE_GATE_LR_FACTOR: 0.01
2025-12-12 13:36:28,249 MambaPro INFO:   MOE_LOSS_WEIGHT_SCHEDULE_TYPE: cosine
2025-12-12 13:36:28,249 MambaPro INFO:   MOE_LOSS_WEIGHT_WARMUP_EPOCHS: 5
2025-12-12 13:36:28,249 MambaPro INFO:   MOE_SPARSITY_LOSS_WEIGHT: 0.0001
2025-12-12 13:36:28,249 MambaPro INFO:   MOE_USE_DYNAMIC_LOSS_WEIGHT: false
2025-12-12 13:36:28,249 MambaPro INFO:   MOMENTUM: 0.9
2025-12-12 13:36:28,249 MambaPro INFO:   OPTIMIZER_NAME: Adam
2025-12-12 13:36:28,249 MambaPro INFO:   RANGE_ALPHA: 0
2025-12-12 13:36:28,249 MambaPro INFO:   RANGE_BETA: 1
2025-12-12 13:36:28,249 MambaPro INFO:   RANGE_K: 2
2025-12-12 13:36:28,249 MambaPro INFO:   RANGE_LOSS_WEIGHT: 1
2025-12-12 13:36:28,249 MambaPro INFO:   RANGE_MARGIN: 0.3
2025-12-12 13:36:28,249 MambaPro INFO:   SEED: 42
2025-12-12 13:36:28,249 MambaPro INFO:   STEPS:
2025-12-12 13:36:28,249 MambaPro INFO:   - 30
2025-12-12 13:36:28,249 MambaPro INFO:   - 50
2025-12-12 13:36:28,249 MambaPro INFO:   WARMUP_FACTOR: 0.01
2025-12-12 13:36:28,249 MambaPro INFO:   WARMUP_ITERS: 20
2025-12-12 13:36:28,249 MambaPro INFO:   WARMUP_METHOD: linear
2025-12-12 13:36:28,249 MambaPro INFO:   WEIGHT_DECAY: 0.0005
2025-12-12 13:36:28,249 MambaPro INFO:   WEIGHT_DECAY_BIAS: 0.0005
2025-12-12 13:36:28,249 MambaPro INFO: TEST:
2025-12-12 13:36:28,249 MambaPro INFO:   FEAT: 0
2025-12-12 13:36:28,249 MambaPro INFO:   FEAT_NORM: 'yes'
2025-12-12 13:36:28,249 MambaPro INFO:   IMS_PER_BATCH: 64
2025-12-12 13:36:28,249 MambaPro INFO:   MISS: nothing
2025-12-12 13:36:28,249 MambaPro INFO:   NECK_FEAT: after
2025-12-12 13:36:28,249 MambaPro INFO:   RE_RANKING: 'no'
2025-12-12 13:36:28,249 MambaPro INFO:   WEIGHT: /home/zubuntu/workspace/yzy/MambaPro/pths/MambaProbest.pth
2025-12-12 13:36:28,249 MambaPro INFO: ================================================================================
2025-12-12 13:36:30,375 MambaPro.train INFO: start training
2025-12-12 13:36:50,779 MambaPro.train INFO: Epoch 1 done. Time per batch: 0.191[s] Speed: 168.0[samples/s]
2025-12-12 13:37:10,721 MambaPro.train INFO: Epoch 2 done. Time per batch: 0.186[s] Speed: 171.7[samples/s]
2025-12-12 13:37:30,761 MambaPro.train INFO: Epoch 3 done. Time per batch: 0.187[s] Speed: 170.9[samples/s]
2025-12-12 13:37:50,770 MambaPro.train INFO: Epoch 4 done. Time per batch: 0.187[s] Speed: 171.1[samples/s]
2025-12-12 13:38:10,795 MambaPro.train INFO: Epoch 5 done. Time per batch: 0.187[s] Speed: 171.0[samples/s]
2025-12-12 13:38:18,392 MambaPro.train INFO: Validation Results - Epoch: 5
2025-12-12 13:38:18,393 MambaPro.train INFO: Current mAP: 60.0%
2025-12-12 13:38:18,393 MambaPro.train INFO: CMC curve, Rank-1  :64.6%
2025-12-12 13:38:18,393 MambaPro.train INFO: CMC curve, Rank-5  :76.9%
2025-12-12 13:38:18,393 MambaPro.train INFO: CMC curve, Rank-10 :83.6%
2025-12-12 13:38:18,394 MambaPro.train INFO: 🎯 New Best! Saving model...
2025-12-12 13:38:18,818 MambaPro.train INFO: [Epoch 5] 指标集合列表（历史）
2025-12-12 13:38:18,818 MambaPro.train INFO: history_mAP:{60.0}
2025-12-12 13:38:18,818 MambaPro.train INFO: best_mAP:{60.0}
2025-12-12 13:38:18,818 MambaPro.train INFO: history_Rank-1:{64.6}
2025-12-12 13:38:18,818 MambaPro.train INFO: best_Rank-1:{64.6}
2025-12-12 13:38:18,818 MambaPro.train INFO: history_Rank-5:{76.9}
2025-12-12 13:38:18,818 MambaPro.train INFO: best_Rank-5:{76.9}
2025-12-12 13:38:18,818 MambaPro.train INFO: history_Rank-10:{83.6}
2025-12-12 13:38:18,818 MambaPro.train INFO: best_Rank-10:{83.6}
2025-12-12 13:38:18,818 MambaPro.train INFO: history_Experts:{[0.35 , 0.34 , 0.31]}
2025-12-12 13:38:18,818 MambaPro.train INFO: best_Experts:{[0.35 , 0.34 , 0.31]}
2025-12-12 13:38:18,818 MambaPro.train INFO: 🔥 MoE损失(Val): 平衡=0.0000, 稀疏性=0.9984, 多样性=2.6543, 总=0.0028 (权重: 平衡=0.001, 稀疏性=0.000, 多样性=0.001)
2025-12-12 13:38:18,818 MambaPro.train INFO:    📊 专家权重分布(Val): [0.35 , 0.34 , 0.31]
2025-12-12 13:38:39,011 MambaPro.train INFO: Epoch 6 done. Time per batch: 0.187[s] Speed: 170.7[samples/s]
2025-12-12 13:38:59,072 MambaPro.train INFO: Epoch 7 done. Time per batch: 0.187[s] Speed: 170.7[samples/s]
2025-12-12 13:39:19,101 MambaPro.train INFO: Epoch 8 done. Time per batch: 0.187[s] Speed: 171.0[samples/s]
2025-12-12 13:39:39,143 MambaPro.train INFO: Epoch 9 done. Time per batch: 0.187[s] Speed: 170.8[samples/s]
2025-12-12 13:39:59,262 MambaPro.train INFO: Epoch 10 done. Time per batch: 0.188[s] Speed: 170.2[samples/s]
2025-12-12 13:40:07,299 MambaPro.train INFO: Validation Results - Epoch: 10
2025-12-12 13:40:07,299 MambaPro.train INFO: Current mAP: 34.1%
2025-12-12 13:40:07,299 MambaPro.train INFO: CMC curve, Rank-1  :35.2%
2025-12-12 13:40:07,299 MambaPro.train INFO: CMC curve, Rank-5  :51.8%
2025-12-12 13:40:07,299 MambaPro.train INFO: CMC curve, Rank-10 :59.8%
2025-12-12 13:40:07,300 MambaPro.train INFO: [Epoch 10] 指标集合列表（历史）
2025-12-12 13:40:07,300 MambaPro.train INFO: history_mAP:{60.0 , 34.1}
2025-12-12 13:40:07,300 MambaPro.train INFO: best_mAP:{60.0}
2025-12-12 13:40:07,300 MambaPro.train INFO: history_Rank-1:{64.6 , 35.2}
2025-12-12 13:40:07,300 MambaPro.train INFO: best_Rank-1:{64.6}
2025-12-12 13:40:07,300 MambaPro.train INFO: history_Rank-5:{76.9 , 51.8}
2025-12-12 13:40:07,300 MambaPro.train INFO: best_Rank-5:{76.9}
2025-12-12 13:40:07,300 MambaPro.train INFO: history_Rank-10:{83.6 , 59.8}
2025-12-12 13:40:07,300 MambaPro.train INFO: best_Rank-10:{83.6}
2025-12-12 13:40:07,300 MambaPro.train INFO: history_Experts:{[0.35 , 0.34 , 0.31] , [0.37 , 0.34 , 0.29]}
2025-12-12 13:40:07,300 MambaPro.train INFO: best_Experts:{[0.35 , 0.34 , 0.31]}
2025-12-12 13:40:07,300 MambaPro.train INFO: 🔥 MoE损失(Val): 平衡=0.0000, 稀疏性=0.9957, 多样性=2.6324, 总=0.0027 (权重: 平衡=0.001, 稀疏性=0.000, 多样性=0.001)
2025-12-12 13:40:07,300 MambaPro.train INFO:    📊 专家权重分布(Val): [0.37 , 0.34 , 0.29]
2025-12-12 13:40:27,310 MambaPro.train INFO: Epoch 11 done. Time per batch: 0.187[s] Speed: 170.7[samples/s]
2025-12-12 13:40:47,431 MambaPro.train INFO: Epoch 12 done. Time per batch: 0.188[s] Speed: 170.2[samples/s]
2025-12-12 13:41:07,472 MambaPro.train INFO: Epoch 13 done. Time per batch: 0.187[s] Speed: 170.8[samples/s]
2025-12-12 13:41:27,513 MambaPro.train INFO: Epoch 14 done. Time per batch: 0.187[s] Speed: 170.9[samples/s]
2025-12-12 13:41:47,686 MambaPro.train INFO: Epoch 15 done. Time per batch: 0.189[s] Speed: 169.7[samples/s]
2025-12-12 13:41:55,263 MambaPro.train INFO: Validation Results - Epoch: 15
2025-12-12 13:41:55,263 MambaPro.train INFO: Current mAP: 52.5%
2025-12-12 13:41:55,263 MambaPro.train INFO: CMC curve, Rank-1  :59.7%
2025-12-12 13:41:55,263 MambaPro.train INFO: CMC curve, Rank-5  :73.4%
2025-12-12 13:41:55,263 MambaPro.train INFO: CMC curve, Rank-10 :79.8%
2025-12-12 13:41:55,264 MambaPro.train INFO: [Epoch 15] 指标集合列表（历史）
2025-12-12 13:41:55,264 MambaPro.train INFO: history_mAP:{60.0 , 34.1 , 52.5}
2025-12-12 13:41:55,264 MambaPro.train INFO: best_mAP:{60.0}
2025-12-12 13:41:55,264 MambaPro.train INFO: history_Rank-1:{64.6 , 35.2 , 59.7}
2025-12-12 13:41:55,264 MambaPro.train INFO: best_Rank-1:{64.6}
2025-12-12 13:41:55,264 MambaPro.train INFO: history_Rank-5:{76.9 , 51.8 , 73.4}
2025-12-12 13:41:55,264 MambaPro.train INFO: best_Rank-5:{76.9}
2025-12-12 13:41:55,264 MambaPro.train INFO: history_Rank-10:{83.6 , 59.8 , 79.8}
2025-12-12 13:41:55,264 MambaPro.train INFO: best_Rank-10:{83.6}
2025-12-12 13:41:55,264 MambaPro.train INFO: history_Experts:{[0.35 , 0.34 , 0.31] , [0.37 , 0.34 , 0.29] , [0.41 , 0.34 , 0.26]}
2025-12-12 13:41:55,264 MambaPro.train INFO: best_Experts:{[0.35 , 0.34 , 0.31]}
2025-12-12 13:41:55,264 MambaPro.train INFO: 🔥 MoE损失(Val): 平衡=0.0000, 稀疏性=0.9833, 多样性=2.5373, 总=0.0026 (权重: 平衡=0.001, 稀疏性=0.000, 多样性=0.001)
2025-12-12 13:41:55,264 MambaPro.train INFO:    📊 专家权重分布(Val): [0.41 , 0.34 , 0.26]
2025-12-12 13:42:15,586 MambaPro.train INFO: Epoch 16 done. Time per batch: 0.189[s] Speed: 169.6[samples/s]
2025-12-12 13:42:35,707 MambaPro.train INFO: Epoch 17 done. Time per batch: 0.188[s] Speed: 170.2[samples/s]
2025-12-12 13:42:55,627 MambaPro.train INFO: Epoch 18 done. Time per batch: 0.188[s] Speed: 170.3[samples/s]
2025-12-12 13:43:15,755 MambaPro.train INFO: Epoch 19 done. Time per batch: 0.188[s] Speed: 170.1[samples/s]
2025-12-12 13:43:35,871 MambaPro.train INFO: Epoch 20 done. Time per batch: 0.188[s] Speed: 170.2[samples/s]
2025-12-12 13:43:43,812 MambaPro.train INFO: Validation Results - Epoch: 20
2025-12-12 13:43:43,812 MambaPro.train INFO: Current mAP: 58.3%
2025-12-12 13:43:43,812 MambaPro.train INFO: CMC curve, Rank-1  :64.2%
2025-12-12 13:43:43,812 MambaPro.train INFO: CMC curve, Rank-5  :74.9%
2025-12-12 13:43:43,812 MambaPro.train INFO: CMC curve, Rank-10 :82.1%
2025-12-12 13:43:43,813 MambaPro.train INFO: [Epoch 20] 指标集合列表（历史）
2025-12-12 13:43:43,813 MambaPro.train INFO: history_mAP:{60.0 , 34.1 , 52.5 , 58.3}
2025-12-12 13:43:43,813 MambaPro.train INFO: best_mAP:{60.0}
2025-12-12 13:43:43,813 MambaPro.train INFO: history_Rank-1:{64.6 , 35.2 , 59.7 , 64.2}
2025-12-12 13:43:43,813 MambaPro.train INFO: best_Rank-1:{64.6}
2025-12-12 13:43:43,813 MambaPro.train INFO: history_Rank-5:{76.9 , 51.8 , 73.4 , 74.9}
2025-12-12 13:43:43,813 MambaPro.train INFO: best_Rank-5:{76.9}
2025-12-12 13:43:43,813 MambaPro.train INFO: history_Rank-10:{83.6 , 59.8 , 79.8 , 82.1}
2025-12-12 13:43:43,813 MambaPro.train INFO: best_Rank-10:{83.6}
2025-12-12 13:43:43,813 MambaPro.train INFO: history_Experts:{[0.35 , 0.34 , 0.31] , [0.37 , 0.34 , 0.29] , [0.41 , 0.34 , 0.26] , [0.61 , 0.23 , 0.15]}
2025-12-12 13:43:43,813 MambaPro.train INFO: best_Experts:{[0.35 , 0.34 , 0.31]}
2025-12-12 13:43:43,813 MambaPro.train INFO: 🔥 MoE损失(Val): 平衡=0.1156, 稀疏性=0.8197, 多样性=1.6068, 总=0.0018 (权重: 平衡=0.001, 稀疏性=0.000, 多样性=0.001)
2025-12-12 13:43:43,813 MambaPro.train INFO:    📊 专家权重分布(Val): [0.61 , 0.23 , 0.15]
2025-12-12 13:44:03,934 MambaPro.train INFO: Epoch 21 done. Time per batch: 0.189[s] Speed: 169.7[samples/s]
2025-12-12 13:44:24,125 MambaPro.train INFO: Epoch 22 done. Time per batch: 0.189[s] Speed: 169.6[samples/s]
2025-12-12 13:44:44,298 MambaPro.train INFO: Epoch 23 done. Time per batch: 0.189[s] Speed: 169.7[samples/s]
2025-12-12 13:45:04,411 MambaPro.train INFO: Epoch 24 done. Time per batch: 0.188[s] Speed: 170.2[samples/s]
2025-12-12 13:45:24,379 MambaPro.train INFO: Epoch 25 done. Time per batch: 0.188[s] Speed: 169.9[samples/s]
2025-12-12 13:45:31,949 MambaPro.train INFO: Validation Results - Epoch: 25
2025-12-12 13:45:31,949 MambaPro.train INFO: Current mAP: 74.1%
2025-12-12 13:45:31,949 MambaPro.train INFO: CMC curve, Rank-1  :76.2%
2025-12-12 13:45:31,949 MambaPro.train INFO: CMC curve, Rank-5  :84.6%
2025-12-12 13:45:31,949 MambaPro.train INFO: CMC curve, Rank-10 :88.3%
2025-12-12 13:45:31,950 MambaPro.train INFO: 🎯 New Best! Saving model...
2025-12-12 13:45:32,754 MambaPro.train INFO: [Epoch 25] 指标集合列表（历史）
2025-12-12 13:45:32,754 MambaPro.train INFO: history_mAP:{60.0 , 34.1 , 52.5 , 58.3 , 74.1}
2025-12-12 13:45:32,754 MambaPro.train INFO: best_mAP:{74.1}
2025-12-12 13:45:32,754 MambaPro.train INFO: history_Rank-1:{64.6 , 35.2 , 59.7 , 64.2 , 76.2}
2025-12-12 13:45:32,755 MambaPro.train INFO: best_Rank-1:{76.2}
2025-12-12 13:45:32,755 MambaPro.train INFO: history_Rank-5:{76.9 , 51.8 , 73.4 , 74.9 , 84.6}
2025-12-12 13:45:32,755 MambaPro.train INFO: best_Rank-5:{84.6}
2025-12-12 13:45:32,755 MambaPro.train INFO: history_Rank-10:{83.6 , 59.8 , 79.8 , 82.1 , 88.3}
2025-12-12 13:45:32,755 MambaPro.train INFO: best_Rank-10:{88.3}
2025-12-12 13:45:32,755 MambaPro.train INFO: history_Experts:{[0.35 , 0.34 , 0.31] , [0.37 , 0.34 , 0.29] , [0.41 , 0.34 , 0.26] , [0.61 , 0.23 , 0.15] , [0.81 , 0.11 , 0.08]}
2025-12-12 13:45:32,755 MambaPro.train INFO: best_Experts:{[0.81 , 0.11 , 0.08]}
2025-12-12 13:45:32,755 MambaPro.train INFO: 🔥 MoE损失(Val): 平衡=0.5298, 稀疏性=0.4965, 多样性=0.6597, 总=0.0012 (权重: 平衡=0.001, 稀疏性=0.000, 多样性=0.001)
2025-12-12 13:45:32,755 MambaPro.train INFO:    📊 专家权重分布(Val): [0.81 , 0.11 , 0.08]
2025-12-12 13:45:53,009 MambaPro.train INFO: Epoch 26 done. Time per batch: 0.188[s] Speed: 170.2[samples/s]
2025-12-12 13:46:13,113 MambaPro.train INFO: Epoch 27 done. Time per batch: 0.188[s] Speed: 170.3[samples/s]
2025-12-12 13:46:33,268 MambaPro.train INFO: Epoch 28 done. Time per batch: 0.188[s] Speed: 169.9[samples/s]
2025-12-12 13:46:53,402 MambaPro.train INFO: Epoch 29 done. Time per batch: 0.188[s] Speed: 170.1[samples/s]
2025-12-12 13:47:13,538 MambaPro.train INFO: Epoch 30 done. Time per batch: 0.188[s] Speed: 170.0[samples/s]
2025-12-12 13:47:21,564 MambaPro.train INFO: Validation Results - Epoch: 30
2025-12-12 13:47:21,565 MambaPro.train INFO: Current mAP: 74.9%
2025-12-12 13:47:21,565 MambaPro.train INFO: CMC curve, Rank-1  :77.9%
2025-12-12 13:47:21,565 MambaPro.train INFO: CMC curve, Rank-5  :85.2%
2025-12-12 13:47:21,565 MambaPro.train INFO: CMC curve, Rank-10 :90.0%
2025-12-12 13:47:21,566 MambaPro.train INFO: 🎯 New Best! Saving model...
2025-12-12 13:47:22,175 MambaPro.train INFO: [Epoch 30] 指标集合列表（历史）
2025-12-12 13:47:22,175 MambaPro.train INFO: history_mAP:{60.0 , 34.1 , 52.5 , 58.3 , 74.1 , 74.9}
2025-12-12 13:47:22,175 MambaPro.train INFO: best_mAP:{74.9}
2025-12-12 13:47:22,175 MambaPro.train INFO: history_Rank-1:{64.6 , 35.2 , 59.7 , 64.2 , 76.2 , 77.9}
2025-12-12 13:47:22,175 MambaPro.train INFO: best_Rank-1:{77.9}
2025-12-12 13:47:22,175 MambaPro.train INFO: history_Rank-5:{76.9 , 51.8 , 73.4 , 74.9 , 84.6 , 85.2}
2025-12-12 13:47:22,175 MambaPro.train INFO: best_Rank-5:{85.2}
2025-12-12 13:47:22,175 MambaPro.train INFO: history_Rank-10:{83.6 , 59.8 , 79.8 , 82.1 , 88.3 , 90.0}
2025-12-12 13:47:22,175 MambaPro.train INFO: best_Rank-10:{90.0}
2025-12-12 13:47:22,175 MambaPro.train INFO: history_Experts:{[0.35 , 0.34 , 0.31] , [0.37 , 0.34 , 0.29] , [0.41 , 0.34 , 0.26] , [0.61 , 0.23 , 0.15] , [0.81 , 0.11 , 0.08] , [0.87 , 0.07 , 0.06]}
2025-12-12 13:47:22,175 MambaPro.train INFO: best_Experts:{[0.87 , 0.07 , 0.06]}
2025-12-12 13:47:22,175 MambaPro.train INFO: 🔥 MoE损失(Val): 平衡=0.7441, 稀疏性=0.3507, 多样性=0.4068, 总=0.0012 (权重: 平衡=0.001, 稀疏性=0.000, 多样性=0.001)
2025-12-12 13:47:22,175 MambaPro.train INFO:    📊 专家权重分布(Val): [0.87 , 0.07 , 0.06]
2025-12-12 13:47:42,496 MambaPro.train INFO: Epoch 31 done. Time per batch: 0.189[s] Speed: 169.7[samples/s]
2025-12-12 13:48:02,547 MambaPro.train INFO: Epoch 32 done. Time per batch: 0.189[s] Speed: 169.2[samples/s]
2025-12-12 13:48:22,900 MambaPro.train INFO: Epoch 33 done. Time per batch: 0.190[s] Speed: 168.2[samples/s]
2025-12-12 13:48:42,828 MambaPro.train INFO: Epoch 34 done. Time per batch: 0.188[s] Speed: 170.2[samples/s]
2025-12-12 13:49:02,903 MambaPro.train INFO: Epoch 35 done. Time per batch: 0.188[s] Speed: 170.6[samples/s]
2025-12-12 13:49:10,483 MambaPro.train INFO: Validation Results - Epoch: 35
2025-12-12 13:49:10,483 MambaPro.train INFO: Current mAP: 73.9%
2025-12-12 13:49:10,483 MambaPro.train INFO: CMC curve, Rank-1  :75.1%
2025-12-12 13:49:10,483 MambaPro.train INFO: CMC curve, Rank-5  :84.0%
2025-12-12 13:49:10,483 MambaPro.train INFO: CMC curve, Rank-10 :89.7%
2025-12-12 13:49:10,484 MambaPro.train INFO: [Epoch 35] 指标集合列表（历史）
2025-12-12 13:49:10,484 MambaPro.train INFO: history_mAP:{60.0 , 34.1 , 52.5 , 58.3 , 74.1 , 74.9 , 73.9}
2025-12-12 13:49:10,484 MambaPro.train INFO: best_mAP:{74.9}
2025-12-12 13:49:10,484 MambaPro.train INFO: history_Rank-1:{64.6 , 35.2 , 59.7 , 64.2 , 76.2 , 77.9 , 75.1}
2025-12-12 13:49:10,484 MambaPro.train INFO: best_Rank-1:{77.9}
2025-12-12 13:49:10,484 MambaPro.train INFO: history_Rank-5:{76.9 , 51.8 , 73.4 , 74.9 , 84.6 , 85.2 , 84.0}
2025-12-12 13:49:10,484 MambaPro.train INFO: best_Rank-5:{85.2}
2025-12-12 13:49:10,484 MambaPro.train INFO: history_Rank-10:{83.6 , 59.8 , 79.8 , 82.1 , 88.3 , 90.0 , 89.7}
2025-12-12 13:49:10,484 MambaPro.train INFO: best_Rank-10:{90.0}
2025-12-12 13:49:10,484 MambaPro.train INFO: history_Experts:{[0.35 , 0.34 , 0.31] , [0.37 , 0.34 , 0.29] , [0.41 , 0.34 , 0.26] , [0.61 , 0.23 , 0.15] , [0.81 , 0.11 , 0.08] , [0.87 , 0.07 , 0.06] , [0.90 , 0.05 , 0.04]}
2025-12-12 13:49:10,484 MambaPro.train INFO: best_Experts:{[0.87 , 0.07 , 0.06]}
2025-12-12 13:49:10,484 MambaPro.train INFO: 🔥 MoE损失(Val): 平衡=0.8673, 稀疏性=0.2695, 多样性=0.2920, 总=0.0012 (权重: 平衡=0.001, 稀疏性=0.000, 多样性=0.001)
2025-12-12 13:49:10,484 MambaPro.train INFO:    📊 专家权重分布(Val): [0.90 , 0.05 , 0.04]
2025-12-12 13:49:30,779 MambaPro.train INFO: Epoch 36 done. Time per batch: 0.188[s] Speed: 169.8[samples/s]
2025-12-12 13:49:50,905 MambaPro.train INFO: Epoch 37 done. Time per batch: 0.188[s] Speed: 170.1[samples/s]
2025-12-12 13:50:10,839 MambaPro.train INFO: Epoch 38 done. Time per batch: 0.188[s] Speed: 170.2[samples/s]
2025-12-12 13:50:30,942 MambaPro.train INFO: Epoch 39 done. Time per batch: 0.188[s] Speed: 170.3[samples/s]
2025-12-12 13:50:50,883 MambaPro.train INFO: Epoch 40 done. Time per batch: 0.188[s] Speed: 170.1[samples/s]
2025-12-12 13:50:58,868 MambaPro.train INFO: Validation Results - Epoch: 40
2025-12-12 13:50:58,869 MambaPro.train INFO: Current mAP: 75.5%
2025-12-12 13:50:58,869 MambaPro.train INFO: CMC curve, Rank-1  :78.2%
2025-12-12 13:50:58,869 MambaPro.train INFO: CMC curve, Rank-5  :87.7%
2025-12-12 13:50:58,869 MambaPro.train INFO: CMC curve, Rank-10 :91.9%
2025-12-12 13:50:58,869 MambaPro.train INFO: 🎯 New Best! Saving model...
2025-12-12 13:50:59,509 MambaPro.train INFO: [Epoch 40] 指标集合列表（历史）
2025-12-12 13:50:59,510 MambaPro.train INFO: history_mAP:{60.0 , 34.1 , 52.5 , 58.3 , 74.1 , 74.9 , 73.9 , 75.5}
2025-12-12 13:50:59,510 MambaPro.train INFO: best_mAP:{75.5}
2025-12-12 13:50:59,510 MambaPro.train INFO: history_Rank-1:{64.6 , 35.2 , 59.7 , 64.2 , 76.2 , 77.9 , 75.1 , 78.2}
2025-12-12 13:50:59,510 MambaPro.train INFO: best_Rank-1:{78.2}
2025-12-12 13:50:59,510 MambaPro.train INFO: history_Rank-5:{76.9 , 51.8 , 73.4 , 74.9 , 84.6 , 85.2 , 84.0 , 87.7}
2025-12-12 13:50:59,510 MambaPro.train INFO: best_Rank-5:{87.7}
2025-12-12 13:50:59,510 MambaPro.train INFO: history_Rank-10:{83.6 , 59.8 , 79.8 , 82.1 , 88.3 , 90.0 , 89.7 , 91.9}
2025-12-12 13:50:59,510 MambaPro.train INFO: best_Rank-10:{91.9}
2025-12-12 13:50:59,510 MambaPro.train INFO: history_Experts:{[0.35 , 0.34 , 0.31] , [0.37 , 0.34 , 0.29] , [0.41 , 0.34 , 0.26] , [0.61 , 0.23 , 0.15] , [0.81 , 0.11 , 0.08] , [0.87 , 0.07 , 0.06] , [0.90 , 0.05 , 0.04] , [0.92 , 0.04 , 0.04]}
2025-12-12 13:50:59,510 MambaPro.train INFO: best_Experts:{[0.92 , 0.04 , 0.04]}
2025-12-12 13:50:59,510 MambaPro.train INFO: 🔥 MoE损失(Val): 平衡=0.9351, 稀疏性=0.2254, 多样性=0.2358, 总=0.0012 (权重: 平衡=0.001, 稀疏性=0.000, 多样性=0.001)
2025-12-12 13:50:59,510 MambaPro.train INFO:    📊 专家权重分布(Val): [0.92 , 0.04 , 0.04]
2025-12-12 13:51:19,842 MambaPro.train INFO: Epoch 41 done. Time per batch: 0.189[s] Speed: 169.5[samples/s]
2025-12-12 13:51:40,035 MambaPro.train INFO: Epoch 42 done. Time per batch: 0.189[s] Speed: 169.6[samples/s]
2025-12-12 13:52:00,176 MambaPro.train INFO: Epoch 43 done. Time per batch: 0.188[s] Speed: 170.0[samples/s]
2025-12-12 13:52:20,342 MambaPro.train INFO: Epoch 44 done. Time per batch: 0.188[s] Speed: 169.8[samples/s]
2025-12-12 13:52:40,525 MambaPro.train INFO: Epoch 45 done. Time per batch: 0.189[s] Speed: 169.6[samples/s]
2025-12-12 13:52:48,103 MambaPro.train INFO: Validation Results - Epoch: 45
2025-12-12 13:52:48,103 MambaPro.train INFO: Current mAP: 74.0%
2025-12-12 13:52:48,103 MambaPro.train INFO: CMC curve, Rank-1  :75.2%
2025-12-12 13:52:48,103 MambaPro.train INFO: CMC curve, Rank-5  :86.2%
2025-12-12 13:52:48,103 MambaPro.train INFO: CMC curve, Rank-10 :90.7%
2025-12-12 13:52:48,103 MambaPro.train INFO: [Epoch 45] 指标集合列表（历史）
2025-12-12 13:52:48,103 MambaPro.train INFO: history_mAP:{60.0 , 34.1 , 52.5 , 58.3 , 74.1 , 74.9 , 73.9 , 75.5 , 74.0}
2025-12-12 13:52:48,104 MambaPro.train INFO: best_mAP:{75.5}
2025-12-12 13:52:48,104 MambaPro.train INFO: history_Rank-1:{64.6 , 35.2 , 59.7 , 64.2 , 76.2 , 77.9 , 75.1 , 78.2 , 75.2}
2025-12-12 13:52:48,104 MambaPro.train INFO: best_Rank-1:{78.2}
2025-12-12 13:52:48,104 MambaPro.train INFO: history_Rank-5:{76.9 , 51.8 , 73.4 , 74.9 , 84.6 , 85.2 , 84.0 , 87.7 , 86.2}
2025-12-12 13:52:48,104 MambaPro.train INFO: best_Rank-5:{87.7}
2025-12-12 13:52:48,104 MambaPro.train INFO: history_Rank-10:{83.6 , 59.8 , 79.8 , 82.1 , 88.3 , 90.0 , 89.7 , 91.9 , 90.7}
2025-12-12 13:52:48,104 MambaPro.train INFO: best_Rank-10:{91.9}
2025-12-12 13:52:48,104 MambaPro.train INFO: history_Experts:{[0.35 , 0.34 , 0.31] , [0.37 , 0.34 , 0.29] , [0.41 , 0.34 , 0.26] , [0.61 , 0.23 , 0.15] , [0.81 , 0.11 , 0.08] , [0.87 , 0.07 , 0.06] , [0.90 , 0.05 , 0.04] , [0.92 , 0.04 , 0.04] , [0.93 , 0.04 , 0.03]}
2025-12-12 13:52:48,104 MambaPro.train INFO: best_Experts:{[0.92 , 0.04 , 0.04]}
2025-12-12 13:52:48,104 MambaPro.train INFO: 🔥 MoE损失(Val): 平衡=0.9821, 稀疏性=0.1951, 多样性=0.1994, 总=0.0012 (权重: 平衡=0.001, 稀疏性=0.000, 多样性=0.001)
2025-12-12 13:52:48,104 MambaPro.train INFO:    📊 专家权重分布(Val): [0.93 , 0.04 , 0.03]
2025-12-12 13:53:08,411 MambaPro.train INFO: Epoch 46 done. Time per batch: 0.189[s] Speed: 169.7[samples/s]
2025-12-12 13:53:28,596 MambaPro.train INFO: Epoch 47 done. Time per batch: 0.189[s] Speed: 169.6[samples/s]
2025-12-12 13:53:48,601 MambaPro.train INFO: Epoch 48 done. Time per batch: 0.189[s] Speed: 169.6[samples/s]
2025-12-12 13:54:08,727 MambaPro.train INFO: Epoch 49 done. Time per batch: 0.188[s] Speed: 170.1[samples/s]
2025-12-12 13:54:28,863 MambaPro.train INFO: Epoch 50 done. Time per batch: 0.188[s] Speed: 170.1[samples/s]
2025-12-12 13:54:36,889 MambaPro.train INFO: Validation Results - Epoch: 50
2025-12-12 13:54:36,889 MambaPro.train INFO: Current mAP: 73.5%
2025-12-12 13:54:36,889 MambaPro.train INFO: CMC curve, Rank-1  :74.4%
2025-12-12 13:54:36,889 MambaPro.train INFO: CMC curve, Rank-5  :84.0%
2025-12-12 13:54:36,889 MambaPro.train INFO: CMC curve, Rank-10 :89.5%
2025-12-12 13:54:36,889 MambaPro.train INFO: [Epoch 50] 指标集合列表（历史）
2025-12-12 13:54:36,889 MambaPro.train INFO: history_mAP:{60.0 , 34.1 , 52.5 , 58.3 , 74.1 , 74.9 , 73.9 , 75.5 , 74.0 , 73.5}
2025-12-12 13:54:36,889 MambaPro.train INFO: best_mAP:{75.5}
2025-12-12 13:54:36,889 MambaPro.train INFO: history_Rank-1:{64.6 , 35.2 , 59.7 , 64.2 , 76.2 , 77.9 , 75.1 , 78.2 , 75.2 , 74.4}
2025-12-12 13:54:36,889 MambaPro.train INFO: best_Rank-1:{78.2}
2025-12-12 13:54:36,889 MambaPro.train INFO: history_Rank-5:{76.9 , 51.8 , 73.4 , 74.9 , 84.6 , 85.2 , 84.0 , 87.7 , 86.2}
2025-12-12 13:54:36,889 MambaPro.train INFO: best_Rank-5:{87.7}
2025-12-12 13:54:36,889 MambaPro.train INFO: history_Rank-10:{83.6 , 59.8 , 79.8 , 82.1 , 88.3 , 90.0 , 89.7 , 91.9 , 90.7 , 89.5}
2025-12-12 13:54:36,890 MambaPro.train INFO: best_Rank-10:{91.9}
2025-12-12 13:54:36,890 MambaPro.train INFO: history_Experts:{[0.35 , 0.34 , 0.31] , [0.37 , 0.34 , 0.29] , [0.41 , 0.34 , 0.26] , [0.61 , 0.23 , 0.15] , [0.81 , 0.11 , 0.08] , [0.87 , 0.07 , 0.06] , [0.90 , 0.05 , 0.04] , [0.92 , 0.04 , 0.04] , [0.93 , 0.04 , 0.03] , [0.94 , 0.03 , 0.03]}
2025-12-12 13:54:36,890 MambaPro.train INFO: best_Experts:{[0.92 , 0.04 , 0.04]}
2025-12-12 13:54:36,890 MambaPro.train INFO: 🔥 MoE损失(Val): 平衡=1.0138, 稀疏性=0.1747, 多样性=0.1758, 总=0.0012 (权重: 平衡=0.001, 稀疏性=0.000, 多样性=0.001)
2025-12-12 13:54:36,890 MambaPro.train INFO:    📊 专家权重分布(Val): [0.94 , 0.03 , 0.03]
2025-12-12 13:54:57,098 MambaPro.train INFO: Epoch 51 done. Time per batch: 0.189[s] Speed: 169.0[samples/s]
2025-12-12 13:55:17,178 MambaPro.train INFO: Epoch 52 done. Time per batch: 0.189[s] Speed: 168.9[samples/s]
2025-12-12 13:55:37,394 MambaPro.train INFO: Epoch 53 done. Time per batch: 0.189[s] Speed: 169.4[samples/s]
2025-12-12 13:55:57,799 MambaPro.train INFO: Epoch 54 done. Time per batch: 0.191[s] Speed: 167.8[samples/s]
2025-12-12 13:56:18,039 MambaPro.train INFO: Epoch 55 done. Time per batch: 0.189[s] Speed: 169.2[samples/s]
2025-12-12 13:56:25,598 MambaPro.train INFO: Validation Results - Epoch: 55
2025-12-12 13:56:25,598 MambaPro.train INFO: Current mAP: 74.9%
2025-12-12 13:56:25,598 MambaPro.train INFO: CMC curve, Rank-1  :77.0%
2025-12-12 13:56:25,598 MambaPro.train INFO: CMC curve, Rank-5  :86.5%
2025-12-12 13:56:25,598 MambaPro.train INFO: CMC curve, Rank-10 :91.5%
2025-12-12 13:56:25,598 MambaPro.train INFO: [Epoch 55] 指标集合列表（历史）
2025-12-12 13:56:25,598 MambaPro.train INFO: history_mAP:{60.0 , 34.1 , 52.5 , 58.3 , 74.1 , 74.9 , 73.9 , 75.5 , 74.0 , 73.5 , 74.9}
2025-12-12 13:56:25,598 MambaPro.train INFO: best_mAP:{75.5}
2025-12-12 13:56:25,598 MambaPro.train INFO: history_Rank-1:{64.6 , 35.2 , 59.7 , 64.2 , 76.2 , 77.9 , 75.1 , 78.2 , 75.2 , 74.4 , 77.0}
2025-12-12 13:56:25,598 MambaPro.train INFO: best_Rank-1:{78.2}
2025-12-12 13:56:25,599 MambaPro.train INFO: history_Rank-5:{76.9 , 51.8 , 73.4 , 74.9 , 84.6 , 85.2 , 84.0 , 87.7 , 86.2 , 86.5}
2025-12-12 13:56:25,599 MambaPro.train INFO: best_Rank-5:{87.7}
2025-12-12 13:56:25,599 MambaPro.train INFO: history_Rank-10:{83.6 , 59.8 , 79.8 , 82.1 , 88.3 , 90.0 , 89.7 , 91.9 , 90.7 , 89.5 , 91.5}
2025-12-12 13:56:25,599 MambaPro.train INFO: best_Rank-10:{91.9}
2025-12-12 13:56:25,599 MambaPro.train INFO: history_Experts:{[0.35 , 0.34 , 0.31] , [0.37 , 0.34 , 0.29] , [0.41 , 0.34 , 0.26] , [0.61 , 0.23 , 0.15] , [0.81 , 0.11 , 0.08] , [0.87 , 0.07 , 0.06] , [0.90 , 0.05 , 0.04] , [0.92 , 0.04 , 0.04] , [0.93 , 0.04 , 0.03] , [0.94 , 0.03 , 0.03] , [0.94 , 0.03 , 0.03]}
2025-12-12 13:56:25,599 MambaPro.train INFO: best_Experts:{[0.92 , 0.04 , 0.04]}
2025-12-12 13:56:25,599 MambaPro.train INFO: 🔥 MoE损失(Val): 平衡=1.0374, 稀疏性=0.1596, 多样性=0.1588, 总=0.0012 (权重: 平衡=0.001, 稀疏性=0.000, 多样性=0.001)
2025-12-12 13:56:25,599 MambaPro.train INFO:    📊 专家权重分布(Val): [0.94 , 0.03 , 0.03]
2025-12-12 13:56:45,750 MambaPro.train INFO: Epoch 56 done. Time per batch: 0.189[s] Speed: 169.5[samples/s]
2025-12-12 13:57:05,989 MambaPro.train INFO: Epoch 57 done. Time per batch: 0.189[s] Speed: 169.2[samples/s]
2025-12-12 13:57:26,215 MambaPro.train INFO: Epoch 58 done. Time per batch: 0.189[s] Speed: 169.3[samples/s]
2025-12-12 13:57:46,237 MambaPro.train INFO: Epoch 59 done. Time per batch: 0.189[s] Speed: 169.4[samples/s]
2025-12-12 13:58:06,451 MambaPro.train INFO: Epoch 60 done. Time per batch: 0.189[s] Speed: 169.4[samples/s]
2025-12-12 13:58:14,453 MambaPro.train INFO: Validation Results - Epoch: 60
2025-12-12 13:58:14,453 MambaPro.train INFO: Current mAP: 74.6%
2025-12-12 13:58:14,453 MambaPro.train INFO: CMC curve, Rank-1  :76.2%
2025-12-12 13:58:14,453 MambaPro.train INFO: CMC curve, Rank-5  :86.1%
2025-12-12 13:58:14,453 MambaPro.train INFO: CMC curve, Rank-10 :90.8%
2025-12-12 13:58:14,454 MambaPro.train INFO: [Epoch 60] 指标集合列表（历史）
2025-12-12 13:58:14,454 MambaPro.train INFO: history_mAP:{60.0 , 34.1 , 52.5 , 58.3 , 74.1 , 74.9 , 73.9 , 75.5 , 74.0 , 73.5 , 74.9 , 74.6}
2025-12-12 13:58:14,454 MambaPro.train INFO: best_mAP:{75.5}
2025-12-12 13:58:14,454 MambaPro.train INFO: history_Rank-1:{64.6 , 35.2 , 59.7 , 64.2 , 76.2 , 77.9 , 75.1 , 78.2 , 75.2 , 74.4 , 77.0}
2025-12-12 13:58:14,454 MambaPro.train INFO: best_Rank-1:{78.2}
2025-12-12 13:58:14,454 MambaPro.train INFO: history_Rank-5:{76.9 , 51.8 , 73.4 , 74.9 , 84.6 , 85.2 , 84.0 , 87.7 , 86.2 , 86.5 , 86.1}
2025-12-12 13:58:14,454 MambaPro.train INFO: best_Rank-5:{87.7}
2025-12-12 13:58:14,454 MambaPro.train INFO: history_Rank-10:{83.6 , 59.8 , 79.8 , 82.1 , 88.3 , 90.0 , 89.7 , 91.9 , 90.7 , 89.5 , 91.5 , 90.8}
2025-12-12 13:58:14,454 MambaPro.train INFO: best_Rank-10:{91.9}
2025-12-12 13:58:14,454 MambaPro.train INFO: history_Experts:{[0.35 , 0.34 , 0.31] , [0.37 , 0.34 , 0.29] , [0.41 , 0.34 , 0.26] , [0.61 , 0.23 , 0.15] , [0.81 , 0.11 , 0.08] , [0.87 , 0.07 , 0.06] , [0.90 , 0.05 , 0.04] , [0.92 , 0.04 , 0.04] , [0.93 , 0.04 , 0.03] , [0.94 , 0.03 , 0.03] , [0.94 , 0.03 , 0.03] , [0.95 , 0.03 , 0.02]}
2025-12-12 13:58:14,454 MambaPro.train INFO: best_Experts:{[0.92 , 0.04 , 0.04]}
2025-12-12 13:58:14,454 MambaPro.train INFO: 🔥 MoE损失(Val): 平衡=1.0558, 稀疏性=0.1478, 多样性=0.1458, 总=0.0012 (权重: 平衡=0.001, 稀疏性=0.000, 多样性=0.001)
2025-12-12 13:58:14,454 MambaPro.train INFO:    📊 专家权重分布(Val): [0.95 , 0.03 , 0.02]
2025-12-12 13:58:14,589 MambaPro.train INFO: ============================================================
