2025-12-11 23:49:31,213 MambaPro INFO: ================================================================================
2025-12-11 23:49:31,213 MambaPro INFO: 🧾 实验参数快照（命令行 + 最终配置）
2025-12-11 23:49:31,213 MambaPro INFO: ================================================================================
2025-12-11 23:49:31,213 MambaPro INFO: 【复现实验命令】
2025-12-11 23:49:31,213 MambaPro INFO: /home/zubuntu/miniconda/envs/MambaPro/bin/python train_net.py --config_file mybest_model/experiment_20251013_110028/configs/experiment_config.yml OUTPUT_DIR ./outputs/replay_best_tml
2025-12-11 23:49:31,213 MambaPro INFO: 【命令行参数（args）】
2025-12-11 23:49:31,213 MambaPro INFO: {
2025-12-11 23:49:31,213 MambaPro INFO:   "config_file": "mybest_model/experiment_20251013_110028/configs/experiment_config.yml",
2025-12-11 23:49:31,213 MambaPro INFO:   "fea_cft": 0,
2025-12-11 23:49:31,213 MambaPro INFO:   "opts": [
2025-12-11 23:49:31,213 MambaPro INFO:     "OUTPUT_DIR",
2025-12-11 23:49:31,213 MambaPro INFO:     "./outputs/replay_best_tml"
2025-12-11 23:49:31,213 MambaPro INFO:   ],
2025-12-11 23:49:31,213 MambaPro INFO:   "local_rank": 0,
2025-12-11 23:49:31,213 MambaPro INFO:   "use_multi_scale": false,
2025-12-11 23:49:31,213 MambaPro INFO:   "no_multi_scale": false,
2025-12-11 23:49:31,213 MambaPro INFO:   "use_moe": false,
2025-12-11 23:49:31,214 MambaPro INFO:   "disable_moe": false,
2025-12-11 23:49:31,214 MambaPro INFO:   "no_moe": false,
2025-12-11 23:49:31,214 MambaPro INFO:   "use_attention": false,
2025-12-11 23:49:31,214 MambaPro INFO:   "disable_attention": false,
2025-12-11 23:49:31,214 MambaPro INFO:   "attention_heads": 8,
2025-12-11 23:49:31,214 MambaPro INFO:   "attention_dropout": 0.1
2025-12-11 23:49:31,214 MambaPro INFO: }
2025-12-11 23:49:31,214 MambaPro INFO: 【工作目录】/home/zubuntu/workspace/yzy/MambaPro
2025-12-11 23:49:31,214 MambaPro INFO: 【最终配置（YAML）】
2025-12-11 23:49:31,217 MambaPro INFO: DATALOADER:
2025-12-11 23:49:31,217 MambaPro INFO:   NUM_INSTANCE: 8
2025-12-11 23:49:31,217 MambaPro INFO:   NUM_WORKERS: 8
2025-12-11 23:49:31,217 MambaPro INFO:   SAMPLER: softmax_triplet
2025-12-11 23:49:31,217 MambaPro INFO: DATASETS:
2025-12-11 23:49:31,217 MambaPro INFO:   NAMES: RGBNT201
2025-12-11 23:49:31,217 MambaPro INFO:   ROOT_DIR: /home/zubuntu/workspace/yzy/MambaPro/data/
2025-12-11 23:49:31,217 MambaPro INFO: INPUT:
2025-12-11 23:49:31,217 MambaPro INFO:   PADDING: 10
2025-12-11 23:49:31,217 MambaPro INFO:   PIXEL_MEAN:
2025-12-11 23:49:31,217 MambaPro INFO:   - 0.5
2025-12-11 23:49:31,217 MambaPro INFO:   - 0.5
2025-12-11 23:49:31,217 MambaPro INFO:   - 0.5
2025-12-11 23:49:31,217 MambaPro INFO:   PIXEL_STD:
2025-12-11 23:49:31,217 MambaPro INFO:   - 0.5
2025-12-11 23:49:31,217 MambaPro INFO:   - 0.5
2025-12-11 23:49:31,217 MambaPro INFO:   - 0.5
2025-12-11 23:49:31,217 MambaPro INFO:   PROB: 0.5
2025-12-11 23:49:31,217 MambaPro INFO:   RE_PROB: 0.5
2025-12-11 23:49:31,217 MambaPro INFO:   SIZE_TEST:
2025-12-11 23:49:31,217 MambaPro INFO:   - 256
2025-12-11 23:49:31,217 MambaPro INFO:   - 128
2025-12-11 23:49:31,217 MambaPro INFO:   SIZE_TRAIN:
2025-12-11 23:49:31,217 MambaPro INFO:   - 256
2025-12-11 23:49:31,217 MambaPro INFO:   - 128
2025-12-11 23:49:31,217 MambaPro INFO: MODEL:
2025-12-11 23:49:31,217 MambaPro INFO:   ADAPTER: true
2025-12-11 23:49:31,217 MambaPro INFO:   ATTENTION_DIM: 512
2025-12-11 23:49:31,217 MambaPro INFO:   ATTENTION_DROPOUT: 0.1
2025-12-11 23:49:31,217 MambaPro INFO:   ATTENTION_NUM_HEADS: 8
2025-12-11 23:49:31,217 MambaPro INFO:   ATT_DROP_RATE: 0.0
2025-12-11 23:49:31,217 MambaPro INFO:   CLIP_MULTI_SCALE_SCALES:
2025-12-11 23:49:31,217 MambaPro INFO:   - 4
2025-12-11 23:49:31,217 MambaPro INFO:   - 8
2025-12-11 23:49:31,217 MambaPro INFO:   - 16
2025-12-11 23:49:31,217 MambaPro INFO:   DEVICE: cuda
2025-12-11 23:49:31,217 MambaPro INFO:   DEVICE_ID: '0'
2025-12-11 23:49:31,217 MambaPro INFO:   DIRECT: 1
2025-12-11 23:49:31,217 MambaPro INFO:   DIST_TRAIN: false
2025-12-11 23:49:31,217 MambaPro INFO:   DROP_OUT: 0.0
2025-12-11 23:49:31,217 MambaPro INFO:   DROP_PATH: 0.1
2025-12-11 23:49:31,217 MambaPro INFO:   FLOPS_TEST: false
2025-12-11 23:49:31,217 MambaPro INFO:   FROZEN: true
2025-12-11 23:49:31,217 MambaPro INFO:   GATE_DROPOUT: 0.1
2025-12-11 23:49:31,217 MambaPro INFO:   ID_LOSS_TYPE: softmax
2025-12-11 23:49:31,217 MambaPro INFO:   ID_LOSS_WEIGHT: 0.25
2025-12-11 23:49:31,217 MambaPro INFO:   IF_LABELSMOOTH: 'on'
2025-12-11 23:49:31,217 MambaPro INFO:   IF_WITH_CENTER: 'no'
2025-12-11 23:49:31,217 MambaPro INFO:   LAYER: -1
2025-12-11 23:49:31,217 MambaPro INFO:   MAMBA: true
2025-12-11 23:49:31,217 MambaPro INFO:   MAMBA_BI: false
2025-12-11 23:49:31,217 MambaPro INFO:   METRIC_LOSS_TYPE: triplet
2025-12-11 23:49:31,217 MambaPro INFO:   MOE_BALANCE_LOSS_WEIGHT: 0.01
2025-12-11 23:49:31,217 MambaPro INFO:   MOE_DIVERSITY_LOSS_WEIGHT: 0.01
2025-12-11 23:49:31,217 MambaPro INFO:   MOE_EXPERT_DROPOUT: 0.1
2025-12-11 23:49:31,217 MambaPro INFO:   MOE_EXPERT_HIDDEN_DIM: 1024
2025-12-11 23:49:31,217 MambaPro INFO:   MOE_EXPERT_LAYERS: 2
2025-12-11 23:49:31,217 MambaPro INFO:   MOE_EXPERT_THRESHOLD: 0.1
2025-12-11 23:49:31,217 MambaPro INFO:   MOE_FIXED_WEIGHTS:
2025-12-11 23:49:31,217 MambaPro INFO:   - 0.33
2025-12-11 23:49:31,217 MambaPro INFO:   - 0.33
2025-12-11 23:49:31,217 MambaPro INFO:   - 0.34
2025-12-11 23:49:31,217 MambaPro INFO:   MOE_GATE_DROPOUT: 0.1
2025-12-11 23:49:31,217 MambaPro INFO:   MOE_GATE_LAYERS: 2
2025-12-11 23:49:31,217 MambaPro INFO:   MOE_INIT_WEIGHTS: null
2025-12-11 23:49:31,217 MambaPro INFO:   MOE_NUM_EXPERTS: 3
2025-12-11 23:49:31,217 MambaPro INFO:   MOE_RESIDUAL_WEIGHT: 1.0
2025-12-11 23:49:31,217 MambaPro INFO:   MOE_SCALES:
2025-12-11 23:49:31,217 MambaPro INFO:   - 4
2025-12-11 23:49:31,217 MambaPro INFO:   - 8
2025-12-11 23:49:31,217 MambaPro INFO:   - 16
2025-12-11 23:49:31,218 MambaPro INFO:   MOE_SPARSITY_LOSS_WEIGHT: 0.001
2025-12-11 23:49:31,218 MambaPro INFO:   MOE_TEMPERATURE: 0.7
2025-12-11 23:49:31,218 MambaPro INFO:   MOE_TOP_K: 2
2025-12-11 23:49:31,218 MambaPro INFO:   MOE_TOP_K_MODE: soft
2025-12-11 23:49:31,218 MambaPro INFO:   MOE_USE_FIXED_WEIGHTS: false
2025-12-11 23:49:31,218 MambaPro INFO:   MOE_USE_TOP_K_ROUTING: false
2025-12-11 23:49:31,218 MambaPro INFO:   MULTI_SCALE_SCALES:
2025-12-11 23:49:31,218 MambaPro INFO:   - 4
2025-12-11 23:49:31,218 MambaPro INFO:   - 8
2025-12-11 23:49:31,218 MambaPro INFO:   - 16
2025-12-11 23:49:31,218 MambaPro INFO:   NAME: MambaPro
2025-12-11 23:49:31,218 MambaPro INFO:   NECK: bnneck
2025-12-11 23:49:31,218 MambaPro INFO:   NO_MARGIN: true
2025-12-11 23:49:31,218 MambaPro INFO:   PREFIX_NUM: 1
2025-12-11 23:49:31,218 MambaPro INFO:   PRETRAIN_PATH_T: /home/zubuntu/workspace/yzy/MambaPro/pths/ViT-B-16.pt
2025-12-11 23:49:31,218 MambaPro INFO:   PROMPT: true
2025-12-11 23:49:31,218 MambaPro INFO:   SIE_CAMERA: true
2025-12-11 23:49:31,218 MambaPro INFO:   SIE_COE: 1.0
2025-12-11 23:49:31,218 MambaPro INFO:   SIE_VIEW: false
2025-12-11 23:49:31,218 MambaPro INFO:   STRIDE_SIZE:
2025-12-11 23:49:31,218 MambaPro INFO:   - 16
2025-12-11 23:49:31,218 MambaPro INFO:   - 16
2025-12-11 23:49:31,218 MambaPro INFO:   TRANSFORMER_TYPE: ViT-B-16
2025-12-11 23:49:31,218 MambaPro INFO:   TRIPLET_LOSS_WEIGHT: 1.0
2025-12-11 23:49:31,218 MambaPro INFO:   USE_ATTENTION_FUSION: false
2025-12-11 23:49:31,218 MambaPro INFO:   USE_CLIP_MULTI_SCALE: true
2025-12-11 23:49:31,218 MambaPro INFO:   USE_GATE_FUSION: false
2025-12-11 23:49:31,218 MambaPro INFO:   USE_MULTI_SCALE: false
2025-12-11 23:49:31,218 MambaPro INFO:   USE_MULTI_SCALE_MOE: true
2025-12-11 23:49:31,218 MambaPro INFO: OUTPUT_DIR: ./outputs/replay_best_tml/run_20251211_234931
2025-12-11 23:49:31,218 MambaPro INFO: SOLVER:
2025-12-11 23:49:31,218 MambaPro INFO:   BASE_LR: 0.0005
2025-12-11 23:49:31,218 MambaPro INFO:   BIAS_LR_FACTOR: 2
2025-12-11 23:49:31,218 MambaPro INFO:   CENTER_LOSS_WEIGHT: 0.0005
2025-12-11 23:49:31,218 MambaPro INFO:   CENTER_LR: 0.5
2025-12-11 23:49:31,218 MambaPro INFO:   CHECKPOINT_PERIOD: 10
2025-12-11 23:49:31,218 MambaPro INFO:   CLUSTER_MARGIN: 0.3
2025-12-11 23:49:31,218 MambaPro INFO:   COSINE_MARGIN: 0.5
2025-12-11 23:49:31,218 MambaPro INFO:   COSINE_SCALE: 30
2025-12-11 23:49:31,218 MambaPro INFO:   EVAL_PERIOD: 5
2025-12-11 23:49:31,218 MambaPro INFO:   GAMMA: 0.1
2025-12-11 23:49:31,218 MambaPro INFO:   IMS_PER_BATCH: 32
2025-12-11 23:49:31,218 MambaPro INFO:   LARGE_FC_LR: false
2025-12-11 23:49:31,218 MambaPro INFO:   LOG_PERIOD: 10
2025-12-11 23:49:31,218 MambaPro INFO:   MARGIN: 0.3
2025-12-11 23:49:31,218 MambaPro INFO:   MAX_EPOCHS: 60
2025-12-11 23:49:31,218 MambaPro INFO:   MOE_BALANCE_LOSS_WEIGHT: 0.001
2025-12-11 23:49:31,218 MambaPro INFO:   MOE_BALANCE_LOSS_WEIGHT_END: 0.1
2025-12-11 23:49:31,218 MambaPro INFO:   MOE_BALANCE_LOSS_WEIGHT_START: 0.001
2025-12-11 23:49:31,218 MambaPro INFO:   MOE_BALANCE_THRESHOLD: 0.3
2025-12-11 23:49:31,218 MambaPro INFO:   MOE_DIVERSITY_LOSS_WEIGHT: 0.001
2025-12-11 23:49:31,218 MambaPro INFO:   MOE_DIVERSITY_LOSS_WEIGHT_END: 0.1
2025-12-11 23:49:31,218 MambaPro INFO:   MOE_DIVERSITY_LOSS_WEIGHT_START: 0.001
2025-12-11 23:49:31,218 MambaPro INFO:   MOE_GATE_LR_FACTOR: 0.01
2025-12-11 23:49:31,218 MambaPro INFO:   MOE_LOSS_WEIGHT_SCHEDULE_TYPE: cosine
2025-12-11 23:49:31,218 MambaPro INFO:   MOE_LOSS_WEIGHT_WARMUP_EPOCHS: 5
2025-12-11 23:49:31,218 MambaPro INFO:   MOE_SPARSITY_LOSS_WEIGHT: 0.0001
2025-12-11 23:49:31,218 MambaPro INFO:   MOE_USE_DYNAMIC_LOSS_WEIGHT: false
2025-12-11 23:49:31,218 MambaPro INFO:   MOMENTUM: 0.9
2025-12-11 23:49:31,218 MambaPro INFO:   OPTIMIZER_NAME: Adam
2025-12-11 23:49:31,218 MambaPro INFO:   RANGE_ALPHA: 0
2025-12-11 23:49:31,218 MambaPro INFO:   RANGE_BETA: 1
2025-12-11 23:49:31,218 MambaPro INFO:   RANGE_K: 2
2025-12-11 23:49:31,218 MambaPro INFO:   RANGE_LOSS_WEIGHT: 1
2025-12-11 23:49:31,218 MambaPro INFO:   RANGE_MARGIN: 0.3
2025-12-11 23:49:31,218 MambaPro INFO:   SEED: 42
2025-12-11 23:49:31,218 MambaPro INFO:   STEPS:
2025-12-11 23:49:31,218 MambaPro INFO:   - 30
2025-12-11 23:49:31,218 MambaPro INFO:   - 50
2025-12-11 23:49:31,218 MambaPro INFO:   WARMUP_FACTOR: 0.01
2025-12-11 23:49:31,218 MambaPro INFO:   WARMUP_ITERS: 20
2025-12-11 23:49:31,218 MambaPro INFO:   WARMUP_METHOD: linear
2025-12-11 23:49:31,218 MambaPro INFO:   WEIGHT_DECAY: 0.0005
2025-12-11 23:49:31,218 MambaPro INFO:   WEIGHT_DECAY_BIAS: 0.0005
2025-12-11 23:49:31,218 MambaPro INFO: TEST:
2025-12-11 23:49:31,218 MambaPro INFO:   FEAT: 0
2025-12-11 23:49:31,218 MambaPro INFO:   FEAT_NORM: 'yes'
2025-12-11 23:49:31,218 MambaPro INFO:   IMS_PER_BATCH: 64
2025-12-11 23:49:31,218 MambaPro INFO:   MISS: nothing
2025-12-11 23:49:31,218 MambaPro INFO:   NECK_FEAT: after
2025-12-11 23:49:31,218 MambaPro INFO:   RE_RANKING: 'no'
2025-12-11 23:49:31,218 MambaPro INFO:   WEIGHT: /home/zubuntu/workspace/yzy/MambaPro/pths/MambaProbest.pth
2025-12-11 23:49:31,218 MambaPro INFO: ================================================================================
2025-12-11 23:49:33,362 MambaPro.train INFO: start training
2025-12-11 23:49:53,701 MambaPro.train INFO: Epoch 1 done. Time per batch: 0.190[s] Speed: 168.5[samples/s]
2025-12-11 23:50:13,768 MambaPro.train INFO: Epoch 2 done. Time per batch: 0.188[s] Speed: 170.6[samples/s]
2025-12-11 23:50:33,836 MambaPro.train INFO: Epoch 3 done. Time per batch: 0.188[s] Speed: 170.6[samples/s]
2025-12-11 23:50:54,046 MambaPro.train INFO: Epoch 4 done. Time per batch: 0.189[s] Speed: 169.4[samples/s]
2025-12-11 23:51:14,086 MambaPro.train INFO: Epoch 5 done. Time per batch: 0.187[s] Speed: 170.9[samples/s]
2025-12-11 23:51:21,684 MambaPro.train INFO: Validation Results - Epoch: 5
2025-12-11 23:51:21,684 MambaPro.train INFO: Current mAP: 50.8%
2025-12-11 23:51:21,684 MambaPro.train INFO: CMC curve, Rank-1  :55.5%
2025-12-11 23:51:21,684 MambaPro.train INFO: CMC curve, Rank-5  :70.5%
2025-12-11 23:51:21,684 MambaPro.train INFO: CMC curve, Rank-10 :75.8%
2025-12-11 23:51:21,686 MambaPro.train INFO: 🎯 New Best! Saving model...
2025-12-11 23:51:22,091 MambaPro.train INFO: [Epoch 5] 指标集合列表（历史）
2025-12-11 23:51:22,091 MambaPro.train INFO: history_mAP:{50.8}
2025-12-11 23:51:22,091 MambaPro.train INFO: best_mAP:{50.8}
2025-12-11 23:51:22,091 MambaPro.train INFO: history_Rank-1:{55.5}
2025-12-11 23:51:22,091 MambaPro.train INFO: best_Rank-1:{55.5}
2025-12-11 23:51:22,091 MambaPro.train INFO: history_Rank-5:{70.5}
2025-12-11 23:51:22,091 MambaPro.train INFO: best_Rank-5:{70.5}
2025-12-11 23:51:22,091 MambaPro.train INFO: history_Rank-10:{75.8}
2025-12-11 23:51:22,091 MambaPro.train INFO: best_Rank-10:{75.8}
2025-12-11 23:51:22,091 MambaPro.train INFO: history_Experts:{[0.36 , 0.33 , 0.30]}
2025-12-11 23:51:22,091 MambaPro.train INFO: best_Experts:{[0.36 , 0.33 , 0.30]}
2025-12-11 23:51:22,091 MambaPro.train INFO: 🔥 MoE损失(Val): 平衡=0.0000, 稀疏性=0.9976, 多样性=2.6476, 总=0.0027 (权重: 平衡=0.001, 稀疏性=0.000, 多样性=0.001)
2025-12-11 23:51:22,091 MambaPro.train INFO:    📊 专家权重分布(Val): [0.36 , 0.33 , 0.30]
2025-12-11 23:51:42,225 MambaPro.train INFO: Epoch 6 done. Time per batch: 0.187[s] Speed: 171.2[samples/s]
2025-12-11 23:52:02,260 MambaPro.train INFO: Epoch 7 done. Time per batch: 0.187[s] Speed: 170.9[samples/s]
2025-12-11 23:52:22,368 MambaPro.train INFO: Epoch 8 done. Time per batch: 0.188[s] Speed: 170.3[samples/s]
2025-12-11 23:52:42,427 MambaPro.train INFO: Epoch 9 done. Time per batch: 0.187[s] Speed: 170.7[samples/s]
2025-12-11 23:53:03,128 MambaPro.train INFO: Epoch 10 done. Time per batch: 0.193[s] Speed: 165.4[samples/s]
2025-12-11 23:53:11,049 MambaPro.train INFO: Validation Results - Epoch: 10
2025-12-11 23:53:11,049 MambaPro.train INFO: Current mAP: 45.0%
2025-12-11 23:53:11,049 MambaPro.train INFO: CMC curve, Rank-1  :48.1%
2025-12-11 23:53:11,049 MambaPro.train INFO: CMC curve, Rank-5  :64.6%
2025-12-11 23:53:11,049 MambaPro.train INFO: CMC curve, Rank-10 :72.5%
2025-12-11 23:53:11,049 MambaPro.train INFO: [Epoch 10] 指标集合列表（历史）
2025-12-11 23:53:11,050 MambaPro.train INFO: history_mAP:{50.8 , 45.0}
2025-12-11 23:53:11,050 MambaPro.train INFO: best_mAP:{50.8}
2025-12-11 23:53:11,050 MambaPro.train INFO: history_Rank-1:{55.5 , 48.1}
2025-12-11 23:53:11,050 MambaPro.train INFO: best_Rank-1:{55.5}
2025-12-11 23:53:11,050 MambaPro.train INFO: history_Rank-5:{70.5 , 64.6}
2025-12-11 23:53:11,050 MambaPro.train INFO: best_Rank-5:{70.5}
2025-12-11 23:53:11,050 MambaPro.train INFO: history_Rank-10:{75.8 , 72.5}
2025-12-11 23:53:11,050 MambaPro.train INFO: best_Rank-10:{75.8}
2025-12-11 23:53:11,050 MambaPro.train INFO: history_Experts:{[0.36 , 0.33 , 0.30] , [0.38 , 0.34 , 0.28]}
2025-12-11 23:53:11,050 MambaPro.train INFO: best_Experts:{[0.36 , 0.33 , 0.30]}
2025-12-11 23:53:11,050 MambaPro.train INFO: 🔥 MoE损失(Val): 平衡=0.0000, 稀疏性=0.9925, 多样性=2.6077, 总=0.0027 (权重: 平衡=0.001, 稀疏性=0.000, 多样性=0.001)
2025-12-11 23:53:11,050 MambaPro.train INFO:    📊 专家权重分布(Val): [0.38 , 0.34 , 0.28]
2025-12-11 23:53:32,517 MambaPro.train INFO: Epoch 11 done. Time per batch: 0.201[s] Speed: 159.0[samples/s]
2025-12-11 23:53:52,671 MambaPro.train INFO: Epoch 12 done. Time per batch: 0.188[s] Speed: 169.9[samples/s]
2025-12-11 23:54:12,776 MambaPro.train INFO: Epoch 13 done. Time per batch: 0.188[s] Speed: 170.3[samples/s]
2025-12-11 23:54:32,847 MambaPro.train INFO: Epoch 14 done. Time per batch: 0.188[s] Speed: 170.6[samples/s]
2025-12-11 23:54:52,908 MambaPro.train INFO: Epoch 15 done. Time per batch: 0.187[s] Speed: 170.7[samples/s]
2025-12-11 23:55:00,482 MambaPro.train INFO: Validation Results - Epoch: 15
2025-12-11 23:55:00,482 MambaPro.train INFO: Current mAP: 61.5%
2025-12-11 23:55:00,482 MambaPro.train INFO: CMC curve, Rank-1  :64.5%
2025-12-11 23:55:00,482 MambaPro.train INFO: CMC curve, Rank-5  :75.7%
2025-12-11 23:55:00,482 MambaPro.train INFO: CMC curve, Rank-10 :82.2%
2025-12-11 23:55:00,483 MambaPro.train INFO: 🎯 New Best! Saving model...
2025-12-11 23:55:01,091 MambaPro.train INFO: [Epoch 15] 指标集合列表（历史）
2025-12-11 23:55:01,091 MambaPro.train INFO: history_mAP:{50.8 , 45.0 , 61.5}
2025-12-11 23:55:01,091 MambaPro.train INFO: best_mAP:{61.5}
2025-12-11 23:55:01,091 MambaPro.train INFO: history_Rank-1:{55.5 , 48.1 , 64.5}
2025-12-11 23:55:01,091 MambaPro.train INFO: best_Rank-1:{64.5}
2025-12-11 23:55:01,091 MambaPro.train INFO: history_Rank-5:{70.5 , 64.6 , 75.7}
2025-12-11 23:55:01,091 MambaPro.train INFO: best_Rank-5:{75.7}
2025-12-11 23:55:01,091 MambaPro.train INFO: history_Rank-10:{75.8 , 72.5 , 82.2}
2025-12-11 23:55:01,091 MambaPro.train INFO: best_Rank-10:{82.2}
2025-12-11 23:55:01,091 MambaPro.train INFO: history_Experts:{[0.36 , 0.33 , 0.30] , [0.38 , 0.34 , 0.28] , [0.46 , 0.31 , 0.23]}
2025-12-11 23:55:01,091 MambaPro.train INFO: best_Experts:{[0.46 , 0.31 , 0.23]}
2025-12-11 23:55:01,091 MambaPro.train INFO: 🔥 MoE损失(Val): 平衡=0.0014, 稀疏性=0.9613, 多样性=2.3796, 总=0.0025 (权重: 平衡=0.001, 稀疏性=0.000, 多样性=0.001)
2025-12-11 23:55:01,091 MambaPro.train INFO:    📊 专家权重分布(Val): [0.46 , 0.31 , 0.23]
2025-12-11 23:55:21,323 MambaPro.train INFO: Epoch 16 done. Time per batch: 0.188[s] Speed: 170.4[samples/s]
2025-12-11 23:55:41,432 MambaPro.train INFO: Epoch 17 done. Time per batch: 0.188[s] Speed: 170.3[samples/s]
2025-12-11 23:56:02,044 MambaPro.train INFO: Epoch 18 done. Time per batch: 0.194[s] Speed: 164.6[samples/s]
2025-12-11 23:56:22,161 MambaPro.train INFO: Epoch 19 done. Time per batch: 0.188[s] Speed: 170.2[samples/s]
2025-12-11 23:56:42,312 MambaPro.train INFO: Epoch 20 done. Time per batch: 0.188[s] Speed: 169.9[samples/s]
2025-12-11 23:56:50,287 MambaPro.train INFO: Validation Results - Epoch: 20
2025-12-11 23:56:50,287 MambaPro.train INFO: Current mAP: 62.4%
2025-12-11 23:56:50,287 MambaPro.train INFO: CMC curve, Rank-1  :66.4%
2025-12-11 23:56:50,287 MambaPro.train INFO: CMC curve, Rank-5  :79.9%
2025-12-11 23:56:50,288 MambaPro.train INFO: CMC curve, Rank-10 :85.0%
2025-12-11 23:56:50,288 MambaPro.train INFO: 🎯 New Best! Saving model...
2025-12-11 23:56:51,167 MambaPro.train INFO: [Epoch 20] 指标集合列表（历史）
2025-12-11 23:56:51,167 MambaPro.train INFO: history_mAP:{50.8 , 45.0 , 61.5 , 62.4}
2025-12-11 23:56:51,167 MambaPro.train INFO: best_mAP:{62.4}
2025-12-11 23:56:51,167 MambaPro.train INFO: history_Rank-1:{55.5 , 48.1 , 64.5 , 66.4}
2025-12-11 23:56:51,167 MambaPro.train INFO: best_Rank-1:{66.4}
2025-12-11 23:56:51,167 MambaPro.train INFO: history_Rank-5:{70.5 , 64.6 , 75.7 , 79.9}
2025-12-11 23:56:51,167 MambaPro.train INFO: best_Rank-5:{79.9}
2025-12-11 23:56:51,167 MambaPro.train INFO: history_Rank-10:{75.8 , 72.5 , 82.2 , 85.0}
2025-12-11 23:56:51,167 MambaPro.train INFO: best_Rank-10:{85.0}
2025-12-11 23:56:51,167 MambaPro.train INFO: history_Experts:{[0.36 , 0.33 , 0.30] , [0.38 , 0.34 , 0.28] , [0.46 , 0.31 , 0.23] , [0.71 , 0.17 , 0.12]}
2025-12-11 23:56:51,167 MambaPro.train INFO: best_Experts:{[0.71 , 0.17 , 0.12]}
2025-12-11 23:56:51,167 MambaPro.train INFO: 🔥 MoE损失(Val): 平衡=0.2736, 稀疏性=0.6840, 多样性=1.1176, 总=0.0015 (权重: 平衡=0.001, 稀疏性=0.000, 多样性=0.001)
2025-12-11 23:56:51,167 MambaPro.train INFO:    📊 专家权重分布(Val): [0.71 , 0.17 , 0.12]
2025-12-11 23:57:11,311 MambaPro.train INFO: Epoch 21 done. Time per batch: 0.189[s] Speed: 169.5[samples/s]
2025-12-11 23:57:31,367 MambaPro.train INFO: Epoch 22 done. Time per batch: 0.187[s] Speed: 170.7[samples/s]
2025-12-11 23:57:51,509 MambaPro.train INFO: Epoch 23 done. Time per batch: 0.188[s] Speed: 170.0[samples/s]
2025-12-11 23:58:11,635 MambaPro.train INFO: Epoch 24 done. Time per batch: 0.188[s] Speed: 170.1[samples/s]
2025-12-11 23:58:32,271 MambaPro.train INFO: Epoch 25 done. Time per batch: 0.195[s] Speed: 164.4[samples/s]
2025-12-11 23:58:39,794 MambaPro.train INFO: Validation Results - Epoch: 25
2025-12-11 23:58:39,794 MambaPro.train INFO: Current mAP: 74.8%
2025-12-11 23:58:39,794 MambaPro.train INFO: CMC curve, Rank-1  :79.3%
2025-12-11 23:58:39,794 MambaPro.train INFO: CMC curve, Rank-5  :86.2%
2025-12-11 23:58:39,794 MambaPro.train INFO: CMC curve, Rank-10 :90.4%
2025-12-11 23:58:39,795 MambaPro.train INFO: 🎯 New Best! Saving model...
2025-12-11 23:58:40,397 MambaPro.train INFO: [Epoch 25] 指标集合列表（历史）
2025-12-11 23:58:40,398 MambaPro.train INFO: history_mAP:{50.8 , 45.0 , 61.5 , 62.4 , 74.8}
2025-12-11 23:58:40,398 MambaPro.train INFO: best_mAP:{74.8}
2025-12-11 23:58:40,398 MambaPro.train INFO: history_Rank-1:{55.5 , 48.1 , 64.5 , 66.4 , 79.3}
2025-12-11 23:58:40,398 MambaPro.train INFO: best_Rank-1:{79.3}
2025-12-11 23:58:40,398 MambaPro.train INFO: history_Rank-5:{70.5 , 64.6 , 75.7 , 79.9 , 86.2}
2025-12-11 23:58:40,398 MambaPro.train INFO: best_Rank-5:{86.2}
2025-12-11 23:58:40,398 MambaPro.train INFO: history_Rank-10:{75.8 , 72.5 , 82.2 , 85.0 , 90.4}
2025-12-11 23:58:40,398 MambaPro.train INFO: best_Rank-10:{90.4}
2025-12-11 23:58:40,399 MambaPro.train INFO: history_Experts:{[0.36 , 0.33 , 0.30] , [0.38 , 0.34 , 0.28] , [0.46 , 0.31 , 0.23] , [0.71 , 0.17 , 0.12] , [0.84 , 0.09 , 0.07]}
2025-12-11 23:58:40,399 MambaPro.train INFO: best_Experts:{[0.84 , 0.09 , 0.07]}
2025-12-11 23:58:40,399 MambaPro.train INFO: 🔥 MoE损失(Val): 平衡=0.6273, 稀疏性=0.4292, 多样性=0.5345, 总=0.0012 (权重: 平衡=0.001, 稀疏性=0.000, 多样性=0.001)
2025-12-11 23:58:40,399 MambaPro.train INFO:    📊 专家权重分布(Val): [0.84 , 0.09 , 0.07]
2025-12-11 23:59:00,651 MambaPro.train INFO: Epoch 26 done. Time per batch: 0.188[s] Speed: 170.2[samples/s]
2025-12-11 23:59:20,783 MambaPro.train INFO: Epoch 27 done. Time per batch: 0.188[s] Speed: 170.1[samples/s]
2025-12-11 23:59:40,893 MambaPro.train INFO: Epoch 28 done. Time per batch: 0.188[s] Speed: 170.3[samples/s]
2025-12-12 00:00:01,047 MambaPro.train INFO: Epoch 29 done. Time per batch: 0.188[s] Speed: 169.9[samples/s]
2025-12-12 00:00:21,921 MambaPro.train INFO: Epoch 30 done. Time per batch: 0.195[s] Speed: 164.0[samples/s]
2025-12-12 00:00:29,921 MambaPro.train INFO: Validation Results - Epoch: 30
2025-12-12 00:00:29,921 MambaPro.train INFO: Current mAP: 76.5%
2025-12-12 00:00:29,921 MambaPro.train INFO: CMC curve, Rank-1  :78.7%
2025-12-12 00:00:29,921 MambaPro.train INFO: CMC curve, Rank-5  :85.4%
2025-12-12 00:00:29,921 MambaPro.train INFO: CMC curve, Rank-10 :89.2%
2025-12-12 00:00:29,922 MambaPro.train INFO: 🎯 New Best! Saving model...
2025-12-12 00:00:30,495 MambaPro.train INFO: [Epoch 30] 指标集合列表（历史）
2025-12-12 00:00:30,495 MambaPro.train INFO: history_mAP:{50.8 , 45.0 , 61.5 , 62.4 , 74.8 , 76.5}
2025-12-12 00:00:30,495 MambaPro.train INFO: best_mAP:{76.5}
2025-12-12 00:00:30,495 MambaPro.train INFO: history_Rank-1:{55.5 , 48.1 , 64.5 , 66.4 , 79.3 , 78.7}
2025-12-12 00:00:30,495 MambaPro.train INFO: best_Rank-1:{79.3}
2025-12-12 00:00:30,495 MambaPro.train INFO: history_Rank-5:{70.5 , 64.6 , 75.7 , 79.9 , 86.2 , 85.4}
2025-12-12 00:00:30,495 MambaPro.train INFO: best_Rank-5:{86.2}
2025-12-12 00:00:30,496 MambaPro.train INFO: history_Rank-10:{75.8 , 72.5 , 82.2 , 85.0 , 90.4 , 89.2}
2025-12-12 00:00:30,496 MambaPro.train INFO: best_Rank-10:{90.4}
2025-12-12 00:00:30,496 MambaPro.train INFO: history_Experts:{[0.36 , 0.33 , 0.30] , [0.38 , 0.34 , 0.28] , [0.46 , 0.31 , 0.23] , [0.71 , 0.17 , 0.12] , [0.84 , 0.09 , 0.07] , [0.88 , 0.06 , 0.05]}
2025-12-12 00:00:30,496 MambaPro.train INFO: best_Experts:{[0.88 , 0.06 , 0.05]}
2025-12-12 00:00:30,496 MambaPro.train INFO: 🔥 MoE损失(Val): 平衡=0.7939, 稀疏性=0.3176, 多样性=0.3582, 总=0.0012 (权重: 平衡=0.001, 稀疏性=0.000, 多样性=0.001)
2025-12-12 00:00:30,496 MambaPro.train INFO:    📊 专家权重分布(Val): [0.88 , 0.06 , 0.05]
2025-12-12 00:00:50,904 MambaPro.train INFO: Epoch 31 done. Time per batch: 0.189[s] Speed: 168.9[samples/s]
2025-12-12 00:01:10,871 MambaPro.train INFO: Epoch 32 done. Time per batch: 0.188[s] Speed: 169.9[samples/s]
2025-12-12 00:01:30,985 MambaPro.train INFO: Epoch 33 done. Time per batch: 0.188[s] Speed: 170.2[samples/s]
2025-12-12 00:01:50,892 MambaPro.train INFO: Epoch 34 done. Time per batch: 0.188[s] Speed: 170.4[samples/s]
2025-12-12 00:02:10,977 MambaPro.train INFO: Epoch 35 done. Time per batch: 0.188[s] Speed: 170.5[samples/s]
2025-12-12 00:02:18,493 MambaPro.train INFO: Validation Results - Epoch: 35
2025-12-12 00:02:18,493 MambaPro.train INFO: Current mAP: 76.2%
2025-12-12 00:02:18,493 MambaPro.train INFO: CMC curve, Rank-1  :77.6%
2025-12-12 00:02:18,493 MambaPro.train INFO: CMC curve, Rank-5  :86.4%
2025-12-12 00:02:18,493 MambaPro.train INFO: CMC curve, Rank-10 :90.3%
2025-12-12 00:02:18,494 MambaPro.train INFO: [Epoch 35] 指标集合列表（历史）
2025-12-12 00:02:18,494 MambaPro.train INFO: history_mAP:{50.8 , 45.0 , 61.5 , 62.4 , 74.8 , 76.5 , 76.2}
2025-12-12 00:02:18,494 MambaPro.train INFO: best_mAP:{76.5}
2025-12-12 00:02:18,494 MambaPro.train INFO: history_Rank-1:{55.5 , 48.1 , 64.5 , 66.4 , 79.3 , 78.7 , 77.6}
2025-12-12 00:02:18,494 MambaPro.train INFO: best_Rank-1:{79.3}
2025-12-12 00:02:18,494 MambaPro.train INFO: history_Rank-5:{70.5 , 64.6 , 75.7 , 79.9 , 86.2 , 85.4 , 86.4}
2025-12-12 00:02:18,494 MambaPro.train INFO: best_Rank-5:{86.2}
2025-12-12 00:02:18,494 MambaPro.train INFO: history_Rank-10:{75.8 , 72.5 , 82.2 , 85.0 , 90.4 , 89.2 , 90.3}
2025-12-12 00:02:18,494 MambaPro.train INFO: best_Rank-10:{90.4}
2025-12-12 00:02:18,494 MambaPro.train INFO: history_Experts:{[0.36 , 0.33 , 0.30] , [0.38 , 0.34 , 0.28] , [0.46 , 0.31 , 0.23] , [0.71 , 0.17 , 0.12] , [0.84 , 0.09 , 0.07] , [0.88 , 0.06 , 0.05] , [0.91 , 0.05 , 0.04]}
2025-12-12 00:02:18,494 MambaPro.train INFO: best_Experts:{[0.88 , 0.06 , 0.05]}
2025-12-12 00:02:18,494 MambaPro.train INFO: 🔥 MoE损失(Val): 平衡=0.9050, 稀疏性=0.2450, 多样性=0.2602, 总=0.0012 (权重: 平衡=0.001, 稀疏性=0.000, 多样性=0.001)
2025-12-12 00:02:18,494 MambaPro.train INFO:    📊 专家权重分布(Val): [0.91 , 0.05 , 0.04]
2025-12-12 00:02:38,745 MambaPro.train INFO: Epoch 36 done. Time per batch: 0.188[s] Speed: 170.2[samples/s]
2025-12-12 00:02:58,902 MambaPro.train INFO: Epoch 37 done. Time per batch: 0.188[s] Speed: 169.9[samples/s]
2025-12-12 00:03:18,847 MambaPro.train INFO: Epoch 38 done. Time per batch: 0.188[s] Speed: 170.1[samples/s]
2025-12-12 00:03:39,022 MambaPro.train INFO: Epoch 39 done. Time per batch: 0.189[s] Speed: 169.7[samples/s]
2025-12-12 00:03:59,010 MambaPro.train INFO: Epoch 40 done. Time per batch: 0.189[s] Speed: 169.7[samples/s]
2025-12-12 00:04:06,939 MambaPro.train INFO: Validation Results - Epoch: 40
2025-12-12 00:04:06,939 MambaPro.train INFO: Current mAP: 76.6%
2025-12-12 00:04:06,939 MambaPro.train INFO: CMC curve, Rank-1  :79.9%
2025-12-12 00:04:06,939 MambaPro.train INFO: CMC curve, Rank-5  :87.8%
2025-12-12 00:04:06,939 MambaPro.train INFO: CMC curve, Rank-10 :91.1%
2025-12-12 00:04:06,940 MambaPro.train INFO: 🎯 New Best! Saving model...
2025-12-12 00:04:07,572 MambaPro.train INFO: [Epoch 40] 指标集合列表（历史）
2025-12-12 00:04:07,572 MambaPro.train INFO: history_mAP:{50.8 , 45.0 , 61.5 , 62.4 , 74.8 , 76.5 , 76.2 , 76.6}
2025-12-12 00:04:07,573 MambaPro.train INFO: best_mAP:{76.6}
2025-12-12 00:04:07,573 MambaPro.train INFO: history_Rank-1:{55.5 , 48.1 , 64.5 , 66.4 , 79.3 , 78.7 , 77.6 , 79.9}
2025-12-12 00:04:07,573 MambaPro.train INFO: best_Rank-1:{79.9}
2025-12-12 00:04:07,573 MambaPro.train INFO: history_Rank-5:{70.5 , 64.6 , 75.7 , 79.9 , 86.2 , 85.4 , 86.4 , 87.8}
2025-12-12 00:04:07,573 MambaPro.train INFO: best_Rank-5:{87.8}
2025-12-12 00:04:07,573 MambaPro.train INFO: history_Rank-10:{75.8 , 72.5 , 82.2 , 85.0 , 90.4 , 89.2 , 90.3 , 91.1}
2025-12-12 00:04:07,573 MambaPro.train INFO: best_Rank-10:{91.1}
2025-12-12 00:04:07,573 MambaPro.train INFO: history_Experts:{[0.36 , 0.33 , 0.30] , [0.38 , 0.34 , 0.28] , [0.46 , 0.31 , 0.23] , [0.71 , 0.17 , 0.12] , [0.84 , 0.09 , 0.07] , [0.88 , 0.06 , 0.05] , [0.91 , 0.05 , 0.04] , [0.93 , 0.04 , 0.03]}
2025-12-12 00:04:07,573 MambaPro.train INFO: best_Experts:{[0.93 , 0.04 , 0.03]}
2025-12-12 00:04:07,573 MambaPro.train INFO: 🔥 MoE损失(Val): 平衡=0.9681, 稀疏性=0.2041, 多样性=0.2100, 总=0.0012 (权重: 平衡=0.001, 稀疏性=0.000, 多样性=0.001)
2025-12-12 00:04:07,573 MambaPro.train INFO:    📊 专家权重分布(Val): [0.93 , 0.04 , 0.03]
2025-12-12 00:04:27,950 MambaPro.train INFO: Epoch 41 done. Time per batch: 0.189[s] Speed: 169.2[samples/s]
2025-12-12 00:04:48,104 MambaPro.train INFO: Epoch 42 done. Time per batch: 0.188[s] Speed: 169.9[samples/s]
2025-12-12 00:05:08,269 MambaPro.train INFO: Epoch 43 done. Time per batch: 0.188[s] Speed: 169.8[samples/s]
2025-12-12 00:05:28,432 MambaPro.train INFO: Epoch 44 done. Time per batch: 0.188[s] Speed: 169.8[samples/s]
2025-12-12 00:05:48,580 MambaPro.train INFO: Epoch 45 done. Time per batch: 0.188[s] Speed: 169.9[samples/s]
2025-12-12 00:05:56,123 MambaPro.train INFO: Validation Results - Epoch: 45
2025-12-12 00:05:56,123 MambaPro.train INFO: Current mAP: 77.7%
2025-12-12 00:05:56,123 MambaPro.train INFO: CMC curve, Rank-1  :80.0%
2025-12-12 00:05:56,123 MambaPro.train INFO: CMC curve, Rank-5  :88.8%
2025-12-12 00:05:56,123 MambaPro.train INFO: CMC curve, Rank-10 :91.7%
2025-12-12 00:05:56,124 MambaPro.train INFO: 🎯 New Best! Saving model...
2025-12-12 00:05:56,766 MambaPro.train INFO: [Epoch 45] 指标集合列表（历史）
2025-12-12 00:05:56,766 MambaPro.train INFO: history_mAP:{50.8 , 45.0 , 61.5 , 62.4 , 74.8 , 76.5 , 76.2 , 76.6 , 77.7}
2025-12-12 00:05:56,766 MambaPro.train INFO: best_mAP:{77.7}
2025-12-12 00:05:56,766 MambaPro.train INFO: history_Rank-1:{55.5 , 48.1 , 64.5 , 66.4 , 79.3 , 78.7 , 77.6 , 79.9 , 80.0}
2025-12-12 00:05:56,766 MambaPro.train INFO: best_Rank-1:{80.0}
2025-12-12 00:05:56,766 MambaPro.train INFO: history_Rank-5:{70.5 , 64.6 , 75.7 , 79.9 , 86.2 , 85.4 , 86.4 , 87.8 , 88.8}
2025-12-12 00:05:56,766 MambaPro.train INFO: best_Rank-5:{88.8}
2025-12-12 00:05:56,766 MambaPro.train INFO: history_Rank-10:{75.8 , 72.5 , 82.2 , 85.0 , 90.4 , 89.2 , 90.3 , 91.1 , 91.7}
2025-12-12 00:05:56,766 MambaPro.train INFO: best_Rank-10:{91.7}
2025-12-12 00:05:56,766 MambaPro.train INFO: history_Experts:{[0.36 , 0.33 , 0.30] , [0.38 , 0.34 , 0.28] , [0.46 , 0.31 , 0.23] , [0.71 , 0.17 , 0.12] , [0.84 , 0.09 , 0.07] , [0.88 , 0.06 , 0.05] , [0.91 , 0.05 , 0.04] , [0.93 , 0.04 , 0.03] , [0.94 , 0.03 , 0.03]}
2025-12-12 00:05:56,766 MambaPro.train INFO: best_Experts:{[0.94 , 0.03 , 0.03]}
2025-12-12 00:05:56,766 MambaPro.train INFO: 🔥 MoE损失(Val): 平衡=1.0073, 稀疏性=0.1789, 多样性=0.1806, 总=0.0012 (权重: 平衡=0.001, 稀疏性=0.000, 多样性=0.001)
2025-12-12 00:05:56,766 MambaPro.train INFO:    📊 专家权重分布(Val): [0.94 , 0.03 , 0.03]
2025-12-12 00:06:17,054 MambaPro.train INFO: Epoch 46 done. Time per batch: 0.188[s] Speed: 169.9[samples/s]
2025-12-12 00:06:37,210 MambaPro.train INFO: Epoch 47 done. Time per batch: 0.188[s] Speed: 169.9[samples/s]
2025-12-12 00:06:57,183 MambaPro.train INFO: Epoch 48 done. Time per batch: 0.188[s] Speed: 169.8[samples/s]
2025-12-12 00:07:17,334 MambaPro.train INFO: Epoch 49 done. Time per batch: 0.188[s] Speed: 169.9[samples/s]
2025-12-12 00:07:37,592 MambaPro.train INFO: Epoch 50 done. Time per batch: 0.189[s] Speed: 169.0[samples/s]
2025-12-12 00:07:45,491 MambaPro.train INFO: Validation Results - Epoch: 50
2025-12-12 00:07:45,491 MambaPro.train INFO: Current mAP: 77.0%
2025-12-12 00:07:45,491 MambaPro.train INFO: CMC curve, Rank-1  :78.6%
2025-12-12 00:07:45,491 MambaPro.train INFO: CMC curve, Rank-5  :87.4%
2025-12-12 00:07:45,491 MambaPro.train INFO: CMC curve, Rank-10 :91.6%
2025-12-12 00:07:45,492 MambaPro.train INFO: [Epoch 50] 指标集合列表（历史）
2025-12-12 00:07:45,492 MambaPro.train INFO: history_mAP:{50.8 , 45.0 , 61.5 , 62.4 , 74.8 , 76.5 , 76.2 , 76.6 , 77.7 , 77.0}
2025-12-12 00:07:45,492 MambaPro.train INFO: best_mAP:{77.7}
2025-12-12 00:07:45,492 MambaPro.train INFO: history_Rank-1:{55.5 , 48.1 , 64.5 , 66.4 , 79.3 , 78.7 , 77.6 , 79.9 , 80.0 , 78.6}
2025-12-12 00:07:45,492 MambaPro.train INFO: best_Rank-1:{80.0}
2025-12-12 00:07:45,492 MambaPro.train INFO: history_Rank-5:{70.5 , 64.6 , 75.7 , 79.9 , 86.2 , 85.4 , 86.4 , 87.8 , 88.8 , 87.4}
2025-12-12 00:07:45,492 MambaPro.train INFO: best_Rank-5:{88.8}
2025-12-12 00:07:45,492 MambaPro.train INFO: history_Rank-10:{75.8 , 72.5 , 82.2 , 85.0 , 90.4 , 89.2 , 90.3 , 91.1 , 91.7 , 91.6}
2025-12-12 00:07:45,492 MambaPro.train INFO: best_Rank-10:{91.7}
2025-12-12 00:07:45,492 MambaPro.train INFO: history_Experts:{[0.36 , 0.33 , 0.30] , [0.38 , 0.34 , 0.28] , [0.46 , 0.31 , 0.23] , [0.71 , 0.17 , 0.12] , [0.84 , 0.09 , 0.07] , [0.88 , 0.06 , 0.05] , [0.91 , 0.05 , 0.04] , [0.93 , 0.04 , 0.03] , [0.94 , 0.03 , 0.03] , [0.94 , 0.03 , 0.03]}
2025-12-12 00:07:45,492 MambaPro.train INFO: best_Experts:{[0.94 , 0.03 , 0.03]}
2025-12-12 00:07:45,492 MambaPro.train INFO: 🔥 MoE损失(Val): 平衡=1.0355, 稀疏性=0.1608, 多样性=0.1601, 总=0.0012 (权重: 平衡=0.001, 稀疏性=0.000, 多样性=0.001)
2025-12-12 00:07:45,492 MambaPro.train INFO:    📊 专家权重分布(Val): [0.94 , 0.03 , 0.03]
2025-12-12 00:08:05,764 MambaPro.train INFO: Epoch 51 done. Time per batch: 0.190[s] Speed: 168.5[samples/s]
2025-12-12 00:08:25,837 MambaPro.train INFO: Epoch 52 done. Time per batch: 0.189[s] Speed: 169.0[samples/s]
2025-12-12 00:08:45,989 MambaPro.train INFO: Epoch 53 done. Time per batch: 0.188[s] Speed: 169.9[samples/s]
2025-12-12 00:09:06,217 MambaPro.train INFO: Epoch 54 done. Time per batch: 0.189[s] Speed: 169.3[samples/s]
2025-12-12 00:09:26,460 MambaPro.train INFO: Epoch 55 done. Time per batch: 0.189[s] Speed: 169.1[samples/s]
2025-12-12 00:09:34,027 MambaPro.train INFO: Validation Results - Epoch: 55
2025-12-12 00:09:34,027 MambaPro.train INFO: Current mAP: 77.5%
2025-12-12 00:09:34,027 MambaPro.train INFO: CMC curve, Rank-1  :80.4%
2025-12-12 00:09:34,027 MambaPro.train INFO: CMC curve, Rank-5  :89.0%
2025-12-12 00:09:34,027 MambaPro.train INFO: CMC curve, Rank-10 :91.6%
2025-12-12 00:09:34,028 MambaPro.train INFO: [Epoch 55] 指标集合列表（历史）
2025-12-12 00:09:34,028 MambaPro.train INFO: history_mAP:{50.8 , 45.0 , 61.5 , 62.4 , 74.8 , 76.5 , 76.2 , 76.6 , 77.7 , 77.0 , 77.5}
2025-12-12 00:09:34,028 MambaPro.train INFO: best_mAP:{77.7}
2025-12-12 00:09:34,028 MambaPro.train INFO: history_Rank-1:{55.5 , 48.1 , 64.5 , 66.4 , 79.3 , 78.7 , 77.6 , 79.9 , 80.0 , 78.6 , 80.4}
2025-12-12 00:09:34,028 MambaPro.train INFO: best_Rank-1:{80.0}
2025-12-12 00:09:34,028 MambaPro.train INFO: history_Rank-5:{70.5 , 64.6 , 75.7 , 79.9 , 86.2 , 85.4 , 86.4 , 87.8 , 88.8 , 87.4 , 89.0}
2025-12-12 00:09:34,028 MambaPro.train INFO: best_Rank-5:{88.8}
2025-12-12 00:09:34,028 MambaPro.train INFO: history_Rank-10:{75.8 , 72.5 , 82.2 , 85.0 , 90.4 , 89.2 , 90.3 , 91.1 , 91.7 , 91.6}
2025-12-12 00:09:34,028 MambaPro.train INFO: best_Rank-10:{91.7}
2025-12-12 00:09:34,028 MambaPro.train INFO: history_Experts:{[0.36 , 0.33 , 0.30] , [0.38 , 0.34 , 0.28] , [0.46 , 0.31 , 0.23] , [0.71 , 0.17 , 0.12] , [0.84 , 0.09 , 0.07] , [0.88 , 0.06 , 0.05] , [0.91 , 0.05 , 0.04] , [0.93 , 0.04 , 0.03] , [0.94 , 0.03 , 0.03] , [0.94 , 0.03 , 0.03] , [0.95 , 0.03 , 0.02]}
2025-12-12 00:09:34,028 MambaPro.train INFO: best_Experts:{[0.94 , 0.03 , 0.03]}
2025-12-12 00:09:34,028 MambaPro.train INFO: 🔥 MoE损失(Val): 平衡=1.0578, 稀疏性=0.1466, 多样性=0.1444, 总=0.0012 (权重: 平衡=0.001, 稀疏性=0.000, 多样性=0.001)
2025-12-12 00:09:34,028 MambaPro.train INFO:    📊 专家权重分布(Val): [0.95 , 0.03 , 0.02]
2025-12-12 00:09:54,177 MambaPro.train INFO: Epoch 56 done. Time per batch: 0.189[s] Speed: 169.5[samples/s]
2025-12-12 00:10:14,386 MambaPro.train INFO: Epoch 57 done. Time per batch: 0.189[s] Speed: 169.4[samples/s]
2025-12-12 00:10:34,585 MambaPro.train INFO: Epoch 58 done. Time per batch: 0.189[s] Speed: 169.5[samples/s]
2025-12-12 00:10:54,645 MambaPro.train INFO: Epoch 59 done. Time per batch: 0.189[s] Speed: 169.1[samples/s]
2025-12-12 00:11:14,878 MambaPro.train INFO: Epoch 60 done. Time per batch: 0.189[s] Speed: 169.2[samples/s]
2025-12-12 00:11:22,868 MambaPro.train INFO: Validation Results - Epoch: 60
2025-12-12 00:11:22,868 MambaPro.train INFO: Current mAP: 77.6%
2025-12-12 00:11:22,868 MambaPro.train INFO: CMC curve, Rank-1  :79.7%
2025-12-12 00:11:22,868 MambaPro.train INFO: CMC curve, Rank-5  :88.6%
2025-12-12 00:11:22,868 MambaPro.train INFO: CMC curve, Rank-10 :92.0%
2025-12-12 00:11:22,869 MambaPro.train INFO: [Epoch 60] 指标集合列表（历史）
2025-12-12 00:11:22,869 MambaPro.train INFO: history_mAP:{50.8 , 45.0 , 61.5 , 62.4 , 74.8 , 76.5 , 76.2 , 76.6 , 77.7 , 77.0 , 77.5 , 77.6}
2025-12-12 00:11:22,869 MambaPro.train INFO: best_mAP:{77.7}
2025-12-12 00:11:22,869 MambaPro.train INFO: history_Rank-1:{55.5 , 48.1 , 64.5 , 66.4 , 79.3 , 78.7 , 77.6 , 79.9 , 80.0 , 78.6 , 80.4 , 79.7}
2025-12-12 00:11:22,869 MambaPro.train INFO: best_Rank-1:{80.0}
2025-12-12 00:11:22,869 MambaPro.train INFO: history_Rank-5:{70.5 , 64.6 , 75.7 , 79.9 , 86.2 , 85.4 , 86.4 , 87.8 , 88.8 , 87.4 , 89.0 , 88.6}
2025-12-12 00:11:22,869 MambaPro.train INFO: best_Rank-5:{88.8}
2025-12-12 00:11:22,869 MambaPro.train INFO: history_Rank-10:{75.8 , 72.5 , 82.2 , 85.0 , 90.4 , 89.2 , 90.3 , 91.1 , 91.7 , 91.6 , 92.0}
2025-12-12 00:11:22,869 MambaPro.train INFO: best_Rank-10:{91.7}
2025-12-12 00:11:22,869 MambaPro.train INFO: history_Experts:{[0.36 , 0.33 , 0.30] , [0.38 , 0.34 , 0.28] , [0.46 , 0.31 , 0.23] , [0.71 , 0.17 , 0.12] , [0.84 , 0.09 , 0.07] , [0.88 , 0.06 , 0.05] , [0.91 , 0.05 , 0.04] , [0.93 , 0.04 , 0.03] , [0.94 , 0.03 , 0.03] , [0.94 , 0.03 , 0.03] , [0.95 , 0.03 , 0.02] , [0.95 , 0.03 , 0.02]}
2025-12-12 00:11:22,869 MambaPro.train INFO: best_Experts:{[0.94 , 0.03 , 0.03]}
2025-12-12 00:11:22,869 MambaPro.train INFO: 🔥 MoE损失(Val): 平衡=1.0752, 稀疏性=0.1355, 多样性=0.1324, 总=0.0012 (权重: 平衡=0.001, 稀疏性=0.000, 多样性=0.001)
2025-12-12 00:11:22,869 MambaPro.train INFO:    📊 专家权重分布(Val): [0.95 , 0.03 , 0.02]
2025-12-12 00:11:23,009 MambaPro.train INFO: ============================================================
