2025-12-17 11:17:36,915 MambaPro INFO: 🔥 窗口配置：4x4 ([4]), MoE专家数量：1
2025-12-17 11:17:36,915 MambaPro INFO: ================================================================================
2025-12-17 11:17:36,915 MambaPro INFO: 🧾 实验参数快照（命令行 + 最终配置）
2025-12-17 11:17:36,915 MambaPro INFO: ================================================================================
2025-12-17 11:17:36,915 MambaPro INFO: 【复现实验命令】
2025-12-17 11:17:36,915 MambaPro INFO: /home/zhanghaoyang/.conda/envs/MambaPro/bin/python train_net.py --use_multi_scale --use_moe --config_file mybest_model/experiment_20251013_110028/configs/experiment_config.yml OUTPUT_DIR ./outputs/multiscale/4x4_20251217_111734 MODEL.CLIP_MULTI_SCALE_SCALES [4] MODEL.MOE_SCALES [4] MODEL.MOE_NUM_EXPERTS 1
2025-12-17 11:17:36,915 MambaPro INFO: 【命令行参数（args）】
2025-12-17 11:17:36,915 MambaPro INFO: {
2025-12-17 11:17:36,915 MambaPro INFO:   "config_file": "mybest_model/experiment_20251013_110028/configs/experiment_config.yml",
2025-12-17 11:17:36,915 MambaPro INFO:   "fea_cft": 0,
2025-12-17 11:17:36,915 MambaPro INFO:   "opts": [
2025-12-17 11:17:36,915 MambaPro INFO:     "OUTPUT_DIR",
2025-12-17 11:17:36,915 MambaPro INFO:     "./outputs/multiscale/4x4_20251217_111734",
2025-12-17 11:17:36,915 MambaPro INFO:     "MODEL.CLIP_MULTI_SCALE_SCALES",
2025-12-17 11:17:36,915 MambaPro INFO:     "[4]",
2025-12-17 11:17:36,915 MambaPro INFO:     "MODEL.MOE_SCALES",
2025-12-17 11:17:36,915 MambaPro INFO:     "[4]",
2025-12-17 11:17:36,915 MambaPro INFO:     "MODEL.MOE_NUM_EXPERTS",
2025-12-17 11:17:36,915 MambaPro INFO:     "1"
2025-12-17 11:17:36,915 MambaPro INFO:   ],
2025-12-17 11:17:36,916 MambaPro INFO:   "local_rank": 0,
2025-12-17 11:17:36,916 MambaPro INFO:   "use_multi_scale": true,
2025-12-17 11:17:36,916 MambaPro INFO:   "no_multi_scale": false,
2025-12-17 11:17:36,916 MambaPro INFO:   "use_moe": true,
2025-12-17 11:17:36,916 MambaPro INFO:   "disable_moe": false,
2025-12-17 11:17:36,916 MambaPro INFO:   "no_moe": false,
2025-12-17 11:17:36,916 MambaPro INFO:   "use_attention": false,
2025-12-17 11:17:36,916 MambaPro INFO:   "disable_attention": false,
2025-12-17 11:17:36,916 MambaPro INFO:   "attention_heads": 8,
2025-12-17 11:17:36,916 MambaPro INFO:   "attention_dropout": 0.1
2025-12-17 11:17:36,916 MambaPro INFO: }
2025-12-17 11:17:36,916 MambaPro INFO: 【工作目录】/home/zhanghaoyang/Desktop/yzy/AboutReid
2025-12-17 11:17:36,916 MambaPro INFO: 【最终配置（YAML）】
2025-12-17 11:17:36,918 MambaPro INFO: DATALOADER:
2025-12-17 11:17:36,918 MambaPro INFO:   NUM_INSTANCE: 8
2025-12-17 11:17:36,918 MambaPro INFO:   NUM_WORKERS: 8
2025-12-17 11:17:36,918 MambaPro INFO:   SAMPLER: softmax_triplet
2025-12-17 11:17:36,918 MambaPro INFO: DATASETS:
2025-12-17 11:17:36,918 MambaPro INFO:   NAMES: RGBNT201
2025-12-17 11:17:36,918 MambaPro INFO:   ROOT_DIR: data/datasets
2025-12-17 11:17:36,918 MambaPro INFO: INPUT:
2025-12-17 11:17:36,918 MambaPro INFO:   PADDING: 10
2025-12-17 11:17:36,918 MambaPro INFO:   PIXEL_MEAN:
2025-12-17 11:17:36,918 MambaPro INFO:   - 0.5
2025-12-17 11:17:36,918 MambaPro INFO:   - 0.5
2025-12-17 11:17:36,918 MambaPro INFO:   - 0.5
2025-12-17 11:17:36,918 MambaPro INFO:   PIXEL_STD:
2025-12-17 11:17:36,918 MambaPro INFO:   - 0.5
2025-12-17 11:17:36,918 MambaPro INFO:   - 0.5
2025-12-17 11:17:36,918 MambaPro INFO:   - 0.5
2025-12-17 11:17:36,918 MambaPro INFO:   PROB: 0.5
2025-12-17 11:17:36,918 MambaPro INFO:   RE_PROB: 0.5
2025-12-17 11:17:36,918 MambaPro INFO:   SIZE_TEST:
2025-12-17 11:17:36,918 MambaPro INFO:   - 256
2025-12-17 11:17:36,918 MambaPro INFO:   - 128
2025-12-17 11:17:36,918 MambaPro INFO:   SIZE_TRAIN:
2025-12-17 11:17:36,918 MambaPro INFO:   - 256
2025-12-17 11:17:36,918 MambaPro INFO:   - 128
2025-12-17 11:17:36,918 MambaPro INFO: MODEL:
2025-12-17 11:17:36,918 MambaPro INFO:   ADAPTER: true
2025-12-17 11:17:36,918 MambaPro INFO:   ATTENTION_DIM: 512
2025-12-17 11:17:36,918 MambaPro INFO:   ATTENTION_DROPOUT: 0.1
2025-12-17 11:17:36,918 MambaPro INFO:   ATTENTION_NUM_HEADS: 8
2025-12-17 11:17:36,918 MambaPro INFO:   ATT_DROP_RATE: 0.0
2025-12-17 11:17:36,918 MambaPro INFO:   CLIP_MULTI_SCALE_SCALES:
2025-12-17 11:17:36,918 MambaPro INFO:   - 4
2025-12-17 11:17:36,919 MambaPro INFO:   DEVICE: cuda
2025-12-17 11:17:36,919 MambaPro INFO:   DEVICE_ID: '0'
2025-12-17 11:17:36,919 MambaPro INFO:   DIRECT: 1
2025-12-17 11:17:36,919 MambaPro INFO:   DIST_TRAIN: false
2025-12-17 11:17:36,919 MambaPro INFO:   DROP_OUT: 0.0
2025-12-17 11:17:36,919 MambaPro INFO:   DROP_PATH: 0.1
2025-12-17 11:17:36,919 MambaPro INFO:   FLOPS_TEST: false
2025-12-17 11:17:36,919 MambaPro INFO:   FROZEN: true
2025-12-17 11:17:36,919 MambaPro INFO:   GATE_DROPOUT: 0.1
2025-12-17 11:17:36,919 MambaPro INFO:   ID_LOSS_TYPE: softmax
2025-12-17 11:17:36,919 MambaPro INFO:   ID_LOSS_WEIGHT: 0.25
2025-12-17 11:17:36,919 MambaPro INFO:   IF_LABELSMOOTH: 'on'
2025-12-17 11:17:36,919 MambaPro INFO:   IF_WITH_CENTER: 'no'
2025-12-17 11:17:36,919 MambaPro INFO:   LAYER: -1
2025-12-17 11:17:36,919 MambaPro INFO:   MAMBA: true
2025-12-17 11:17:36,919 MambaPro INFO:   MAMBA_BI: false
2025-12-17 11:17:36,919 MambaPro INFO:   METRIC_LOSS_TYPE: triplet
2025-12-17 11:17:36,919 MambaPro INFO:   MOE_BALANCE_LOSS_WEIGHT: 0.01
2025-12-17 11:17:36,919 MambaPro INFO:   MOE_DIVERSITY_LOSS_WEIGHT: 0.01
2025-12-17 11:17:36,919 MambaPro INFO:   MOE_EXPERT_DROPOUT: 0.1
2025-12-17 11:17:36,919 MambaPro INFO:   MOE_EXPERT_HIDDEN_DIM: 1024
2025-12-17 11:17:36,919 MambaPro INFO:   MOE_EXPERT_LAYERS: 2
2025-12-17 11:17:36,919 MambaPro INFO:   MOE_EXPERT_THRESHOLD: 0.1
2025-12-17 11:17:36,919 MambaPro INFO:   MOE_FIXED_WEIGHTS:
2025-12-17 11:17:36,919 MambaPro INFO:   - 0.33
2025-12-17 11:17:36,919 MambaPro INFO:   - 0.33
2025-12-17 11:17:36,919 MambaPro INFO:   - 0.34
2025-12-17 11:17:36,919 MambaPro INFO:   MOE_GATE_DROPOUT: 0.1
2025-12-17 11:17:36,919 MambaPro INFO:   MOE_GATE_LAYERS: 2
2025-12-17 11:17:36,919 MambaPro INFO:   MOE_INIT_WEIGHTS: null
2025-12-17 11:17:36,919 MambaPro INFO:   MOE_NUM_EXPERTS: 1
2025-12-17 11:17:36,919 MambaPro INFO:   MOE_RESIDUAL_WEIGHT: 1.0
2025-12-17 11:17:36,919 MambaPro INFO:   MOE_SCALES:
2025-12-17 11:17:36,919 MambaPro INFO:   - 4
2025-12-17 11:17:36,919 MambaPro INFO:   MOE_SPARSITY_LOSS_WEIGHT: 0.001
2025-12-17 11:17:36,919 MambaPro INFO:   MOE_TEMPERATURE: 0.7
2025-12-17 11:17:36,919 MambaPro INFO:   MOE_TOP_K: 2
2025-12-17 11:17:36,919 MambaPro INFO:   MOE_TOP_K_MODE: soft
2025-12-17 11:17:36,919 MambaPro INFO:   MOE_USE_FIXED_WEIGHTS: false
2025-12-17 11:17:36,919 MambaPro INFO:   MOE_USE_TOP_K_ROUTING: false
2025-12-17 11:17:36,919 MambaPro INFO:   MULTI_SCALE_SCALES:
2025-12-17 11:17:36,919 MambaPro INFO:   - 4
2025-12-17 11:17:36,919 MambaPro INFO:   - 8
2025-12-17 11:17:36,919 MambaPro INFO:   - 16
2025-12-17 11:17:36,919 MambaPro INFO:   NAME: MambaPro
2025-12-17 11:17:36,919 MambaPro INFO:   NECK: bnneck
2025-12-17 11:17:36,919 MambaPro INFO:   NO_MARGIN: true
2025-12-17 11:17:36,919 MambaPro INFO:   PREFIX_NUM: 1
2025-12-17 11:17:36,919 MambaPro INFO:   PRETRAIN_PATH_T: ../ViT-B-16.pt
2025-12-17 11:17:36,919 MambaPro INFO:   PROMPT: true
2025-12-17 11:17:36,919 MambaPro INFO:   SIE_CAMERA: true
2025-12-17 11:17:36,919 MambaPro INFO:   SIE_COE: 1.0
2025-12-17 11:17:36,919 MambaPro INFO:   SIE_VIEW: false
2025-12-17 11:17:36,919 MambaPro INFO:   STRIDE_SIZE:
2025-12-17 11:17:36,919 MambaPro INFO:   - 16
2025-12-17 11:17:36,919 MambaPro INFO:   - 16
2025-12-17 11:17:36,919 MambaPro INFO:   TRANSFORMER_TYPE: ViT-B-16
2025-12-17 11:17:36,919 MambaPro INFO:   TRIPLET_LOSS_WEIGHT: 1.0
2025-12-17 11:17:36,919 MambaPro INFO:   USE_ATTENTION_FUSION: false
2025-12-17 11:17:36,919 MambaPro INFO:   USE_CLIP_MULTI_SCALE: true
2025-12-17 11:17:36,919 MambaPro INFO:   USE_GATE_FUSION: false
2025-12-17 11:17:36,919 MambaPro INFO:   USE_MULTI_SCALE: false
2025-12-17 11:17:36,919 MambaPro INFO:   USE_MULTI_SCALE_MOE: true
2025-12-17 11:17:36,919 MambaPro INFO: OUTPUT_DIR: outputs/multiscale/4x4_20251217_111734
2025-12-17 11:17:36,919 MambaPro INFO: SOLVER:
2025-12-17 11:17:36,919 MambaPro INFO:   BASE_LR: 0.0005
2025-12-17 11:17:36,919 MambaPro INFO:   BIAS_LR_FACTOR: 2
2025-12-17 11:17:36,919 MambaPro INFO:   CENTER_LOSS_WEIGHT: 0.0005
2025-12-17 11:17:36,919 MambaPro INFO:   CENTER_LR: 0.5
2025-12-17 11:17:36,919 MambaPro INFO:   CHECKPOINT_PERIOD: 10
2025-12-17 11:17:36,919 MambaPro INFO:   CLUSTER_MARGIN: 0.3
2025-12-17 11:17:36,919 MambaPro INFO:   COSINE_MARGIN: 0.5
2025-12-17 11:17:36,919 MambaPro INFO:   COSINE_SCALE: 30
2025-12-17 11:17:36,919 MambaPro INFO:   EVAL_PERIOD: 5
2025-12-17 11:17:36,919 MambaPro INFO:   GAMMA: 0.1
2025-12-17 11:17:36,919 MambaPro INFO:   IMS_PER_BATCH: 32
2025-12-17 11:17:36,919 MambaPro INFO:   LARGE_FC_LR: false
2025-12-17 11:17:36,919 MambaPro INFO:   LOG_PERIOD: 10
2025-12-17 11:17:36,919 MambaPro INFO:   MARGIN: 0.3
2025-12-17 11:17:36,919 MambaPro INFO:   MAX_EPOCHS: 60
2025-12-17 11:17:36,919 MambaPro INFO:   MOE_BALANCE_LOSS_WEIGHT: 0.001
2025-12-17 11:17:36,919 MambaPro INFO:   MOE_BALANCE_LOSS_WEIGHT_END: 0.1
2025-12-17 11:17:36,919 MambaPro INFO:   MOE_BALANCE_LOSS_WEIGHT_START: 0.001
2025-12-17 11:17:36,919 MambaPro INFO:   MOE_BALANCE_THRESHOLD: 0.3
2025-12-17 11:17:36,919 MambaPro INFO:   MOE_DIVERSITY_LOSS_WEIGHT: 0.001
2025-12-17 11:17:36,919 MambaPro INFO:   MOE_DIVERSITY_LOSS_WEIGHT_END: 0.1
2025-12-17 11:17:36,919 MambaPro INFO:   MOE_DIVERSITY_LOSS_WEIGHT_START: 0.001
2025-12-17 11:17:36,919 MambaPro INFO:   MOE_GATE_LR_FACTOR: 0.01
2025-12-17 11:17:36,919 MambaPro INFO:   MOE_LOSS_WEIGHT_SCHEDULE_TYPE: cosine
2025-12-17 11:17:36,919 MambaPro INFO:   MOE_LOSS_WEIGHT_WARMUP_EPOCHS: 5
2025-12-17 11:17:36,919 MambaPro INFO:   MOE_SPARSITY_LOSS_WEIGHT: 0.0001
2025-12-17 11:17:36,919 MambaPro INFO:   MOE_USE_DYNAMIC_LOSS_WEIGHT: false
2025-12-17 11:17:36,919 MambaPro INFO:   MOMENTUM: 0.9
2025-12-17 11:17:36,919 MambaPro INFO:   OPTIMIZER_NAME: Adam
2025-12-17 11:17:36,919 MambaPro INFO:   RANGE_ALPHA: 0
2025-12-17 11:17:36,919 MambaPro INFO:   RANGE_BETA: 1
2025-12-17 11:17:36,919 MambaPro INFO:   RANGE_K: 2
2025-12-17 11:17:36,919 MambaPro INFO:   RANGE_LOSS_WEIGHT: 1
2025-12-17 11:17:36,919 MambaPro INFO:   RANGE_MARGIN: 0.3
2025-12-17 11:17:36,919 MambaPro INFO:   SEED: 42
2025-12-17 11:17:36,919 MambaPro INFO:   STEPS:
2025-12-17 11:17:36,919 MambaPro INFO:   - 30
2025-12-17 11:17:36,919 MambaPro INFO:   - 50
2025-12-17 11:17:36,920 MambaPro INFO:   WARMUP_FACTOR: 0.01
2025-12-17 11:17:36,920 MambaPro INFO:   WARMUP_ITERS: 20
2025-12-17 11:17:36,920 MambaPro INFO:   WARMUP_METHOD: linear
2025-12-17 11:17:36,920 MambaPro INFO:   WEIGHT_DECAY: 0.0005
2025-12-17 11:17:36,920 MambaPro INFO:   WEIGHT_DECAY_BIAS: 0.0005
2025-12-17 11:17:36,920 MambaPro INFO: TEST:
2025-12-17 11:17:36,920 MambaPro INFO:   FEAT: 0
2025-12-17 11:17:36,920 MambaPro INFO:   FEAT_NORM: 'yes'
2025-12-17 11:17:36,920 MambaPro INFO:   IMS_PER_BATCH: 64
2025-12-17 11:17:36,920 MambaPro INFO:   MISS: nothing
2025-12-17 11:17:36,920 MambaPro INFO:   NECK_FEAT: after
2025-12-17 11:17:36,920 MambaPro INFO:   RE_RANKING: 'no'
2025-12-17 11:17:36,920 MambaPro INFO:   WEIGHT: /home/zubuntu/workspace/yzy/MambaPro/pths/MambaProbest.pth
2025-12-17 11:17:36,920 MambaPro INFO: ================================================================================
2025-12-17 11:17:40,388 MambaPro.train INFO: start training
2025-12-17 11:18:37,781 MambaPro.train INFO: Epoch 1 done. Time per batch: 0.531[s] Speed: 60.3[samples/s]
2025-12-17 11:19:33,624 MambaPro.train INFO: Epoch 2 done. Time per batch: 0.522[s] Speed: 61.3[samples/s]
2025-12-17 11:20:29,436 MambaPro.train INFO: Epoch 3 done. Time per batch: 0.522[s] Speed: 61.3[samples/s]
2025-12-17 11:21:25,478 MambaPro.train INFO: Epoch 4 done. Time per batch: 0.524[s] Speed: 61.1[samples/s]
2025-12-17 11:22:21,031 MambaPro.train INFO: Epoch 5 done. Time per batch: 0.524[s] Speed: 61.1[samples/s]
2025-12-17 11:22:40,388 MambaPro.train INFO: Validation Results - Epoch: 5
2025-12-17 11:22:40,388 MambaPro.train INFO: Current mAP: 54.2%
2025-12-17 11:22:40,388 MambaPro.train INFO: CMC curve, Rank-1  :63.4%
2025-12-17 11:22:40,388 MambaPro.train INFO: CMC curve, Rank-5  :74.4%
2025-12-17 11:22:40,388 MambaPro.train INFO: CMC curve, Rank-10 :78.0%
2025-12-17 11:22:40,399 MambaPro.train INFO: 🎯 New Best! Saving model...
2025-12-17 11:22:40,735 MambaPro.train INFO: [Epoch 5] 指标集合列表（历史）
2025-12-17 11:22:40,736 MambaPro.train INFO: history_mAP:{54.2}
2025-12-17 11:22:40,736 MambaPro.train INFO: best_mAP:{54.2}
2025-12-17 11:22:40,736 MambaPro.train INFO: history_Rank-1:{63.4}
2025-12-17 11:22:40,736 MambaPro.train INFO: best_Rank-1:{63.4}
2025-12-17 11:22:40,736 MambaPro.train INFO: history_Rank-5:{74.4}
2025-12-17 11:22:40,736 MambaPro.train INFO: best_Rank-5:{74.4}
2025-12-17 11:22:40,736 MambaPro.train INFO: history_Rank-10:{78.0}
2025-12-17 11:22:40,736 MambaPro.train INFO: best_Rank-10:{78.0}
2025-12-17 11:22:40,736 MambaPro.train INFO: history_Experts:{[1.00]}
2025-12-17 11:22:40,736 MambaPro.train INFO: best_Experts:{[1.00]}
2025-12-17 11:22:40,736 MambaPro.train INFO: 🔥 MoE损失(Val): 平衡=0.0000, 稀疏性=0.0000, 多样性=0.0000, 总=0.0000 (权重: 平衡=0.001, 稀疏性=0.000, 多样性=0.001)
2025-12-17 11:22:40,736 MambaPro.train INFO:    📊 专家权重分布(Val, 1个专家): [1.00]
2025-12-17 11:23:36,928 MambaPro.train INFO: Epoch 6 done. Time per batch: 0.524[s] Speed: 61.1[samples/s]
2025-12-17 11:24:32,811 MambaPro.train INFO: Epoch 7 done. Time per batch: 0.522[s] Speed: 61.3[samples/s]
2025-12-17 11:25:28,597 MambaPro.train INFO: Epoch 8 done. Time per batch: 0.521[s] Speed: 61.4[samples/s]
2025-12-17 11:26:26,413 MambaPro.train INFO: Epoch 9 done. Time per batch: 0.540[s] Speed: 59.2[samples/s]
2025-12-17 11:27:24,754 MambaPro.train INFO: Epoch 10 done. Time per batch: 0.545[s] Speed: 58.7[samples/s]
2025-12-17 11:27:44,221 MambaPro.train INFO: Validation Results - Epoch: 10
2025-12-17 11:27:44,222 MambaPro.train INFO: Current mAP: 66.7%
2025-12-17 11:27:44,222 MambaPro.train INFO: CMC curve, Rank-1  :69.3%
2025-12-17 11:27:44,222 MambaPro.train INFO: CMC curve, Rank-5  :81.5%
2025-12-17 11:27:44,222 MambaPro.train INFO: CMC curve, Rank-10 :86.5%
2025-12-17 11:27:44,231 MambaPro.train INFO: 🎯 New Best! Saving model...
2025-12-17 11:27:44,701 MambaPro.train INFO: [Epoch 10] 指标集合列表（历史）
2025-12-17 11:27:44,701 MambaPro.train INFO: history_mAP:{54.2 , 66.7}
2025-12-17 11:27:44,701 MambaPro.train INFO: best_mAP:{66.7}
2025-12-17 11:27:44,701 MambaPro.train INFO: history_Rank-1:{63.4 , 69.3}
2025-12-17 11:27:44,701 MambaPro.train INFO: best_Rank-1:{69.3}
2025-12-17 11:27:44,701 MambaPro.train INFO: history_Rank-5:{74.4 , 81.5}
2025-12-17 11:27:44,701 MambaPro.train INFO: best_Rank-5:{81.5}
2025-12-17 11:27:44,701 MambaPro.train INFO: history_Rank-10:{78.0 , 86.5}
2025-12-17 11:27:44,701 MambaPro.train INFO: best_Rank-10:{86.5}
2025-12-17 11:27:44,701 MambaPro.train INFO: history_Experts:{[1.00] , [1.00]}
2025-12-17 11:27:44,701 MambaPro.train INFO: best_Experts:{[1.00]}
2025-12-17 11:27:44,701 MambaPro.train INFO: 🔥 MoE损失(Val): 平衡=0.0000, 稀疏性=0.0000, 多样性=0.0000, 总=0.0000 (权重: 平衡=0.001, 稀疏性=0.000, 多样性=0.001)
2025-12-17 11:27:44,701 MambaPro.train INFO:    📊 专家权重分布(Val, 1个专家): [1.00]
2025-12-17 11:28:40,267 MambaPro.train INFO: Epoch 11 done. Time per batch: 0.518[s] Speed: 61.8[samples/s]
2025-12-17 11:29:36,045 MambaPro.train INFO: Epoch 12 done. Time per batch: 0.521[s] Speed: 61.4[samples/s]
2025-12-17 11:30:31,505 MambaPro.train INFO: Epoch 13 done. Time per batch: 0.518[s] Speed: 61.7[samples/s]
2025-12-17 11:31:27,480 MambaPro.train INFO: Epoch 14 done. Time per batch: 0.523[s] Speed: 61.2[samples/s]
2025-12-17 11:32:23,514 MambaPro.train INFO: Epoch 15 done. Time per batch: 0.524[s] Speed: 61.1[samples/s]
2025-12-17 11:32:42,576 MambaPro.train INFO: Validation Results - Epoch: 15
2025-12-17 11:32:42,576 MambaPro.train INFO: Current mAP: 64.5%
2025-12-17 11:32:42,576 MambaPro.train INFO: CMC curve, Rank-1  :64.2%
2025-12-17 11:32:42,576 MambaPro.train INFO: CMC curve, Rank-5  :76.8%
2025-12-17 11:32:42,576 MambaPro.train INFO: CMC curve, Rank-10 :84.1%
2025-12-17 11:32:42,581 MambaPro.train INFO: [Epoch 15] 指标集合列表（历史）
2025-12-17 11:32:42,581 MambaPro.train INFO: history_mAP:{54.2 , 66.7 , 64.5}
2025-12-17 11:32:42,581 MambaPro.train INFO: best_mAP:{66.7}
2025-12-17 11:32:42,581 MambaPro.train INFO: history_Rank-1:{63.4 , 69.3 , 64.2}
2025-12-17 11:32:42,581 MambaPro.train INFO: best_Rank-1:{69.3}
2025-12-17 11:32:42,581 MambaPro.train INFO: history_Rank-5:{74.4 , 81.5 , 76.8}
2025-12-17 11:32:42,581 MambaPro.train INFO: best_Rank-5:{81.5}
2025-12-17 11:32:42,581 MambaPro.train INFO: history_Rank-10:{78.0 , 86.5 , 84.1}
2025-12-17 11:32:42,581 MambaPro.train INFO: best_Rank-10:{86.5}
2025-12-17 11:32:42,581 MambaPro.train INFO: history_Experts:{[1.00] , [1.00] , [1.00]}
2025-12-17 11:32:42,581 MambaPro.train INFO: best_Experts:{[1.00]}
2025-12-17 11:32:42,581 MambaPro.train INFO: 🔥 MoE损失(Val): 平衡=0.0000, 稀疏性=0.0000, 多样性=0.0000, 总=0.0000 (权重: 平衡=0.001, 稀疏性=0.000, 多样性=0.001)
2025-12-17 11:32:42,581 MambaPro.train INFO:    📊 专家权重分布(Val, 1个专家): [1.00]
2025-12-17 11:33:38,120 MambaPro.train INFO: Epoch 16 done. Time per batch: 0.518[s] Speed: 61.8[samples/s]
2025-12-17 11:34:33,483 MambaPro.train INFO: Epoch 17 done. Time per batch: 0.517[s] Speed: 61.8[samples/s]
2025-12-17 11:35:28,905 MambaPro.train INFO: Epoch 18 done. Time per batch: 0.518[s] Speed: 61.8[samples/s]
2025-12-17 11:36:24,374 MambaPro.train INFO: Epoch 19 done. Time per batch: 0.518[s] Speed: 61.7[samples/s]
2025-12-17 11:37:20,111 MambaPro.train INFO: Epoch 20 done. Time per batch: 0.521[s] Speed: 61.4[samples/s]
2025-12-17 11:37:39,873 MambaPro.train INFO: Validation Results - Epoch: 20
2025-12-17 11:37:39,873 MambaPro.train INFO: Current mAP: 57.2%
2025-12-17 11:37:39,873 MambaPro.train INFO: CMC curve, Rank-1  :58.0%
2025-12-17 11:37:39,873 MambaPro.train INFO: CMC curve, Rank-5  :71.9%
2025-12-17 11:37:39,873 MambaPro.train INFO: CMC curve, Rank-10 :78.8%
2025-12-17 11:37:39,881 MambaPro.train INFO: [Epoch 20] 指标集合列表（历史）
2025-12-17 11:37:39,881 MambaPro.train INFO: history_mAP:{54.2 , 66.7 , 64.5 , 57.2}
2025-12-17 11:37:39,881 MambaPro.train INFO: best_mAP:{66.7}
2025-12-17 11:37:39,881 MambaPro.train INFO: history_Rank-1:{63.4 , 69.3 , 64.2 , 58.0}
2025-12-17 11:37:39,881 MambaPro.train INFO: best_Rank-1:{69.3}
2025-12-17 11:37:39,881 MambaPro.train INFO: history_Rank-5:{74.4 , 81.5 , 76.8 , 71.9}
2025-12-17 11:37:39,881 MambaPro.train INFO: best_Rank-5:{81.5}
2025-12-17 11:37:39,881 MambaPro.train INFO: history_Rank-10:{78.0 , 86.5 , 84.1 , 78.8}
2025-12-17 11:37:39,881 MambaPro.train INFO: best_Rank-10:{86.5}
2025-12-17 11:37:39,881 MambaPro.train INFO: history_Experts:{[1.00] , [1.00] , [1.00] , [1.00]}
2025-12-17 11:37:39,881 MambaPro.train INFO: best_Experts:{[1.00]}
2025-12-17 11:37:39,881 MambaPro.train INFO: 🔥 MoE损失(Val): 平衡=0.0000, 稀疏性=0.0000, 多样性=0.0000, 总=0.0000 (权重: 平衡=0.001, 稀疏性=0.000, 多样性=0.001)
2025-12-17 11:37:39,881 MambaPro.train INFO:    📊 专家权重分布(Val, 1个专家): [1.00]
2025-12-17 11:38:37,330 MambaPro.train INFO: Epoch 21 done. Time per batch: 0.536[s] Speed: 59.8[samples/s]
2025-12-17 11:39:35,353 MambaPro.train INFO: Epoch 22 done. Time per batch: 0.542[s] Speed: 59.0[samples/s]
2025-12-17 11:40:31,028 MambaPro.train INFO: Epoch 23 done. Time per batch: 0.520[s] Speed: 61.5[samples/s]
2025-12-17 11:41:26,620 MambaPro.train INFO: Epoch 24 done. Time per batch: 0.520[s] Speed: 61.6[samples/s]
2025-12-17 11:42:22,097 MambaPro.train INFO: Epoch 25 done. Time per batch: 0.518[s] Speed: 61.7[samples/s]
2025-12-17 11:42:41,418 MambaPro.train INFO: Validation Results - Epoch: 25
2025-12-17 11:42:41,418 MambaPro.train INFO: Current mAP: 68.7%
2025-12-17 11:42:41,418 MambaPro.train INFO: CMC curve, Rank-1  :71.8%
2025-12-17 11:42:41,418 MambaPro.train INFO: CMC curve, Rank-5  :82.8%
2025-12-17 11:42:41,418 MambaPro.train INFO: CMC curve, Rank-10 :87.6%
2025-12-17 11:42:41,429 MambaPro.train INFO: 🎯 New Best! Saving model...
2025-12-17 11:42:41,897 MambaPro.train INFO: [Epoch 25] 指标集合列表（历史）
2025-12-17 11:42:41,897 MambaPro.train INFO: history_mAP:{54.2 , 66.7 , 64.5 , 57.2 , 68.7}
2025-12-17 11:42:41,897 MambaPro.train INFO: best_mAP:{68.7}
2025-12-17 11:42:41,897 MambaPro.train INFO: history_Rank-1:{63.4 , 69.3 , 64.2 , 58.0 , 71.8}
2025-12-17 11:42:41,897 MambaPro.train INFO: best_Rank-1:{71.8}
2025-12-17 11:42:41,897 MambaPro.train INFO: history_Rank-5:{74.4 , 81.5 , 76.8 , 71.9 , 82.8}
2025-12-17 11:42:41,897 MambaPro.train INFO: best_Rank-5:{82.8}
2025-12-17 11:42:41,897 MambaPro.train INFO: history_Rank-10:{78.0 , 86.5 , 84.1 , 78.8 , 87.6}
2025-12-17 11:42:41,897 MambaPro.train INFO: best_Rank-10:{87.6}
2025-12-17 11:42:41,897 MambaPro.train INFO: history_Experts:{[1.00] , [1.00] , [1.00] , [1.00] , [1.00]}
2025-12-17 11:42:41,897 MambaPro.train INFO: best_Experts:{[1.00]}
2025-12-17 11:42:41,897 MambaPro.train INFO: 🔥 MoE损失(Val): 平衡=0.0000, 稀疏性=0.0000, 多样性=0.0000, 总=0.0000 (权重: 平衡=0.001, 稀疏性=0.000, 多样性=0.001)
2025-12-17 11:42:41,897 MambaPro.train INFO:    📊 专家权重分布(Val, 1个专家): [1.00]
2025-12-17 11:43:37,401 MambaPro.train INFO: Epoch 26 done. Time per batch: 0.517[s] Speed: 61.9[samples/s]
2025-12-17 11:44:33,263 MambaPro.train INFO: Epoch 27 done. Time per batch: 0.522[s] Speed: 61.3[samples/s]
2025-12-17 11:45:28,455 MambaPro.train INFO: Epoch 28 done. Time per batch: 0.521[s] Speed: 61.5[samples/s]
2025-12-17 11:46:24,557 MambaPro.train INFO: Epoch 29 done. Time per batch: 0.524[s] Speed: 61.0[samples/s]
2025-12-17 11:47:20,690 MambaPro.train INFO: Epoch 30 done. Time per batch: 0.525[s] Speed: 61.0[samples/s]
2025-12-17 11:47:40,495 MambaPro.train INFO: Validation Results - Epoch: 30
2025-12-17 11:47:40,495 MambaPro.train INFO: Current mAP: 72.5%
2025-12-17 11:47:40,495 MambaPro.train INFO: CMC curve, Rank-1  :77.2%
2025-12-17 11:47:40,495 MambaPro.train INFO: CMC curve, Rank-5  :86.1%
2025-12-17 11:47:40,495 MambaPro.train INFO: CMC curve, Rank-10 :90.4%
2025-12-17 11:47:40,506 MambaPro.train INFO: 🎯 New Best! Saving model...
2025-12-17 11:47:40,998 MambaPro.train INFO: [Epoch 30] 指标集合列表（历史）
2025-12-17 11:47:40,998 MambaPro.train INFO: history_mAP:{54.2 , 66.7 , 64.5 , 57.2 , 68.7 , 72.5}
2025-12-17 11:47:40,998 MambaPro.train INFO: best_mAP:{72.5}
2025-12-17 11:47:40,998 MambaPro.train INFO: history_Rank-1:{63.4 , 69.3 , 64.2 , 58.0 , 71.8 , 77.2}
2025-12-17 11:47:40,998 MambaPro.train INFO: best_Rank-1:{77.2}
2025-12-17 11:47:40,998 MambaPro.train INFO: history_Rank-5:{74.4 , 81.5 , 76.8 , 71.9 , 82.8 , 86.1}
2025-12-17 11:47:40,998 MambaPro.train INFO: best_Rank-5:{86.1}
2025-12-17 11:47:40,998 MambaPro.train INFO: history_Rank-10:{78.0 , 86.5 , 84.1 , 78.8 , 87.6 , 90.4}
2025-12-17 11:47:40,998 MambaPro.train INFO: best_Rank-10:{90.4}
2025-12-17 11:47:40,998 MambaPro.train INFO: history_Experts:{[1.00] , [1.00] , [1.00] , [1.00] , [1.00] , [1.00]}
2025-12-17 11:47:40,998 MambaPro.train INFO: best_Experts:{[1.00]}
2025-12-17 11:47:40,998 MambaPro.train INFO: 🔥 MoE损失(Val): 平衡=0.0000, 稀疏性=0.0000, 多样性=0.0000, 总=0.0000 (权重: 平衡=0.001, 稀疏性=0.000, 多样性=0.001)
2025-12-17 11:47:40,998 MambaPro.train INFO:    📊 专家权重分布(Val, 1个专家): [1.00]
2025-12-17 11:48:36,188 MambaPro.train INFO: Epoch 31 done. Time per batch: 0.519[s] Speed: 61.6[samples/s]
2025-12-17 11:49:31,670 MambaPro.train INFO: Epoch 32 done. Time per batch: 0.519[s] Speed: 61.7[samples/s]
2025-12-17 11:50:27,291 MambaPro.train INFO: Epoch 33 done. Time per batch: 0.520[s] Speed: 61.6[samples/s]
2025-12-17 11:51:26,393 MambaPro.train INFO: Epoch 34 done. Time per batch: 0.552[s] Speed: 57.9[samples/s]
2025-12-17 11:52:22,959 MambaPro.train INFO: Epoch 35 done. Time per batch: 0.529[s] Speed: 60.5[samples/s]
2025-12-17 11:52:42,228 MambaPro.train INFO: Validation Results - Epoch: 35
2025-12-17 11:52:42,229 MambaPro.train INFO: Current mAP: 72.8%
2025-12-17 11:52:42,229 MambaPro.train INFO: CMC curve, Rank-1  :75.4%
2025-12-17 11:52:42,229 MambaPro.train INFO: CMC curve, Rank-5  :85.0%
2025-12-17 11:52:42,229 MambaPro.train INFO: CMC curve, Rank-10 :89.4%
2025-12-17 11:52:42,239 MambaPro.train INFO: 🎯 New Best! Saving model...
2025-12-17 11:52:42,767 MambaPro.train INFO: [Epoch 35] 指标集合列表（历史）
2025-12-17 11:52:42,767 MambaPro.train INFO: history_mAP:{54.2 , 66.7 , 64.5 , 57.2 , 68.7 , 72.5 , 72.8}
2025-12-17 11:52:42,767 MambaPro.train INFO: best_mAP:{72.8}
2025-12-17 11:52:42,767 MambaPro.train INFO: history_Rank-1:{63.4 , 69.3 , 64.2 , 58.0 , 71.8 , 77.2 , 75.4}
2025-12-17 11:52:42,767 MambaPro.train INFO: best_Rank-1:{77.2}
2025-12-17 11:52:42,767 MambaPro.train INFO: history_Rank-5:{74.4 , 81.5 , 76.8 , 71.9 , 82.8 , 86.1 , 85.0}
2025-12-17 11:52:42,767 MambaPro.train INFO: best_Rank-5:{86.1}
2025-12-17 11:52:42,767 MambaPro.train INFO: history_Rank-10:{78.0 , 86.5 , 84.1 , 78.8 , 87.6 , 90.4 , 89.4}
2025-12-17 11:52:42,767 MambaPro.train INFO: best_Rank-10:{90.4}
2025-12-17 11:52:42,767 MambaPro.train INFO: history_Experts:{[1.00] , [1.00] , [1.00] , [1.00] , [1.00] , [1.00] , [1.00]}
2025-12-17 11:52:42,767 MambaPro.train INFO: best_Experts:{[1.00]}
2025-12-17 11:52:42,767 MambaPro.train INFO: 🔥 MoE损失(Val): 平衡=0.0000, 稀疏性=0.0000, 多样性=0.0000, 总=0.0000 (权重: 平衡=0.001, 稀疏性=0.000, 多样性=0.001)
2025-12-17 11:52:42,767 MambaPro.train INFO:    📊 专家权重分布(Val, 1个专家): [1.00]
2025-12-17 11:53:38,459 MambaPro.train INFO: Epoch 36 done. Time per batch: 0.519[s] Speed: 61.6[samples/s]
2025-12-17 11:54:33,208 MambaPro.train INFO: Epoch 37 done. Time per batch: 0.512[s] Speed: 62.5[samples/s]
2025-12-17 11:55:28,941 MambaPro.train INFO: Epoch 38 done. Time per batch: 0.521[s] Speed: 61.4[samples/s]
2025-12-17 11:56:24,783 MambaPro.train INFO: Epoch 39 done. Time per batch: 0.522[s] Speed: 61.3[samples/s]
2025-12-17 11:57:20,923 MambaPro.train INFO: Epoch 40 done. Time per batch: 0.525[s] Speed: 61.0[samples/s]
2025-12-17 11:57:40,413 MambaPro.train INFO: Validation Results - Epoch: 40
2025-12-17 11:57:40,413 MambaPro.train INFO: Current mAP: 75.2%
2025-12-17 11:57:40,413 MambaPro.train INFO: CMC curve, Rank-1  :77.8%
2025-12-17 11:57:40,413 MambaPro.train INFO: CMC curve, Rank-5  :86.1%
2025-12-17 11:57:40,413 MambaPro.train INFO: CMC curve, Rank-10 :89.8%
2025-12-17 11:57:40,424 MambaPro.train INFO: 🎯 New Best! Saving model...
2025-12-17 11:57:40,951 MambaPro.train INFO: [Epoch 40] 指标集合列表（历史）
2025-12-17 11:57:40,951 MambaPro.train INFO: history_mAP:{54.2 , 66.7 , 64.5 , 57.2 , 68.7 , 72.5 , 72.8 , 75.2}
2025-12-17 11:57:40,952 MambaPro.train INFO: best_mAP:{75.2}
2025-12-17 11:57:40,952 MambaPro.train INFO: history_Rank-1:{63.4 , 69.3 , 64.2 , 58.0 , 71.8 , 77.2 , 75.4 , 77.8}
2025-12-17 11:57:40,952 MambaPro.train INFO: best_Rank-1:{77.8}
2025-12-17 11:57:40,952 MambaPro.train INFO: history_Rank-5:{74.4 , 81.5 , 76.8 , 71.9 , 82.8 , 86.1 , 85.0}
2025-12-17 11:57:40,952 MambaPro.train INFO: best_Rank-5:{86.1}
2025-12-17 11:57:40,952 MambaPro.train INFO: history_Rank-10:{78.0 , 86.5 , 84.1 , 78.8 , 87.6 , 90.4 , 89.4 , 89.8}
2025-12-17 11:57:40,952 MambaPro.train INFO: best_Rank-10:{90.4}
2025-12-17 11:57:40,952 MambaPro.train INFO: history_Experts:{[1.00] , [1.00] , [1.00] , [1.00] , [1.00] , [1.00] , [1.00] , [1.00]}
2025-12-17 11:57:40,952 MambaPro.train INFO: best_Experts:{[1.00]}
2025-12-17 11:57:40,952 MambaPro.train INFO: 🔥 MoE损失(Val): 平衡=0.0000, 稀疏性=0.0000, 多样性=0.0000, 总=0.0000 (权重: 平衡=0.001, 稀疏性=0.000, 多样性=0.001)
2025-12-17 11:57:40,952 MambaPro.train INFO:    📊 专家权重分布(Val, 1个专家): [1.00]
2025-12-17 11:58:36,579 MambaPro.train INFO: Epoch 41 done. Time per batch: 0.523[s] Speed: 61.1[samples/s]
2025-12-17 11:59:32,206 MambaPro.train INFO: Epoch 42 done. Time per batch: 0.525[s] Speed: 61.0[samples/s]
2025-12-17 12:00:28,009 MambaPro.train INFO: Epoch 43 done. Time per batch: 0.522[s] Speed: 61.4[samples/s]
2025-12-17 12:01:22,279 MambaPro.train INFO: Epoch 44 done. Time per batch: 0.512[s] Speed: 62.5[samples/s]
2025-12-17 12:02:18,374 MambaPro.train INFO: Epoch 45 done. Time per batch: 0.524[s] Speed: 61.0[samples/s]
2025-12-17 12:02:37,842 MambaPro.train INFO: Validation Results - Epoch: 45
2025-12-17 12:02:37,842 MambaPro.train INFO: Current mAP: 76.1%
2025-12-17 12:02:37,842 MambaPro.train INFO: CMC curve, Rank-1  :80.1%
2025-12-17 12:02:37,842 MambaPro.train INFO: CMC curve, Rank-5  :88.5%
2025-12-17 12:02:37,842 MambaPro.train INFO: CMC curve, Rank-10 :91.6%
2025-12-17 12:02:37,854 MambaPro.train INFO: 🎯 New Best! Saving model...
2025-12-17 12:02:38,336 MambaPro.train INFO: [Epoch 45] 指标集合列表（历史）
2025-12-17 12:02:38,336 MambaPro.train INFO: history_mAP:{54.2 , 66.7 , 64.5 , 57.2 , 68.7 , 72.5 , 72.8 , 75.2 , 76.1}
2025-12-17 12:02:38,336 MambaPro.train INFO: best_mAP:{76.1}
2025-12-17 12:02:38,336 MambaPro.train INFO: history_Rank-1:{63.4 , 69.3 , 64.2 , 58.0 , 71.8 , 77.2 , 75.4 , 77.8 , 80.1}
2025-12-17 12:02:38,336 MambaPro.train INFO: best_Rank-1:{80.1}
2025-12-17 12:02:38,336 MambaPro.train INFO: history_Rank-5:{74.4 , 81.5 , 76.8 , 71.9 , 82.8 , 86.1 , 85.0 , 88.5}
2025-12-17 12:02:38,336 MambaPro.train INFO: best_Rank-5:{88.5}
2025-12-17 12:02:38,336 MambaPro.train INFO: history_Rank-10:{78.0 , 86.5 , 84.1 , 78.8 , 87.6 , 90.4 , 89.4 , 89.8 , 91.6}
2025-12-17 12:02:38,336 MambaPro.train INFO: best_Rank-10:{91.6}
2025-12-17 12:02:38,336 MambaPro.train INFO: history_Experts:{[1.00] , [1.00] , [1.00] , [1.00] , [1.00] , [1.00] , [1.00] , [1.00] , [1.00]}
2025-12-17 12:02:38,336 MambaPro.train INFO: best_Experts:{[1.00]}
2025-12-17 12:02:38,336 MambaPro.train INFO: 🔥 MoE损失(Val): 平衡=0.0000, 稀疏性=0.0000, 多样性=0.0000, 总=0.0000 (权重: 平衡=0.001, 稀疏性=0.000, 多样性=0.001)
2025-12-17 12:02:38,336 MambaPro.train INFO:    📊 专家权重分布(Val, 1个专家): [1.00]
2025-12-17 12:03:37,442 MambaPro.train INFO: Epoch 46 done. Time per batch: 0.551[s] Speed: 58.1[samples/s]
2025-12-17 12:04:34,602 MambaPro.train INFO: Epoch 47 done. Time per batch: 0.534[s] Speed: 59.9[samples/s]
2025-12-17 12:05:29,559 MambaPro.train INFO: Epoch 48 done. Time per batch: 0.514[s] Speed: 62.3[samples/s]
2025-12-17 12:06:24,771 MambaPro.train INFO: Epoch 49 done. Time per batch: 0.521[s] Speed: 61.4[samples/s]
2025-12-17 12:07:20,669 MambaPro.train INFO: Epoch 50 done. Time per batch: 0.522[s] Speed: 61.3[samples/s]
2025-12-17 12:07:40,120 MambaPro.train INFO: Validation Results - Epoch: 50
2025-12-17 12:07:40,120 MambaPro.train INFO: Current mAP: 75.3%
2025-12-17 12:07:40,120 MambaPro.train INFO: CMC curve, Rank-1  :78.0%
2025-12-17 12:07:40,120 MambaPro.train INFO: CMC curve, Rank-5  :86.0%
2025-12-17 12:07:40,120 MambaPro.train INFO: CMC curve, Rank-10 :90.3%
2025-12-17 12:07:40,132 MambaPro.train INFO: [Epoch 50] 指标集合列表（历史）
2025-12-17 12:07:40,132 MambaPro.train INFO: history_mAP:{54.2 , 66.7 , 64.5 , 57.2 , 68.7 , 72.5 , 72.8 , 75.2 , 76.1 , 75.3}
2025-12-17 12:07:40,132 MambaPro.train INFO: best_mAP:{76.1}
2025-12-17 12:07:40,132 MambaPro.train INFO: history_Rank-1:{63.4 , 69.3 , 64.2 , 58.0 , 71.8 , 77.2 , 75.4 , 77.8 , 80.1 , 78.0}
2025-12-17 12:07:40,132 MambaPro.train INFO: best_Rank-1:{80.1}
2025-12-17 12:07:40,132 MambaPro.train INFO: history_Rank-5:{74.4 , 81.5 , 76.8 , 71.9 , 82.8 , 86.1 , 85.0 , 88.5 , 86.0}
2025-12-17 12:07:40,132 MambaPro.train INFO: best_Rank-5:{88.5}
2025-12-17 12:07:40,132 MambaPro.train INFO: history_Rank-10:{78.0 , 86.5 , 84.1 , 78.8 , 87.6 , 90.4 , 89.4 , 89.8 , 91.6 , 90.3}
2025-12-17 12:07:40,132 MambaPro.train INFO: best_Rank-10:{91.6}
2025-12-17 12:07:40,132 MambaPro.train INFO: history_Experts:{[1.00] , [1.00] , [1.00] , [1.00] , [1.00] , [1.00] , [1.00] , [1.00] , [1.00] , [1.00]}
2025-12-17 12:07:40,132 MambaPro.train INFO: best_Experts:{[1.00]}
2025-12-17 12:07:40,132 MambaPro.train INFO: 🔥 MoE损失(Val): 平衡=0.0000, 稀疏性=0.0000, 多样性=0.0000, 总=0.0000 (权重: 平衡=0.001, 稀疏性=0.000, 多样性=0.001)
2025-12-17 12:07:40,132 MambaPro.train INFO:    📊 专家权重分布(Val, 1个专家): [1.00]
2025-12-17 12:08:35,640 MambaPro.train INFO: Epoch 51 done. Time per batch: 0.517[s] Speed: 61.8[samples/s]
2025-12-17 12:09:30,720 MambaPro.train INFO: Epoch 52 done. Time per batch: 0.520[s] Speed: 61.6[samples/s]
2025-12-17 12:10:25,895 MambaPro.train INFO: Epoch 53 done. Time per batch: 0.516[s] Speed: 62.1[samples/s]
2025-12-17 12:11:21,312 MambaPro.train INFO: Epoch 54 done. Time per batch: 0.518[s] Speed: 61.8[samples/s]
2025-12-17 12:12:16,993 MambaPro.train INFO: Epoch 55 done. Time per batch: 0.525[s] Speed: 60.9[samples/s]
2025-12-17 12:12:36,549 MambaPro.train INFO: Validation Results - Epoch: 55
2025-12-17 12:12:36,549 MambaPro.train INFO: Current mAP: 75.4%
2025-12-17 12:12:36,549 MambaPro.train INFO: CMC curve, Rank-1  :78.0%
2025-12-17 12:12:36,549 MambaPro.train INFO: CMC curve, Rank-5  :86.7%
2025-12-17 12:12:36,549 MambaPro.train INFO: CMC curve, Rank-10 :91.1%
2025-12-17 12:12:36,562 MambaPro.train INFO: [Epoch 55] 指标集合列表（历史）
2025-12-17 12:12:36,563 MambaPro.train INFO: history_mAP:{54.2 , 66.7 , 64.5 , 57.2 , 68.7 , 72.5 , 72.8 , 75.2 , 76.1 , 75.3 , 75.4}
2025-12-17 12:12:36,563 MambaPro.train INFO: best_mAP:{76.1}
2025-12-17 12:12:36,563 MambaPro.train INFO: history_Rank-1:{63.4 , 69.3 , 64.2 , 58.0 , 71.8 , 77.2 , 75.4 , 77.8 , 80.1 , 78.0}
2025-12-17 12:12:36,563 MambaPro.train INFO: best_Rank-1:{80.1}
2025-12-17 12:12:36,563 MambaPro.train INFO: history_Rank-5:{74.4 , 81.5 , 76.8 , 71.9 , 82.8 , 86.1 , 85.0 , 88.5 , 86.0 , 86.7}
2025-12-17 12:12:36,563 MambaPro.train INFO: best_Rank-5:{88.5}
2025-12-17 12:12:36,563 MambaPro.train INFO: history_Rank-10:{78.0 , 86.5 , 84.1 , 78.8 , 87.6 , 90.4 , 89.4 , 89.8 , 91.6 , 90.3 , 91.1}
2025-12-17 12:12:36,563 MambaPro.train INFO: best_Rank-10:{91.6}
2025-12-17 12:12:36,563 MambaPro.train INFO: history_Experts:{[1.00] , [1.00] , [1.00] , [1.00] , [1.00] , [1.00] , [1.00] , [1.00] , [1.00] , [1.00] , [1.00]}
2025-12-17 12:12:36,563 MambaPro.train INFO: best_Experts:{[1.00]}
2025-12-17 12:12:36,563 MambaPro.train INFO: 🔥 MoE损失(Val): 平衡=0.0000, 稀疏性=0.0000, 多样性=0.0000, 总=0.0000 (权重: 平衡=0.001, 稀疏性=0.000, 多样性=0.001)
2025-12-17 12:12:36,563 MambaPro.train INFO:    📊 专家权重分布(Val, 1个专家): [1.00]
2025-12-17 12:13:31,935 MambaPro.train INFO: Epoch 56 done. Time per batch: 0.521[s] Speed: 61.4[samples/s]
2025-12-17 12:14:28,056 MambaPro.train INFO: Epoch 57 done. Time per batch: 0.524[s] Speed: 61.0[samples/s]
2025-12-17 12:15:23,385 MambaPro.train INFO: Epoch 58 done. Time per batch: 0.517[s] Speed: 61.9[samples/s]
2025-12-17 12:16:22,746 MambaPro.train INFO: Epoch 59 done. Time per batch: 0.555[s] Speed: 57.7[samples/s]
2025-12-17 12:17:18,825 MambaPro.train INFO: Epoch 60 done. Time per batch: 0.529[s] Speed: 60.5[samples/s]
2025-12-17 12:17:38,323 MambaPro.train INFO: Validation Results - Epoch: 60
2025-12-17 12:17:38,323 MambaPro.train INFO: Current mAP: 75.3%
2025-12-17 12:17:38,323 MambaPro.train INFO: CMC curve, Rank-1  :78.2%
2025-12-17 12:17:38,323 MambaPro.train INFO: CMC curve, Rank-5  :87.1%
2025-12-17 12:17:38,323 MambaPro.train INFO: CMC curve, Rank-10 :91.1%
2025-12-17 12:17:38,334 MambaPro.train INFO: [Epoch 60] 指标集合列表（历史）
2025-12-17 12:17:38,334 MambaPro.train INFO: history_mAP:{54.2 , 66.7 , 64.5 , 57.2 , 68.7 , 72.5 , 72.8 , 75.2 , 76.1 , 75.3 , 75.4 , 75.3}
2025-12-17 12:17:38,334 MambaPro.train INFO: best_mAP:{76.1}
2025-12-17 12:17:38,334 MambaPro.train INFO: history_Rank-1:{63.4 , 69.3 , 64.2 , 58.0 , 71.8 , 77.2 , 75.4 , 77.8 , 80.1 , 78.0 , 78.2}
2025-12-17 12:17:38,334 MambaPro.train INFO: best_Rank-1:{80.1}
2025-12-17 12:17:38,334 MambaPro.train INFO: history_Rank-5:{74.4 , 81.5 , 76.8 , 71.9 , 82.8 , 86.1 , 85.0 , 88.5 , 86.0 , 86.7 , 87.1}
2025-12-17 12:17:38,334 MambaPro.train INFO: best_Rank-5:{88.5}
2025-12-17 12:17:38,334 MambaPro.train INFO: history_Rank-10:{78.0 , 86.5 , 84.1 , 78.8 , 87.6 , 90.4 , 89.4 , 89.8 , 91.6 , 90.3 , 91.1}
2025-12-17 12:17:38,334 MambaPro.train INFO: best_Rank-10:{91.6}
2025-12-17 12:17:38,334 MambaPro.train INFO: history_Experts:{[1.00] , [1.00] , [1.00] , [1.00] , [1.00] , [1.00] , [1.00] , [1.00] , [1.00] , [1.00] , [1.00] , [1.00]}
2025-12-17 12:17:38,334 MambaPro.train INFO: best_Experts:{[1.00]}
2025-12-17 12:17:38,334 MambaPro.train INFO: 🔥 MoE损失(Val): 平衡=0.0000, 稀疏性=0.0000, 多样性=0.0000, 总=0.0000 (权重: 平衡=0.001, 稀疏性=0.000, 多样性=0.001)
2025-12-17 12:17:38,334 MambaPro.train INFO:    📊 专家权重分布(Val, 1个专家): [1.00]
2025-12-17 12:17:38,477 MambaPro.train INFO: ============================================================
