2025-12-26 13:45:50,549 MambaPro INFO: 🔥 窗口配置：4x4+8x8+16x16 ([4, 8, 16]), MoE专家数量：3
2025-12-26 13:45:50,549 MambaPro INFO: ================================================================================
2025-12-26 13:45:50,549 MambaPro INFO: 🧾 实验参数快照（命令行 + 最终配置）
2025-12-26 13:45:50,549 MambaPro INFO: ================================================================================
2025-12-26 13:45:50,549 MambaPro INFO: 【复现实验命令】
2025-12-26 13:45:50,549 MambaPro INFO: /home/zhanghaoyang/.conda/envs/MambaPro/bin/python train_net.py --config_file /home/zhanghaoyang/Desktop/yzy/AboutReid/mybest_model/experiment_20251013_110028/configs/experiment_config.yml
2025-12-26 13:45:50,549 MambaPro INFO: 【命令行参数（args）】
2025-12-26 13:45:50,549 MambaPro INFO: {
2025-12-26 13:45:50,549 MambaPro INFO:   "config_file": "/home/zhanghaoyang/Desktop/yzy/AboutReid/mybest_model/experiment_20251013_110028/configs/experiment_config.yml",
2025-12-26 13:45:50,549 MambaPro INFO:   "fea_cft": 0,
2025-12-26 13:45:50,549 MambaPro INFO:   "local_rank": 0,
2025-12-26 13:45:50,549 MambaPro INFO:   "use_multi_scale": false,
2025-12-26 13:45:50,549 MambaPro INFO:   "no_multi_scale": false,
2025-12-26 13:45:50,549 MambaPro INFO:   "use_moe": false,
2025-12-26 13:45:50,549 MambaPro INFO:   "disable_moe": false,
2025-12-26 13:45:50,549 MambaPro INFO:   "no_moe": false,
2025-12-26 13:45:50,549 MambaPro INFO:   "use_attention": false,
2025-12-26 13:45:50,549 MambaPro INFO:   "disable_attention": false,
2025-12-26 13:45:50,549 MambaPro INFO:   "attention_heads": 8,
2025-12-26 13:45:50,549 MambaPro INFO:   "attention_dropout": 0.1,
2025-12-26 13:45:50,549 MambaPro INFO:   "resume": "",
2025-12-26 13:45:50,549 MambaPro INFO:   "no_resume": false,
2025-12-26 13:45:50,549 MambaPro INFO:   "enable_resume": false,
2025-12-26 13:45:50,549 MambaPro INFO:   "opts": []
2025-12-26 13:45:50,549 MambaPro INFO: }
2025-12-26 13:45:50,549 MambaPro INFO: 【工作目录】/home/zhanghaoyang/Desktop/yzy/AboutReid
2025-12-26 13:45:50,549 MambaPro INFO: 【最终配置（YAML）】
2025-12-26 13:45:50,552 MambaPro INFO: DATALOADER:
2025-12-26 13:45:50,552 MambaPro INFO:   NUM_INSTANCE: 8
2025-12-26 13:45:50,552 MambaPro INFO:   NUM_WORKERS: 8
2025-12-26 13:45:50,552 MambaPro INFO:   SAMPLER: softmax_triplet
2025-12-26 13:45:50,552 MambaPro INFO: DATASETS:
2025-12-26 13:45:50,552 MambaPro INFO:   NAMES: RGBNT201
2025-12-26 13:45:50,552 MambaPro INFO:   QWEN_VL_ANNO_DIR: null
2025-12-26 13:45:50,552 MambaPro INFO:   ROOT_DIR: data/datasets
2025-12-26 13:45:50,552 MambaPro INFO:   USE_TEXT_FEATURES: false
2025-12-26 13:45:50,552 MambaPro INFO: INPUT:
2025-12-26 13:45:50,552 MambaPro INFO:   PADDING: 10
2025-12-26 13:45:50,552 MambaPro INFO:   PIXEL_MEAN:
2025-12-26 13:45:50,552 MambaPro INFO:   - 0.5
2025-12-26 13:45:50,552 MambaPro INFO:   - 0.5
2025-12-26 13:45:50,552 MambaPro INFO:   - 0.5
2025-12-26 13:45:50,552 MambaPro INFO:   PIXEL_STD:
2025-12-26 13:45:50,552 MambaPro INFO:   - 0.5
2025-12-26 13:45:50,552 MambaPro INFO:   - 0.5
2025-12-26 13:45:50,552 MambaPro INFO:   - 0.5
2025-12-26 13:45:50,552 MambaPro INFO:   PROB: 0.5
2025-12-26 13:45:50,552 MambaPro INFO:   RE_PROB: 0.5
2025-12-26 13:45:50,552 MambaPro INFO:   SIZE_TEST:
2025-12-26 13:45:50,552 MambaPro INFO:   - 256
2025-12-26 13:45:50,552 MambaPro INFO:   - 128
2025-12-26 13:45:50,552 MambaPro INFO:   SIZE_TRAIN:
2025-12-26 13:45:50,552 MambaPro INFO:   - 256
2025-12-26 13:45:50,552 MambaPro INFO:   - 128
2025-12-26 13:45:50,552 MambaPro INFO: MODEL:
2025-12-26 13:45:50,552 MambaPro INFO:   ADAPTER: true
2025-12-26 13:45:50,552 MambaPro INFO:   ATTENTION_DIM: 512
2025-12-26 13:45:50,552 MambaPro INFO:   ATTENTION_DROPOUT: 0.1
2025-12-26 13:45:50,552 MambaPro INFO:   ATTENTION_NUM_HEADS: 8
2025-12-26 13:45:50,552 MambaPro INFO:   ATT_DROP_RATE: 0.0
2025-12-26 13:45:50,552 MambaPro INFO:   CLIP_MULTI_SCALE_SCALES:
2025-12-26 13:45:50,552 MambaPro INFO:   - 4
2025-12-26 13:45:50,552 MambaPro INFO:   - 8
2025-12-26 13:45:50,552 MambaPro INFO:   - 16
2025-12-26 13:45:50,552 MambaPro INFO:   CROSS_MODAL_ATTENTION_HEADS: 8
2025-12-26 13:45:50,552 MambaPro INFO:   DEVICE: cuda
2025-12-26 13:45:50,552 MambaPro INFO:   DEVICE_ID: '0'
2025-12-26 13:45:50,552 MambaPro INFO:   DIRECT: 1
2025-12-26 13:45:50,552 MambaPro INFO:   DIST_TRAIN: false
2025-12-26 13:45:50,552 MambaPro INFO:   DROP_OUT: 0.0
2025-12-26 13:45:50,552 MambaPro INFO:   DROP_PATH: 0.1
2025-12-26 13:45:50,552 MambaPro INFO:   FLOPS_TEST: false
2025-12-26 13:45:50,552 MambaPro INFO:   FROZEN: true
2025-12-26 13:45:50,552 MambaPro INFO:   GATE_DROPOUT: 0.1
2025-12-26 13:45:50,552 MambaPro INFO:   GUIDANCE_RESIDUAL: true
2025-12-26 13:45:50,552 MambaPro INFO:   GUIDANCE_SCALE: 0.1
2025-12-26 13:45:50,552 MambaPro INFO:   ID_LOSS_TYPE: softmax
2025-12-26 13:45:50,552 MambaPro INFO:   ID_LOSS_WEIGHT: 0.25
2025-12-26 13:45:50,553 MambaPro INFO:   IF_LABELSMOOTH: 'on'
2025-12-26 13:45:50,553 MambaPro INFO:   IF_WITH_CENTER: 'no'
2025-12-26 13:45:50,553 MambaPro INFO:   LAYER: -1
2025-12-26 13:45:50,553 MambaPro INFO:   MAMBA: true
2025-12-26 13:45:50,553 MambaPro INFO:   MAMBA_BI: false
2025-12-26 13:45:50,553 MambaPro INFO:   METRIC_LOSS_TYPE: triplet
2025-12-26 13:45:50,553 MambaPro INFO:   MOE_BALANCE_LOSS_WEIGHT: 0.01
2025-12-26 13:45:50,553 MambaPro INFO:   MOE_DIVERSITY_LOSS_WEIGHT: 0.01
2025-12-26 13:45:50,553 MambaPro INFO:   MOE_EXPERT_DROPOUT: 0.1
2025-12-26 13:45:50,553 MambaPro INFO:   MOE_EXPERT_HIDDEN_DIM: 1024
2025-12-26 13:45:50,553 MambaPro INFO:   MOE_EXPERT_LAYERS: 2
2025-12-26 13:45:50,553 MambaPro INFO:   MOE_EXPERT_THRESHOLD: 0.1
2025-12-26 13:45:50,553 MambaPro INFO:   MOE_FIXED_WEIGHTS:
2025-12-26 13:45:50,553 MambaPro INFO:   - 0.33
2025-12-26 13:45:50,553 MambaPro INFO:   - 0.33
2025-12-26 13:45:50,553 MambaPro INFO:   - 0.34
2025-12-26 13:45:50,553 MambaPro INFO:   MOE_GATE_DROPOUT: 0.1
2025-12-26 13:45:50,553 MambaPro INFO:   MOE_GATE_LAYERS: 2
2025-12-26 13:45:50,553 MambaPro INFO:   MOE_INIT_WEIGHTS: null
2025-12-26 13:45:50,553 MambaPro INFO:   MOE_NUM_EXPERTS: 3
2025-12-26 13:45:50,553 MambaPro INFO:   MOE_RESIDUAL_WEIGHT: 1.0
2025-12-26 13:45:50,553 MambaPro INFO:   MOE_SCALES:
2025-12-26 13:45:50,553 MambaPro INFO:   - 4
2025-12-26 13:45:50,553 MambaPro INFO:   - 8
2025-12-26 13:45:50,553 MambaPro INFO:   - 16
2025-12-26 13:45:50,553 MambaPro INFO:   MOE_SPARSITY_LOSS_WEIGHT: 0.001
2025-12-26 13:45:50,553 MambaPro INFO:   MOE_TEMPERATURE: 0.7
2025-12-26 13:45:50,553 MambaPro INFO:   MOE_TOP_K: 2
2025-12-26 13:45:50,553 MambaPro INFO:   MOE_TOP_K_MODE: soft
2025-12-26 13:45:50,553 MambaPro INFO:   MOE_USE_FIXED_WEIGHTS: false
2025-12-26 13:45:50,553 MambaPro INFO:   MOE_USE_TOP_K_ROUTING: false
2025-12-26 13:45:50,553 MambaPro INFO:   MULTI_SCALE_SCALES:
2025-12-26 13:45:50,553 MambaPro INFO:   - 4
2025-12-26 13:45:50,553 MambaPro INFO:   - 8
2025-12-26 13:45:50,553 MambaPro INFO:   - 16
2025-12-26 13:45:50,553 MambaPro INFO:   NAME: MambaPro
2025-12-26 13:45:50,553 MambaPro INFO:   NECK: bnneck
2025-12-26 13:45:50,553 MambaPro INFO:   NO_MARGIN: true
2025-12-26 13:45:50,553 MambaPro INFO:   PREFIX_NUM: 1
2025-12-26 13:45:50,553 MambaPro INFO:   PRETRAIN_PATH_T: ../ViT-B-16.pt
2025-12-26 13:45:50,553 MambaPro INFO:   PROMPT: true
2025-12-26 13:45:50,553 MambaPro INFO:   SIE_CAMERA: true
2025-12-26 13:45:50,553 MambaPro INFO:   SIE_COE: 1.0
2025-12-26 13:45:50,553 MambaPro INFO:   SIE_VIEW: false
2025-12-26 13:45:50,553 MambaPro INFO:   STRIDE_SIZE:
2025-12-26 13:45:50,553 MambaPro INFO:   - 16
2025-12-26 13:45:50,553 MambaPro INFO:   - 16
2025-12-26 13:45:50,553 MambaPro INFO:   TEXT_FEATURE_DIM: 512
2025-12-26 13:45:50,553 MambaPro INFO:   TEXT_FUSION_EMBED_DIM: 512
2025-12-26 13:45:50,553 MambaPro INFO:   TEXT_FUSION_INPUT_DIM: 1536
2025-12-26 13:45:50,553 MambaPro INFO:   TEXT_FUSION_METHOD: attention
2025-12-26 13:45:50,553 MambaPro INFO:   TEXT_FUSION_TEXT_DIM: 512
2025-12-26 13:45:50,553 MambaPro INFO:   TEXT_FUSION_WEIGHT: 0.3
2025-12-26 13:45:50,553 MambaPro INFO:   TEXT_GUIDE_PROMPT: false
2025-12-26 13:45:50,553 MambaPro INFO:   TRANSFORMER_TYPE: ViT-B-16
2025-12-26 13:45:50,553 MambaPro INFO:   TRIPLET_LOSS_WEIGHT: 1.0
2025-12-26 13:45:50,553 MambaPro INFO:   USE_ATTENTION_FUSION: false
2025-12-26 13:45:50,553 MambaPro INFO:   USE_CLIP_MULTI_SCALE: true
2025-12-26 13:45:50,553 MambaPro INFO:   USE_GATE_FUSION: false
2025-12-26 13:45:50,553 MambaPro INFO:   USE_MODAL_GUIDANCE: false
2025-12-26 13:45:50,553 MambaPro INFO:   USE_MULTI_SCALE: false
2025-12-26 13:45:50,553 MambaPro INFO:   USE_MULTI_SCALE_MOE: true
2025-12-26 13:45:50,553 MambaPro INFO:   USE_TEXT_FUSION: false
2025-12-26 13:45:50,553 MambaPro INFO: OUTPUT_DIR: ./outputs/replay_best_tml/run_20251226_134550
2025-12-26 13:45:50,553 MambaPro INFO: SOLVER:
2025-12-26 13:45:50,553 MambaPro INFO:   BASE_LR: 0.0005
2025-12-26 13:45:50,553 MambaPro INFO:   BIAS_LR_FACTOR: 2
2025-12-26 13:45:50,553 MambaPro INFO:   CENTER_LOSS_WEIGHT: 0.0005
2025-12-26 13:45:50,553 MambaPro INFO:   CENTER_LR: 0.5
2025-12-26 13:45:50,553 MambaPro INFO:   CHECKPOINT_PERIOD: 10
2025-12-26 13:45:50,553 MambaPro INFO:   CLUSTER_MARGIN: 0.3
2025-12-26 13:45:50,553 MambaPro INFO:   COSINE_MARGIN: 0.5
2025-12-26 13:45:50,553 MambaPro INFO:   COSINE_SCALE: 30
2025-12-26 13:45:50,553 MambaPro INFO:   EVAL_PERIOD: 5
2025-12-26 13:45:50,553 MambaPro INFO:   GAMMA: 0.1
2025-12-26 13:45:50,553 MambaPro INFO:   IMS_PER_BATCH: 32
2025-12-26 13:45:50,553 MambaPro INFO:   LARGE_FC_LR: false
2025-12-26 13:45:50,553 MambaPro INFO:   LOG_PERIOD: 10
2025-12-26 13:45:50,553 MambaPro INFO:   MARGIN: 0.3
2025-12-26 13:45:50,553 MambaPro INFO:   MAX_EPOCHS: 60
2025-12-26 13:45:50,553 MambaPro INFO:   MOE_BALANCE_LOSS_WEIGHT: 0.001
2025-12-26 13:45:50,553 MambaPro INFO:   MOE_BALANCE_LOSS_WEIGHT_END: 0.1
2025-12-26 13:45:50,553 MambaPro INFO:   MOE_BALANCE_LOSS_WEIGHT_START: 0.001
2025-12-26 13:45:50,553 MambaPro INFO:   MOE_BALANCE_THRESHOLD: 0.3
2025-12-26 13:45:50,553 MambaPro INFO:   MOE_DIVERSITY_LOSS_WEIGHT: 0.001
2025-12-26 13:45:50,553 MambaPro INFO:   MOE_DIVERSITY_LOSS_WEIGHT_END: 0.1
2025-12-26 13:45:50,553 MambaPro INFO:   MOE_DIVERSITY_LOSS_WEIGHT_START: 0.001
2025-12-26 13:45:50,553 MambaPro INFO:   MOE_GATE_LR_FACTOR: 0.01
2025-12-26 13:45:50,553 MambaPro INFO:   MOE_LOSS_WEIGHT_SCHEDULE_TYPE: cosine
2025-12-26 13:45:50,553 MambaPro INFO:   MOE_LOSS_WEIGHT_WARMUP_EPOCHS: 5
2025-12-26 13:45:50,553 MambaPro INFO:   MOE_SPARSITY_LOSS_WEIGHT: 0.0001
2025-12-26 13:45:50,553 MambaPro INFO:   MOE_USE_DYNAMIC_LOSS_WEIGHT: false
2025-12-26 13:45:50,553 MambaPro INFO:   MOMENTUM: 0.9
2025-12-26 13:45:50,553 MambaPro INFO:   OPTIMIZER_NAME: Adam
2025-12-26 13:45:50,553 MambaPro INFO:   RANGE_ALPHA: 0
2025-12-26 13:45:50,553 MambaPro INFO:   RANGE_BETA: 1
2025-12-26 13:45:50,553 MambaPro INFO:   RANGE_K: 2
2025-12-26 13:45:50,553 MambaPro INFO:   RANGE_LOSS_WEIGHT: 1
2025-12-26 13:45:50,553 MambaPro INFO:   RANGE_MARGIN: 0.3
2025-12-26 13:45:50,553 MambaPro INFO:   SEED: 42
2025-12-26 13:45:50,553 MambaPro INFO:   STEPS:
2025-12-26 13:45:50,553 MambaPro INFO:   - 30
2025-12-26 13:45:50,553 MambaPro INFO:   - 50
2025-12-26 13:45:50,554 MambaPro INFO:   WARMUP_FACTOR: 0.01
2025-12-26 13:45:50,554 MambaPro INFO:   WARMUP_ITERS: 20
2025-12-26 13:45:50,554 MambaPro INFO:   WARMUP_METHOD: linear
2025-12-26 13:45:50,554 MambaPro INFO:   WEIGHT_DECAY: 0.0005
2025-12-26 13:45:50,554 MambaPro INFO:   WEIGHT_DECAY_BIAS: 0.0005
2025-12-26 13:45:50,554 MambaPro INFO: TEST:
2025-12-26 13:45:50,554 MambaPro INFO:   FEAT: 0
2025-12-26 13:45:50,554 MambaPro INFO:   FEAT_NORM: 'yes'
2025-12-26 13:45:50,554 MambaPro INFO:   IMS_PER_BATCH: 64
2025-12-26 13:45:50,554 MambaPro INFO:   MISS: nothing
2025-12-26 13:45:50,554 MambaPro INFO:   NECK_FEAT: after
2025-12-26 13:45:50,554 MambaPro INFO:   RE_RANKING: 'no'
2025-12-26 13:45:50,554 MambaPro INFO:   WEIGHT: /home/zubuntu/workspace/yzy/MambaPro/pths/MambaProbest.pth
2025-12-26 13:45:50,554 MambaPro INFO: ================================================================================
2025-12-26 13:46:02,027 MambaPro.train INFO: start training
2025-12-26 13:48:52,685 MambaPro.train INFO: Epoch 1 done. Time per batch: 1.590[s] Speed: 20.1[samples/s]
2025-12-26 13:51:32,982 MambaPro.train INFO: Epoch 2 done. Time per batch: 1.498[s] Speed: 21.4[samples/s]
2025-12-26 13:54:06,403 MambaPro.train INFO: Epoch 3 done. Time per batch: 1.434[s] Speed: 22.3[samples/s]
2025-12-26 13:57:13,392 MambaPro.train INFO: Epoch 4 done. Time per batch: 1.748[s] Speed: 18.3[samples/s]
2025-12-26 13:59:37,882 MambaPro.train INFO: Epoch 5 done. Time per batch: 1.350[s] Speed: 23.7[samples/s]
2025-12-26 14:00:32,846 MambaPro.train INFO: Validation Results - Epoch: 5
2025-12-26 14:00:32,846 MambaPro.train INFO: Current mAP: 30.2%
2025-12-26 14:00:32,846 MambaPro.train INFO: CMC curve, Rank-1  :29.9%
2025-12-26 14:00:32,846 MambaPro.train INFO: CMC curve, Rank-5  :47.7%
2025-12-26 14:00:32,846 MambaPro.train INFO: CMC curve, Rank-10 :58.5%
2025-12-26 14:00:32,891 MambaPro.train INFO: 🎯 New Best! Saving model...
2025-12-26 14:00:33,448 MambaPro.train INFO: [Epoch 5] 指标集合列表（历史）
2025-12-26 14:00:33,448 MambaPro.train INFO: history_mAP:{30.2}
2025-12-26 14:00:33,448 MambaPro.train INFO: best_mAP:{30.2}
2025-12-26 14:00:33,448 MambaPro.train INFO: history_Rank-1:{29.9}
2025-12-26 14:00:33,448 MambaPro.train INFO: best_Rank-1:{29.9}
2025-12-26 14:00:33,448 MambaPro.train INFO: history_Rank-5:{47.7}
2025-12-26 14:00:33,448 MambaPro.train INFO: best_Rank-5:{47.7}
2025-12-26 14:00:33,448 MambaPro.train INFO: history_Rank-10:{58.5}
2025-12-26 14:00:33,448 MambaPro.train INFO: best_Rank-10:{58.5}
2025-12-26 14:00:33,448 MambaPro.train INFO: history_Experts:{[0.35 , 0.33 , 0.31]}
2025-12-26 14:00:33,448 MambaPro.train INFO: best_Experts:{[0.35 , 0.33 , 0.31]}
2025-12-26 14:00:33,448 MambaPro.train INFO: 🔥 MoE损失(Val): 平衡=0.0000, 稀疏性=0.9989, 多样性=2.6582, 总=0.0028 (权重: 平衡=0.001, 稀疏性=0.000, 多样性=0.001)
2025-12-26 14:00:33,448 MambaPro.train INFO:    📊 专家权重分布(Val, 3个专家): [0.35 , 0.33 , 0.31]
2025-12-26 14:03:33,932 MambaPro.train INFO: Epoch 6 done. Time per batch: 1.685[s] Speed: 19.0[samples/s]
2025-12-26 14:05:57,196 MambaPro.train INFO: Epoch 7 done. Time per batch: 1.339[s] Speed: 23.9[samples/s]
2025-12-26 14:08:26,227 MambaPro.train INFO: Epoch 8 done. Time per batch: 1.393[s] Speed: 23.0[samples/s]
2025-12-26 14:10:53,941 MambaPro.train INFO: Epoch 9 done. Time per batch: 1.380[s] Speed: 23.2[samples/s]
2025-12-26 14:11:42,428 MambaPro.train INFO: Epoch 10 done. Time per batch: 0.457[s] Speed: 70.0[samples/s]
2025-12-26 14:11:43,179 MambaPro.train INFO: 💾 保存完整检查点: ./outputs/replay_best_tml/run_20251226_134550/MambaPro_10.pth (Epoch 10)
2025-12-26 14:11:59,620 MambaPro.train INFO: Validation Results - Epoch: 10
2025-12-26 14:11:59,620 MambaPro.train INFO: Current mAP: 35.4%
2025-12-26 14:11:59,620 MambaPro.train INFO: CMC curve, Rank-1  :33.6%
2025-12-26 14:11:59,620 MambaPro.train INFO: CMC curve, Rank-5  :53.6%
2025-12-26 14:11:59,620 MambaPro.train INFO: CMC curve, Rank-10 :66.6%
2025-12-26 14:11:59,676 MambaPro.train INFO: 🎯 New Best! Saving model...
2025-12-26 14:12:00,201 MambaPro.train INFO: [Epoch 10] 指标集合列表（历史）
2025-12-26 14:12:00,202 MambaPro.train INFO: history_mAP:{30.2 , 35.4}
2025-12-26 14:12:00,202 MambaPro.train INFO: best_mAP:{35.4}
2025-12-26 14:12:00,202 MambaPro.train INFO: history_Rank-1:{29.9 , 33.6}
2025-12-26 14:12:00,202 MambaPro.train INFO: best_Rank-1:{33.6}
2025-12-26 14:12:00,202 MambaPro.train INFO: history_Rank-5:{47.7 , 53.6}
2025-12-26 14:12:00,202 MambaPro.train INFO: best_Rank-5:{53.6}
2025-12-26 14:12:00,202 MambaPro.train INFO: history_Rank-10:{58.5 , 66.6}
2025-12-26 14:12:00,202 MambaPro.train INFO: best_Rank-10:{66.6}
2025-12-26 14:12:00,202 MambaPro.train INFO: history_Experts:{[0.35 , 0.33 , 0.31] , [0.36 , 0.33 , 0.30]}
2025-12-26 14:12:00,202 MambaPro.train INFO: best_Experts:{[0.36 , 0.33 , 0.30]}
2025-12-26 14:12:00,202 MambaPro.train INFO: 🔥 MoE损失(Val): 平衡=0.0000, 稀疏性=0.9971, 多样性=2.6437, 总=0.0027 (权重: 平衡=0.001, 稀疏性=0.000, 多样性=0.001)
2025-12-26 14:12:00,202 MambaPro.train INFO:    📊 专家权重分布(Val, 3个专家): [0.36 , 0.33 , 0.30]
2025-12-26 14:12:49,337 MambaPro.train INFO: Epoch 11 done. Time per batch: 0.458[s] Speed: 69.9[samples/s]
2025-12-26 14:13:38,244 MambaPro.train INFO: Epoch 12 done. Time per batch: 0.457[s] Speed: 70.0[samples/s]
2025-12-26 14:14:27,135 MambaPro.train INFO: Epoch 13 done. Time per batch: 0.457[s] Speed: 70.0[samples/s]
2025-12-26 14:15:16,070 MambaPro.train INFO: Epoch 14 done. Time per batch: 0.457[s] Speed: 70.0[samples/s]
2025-12-26 14:16:04,951 MambaPro.train INFO: Epoch 15 done. Time per batch: 0.457[s] Speed: 70.0[samples/s]
2025-12-26 14:16:21,321 MambaPro.train INFO: Validation Results - Epoch: 15
2025-12-26 14:16:21,321 MambaPro.train INFO: Current mAP: 21.5%
2025-12-26 14:16:21,321 MambaPro.train INFO: CMC curve, Rank-1  :20.5%
2025-12-26 14:16:21,322 MambaPro.train INFO: CMC curve, Rank-5  :40.6%
2025-12-26 14:16:21,322 MambaPro.train INFO: CMC curve, Rank-10 :50.8%
2025-12-26 14:16:21,372 MambaPro.train INFO: [Epoch 15] 指标集合列表（历史）
2025-12-26 14:16:21,373 MambaPro.train INFO: history_mAP:{30.2 , 35.4 , 21.5}
2025-12-26 14:16:21,373 MambaPro.train INFO: best_mAP:{35.4}
2025-12-26 14:16:21,373 MambaPro.train INFO: history_Rank-1:{29.9 , 33.6 , 20.5}
2025-12-26 14:16:21,373 MambaPro.train INFO: best_Rank-1:{33.6}
2025-12-26 14:16:21,373 MambaPro.train INFO: history_Rank-5:{47.7 , 53.6 , 40.6}
2025-12-26 14:16:21,373 MambaPro.train INFO: best_Rank-5:{53.6}
2025-12-26 14:16:21,373 MambaPro.train INFO: history_Rank-10:{58.5 , 66.6 , 50.8}
2025-12-26 14:16:21,373 MambaPro.train INFO: best_Rank-10:{66.6}
2025-12-26 14:16:21,373 MambaPro.train INFO: history_Experts:{[0.35 , 0.33 , 0.31] , [0.36 , 0.33 , 0.30] , [0.40 , 0.33 , 0.27]}
2025-12-26 14:16:21,373 MambaPro.train INFO: best_Experts:{[0.36 , 0.33 , 0.30]}
2025-12-26 14:16:21,373 MambaPro.train INFO: 🔥 MoE损失(Val): 平衡=0.0000, 稀疏性=0.9885, 多样性=2.5768, 总=0.0027 (权重: 平衡=0.001, 稀疏性=0.000, 多样性=0.001)
2025-12-26 14:16:21,373 MambaPro.train INFO:    📊 专家权重分布(Val, 3个专家): [0.40 , 0.33 , 0.27]
2025-12-26 14:17:10,039 MambaPro.train INFO: Epoch 16 done. Time per batch: 0.458[s] Speed: 69.9[samples/s]
2025-12-26 14:17:59,118 MambaPro.train INFO: Epoch 17 done. Time per batch: 0.459[s] Speed: 69.8[samples/s]
2025-12-26 14:18:48,045 MambaPro.train INFO: Epoch 18 done. Time per batch: 0.457[s] Speed: 70.0[samples/s]
2025-12-26 14:19:37,023 MambaPro.train INFO: Epoch 19 done. Time per batch: 0.458[s] Speed: 69.9[samples/s]
2025-12-26 14:20:25,520 MambaPro.train INFO: Epoch 20 done. Time per batch: 0.458[s] Speed: 69.9[samples/s]
2025-12-26 14:20:26,239 MambaPro.train INFO: 💾 保存完整检查点: ./outputs/replay_best_tml/run_20251226_134550/MambaPro_20.pth (Epoch 20)
2025-12-26 14:20:42,704 MambaPro.train INFO: Validation Results - Epoch: 20
2025-12-26 14:20:42,705 MambaPro.train INFO: Current mAP: 21.9%
2025-12-26 14:20:42,705 MambaPro.train INFO: CMC curve, Rank-1  :21.1%
2025-12-26 14:20:42,705 MambaPro.train INFO: CMC curve, Rank-5  :40.0%
2025-12-26 14:20:42,705 MambaPro.train INFO: CMC curve, Rank-10 :50.0%
2025-12-26 14:20:42,756 MambaPro.train INFO: [Epoch 20] 指标集合列表（历史）
2025-12-26 14:20:42,756 MambaPro.train INFO: history_mAP:{30.2 , 35.4 , 21.5 , 21.9}
2025-12-26 14:20:42,756 MambaPro.train INFO: best_mAP:{35.4}
2025-12-26 14:20:42,756 MambaPro.train INFO: history_Rank-1:{29.9 , 33.6 , 20.5 , 21.1}
2025-12-26 14:20:42,756 MambaPro.train INFO: best_Rank-1:{33.6}
2025-12-26 14:20:42,756 MambaPro.train INFO: history_Rank-5:{47.7 , 53.6 , 40.6 , 40.0}
2025-12-26 14:20:42,756 MambaPro.train INFO: best_Rank-5:{53.6}
2025-12-26 14:20:42,756 MambaPro.train INFO: history_Rank-10:{58.5 , 66.6 , 50.8 , 50.0}
2025-12-26 14:20:42,756 MambaPro.train INFO: best_Rank-10:{66.6}
2025-12-26 14:20:42,756 MambaPro.train INFO: history_Experts:{[0.35 , 0.33 , 0.31] , [0.36 , 0.33 , 0.30] , [0.40 , 0.33 , 0.27] , [0.54 , 0.27 , 0.19]}
2025-12-26 14:20:42,756 MambaPro.train INFO: best_Experts:{[0.36 , 0.33 , 0.30]}
2025-12-26 14:20:42,756 MambaPro.train INFO: 🔥 MoE损失(Val): 平衡=0.0429, 稀疏性=0.8952, 多样性=1.9734, 总=0.0021 (权重: 平衡=0.001, 稀疏性=0.000, 多样性=0.001)
2025-12-26 14:20:42,756 MambaPro.train INFO:    📊 专家权重分布(Val, 3个专家): [0.54 , 0.27 , 0.19]
2025-12-26 14:21:31,867 MambaPro.train INFO: Epoch 21 done. Time per batch: 0.458[s] Speed: 69.9[samples/s]
2025-12-26 14:22:20,815 MambaPro.train INFO: Epoch 22 done. Time per batch: 0.457[s] Speed: 70.0[samples/s]
2025-12-26 14:23:09,755 MambaPro.train INFO: Epoch 23 done. Time per batch: 0.457[s] Speed: 70.0[samples/s]
2025-12-26 14:23:58,640 MambaPro.train INFO: Epoch 24 done. Time per batch: 0.457[s] Speed: 70.0[samples/s]
2025-12-26 14:24:47,711 MambaPro.train INFO: Epoch 25 done. Time per batch: 0.459[s] Speed: 69.8[samples/s]
2025-12-26 14:25:04,056 MambaPro.train INFO: Validation Results - Epoch: 25
2025-12-26 14:25:04,056 MambaPro.train INFO: Current mAP: 31.4%
2025-12-26 14:25:04,056 MambaPro.train INFO: CMC curve, Rank-1  :31.7%
2025-12-26 14:25:04,056 MambaPro.train INFO: CMC curve, Rank-5  :49.8%
2025-12-26 14:25:04,056 MambaPro.train INFO: CMC curve, Rank-10 :60.5%
2025-12-26 14:25:04,104 MambaPro.train INFO: [Epoch 25] 指标集合列表（历史）
2025-12-26 14:25:04,104 MambaPro.train INFO: history_mAP:{30.2 , 35.4 , 21.5 , 21.9 , 31.4}
2025-12-26 14:25:04,104 MambaPro.train INFO: best_mAP:{35.4}
2025-12-26 14:25:04,104 MambaPro.train INFO: history_Rank-1:{29.9 , 33.6 , 20.5 , 21.1 , 31.7}
2025-12-26 14:25:04,104 MambaPro.train INFO: best_Rank-1:{33.6}
2025-12-26 14:25:04,104 MambaPro.train INFO: history_Rank-5:{47.7 , 53.6 , 40.6 , 40.0 , 49.8}
2025-12-26 14:25:04,104 MambaPro.train INFO: best_Rank-5:{53.6}
2025-12-26 14:25:04,104 MambaPro.train INFO: history_Rank-10:{58.5 , 66.6 , 50.8 , 50.0 , 60.5}
2025-12-26 14:25:04,104 MambaPro.train INFO: best_Rank-10:{66.6}
2025-12-26 14:25:04,104 MambaPro.train INFO: history_Experts:{[0.35 , 0.33 , 0.31] , [0.36 , 0.33 , 0.30] , [0.40 , 0.33 , 0.27] , [0.54 , 0.27 , 0.19] , [0.78 , 0.13 , 0.10]}
2025-12-26 14:25:04,104 MambaPro.train INFO: best_Experts:{[0.36 , 0.33 , 0.30]}
2025-12-26 14:25:04,104 MambaPro.train INFO: 🔥 MoE损失(Val): 平衡=0.4444, 稀疏性=0.5567, 多样性=0.7869, 总=0.0013 (权重: 平衡=0.001, 稀疏性=0.000, 多样性=0.001)
2025-12-26 14:25:04,104 MambaPro.train INFO:    📊 专家权重分布(Val, 3个专家): [0.78 , 0.13 , 0.10]
2025-12-26 14:25:53,292 MambaPro.train INFO: Epoch 26 done. Time per batch: 0.458[s] Speed: 69.8[samples/s]
2025-12-26 14:26:42,252 MambaPro.train INFO: Epoch 27 done. Time per batch: 0.458[s] Speed: 69.9[samples/s]
2025-12-26 14:27:30,781 MambaPro.train INFO: Epoch 28 done. Time per batch: 0.458[s] Speed: 69.9[samples/s]
2025-12-26 14:28:22,266 MambaPro.train INFO: Epoch 29 done. Time per batch: 0.481[s] Speed: 66.5[samples/s]
2025-12-26 14:29:13,904 MambaPro.train INFO: Epoch 30 done. Time per batch: 0.483[s] Speed: 66.3[samples/s]
2025-12-26 14:29:14,774 MambaPro.train INFO: 💾 保存完整检查点: ./outputs/replay_best_tml/run_20251226_134550/MambaPro_30.pth (Epoch 30)
2025-12-26 14:29:32,501 MambaPro.train INFO: Validation Results - Epoch: 30
2025-12-26 14:29:32,501 MambaPro.train INFO: Current mAP: 30.7%
2025-12-26 14:29:32,501 MambaPro.train INFO: CMC curve, Rank-1  :28.9%
2025-12-26 14:29:32,501 MambaPro.train INFO: CMC curve, Rank-5  :48.4%
2025-12-26 14:29:32,501 MambaPro.train INFO: CMC curve, Rank-10 :61.2%
2025-12-26 14:29:32,552 MambaPro.train INFO: [Epoch 30] 指标集合列表（历史）
2025-12-26 14:29:32,552 MambaPro.train INFO: history_mAP:{30.2 , 35.4 , 21.5 , 21.9 , 31.4 , 30.7}
2025-12-26 14:29:32,552 MambaPro.train INFO: best_mAP:{35.4}
2025-12-26 14:29:32,552 MambaPro.train INFO: history_Rank-1:{29.9 , 33.6 , 20.5 , 21.1 , 31.7 , 28.9}
2025-12-26 14:29:32,552 MambaPro.train INFO: best_Rank-1:{33.6}
2025-12-26 14:29:32,552 MambaPro.train INFO: history_Rank-5:{47.7 , 53.6 , 40.6 , 40.0 , 49.8 , 48.4}
2025-12-26 14:29:32,552 MambaPro.train INFO: best_Rank-5:{53.6}
2025-12-26 14:29:32,552 MambaPro.train INFO: history_Rank-10:{58.5 , 66.6 , 50.8 , 50.0 , 60.5 , 61.2}
2025-12-26 14:29:32,552 MambaPro.train INFO: best_Rank-10:{66.6}
2025-12-26 14:29:32,552 MambaPro.train INFO: history_Experts:{[0.35 , 0.33 , 0.31] , [0.36 , 0.33 , 0.30] , [0.40 , 0.33 , 0.27] , [0.54 , 0.27 , 0.19] , [0.78 , 0.13 , 0.10] , [0.85 , 0.08 , 0.07]}
2025-12-26 14:29:32,552 MambaPro.train INFO: best_Experts:{[0.36 , 0.33 , 0.30]}
2025-12-26 14:29:32,552 MambaPro.train INFO: 🔥 MoE损失(Val): 平衡=0.6701, 稀疏性=0.4002, 多样性=0.4852, 总=0.0012 (权重: 平衡=0.001, 稀疏性=0.000, 多样性=0.001)
2025-12-26 14:29:32,552 MambaPro.train INFO:    📊 专家权重分布(Val, 3个专家): [0.85 , 0.08 , 0.07]
2025-12-26 14:30:24,730 MambaPro.train INFO: Epoch 31 done. Time per batch: 0.486[s] Speed: 65.8[samples/s]
2025-12-26 14:31:16,623 MambaPro.train INFO: Epoch 32 done. Time per batch: 0.485[s] Speed: 66.0[samples/s]
2025-12-26 14:32:08,415 MambaPro.train INFO: Epoch 33 done. Time per batch: 0.484[s] Speed: 66.1[samples/s]
2025-12-26 14:33:00,373 MambaPro.train INFO: Epoch 34 done. Time per batch: 0.486[s] Speed: 65.9[samples/s]
2025-12-26 14:33:51,608 MambaPro.train INFO: Epoch 35 done. Time per batch: 0.483[s] Speed: 66.2[samples/s]
2025-12-26 14:34:09,452 MambaPro.train INFO: Validation Results - Epoch: 35
2025-12-26 14:34:09,453 MambaPro.train INFO: Current mAP: 34.5%
2025-12-26 14:34:09,453 MambaPro.train INFO: CMC curve, Rank-1  :31.1%
2025-12-26 14:34:09,453 MambaPro.train INFO: CMC curve, Rank-5  :52.8%
2025-12-26 14:34:09,453 MambaPro.train INFO: CMC curve, Rank-10 :63.6%
2025-12-26 14:34:09,505 MambaPro.train INFO: [Epoch 35] 指标集合列表（历史）
2025-12-26 14:34:09,505 MambaPro.train INFO: history_mAP:{30.2 , 35.4 , 21.5 , 21.9 , 31.4 , 30.7 , 34.5}
2025-12-26 14:34:09,505 MambaPro.train INFO: best_mAP:{35.4}
2025-12-26 14:34:09,505 MambaPro.train INFO: history_Rank-1:{29.9 , 33.6 , 20.5 , 21.1 , 31.7 , 28.9 , 31.1}
2025-12-26 14:34:09,505 MambaPro.train INFO: best_Rank-1:{33.6}
2025-12-26 14:34:09,505 MambaPro.train INFO: history_Rank-5:{47.7 , 53.6 , 40.6 , 40.0 , 49.8 , 48.4 , 52.8}
2025-12-26 14:34:09,505 MambaPro.train INFO: best_Rank-5:{53.6}
2025-12-26 14:34:09,505 MambaPro.train INFO: history_Rank-10:{58.5 , 66.6 , 50.8 , 50.0 , 60.5 , 61.2 , 63.6}
2025-12-26 14:34:09,505 MambaPro.train INFO: best_Rank-10:{66.6}
2025-12-26 14:34:09,505 MambaPro.train INFO: history_Experts:{[0.35 , 0.33 , 0.31] , [0.36 , 0.33 , 0.30] , [0.40 , 0.33 , 0.27] , [0.54 , 0.27 , 0.19] , [0.78 , 0.13 , 0.10] , [0.85 , 0.08 , 0.07] , [0.89 , 0.06 , 0.05]}
2025-12-26 14:34:09,505 MambaPro.train INFO: best_Experts:{[0.36 , 0.33 , 0.30]}
2025-12-26 14:34:09,505 MambaPro.train INFO: 🔥 MoE损失(Val): 平衡=0.8209, 稀疏性=0.2999, 多样性=0.3332, 总=0.0012 (权重: 平衡=0.001, 稀疏性=0.000, 多样性=0.001)
2025-12-26 14:34:09,505 MambaPro.train INFO:    📊 专家权重分布(Val, 3个专家): [0.89 , 0.06 , 0.05]
