2025-12-21 23:38:02,470 MambaPro INFO: 🔥 窗口配置：4x4+8x8+16x16 ([4, 8, 16]), MoE专家数量：3
2025-12-21 23:38:02,471 MambaPro INFO: ================================================================================
2025-12-21 23:38:02,471 MambaPro INFO: 🧾 实验参数快照（命令行 + 最终配置）
2025-12-21 23:38:02,471 MambaPro INFO: ================================================================================
2025-12-21 23:38:02,471 MambaPro INFO: 【复现实验命令】
2025-12-21 23:38:02,471 MambaPro INFO: /home/zhanghaoyang/.conda/envs/MambaPro/bin/python train_net.py --config_file configs/RGBNT201/20251013_experiment_config.yml --use_moe MODEL.USE_CLIP_MULTI_SCALE True MODEL.CLIP_MULTI_SCALE_SCALES [4,8,16] MODEL.MOE_USE_FIXED_WEIGHTS True MODEL.MOE_FIXED_WEIGHTS [0.33,0.33,0.34] OUTPUT_DIR outputs/ablation/multiscale_fixed_weights_20251221_233800
2025-12-21 23:38:02,471 MambaPro INFO: 【命令行参数（args）】
2025-12-21 23:38:02,471 MambaPro INFO: {
2025-12-21 23:38:02,471 MambaPro INFO:   "config_file": "configs/RGBNT201/20251013_experiment_config.yml",
2025-12-21 23:38:02,471 MambaPro INFO:   "fea_cft": 0,
2025-12-21 23:38:02,471 MambaPro INFO:   "opts": [
2025-12-21 23:38:02,471 MambaPro INFO:     "MODEL.USE_CLIP_MULTI_SCALE",
2025-12-21 23:38:02,471 MambaPro INFO:     "True",
2025-12-21 23:38:02,471 MambaPro INFO:     "MODEL.CLIP_MULTI_SCALE_SCALES",
2025-12-21 23:38:02,471 MambaPro INFO:     "[4,8,16]",
2025-12-21 23:38:02,471 MambaPro INFO:     "MODEL.MOE_USE_FIXED_WEIGHTS",
2025-12-21 23:38:02,471 MambaPro INFO:     "True",
2025-12-21 23:38:02,471 MambaPro INFO:     "MODEL.MOE_FIXED_WEIGHTS",
2025-12-21 23:38:02,471 MambaPro INFO:     "[0.33,0.33,0.34]",
2025-12-21 23:38:02,471 MambaPro INFO:     "OUTPUT_DIR",
2025-12-21 23:38:02,471 MambaPro INFO:     "outputs/ablation/multiscale_fixed_weights_20251221_233800"
2025-12-21 23:38:02,471 MambaPro INFO:   ],
2025-12-21 23:38:02,471 MambaPro INFO:   "local_rank": 0,
2025-12-21 23:38:02,471 MambaPro INFO:   "use_multi_scale": false,
2025-12-21 23:38:02,471 MambaPro INFO:   "no_multi_scale": false,
2025-12-21 23:38:02,471 MambaPro INFO:   "use_moe": true,
2025-12-21 23:38:02,471 MambaPro INFO:   "disable_moe": false,
2025-12-21 23:38:02,471 MambaPro INFO:   "no_moe": false,
2025-12-21 23:38:02,471 MambaPro INFO:   "use_attention": false,
2025-12-21 23:38:02,471 MambaPro INFO:   "disable_attention": false,
2025-12-21 23:38:02,471 MambaPro INFO:   "attention_heads": 8,
2025-12-21 23:38:02,471 MambaPro INFO:   "attention_dropout": 0.1,
2025-12-21 23:38:02,471 MambaPro INFO:   "resume": ""
2025-12-21 23:38:02,471 MambaPro INFO: }
2025-12-21 23:38:02,471 MambaPro INFO: 【工作目录】/home/zhanghaoyang/Desktop/yzy/AboutReid
2025-12-21 23:38:02,471 MambaPro INFO: 【最终配置（YAML）】
2025-12-21 23:38:02,473 MambaPro INFO: DATALOADER:
2025-12-21 23:38:02,474 MambaPro INFO:   NUM_INSTANCE: 8
2025-12-21 23:38:02,474 MambaPro INFO:   NUM_WORKERS: 8
2025-12-21 23:38:02,474 MambaPro INFO:   SAMPLER: softmax_triplet
2025-12-21 23:38:02,474 MambaPro INFO: DATASETS:
2025-12-21 23:38:02,474 MambaPro INFO:   NAMES: RGBNT201
2025-12-21 23:38:02,474 MambaPro INFO:   ROOT_DIR: data/datasets
2025-12-21 23:38:02,474 MambaPro INFO: INPUT:
2025-12-21 23:38:02,474 MambaPro INFO:   PADDING: 10
2025-12-21 23:38:02,474 MambaPro INFO:   PIXEL_MEAN:
2025-12-21 23:38:02,474 MambaPro INFO:   - 0.5
2025-12-21 23:38:02,474 MambaPro INFO:   - 0.5
2025-12-21 23:38:02,474 MambaPro INFO:   - 0.5
2025-12-21 23:38:02,474 MambaPro INFO:   PIXEL_STD:
2025-12-21 23:38:02,474 MambaPro INFO:   - 0.5
2025-12-21 23:38:02,474 MambaPro INFO:   - 0.5
2025-12-21 23:38:02,474 MambaPro INFO:   - 0.5
2025-12-21 23:38:02,474 MambaPro INFO:   PROB: 0.5
2025-12-21 23:38:02,474 MambaPro INFO:   RE_PROB: 0.5
2025-12-21 23:38:02,474 MambaPro INFO:   SIZE_TEST:
2025-12-21 23:38:02,474 MambaPro INFO:   - 256
2025-12-21 23:38:02,474 MambaPro INFO:   - 128
2025-12-21 23:38:02,474 MambaPro INFO:   SIZE_TRAIN:
2025-12-21 23:38:02,474 MambaPro INFO:   - 256
2025-12-21 23:38:02,474 MambaPro INFO:   - 128
2025-12-21 23:38:02,474 MambaPro INFO: MODEL:
2025-12-21 23:38:02,474 MambaPro INFO:   ADAPTER: true
2025-12-21 23:38:02,474 MambaPro INFO:   ATTENTION_DIM: 512
2025-12-21 23:38:02,474 MambaPro INFO:   ATTENTION_DROPOUT: 0.1
2025-12-21 23:38:02,474 MambaPro INFO:   ATTENTION_NUM_HEADS: 8
2025-12-21 23:38:02,474 MambaPro INFO:   ATT_DROP_RATE: 0.0
2025-12-21 23:38:02,474 MambaPro INFO:   CLIP_MULTI_SCALE_SCALES:
2025-12-21 23:38:02,474 MambaPro INFO:   - 4
2025-12-21 23:38:02,474 MambaPro INFO:   - 8
2025-12-21 23:38:02,474 MambaPro INFO:   - 16
2025-12-21 23:38:02,474 MambaPro INFO:   DEVICE: cuda
2025-12-21 23:38:02,474 MambaPro INFO:   DEVICE_ID: '0'
2025-12-21 23:38:02,474 MambaPro INFO:   DIRECT: 1
2025-12-21 23:38:02,474 MambaPro INFO:   DIST_TRAIN: false
2025-12-21 23:38:02,474 MambaPro INFO:   DROP_OUT: 0.0
2025-12-21 23:38:02,474 MambaPro INFO:   DROP_PATH: 0.1
2025-12-21 23:38:02,474 MambaPro INFO:   FLOPS_TEST: false
2025-12-21 23:38:02,474 MambaPro INFO:   FROZEN: true
2025-12-21 23:38:02,474 MambaPro INFO:   GATE_DROPOUT: 0.1
2025-12-21 23:38:02,474 MambaPro INFO:   ID_LOSS_TYPE: softmax
2025-12-21 23:38:02,474 MambaPro INFO:   ID_LOSS_WEIGHT: 0.25
2025-12-21 23:38:02,474 MambaPro INFO:   IF_LABELSMOOTH: 'on'
2025-12-21 23:38:02,474 MambaPro INFO:   IF_WITH_CENTER: 'no'
2025-12-21 23:38:02,474 MambaPro INFO:   LAYER: -1
2025-12-21 23:38:02,474 MambaPro INFO:   MAMBA: true
2025-12-21 23:38:02,474 MambaPro INFO:   MAMBA_BI: false
2025-12-21 23:38:02,474 MambaPro INFO:   METRIC_LOSS_TYPE: triplet
2025-12-21 23:38:02,474 MambaPro INFO:   MOE_BALANCE_LOSS_WEIGHT: 0.01
2025-12-21 23:38:02,474 MambaPro INFO:   MOE_DIVERSITY_LOSS_WEIGHT: 0.01
2025-12-21 23:38:02,474 MambaPro INFO:   MOE_EXPERT_DROPOUT: 0.1
2025-12-21 23:38:02,474 MambaPro INFO:   MOE_EXPERT_HIDDEN_DIM: 1024
2025-12-21 23:38:02,474 MambaPro INFO:   MOE_EXPERT_LAYERS: 2
2025-12-21 23:38:02,474 MambaPro INFO:   MOE_EXPERT_THRESHOLD: 0.1
2025-12-21 23:38:02,474 MambaPro INFO:   MOE_FIXED_WEIGHTS:
2025-12-21 23:38:02,474 MambaPro INFO:   - 0.33
2025-12-21 23:38:02,474 MambaPro INFO:   - 0.33
2025-12-21 23:38:02,474 MambaPro INFO:   - 0.34
2025-12-21 23:38:02,474 MambaPro INFO:   MOE_GATE_DROPOUT: 0.1
2025-12-21 23:38:02,474 MambaPro INFO:   MOE_GATE_LAYERS: 2
2025-12-21 23:38:02,474 MambaPro INFO:   MOE_INIT_WEIGHTS: null
2025-12-21 23:38:02,474 MambaPro INFO:   MOE_NUM_EXPERTS: 3
2025-12-21 23:38:02,474 MambaPro INFO:   MOE_RESIDUAL_WEIGHT: 1.0
2025-12-21 23:38:02,474 MambaPro INFO:   MOE_SCALES:
2025-12-21 23:38:02,474 MambaPro INFO:   - 4
2025-12-21 23:38:02,474 MambaPro INFO:   - 8
2025-12-21 23:38:02,474 MambaPro INFO:   - 16
2025-12-21 23:38:02,474 MambaPro INFO:   MOE_SPARSITY_LOSS_WEIGHT: 0.001
2025-12-21 23:38:02,474 MambaPro INFO:   MOE_TEMPERATURE: 0.7
2025-12-21 23:38:02,474 MambaPro INFO:   MOE_TOP_K: 2
2025-12-21 23:38:02,474 MambaPro INFO:   MOE_TOP_K_MODE: soft
2025-12-21 23:38:02,474 MambaPro INFO:   MOE_USE_FIXED_WEIGHTS: true
2025-12-21 23:38:02,474 MambaPro INFO:   MOE_USE_TOP_K_ROUTING: false
2025-12-21 23:38:02,474 MambaPro INFO:   MULTI_SCALE_SCALES:
2025-12-21 23:38:02,474 MambaPro INFO:   - 4
2025-12-21 23:38:02,474 MambaPro INFO:   - 8
2025-12-21 23:38:02,474 MambaPro INFO:   - 16
2025-12-21 23:38:02,474 MambaPro INFO:   NAME: MambaPro
2025-12-21 23:38:02,474 MambaPro INFO:   NECK: bnneck
2025-12-21 23:38:02,474 MambaPro INFO:   NO_MARGIN: true
2025-12-21 23:38:02,474 MambaPro INFO:   PREFIX_NUM: 1
2025-12-21 23:38:02,474 MambaPro INFO:   PRETRAIN_PATH_T: ../ViT-B-16.pt
2025-12-21 23:38:02,474 MambaPro INFO:   PROMPT: true
2025-12-21 23:38:02,474 MambaPro INFO:   SIE_CAMERA: true
2025-12-21 23:38:02,474 MambaPro INFO:   SIE_COE: 1.0
2025-12-21 23:38:02,474 MambaPro INFO:   SIE_VIEW: false
2025-12-21 23:38:02,474 MambaPro INFO:   STRIDE_SIZE:
2025-12-21 23:38:02,474 MambaPro INFO:   - 16
2025-12-21 23:38:02,474 MambaPro INFO:   - 16
2025-12-21 23:38:02,474 MambaPro INFO:   TRANSFORMER_TYPE: ViT-B-16
2025-12-21 23:38:02,474 MambaPro INFO:   TRIPLET_LOSS_WEIGHT: 1.0
2025-12-21 23:38:02,474 MambaPro INFO:   USE_ATTENTION_FUSION: false
2025-12-21 23:38:02,474 MambaPro INFO:   USE_CLIP_MULTI_SCALE: true
2025-12-21 23:38:02,474 MambaPro INFO:   USE_GATE_FUSION: false
2025-12-21 23:38:02,474 MambaPro INFO:   USE_MULTI_SCALE: false
2025-12-21 23:38:02,474 MambaPro INFO:   USE_MULTI_SCALE_MOE: true
2025-12-21 23:38:02,474 MambaPro INFO: OUTPUT_DIR: outputs/ablation/multiscale_fixed_weights_20251221_233800
2025-12-21 23:38:02,474 MambaPro INFO: SOLVER:
2025-12-21 23:38:02,475 MambaPro INFO:   BASE_LR: 0.0005
2025-12-21 23:38:02,475 MambaPro INFO:   BIAS_LR_FACTOR: 2
2025-12-21 23:38:02,475 MambaPro INFO:   CENTER_LOSS_WEIGHT: 0.0005
2025-12-21 23:38:02,475 MambaPro INFO:   CENTER_LR: 0.5
2025-12-21 23:38:02,475 MambaPro INFO:   CHECKPOINT_PERIOD: 10
2025-12-21 23:38:02,475 MambaPro INFO:   CLUSTER_MARGIN: 0.3
2025-12-21 23:38:02,475 MambaPro INFO:   COSINE_MARGIN: 0.5
2025-12-21 23:38:02,475 MambaPro INFO:   COSINE_SCALE: 30
2025-12-21 23:38:02,475 MambaPro INFO:   EVAL_PERIOD: 5
2025-12-21 23:38:02,475 MambaPro INFO:   GAMMA: 0.1
2025-12-21 23:38:02,475 MambaPro INFO:   IMS_PER_BATCH: 32
2025-12-21 23:38:02,475 MambaPro INFO:   LARGE_FC_LR: false
2025-12-21 23:38:02,475 MambaPro INFO:   LOG_PERIOD: 10
2025-12-21 23:38:02,475 MambaPro INFO:   MARGIN: 0.3
2025-12-21 23:38:02,475 MambaPro INFO:   MAX_EPOCHS: 60
2025-12-21 23:38:02,475 MambaPro INFO:   MOE_BALANCE_LOSS_WEIGHT: 0.001
2025-12-21 23:38:02,475 MambaPro INFO:   MOE_BALANCE_LOSS_WEIGHT_END: 0.1
2025-12-21 23:38:02,475 MambaPro INFO:   MOE_BALANCE_LOSS_WEIGHT_START: 0.001
2025-12-21 23:38:02,475 MambaPro INFO:   MOE_BALANCE_THRESHOLD: 0.3
2025-12-21 23:38:02,475 MambaPro INFO:   MOE_DIVERSITY_LOSS_WEIGHT: 0.001
2025-12-21 23:38:02,475 MambaPro INFO:   MOE_DIVERSITY_LOSS_WEIGHT_END: 0.1
2025-12-21 23:38:02,475 MambaPro INFO:   MOE_DIVERSITY_LOSS_WEIGHT_START: 0.001
2025-12-21 23:38:02,475 MambaPro INFO:   MOE_GATE_LR_FACTOR: 0.01
2025-12-21 23:38:02,475 MambaPro INFO:   MOE_LOSS_WEIGHT_SCHEDULE_TYPE: cosine
2025-12-21 23:38:02,475 MambaPro INFO:   MOE_LOSS_WEIGHT_WARMUP_EPOCHS: 5
2025-12-21 23:38:02,475 MambaPro INFO:   MOE_SPARSITY_LOSS_WEIGHT: 0.0001
2025-12-21 23:38:02,475 MambaPro INFO:   MOE_USE_DYNAMIC_LOSS_WEIGHT: false
2025-12-21 23:38:02,475 MambaPro INFO:   MOMENTUM: 0.9
2025-12-21 23:38:02,475 MambaPro INFO:   OPTIMIZER_NAME: Adam
2025-12-21 23:38:02,475 MambaPro INFO:   RANGE_ALPHA: 0
2025-12-21 23:38:02,475 MambaPro INFO:   RANGE_BETA: 1
2025-12-21 23:38:02,475 MambaPro INFO:   RANGE_K: 2
2025-12-21 23:38:02,475 MambaPro INFO:   RANGE_LOSS_WEIGHT: 1
2025-12-21 23:38:02,475 MambaPro INFO:   RANGE_MARGIN: 0.3
2025-12-21 23:38:02,475 MambaPro INFO:   SEED: 42
2025-12-21 23:38:02,475 MambaPro INFO:   STEPS:
2025-12-21 23:38:02,475 MambaPro INFO:   - 30
2025-12-21 23:38:02,475 MambaPro INFO:   - 50
2025-12-21 23:38:02,475 MambaPro INFO:   WARMUP_FACTOR: 0.01
2025-12-21 23:38:02,475 MambaPro INFO:   WARMUP_ITERS: 20
2025-12-21 23:38:02,475 MambaPro INFO:   WARMUP_METHOD: linear
2025-12-21 23:38:02,475 MambaPro INFO:   WEIGHT_DECAY: 0.0005
2025-12-21 23:38:02,475 MambaPro INFO:   WEIGHT_DECAY_BIAS: 0.0005
2025-12-21 23:38:02,475 MambaPro INFO: TEST:
2025-12-21 23:38:02,475 MambaPro INFO:   FEAT: 0
2025-12-21 23:38:02,475 MambaPro INFO:   FEAT_NORM: 'yes'
2025-12-21 23:38:02,475 MambaPro INFO:   IMS_PER_BATCH: 64
2025-12-21 23:38:02,475 MambaPro INFO:   MISS: nothing
2025-12-21 23:38:02,475 MambaPro INFO:   NECK_FEAT: after
2025-12-21 23:38:02,475 MambaPro INFO:   RE_RANKING: 'no'
2025-12-21 23:38:02,475 MambaPro INFO:   WEIGHT: /home/zubuntu/workspace/yzy/MambaPro/pths/MambaProbest.pth
2025-12-21 23:38:02,475 MambaPro INFO: ================================================================================
2025-12-21 23:38:05,538 MambaPro.train INFO: start training
2025-12-21 23:38:52,145 MambaPro.train INFO: Epoch 1 done. Time per batch: 0.432[s] Speed: 74.1[samples/s]
2025-12-21 23:39:37,893 MambaPro.train INFO: Epoch 2 done. Time per batch: 0.428[s] Speed: 74.8[samples/s]
2025-12-21 23:40:23,725 MambaPro.train INFO: Epoch 3 done. Time per batch: 0.428[s] Speed: 74.7[samples/s]
2025-12-21 23:41:09,478 MambaPro.train INFO: Epoch 4 done. Time per batch: 0.428[s] Speed: 74.8[samples/s]
2025-12-21 23:41:54,803 MambaPro.train INFO: Epoch 5 done. Time per batch: 0.428[s] Speed: 74.8[samples/s]
2025-12-21 23:42:10,883 MambaPro.train INFO: Validation Results - Epoch: 5
2025-12-21 23:42:10,883 MambaPro.train INFO: Current mAP: 51.1%
2025-12-21 23:42:10,883 MambaPro.train INFO: CMC curve, Rank-1  :53.3%
2025-12-21 23:42:10,883 MambaPro.train INFO: CMC curve, Rank-5  :68.9%
2025-12-21 23:42:10,883 MambaPro.train INFO: CMC curve, Rank-10 :75.5%
2025-12-21 23:42:10,886 MambaPro.train INFO: 🎯 New Best! Saving model...
2025-12-21 23:42:11,267 MambaPro.train INFO: [Epoch 5] 指标集合列表（历史）
2025-12-21 23:42:11,267 MambaPro.train INFO: history_mAP:{51.1}
2025-12-21 23:42:11,267 MambaPro.train INFO: best_mAP:{51.1}
2025-12-21 23:42:11,267 MambaPro.train INFO: history_Rank-1:{53.3}
2025-12-21 23:42:11,267 MambaPro.train INFO: best_Rank-1:{53.3}
2025-12-21 23:42:11,267 MambaPro.train INFO: history_Rank-5:{68.9}
2025-12-21 23:42:11,267 MambaPro.train INFO: best_Rank-5:{68.9}
2025-12-21 23:42:11,267 MambaPro.train INFO: history_Rank-10:{75.5}
2025-12-21 23:42:11,267 MambaPro.train INFO: best_Rank-10:{75.5}
2025-12-21 23:42:11,267 MambaPro.train INFO: history_Experts:{[0.33 , 0.33 , 0.34]}
2025-12-21 23:42:11,267 MambaPro.train INFO: best_Experts:{[0.33 , 0.33 , 0.34]}
2025-12-21 23:42:11,267 MambaPro.train INFO: 🔥 MoE损失(Val): 平衡=0.0000, 稀疏性=0.9999, 多样性=2.6659, 总=0.0028 (权重: 平衡=0.001, 稀疏性=0.000, 多样性=0.001)
2025-12-21 23:42:11,267 MambaPro.train INFO:    📊 专家权重分布(Val, 3个专家): [0.33 , 0.33 , 0.34]
2025-12-21 23:42:57,154 MambaPro.train INFO: Epoch 6 done. Time per batch: 0.427[s] Speed: 74.9[samples/s]
2025-12-21 23:43:42,903 MambaPro.train INFO: Epoch 7 done. Time per batch: 0.428[s] Speed: 74.8[samples/s]
2025-12-21 23:44:28,657 MambaPro.train INFO: Epoch 8 done. Time per batch: 0.428[s] Speed: 74.8[samples/s]
2025-12-21 23:45:14,419 MambaPro.train INFO: Epoch 9 done. Time per batch: 0.428[s] Speed: 74.8[samples/s]
2025-12-21 23:46:00,194 MambaPro.train INFO: Epoch 10 done. Time per batch: 0.428[s] Speed: 74.8[samples/s]
2025-12-21 23:46:00,900 MambaPro.train INFO: 💾 保存完整检查点: outputs/ablation/multiscale_fixed_weights_20251221_233800/MambaPro_10.pth (Epoch 10)
2025-12-21 23:46:16,886 MambaPro.train INFO: Validation Results - Epoch: 10
2025-12-21 23:46:16,886 MambaPro.train INFO: Current mAP: 70.4%
2025-12-21 23:46:16,886 MambaPro.train INFO: CMC curve, Rank-1  :72.5%
2025-12-21 23:46:16,886 MambaPro.train INFO: CMC curve, Rank-5  :83.5%
2025-12-21 23:46:16,886 MambaPro.train INFO: CMC curve, Rank-10 :88.6%
2025-12-21 23:46:16,890 MambaPro.train INFO: 🎯 New Best! Saving model...
2025-12-21 23:46:17,439 MambaPro.train INFO: [Epoch 10] 指标集合列表（历史）
2025-12-21 23:46:17,439 MambaPro.train INFO: history_mAP:{51.1 , 70.4}
2025-12-21 23:46:17,439 MambaPro.train INFO: best_mAP:{70.4}
2025-12-21 23:46:17,439 MambaPro.train INFO: history_Rank-1:{53.3 , 72.5}
2025-12-21 23:46:17,439 MambaPro.train INFO: best_Rank-1:{72.5}
2025-12-21 23:46:17,439 MambaPro.train INFO: history_Rank-5:{68.9 , 83.5}
2025-12-21 23:46:17,439 MambaPro.train INFO: best_Rank-5:{83.5}
2025-12-21 23:46:17,439 MambaPro.train INFO: history_Rank-10:{75.5 , 88.6}
2025-12-21 23:46:17,439 MambaPro.train INFO: best_Rank-10:{88.6}
2025-12-21 23:46:17,439 MambaPro.train INFO: history_Experts:{[0.33 , 0.33 , 0.34] , [0.33 , 0.33 , 0.34]}
2025-12-21 23:46:17,439 MambaPro.train INFO: best_Experts:{[0.33 , 0.33 , 0.34]}
2025-12-21 23:46:17,439 MambaPro.train INFO: 🔥 MoE损失(Val): 平衡=0.0000, 稀疏性=0.9999, 多样性=2.6659, 总=0.0028 (权重: 平衡=0.001, 稀疏性=0.000, 多样性=0.001)
2025-12-21 23:46:17,439 MambaPro.train INFO:    📊 专家权重分布(Val, 3个专家): [0.33 , 0.33 , 0.34]
2025-12-21 23:47:03,335 MambaPro.train INFO: Epoch 11 done. Time per batch: 0.428[s] Speed: 74.8[samples/s]
2025-12-21 23:47:49,039 MambaPro.train INFO: Epoch 12 done. Time per batch: 0.427[s] Speed: 74.9[samples/s]
2025-12-21 23:48:34,692 MambaPro.train INFO: Epoch 13 done. Time per batch: 0.427[s] Speed: 75.0[samples/s]
2025-12-21 23:49:20,412 MambaPro.train INFO: Epoch 14 done. Time per batch: 0.427[s] Speed: 74.9[samples/s]
2025-12-21 23:50:06,084 MambaPro.train INFO: Epoch 15 done. Time per batch: 0.427[s] Speed: 75.0[samples/s]
2025-12-21 23:50:22,044 MambaPro.train INFO: Validation Results - Epoch: 15
2025-12-21 23:50:22,044 MambaPro.train INFO: Current mAP: 50.2%
2025-12-21 23:50:22,044 MambaPro.train INFO: CMC curve, Rank-1  :53.0%
2025-12-21 23:50:22,044 MambaPro.train INFO: CMC curve, Rank-5  :70.3%
2025-12-21 23:50:22,044 MambaPro.train INFO: CMC curve, Rank-10 :79.7%
2025-12-21 23:50:22,049 MambaPro.train INFO: [Epoch 15] 指标集合列表（历史）
2025-12-21 23:50:22,049 MambaPro.train INFO: history_mAP:{51.1 , 70.4 , 50.2}
2025-12-21 23:50:22,049 MambaPro.train INFO: best_mAP:{70.4}
2025-12-21 23:50:22,049 MambaPro.train INFO: history_Rank-1:{53.3 , 72.5 , 53.0}
2025-12-21 23:50:22,049 MambaPro.train INFO: best_Rank-1:{72.5}
2025-12-21 23:50:22,049 MambaPro.train INFO: history_Rank-5:{68.9 , 83.5 , 70.3}
2025-12-21 23:50:22,049 MambaPro.train INFO: best_Rank-5:{83.5}
2025-12-21 23:50:22,049 MambaPro.train INFO: history_Rank-10:{75.5 , 88.6 , 79.7}
2025-12-21 23:50:22,049 MambaPro.train INFO: best_Rank-10:{88.6}
2025-12-21 23:50:22,049 MambaPro.train INFO: history_Experts:{[0.33 , 0.33 , 0.34] , [0.33 , 0.33 , 0.34] , [0.33 , 0.33 , 0.34]}
2025-12-21 23:50:22,049 MambaPro.train INFO: best_Experts:{[0.33 , 0.33 , 0.34]}
2025-12-21 23:50:22,049 MambaPro.train INFO: 🔥 MoE损失(Val): 平衡=0.0000, 稀疏性=0.9999, 多样性=2.6659, 总=0.0028 (权重: 平衡=0.001, 稀疏性=0.000, 多样性=0.001)
2025-12-21 23:50:22,049 MambaPro.train INFO:    📊 专家权重分布(Val, 3个专家): [0.33 , 0.33 , 0.34]
2025-12-21 23:51:07,977 MambaPro.train INFO: Epoch 16 done. Time per batch: 0.428[s] Speed: 74.8[samples/s]
2025-12-21 23:51:53,743 MambaPro.train INFO: Epoch 17 done. Time per batch: 0.428[s] Speed: 74.8[samples/s]
2025-12-21 23:52:39,530 MambaPro.train INFO: Epoch 18 done. Time per batch: 0.428[s] Speed: 74.8[samples/s]
2025-12-21 23:53:25,331 MambaPro.train INFO: Epoch 19 done. Time per batch: 0.428[s] Speed: 74.8[samples/s]
2025-12-21 23:54:11,084 MambaPro.train INFO: Epoch 20 done. Time per batch: 0.428[s] Speed: 74.8[samples/s]
2025-12-21 23:54:11,830 MambaPro.train INFO: 💾 保存完整检查点: outputs/ablation/multiscale_fixed_weights_20251221_233800/MambaPro_20.pth (Epoch 20)
2025-12-21 23:54:27,786 MambaPro.train INFO: Validation Results - Epoch: 20
2025-12-21 23:54:27,786 MambaPro.train INFO: Current mAP: 46.3%
2025-12-21 23:54:27,786 MambaPro.train INFO: CMC curve, Rank-1  :50.0%
2025-12-21 23:54:27,786 MambaPro.train INFO: CMC curve, Rank-5  :64.7%
2025-12-21 23:54:27,786 MambaPro.train INFO: CMC curve, Rank-10 :74.3%
2025-12-21 23:54:27,789 MambaPro.train INFO: [Epoch 20] 指标集合列表（历史）
2025-12-21 23:54:27,789 MambaPro.train INFO: history_mAP:{51.1 , 70.4 , 50.2 , 46.3}
2025-12-21 23:54:27,789 MambaPro.train INFO: best_mAP:{70.4}
2025-12-21 23:54:27,790 MambaPro.train INFO: history_Rank-1:{53.3 , 72.5 , 53.0 , 50.0}
2025-12-21 23:54:27,790 MambaPro.train INFO: best_Rank-1:{72.5}
2025-12-21 23:54:27,790 MambaPro.train INFO: history_Rank-5:{68.9 , 83.5 , 70.3 , 64.7}
2025-12-21 23:54:27,790 MambaPro.train INFO: best_Rank-5:{83.5}
2025-12-21 23:54:27,790 MambaPro.train INFO: history_Rank-10:{75.5 , 88.6 , 79.7 , 74.3}
2025-12-21 23:54:27,790 MambaPro.train INFO: best_Rank-10:{88.6}
2025-12-21 23:54:27,790 MambaPro.train INFO: history_Experts:{[0.33 , 0.33 , 0.34] , [0.33 , 0.33 , 0.34] , [0.33 , 0.33 , 0.34] , [0.33 , 0.33 , 0.34]}
2025-12-21 23:54:27,790 MambaPro.train INFO: best_Experts:{[0.33 , 0.33 , 0.34]}
2025-12-21 23:54:27,790 MambaPro.train INFO: 🔥 MoE损失(Val): 平衡=0.0000, 稀疏性=0.9999, 多样性=2.6659, 总=0.0028 (权重: 平衡=0.001, 稀疏性=0.000, 多样性=0.001)
2025-12-21 23:54:27,790 MambaPro.train INFO:    📊 专家权重分布(Val, 3个专家): [0.33 , 0.33 , 0.34]
2025-12-21 23:55:13,681 MambaPro.train INFO: Epoch 21 done. Time per batch: 0.427[s] Speed: 74.9[samples/s]
2025-12-21 23:55:59,435 MambaPro.train INFO: Epoch 22 done. Time per batch: 0.428[s] Speed: 74.8[samples/s]
2025-12-21 23:56:45,236 MambaPro.train INFO: Epoch 23 done. Time per batch: 0.428[s] Speed: 74.8[samples/s]
2025-12-21 23:57:31,127 MambaPro.train INFO: Epoch 24 done. Time per batch: 0.429[s] Speed: 74.6[samples/s]
2025-12-21 23:58:17,007 MambaPro.train INFO: Epoch 25 done. Time per batch: 0.429[s] Speed: 74.6[samples/s]
2025-12-21 23:58:32,945 MambaPro.train INFO: Validation Results - Epoch: 25
2025-12-21 23:58:32,945 MambaPro.train INFO: Current mAP: 66.8%
2025-12-21 23:58:32,945 MambaPro.train INFO: CMC curve, Rank-1  :69.6%
2025-12-21 23:58:32,945 MambaPro.train INFO: CMC curve, Rank-5  :81.1%
2025-12-21 23:58:32,945 MambaPro.train INFO: CMC curve, Rank-10 :85.3%
2025-12-21 23:58:32,948 MambaPro.train INFO: [Epoch 25] 指标集合列表（历史）
2025-12-21 23:58:32,948 MambaPro.train INFO: history_mAP:{51.1 , 70.4 , 50.2 , 46.3 , 66.8}
2025-12-21 23:58:32,949 MambaPro.train INFO: best_mAP:{70.4}
2025-12-21 23:58:32,949 MambaPro.train INFO: history_Rank-1:{53.3 , 72.5 , 53.0 , 50.0 , 69.6}
2025-12-21 23:58:32,949 MambaPro.train INFO: best_Rank-1:{72.5}
2025-12-21 23:58:32,949 MambaPro.train INFO: history_Rank-5:{68.9 , 83.5 , 70.3 , 64.7 , 81.1}
2025-12-21 23:58:32,949 MambaPro.train INFO: best_Rank-5:{83.5}
2025-12-21 23:58:32,949 MambaPro.train INFO: history_Rank-10:{75.5 , 88.6 , 79.7 , 74.3 , 85.3}
2025-12-21 23:58:32,949 MambaPro.train INFO: best_Rank-10:{88.6}
2025-12-21 23:58:32,949 MambaPro.train INFO: history_Experts:{[0.33 , 0.33 , 0.34] , [0.33 , 0.33 , 0.34] , [0.33 , 0.33 , 0.34] , [0.33 , 0.33 , 0.34] , [0.33 , 0.33 , 0.34]}
2025-12-21 23:58:32,949 MambaPro.train INFO: best_Experts:{[0.33 , 0.33 , 0.34]}
2025-12-21 23:58:32,949 MambaPro.train INFO: 🔥 MoE损失(Val): 平衡=0.0000, 稀疏性=0.9999, 多样性=2.6659, 总=0.0028 (权重: 平衡=0.001, 稀疏性=0.000, 多样性=0.001)
2025-12-21 23:58:32,949 MambaPro.train INFO:    📊 专家权重分布(Val, 3个专家): [0.33 , 0.33 , 0.34]
2025-12-21 23:59:18,992 MambaPro.train INFO: Epoch 26 done. Time per batch: 0.429[s] Speed: 74.6[samples/s]
2025-12-22 00:00:04,895 MambaPro.train INFO: Epoch 27 done. Time per batch: 0.429[s] Speed: 74.6[samples/s]
2025-12-22 00:00:50,391 MambaPro.train INFO: Epoch 28 done. Time per batch: 0.429[s] Speed: 74.6[samples/s]
2025-12-22 00:01:36,302 MambaPro.train INFO: Epoch 29 done. Time per batch: 0.429[s] Speed: 74.6[samples/s]
2025-12-22 00:02:22,216 MambaPro.train INFO: Epoch 30 done. Time per batch: 0.429[s] Speed: 74.6[samples/s]
2025-12-22 00:02:22,966 MambaPro.train INFO: 💾 保存完整检查点: outputs/ablation/multiscale_fixed_weights_20251221_233800/MambaPro_30.pth (Epoch 30)
2025-12-22 00:02:38,913 MambaPro.train INFO: Validation Results - Epoch: 30
2025-12-22 00:02:38,913 MambaPro.train INFO: Current mAP: 57.5%
2025-12-22 00:02:38,913 MambaPro.train INFO: CMC curve, Rank-1  :61.7%
2025-12-22 00:02:38,913 MambaPro.train INFO: CMC curve, Rank-5  :70.7%
2025-12-22 00:02:38,913 MambaPro.train INFO: CMC curve, Rank-10 :75.8%
2025-12-22 00:02:38,916 MambaPro.train INFO: [Epoch 30] 指标集合列表（历史）
2025-12-22 00:02:38,916 MambaPro.train INFO: history_mAP:{51.1 , 70.4 , 50.2 , 46.3 , 66.8 , 57.5}
2025-12-22 00:02:38,916 MambaPro.train INFO: best_mAP:{70.4}
2025-12-22 00:02:38,916 MambaPro.train INFO: history_Rank-1:{53.3 , 72.5 , 53.0 , 50.0 , 69.6 , 61.7}
2025-12-22 00:02:38,916 MambaPro.train INFO: best_Rank-1:{72.5}
2025-12-22 00:02:38,916 MambaPro.train INFO: history_Rank-5:{68.9 , 83.5 , 70.3 , 64.7 , 81.1 , 70.7}
2025-12-22 00:02:38,916 MambaPro.train INFO: best_Rank-5:{83.5}
2025-12-22 00:02:38,916 MambaPro.train INFO: history_Rank-10:{75.5 , 88.6 , 79.7 , 74.3 , 85.3 , 75.8}
2025-12-22 00:02:38,916 MambaPro.train INFO: best_Rank-10:{88.6}
2025-12-22 00:02:38,916 MambaPro.train INFO: history_Experts:{[0.33 , 0.33 , 0.34] , [0.33 , 0.33 , 0.34] , [0.33 , 0.33 , 0.34] , [0.33 , 0.33 , 0.34] , [0.33 , 0.33 , 0.34] , [0.33 , 0.33 , 0.34]}
2025-12-22 00:02:38,916 MambaPro.train INFO: best_Experts:{[0.33 , 0.33 , 0.34]}
2025-12-22 00:02:38,916 MambaPro.train INFO: 🔥 MoE损失(Val): 平衡=0.0000, 稀疏性=0.9999, 多样性=2.6659, 总=0.0028 (权重: 平衡=0.001, 稀疏性=0.000, 多样性=0.001)
2025-12-22 00:02:38,916 MambaPro.train INFO:    📊 专家权重分布(Val, 3个专家): [0.33 , 0.33 , 0.34]
2025-12-22 00:03:24,549 MambaPro.train INFO: Epoch 31 done. Time per batch: 0.429[s] Speed: 74.6[samples/s]
2025-12-22 00:04:10,432 MambaPro.train INFO: Epoch 32 done. Time per batch: 0.429[s] Speed: 74.6[samples/s]
2025-12-22 00:04:56,313 MambaPro.train INFO: Epoch 33 done. Time per batch: 0.429[s] Speed: 74.6[samples/s]
2025-12-22 00:05:42,216 MambaPro.train INFO: Epoch 34 done. Time per batch: 0.429[s] Speed: 74.6[samples/s]
2025-12-22 00:06:28,125 MambaPro.train INFO: Epoch 35 done. Time per batch: 0.429[s] Speed: 74.6[samples/s]
2025-12-22 00:06:44,059 MambaPro.train INFO: Validation Results - Epoch: 35
2025-12-22 00:06:44,059 MambaPro.train INFO: Current mAP: 70.7%
2025-12-22 00:06:44,059 MambaPro.train INFO: CMC curve, Rank-1  :73.4%
2025-12-22 00:06:44,059 MambaPro.train INFO: CMC curve, Rank-5  :81.9%
2025-12-22 00:06:44,059 MambaPro.train INFO: CMC curve, Rank-10 :86.8%
2025-12-22 00:06:44,064 MambaPro.train INFO: 🎯 New Best! Saving model...
2025-12-22 00:06:44,597 MambaPro.train INFO: [Epoch 35] 指标集合列表（历史）
2025-12-22 00:06:44,597 MambaPro.train INFO: history_mAP:{51.1 , 70.4 , 50.2 , 46.3 , 66.8 , 57.5 , 70.7}
2025-12-22 00:06:44,597 MambaPro.train INFO: best_mAP:{70.7}
2025-12-22 00:06:44,597 MambaPro.train INFO: history_Rank-1:{53.3 , 72.5 , 53.0 , 50.0 , 69.6 , 61.7 , 73.4}
2025-12-22 00:06:44,597 MambaPro.train INFO: best_Rank-1:{73.4}
2025-12-22 00:06:44,597 MambaPro.train INFO: history_Rank-5:{68.9 , 83.5 , 70.3 , 64.7 , 81.1 , 70.7 , 81.9}
2025-12-22 00:06:44,597 MambaPro.train INFO: best_Rank-5:{83.5}
2025-12-22 00:06:44,597 MambaPro.train INFO: history_Rank-10:{75.5 , 88.6 , 79.7 , 74.3 , 85.3 , 75.8 , 86.8}
2025-12-22 00:06:44,597 MambaPro.train INFO: best_Rank-10:{88.6}
2025-12-22 00:06:44,597 MambaPro.train INFO: history_Experts:{[0.33 , 0.33 , 0.34] , [0.33 , 0.33 , 0.34] , [0.33 , 0.33 , 0.34] , [0.33 , 0.33 , 0.34] , [0.33 , 0.33 , 0.34] , [0.33 , 0.33 , 0.34] , [0.33 , 0.33 , 0.34]}
2025-12-22 00:06:44,597 MambaPro.train INFO: best_Experts:{[0.33 , 0.33 , 0.34]}
2025-12-22 00:06:44,597 MambaPro.train INFO: 🔥 MoE损失(Val): 平衡=0.0000, 稀疏性=0.9999, 多样性=2.6659, 总=0.0028 (权重: 平衡=0.001, 稀疏性=0.000, 多样性=0.001)
2025-12-22 00:06:44,597 MambaPro.train INFO:    📊 专家权重分布(Val, 3个专家): [0.33 , 0.33 , 0.34]
2025-12-22 00:07:30,642 MambaPro.train INFO: Epoch 36 done. Time per batch: 0.429[s] Speed: 74.6[samples/s]
2025-12-22 00:08:16,537 MambaPro.train INFO: Epoch 37 done. Time per batch: 0.429[s] Speed: 74.6[samples/s]
2025-12-22 00:09:02,405 MambaPro.train INFO: Epoch 38 done. Time per batch: 0.429[s] Speed: 74.6[samples/s]
2025-12-22 00:09:48,319 MambaPro.train INFO: Epoch 39 done. Time per batch: 0.429[s] Speed: 74.6[samples/s]
2025-12-22 00:10:34,225 MambaPro.train INFO: Epoch 40 done. Time per batch: 0.429[s] Speed: 74.6[samples/s]
2025-12-22 00:10:34,973 MambaPro.train INFO: 💾 保存完整检查点: outputs/ablation/multiscale_fixed_weights_20251221_233800/MambaPro_40.pth (Epoch 40)
2025-12-22 00:10:50,915 MambaPro.train INFO: Validation Results - Epoch: 40
2025-12-22 00:10:50,915 MambaPro.train INFO: Current mAP: 69.9%
2025-12-22 00:10:50,915 MambaPro.train INFO: CMC curve, Rank-1  :73.1%
2025-12-22 00:10:50,915 MambaPro.train INFO: CMC curve, Rank-5  :79.4%
2025-12-22 00:10:50,915 MambaPro.train INFO: CMC curve, Rank-10 :84.3%
2025-12-22 00:10:50,919 MambaPro.train INFO: [Epoch 40] 指标集合列表（历史）
2025-12-22 00:10:50,919 MambaPro.train INFO: history_mAP:{51.1 , 70.4 , 50.2 , 46.3 , 66.8 , 57.5 , 70.7 , 69.9}
2025-12-22 00:10:50,919 MambaPro.train INFO: best_mAP:{70.7}
2025-12-22 00:10:50,919 MambaPro.train INFO: history_Rank-1:{53.3 , 72.5 , 53.0 , 50.0 , 69.6 , 61.7 , 73.4 , 73.1}
2025-12-22 00:10:50,919 MambaPro.train INFO: best_Rank-1:{73.4}
2025-12-22 00:10:50,919 MambaPro.train INFO: history_Rank-5:{68.9 , 83.5 , 70.3 , 64.7 , 81.1 , 70.7 , 81.9 , 79.4}
2025-12-22 00:10:50,919 MambaPro.train INFO: best_Rank-5:{83.5}
2025-12-22 00:10:50,919 MambaPro.train INFO: history_Rank-10:{75.5 , 88.6 , 79.7 , 74.3 , 85.3 , 75.8 , 86.8 , 84.3}
2025-12-22 00:10:50,919 MambaPro.train INFO: best_Rank-10:{88.6}
2025-12-22 00:10:50,919 MambaPro.train INFO: history_Experts:{[0.33 , 0.33 , 0.34] , [0.33 , 0.33 , 0.34] , [0.33 , 0.33 , 0.34] , [0.33 , 0.33 , 0.34] , [0.33 , 0.33 , 0.34] , [0.33 , 0.33 , 0.34] , [0.33 , 0.33 , 0.34] , [0.33 , 0.33 , 0.34]}
2025-12-22 00:10:50,919 MambaPro.train INFO: best_Experts:{[0.33 , 0.33 , 0.34]}
2025-12-22 00:10:50,919 MambaPro.train INFO: 🔥 MoE损失(Val): 平衡=0.0000, 稀疏性=0.9999, 多样性=2.6659, 总=0.0028 (权重: 平衡=0.001, 稀疏性=0.000, 多样性=0.001)
2025-12-22 00:10:50,919 MambaPro.train INFO:    📊 专家权重分布(Val, 3个专家): [0.33 , 0.33 , 0.34]
2025-12-22 00:11:36,562 MambaPro.train INFO: Epoch 41 done. Time per batch: 0.429[s] Speed: 74.6[samples/s]
2025-12-22 00:12:22,024 MambaPro.train INFO: Epoch 42 done. Time per batch: 0.429[s] Speed: 74.6[samples/s]
2025-12-22 00:13:07,935 MambaPro.train INFO: Epoch 43 done. Time per batch: 0.429[s] Speed: 74.6[samples/s]
2025-12-22 00:13:53,404 MambaPro.train INFO: Epoch 44 done. Time per batch: 0.429[s] Speed: 74.6[samples/s]
2025-12-22 00:14:39,303 MambaPro.train INFO: Epoch 45 done. Time per batch: 0.429[s] Speed: 74.6[samples/s]
2025-12-22 00:14:55,248 MambaPro.train INFO: Validation Results - Epoch: 45
2025-12-22 00:14:55,248 MambaPro.train INFO: Current mAP: 69.8%
2025-12-22 00:14:55,248 MambaPro.train INFO: CMC curve, Rank-1  :71.5%
2025-12-22 00:14:55,248 MambaPro.train INFO: CMC curve, Rank-5  :80.6%
2025-12-22 00:14:55,248 MambaPro.train INFO: CMC curve, Rank-10 :85.2%
2025-12-22 00:14:55,251 MambaPro.train INFO: [Epoch 45] 指标集合列表（历史）
2025-12-22 00:14:55,251 MambaPro.train INFO: history_mAP:{51.1 , 70.4 , 50.2 , 46.3 , 66.8 , 57.5 , 70.7 , 69.9 , 69.8}
2025-12-22 00:14:55,251 MambaPro.train INFO: best_mAP:{70.7}
2025-12-22 00:14:55,251 MambaPro.train INFO: history_Rank-1:{53.3 , 72.5 , 53.0 , 50.0 , 69.6 , 61.7 , 73.4 , 73.1 , 71.5}
2025-12-22 00:14:55,251 MambaPro.train INFO: best_Rank-1:{73.4}
2025-12-22 00:14:55,251 MambaPro.train INFO: history_Rank-5:{68.9 , 83.5 , 70.3 , 64.7 , 81.1 , 70.7 , 81.9 , 79.4 , 80.6}
2025-12-22 00:14:55,251 MambaPro.train INFO: best_Rank-5:{83.5}
2025-12-22 00:14:55,251 MambaPro.train INFO: history_Rank-10:{75.5 , 88.6 , 79.7 , 74.3 , 85.3 , 75.8 , 86.8 , 84.3 , 85.2}
2025-12-22 00:14:55,251 MambaPro.train INFO: best_Rank-10:{88.6}
2025-12-22 00:14:55,251 MambaPro.train INFO: history_Experts:{[0.33 , 0.33 , 0.34] , [0.33 , 0.33 , 0.34] , [0.33 , 0.33 , 0.34] , [0.33 , 0.33 , 0.34] , [0.33 , 0.33 , 0.34] , [0.33 , 0.33 , 0.34] , [0.33 , 0.33 , 0.34] , [0.33 , 0.33 , 0.34] , [0.33 , 0.33 , 0.34]}
2025-12-22 00:14:55,251 MambaPro.train INFO: best_Experts:{[0.33 , 0.33 , 0.34]}
2025-12-22 00:14:55,251 MambaPro.train INFO: 🔥 MoE损失(Val): 平衡=0.0000, 稀疏性=0.9999, 多样性=2.6659, 总=0.0028 (权重: 平衡=0.001, 稀疏性=0.000, 多样性=0.001)
2025-12-22 00:14:55,251 MambaPro.train INFO:    📊 专家权重分布(Val, 3个专家): [0.33 , 0.33 , 0.34]
2025-12-22 00:15:41,291 MambaPro.train INFO: Epoch 46 done. Time per batch: 0.429[s] Speed: 74.6[samples/s]
2025-12-22 00:16:27,175 MambaPro.train INFO: Epoch 47 done. Time per batch: 0.429[s] Speed: 74.6[samples/s]
2025-12-22 00:17:13,072 MambaPro.train INFO: Epoch 48 done. Time per batch: 0.429[s] Speed: 74.6[samples/s]
2025-12-22 00:17:58,534 MambaPro.train INFO: Epoch 49 done. Time per batch: 0.429[s] Speed: 74.6[samples/s]
2025-12-22 00:18:44,428 MambaPro.train INFO: Epoch 50 done. Time per batch: 0.429[s] Speed: 74.6[samples/s]
2025-12-22 00:18:45,177 MambaPro.train INFO: 💾 保存完整检查点: outputs/ablation/multiscale_fixed_weights_20251221_233800/MambaPro_50.pth (Epoch 50)
2025-12-22 00:19:01,209 MambaPro.train INFO: Validation Results - Epoch: 50
2025-12-22 00:19:01,209 MambaPro.train INFO: Current mAP: 71.5%
2025-12-22 00:19:01,209 MambaPro.train INFO: CMC curve, Rank-1  :74.6%
2025-12-22 00:19:01,209 MambaPro.train INFO: CMC curve, Rank-5  :82.8%
2025-12-22 00:19:01,209 MambaPro.train INFO: CMC curve, Rank-10 :86.8%
2025-12-22 00:19:01,212 MambaPro.train INFO: 🎯 New Best! Saving model...
2025-12-22 00:19:01,728 MambaPro.train INFO: [Epoch 50] 指标集合列表（历史）
2025-12-22 00:19:01,728 MambaPro.train INFO: history_mAP:{51.1 , 70.4 , 50.2 , 46.3 , 66.8 , 57.5 , 70.7 , 69.9 , 69.8 , 71.5}
2025-12-22 00:19:01,728 MambaPro.train INFO: best_mAP:{71.5}
2025-12-22 00:19:01,728 MambaPro.train INFO: history_Rank-1:{53.3 , 72.5 , 53.0 , 50.0 , 69.6 , 61.7 , 73.4 , 73.1 , 71.5 , 74.6}
2025-12-22 00:19:01,728 MambaPro.train INFO: best_Rank-1:{74.6}
2025-12-22 00:19:01,728 MambaPro.train INFO: history_Rank-5:{68.9 , 83.5 , 70.3 , 64.7 , 81.1 , 70.7 , 81.9 , 79.4 , 80.6 , 82.8}
2025-12-22 00:19:01,728 MambaPro.train INFO: best_Rank-5:{83.5}
2025-12-22 00:19:01,728 MambaPro.train INFO: history_Rank-10:{75.5 , 88.6 , 79.7 , 74.3 , 85.3 , 75.8 , 86.8 , 84.3 , 85.2}
2025-12-22 00:19:01,728 MambaPro.train INFO: best_Rank-10:{88.6}
2025-12-22 00:19:01,728 MambaPro.train INFO: history_Experts:{[0.33 , 0.33 , 0.34] , [0.33 , 0.33 , 0.34] , [0.33 , 0.33 , 0.34] , [0.33 , 0.33 , 0.34] , [0.33 , 0.33 , 0.34] , [0.33 , 0.33 , 0.34] , [0.33 , 0.33 , 0.34] , [0.33 , 0.33 , 0.34] , [0.33 , 0.33 , 0.34] , [0.33 , 0.33 , 0.34]}
2025-12-22 00:19:01,728 MambaPro.train INFO: best_Experts:{[0.33 , 0.33 , 0.34]}
2025-12-22 00:19:01,728 MambaPro.train INFO: 🔥 MoE损失(Val): 平衡=0.0000, 稀疏性=0.9999, 多样性=2.6659, 总=0.0028 (权重: 平衡=0.001, 稀疏性=0.000, 多样性=0.001)
2025-12-22 00:19:01,728 MambaPro.train INFO:    📊 专家权重分布(Val, 3个专家): [0.33 , 0.33 , 0.34]
2025-12-22 00:19:47,766 MambaPro.train INFO: Epoch 51 done. Time per batch: 0.429[s] Speed: 74.6[samples/s]
2025-12-22 00:20:33,225 MambaPro.train INFO: Epoch 52 done. Time per batch: 0.429[s] Speed: 74.6[samples/s]
2025-12-22 00:21:19,108 MambaPro.train INFO: Epoch 53 done. Time per batch: 0.429[s] Speed: 74.6[samples/s]
2025-12-22 00:22:05,017 MambaPro.train INFO: Epoch 54 done. Time per batch: 0.429[s] Speed: 74.6[samples/s]
2025-12-22 00:22:50,482 MambaPro.train INFO: Epoch 55 done. Time per batch: 0.429[s] Speed: 74.6[samples/s]
2025-12-22 00:23:06,418 MambaPro.train INFO: Validation Results - Epoch: 55
2025-12-22 00:23:06,418 MambaPro.train INFO: Current mAP: 71.0%
2025-12-22 00:23:06,418 MambaPro.train INFO: CMC curve, Rank-1  :73.6%
2025-12-22 00:23:06,418 MambaPro.train INFO: CMC curve, Rank-5  :82.5%
2025-12-22 00:23:06,418 MambaPro.train INFO: CMC curve, Rank-10 :86.1%
2025-12-22 00:23:06,421 MambaPro.train INFO: [Epoch 55] 指标集合列表（历史）
2025-12-22 00:23:06,421 MambaPro.train INFO: history_mAP:{51.1 , 70.4 , 50.2 , 46.3 , 66.8 , 57.5 , 70.7 , 69.9 , 69.8 , 71.5 , 71.0}
2025-12-22 00:23:06,421 MambaPro.train INFO: best_mAP:{71.5}
2025-12-22 00:23:06,421 MambaPro.train INFO: history_Rank-1:{53.3 , 72.5 , 53.0 , 50.0 , 69.6 , 61.7 , 73.4 , 73.1 , 71.5 , 74.6 , 73.6}
2025-12-22 00:23:06,421 MambaPro.train INFO: best_Rank-1:{74.6}
2025-12-22 00:23:06,421 MambaPro.train INFO: history_Rank-5:{68.9 , 83.5 , 70.3 , 64.7 , 81.1 , 70.7 , 81.9 , 79.4 , 80.6 , 82.8 , 82.5}
2025-12-22 00:23:06,421 MambaPro.train INFO: best_Rank-5:{83.5}
2025-12-22 00:23:06,421 MambaPro.train INFO: history_Rank-10:{75.5 , 88.6 , 79.7 , 74.3 , 85.3 , 75.8 , 86.8 , 84.3 , 85.2 , 86.1}
2025-12-22 00:23:06,421 MambaPro.train INFO: best_Rank-10:{88.6}
2025-12-22 00:23:06,421 MambaPro.train INFO: history_Experts:{[0.33 , 0.33 , 0.34] , [0.33 , 0.33 , 0.34] , [0.33 , 0.33 , 0.34] , [0.33 , 0.33 , 0.34] , [0.33 , 0.33 , 0.34] , [0.33 , 0.33 , 0.34] , [0.33 , 0.33 , 0.34] , [0.33 , 0.33 , 0.34] , [0.33 , 0.33 , 0.34] , [0.33 , 0.33 , 0.34] , [0.33 , 0.33 , 0.34]}
2025-12-22 00:23:06,421 MambaPro.train INFO: best_Experts:{[0.33 , 0.33 , 0.34]}
2025-12-22 00:23:06,421 MambaPro.train INFO: 🔥 MoE损失(Val): 平衡=0.0000, 稀疏性=0.9999, 多样性=2.6659, 总=0.0028 (权重: 平衡=0.001, 稀疏性=0.000, 多样性=0.001)
2025-12-22 00:23:06,422 MambaPro.train INFO:    📊 专家权重分布(Val, 3个专家): [0.33 , 0.33 , 0.34]
2025-12-22 00:23:52,039 MambaPro.train INFO: Epoch 56 done. Time per batch: 0.429[s] Speed: 74.6[samples/s]
2025-12-22 00:24:37,909 MambaPro.train INFO: Epoch 57 done. Time per batch: 0.429[s] Speed: 74.6[samples/s]
2025-12-22 00:25:23,786 MambaPro.train INFO: Epoch 58 done. Time per batch: 0.429[s] Speed: 74.6[samples/s]
2025-12-22 00:26:09,678 MambaPro.train INFO: Epoch 59 done. Time per batch: 0.429[s] Speed: 74.6[samples/s]
2025-12-22 00:26:55,161 MambaPro.train INFO: Epoch 60 done. Time per batch: 0.429[s] Speed: 74.6[samples/s]
2025-12-22 00:26:55,915 MambaPro.train INFO: 💾 保存完整检查点: outputs/ablation/multiscale_fixed_weights_20251221_233800/MambaPro_60.pth (Epoch 60)
2025-12-22 00:27:11,856 MambaPro.train INFO: Validation Results - Epoch: 60
2025-12-22 00:27:11,856 MambaPro.train INFO: Current mAP: 70.6%
2025-12-22 00:27:11,856 MambaPro.train INFO: CMC curve, Rank-1  :72.6%
2025-12-22 00:27:11,856 MambaPro.train INFO: CMC curve, Rank-5  :82.2%
2025-12-22 00:27:11,856 MambaPro.train INFO: CMC curve, Rank-10 :86.1%
2025-12-22 00:27:11,859 MambaPro.train INFO: [Epoch 60] 指标集合列表（历史）
2025-12-22 00:27:11,859 MambaPro.train INFO: history_mAP:{51.1 , 70.4 , 50.2 , 46.3 , 66.8 , 57.5 , 70.7 , 69.9 , 69.8 , 71.5 , 71.0 , 70.6}
2025-12-22 00:27:11,859 MambaPro.train INFO: best_mAP:{71.5}
2025-12-22 00:27:11,859 MambaPro.train INFO: history_Rank-1:{53.3 , 72.5 , 53.0 , 50.0 , 69.6 , 61.7 , 73.4 , 73.1 , 71.5 , 74.6 , 73.6 , 72.6}
2025-12-22 00:27:11,859 MambaPro.train INFO: best_Rank-1:{74.6}
2025-12-22 00:27:11,860 MambaPro.train INFO: history_Rank-5:{68.9 , 83.5 , 70.3 , 64.7 , 81.1 , 70.7 , 81.9 , 79.4 , 80.6 , 82.8 , 82.5 , 82.2}
2025-12-22 00:27:11,860 MambaPro.train INFO: best_Rank-5:{83.5}
2025-12-22 00:27:11,860 MambaPro.train INFO: history_Rank-10:{75.5 , 88.6 , 79.7 , 74.3 , 85.3 , 75.8 , 86.8 , 84.3 , 85.2 , 86.1}
2025-12-22 00:27:11,860 MambaPro.train INFO: best_Rank-10:{88.6}
2025-12-22 00:27:11,860 MambaPro.train INFO: history_Experts:{[0.33 , 0.33 , 0.34] , [0.33 , 0.33 , 0.34] , [0.33 , 0.33 , 0.34] , [0.33 , 0.33 , 0.34] , [0.33 , 0.33 , 0.34] , [0.33 , 0.33 , 0.34] , [0.33 , 0.33 , 0.34] , [0.33 , 0.33 , 0.34] , [0.33 , 0.33 , 0.34] , [0.33 , 0.33 , 0.34] , [0.33 , 0.33 , 0.34] , [0.33 , 0.33 , 0.34]}
2025-12-22 00:27:11,860 MambaPro.train INFO: best_Experts:{[0.33 , 0.33 , 0.34]}
2025-12-22 00:27:11,860 MambaPro.train INFO: 🔥 MoE损失(Val): 平衡=0.0000, 稀疏性=0.9999, 多样性=2.6659, 总=0.0028 (权重: 平衡=0.001, 稀疏性=0.000, 多样性=0.001)
2025-12-22 00:27:11,860 MambaPro.train INFO:    📊 专家权重分布(Val, 3个专家): [0.33 , 0.33 , 0.34]
2025-12-22 00:27:12,009 MambaPro.train INFO: ============================================================
