2025-12-11 23:04:56,681 MambaPro INFO: ================================================================================
2025-12-11 23:04:56,681 MambaPro INFO: 🧾 实验参数快照（命令行 + 最终配置）
2025-12-11 23:04:56,681 MambaPro INFO: ================================================================================
2025-12-11 23:04:56,681 MambaPro INFO: 【复现实验命令】
2025-12-11 23:04:56,681 MambaPro INFO: /home/zubuntu/miniconda/envs/MambaPro/bin/python train_net.py --config_file mybest_model/experiment_20251013_110028/configs/experiment_config.yml OUTPUT_DIR ./outputs/replay_best_tml
2025-12-11 23:04:56,681 MambaPro INFO: 【命令行参数（args）】
2025-12-11 23:04:56,681 MambaPro INFO: {
2025-12-11 23:04:56,681 MambaPro INFO:   "config_file": "mybest_model/experiment_20251013_110028/configs/experiment_config.yml",
2025-12-11 23:04:56,681 MambaPro INFO:   "fea_cft": 0,
2025-12-11 23:04:56,681 MambaPro INFO:   "opts": [
2025-12-11 23:04:56,681 MambaPro INFO:     "OUTPUT_DIR",
2025-12-11 23:04:56,681 MambaPro INFO:     "./outputs/replay_best_tml"
2025-12-11 23:04:56,681 MambaPro INFO:   ],
2025-12-11 23:04:56,681 MambaPro INFO:   "local_rank": 0,
2025-12-11 23:04:56,681 MambaPro INFO:   "use_multi_scale": false,
2025-12-11 23:04:56,681 MambaPro INFO:   "no_multi_scale": false,
2025-12-11 23:04:56,681 MambaPro INFO:   "use_moe": false,
2025-12-11 23:04:56,681 MambaPro INFO:   "disable_moe": false,
2025-12-11 23:04:56,681 MambaPro INFO:   "no_moe": false,
2025-12-11 23:04:56,681 MambaPro INFO:   "use_attention": false,
2025-12-11 23:04:56,681 MambaPro INFO:   "disable_attention": false,
2025-12-11 23:04:56,681 MambaPro INFO:   "attention_heads": 8,
2025-12-11 23:04:56,681 MambaPro INFO:   "attention_dropout": 0.1
2025-12-11 23:04:56,681 MambaPro INFO: }
2025-12-11 23:04:56,681 MambaPro INFO: 【工作目录】/home/zubuntu/workspace/yzy/MambaPro
2025-12-11 23:04:56,681 MambaPro INFO: 【最终配置（YAML）】
2025-12-11 23:04:56,686 MambaPro INFO: DATALOADER:
2025-12-11 23:04:56,686 MambaPro INFO:   NUM_INSTANCE: 8
2025-12-11 23:04:56,686 MambaPro INFO:   NUM_WORKERS: 8
2025-12-11 23:04:56,686 MambaPro INFO:   SAMPLER: softmax_triplet
2025-12-11 23:04:56,686 MambaPro INFO: DATASETS:
2025-12-11 23:04:56,686 MambaPro INFO:   NAMES: RGBNT201
2025-12-11 23:04:56,686 MambaPro INFO:   ROOT_DIR: /home/zubuntu/workspace/yzy/MambaPro/data/
2025-12-11 23:04:56,686 MambaPro INFO: INPUT:
2025-12-11 23:04:56,686 MambaPro INFO:   PADDING: 10
2025-12-11 23:04:56,686 MambaPro INFO:   PIXEL_MEAN:
2025-12-11 23:04:56,686 MambaPro INFO:   - 0.5
2025-12-11 23:04:56,686 MambaPro INFO:   - 0.5
2025-12-11 23:04:56,686 MambaPro INFO:   - 0.5
2025-12-11 23:04:56,686 MambaPro INFO:   PIXEL_STD:
2025-12-11 23:04:56,686 MambaPro INFO:   - 0.5
2025-12-11 23:04:56,686 MambaPro INFO:   - 0.5
2025-12-11 23:04:56,686 MambaPro INFO:   - 0.5
2025-12-11 23:04:56,686 MambaPro INFO:   PROB: 0.5
2025-12-11 23:04:56,686 MambaPro INFO:   RE_PROB: 0.5
2025-12-11 23:04:56,686 MambaPro INFO:   SIZE_TEST:
2025-12-11 23:04:56,687 MambaPro INFO:   - 256
2025-12-11 23:04:56,687 MambaPro INFO:   - 128
2025-12-11 23:04:56,687 MambaPro INFO:   SIZE_TRAIN:
2025-12-11 23:04:56,687 MambaPro INFO:   - 256
2025-12-11 23:04:56,687 MambaPro INFO:   - 128
2025-12-11 23:04:56,687 MambaPro INFO: MODEL:
2025-12-11 23:04:56,687 MambaPro INFO:   ADAPTER: true
2025-12-11 23:04:56,687 MambaPro INFO:   ATTENTION_DIM: 512
2025-12-11 23:04:56,687 MambaPro INFO:   ATTENTION_DROPOUT: 0.1
2025-12-11 23:04:56,687 MambaPro INFO:   ATTENTION_NUM_HEADS: 8
2025-12-11 23:04:56,687 MambaPro INFO:   ATT_DROP_RATE: 0.0
2025-12-11 23:04:56,687 MambaPro INFO:   CLIP_MULTI_SCALE_SCALES:
2025-12-11 23:04:56,687 MambaPro INFO:   - 4
2025-12-11 23:04:56,687 MambaPro INFO:   - 8
2025-12-11 23:04:56,687 MambaPro INFO:   - 16
2025-12-11 23:04:56,687 MambaPro INFO:   DEVICE: cuda
2025-12-11 23:04:56,687 MambaPro INFO:   DEVICE_ID: '0'
2025-12-11 23:04:56,687 MambaPro INFO:   DIRECT: 1
2025-12-11 23:04:56,687 MambaPro INFO:   DIST_TRAIN: false
2025-12-11 23:04:56,687 MambaPro INFO:   DROP_OUT: 0.0
2025-12-11 23:04:56,687 MambaPro INFO:   DROP_PATH: 0.1
2025-12-11 23:04:56,687 MambaPro INFO:   FLOPS_TEST: false
2025-12-11 23:04:56,687 MambaPro INFO:   FROZEN: true
2025-12-11 23:04:56,687 MambaPro INFO:   GATE_DROPOUT: 0.1
2025-12-11 23:04:56,687 MambaPro INFO:   ID_LOSS_TYPE: softmax
2025-12-11 23:04:56,687 MambaPro INFO:   ID_LOSS_WEIGHT: 0.25
2025-12-11 23:04:56,687 MambaPro INFO:   IF_LABELSMOOTH: 'on'
2025-12-11 23:04:56,687 MambaPro INFO:   IF_WITH_CENTER: 'no'
2025-12-11 23:04:56,687 MambaPro INFO:   LAYER: -1
2025-12-11 23:04:56,687 MambaPro INFO:   MAMBA: true
2025-12-11 23:04:56,687 MambaPro INFO:   MAMBA_BI: false
2025-12-11 23:04:56,687 MambaPro INFO:   METRIC_LOSS_TYPE: triplet
2025-12-11 23:04:56,687 MambaPro INFO:   MOE_BALANCE_LOSS_WEIGHT: 0.01
2025-12-11 23:04:56,687 MambaPro INFO:   MOE_DIVERSITY_LOSS_WEIGHT: 0.01
2025-12-11 23:04:56,687 MambaPro INFO:   MOE_EXPERT_DROPOUT: 0.1
2025-12-11 23:04:56,687 MambaPro INFO:   MOE_EXPERT_HIDDEN_DIM: 1024
2025-12-11 23:04:56,687 MambaPro INFO:   MOE_EXPERT_LAYERS: 2
2025-12-11 23:04:56,687 MambaPro INFO:   MOE_EXPERT_THRESHOLD: 0.1
2025-12-11 23:04:56,687 MambaPro INFO:   MOE_FIXED_WEIGHTS:
2025-12-11 23:04:56,687 MambaPro INFO:   - 0.33
2025-12-11 23:04:56,687 MambaPro INFO:   - 0.33
2025-12-11 23:04:56,688 MambaPro INFO:   - 0.34
2025-12-11 23:04:56,688 MambaPro INFO:   MOE_GATE_DROPOUT: 0.1
2025-12-11 23:04:56,688 MambaPro INFO:   MOE_GATE_LAYERS: 2
2025-12-11 23:04:56,688 MambaPro INFO:   MOE_INIT_WEIGHTS: null
2025-12-11 23:04:56,688 MambaPro INFO:   MOE_NUM_EXPERTS: 3
2025-12-11 23:04:56,688 MambaPro INFO:   MOE_RESIDUAL_WEIGHT: 1.0
2025-12-11 23:04:56,688 MambaPro INFO:   MOE_SCALES:
2025-12-11 23:04:56,688 MambaPro INFO:   - 4
2025-12-11 23:04:56,688 MambaPro INFO:   - 8
2025-12-11 23:04:56,688 MambaPro INFO:   - 16
2025-12-11 23:04:56,688 MambaPro INFO:   MOE_SPARSITY_LOSS_WEIGHT: 0.001
2025-12-11 23:04:56,688 MambaPro INFO:   MOE_TEMPERATURE: 0.7
2025-12-11 23:04:56,688 MambaPro INFO:   MOE_TOP_K: 2
2025-12-11 23:04:56,688 MambaPro INFO:   MOE_TOP_K_MODE: soft
2025-12-11 23:04:56,688 MambaPro INFO:   MOE_USE_FIXED_WEIGHTS: false
2025-12-11 23:04:56,688 MambaPro INFO:   MOE_USE_TOP_K_ROUTING: false
2025-12-11 23:04:56,688 MambaPro INFO:   MULTI_SCALE_SCALES:
2025-12-11 23:04:56,688 MambaPro INFO:   - 4
2025-12-11 23:04:56,688 MambaPro INFO:   - 8
2025-12-11 23:04:56,688 MambaPro INFO:   - 16
2025-12-11 23:04:56,688 MambaPro INFO:   NAME: MambaPro
2025-12-11 23:04:56,688 MambaPro INFO:   NECK: bnneck
2025-12-11 23:04:56,688 MambaPro INFO:   NO_MARGIN: true
2025-12-11 23:04:56,688 MambaPro INFO:   PREFIX_NUM: 1
2025-12-11 23:04:56,688 MambaPro INFO:   PRETRAIN_PATH_T: /home/zubuntu/workspace/yzy/MambaPro/pths/ViT-B-16.pt
2025-12-11 23:04:56,688 MambaPro INFO:   PROMPT: true
2025-12-11 23:04:56,688 MambaPro INFO:   SIE_CAMERA: true
2025-12-11 23:04:56,688 MambaPro INFO:   SIE_COE: 1.0
2025-12-11 23:04:56,688 MambaPro INFO:   SIE_VIEW: false
2025-12-11 23:04:56,688 MambaPro INFO:   STRIDE_SIZE:
2025-12-11 23:04:56,688 MambaPro INFO:   - 16
2025-12-11 23:04:56,688 MambaPro INFO:   - 16
2025-12-11 23:04:56,688 MambaPro INFO:   TRANSFORMER_TYPE: ViT-B-16
2025-12-11 23:04:56,688 MambaPro INFO:   TRIPLET_LOSS_WEIGHT: 1.0
2025-12-11 23:04:56,688 MambaPro INFO:   USE_ATTENTION_FUSION: false
2025-12-11 23:04:56,688 MambaPro INFO:   USE_CLIP_MULTI_SCALE: true
2025-12-11 23:04:56,688 MambaPro INFO:   USE_GATE_FUSION: false
2025-12-11 23:04:56,688 MambaPro INFO:   USE_MULTI_SCALE: false
2025-12-11 23:04:56,688 MambaPro INFO:   USE_MULTI_SCALE_MOE: true
2025-12-11 23:04:56,688 MambaPro INFO: OUTPUT_DIR: ./outputs/replay_best_tml/run_20251211_230456
2025-12-11 23:04:56,689 MambaPro INFO: SOLVER:
2025-12-11 23:04:56,689 MambaPro INFO:   BASE_LR: 0.0005
2025-12-11 23:04:56,689 MambaPro INFO:   BIAS_LR_FACTOR: 2
2025-12-11 23:04:56,689 MambaPro INFO:   CENTER_LOSS_WEIGHT: 0.0005
2025-12-11 23:04:56,689 MambaPro INFO:   CENTER_LR: 0.5
2025-12-11 23:04:56,689 MambaPro INFO:   CHECKPOINT_PERIOD: 10
2025-12-11 23:04:56,689 MambaPro INFO:   CLUSTER_MARGIN: 0.3
2025-12-11 23:04:56,689 MambaPro INFO:   COSINE_MARGIN: 0.5
2025-12-11 23:04:56,689 MambaPro INFO:   COSINE_SCALE: 30
2025-12-11 23:04:56,689 MambaPro INFO:   EVAL_PERIOD: 5
2025-12-11 23:04:56,689 MambaPro INFO:   GAMMA: 0.1
2025-12-11 23:04:56,689 MambaPro INFO:   IMS_PER_BATCH: 32
2025-12-11 23:04:56,689 MambaPro INFO:   LARGE_FC_LR: false
2025-12-11 23:04:56,689 MambaPro INFO:   LOG_PERIOD: 10
2025-12-11 23:04:56,689 MambaPro INFO:   MARGIN: 0.3
2025-12-11 23:04:56,689 MambaPro INFO:   MAX_EPOCHS: 60
2025-12-11 23:04:56,689 MambaPro INFO:   MOE_BALANCE_LOSS_WEIGHT: 0.001
2025-12-11 23:04:56,689 MambaPro INFO:   MOE_BALANCE_LOSS_WEIGHT_END: 0.1
2025-12-11 23:04:56,689 MambaPro INFO:   MOE_BALANCE_LOSS_WEIGHT_START: 0.001
2025-12-11 23:04:56,689 MambaPro INFO:   MOE_BALANCE_THRESHOLD: 0.3
2025-12-11 23:04:56,689 MambaPro INFO:   MOE_DIVERSITY_LOSS_WEIGHT: 0.001
2025-12-11 23:04:56,689 MambaPro INFO:   MOE_DIVERSITY_LOSS_WEIGHT_END: 0.1
2025-12-11 23:04:56,689 MambaPro INFO:   MOE_DIVERSITY_LOSS_WEIGHT_START: 0.001
2025-12-11 23:04:56,689 MambaPro INFO:   MOE_GATE_LR_FACTOR: 0.01
2025-12-11 23:04:56,689 MambaPro INFO:   MOE_LOSS_WEIGHT_SCHEDULE_TYPE: cosine
2025-12-11 23:04:56,689 MambaPro INFO:   MOE_LOSS_WEIGHT_WARMUP_EPOCHS: 5
2025-12-11 23:04:56,689 MambaPro INFO:   MOE_SPARSITY_LOSS_WEIGHT: 0.0001
2025-12-11 23:04:56,689 MambaPro INFO:   MOE_USE_DYNAMIC_LOSS_WEIGHT: false
2025-12-11 23:04:56,689 MambaPro INFO:   MOMENTUM: 0.9
2025-12-11 23:04:56,689 MambaPro INFO:   OPTIMIZER_NAME: Adam
2025-12-11 23:04:56,689 MambaPro INFO:   RANGE_ALPHA: 0
2025-12-11 23:04:56,689 MambaPro INFO:   RANGE_BETA: 1
2025-12-11 23:04:56,689 MambaPro INFO:   RANGE_K: 2
2025-12-11 23:04:56,689 MambaPro INFO:   RANGE_LOSS_WEIGHT: 1
2025-12-11 23:04:56,689 MambaPro INFO:   RANGE_MARGIN: 0.3
2025-12-11 23:04:56,689 MambaPro INFO:   SEED: 42
2025-12-11 23:04:56,689 MambaPro INFO:   STEPS:
2025-12-11 23:04:56,689 MambaPro INFO:   - 30
2025-12-11 23:04:56,689 MambaPro INFO:   - 50
2025-12-11 23:04:56,689 MambaPro INFO:   WARMUP_FACTOR: 0.01
2025-12-11 23:04:56,690 MambaPro INFO:   WARMUP_ITERS: 20
2025-12-11 23:04:56,690 MambaPro INFO:   WARMUP_METHOD: linear
2025-12-11 23:04:56,690 MambaPro INFO:   WEIGHT_DECAY: 0.0005
2025-12-11 23:04:56,690 MambaPro INFO:   WEIGHT_DECAY_BIAS: 0.0005
2025-12-11 23:04:56,690 MambaPro INFO: TEST:
2025-12-11 23:04:56,690 MambaPro INFO:   FEAT: 0
2025-12-11 23:04:56,690 MambaPro INFO:   FEAT_NORM: 'yes'
2025-12-11 23:04:56,690 MambaPro INFO:   IMS_PER_BATCH: 64
2025-12-11 23:04:56,690 MambaPro INFO:   MISS: nothing
2025-12-11 23:04:56,690 MambaPro INFO:   NECK_FEAT: after
2025-12-11 23:04:56,690 MambaPro INFO:   RE_RANKING: 'no'
2025-12-11 23:04:56,690 MambaPro INFO:   WEIGHT: /home/zubuntu/workspace/yzy/MambaPro/pths/MambaProbest.pth
2025-12-11 23:04:56,690 MambaPro INFO: ================================================================================
2025-12-11 23:04:59,226 MambaPro.train INFO: start training
2025-12-11 23:05:20,091 MambaPro.train INFO: Epoch 1 done. Time per batch: 0.195[s] Speed: 164.2[samples/s]
2025-12-11 23:05:40,249 MambaPro.train INFO: Epoch 2 done. Time per batch: 0.188[s] Speed: 169.9[samples/s]
2025-12-11 23:06:00,466 MambaPro.train INFO: Epoch 3 done. Time per batch: 0.189[s] Speed: 169.4[samples/s]
2025-12-11 23:06:20,682 MambaPro.train INFO: Epoch 4 done. Time per batch: 0.189[s] Speed: 169.4[samples/s]
2025-12-11 23:06:40,891 MambaPro.train INFO: Epoch 5 done. Time per batch: 0.189[s] Speed: 169.4[samples/s]
2025-12-11 23:06:48,574 MambaPro.train INFO: Validation Results - Epoch: 5
2025-12-11 23:06:48,574 MambaPro.train INFO: Current mAP: 55.2%
2025-12-11 23:06:48,574 MambaPro.train INFO: CMC curve, Rank-1  :56.3%
2025-12-11 23:06:48,574 MambaPro.train INFO: CMC curve, Rank-5  :73.1%
2025-12-11 23:06:48,574 MambaPro.train INFO: CMC curve, Rank-10 :79.3%
2025-12-11 23:06:48,575 MambaPro.train INFO: 🎯 New Best! Saving model...
2025-12-11 23:06:49,152 MambaPro.train INFO: [Epoch 5] 指标集合列表（历史）
2025-12-11 23:06:49,153 MambaPro.train INFO: history_mAP:{55.2}
2025-12-11 23:06:49,153 MambaPro.train INFO: best_mAP:{55.2}
2025-12-11 23:06:49,153 MambaPro.train INFO: history_Rank-1:{56.3}
2025-12-11 23:06:49,153 MambaPro.train INFO: best_Rank-1:{56.3}
2025-12-11 23:06:49,153 MambaPro.train INFO: history_Rank-5:{73.1}
2025-12-11 23:06:49,153 MambaPro.train INFO: best_Rank-5:{73.1}
2025-12-11 23:06:49,153 MambaPro.train INFO: history_Rank-10:{79.3}
2025-12-11 23:06:49,153 MambaPro.train INFO: best_Rank-10:{79.3}
2025-12-11 23:06:49,153 MambaPro.train INFO: history_Experts:{[0.36 , 0.33 , 0.31]}
2025-12-11 23:06:49,153 MambaPro.train INFO: best_Experts:{[0.36 , 0.33 , 0.31]}
2025-12-11 23:06:49,153 MambaPro.train INFO: 🔥 MoE损失(Val): 平衡=0.0000, 稀疏性=0.9981, 多样性=2.6515, 总=0.0028 (权重: 平衡=0.001, 稀疏性=0.000, 多样性=0.001)
2025-12-11 23:06:49,153 MambaPro.train INFO:    📊 专家权重分布(Val): [0.36 , 0.33 , 0.31]
2025-12-11 23:07:09,580 MambaPro.train INFO: Epoch 6 done. Time per batch: 0.190[s] Speed: 168.8[samples/s]
2025-12-11 23:07:29,864 MambaPro.train INFO: Epoch 7 done. Time per batch: 0.190[s] Speed: 168.8[samples/s]
2025-12-11 23:07:50,231 MambaPro.train INFO: Epoch 8 done. Time per batch: 0.190[s] Speed: 168.1[samples/s]
2025-12-11 23:08:10,543 MambaPro.train INFO: Epoch 9 done. Time per batch: 0.190[s] Speed: 168.6[samples/s]
2025-12-11 23:08:30,907 MambaPro.train INFO: Epoch 10 done. Time per batch: 0.190[s] Speed: 168.1[samples/s]
2025-12-11 23:08:39,046 MambaPro.train INFO: Validation Results - Epoch: 10
2025-12-11 23:08:39,047 MambaPro.train INFO: Current mAP: 50.7%
2025-12-11 23:08:39,047 MambaPro.train INFO: CMC curve, Rank-1  :56.3%
2025-12-11 23:08:39,047 MambaPro.train INFO: CMC curve, Rank-5  :72.8%
2025-12-11 23:08:39,047 MambaPro.train INFO: CMC curve, Rank-10 :79.9%
2025-12-11 23:08:39,048 MambaPro.train INFO: [Epoch 10] 指标集合列表（历史）
2025-12-11 23:08:39,048 MambaPro.train INFO: history_mAP:{55.2 , 50.7}
2025-12-11 23:08:39,048 MambaPro.train INFO: best_mAP:{55.2}
2025-12-11 23:08:39,048 MambaPro.train INFO: history_Rank-1:{56.3}
2025-12-11 23:08:39,048 MambaPro.train INFO: best_Rank-1:{56.3}
2025-12-11 23:08:39,048 MambaPro.train INFO: history_Rank-5:{73.1 , 72.8}
2025-12-11 23:08:39,048 MambaPro.train INFO: best_Rank-5:{73.1}
2025-12-11 23:08:39,048 MambaPro.train INFO: history_Rank-10:{79.3 , 79.9}
2025-12-11 23:08:39,048 MambaPro.train INFO: best_Rank-10:{79.3}
2025-12-11 23:08:39,048 MambaPro.train INFO: history_Experts:{[0.36 , 0.33 , 0.31] , [0.38 , 0.33 , 0.29]}
2025-12-11 23:08:39,048 MambaPro.train INFO: best_Experts:{[0.36 , 0.33 , 0.31]}
2025-12-11 23:08:39,048 MambaPro.train INFO: 🔥 MoE损失(Val): 平衡=0.0000, 稀疏性=0.9945, 多样性=2.6233, 总=0.0027 (权重: 平衡=0.001, 稀疏性=0.000, 多样性=0.001)
2025-12-11 23:08:39,048 MambaPro.train INFO:    📊 专家权重分布(Val): [0.38 , 0.33 , 0.29]
2025-12-11 23:08:59,534 MambaPro.train INFO: Epoch 11 done. Time per batch: 0.192[s] Speed: 166.7[samples/s]
2025-12-11 23:09:19,966 MambaPro.train INFO: Epoch 12 done. Time per batch: 0.191[s] Speed: 167.6[samples/s]
2025-12-11 23:09:40,291 MambaPro.train INFO: Epoch 13 done. Time per batch: 0.190[s] Speed: 168.5[samples/s]
2025-12-11 23:10:00,583 MambaPro.train INFO: Epoch 14 done. Time per batch: 0.190[s] Speed: 168.7[samples/s]
2025-12-11 23:10:20,884 MambaPro.train INFO: Epoch 15 done. Time per batch: 0.190[s] Speed: 168.7[samples/s]
2025-12-11 23:10:28,440 MambaPro.train INFO: Validation Results - Epoch: 15
2025-12-11 23:10:28,440 MambaPro.train INFO: Current mAP: 56.7%
2025-12-11 23:10:28,440 MambaPro.train INFO: CMC curve, Rank-1  :60.5%
2025-12-11 23:10:28,440 MambaPro.train INFO: CMC curve, Rank-5  :75.0%
2025-12-11 23:10:28,440 MambaPro.train INFO: CMC curve, Rank-10 :82.2%
2025-12-11 23:10:28,441 MambaPro.train INFO: 🎯 New Best! Saving model...
2025-12-11 23:10:29,256 MambaPro.train INFO: [Epoch 15] 指标集合列表（历史）
2025-12-11 23:10:29,256 MambaPro.train INFO: history_mAP:{55.2 , 50.7 , 56.7}
2025-12-11 23:10:29,256 MambaPro.train INFO: best_mAP:{56.7}
2025-12-11 23:10:29,256 MambaPro.train INFO: history_Rank-1:{56.3 , 60.5}
2025-12-11 23:10:29,256 MambaPro.train INFO: best_Rank-1:{60.5}
2025-12-11 23:10:29,256 MambaPro.train INFO: history_Rank-5:{73.1 , 72.8 , 75.0}
2025-12-11 23:10:29,257 MambaPro.train INFO: best_Rank-5:{75.0}
2025-12-11 23:10:29,257 MambaPro.train INFO: history_Rank-10:{79.3 , 79.9 , 82.2}
2025-12-11 23:10:29,257 MambaPro.train INFO: best_Rank-10:{82.2}
2025-12-11 23:10:29,257 MambaPro.train INFO: history_Experts:{[0.36 , 0.33 , 0.31] , [0.38 , 0.33 , 0.29] , [0.42 , 0.32 , 0.25]}
2025-12-11 23:10:29,257 MambaPro.train INFO: best_Experts:{[0.42 , 0.32 , 0.25]}
2025-12-11 23:10:29,257 MambaPro.train INFO: 🔥 MoE损失(Val): 平衡=0.0000, 稀疏性=0.9771, 多样性=2.4917, 总=0.0026 (权重: 平衡=0.001, 稀疏性=0.000, 多样性=0.001)
2025-12-11 23:10:29,257 MambaPro.train INFO:    📊 专家权重分布(Val): [0.42 , 0.32 , 0.25]
2025-12-11 23:10:49,888 MambaPro.train INFO: Epoch 16 done. Time per batch: 0.191[s] Speed: 167.2[samples/s]
2025-12-11 23:11:10,096 MambaPro.train INFO: Epoch 17 done. Time per batch: 0.189[s] Speed: 169.4[samples/s]
2025-12-11 23:11:30,257 MambaPro.train INFO: Epoch 18 done. Time per batch: 0.190[s] Speed: 168.2[samples/s]
2025-12-11 23:11:50,522 MambaPro.train INFO: Epoch 19 done. Time per batch: 0.189[s] Speed: 169.0[samples/s]
2025-12-11 23:12:10,937 MambaPro.train INFO: Epoch 20 done. Time per batch: 0.191[s] Speed: 167.7[samples/s]
2025-12-11 23:12:18,987 MambaPro.train INFO: Validation Results - Epoch: 20
2025-12-11 23:12:18,987 MambaPro.train INFO: Current mAP: 50.9%
2025-12-11 23:12:18,987 MambaPro.train INFO: CMC curve, Rank-1  :52.9%
2025-12-11 23:12:18,987 MambaPro.train INFO: CMC curve, Rank-5  :71.5%
2025-12-11 23:12:18,987 MambaPro.train INFO: CMC curve, Rank-10 :80.7%
2025-12-11 23:12:18,988 MambaPro.train INFO: [Epoch 20] 指标集合列表（历史）
2025-12-11 23:12:18,988 MambaPro.train INFO: history_mAP:{55.2 , 50.7 , 56.7 , 50.9}
2025-12-11 23:12:18,988 MambaPro.train INFO: best_mAP:{56.7}
2025-12-11 23:12:18,988 MambaPro.train INFO: history_Rank-1:{56.3 , 60.5 , 52.9}
2025-12-11 23:12:18,988 MambaPro.train INFO: best_Rank-1:{60.5}
2025-12-11 23:12:18,988 MambaPro.train INFO: history_Rank-5:{73.1 , 72.8 , 75.0 , 71.5}
2025-12-11 23:12:18,988 MambaPro.train INFO: best_Rank-5:{75.0}
2025-12-11 23:12:18,988 MambaPro.train INFO: history_Rank-10:{79.3 , 79.9 , 82.2 , 80.7}
2025-12-11 23:12:18,988 MambaPro.train INFO: best_Rank-10:{82.2}
2025-12-11 23:12:18,988 MambaPro.train INFO: history_Experts:{[0.36 , 0.33 , 0.31] , [0.38 , 0.33 , 0.29] , [0.42 , 0.32 , 0.25] , [0.62 , 0.22 , 0.16]}
2025-12-11 23:12:18,988 MambaPro.train INFO: best_Experts:{[0.42 , 0.32 , 0.25]}
2025-12-11 23:12:18,988 MambaPro.train INFO: 🔥 MoE损失(Val): 平衡=0.1262, 稀疏性=0.8079, 多样性=1.5565, 总=0.0018 (权重: 平衡=0.001, 稀疏性=0.000, 多样性=0.001)
2025-12-11 23:12:18,988 MambaPro.train INFO:    📊 专家权重分布(Val): [0.62 , 0.22 , 0.16]
2025-12-11 23:12:39,308 MambaPro.train INFO: Epoch 21 done. Time per batch: 0.190[s] Speed: 168.1[samples/s]
2025-12-11 23:12:59,736 MambaPro.train INFO: Epoch 22 done. Time per batch: 0.191[s] Speed: 167.6[samples/s]
2025-12-11 23:13:20,261 MambaPro.train INFO: Epoch 23 done. Time per batch: 0.192[s] Speed: 166.8[samples/s]
2025-12-11 23:13:40,718 MambaPro.train INFO: Epoch 24 done. Time per batch: 0.191[s] Speed: 167.4[samples/s]
2025-12-11 23:14:00,939 MambaPro.train INFO: Epoch 25 done. Time per batch: 0.191[s] Speed: 167.7[samples/s]
2025-12-11 23:14:08,490 MambaPro.train INFO: Validation Results - Epoch: 25
2025-12-11 23:14:08,490 MambaPro.train INFO: Current mAP: 73.5%
2025-12-11 23:14:08,490 MambaPro.train INFO: CMC curve, Rank-1  :78.6%
2025-12-11 23:14:08,490 MambaPro.train INFO: CMC curve, Rank-5  :87.4%
2025-12-11 23:14:08,490 MambaPro.train INFO: CMC curve, Rank-10 :90.7%
2025-12-11 23:14:08,491 MambaPro.train INFO: 🎯 New Best! Saving model...
2025-12-11 23:14:09,201 MambaPro.train INFO: [Epoch 25] 指标集合列表（历史）
2025-12-11 23:14:09,201 MambaPro.train INFO: history_mAP:{55.2 , 50.7 , 56.7 , 50.9 , 73.5}
2025-12-11 23:14:09,201 MambaPro.train INFO: best_mAP:{73.5}
2025-12-11 23:14:09,201 MambaPro.train INFO: history_Rank-1:{56.3 , 60.5 , 52.9 , 78.6}
2025-12-11 23:14:09,201 MambaPro.train INFO: best_Rank-1:{78.6}
2025-12-11 23:14:09,201 MambaPro.train INFO: history_Rank-5:{73.1 , 72.8 , 75.0 , 71.5 , 87.4}
2025-12-11 23:14:09,201 MambaPro.train INFO: best_Rank-5:{87.4}
2025-12-11 23:14:09,201 MambaPro.train INFO: history_Rank-10:{79.3 , 79.9 , 82.2 , 80.7 , 90.7}
2025-12-11 23:14:09,201 MambaPro.train INFO: best_Rank-10:{90.7}
2025-12-11 23:14:09,202 MambaPro.train INFO: history_Experts:{[0.36 , 0.33 , 0.31] , [0.38 , 0.33 , 0.29] , [0.42 , 0.32 , 0.25] , [0.62 , 0.22 , 0.16] , [0.81 , 0.11 , 0.09]}
2025-12-11 23:14:09,202 MambaPro.train INFO: best_Experts:{[0.81 , 0.11 , 0.09]}
2025-12-11 23:14:09,202 MambaPro.train INFO: 🔥 MoE损失(Val): 平衡=0.5300, 稀疏性=0.4962, 多样性=0.6591, 总=0.0012 (权重: 平衡=0.001, 稀疏性=0.000, 多样性=0.001)
2025-12-11 23:14:09,202 MambaPro.train INFO:    📊 专家权重分布(Val): [0.81 , 0.11 , 0.09]
2025-12-11 23:14:29,851 MambaPro.train INFO: Epoch 26 done. Time per batch: 0.192[s] Speed: 167.0[samples/s]
2025-12-11 23:14:50,208 MambaPro.train INFO: Epoch 27 done. Time per batch: 0.190[s] Speed: 168.2[samples/s]
2025-12-11 23:15:10,549 MambaPro.train INFO: Epoch 28 done. Time per batch: 0.190[s] Speed: 168.3[samples/s]
2025-12-11 23:15:31,068 MambaPro.train INFO: Epoch 29 done. Time per batch: 0.192[s] Speed: 166.9[samples/s]
2025-12-11 23:15:51,436 MambaPro.train INFO: Epoch 30 done. Time per batch: 0.190[s] Speed: 168.1[samples/s]
2025-12-11 23:15:59,654 MambaPro.train INFO: Validation Results - Epoch: 30
2025-12-11 23:15:59,654 MambaPro.train INFO: Current mAP: 78.8%
2025-12-11 23:15:59,654 MambaPro.train INFO: CMC curve, Rank-1  :83.4%
2025-12-11 23:15:59,654 MambaPro.train INFO: CMC curve, Rank-5  :90.1%
2025-12-11 23:15:59,654 MambaPro.train INFO: CMC curve, Rank-10 :92.9%
2025-12-11 23:15:59,655 MambaPro.train INFO: 🎯 New Best! Saving model...
2025-12-11 23:16:00,458 MambaPro.train INFO: [Epoch 30] 指标集合列表（历史）
2025-12-11 23:16:00,458 MambaPro.train INFO: history_mAP:{55.2 , 50.7 , 56.7 , 50.9 , 73.5 , 78.8}
2025-12-11 23:16:00,458 MambaPro.train INFO: best_mAP:{78.8}
2025-12-11 23:16:00,458 MambaPro.train INFO: history_Rank-1:{56.3 , 60.5 , 52.9 , 78.6 , 83.4}
2025-12-11 23:16:00,458 MambaPro.train INFO: best_Rank-1:{83.4}
2025-12-11 23:16:00,458 MambaPro.train INFO: history_Rank-5:{73.1 , 72.8 , 75.0 , 71.5 , 87.4 , 90.1}
2025-12-11 23:16:00,458 MambaPro.train INFO: best_Rank-5:{90.1}
2025-12-11 23:16:00,458 MambaPro.train INFO: history_Rank-10:{79.3 , 79.9 , 82.2 , 80.7 , 90.7 , 92.9}
2025-12-11 23:16:00,458 MambaPro.train INFO: best_Rank-10:{92.9}
2025-12-11 23:16:00,458 MambaPro.train INFO: history_Experts:{[0.36 , 0.33 , 0.31] , [0.38 , 0.33 , 0.29] , [0.42 , 0.32 , 0.25] , [0.62 , 0.22 , 0.16] , [0.81 , 0.11 , 0.09] , [0.87 , 0.07 , 0.06]}
2025-12-11 23:16:00,458 MambaPro.train INFO: best_Experts:{[0.87 , 0.07 , 0.06]}
2025-12-11 23:16:00,458 MambaPro.train INFO: 🔥 MoE损失(Val): 平衡=0.7472, 稀疏性=0.3486, 多样性=0.4036, 总=0.0012 (权重: 平衡=0.001, 稀疏性=0.000, 多样性=0.001)
2025-12-11 23:16:00,458 MambaPro.train INFO:    📊 专家权重分布(Val): [0.87 , 0.07 , 0.06]
2025-12-11 23:16:21,213 MambaPro.train INFO: Epoch 31 done. Time per batch: 0.193[s] Speed: 166.1[samples/s]
2025-12-11 23:16:41,405 MambaPro.train INFO: Epoch 32 done. Time per batch: 0.190[s] Speed: 168.0[samples/s]
2025-12-11 23:17:01,883 MambaPro.train INFO: Epoch 33 done. Time per batch: 0.191[s] Speed: 167.2[samples/s]
2025-12-11 23:17:22,170 MambaPro.train INFO: Epoch 34 done. Time per batch: 0.191[s] Speed: 167.2[samples/s]
2025-12-11 23:17:42,599 MambaPro.train INFO: Epoch 35 done. Time per batch: 0.191[s] Speed: 167.6[samples/s]
2025-12-11 23:17:50,148 MambaPro.train INFO: Validation Results - Epoch: 35
2025-12-11 23:17:50,148 MambaPro.train INFO: Current mAP: 77.7%
2025-12-11 23:17:50,148 MambaPro.train INFO: CMC curve, Rank-1  :81.3%
2025-12-11 23:17:50,148 MambaPro.train INFO: CMC curve, Rank-5  :88.6%
2025-12-11 23:17:50,148 MambaPro.train INFO: CMC curve, Rank-10 :91.5%
2025-12-11 23:17:50,149 MambaPro.train INFO: [Epoch 35] 指标集合列表（历史）
2025-12-11 23:17:50,149 MambaPro.train INFO: history_mAP:{55.2 , 50.7 , 56.7 , 50.9 , 73.5 , 78.8 , 77.7}
2025-12-11 23:17:50,149 MambaPro.train INFO: best_mAP:{78.8}
2025-12-11 23:17:50,149 MambaPro.train INFO: history_Rank-1:{56.3 , 60.5 , 52.9 , 78.6 , 83.4 , 81.3}
2025-12-11 23:17:50,149 MambaPro.train INFO: best_Rank-1:{83.4}
2025-12-11 23:17:50,149 MambaPro.train INFO: history_Rank-5:{73.1 , 72.8 , 75.0 , 71.5 , 87.4 , 90.1 , 88.6}
2025-12-11 23:17:50,149 MambaPro.train INFO: best_Rank-5:{90.1}
2025-12-11 23:17:50,149 MambaPro.train INFO: history_Rank-10:{79.3 , 79.9 , 82.2 , 80.7 , 90.7 , 92.9 , 91.5}
2025-12-11 23:17:50,149 MambaPro.train INFO: best_Rank-10:{92.9}
2025-12-11 23:17:50,149 MambaPro.train INFO: history_Experts:{[0.36 , 0.33 , 0.31] , [0.38 , 0.33 , 0.29] , [0.42 , 0.32 , 0.25] , [0.62 , 0.22 , 0.16] , [0.81 , 0.11 , 0.09] , [0.87 , 0.07 , 0.06] , [0.90 , 0.05 , 0.04]}
2025-12-11 23:17:50,149 MambaPro.train INFO: best_Experts:{[0.87 , 0.07 , 0.06]}
2025-12-11 23:17:50,149 MambaPro.train INFO: 🔥 MoE损失(Val): 平衡=0.8703, 稀疏性=0.2675, 多样性=0.2894, 总=0.0012 (权重: 平衡=0.001, 稀疏性=0.000, 多样性=0.001)
2025-12-11 23:17:50,149 MambaPro.train INFO:    📊 专家权重分布(Val): [0.90 , 0.05 , 0.04]
2025-12-11 23:18:10,911 MambaPro.train INFO: Epoch 36 done. Time per batch: 0.193[s] Speed: 166.1[samples/s]
2025-12-11 23:18:31,428 MambaPro.train INFO: Epoch 37 done. Time per batch: 0.192[s] Speed: 166.9[samples/s]
2025-12-11 23:18:51,641 MambaPro.train INFO: Epoch 38 done. Time per batch: 0.191[s] Speed: 167.8[samples/s]
2025-12-11 23:19:12,233 MambaPro.train INFO: Epoch 39 done. Time per batch: 0.192[s] Speed: 166.3[samples/s]
2025-12-11 23:19:32,472 MambaPro.train INFO: Epoch 40 done. Time per batch: 0.191[s] Speed: 167.6[samples/s]
2025-12-11 23:19:40,525 MambaPro.train INFO: Validation Results - Epoch: 40
2025-12-11 23:19:40,525 MambaPro.train INFO: Current mAP: 79.1%
2025-12-11 23:19:40,525 MambaPro.train INFO: CMC curve, Rank-1  :83.6%
2025-12-11 23:19:40,525 MambaPro.train INFO: CMC curve, Rank-5  :90.6%
2025-12-11 23:19:40,525 MambaPro.train INFO: CMC curve, Rank-10 :93.1%
2025-12-11 23:19:40,526 MambaPro.train INFO: 🎯 New Best! Saving model...
2025-12-11 23:19:41,514 MambaPro.train INFO: [Epoch 40] 指标集合列表（历史）
2025-12-11 23:19:41,514 MambaPro.train INFO: history_mAP:{55.2 , 50.7 , 56.7 , 50.9 , 73.5 , 78.8 , 77.7 , 79.1}
2025-12-11 23:19:41,514 MambaPro.train INFO: best_mAP:{79.1}
2025-12-11 23:19:41,515 MambaPro.train INFO: history_Rank-1:{56.3 , 60.5 , 52.9 , 78.6 , 83.4 , 81.3 , 83.6}
2025-12-11 23:19:41,515 MambaPro.train INFO: best_Rank-1:{83.6}
2025-12-11 23:19:41,515 MambaPro.train INFO: history_Rank-5:{73.1 , 72.8 , 75.0 , 71.5 , 87.4 , 90.1 , 88.6 , 90.6}
2025-12-11 23:19:41,515 MambaPro.train INFO: best_Rank-5:{90.6}
2025-12-11 23:19:41,515 MambaPro.train INFO: history_Rank-10:{79.3 , 79.9 , 82.2 , 80.7 , 90.7 , 92.9 , 91.5 , 93.1}
2025-12-11 23:19:41,515 MambaPro.train INFO: best_Rank-10:{93.1}
2025-12-11 23:19:41,515 MambaPro.train INFO: history_Experts:{[0.36 , 0.33 , 0.31] , [0.38 , 0.33 , 0.29] , [0.42 , 0.32 , 0.25] , [0.62 , 0.22 , 0.16] , [0.81 , 0.11 , 0.09] , [0.87 , 0.07 , 0.06] , [0.90 , 0.05 , 0.04] , [0.92 , 0.04 , 0.04]}
2025-12-11 23:19:41,515 MambaPro.train INFO: best_Experts:{[0.92 , 0.04 , 0.04]}
2025-12-11 23:19:41,515 MambaPro.train INFO: 🔥 MoE损失(Val): 平衡=0.9398, 稀疏性=0.2224, 多样性=0.2321, 总=0.0012 (权重: 平衡=0.001, 稀疏性=0.000, 多样性=0.001)
2025-12-11 23:19:41,515 MambaPro.train INFO:    📊 专家权重分布(Val): [0.92 , 0.04 , 0.04]
2025-12-11 23:20:02,112 MambaPro.train INFO: Epoch 41 done. Time per batch: 0.191[s] Speed: 167.4[samples/s]
2025-12-11 23:20:22,618 MambaPro.train INFO: Epoch 42 done. Time per batch: 0.192[s] Speed: 167.0[samples/s]
2025-12-11 23:20:43,088 MambaPro.train INFO: Epoch 43 done. Time per batch: 0.191[s] Speed: 167.3[samples/s]
2025-12-11 23:21:03,491 MambaPro.train INFO: Epoch 44 done. Time per batch: 0.191[s] Speed: 167.8[samples/s]
2025-12-11 23:21:23,918 MambaPro.train INFO: Epoch 45 done. Time per batch: 0.191[s] Speed: 167.6[samples/s]
2025-12-11 23:21:31,487 MambaPro.train INFO: Validation Results - Epoch: 45
2025-12-11 23:21:31,488 MambaPro.train INFO: Current mAP: 78.1%
2025-12-11 23:21:31,488 MambaPro.train INFO: CMC curve, Rank-1  :81.5%
2025-12-11 23:21:31,488 MambaPro.train INFO: CMC curve, Rank-5  :88.6%
2025-12-11 23:21:31,488 MambaPro.train INFO: CMC curve, Rank-10 :92.3%
2025-12-11 23:21:31,489 MambaPro.train INFO: [Epoch 45] 指标集合列表（历史）
2025-12-11 23:21:31,489 MambaPro.train INFO: history_mAP:{55.2 , 50.7 , 56.7 , 50.9 , 73.5 , 78.8 , 77.7 , 79.1 , 78.1}
2025-12-11 23:21:31,489 MambaPro.train INFO: best_mAP:{79.1}
2025-12-11 23:21:31,489 MambaPro.train INFO: history_Rank-1:{56.3 , 60.5 , 52.9 , 78.6 , 83.4 , 81.3 , 83.6 , 81.5}
2025-12-11 23:21:31,489 MambaPro.train INFO: best_Rank-1:{83.6}
2025-12-11 23:21:31,489 MambaPro.train INFO: history_Rank-5:{73.1 , 72.8 , 75.0 , 71.5 , 87.4 , 90.1 , 88.6 , 90.6}
2025-12-11 23:21:31,489 MambaPro.train INFO: best_Rank-5:{90.6}
2025-12-11 23:21:31,489 MambaPro.train INFO: history_Rank-10:{79.3 , 79.9 , 82.2 , 80.7 , 90.7 , 92.9 , 91.5 , 93.1 , 92.3}
2025-12-11 23:21:31,489 MambaPro.train INFO: best_Rank-10:{93.1}
2025-12-11 23:21:31,489 MambaPro.train INFO: history_Experts:{[0.36 , 0.33 , 0.31] , [0.38 , 0.33 , 0.29] , [0.42 , 0.32 , 0.25] , [0.62 , 0.22 , 0.16] , [0.81 , 0.11 , 0.09] , [0.87 , 0.07 , 0.06] , [0.90 , 0.05 , 0.04] , [0.92 , 0.04 , 0.04] , [0.93 , 0.04 , 0.03]}
2025-12-11 23:21:31,489 MambaPro.train INFO: best_Experts:{[0.92 , 0.04 , 0.04]}
2025-12-11 23:21:31,489 MambaPro.train INFO: 🔥 MoE损失(Val): 平衡=0.9846, 稀疏性=0.1935, 多样性=0.1975, 总=0.0012 (权重: 平衡=0.001, 稀疏性=0.000, 多样性=0.001)
2025-12-11 23:21:31,489 MambaPro.train INFO:    📊 专家权重分布(Val): [0.93 , 0.04 , 0.03]
2025-12-11 23:21:52,069 MambaPro.train INFO: Epoch 46 done. Time per batch: 0.191[s] Speed: 167.5[samples/s]
2025-12-11 23:22:12,675 MambaPro.train INFO: Epoch 47 done. Time per batch: 0.193[s] Speed: 166.2[samples/s]
2025-12-11 23:22:33,284 MambaPro.train INFO: Epoch 48 done. Time per batch: 0.194[s] Speed: 164.6[samples/s]
2025-12-11 23:22:53,703 MambaPro.train INFO: Epoch 49 done. Time per batch: 0.191[s] Speed: 167.7[samples/s]
2025-12-11 23:23:14,212 MambaPro.train INFO: Epoch 50 done. Time per batch: 0.192[s] Speed: 167.0[samples/s]
2025-12-11 23:23:22,421 MambaPro.train INFO: Validation Results - Epoch: 50
2025-12-11 23:23:22,421 MambaPro.train INFO: Current mAP: 77.6%
2025-12-11 23:23:22,421 MambaPro.train INFO: CMC curve, Rank-1  :81.3%
2025-12-11 23:23:22,421 MambaPro.train INFO: CMC curve, Rank-5  :87.6%
2025-12-11 23:23:22,421 MambaPro.train INFO: CMC curve, Rank-10 :91.3%
2025-12-11 23:23:22,422 MambaPro.train INFO: [Epoch 50] 指标集合列表（历史）
2025-12-11 23:23:22,422 MambaPro.train INFO: history_mAP:{55.2 , 50.7 , 56.7 , 50.9 , 73.5 , 78.8 , 77.7 , 79.1 , 78.1 , 77.6}
2025-12-11 23:23:22,422 MambaPro.train INFO: best_mAP:{79.1}
2025-12-11 23:23:22,422 MambaPro.train INFO: history_Rank-1:{56.3 , 60.5 , 52.9 , 78.6 , 83.4 , 81.3 , 83.6 , 81.5}
2025-12-11 23:23:22,422 MambaPro.train INFO: best_Rank-1:{83.6}
2025-12-11 23:23:22,422 MambaPro.train INFO: history_Rank-5:{73.1 , 72.8 , 75.0 , 71.5 , 87.4 , 90.1 , 88.6 , 90.6 , 87.6}
2025-12-11 23:23:22,422 MambaPro.train INFO: best_Rank-5:{90.6}
2025-12-11 23:23:22,422 MambaPro.train INFO: history_Rank-10:{79.3 , 79.9 , 82.2 , 80.7 , 90.7 , 92.9 , 91.5 , 93.1 , 92.3 , 91.3}
2025-12-11 23:23:22,422 MambaPro.train INFO: best_Rank-10:{93.1}
2025-12-11 23:23:22,422 MambaPro.train INFO: history_Experts:{[0.36 , 0.33 , 0.31] , [0.38 , 0.33 , 0.29] , [0.42 , 0.32 , 0.25] , [0.62 , 0.22 , 0.16] , [0.81 , 0.11 , 0.09] , [0.87 , 0.07 , 0.06] , [0.90 , 0.05 , 0.04] , [0.92 , 0.04 , 0.04] , [0.93 , 0.04 , 0.03] , [0.94 , 0.03 , 0.03]}
2025-12-11 23:23:22,422 MambaPro.train INFO: best_Experts:{[0.92 , 0.04 , 0.04]}
2025-12-11 23:23:22,422 MambaPro.train INFO: 🔥 MoE损失(Val): 平衡=1.0177, 稀疏性=0.1722, 多样性=0.1730, 总=0.0012 (权重: 平衡=0.001, 稀疏性=0.000, 多样性=0.001)
2025-12-11 23:23:22,422 MambaPro.train INFO:    📊 专家权重分布(Val): [0.94 , 0.03 , 0.03]
2025-12-11 23:23:42,950 MambaPro.train INFO: Epoch 51 done. Time per batch: 0.192[s] Speed: 166.4[samples/s]
2025-12-11 23:24:03,230 MambaPro.train INFO: Epoch 52 done. Time per batch: 0.191[s] Speed: 167.3[samples/s]
2025-12-11 23:24:23,692 MambaPro.train INFO: Epoch 53 done. Time per batch: 0.191[s] Speed: 167.3[samples/s]
2025-12-11 23:24:44,156 MambaPro.train INFO: Epoch 54 done. Time per batch: 0.191[s] Speed: 167.3[samples/s]
2025-12-11 23:25:04,541 MambaPro.train INFO: Epoch 55 done. Time per batch: 0.191[s] Speed: 168.0[samples/s]
2025-12-11 23:25:12,130 MambaPro.train INFO: Validation Results - Epoch: 55
2025-12-11 23:25:12,130 MambaPro.train INFO: Current mAP: 78.4%
2025-12-11 23:25:12,130 MambaPro.train INFO: CMC curve, Rank-1  :82.9%
2025-12-11 23:25:12,130 MambaPro.train INFO: CMC curve, Rank-5  :89.1%
2025-12-11 23:25:12,130 MambaPro.train INFO: CMC curve, Rank-10 :91.6%
2025-12-11 23:25:12,131 MambaPro.train INFO: [Epoch 55] 指标集合列表（历史）
2025-12-11 23:25:12,131 MambaPro.train INFO: history_mAP:{55.2 , 50.7 , 56.7 , 50.9 , 73.5 , 78.8 , 77.7 , 79.1 , 78.1 , 77.6 , 78.4}
2025-12-11 23:25:12,131 MambaPro.train INFO: best_mAP:{79.1}
2025-12-11 23:25:12,131 MambaPro.train INFO: history_Rank-1:{56.3 , 60.5 , 52.9 , 78.6 , 83.4 , 81.3 , 83.6 , 81.5 , 82.9}
2025-12-11 23:25:12,131 MambaPro.train INFO: best_Rank-1:{83.6}
2025-12-11 23:25:12,131 MambaPro.train INFO: history_Rank-5:{73.1 , 72.8 , 75.0 , 71.5 , 87.4 , 90.1 , 88.6 , 90.6 , 87.6 , 89.1}
2025-12-11 23:25:12,131 MambaPro.train INFO: best_Rank-5:{90.6}
2025-12-11 23:25:12,131 MambaPro.train INFO: history_Rank-10:{79.3 , 79.9 , 82.2 , 80.7 , 90.7 , 92.9 , 91.5 , 93.1 , 92.3 , 91.3 , 91.6}
2025-12-11 23:25:12,131 MambaPro.train INFO: best_Rank-10:{93.1}
2025-12-11 23:25:12,131 MambaPro.train INFO: history_Experts:{[0.36 , 0.33 , 0.31] , [0.38 , 0.33 , 0.29] , [0.42 , 0.32 , 0.25] , [0.62 , 0.22 , 0.16] , [0.81 , 0.11 , 0.09] , [0.87 , 0.07 , 0.06] , [0.90 , 0.05 , 0.04] , [0.92 , 0.04 , 0.04] , [0.93 , 0.04 , 0.03] , [0.94 , 0.03 , 0.03] , [0.95 , 0.03 , 0.03]}
2025-12-11 23:25:12,131 MambaPro.train INFO: best_Experts:{[0.92 , 0.04 , 0.04]}
2025-12-11 23:25:12,131 MambaPro.train INFO: 🔥 MoE损失(Val): 平衡=1.0411, 稀疏性=0.1573, 多样性=0.1562, 总=0.0012 (权重: 平衡=0.001, 稀疏性=0.000, 多样性=0.001)
2025-12-11 23:25:12,131 MambaPro.train INFO:    📊 专家权重分布(Val): [0.95 , 0.03 , 0.03]
2025-12-11 23:25:32,753 MambaPro.train INFO: Epoch 56 done. Time per batch: 0.193[s] Speed: 165.6[samples/s]
2025-12-11 23:25:53,188 MambaPro.train INFO: Epoch 57 done. Time per batch: 0.191[s] Speed: 167.6[samples/s]
2025-12-11 23:26:13,677 MambaPro.train INFO: Epoch 58 done. Time per batch: 0.191[s] Speed: 167.1[samples/s]
2025-12-11 23:26:34,202 MambaPro.train INFO: Epoch 59 done. Time per batch: 0.194[s] Speed: 165.3[samples/s]
2025-12-11 23:26:54,632 MambaPro.train INFO: Epoch 60 done. Time per batch: 0.191[s] Speed: 167.6[samples/s]
2025-12-11 23:27:02,830 MambaPro.train INFO: Validation Results - Epoch: 60
2025-12-11 23:27:02,830 MambaPro.train INFO: Current mAP: 78.3%
2025-12-11 23:27:02,831 MambaPro.train INFO: CMC curve, Rank-1  :82.7%
2025-12-11 23:27:02,831 MambaPro.train INFO: CMC curve, Rank-5  :88.8%
2025-12-11 23:27:02,831 MambaPro.train INFO: CMC curve, Rank-10 :92.0%
2025-12-11 23:27:02,831 MambaPro.train INFO: [Epoch 60] 指标集合列表（历史）
2025-12-11 23:27:02,831 MambaPro.train INFO: history_mAP:{55.2 , 50.7 , 56.7 , 50.9 , 73.5 , 78.8 , 77.7 , 79.1 , 78.1 , 77.6 , 78.4 , 78.3}
2025-12-11 23:27:02,831 MambaPro.train INFO: best_mAP:{79.1}
2025-12-11 23:27:02,831 MambaPro.train INFO: history_Rank-1:{56.3 , 60.5 , 52.9 , 78.6 , 83.4 , 81.3 , 83.6 , 81.5 , 82.9 , 82.7}
2025-12-11 23:27:02,831 MambaPro.train INFO: best_Rank-1:{83.6}
2025-12-11 23:27:02,831 MambaPro.train INFO: history_Rank-5:{73.1 , 72.8 , 75.0 , 71.5 , 87.4 , 90.1 , 88.6 , 90.6 , 87.6 , 89.1 , 88.8}
2025-12-11 23:27:02,831 MambaPro.train INFO: best_Rank-5:{90.6}
2025-12-11 23:27:02,831 MambaPro.train INFO: history_Rank-10:{79.3 , 79.9 , 82.2 , 80.7 , 90.7 , 92.9 , 91.5 , 93.1 , 92.3 , 91.3 , 91.6 , 92.0}
2025-12-11 23:27:02,831 MambaPro.train INFO: best_Rank-10:{93.1}
2025-12-11 23:27:02,832 MambaPro.train INFO: history_Experts:{[0.36 , 0.33 , 0.31] , [0.38 , 0.33 , 0.29] , [0.42 , 0.32 , 0.25] , [0.62 , 0.22 , 0.16] , [0.81 , 0.11 , 0.09] , [0.87 , 0.07 , 0.06] , [0.90 , 0.05 , 0.04] , [0.92 , 0.04 , 0.04] , [0.93 , 0.04 , 0.03] , [0.94 , 0.03 , 0.03] , [0.95 , 0.03 , 0.03] , [0.95 , 0.03 , 0.02]}
2025-12-11 23:27:02,832 MambaPro.train INFO: best_Experts:{[0.92 , 0.04 , 0.04]}
2025-12-11 23:27:02,832 MambaPro.train INFO: 🔥 MoE损失(Val): 平衡=1.0600, 稀疏性=0.1452, 多样性=0.1429, 总=0.0012 (权重: 平衡=0.001, 稀疏性=0.000, 多样性=0.001)
2025-12-11 23:27:02,832 MambaPro.train INFO:    📊 专家权重分布(Val): [0.95 , 0.03 , 0.02]
2025-12-11 23:27:02,973 MambaPro.train INFO: ============================================================
