2025-12-12 14:30:05,826 MambaPro INFO: ================================================================================
2025-12-12 14:30:05,826 MambaPro INFO: 🧾 实验参数快照（命令行 + 最终配置）
2025-12-12 14:30:05,826 MambaPro INFO: ================================================================================
2025-12-12 14:30:05,826 MambaPro INFO: 【复现实验命令】
2025-12-12 14:30:05,826 MambaPro INFO: /home/zubuntu/miniconda/envs/MambaPro/bin/python train_net.py --config_file mybest_model/experiment_20251013_110028/configs/experiment_config.yml OUTPUT_DIR ./outputs/replay_best_tml
2025-12-12 14:30:05,826 MambaPro INFO: 【命令行参数（args）】
2025-12-12 14:30:05,826 MambaPro INFO: {
2025-12-12 14:30:05,826 MambaPro INFO:   "config_file": "mybest_model/experiment_20251013_110028/configs/experiment_config.yml",
2025-12-12 14:30:05,826 MambaPro INFO:   "fea_cft": 0,
2025-12-12 14:30:05,826 MambaPro INFO:   "opts": [
2025-12-12 14:30:05,826 MambaPro INFO:     "OUTPUT_DIR",
2025-12-12 14:30:05,826 MambaPro INFO:     "./outputs/replay_best_tml"
2025-12-12 14:30:05,826 MambaPro INFO:   ],
2025-12-12 14:30:05,826 MambaPro INFO:   "local_rank": 0,
2025-12-12 14:30:05,826 MambaPro INFO:   "use_multi_scale": false,
2025-12-12 14:30:05,826 MambaPro INFO:   "no_multi_scale": false,
2025-12-12 14:30:05,826 MambaPro INFO:   "use_moe": false,
2025-12-12 14:30:05,826 MambaPro INFO:   "disable_moe": false,
2025-12-12 14:30:05,826 MambaPro INFO:   "no_moe": false,
2025-12-12 14:30:05,826 MambaPro INFO:   "use_attention": false,
2025-12-12 14:30:05,826 MambaPro INFO:   "disable_attention": false,
2025-12-12 14:30:05,826 MambaPro INFO:   "attention_heads": 8,
2025-12-12 14:30:05,826 MambaPro INFO:   "attention_dropout": 0.1
2025-12-12 14:30:05,826 MambaPro INFO: }
2025-12-12 14:30:05,826 MambaPro INFO: 【工作目录】/home/zubuntu/workspace/yzy/MambaPro
2025-12-12 14:30:05,826 MambaPro INFO: 【最终配置（YAML）】
2025-12-12 14:30:05,829 MambaPro INFO: DATALOADER:
2025-12-12 14:30:05,829 MambaPro INFO:   NUM_INSTANCE: 8
2025-12-12 14:30:05,829 MambaPro INFO:   NUM_WORKERS: 8
2025-12-12 14:30:05,829 MambaPro INFO:   SAMPLER: softmax_triplet
2025-12-12 14:30:05,829 MambaPro INFO: DATASETS:
2025-12-12 14:30:05,829 MambaPro INFO:   NAMES: RGBNT201
2025-12-12 14:30:05,829 MambaPro INFO:   ROOT_DIR: /home/zubuntu/workspace/yzy/MambaPro/data/
2025-12-12 14:30:05,829 MambaPro INFO: INPUT:
2025-12-12 14:30:05,829 MambaPro INFO:   PADDING: 10
2025-12-12 14:30:05,829 MambaPro INFO:   PIXEL_MEAN:
2025-12-12 14:30:05,829 MambaPro INFO:   - 0.5
2025-12-12 14:30:05,829 MambaPro INFO:   - 0.5
2025-12-12 14:30:05,829 MambaPro INFO:   - 0.5
2025-12-12 14:30:05,829 MambaPro INFO:   PIXEL_STD:
2025-12-12 14:30:05,829 MambaPro INFO:   - 0.5
2025-12-12 14:30:05,829 MambaPro INFO:   - 0.5
2025-12-12 14:30:05,829 MambaPro INFO:   - 0.5
2025-12-12 14:30:05,829 MambaPro INFO:   PROB: 0.5
2025-12-12 14:30:05,829 MambaPro INFO:   RE_PROB: 0.5
2025-12-12 14:30:05,829 MambaPro INFO:   SIZE_TEST:
2025-12-12 14:30:05,829 MambaPro INFO:   - 256
2025-12-12 14:30:05,829 MambaPro INFO:   - 128
2025-12-12 14:30:05,829 MambaPro INFO:   SIZE_TRAIN:
2025-12-12 14:30:05,829 MambaPro INFO:   - 256
2025-12-12 14:30:05,829 MambaPro INFO:   - 128
2025-12-12 14:30:05,829 MambaPro INFO: MODEL:
2025-12-12 14:30:05,829 MambaPro INFO:   ADAPTER: true
2025-12-12 14:30:05,829 MambaPro INFO:   ATTENTION_DIM: 512
2025-12-12 14:30:05,829 MambaPro INFO:   ATTENTION_DROPOUT: 0.1
2025-12-12 14:30:05,829 MambaPro INFO:   ATTENTION_NUM_HEADS: 8
2025-12-12 14:30:05,829 MambaPro INFO:   ATT_DROP_RATE: 0.0
2025-12-12 14:30:05,829 MambaPro INFO:   CLIP_MULTI_SCALE_SCALES:
2025-12-12 14:30:05,829 MambaPro INFO:   - 4
2025-12-12 14:30:05,829 MambaPro INFO:   - 8
2025-12-12 14:30:05,829 MambaPro INFO:   - 16
2025-12-12 14:30:05,829 MambaPro INFO:   DEVICE: cuda
2025-12-12 14:30:05,829 MambaPro INFO:   DEVICE_ID: '0'
2025-12-12 14:30:05,829 MambaPro INFO:   DIRECT: 1
2025-12-12 14:30:05,829 MambaPro INFO:   DIST_TRAIN: false
2025-12-12 14:30:05,829 MambaPro INFO:   DROP_OUT: 0.0
2025-12-12 14:30:05,829 MambaPro INFO:   DROP_PATH: 0.1
2025-12-12 14:30:05,829 MambaPro INFO:   FLOPS_TEST: false
2025-12-12 14:30:05,829 MambaPro INFO:   FROZEN: true
2025-12-12 14:30:05,829 MambaPro INFO:   GATE_DROPOUT: 0.1
2025-12-12 14:30:05,829 MambaPro INFO:   ID_LOSS_TYPE: softmax
2025-12-12 14:30:05,829 MambaPro INFO:   ID_LOSS_WEIGHT: 0.25
2025-12-12 14:30:05,829 MambaPro INFO:   IF_LABELSMOOTH: 'on'
2025-12-12 14:30:05,829 MambaPro INFO:   IF_WITH_CENTER: 'no'
2025-12-12 14:30:05,829 MambaPro INFO:   LAYER: -1
2025-12-12 14:30:05,829 MambaPro INFO:   MAMBA: true
2025-12-12 14:30:05,829 MambaPro INFO:   MAMBA_BI: false
2025-12-12 14:30:05,829 MambaPro INFO:   METRIC_LOSS_TYPE: triplet
2025-12-12 14:30:05,829 MambaPro INFO:   MOE_BALANCE_LOSS_WEIGHT: 0.01
2025-12-12 14:30:05,829 MambaPro INFO:   MOE_DIVERSITY_LOSS_WEIGHT: 0.01
2025-12-12 14:30:05,829 MambaPro INFO:   MOE_EXPERT_DROPOUT: 0.1
2025-12-12 14:30:05,829 MambaPro INFO:   MOE_EXPERT_HIDDEN_DIM: 1024
2025-12-12 14:30:05,829 MambaPro INFO:   MOE_EXPERT_LAYERS: 2
2025-12-12 14:30:05,829 MambaPro INFO:   MOE_EXPERT_THRESHOLD: 0.1
2025-12-12 14:30:05,829 MambaPro INFO:   MOE_FIXED_WEIGHTS:
2025-12-12 14:30:05,829 MambaPro INFO:   - 0.33
2025-12-12 14:30:05,829 MambaPro INFO:   - 0.33
2025-12-12 14:30:05,829 MambaPro INFO:   - 0.34
2025-12-12 14:30:05,829 MambaPro INFO:   MOE_GATE_DROPOUT: 0.1
2025-12-12 14:30:05,830 MambaPro INFO:   MOE_GATE_LAYERS: 2
2025-12-12 14:30:05,830 MambaPro INFO:   MOE_INIT_WEIGHTS: null
2025-12-12 14:30:05,830 MambaPro INFO:   MOE_NUM_EXPERTS: 3
2025-12-12 14:30:05,830 MambaPro INFO:   MOE_RESIDUAL_WEIGHT: 1.0
2025-12-12 14:30:05,830 MambaPro INFO:   MOE_SCALES:
2025-12-12 14:30:05,830 MambaPro INFO:   - 4
2025-12-12 14:30:05,830 MambaPro INFO:   - 8
2025-12-12 14:30:05,830 MambaPro INFO:   - 16
2025-12-12 14:30:05,830 MambaPro INFO:   MOE_SPARSITY_LOSS_WEIGHT: 0.001
2025-12-12 14:30:05,830 MambaPro INFO:   MOE_TEMPERATURE: 0.7
2025-12-12 14:30:05,830 MambaPro INFO:   MOE_TOP_K: 2
2025-12-12 14:30:05,830 MambaPro INFO:   MOE_TOP_K_MODE: soft
2025-12-12 14:30:05,830 MambaPro INFO:   MOE_USE_FIXED_WEIGHTS: false
2025-12-12 14:30:05,830 MambaPro INFO:   MOE_USE_TOP_K_ROUTING: false
2025-12-12 14:30:05,830 MambaPro INFO:   MULTI_SCALE_SCALES:
2025-12-12 14:30:05,830 MambaPro INFO:   - 4
2025-12-12 14:30:05,830 MambaPro INFO:   - 8
2025-12-12 14:30:05,830 MambaPro INFO:   - 16
2025-12-12 14:30:05,830 MambaPro INFO:   NAME: MambaPro
2025-12-12 14:30:05,830 MambaPro INFO:   NECK: bnneck
2025-12-12 14:30:05,830 MambaPro INFO:   NO_MARGIN: true
2025-12-12 14:30:05,830 MambaPro INFO:   PREFIX_NUM: 1
2025-12-12 14:30:05,830 MambaPro INFO:   PRETRAIN_PATH_T: /home/zubuntu/workspace/yzy/MambaPro/pths/ViT-B-16.pt
2025-12-12 14:30:05,830 MambaPro INFO:   PROMPT: true
2025-12-12 14:30:05,830 MambaPro INFO:   SIE_CAMERA: true
2025-12-12 14:30:05,830 MambaPro INFO:   SIE_COE: 1.0
2025-12-12 14:30:05,830 MambaPro INFO:   SIE_VIEW: false
2025-12-12 14:30:05,830 MambaPro INFO:   STRIDE_SIZE:
2025-12-12 14:30:05,830 MambaPro INFO:   - 16
2025-12-12 14:30:05,830 MambaPro INFO:   - 16
2025-12-12 14:30:05,830 MambaPro INFO:   TRANSFORMER_TYPE: ViT-B-16
2025-12-12 14:30:05,830 MambaPro INFO:   TRIPLET_LOSS_WEIGHT: 1.0
2025-12-12 14:30:05,830 MambaPro INFO:   USE_ATTENTION_FUSION: false
2025-12-12 14:30:05,830 MambaPro INFO:   USE_CLIP_MULTI_SCALE: true
2025-12-12 14:30:05,830 MambaPro INFO:   USE_GATE_FUSION: false
2025-12-12 14:30:05,830 MambaPro INFO:   USE_MULTI_SCALE: false
2025-12-12 14:30:05,830 MambaPro INFO:   USE_MULTI_SCALE_MOE: true
2025-12-12 14:30:05,830 MambaPro INFO: OUTPUT_DIR: ./outputs/replay_best_tml/run_20251212_143005
2025-12-12 14:30:05,830 MambaPro INFO: SOLVER:
2025-12-12 14:30:05,830 MambaPro INFO:   BASE_LR: 0.0005
2025-12-12 14:30:05,830 MambaPro INFO:   BIAS_LR_FACTOR: 2
2025-12-12 14:30:05,830 MambaPro INFO:   CENTER_LOSS_WEIGHT: 0.0005
2025-12-12 14:30:05,830 MambaPro INFO:   CENTER_LR: 0.5
2025-12-12 14:30:05,830 MambaPro INFO:   CHECKPOINT_PERIOD: 10
2025-12-12 14:30:05,830 MambaPro INFO:   CLUSTER_MARGIN: 0.3
2025-12-12 14:30:05,830 MambaPro INFO:   COSINE_MARGIN: 0.5
2025-12-12 14:30:05,830 MambaPro INFO:   COSINE_SCALE: 30
2025-12-12 14:30:05,830 MambaPro INFO:   EVAL_PERIOD: 5
2025-12-12 14:30:05,830 MambaPro INFO:   GAMMA: 0.1
2025-12-12 14:30:05,830 MambaPro INFO:   IMS_PER_BATCH: 32
2025-12-12 14:30:05,830 MambaPro INFO:   LARGE_FC_LR: false
2025-12-12 14:30:05,830 MambaPro INFO:   LOG_PERIOD: 10
2025-12-12 14:30:05,830 MambaPro INFO:   MARGIN: 0.3
2025-12-12 14:30:05,830 MambaPro INFO:   MAX_EPOCHS: 60
2025-12-12 14:30:05,830 MambaPro INFO:   MOE_BALANCE_LOSS_WEIGHT: 0.001
2025-12-12 14:30:05,830 MambaPro INFO:   MOE_BALANCE_LOSS_WEIGHT_END: 0.1
2025-12-12 14:30:05,830 MambaPro INFO:   MOE_BALANCE_LOSS_WEIGHT_START: 0.001
2025-12-12 14:30:05,830 MambaPro INFO:   MOE_BALANCE_THRESHOLD: 0.3
2025-12-12 14:30:05,830 MambaPro INFO:   MOE_DIVERSITY_LOSS_WEIGHT: 0.001
2025-12-12 14:30:05,830 MambaPro INFO:   MOE_DIVERSITY_LOSS_WEIGHT_END: 0.1
2025-12-12 14:30:05,830 MambaPro INFO:   MOE_DIVERSITY_LOSS_WEIGHT_START: 0.001
2025-12-12 14:30:05,830 MambaPro INFO:   MOE_GATE_LR_FACTOR: 0.01
2025-12-12 14:30:05,830 MambaPro INFO:   MOE_LOSS_WEIGHT_SCHEDULE_TYPE: cosine
2025-12-12 14:30:05,830 MambaPro INFO:   MOE_LOSS_WEIGHT_WARMUP_EPOCHS: 5
2025-12-12 14:30:05,830 MambaPro INFO:   MOE_SPARSITY_LOSS_WEIGHT: 0.0001
2025-12-12 14:30:05,830 MambaPro INFO:   MOE_USE_DYNAMIC_LOSS_WEIGHT: false
2025-12-12 14:30:05,830 MambaPro INFO:   MOMENTUM: 0.9
2025-12-12 14:30:05,830 MambaPro INFO:   OPTIMIZER_NAME: Adam
2025-12-12 14:30:05,830 MambaPro INFO:   RANGE_ALPHA: 0
2025-12-12 14:30:05,830 MambaPro INFO:   RANGE_BETA: 1
2025-12-12 14:30:05,830 MambaPro INFO:   RANGE_K: 2
2025-12-12 14:30:05,830 MambaPro INFO:   RANGE_LOSS_WEIGHT: 1
2025-12-12 14:30:05,830 MambaPro INFO:   RANGE_MARGIN: 0.3
2025-12-12 14:30:05,830 MambaPro INFO:   SEED: 42
2025-12-12 14:30:05,830 MambaPro INFO:   STEPS:
2025-12-12 14:30:05,830 MambaPro INFO:   - 30
2025-12-12 14:30:05,830 MambaPro INFO:   - 50
2025-12-12 14:30:05,830 MambaPro INFO:   WARMUP_FACTOR: 0.01
2025-12-12 14:30:05,830 MambaPro INFO:   WARMUP_ITERS: 20
2025-12-12 14:30:05,830 MambaPro INFO:   WARMUP_METHOD: linear
2025-12-12 14:30:05,830 MambaPro INFO:   WEIGHT_DECAY: 0.0005
2025-12-12 14:30:05,830 MambaPro INFO:   WEIGHT_DECAY_BIAS: 0.0005
2025-12-12 14:30:05,831 MambaPro INFO: TEST:
2025-12-12 14:30:05,831 MambaPro INFO:   FEAT: 0
2025-12-12 14:30:05,831 MambaPro INFO:   FEAT_NORM: 'yes'
2025-12-12 14:30:05,831 MambaPro INFO:   IMS_PER_BATCH: 64
2025-12-12 14:30:05,831 MambaPro INFO:   MISS: nothing
2025-12-12 14:30:05,831 MambaPro INFO:   NECK_FEAT: after
2025-12-12 14:30:05,831 MambaPro INFO:   RE_RANKING: 'no'
2025-12-12 14:30:05,831 MambaPro INFO:   WEIGHT: /home/zubuntu/workspace/yzy/MambaPro/pths/MambaProbest.pth
2025-12-12 14:30:05,831 MambaPro INFO: ================================================================================
2025-12-12 14:30:08,066 MambaPro.train INFO: start training
2025-12-12 14:30:28,496 MambaPro.train INFO: Epoch 1 done. Time per batch: 0.191[s] Speed: 167.7[samples/s]
2025-12-12 14:30:48,483 MambaPro.train INFO: Epoch 2 done. Time per batch: 0.187[s] Speed: 171.3[samples/s]
2025-12-12 14:31:08,557 MambaPro.train INFO: Epoch 3 done. Time per batch: 0.188[s] Speed: 170.6[samples/s]
2025-12-12 14:31:28,553 MambaPro.train INFO: Epoch 4 done. Time per batch: 0.187[s] Speed: 171.2[samples/s]
2025-12-12 14:31:48,596 MambaPro.train INFO: Epoch 5 done. Time per batch: 0.187[s] Speed: 170.8[samples/s]
2025-12-12 14:31:56,229 MambaPro.train INFO: Validation Results - Epoch: 5
2025-12-12 14:31:56,229 MambaPro.train INFO: Current mAP: 56.3%
2025-12-12 14:31:56,229 MambaPro.train INFO: CMC curve, Rank-1  :61.5%
2025-12-12 14:31:56,229 MambaPro.train INFO: CMC curve, Rank-5  :70.2%
2025-12-12 14:31:56,229 MambaPro.train INFO: CMC curve, Rank-10 :77.6%
2025-12-12 14:31:56,230 MambaPro.train INFO: 🎯 New Best! Saving model...
2025-12-12 14:31:56,637 MambaPro.train INFO: [Epoch 5] 指标集合列表（历史）
2025-12-12 14:31:56,637 MambaPro.train INFO: history_mAP:{56.3}
2025-12-12 14:31:56,637 MambaPro.train INFO: best_mAP:{56.3}
2025-12-12 14:31:56,637 MambaPro.train INFO: history_Rank-1:{61.5}
2025-12-12 14:31:56,637 MambaPro.train INFO: best_Rank-1:{61.5}
2025-12-12 14:31:56,637 MambaPro.train INFO: history_Rank-5:{70.2}
2025-12-12 14:31:56,637 MambaPro.train INFO: best_Rank-5:{70.2}
2025-12-12 14:31:56,637 MambaPro.train INFO: history_Rank-10:{77.6}
2025-12-12 14:31:56,637 MambaPro.train INFO: best_Rank-10:{77.6}
2025-12-12 14:31:56,637 MambaPro.train INFO: history_Experts:{[0.35 , 0.34 , 0.31]}
2025-12-12 14:31:56,637 MambaPro.train INFO: best_Experts:{[0.35 , 0.34 , 0.31]}
2025-12-12 14:31:56,637 MambaPro.train INFO: 🔥 MoE损失(Val): 平衡=0.0000, 稀疏性=0.9988, 多样性=2.6568, 总=0.0028 (权重: 平衡=0.001, 稀疏性=0.000, 多样性=0.001)
2025-12-12 14:31:56,637 MambaPro.train INFO:    📊 专家权重分布(Val): [0.35 , 0.34 , 0.31]
2025-12-12 14:32:16,795 MambaPro.train INFO: Epoch 6 done. Time per batch: 0.187[s] Speed: 171.0[samples/s]
2025-12-12 14:32:36,891 MambaPro.train INFO: Epoch 7 done. Time per batch: 0.188[s] Speed: 170.4[samples/s]
2025-12-12 14:32:56,904 MambaPro.train INFO: Epoch 8 done. Time per batch: 0.187[s] Speed: 171.1[samples/s]
2025-12-12 14:33:17,023 MambaPro.train INFO: Epoch 9 done. Time per batch: 0.188[s] Speed: 170.2[samples/s]
2025-12-12 14:33:37,099 MambaPro.train INFO: Epoch 10 done. Time per batch: 0.188[s] Speed: 170.6[samples/s]
2025-12-12 14:33:45,089 MambaPro.train INFO: Validation Results - Epoch: 10
2025-12-12 14:33:45,089 MambaPro.train INFO: Current mAP: 42.2%
2025-12-12 14:33:45,089 MambaPro.train INFO: CMC curve, Rank-1  :46.5%
2025-12-12 14:33:45,089 MambaPro.train INFO: CMC curve, Rank-5  :61.1%
2025-12-12 14:33:45,089 MambaPro.train INFO: CMC curve, Rank-10 :69.0%
2025-12-12 14:33:45,090 MambaPro.train INFO: [Epoch 10] 指标集合列表（历史）
2025-12-12 14:33:45,090 MambaPro.train INFO: history_mAP:{56.3 , 42.2}
2025-12-12 14:33:45,090 MambaPro.train INFO: best_mAP:{56.3}
2025-12-12 14:33:45,090 MambaPro.train INFO: history_Rank-1:{61.5 , 46.5}
2025-12-12 14:33:45,090 MambaPro.train INFO: best_Rank-1:{61.5}
2025-12-12 14:33:45,090 MambaPro.train INFO: history_Rank-5:{70.2 , 61.1}
2025-12-12 14:33:45,090 MambaPro.train INFO: best_Rank-5:{70.2}
2025-12-12 14:33:45,090 MambaPro.train INFO: history_Rank-10:{77.6 , 69.0}
2025-12-12 14:33:45,090 MambaPro.train INFO: best_Rank-10:{77.6}
2025-12-12 14:33:45,090 MambaPro.train INFO: history_Experts:{[0.35 , 0.34 , 0.31] , [0.37 , 0.34 , 0.29]}
2025-12-12 14:33:45,090 MambaPro.train INFO: best_Experts:{[0.35 , 0.34 , 0.31]}
2025-12-12 14:33:45,090 MambaPro.train INFO: 🔥 MoE损失(Val): 平衡=0.0000, 稀疏性=0.9960, 多样性=2.6352, 总=0.0027 (权重: 平衡=0.001, 稀疏性=0.000, 多样性=0.001)
2025-12-12 14:33:45,090 MambaPro.train INFO:    📊 专家权重分布(Val): [0.37 , 0.34 , 0.29]
2025-12-12 14:34:05,126 MambaPro.train INFO: Epoch 11 done. Time per batch: 0.188[s] Speed: 170.4[samples/s]
2025-12-12 14:34:25,326 MambaPro.train INFO: Epoch 12 done. Time per batch: 0.189[s] Speed: 169.5[samples/s]
2025-12-12 14:34:45,369 MambaPro.train INFO: Epoch 13 done. Time per batch: 0.187[s] Speed: 170.8[samples/s]
2025-12-12 14:35:05,433 MambaPro.train INFO: Epoch 14 done. Time per batch: 0.188[s] Speed: 170.7[samples/s]
2025-12-12 14:35:25,544 MambaPro.train INFO: Epoch 15 done. Time per batch: 0.188[s] Speed: 170.3[samples/s]
2025-12-12 14:35:33,132 MambaPro.train INFO: Validation Results - Epoch: 15
2025-12-12 14:35:33,132 MambaPro.train INFO: Current mAP: 64.2%
2025-12-12 14:35:33,132 MambaPro.train INFO: CMC curve, Rank-1  :66.1%
2025-12-12 14:35:33,132 MambaPro.train INFO: CMC curve, Rank-5  :81.2%
2025-12-12 14:35:33,132 MambaPro.train INFO: CMC curve, Rank-10 :88.0%
2025-12-12 14:35:33,133 MambaPro.train INFO: 🎯 New Best! Saving model...
2025-12-12 14:35:33,832 MambaPro.train INFO: [Epoch 15] 指标集合列表（历史）
2025-12-12 14:35:33,832 MambaPro.train INFO: history_mAP:{56.3 , 42.2 , 64.2}
2025-12-12 14:35:33,832 MambaPro.train INFO: best_mAP:{64.2}
2025-12-12 14:35:33,832 MambaPro.train INFO: history_Rank-1:{61.5 , 46.5 , 66.1}
2025-12-12 14:35:33,832 MambaPro.train INFO: best_Rank-1:{66.1}
2025-12-12 14:35:33,832 MambaPro.train INFO: history_Rank-5:{70.2 , 61.1 , 81.2}
2025-12-12 14:35:33,832 MambaPro.train INFO: best_Rank-5:{81.2}
2025-12-12 14:35:33,832 MambaPro.train INFO: history_Rank-10:{77.6 , 69.0 , 88.0}
2025-12-12 14:35:33,832 MambaPro.train INFO: best_Rank-10:{88.0}
2025-12-12 14:35:33,832 MambaPro.train INFO: history_Experts:{[0.35 , 0.34 , 0.31] , [0.37 , 0.34 , 0.29] , [0.40 , 0.34 , 0.26]}
2025-12-12 14:35:33,832 MambaPro.train INFO: best_Experts:{[0.40 , 0.34 , 0.26]}
2025-12-12 14:35:33,832 MambaPro.train INFO: 🔥 MoE损失(Val): 平衡=0.0000, 稀疏性=0.9863, 多样性=2.5601, 总=0.0027 (权重: 平衡=0.001, 稀疏性=0.000, 多样性=0.001)
2025-12-12 14:35:33,832 MambaPro.train INFO:    📊 专家权重分布(Val): [0.40 , 0.34 , 0.26]
2025-12-12 14:35:54,070 MambaPro.train INFO: Epoch 16 done. Time per batch: 0.188[s] Speed: 170.3[samples/s]
2025-12-12 14:36:14,195 MambaPro.train INFO: Epoch 17 done. Time per batch: 0.188[s] Speed: 170.1[samples/s]
2025-12-12 14:36:34,145 MambaPro.train INFO: Epoch 18 done. Time per batch: 0.188[s] Speed: 170.0[samples/s]
2025-12-12 14:36:54,229 MambaPro.train INFO: Epoch 19 done. Time per batch: 0.188[s] Speed: 170.5[samples/s]
2025-12-12 14:37:14,322 MambaPro.train INFO: Epoch 20 done. Time per batch: 0.188[s] Speed: 170.4[samples/s]
2025-12-12 14:37:22,312 MambaPro.train INFO: Validation Results - Epoch: 20
2025-12-12 14:37:22,313 MambaPro.train INFO: Current mAP: 65.7%
2025-12-12 14:37:22,313 MambaPro.train INFO: CMC curve, Rank-1  :69.9%
2025-12-12 14:37:22,313 MambaPro.train INFO: CMC curve, Rank-5  :81.1%
2025-12-12 14:37:22,313 MambaPro.train INFO: CMC curve, Rank-10 :86.2%
2025-12-12 14:37:22,314 MambaPro.train INFO: 🎯 New Best! Saving model...
2025-12-12 14:37:22,908 MambaPro.train INFO: [Epoch 20] 指标集合列表（历史）
2025-12-12 14:37:22,909 MambaPro.train INFO: history_mAP:{56.3 , 42.2 , 64.2 , 65.7}
2025-12-12 14:37:22,909 MambaPro.train INFO: best_mAP:{65.7}
2025-12-12 14:37:22,909 MambaPro.train INFO: history_Rank-1:{61.5 , 46.5 , 66.1 , 69.9}
2025-12-12 14:37:22,909 MambaPro.train INFO: best_Rank-1:{69.9}
2025-12-12 14:37:22,909 MambaPro.train INFO: history_Rank-5:{70.2 , 61.1 , 81.2 , 81.1}
2025-12-12 14:37:22,909 MambaPro.train INFO: best_Rank-5:{81.2}
2025-12-12 14:37:22,909 MambaPro.train INFO: history_Rank-10:{77.6 , 69.0 , 88.0 , 86.2}
2025-12-12 14:37:22,909 MambaPro.train INFO: best_Rank-10:{88.0}
2025-12-12 14:37:22,909 MambaPro.train INFO: history_Experts:{[0.35 , 0.34 , 0.31] , [0.37 , 0.34 , 0.29] , [0.40 , 0.34 , 0.26] , [0.64 , 0.22 , 0.14]}
2025-12-12 14:37:22,909 MambaPro.train INFO: best_Experts:{[0.64 , 0.22 , 0.14]}
2025-12-12 14:37:22,909 MambaPro.train INFO: 🔥 MoE损失(Val): 平衡=0.1581, 稀疏性=0.7801, 多样性=1.4451, 总=0.0017 (权重: 平衡=0.001, 稀疏性=0.000, 多样性=0.001)
2025-12-12 14:37:22,909 MambaPro.train INFO:    📊 专家权重分布(Val): [0.64 , 0.22 , 0.14]
2025-12-12 14:37:43,006 MambaPro.train INFO: Epoch 21 done. Time per batch: 0.188[s] Speed: 170.0[samples/s]
2025-12-12 14:38:03,073 MambaPro.train INFO: Epoch 22 done. Time per batch: 0.188[s] Speed: 170.6[samples/s]
2025-12-12 14:38:23,181 MambaPro.train INFO: Epoch 23 done. Time per batch: 0.188[s] Speed: 170.3[samples/s]
2025-12-12 14:38:43,296 MambaPro.train INFO: Epoch 24 done. Time per batch: 0.188[s] Speed: 170.2[samples/s]
2025-12-12 14:39:03,186 MambaPro.train INFO: Epoch 25 done. Time per batch: 0.188[s] Speed: 170.5[samples/s]
2025-12-12 14:39:10,774 MambaPro.train INFO: Validation Results - Epoch: 25
2025-12-12 14:39:10,774 MambaPro.train INFO: Current mAP: 77.4%
2025-12-12 14:39:10,774 MambaPro.train INFO: CMC curve, Rank-1  :79.8%
2025-12-12 14:39:10,774 MambaPro.train INFO: CMC curve, Rank-5  :87.7%
2025-12-12 14:39:10,774 MambaPro.train INFO: CMC curve, Rank-10 :91.0%
2025-12-12 14:39:10,775 MambaPro.train INFO: 🎯 New Best! Saving model...
2025-12-12 14:39:11,448 MambaPro.train INFO: [Epoch 25] 指标集合列表（历史）
2025-12-12 14:39:11,448 MambaPro.train INFO: history_mAP:{56.3 , 42.2 , 64.2 , 65.7 , 77.4}
2025-12-12 14:39:11,448 MambaPro.train INFO: best_mAP:{77.4}
2025-12-12 14:39:11,449 MambaPro.train INFO: history_Rank-1:{61.5 , 46.5 , 66.1 , 69.9 , 79.8}
2025-12-12 14:39:11,449 MambaPro.train INFO: best_Rank-1:{79.8}
2025-12-12 14:39:11,449 MambaPro.train INFO: history_Rank-5:{70.2 , 61.1 , 81.2 , 81.1 , 87.7}
2025-12-12 14:39:11,449 MambaPro.train INFO: best_Rank-5:{87.7}
2025-12-12 14:39:11,449 MambaPro.train INFO: history_Rank-10:{77.6 , 69.0 , 88.0 , 86.2 , 91.0}
2025-12-12 14:39:11,449 MambaPro.train INFO: best_Rank-10:{91.0}
2025-12-12 14:39:11,449 MambaPro.train INFO: history_Experts:{[0.35 , 0.34 , 0.31] , [0.37 , 0.34 , 0.29] , [0.40 , 0.34 , 0.26] , [0.64 , 0.22 , 0.14] , [0.83 , 0.10 , 0.07]}
2025-12-12 14:39:11,449 MambaPro.train INFO: best_Experts:{[0.83 , 0.10 , 0.07]}
2025-12-12 14:39:11,449 MambaPro.train INFO: 🔥 MoE损失(Val): 平衡=0.5897, 稀疏性=0.4550, 多样性=0.5805, 总=0.0012 (权重: 平衡=0.001, 稀疏性=0.000, 多样性=0.001)
2025-12-12 14:39:11,449 MambaPro.train INFO:    📊 专家权重分布(Val): [0.83 , 0.10 , 0.07]
2025-12-12 14:39:31,806 MambaPro.train INFO: Epoch 26 done. Time per batch: 0.189[s] Speed: 169.4[samples/s]
2025-12-12 14:39:51,896 MambaPro.train INFO: Epoch 27 done. Time per batch: 0.188[s] Speed: 170.4[samples/s]
2025-12-12 14:40:12,010 MambaPro.train INFO: Epoch 28 done. Time per batch: 0.188[s] Speed: 170.2[samples/s]
2025-12-12 14:40:32,085 MambaPro.train INFO: Epoch 29 done. Time per batch: 0.188[s] Speed: 170.6[samples/s]
2025-12-12 14:40:52,400 MambaPro.train INFO: Epoch 30 done. Time per batch: 0.190[s] Speed: 168.5[samples/s]
2025-12-12 14:41:00,451 MambaPro.train INFO: Validation Results - Epoch: 30
2025-12-12 14:41:00,451 MambaPro.train INFO: Current mAP: 77.0%
2025-12-12 14:41:00,451 MambaPro.train INFO: CMC curve, Rank-1  :79.8%
2025-12-12 14:41:00,451 MambaPro.train INFO: CMC curve, Rank-5  :89.4%
2025-12-12 14:41:00,451 MambaPro.train INFO: CMC curve, Rank-10 :93.3%
2025-12-12 14:41:00,452 MambaPro.train INFO: [Epoch 30] 指标集合列表（历史）
2025-12-12 14:41:00,452 MambaPro.train INFO: history_mAP:{56.3 , 42.2 , 64.2 , 65.7 , 77.4 , 77.0}
2025-12-12 14:41:00,452 MambaPro.train INFO: best_mAP:{77.4}
2025-12-12 14:41:00,452 MambaPro.train INFO: history_Rank-1:{61.5 , 46.5 , 66.1 , 69.9 , 79.8}
2025-12-12 14:41:00,452 MambaPro.train INFO: best_Rank-1:{79.8}
2025-12-12 14:41:00,452 MambaPro.train INFO: history_Rank-5:{70.2 , 61.1 , 81.2 , 81.1 , 87.7 , 89.4}
2025-12-12 14:41:00,452 MambaPro.train INFO: best_Rank-5:{87.7}
2025-12-12 14:41:00,452 MambaPro.train INFO: history_Rank-10:{77.6 , 69.0 , 88.0 , 86.2 , 91.0 , 93.3}
2025-12-12 14:41:00,452 MambaPro.train INFO: best_Rank-10:{91.0}
2025-12-12 14:41:00,452 MambaPro.train INFO: history_Experts:{[0.35 , 0.34 , 0.31] , [0.37 , 0.34 , 0.29] , [0.40 , 0.34 , 0.26] , [0.64 , 0.22 , 0.14] , [0.83 , 0.10 , 0.07] , [0.88 , 0.07 , 0.05]}
2025-12-12 14:41:00,452 MambaPro.train INFO: best_Experts:{[0.83 , 0.10 , 0.07]}
2025-12-12 14:41:00,452 MambaPro.train INFO: 🔥 MoE损失(Val): 平衡=0.7835, 稀疏性=0.3245, 多样性=0.3681, 总=0.0012 (权重: 平衡=0.001, 稀疏性=0.000, 多样性=0.001)
2025-12-12 14:41:00,452 MambaPro.train INFO:    📊 专家权重分布(Val): [0.88 , 0.07 , 0.05]
2025-12-12 14:41:20,812 MambaPro.train INFO: Epoch 31 done. Time per batch: 0.189[s] Speed: 169.3[samples/s]
2025-12-12 14:41:40,707 MambaPro.train INFO: Epoch 32 done. Time per batch: 0.188[s] Speed: 170.5[samples/s]
2025-12-12 14:42:00,805 MambaPro.train INFO: Epoch 33 done. Time per batch: 0.188[s] Speed: 170.4[samples/s]
2025-12-12 14:42:20,719 MambaPro.train INFO: Epoch 34 done. Time per batch: 0.188[s] Speed: 170.3[samples/s]
2025-12-12 14:42:40,854 MambaPro.train INFO: Epoch 35 done. Time per batch: 0.188[s] Speed: 170.1[samples/s]
2025-12-12 14:42:48,427 MambaPro.train INFO: Validation Results - Epoch: 35
2025-12-12 14:42:48,427 MambaPro.train INFO: Current mAP: 77.9%
2025-12-12 14:42:48,427 MambaPro.train INFO: CMC curve, Rank-1  :80.9%
2025-12-12 14:42:48,427 MambaPro.train INFO: CMC curve, Rank-5  :87.3%
2025-12-12 14:42:48,427 MambaPro.train INFO: CMC curve, Rank-10 :90.9%
2025-12-12 14:42:48,428 MambaPro.train INFO: 🎯 New Best! Saving model...
2025-12-12 14:42:49,047 MambaPro.train INFO: [Epoch 35] 指标集合列表（历史）
2025-12-12 14:42:49,047 MambaPro.train INFO: history_mAP:{56.3 , 42.2 , 64.2 , 65.7 , 77.4 , 77.0 , 77.9}
2025-12-12 14:42:49,047 MambaPro.train INFO: best_mAP:{77.9}
2025-12-12 14:42:49,047 MambaPro.train INFO: history_Rank-1:{61.5 , 46.5 , 66.1 , 69.9 , 79.8 , 80.9}
2025-12-12 14:42:49,047 MambaPro.train INFO: best_Rank-1:{80.9}
2025-12-12 14:42:49,047 MambaPro.train INFO: history_Rank-5:{70.2 , 61.1 , 81.2 , 81.1 , 87.7 , 89.4 , 87.3}
2025-12-12 14:42:49,047 MambaPro.train INFO: best_Rank-5:{87.7}
2025-12-12 14:42:49,047 MambaPro.train INFO: history_Rank-10:{77.6 , 69.0 , 88.0 , 86.2 , 91.0 , 93.3 , 90.9}
2025-12-12 14:42:49,047 MambaPro.train INFO: best_Rank-10:{91.0}
2025-12-12 14:42:49,047 MambaPro.train INFO: history_Experts:{[0.35 , 0.34 , 0.31] , [0.37 , 0.34 , 0.29] , [0.40 , 0.34 , 0.26] , [0.64 , 0.22 , 0.14] , [0.83 , 0.10 , 0.07] , [0.88 , 0.07 , 0.05] , [0.91 , 0.05 , 0.04]}
2025-12-12 14:42:49,047 MambaPro.train INFO: best_Experts:{[0.91 , 0.05 , 0.04]}
2025-12-12 14:42:49,047 MambaPro.train INFO: 🔥 MoE损失(Val): 平衡=0.8996, 稀疏性=0.2484, 多样性=0.2647, 总=0.0012 (权重: 平衡=0.001, 稀疏性=0.000, 多样性=0.001)
2025-12-12 14:42:49,047 MambaPro.train INFO:    📊 专家权重分布(Val): [0.91 , 0.05 , 0.04]
2025-12-12 14:43:09,357 MambaPro.train INFO: Epoch 36 done. Time per batch: 0.189[s] Speed: 169.7[samples/s]
2025-12-12 14:43:29,509 MambaPro.train INFO: Epoch 37 done. Time per batch: 0.188[s] Speed: 169.9[samples/s]
2025-12-12 14:43:49,479 MambaPro.train INFO: Epoch 38 done. Time per batch: 0.188[s] Speed: 169.9[samples/s]
2025-12-12 14:44:09,637 MambaPro.train INFO: Epoch 39 done. Time per batch: 0.188[s] Speed: 169.9[samples/s]
2025-12-12 14:44:29,590 MambaPro.train INFO: Epoch 40 done. Time per batch: 0.188[s] Speed: 170.0[samples/s]
2025-12-12 14:44:37,650 MambaPro.train INFO: Validation Results - Epoch: 40
2025-12-12 14:44:37,650 MambaPro.train INFO: Current mAP: 75.9%
2025-12-12 14:44:37,650 MambaPro.train INFO: CMC curve, Rank-1  :79.3%
2025-12-12 14:44:37,650 MambaPro.train INFO: CMC curve, Rank-5  :86.6%
2025-12-12 14:44:37,650 MambaPro.train INFO: CMC curve, Rank-10 :90.6%
2025-12-12 14:44:37,651 MambaPro.train INFO: [Epoch 40] 指标集合列表（历史）
2025-12-12 14:44:37,651 MambaPro.train INFO: history_mAP:{56.3 , 42.2 , 64.2 , 65.7 , 77.4 , 77.0 , 77.9 , 75.9}
2025-12-12 14:44:37,651 MambaPro.train INFO: best_mAP:{77.9}
2025-12-12 14:44:37,651 MambaPro.train INFO: history_Rank-1:{61.5 , 46.5 , 66.1 , 69.9 , 79.8 , 80.9 , 79.3}
2025-12-12 14:44:37,651 MambaPro.train INFO: best_Rank-1:{80.9}
2025-12-12 14:44:37,651 MambaPro.train INFO: history_Rank-5:{70.2 , 61.1 , 81.2 , 81.1 , 87.7 , 89.4 , 87.3 , 86.6}
2025-12-12 14:44:37,651 MambaPro.train INFO: best_Rank-5:{87.7}
2025-12-12 14:44:37,651 MambaPro.train INFO: history_Rank-10:{77.6 , 69.0 , 88.0 , 86.2 , 91.0 , 93.3 , 90.9 , 90.6}
2025-12-12 14:44:37,651 MambaPro.train INFO: best_Rank-10:{91.0}
2025-12-12 14:44:37,651 MambaPro.train INFO: history_Experts:{[0.35 , 0.34 , 0.31] , [0.37 , 0.34 , 0.29] , [0.40 , 0.34 , 0.26] , [0.64 , 0.22 , 0.14] , [0.83 , 0.10 , 0.07] , [0.88 , 0.07 , 0.05] , [0.91 , 0.05 , 0.04] , [0.93 , 0.04 , 0.03]}
2025-12-12 14:44:37,651 MambaPro.train INFO: best_Experts:{[0.91 , 0.05 , 0.04]}
2025-12-12 14:44:37,651 MambaPro.train INFO: 🔥 MoE损失(Val): 平衡=0.9652, 稀疏性=0.2060, 多样性=0.2122, 总=0.0012 (权重: 平衡=0.001, 稀疏性=0.000, 多样性=0.001)
2025-12-12 14:44:37,651 MambaPro.train INFO:    📊 专家权重分布(Val): [0.93 , 0.04 , 0.03]
2025-12-12 14:45:00,102 MambaPro.train INFO: Epoch 41 done. Time per batch: 0.209[s] Speed: 153.5[samples/s]
2025-12-12 14:45:23,867 MambaPro.train INFO: Epoch 42 done. Time per batch: 0.222[s] Speed: 144.1[samples/s]
2025-12-12 14:45:45,993 MambaPro.train INFO: Epoch 43 done. Time per batch: 0.207[s] Speed: 154.8[samples/s]
2025-12-12 14:46:09,740 MambaPro.train INFO: Epoch 44 done. Time per batch: 0.222[s] Speed: 144.2[samples/s]
2025-12-12 14:46:32,873 MambaPro.train INFO: Epoch 45 done. Time per batch: 0.216[s] Speed: 148.0[samples/s]
2025-12-12 14:46:40,733 MambaPro.train INFO: Validation Results - Epoch: 45
2025-12-12 14:46:40,734 MambaPro.train INFO: Current mAP: 76.4%
2025-12-12 14:46:40,734 MambaPro.train INFO: CMC curve, Rank-1  :80.3%
2025-12-12 14:46:40,734 MambaPro.train INFO: CMC curve, Rank-5  :86.5%
2025-12-12 14:46:40,734 MambaPro.train INFO: CMC curve, Rank-10 :91.3%
2025-12-12 14:46:40,734 MambaPro.train INFO: [Epoch 45] 指标集合列表（历史）
2025-12-12 14:46:40,734 MambaPro.train INFO: history_mAP:{56.3 , 42.2 , 64.2 , 65.7 , 77.4 , 77.0 , 77.9 , 75.9 , 76.4}
2025-12-12 14:46:40,734 MambaPro.train INFO: best_mAP:{77.9}
2025-12-12 14:46:40,734 MambaPro.train INFO: history_Rank-1:{61.5 , 46.5 , 66.1 , 69.9 , 79.8 , 80.9 , 79.3 , 80.3}
2025-12-12 14:46:40,734 MambaPro.train INFO: best_Rank-1:{80.9}
2025-12-12 14:46:40,734 MambaPro.train INFO: history_Rank-5:{70.2 , 61.1 , 81.2 , 81.1 , 87.7 , 89.4 , 87.3 , 86.6 , 86.5}
2025-12-12 14:46:40,734 MambaPro.train INFO: best_Rank-5:{87.7}
2025-12-12 14:46:40,734 MambaPro.train INFO: history_Rank-10:{77.6 , 69.0 , 88.0 , 86.2 , 91.0 , 93.3 , 90.9 , 90.6 , 91.3}
2025-12-12 14:46:40,734 MambaPro.train INFO: best_Rank-10:{91.0}
2025-12-12 14:46:40,735 MambaPro.train INFO: history_Experts:{[0.35 , 0.34 , 0.31] , [0.37 , 0.34 , 0.29] , [0.40 , 0.34 , 0.26] , [0.64 , 0.22 , 0.14] , [0.83 , 0.10 , 0.07] , [0.88 , 0.07 , 0.05] , [0.91 , 0.05 , 0.04] , [0.93 , 0.04 , 0.03] , [0.94 , 0.03 , 0.03]}
2025-12-12 14:46:40,735 MambaPro.train INFO: best_Experts:{[0.91 , 0.05 , 0.04]}
2025-12-12 14:46:40,735 MambaPro.train INFO: 🔥 MoE损失(Val): 平衡=1.0065, 稀疏性=0.1794, 多样性=0.1811, 总=0.0012 (权重: 平衡=0.001, 稀疏性=0.000, 多样性=0.001)
2025-12-12 14:46:40,735 MambaPro.train INFO:    📊 专家权重分布(Val): [0.94 , 0.03 , 0.03]
2025-12-12 14:47:03,751 MambaPro.train INFO: Epoch 46 done. Time per batch: 0.214[s] Speed: 149.7[samples/s]
2025-12-12 14:47:26,474 MambaPro.train INFO: Epoch 47 done. Time per batch: 0.212[s] Speed: 150.7[samples/s]
2025-12-12 14:47:46,575 MambaPro.train INFO: Epoch 48 done. Time per batch: 0.190[s] Speed: 168.8[samples/s]
2025-12-12 14:48:08,266 MambaPro.train INFO: Epoch 49 done. Time per batch: 0.203[s] Speed: 157.9[samples/s]
2025-12-12 14:48:28,378 MambaPro.train INFO: Epoch 50 done. Time per batch: 0.188[s] Speed: 170.3[samples/s]
2025-12-12 14:48:36,297 MambaPro.train INFO: Validation Results - Epoch: 50
2025-12-12 14:48:36,297 MambaPro.train INFO: Current mAP: 76.2%
2025-12-12 14:48:36,297 MambaPro.train INFO: CMC curve, Rank-1  :80.1%
2025-12-12 14:48:36,297 MambaPro.train INFO: CMC curve, Rank-5  :86.8%
2025-12-12 14:48:36,297 MambaPro.train INFO: CMC curve, Rank-10 :90.9%
2025-12-12 14:48:36,298 MambaPro.train INFO: [Epoch 50] 指标集合列表（历史）
2025-12-12 14:48:36,298 MambaPro.train INFO: history_mAP:{56.3 , 42.2 , 64.2 , 65.7 , 77.4 , 77.0 , 77.9 , 75.9 , 76.4 , 76.2}
2025-12-12 14:48:36,298 MambaPro.train INFO: best_mAP:{77.9}
2025-12-12 14:48:36,298 MambaPro.train INFO: history_Rank-1:{61.5 , 46.5 , 66.1 , 69.9 , 79.8 , 80.9 , 79.3 , 80.3 , 80.1}
2025-12-12 14:48:36,298 MambaPro.train INFO: best_Rank-1:{80.9}
2025-12-12 14:48:36,298 MambaPro.train INFO: history_Rank-5:{70.2 , 61.1 , 81.2 , 81.1 , 87.7 , 89.4 , 87.3 , 86.6 , 86.5 , 86.8}
2025-12-12 14:48:36,298 MambaPro.train INFO: best_Rank-5:{87.7}
2025-12-12 14:48:36,298 MambaPro.train INFO: history_Rank-10:{77.6 , 69.0 , 88.0 , 86.2 , 91.0 , 93.3 , 90.9 , 90.6 , 91.3}
2025-12-12 14:48:36,298 MambaPro.train INFO: best_Rank-10:{91.0}
2025-12-12 14:48:36,298 MambaPro.train INFO: history_Experts:{[0.35 , 0.34 , 0.31] , [0.37 , 0.34 , 0.29] , [0.40 , 0.34 , 0.26] , [0.64 , 0.22 , 0.14] , [0.83 , 0.10 , 0.07] , [0.88 , 0.07 , 0.05] , [0.91 , 0.05 , 0.04] , [0.93 , 0.04 , 0.03] , [0.94 , 0.03 , 0.03] , [0.94 , 0.03 , 0.03]}
2025-12-12 14:48:36,298 MambaPro.train INFO: best_Experts:{[0.91 , 0.05 , 0.04]}
2025-12-12 14:48:36,298 MambaPro.train INFO: 🔥 MoE损失(Val): 平衡=1.0361, 稀疏性=0.1604, 多样性=0.1597, 总=0.0012 (权重: 平衡=0.001, 稀疏性=0.000, 多样性=0.001)
2025-12-12 14:48:36,298 MambaPro.train INFO:    📊 专家权重分布(Val): [0.94 , 0.03 , 0.03]
2025-12-12 14:48:56,327 MambaPro.train INFO: Epoch 51 done. Time per batch: 0.188[s] Speed: 170.5[samples/s]
