2025-12-23 23:45:11,320 MambaPro INFO: ================================================================================
2025-12-23 23:45:11,320 MambaPro INFO: 🧾 实验参数快照（命令行 + 最终配置）
2025-12-23 23:45:11,320 MambaPro INFO: ================================================================================
2025-12-23 23:45:11,321 MambaPro INFO: 【复现实验命令】
2025-12-23 23:45:11,321 MambaPro INFO: /home/zhanghaoyang/.conda/envs/MambaPro/bin/python train_net.py --config_file configs/RGBNT100/baseline.yml
2025-12-23 23:45:11,321 MambaPro INFO: 【命令行参数（args）】
2025-12-23 23:45:11,321 MambaPro INFO: {
2025-12-23 23:45:11,321 MambaPro INFO:   "config_file": "configs/RGBNT100/baseline.yml",
2025-12-23 23:45:11,321 MambaPro INFO:   "fea_cft": 0,
2025-12-23 23:45:11,321 MambaPro INFO:   "local_rank": 0,
2025-12-23 23:45:11,321 MambaPro INFO:   "use_multi_scale": false,
2025-12-23 23:45:11,321 MambaPro INFO:   "no_multi_scale": false,
2025-12-23 23:45:11,321 MambaPro INFO:   "use_moe": false,
2025-12-23 23:45:11,321 MambaPro INFO:   "disable_moe": false,
2025-12-23 23:45:11,321 MambaPro INFO:   "no_moe": false,
2025-12-23 23:45:11,321 MambaPro INFO:   "use_attention": false,
2025-12-23 23:45:11,321 MambaPro INFO:   "disable_attention": false,
2025-12-23 23:45:11,321 MambaPro INFO:   "attention_heads": 8,
2025-12-23 23:45:11,321 MambaPro INFO:   "attention_dropout": 0.1,
2025-12-23 23:45:11,321 MambaPro INFO:   "resume": "",
2025-12-23 23:45:11,321 MambaPro INFO:   "opts": []
2025-12-23 23:45:11,321 MambaPro INFO: }
2025-12-23 23:45:11,321 MambaPro INFO: 【工作目录】/home/zhanghaoyang/Desktop/yzy/AboutReid
2025-12-23 23:45:11,321 MambaPro INFO: 【最终配置（YAML）】
2025-12-23 23:45:11,323 MambaPro INFO: DATALOADER:
2025-12-23 23:45:11,323 MambaPro INFO:   NUM_INSTANCE: 16
2025-12-23 23:45:11,323 MambaPro INFO:   NUM_WORKERS: 8
2025-12-23 23:45:11,323 MambaPro INFO:   SAMPLER: softmax_triplet
2025-12-23 23:45:11,323 MambaPro INFO: DATASETS:
2025-12-23 23:45:11,323 MambaPro INFO:   NAMES: RGBNT100
2025-12-23 23:45:11,323 MambaPro INFO:   ROOT_DIR: /home/zhanghaoyang/Desktop/yzy/MambaPro/data/datasets
2025-12-23 23:45:11,323 MambaPro INFO: INPUT:
2025-12-23 23:45:11,323 MambaPro INFO:   PADDING: 10
2025-12-23 23:45:11,323 MambaPro INFO:   PIXEL_MEAN:
2025-12-23 23:45:11,323 MambaPro INFO:   - 0.5
2025-12-23 23:45:11,323 MambaPro INFO:   - 0.5
2025-12-23 23:45:11,323 MambaPro INFO:   - 0.5
2025-12-23 23:45:11,323 MambaPro INFO:   PIXEL_STD:
2025-12-23 23:45:11,323 MambaPro INFO:   - 0.5
2025-12-23 23:45:11,323 MambaPro INFO:   - 0.5
2025-12-23 23:45:11,323 MambaPro INFO:   - 0.5
2025-12-23 23:45:11,324 MambaPro INFO:   PROB: 0.5
2025-12-23 23:45:11,324 MambaPro INFO:   RE_PROB: 0.5
2025-12-23 23:45:11,324 MambaPro INFO:   SIZE_TEST:
2025-12-23 23:45:11,324 MambaPro INFO:   - 128
2025-12-23 23:45:11,324 MambaPro INFO:   - 256
2025-12-23 23:45:11,324 MambaPro INFO:   SIZE_TRAIN:
2025-12-23 23:45:11,324 MambaPro INFO:   - 128
2025-12-23 23:45:11,324 MambaPro INFO:   - 256
2025-12-23 23:45:11,324 MambaPro INFO: MODEL:
2025-12-23 23:45:11,324 MambaPro INFO:   ADAPTER: true
2025-12-23 23:45:11,324 MambaPro INFO:   ATTENTION_DIM: 512
2025-12-23 23:45:11,324 MambaPro INFO:   ATTENTION_DROPOUT: 0.1
2025-12-23 23:45:11,324 MambaPro INFO:   ATTENTION_NUM_HEADS: 8
2025-12-23 23:45:11,324 MambaPro INFO:   ATT_DROP_RATE: 0.0
2025-12-23 23:45:11,324 MambaPro INFO:   CLIP_MULTI_SCALE_SCALES:
2025-12-23 23:45:11,324 MambaPro INFO:   - 4
2025-12-23 23:45:11,324 MambaPro INFO:   - 8
2025-12-23 23:45:11,324 MambaPro INFO:   - 16
2025-12-23 23:45:11,324 MambaPro INFO:   DEVICE: cuda
2025-12-23 23:45:11,324 MambaPro INFO:   DEVICE_ID: '0'
2025-12-23 23:45:11,324 MambaPro INFO:   DIRECT: 0
2025-12-23 23:45:11,324 MambaPro INFO:   DIST_TRAIN: false
2025-12-23 23:45:11,324 MambaPro INFO:   DROP_OUT: 0.0
2025-12-23 23:45:11,324 MambaPro INFO:   DROP_PATH: 0.1
2025-12-23 23:45:11,324 MambaPro INFO:   FLOPS_TEST: false
2025-12-23 23:45:11,324 MambaPro INFO:   FROZEN: true
2025-12-23 23:45:11,324 MambaPro INFO:   GATE_DROPOUT: 0.1
2025-12-23 23:45:11,324 MambaPro INFO:   ID_LOSS_TYPE: softmax
2025-12-23 23:45:11,324 MambaPro INFO:   ID_LOSS_WEIGHT: 0.25
2025-12-23 23:45:11,324 MambaPro INFO:   IF_LABELSMOOTH: 'on'
2025-12-23 23:45:11,324 MambaPro INFO:   IF_WITH_CENTER: 'no'
2025-12-23 23:45:11,324 MambaPro INFO:   LAYER: -1
2025-12-23 23:45:11,324 MambaPro INFO:   MAMBA: true
2025-12-23 23:45:11,324 MambaPro INFO:   MAMBA_BI: false
2025-12-23 23:45:11,324 MambaPro INFO:   METRIC_LOSS_TYPE: triplet
2025-12-23 23:45:11,324 MambaPro INFO:   MOE_BALANCE_LOSS_WEIGHT: 0.01
2025-12-23 23:45:11,324 MambaPro INFO:   MOE_DIVERSITY_LOSS_WEIGHT: 0.01
2025-12-23 23:45:11,324 MambaPro INFO:   MOE_EXPERT_DROPOUT: 0.1
2025-12-23 23:45:11,324 MambaPro INFO:   MOE_EXPERT_HIDDEN_DIM: 1024
2025-12-23 23:45:11,324 MambaPro INFO:   MOE_EXPERT_LAYERS: 2
2025-12-23 23:45:11,324 MambaPro INFO:   MOE_EXPERT_THRESHOLD: 0.1
2025-12-23 23:45:11,324 MambaPro INFO:   MOE_FIXED_WEIGHTS:
2025-12-23 23:45:11,324 MambaPro INFO:   - 0.33
2025-12-23 23:45:11,324 MambaPro INFO:   - 0.33
2025-12-23 23:45:11,324 MambaPro INFO:   - 0.34
2025-12-23 23:45:11,324 MambaPro INFO:   MOE_GATE_DROPOUT: 0.1
2025-12-23 23:45:11,324 MambaPro INFO:   MOE_GATE_LAYERS: 2
2025-12-23 23:45:11,324 MambaPro INFO:   MOE_INIT_WEIGHTS: null
2025-12-23 23:45:11,324 MambaPro INFO:   MOE_NUM_EXPERTS: 3
2025-12-23 23:45:11,324 MambaPro INFO:   MOE_RESIDUAL_WEIGHT: 1.0
2025-12-23 23:45:11,324 MambaPro INFO:   MOE_SCALES:
2025-12-23 23:45:11,324 MambaPro INFO:   - 4
2025-12-23 23:45:11,324 MambaPro INFO:   - 8
2025-12-23 23:45:11,324 MambaPro INFO:   - 16
2025-12-23 23:45:11,324 MambaPro INFO:   MOE_SPARSITY_LOSS_WEIGHT: 0.001
2025-12-23 23:45:11,324 MambaPro INFO:   MOE_TEMPERATURE: 1.0
2025-12-23 23:45:11,324 MambaPro INFO:   MOE_TOP_K: 2
2025-12-23 23:45:11,324 MambaPro INFO:   MOE_TOP_K_MODE: soft
2025-12-23 23:45:11,324 MambaPro INFO:   MOE_USE_FIXED_WEIGHTS: false
2025-12-23 23:45:11,324 MambaPro INFO:   MOE_USE_TOP_K_ROUTING: false
2025-12-23 23:45:11,324 MambaPro INFO:   MULTI_SCALE_SCALES:
2025-12-23 23:45:11,324 MambaPro INFO:   - 4
2025-12-23 23:45:11,324 MambaPro INFO:   - 8
2025-12-23 23:45:11,324 MambaPro INFO:   - 16
2025-12-23 23:45:11,324 MambaPro INFO:   NAME: MambaPro
2025-12-23 23:45:11,324 MambaPro INFO:   NECK: bnneck
2025-12-23 23:45:11,324 MambaPro INFO:   NO_MARGIN: true
2025-12-23 23:45:11,324 MambaPro INFO:   PREFIX_NUM: 1
2025-12-23 23:45:11,324 MambaPro INFO:   PRETRAIN_PATH_T: /home/zhanghaoyang/Desktop/yzy/MambaPro/pths/ViT-B-16.pt
2025-12-23 23:45:11,324 MambaPro INFO:   PROMPT: true
2025-12-23 23:45:11,324 MambaPro INFO:   SIE_CAMERA: true
2025-12-23 23:45:11,324 MambaPro INFO:   SIE_COE: 1.0
2025-12-23 23:45:11,324 MambaPro INFO:   SIE_VIEW: false
2025-12-23 23:45:11,324 MambaPro INFO:   STRIDE_SIZE:
2025-12-23 23:45:11,324 MambaPro INFO:   - 16
2025-12-23 23:45:11,324 MambaPro INFO:   - 16
2025-12-23 23:45:11,324 MambaPro INFO:   TRANSFORMER_TYPE: ViT-B-16
2025-12-23 23:45:11,324 MambaPro INFO:   TRIPLET_LOSS_WEIGHT: 1.0
2025-12-23 23:45:11,324 MambaPro INFO:   USE_ATTENTION_FUSION: false
2025-12-23 23:45:11,324 MambaPro INFO:   USE_CLIP_MULTI_SCALE: false
2025-12-23 23:45:11,324 MambaPro INFO:   USE_GATE_FUSION: false
2025-12-23 23:45:11,324 MambaPro INFO:   USE_MULTI_SCALE: false
2025-12-23 23:45:11,324 MambaPro INFO:   USE_MULTI_SCALE_MOE: false
2025-12-23 23:45:11,324 MambaPro INFO: OUTPUT_DIR: outputs/run_20251223_234511
2025-12-23 23:45:11,324 MambaPro INFO: SOLVER:
2025-12-23 23:45:11,324 MambaPro INFO:   BASE_LR: 0.000175
2025-12-23 23:45:11,324 MambaPro INFO:   BIAS_LR_FACTOR: 2
2025-12-23 23:45:11,324 MambaPro INFO:   CENTER_LOSS_WEIGHT: 0.0005
2025-12-23 23:45:11,324 MambaPro INFO:   CENTER_LR: 0.5
2025-12-23 23:45:11,324 MambaPro INFO:   CHECKPOINT_PERIOD: 60
2025-12-23 23:45:11,324 MambaPro INFO:   CLUSTER_MARGIN: 0.3
2025-12-23 23:45:11,324 MambaPro INFO:   COSINE_MARGIN: 0.5
2025-12-23 23:45:11,324 MambaPro INFO:   COSINE_SCALE: 30
2025-12-23 23:45:11,324 MambaPro INFO:   EVAL_PERIOD: 1
2025-12-23 23:45:11,324 MambaPro INFO:   GAMMA: 0.1
2025-12-23 23:45:11,324 MambaPro INFO:   IMS_PER_BATCH: 64
2025-12-23 23:45:11,324 MambaPro INFO:   LARGE_FC_LR: false
2025-12-23 23:45:11,324 MambaPro INFO:   LOG_PERIOD: 10
2025-12-23 23:45:11,324 MambaPro INFO:   MARGIN: 0.3
2025-12-23 23:45:11,324 MambaPro INFO:   MAX_EPOCHS: 30
2025-12-23 23:45:11,324 MambaPro INFO:   MOE_BALANCE_LOSS_WEIGHT: 0.01
2025-12-23 23:45:11,324 MambaPro INFO:   MOE_BALANCE_LOSS_WEIGHT_END: 0.1
2025-12-23 23:45:11,324 MambaPro INFO:   MOE_BALANCE_LOSS_WEIGHT_START: 0.001
2025-12-23 23:45:11,325 MambaPro INFO:   MOE_BALANCE_THRESHOLD: 0.3
2025-12-23 23:45:11,325 MambaPro INFO:   MOE_DIVERSITY_LOSS_WEIGHT: 0.01
2025-12-23 23:45:11,325 MambaPro INFO:   MOE_DIVERSITY_LOSS_WEIGHT_END: 0.1
2025-12-23 23:45:11,325 MambaPro INFO:   MOE_DIVERSITY_LOSS_WEIGHT_START: 0.001
2025-12-23 23:45:11,325 MambaPro INFO:   MOE_GATE_LR_FACTOR: 0.01
2025-12-23 23:45:11,325 MambaPro INFO:   MOE_LOSS_WEIGHT_SCHEDULE_TYPE: cosine
2025-12-23 23:45:11,325 MambaPro INFO:   MOE_LOSS_WEIGHT_WARMUP_EPOCHS: 5
2025-12-23 23:45:11,325 MambaPro INFO:   MOE_SPARSITY_LOSS_WEIGHT: 0.001
2025-12-23 23:45:11,325 MambaPro INFO:   MOE_USE_DYNAMIC_LOSS_WEIGHT: false
2025-12-23 23:45:11,325 MambaPro INFO:   MOMENTUM: 0.9
2025-12-23 23:45:11,325 MambaPro INFO:   OPTIMIZER_NAME: Adam
2025-12-23 23:45:11,325 MambaPro INFO:   RANGE_ALPHA: 0
2025-12-23 23:45:11,325 MambaPro INFO:   RANGE_BETA: 1
2025-12-23 23:45:11,325 MambaPro INFO:   RANGE_K: 2
2025-12-23 23:45:11,325 MambaPro INFO:   RANGE_LOSS_WEIGHT: 1
2025-12-23 23:45:11,325 MambaPro INFO:   RANGE_MARGIN: 0.3
2025-12-23 23:45:11,325 MambaPro INFO:   SEED: 1111
2025-12-23 23:45:11,325 MambaPro INFO:   STEPS:
2025-12-23 23:45:11,325 MambaPro INFO:   - 40
2025-12-23 23:45:11,325 MambaPro INFO:   - 70
2025-12-23 23:45:11,325 MambaPro INFO:   WARMUP_FACTOR: 0.01
2025-12-23 23:45:11,325 MambaPro INFO:   WARMUP_ITERS: 5
2025-12-23 23:45:11,325 MambaPro INFO:   WARMUP_METHOD: linear
2025-12-23 23:45:11,325 MambaPro INFO:   WEIGHT_DECAY: 0.0001
2025-12-23 23:45:11,325 MambaPro INFO:   WEIGHT_DECAY_BIAS: 0.0001
2025-12-23 23:45:11,325 MambaPro INFO: TEST:
2025-12-23 23:45:11,325 MambaPro INFO:   FEAT: 0
2025-12-23 23:45:11,325 MambaPro INFO:   FEAT_NORM: 'yes'
2025-12-23 23:45:11,325 MambaPro INFO:   IMS_PER_BATCH: 64
2025-12-23 23:45:11,325 MambaPro INFO:   MISS: nothing
2025-12-23 23:45:11,325 MambaPro INFO:   NECK_FEAT: before
2025-12-23 23:45:11,325 MambaPro INFO:   RE_RANKING: 'no'
2025-12-23 23:45:11,325 MambaPro INFO:   WEIGHT: ''
2025-12-23 23:45:11,325 MambaPro INFO: ================================================================================
2025-12-23 23:45:14,240 MambaPro.train INFO: start training
2025-12-23 23:46:43,634 MambaPro.train INFO: Epoch 1 done. Time per batch: 0.761[s] Speed: 84.1[samples/s]
2025-12-23 23:48:18,488 MambaPro.train INFO: Validation Results - Epoch: 1
2025-12-23 23:48:18,488 MambaPro.train INFO: Current mAP: 53.0%
2025-12-23 23:48:18,488 MambaPro.train INFO: CMC curve, Rank-1  :73.5%
2025-12-23 23:48:18,488 MambaPro.train INFO: CMC curve, Rank-5  :78.5%
2025-12-23 23:48:18,488 MambaPro.train INFO: CMC curve, Rank-10 :81.5%
2025-12-23 23:48:18,488 MambaPro.train INFO: 🎯 New Best! Saving model...
2025-12-23 23:48:18,811 MambaPro.train INFO: [Epoch 1] 指标集合列表（历史）
2025-12-23 23:48:18,812 MambaPro.train INFO: history_mAP:{53.0}
2025-12-23 23:48:18,812 MambaPro.train INFO: best_mAP:{53.0}
2025-12-23 23:48:18,812 MambaPro.train INFO: history_Rank-1:{73.5}
2025-12-23 23:48:18,812 MambaPro.train INFO: best_Rank-1:{73.5}
2025-12-23 23:48:18,812 MambaPro.train INFO: history_Rank-5:{78.5}
2025-12-23 23:48:18,812 MambaPro.train INFO: best_Rank-5:{78.5}
2025-12-23 23:48:18,812 MambaPro.train INFO: history_Rank-10:{81.5}
2025-12-23 23:48:18,812 MambaPro.train INFO: best_Rank-10:{81.5}
2025-12-23 23:48:18,812 MambaPro.train INFO: history_Experts:{[0.00 , 0.00 , 0.00]}
2025-12-23 23:49:47,319 MambaPro.train INFO: Epoch 2 done. Time per batch: 0.761[s] Speed: 84.1[samples/s]
2025-12-23 23:51:22,063 MambaPro.train INFO: Validation Results - Epoch: 2
2025-12-23 23:51:22,063 MambaPro.train INFO: Current mAP: 63.3%
2025-12-23 23:51:22,063 MambaPro.train INFO: CMC curve, Rank-1  :82.0%
2025-12-23 23:51:22,063 MambaPro.train INFO: CMC curve, Rank-5  :84.7%
2025-12-23 23:51:22,063 MambaPro.train INFO: CMC curve, Rank-10 :85.8%
2025-12-23 23:51:22,063 MambaPro.train INFO: 🎯 New Best! Saving model...
2025-12-23 23:51:22,777 MambaPro.train INFO: [Epoch 2] 指标集合列表（历史）
2025-12-23 23:51:22,778 MambaPro.train INFO: history_mAP:{53.0 , 63.3}
2025-12-23 23:51:22,778 MambaPro.train INFO: best_mAP:{63.3}
2025-12-23 23:51:22,778 MambaPro.train INFO: history_Rank-1:{73.5 , 82.0}
2025-12-23 23:51:22,778 MambaPro.train INFO: best_Rank-1:{82.0}
2025-12-23 23:51:22,778 MambaPro.train INFO: history_Rank-5:{78.5 , 84.7}
2025-12-23 23:51:22,778 MambaPro.train INFO: best_Rank-5:{84.7}
2025-12-23 23:51:22,778 MambaPro.train INFO: history_Rank-10:{81.5 , 85.8}
2025-12-23 23:51:22,778 MambaPro.train INFO: best_Rank-10:{85.8}
2025-12-23 23:51:22,778 MambaPro.train INFO: history_Experts:{[0.00 , 0.00 , 0.00] , [0.00 , 0.00 , 0.00]}
2025-12-23 23:52:51,119 MambaPro.train INFO: Epoch 3 done. Time per batch: 0.759[s] Speed: 84.3[samples/s]
2025-12-23 23:54:25,631 MambaPro.train INFO: Validation Results - Epoch: 3
2025-12-23 23:54:25,632 MambaPro.train INFO: Current mAP: 67.8%
2025-12-23 23:54:25,632 MambaPro.train INFO: CMC curve, Rank-1  :81.5%
2025-12-23 23:54:25,632 MambaPro.train INFO: CMC curve, Rank-5  :84.2%
2025-12-23 23:54:25,632 MambaPro.train INFO: CMC curve, Rank-10 :85.9%
2025-12-23 23:54:25,632 MambaPro.train INFO: 🎯 New Best! Saving model...
2025-12-23 23:54:26,106 MambaPro.train INFO: [Epoch 3] 指标集合列表（历史）
2025-12-23 23:54:26,107 MambaPro.train INFO: history_mAP:{53.0 , 63.3 , 67.8}
2025-12-23 23:54:26,107 MambaPro.train INFO: best_mAP:{67.8}
2025-12-23 23:54:26,107 MambaPro.train INFO: history_Rank-1:{73.5 , 82.0 , 81.5}
2025-12-23 23:54:26,107 MambaPro.train INFO: best_Rank-1:{82.0}
2025-12-23 23:54:26,107 MambaPro.train INFO: history_Rank-5:{78.5 , 84.7 , 84.2}
2025-12-23 23:54:26,107 MambaPro.train INFO: best_Rank-5:{84.7}
2025-12-23 23:54:26,107 MambaPro.train INFO: history_Rank-10:{81.5 , 85.8 , 85.9}
2025-12-23 23:54:26,107 MambaPro.train INFO: best_Rank-10:{85.9}
2025-12-23 23:54:26,107 MambaPro.train INFO: history_Experts:{[0.00 , 0.00 , 0.00] , [0.00 , 0.00 , 0.00] , [0.00 , 0.00 , 0.00]}
2025-12-23 23:55:54,431 MambaPro.train INFO: Epoch 4 done. Time per batch: 0.759[s] Speed: 84.3[samples/s]
2025-12-23 23:57:28,943 MambaPro.train INFO: Validation Results - Epoch: 4
2025-12-23 23:57:28,943 MambaPro.train INFO: Current mAP: 68.4%
2025-12-23 23:57:28,943 MambaPro.train INFO: CMC curve, Rank-1  :83.4%
2025-12-23 23:57:28,943 MambaPro.train INFO: CMC curve, Rank-5  :85.4%
2025-12-23 23:57:28,943 MambaPro.train INFO: CMC curve, Rank-10 :86.8%
2025-12-23 23:57:28,943 MambaPro.train INFO: 🎯 New Best! Saving model...
2025-12-23 23:57:29,424 MambaPro.train INFO: [Epoch 4] 指标集合列表（历史）
2025-12-23 23:57:29,424 MambaPro.train INFO: history_mAP:{53.0 , 63.3 , 67.8 , 68.4}
2025-12-23 23:57:29,424 MambaPro.train INFO: best_mAP:{68.4}
2025-12-23 23:57:29,424 MambaPro.train INFO: history_Rank-1:{73.5 , 82.0 , 81.5 , 83.4}
2025-12-23 23:57:29,424 MambaPro.train INFO: best_Rank-1:{83.4}
2025-12-23 23:57:29,424 MambaPro.train INFO: history_Rank-5:{78.5 , 84.7 , 84.2 , 85.4}
2025-12-23 23:57:29,424 MambaPro.train INFO: best_Rank-5:{85.4}
2025-12-23 23:57:29,424 MambaPro.train INFO: history_Rank-10:{81.5 , 85.8 , 85.9 , 86.8}
2025-12-23 23:57:29,424 MambaPro.train INFO: best_Rank-10:{86.8}
2025-12-23 23:57:29,424 MambaPro.train INFO: history_Experts:{[0.00 , 0.00 , 0.00] , [0.00 , 0.00 , 0.00] , [0.00 , 0.00 , 0.00] , [0.00 , 0.00 , 0.00]}
2025-12-23 23:58:56,229 MambaPro.train INFO: Epoch 5 done. Time per batch: 0.759[s] Speed: 84.3[samples/s]
2025-12-24 00:00:30,737 MambaPro.train INFO: Validation Results - Epoch: 5
2025-12-24 00:00:30,737 MambaPro.train INFO: Current mAP: 68.1%
2025-12-24 00:00:30,737 MambaPro.train INFO: CMC curve, Rank-1  :84.4%
2025-12-24 00:00:30,737 MambaPro.train INFO: CMC curve, Rank-5  :85.9%
2025-12-24 00:00:30,737 MambaPro.train INFO: CMC curve, Rank-10 :87.1%
2025-12-24 00:00:30,738 MambaPro.train INFO: [Epoch 5] 指标集合列表（历史）
2025-12-24 00:00:30,738 MambaPro.train INFO: history_mAP:{53.0 , 63.3 , 67.8 , 68.4 , 68.1}
2025-12-24 00:00:30,738 MambaPro.train INFO: best_mAP:{68.4}
2025-12-24 00:00:30,738 MambaPro.train INFO: history_Rank-1:{73.5 , 82.0 , 81.5 , 83.4 , 84.4}
2025-12-24 00:00:30,738 MambaPro.train INFO: best_Rank-1:{83.4}
2025-12-24 00:00:30,738 MambaPro.train INFO: history_Rank-5:{78.5 , 84.7 , 84.2 , 85.4 , 85.9}
2025-12-24 00:00:30,738 MambaPro.train INFO: best_Rank-5:{85.4}
2025-12-24 00:00:30,738 MambaPro.train INFO: history_Rank-10:{81.5 , 85.8 , 85.9 , 86.8 , 87.1}
2025-12-24 00:00:30,738 MambaPro.train INFO: best_Rank-10:{86.8}
2025-12-24 00:00:30,738 MambaPro.train INFO: history_Experts:{[0.00 , 0.00 , 0.00] , [0.00 , 0.00 , 0.00] , [0.00 , 0.00 , 0.00] , [0.00 , 0.00 , 0.00] , [0.00 , 0.00 , 0.00]}
2025-12-24 00:01:59,120 MambaPro.train INFO: Epoch 6 done. Time per batch: 0.760[s] Speed: 84.2[samples/s]
2025-12-24 00:03:33,697 MambaPro.train INFO: Validation Results - Epoch: 6
2025-12-24 00:03:33,697 MambaPro.train INFO: Current mAP: 70.1%
2025-12-24 00:03:33,697 MambaPro.train INFO: CMC curve, Rank-1  :85.9%
2025-12-24 00:03:33,697 MambaPro.train INFO: CMC curve, Rank-5  :88.3%
2025-12-24 00:03:33,697 MambaPro.train INFO: CMC curve, Rank-10 :89.3%
2025-12-24 00:03:33,697 MambaPro.train INFO: 🎯 New Best! Saving model...
2025-12-24 00:03:34,175 MambaPro.train INFO: [Epoch 6] 指标集合列表（历史）
2025-12-24 00:03:34,175 MambaPro.train INFO: history_mAP:{53.0 , 63.3 , 67.8 , 68.4 , 68.1 , 70.1}
2025-12-24 00:03:34,175 MambaPro.train INFO: best_mAP:{70.1}
2025-12-24 00:03:34,175 MambaPro.train INFO: history_Rank-1:{73.5 , 82.0 , 81.5 , 83.4 , 84.4 , 85.9}
2025-12-24 00:03:34,175 MambaPro.train INFO: best_Rank-1:{85.9}
2025-12-24 00:03:34,175 MambaPro.train INFO: history_Rank-5:{78.5 , 84.7 , 84.2 , 85.4 , 85.9 , 88.3}
2025-12-24 00:03:34,175 MambaPro.train INFO: best_Rank-5:{88.3}
2025-12-24 00:03:34,175 MambaPro.train INFO: history_Rank-10:{81.5 , 85.8 , 85.9 , 86.8 , 87.1 , 89.3}
2025-12-24 00:03:34,175 MambaPro.train INFO: best_Rank-10:{89.3}
2025-12-24 00:03:34,175 MambaPro.train INFO: history_Experts:{[0.00 , 0.00 , 0.00] , [0.00 , 0.00 , 0.00] , [0.00 , 0.00 , 0.00] , [0.00 , 0.00 , 0.00] , [0.00 , 0.00 , 0.00] , [0.00 , 0.00 , 0.00]}
2025-12-24 00:05:03,268 MambaPro.train INFO: Epoch 7 done. Time per batch: 0.759[s] Speed: 84.3[samples/s]
2025-12-24 00:06:37,960 MambaPro.train INFO: Validation Results - Epoch: 7
2025-12-24 00:06:37,960 MambaPro.train INFO: Current mAP: 75.8%
2025-12-24 00:06:37,960 MambaPro.train INFO: CMC curve, Rank-1  :88.7%
2025-12-24 00:06:37,960 MambaPro.train INFO: CMC curve, Rank-5  :89.8%
2025-12-24 00:06:37,960 MambaPro.train INFO: CMC curve, Rank-10 :90.5%
2025-12-24 00:06:37,960 MambaPro.train INFO: 🎯 New Best! Saving model...
2025-12-24 00:06:38,442 MambaPro.train INFO: [Epoch 7] 指标集合列表（历史）
2025-12-24 00:06:38,442 MambaPro.train INFO: history_mAP:{53.0 , 63.3 , 67.8 , 68.4 , 68.1 , 70.1 , 75.8}
2025-12-24 00:06:38,442 MambaPro.train INFO: best_mAP:{75.8}
2025-12-24 00:06:38,442 MambaPro.train INFO: history_Rank-1:{73.5 , 82.0 , 81.5 , 83.4 , 84.4 , 85.9 , 88.7}
2025-12-24 00:06:38,442 MambaPro.train INFO: best_Rank-1:{88.7}
2025-12-24 00:06:38,442 MambaPro.train INFO: history_Rank-5:{78.5 , 84.7 , 84.2 , 85.4 , 85.9 , 88.3 , 89.8}
2025-12-24 00:06:38,442 MambaPro.train INFO: best_Rank-5:{89.8}
2025-12-24 00:06:38,442 MambaPro.train INFO: history_Rank-10:{81.5 , 85.8 , 85.9 , 86.8 , 87.1 , 89.3 , 90.5}
2025-12-24 00:06:38,442 MambaPro.train INFO: best_Rank-10:{90.5}
2025-12-24 00:06:38,442 MambaPro.train INFO: history_Experts:{[0.00 , 0.00 , 0.00] , [0.00 , 0.00 , 0.00] , [0.00 , 0.00 , 0.00] , [0.00 , 0.00 , 0.00] , [0.00 , 0.00 , 0.00] , [0.00 , 0.00 , 0.00] , [0.00 , 0.00 , 0.00]}
2025-12-24 00:08:07,512 MambaPro.train INFO: Epoch 8 done. Time per batch: 0.759[s] Speed: 84.3[samples/s]
2025-12-24 00:09:42,074 MambaPro.train INFO: Validation Results - Epoch: 8
2025-12-24 00:09:42,075 MambaPro.train INFO: Current mAP: 73.4%
2025-12-24 00:09:42,075 MambaPro.train INFO: CMC curve, Rank-1  :87.2%
2025-12-24 00:09:42,075 MambaPro.train INFO: CMC curve, Rank-5  :89.2%
2025-12-24 00:09:42,075 MambaPro.train INFO: CMC curve, Rank-10 :89.9%
2025-12-24 00:09:42,075 MambaPro.train INFO: [Epoch 8] 指标集合列表（历史）
2025-12-24 00:09:42,075 MambaPro.train INFO: history_mAP:{53.0 , 63.3 , 67.8 , 68.4 , 68.1 , 70.1 , 75.8 , 73.4}
2025-12-24 00:09:42,075 MambaPro.train INFO: best_mAP:{75.8}
2025-12-24 00:09:42,075 MambaPro.train INFO: history_Rank-1:{73.5 , 82.0 , 81.5 , 83.4 , 84.4 , 85.9 , 88.7 , 87.2}
2025-12-24 00:09:42,075 MambaPro.train INFO: best_Rank-1:{88.7}
2025-12-24 00:09:42,075 MambaPro.train INFO: history_Rank-5:{78.5 , 84.7 , 84.2 , 85.4 , 85.9 , 88.3 , 89.8 , 89.2}
2025-12-24 00:09:42,075 MambaPro.train INFO: best_Rank-5:{89.8}
2025-12-24 00:09:42,075 MambaPro.train INFO: history_Rank-10:{81.5 , 85.8 , 85.9 , 86.8 , 87.1 , 89.3 , 90.5 , 89.9}
2025-12-24 00:09:42,075 MambaPro.train INFO: best_Rank-10:{90.5}
2025-12-24 00:09:42,075 MambaPro.train INFO: history_Experts:{[0.00 , 0.00 , 0.00] , [0.00 , 0.00 , 0.00] , [0.00 , 0.00 , 0.00] , [0.00 , 0.00 , 0.00] , [0.00 , 0.00 , 0.00] , [0.00 , 0.00 , 0.00] , [0.00 , 0.00 , 0.00] , [0.00 , 0.00 , 0.00]}
2025-12-24 00:11:10,409 MambaPro.train INFO: Epoch 9 done. Time per batch: 0.759[s] Speed: 84.3[samples/s]
2025-12-24 00:12:44,923 MambaPro.train INFO: Validation Results - Epoch: 9
2025-12-24 00:12:44,923 MambaPro.train INFO: Current mAP: 75.6%
2025-12-24 00:12:44,923 MambaPro.train INFO: CMC curve, Rank-1  :89.3%
2025-12-24 00:12:44,923 MambaPro.train INFO: CMC curve, Rank-5  :90.5%
2025-12-24 00:12:44,923 MambaPro.train INFO: CMC curve, Rank-10 :91.8%
2025-12-24 00:12:44,923 MambaPro.train INFO: [Epoch 9] 指标集合列表（历史）
2025-12-24 00:12:44,923 MambaPro.train INFO: history_mAP:{53.0 , 63.3 , 67.8 , 68.4 , 68.1 , 70.1 , 75.8 , 73.4 , 75.6}
2025-12-24 00:12:44,923 MambaPro.train INFO: best_mAP:{75.8}
2025-12-24 00:12:44,923 MambaPro.train INFO: history_Rank-1:{73.5 , 82.0 , 81.5 , 83.4 , 84.4 , 85.9 , 88.7 , 87.2 , 89.3}
2025-12-24 00:12:44,923 MambaPro.train INFO: best_Rank-1:{88.7}
2025-12-24 00:12:44,923 MambaPro.train INFO: history_Rank-5:{78.5 , 84.7 , 84.2 , 85.4 , 85.9 , 88.3 , 89.8 , 89.2 , 90.5}
2025-12-24 00:12:44,923 MambaPro.train INFO: best_Rank-5:{89.8}
2025-12-24 00:12:44,923 MambaPro.train INFO: history_Rank-10:{81.5 , 85.8 , 85.9 , 86.8 , 87.1 , 89.3 , 90.5 , 89.9 , 91.8}
2025-12-24 00:12:44,923 MambaPro.train INFO: best_Rank-10:{90.5}
2025-12-24 00:12:44,923 MambaPro.train INFO: history_Experts:{[0.00 , 0.00 , 0.00] , [0.00 , 0.00 , 0.00] , [0.00 , 0.00 , 0.00] , [0.00 , 0.00 , 0.00] , [0.00 , 0.00 , 0.00] , [0.00 , 0.00 , 0.00] , [0.00 , 0.00 , 0.00] , [0.00 , 0.00 , 0.00] , [0.00 , 0.00 , 0.00]}
2025-12-24 00:14:13,126 MambaPro.train INFO: Epoch 10 done. Time per batch: 0.758[s] Speed: 84.4[samples/s]
2025-12-24 00:15:47,647 MambaPro.train INFO: Validation Results - Epoch: 10
2025-12-24 00:15:47,647 MambaPro.train INFO: Current mAP: 74.1%
2025-12-24 00:15:47,647 MambaPro.train INFO: CMC curve, Rank-1  :87.6%
2025-12-24 00:15:47,647 MambaPro.train INFO: CMC curve, Rank-5  :89.2%
2025-12-24 00:15:47,647 MambaPro.train INFO: CMC curve, Rank-10 :90.3%
2025-12-24 00:15:47,647 MambaPro.train INFO: [Epoch 10] 指标集合列表（历史）
2025-12-24 00:15:47,647 MambaPro.train INFO: history_mAP:{53.0 , 63.3 , 67.8 , 68.4 , 68.1 , 70.1 , 75.8 , 73.4 , 75.6 , 74.1}
2025-12-24 00:15:47,647 MambaPro.train INFO: best_mAP:{75.8}
2025-12-24 00:15:47,647 MambaPro.train INFO: history_Rank-1:{73.5 , 82.0 , 81.5 , 83.4 , 84.4 , 85.9 , 88.7 , 87.2 , 89.3 , 87.6}
2025-12-24 00:15:47,647 MambaPro.train INFO: best_Rank-1:{88.7}
2025-12-24 00:15:47,647 MambaPro.train INFO: history_Rank-5:{78.5 , 84.7 , 84.2 , 85.4 , 85.9 , 88.3 , 89.8 , 89.2 , 90.5}
2025-12-24 00:15:47,647 MambaPro.train INFO: best_Rank-5:{89.8}
2025-12-24 00:15:47,647 MambaPro.train INFO: history_Rank-10:{81.5 , 85.8 , 85.9 , 86.8 , 87.1 , 89.3 , 90.5 , 89.9 , 91.8 , 90.3}
2025-12-24 00:15:47,647 MambaPro.train INFO: best_Rank-10:{90.5}
2025-12-24 00:15:47,647 MambaPro.train INFO: history_Experts:{[0.00 , 0.00 , 0.00] , [0.00 , 0.00 , 0.00] , [0.00 , 0.00 , 0.00] , [0.00 , 0.00 , 0.00] , [0.00 , 0.00 , 0.00] , [0.00 , 0.00 , 0.00] , [0.00 , 0.00 , 0.00] , [0.00 , 0.00 , 0.00] , [0.00 , 0.00 , 0.00] , [0.00 , 0.00 , 0.00]}
2025-12-24 00:17:15,168 MambaPro.train INFO: Epoch 11 done. Time per batch: 0.759[s] Speed: 84.3[samples/s]
2025-12-24 00:18:49,701 MambaPro.train INFO: Validation Results - Epoch: 11
2025-12-24 00:18:49,701 MambaPro.train INFO: Current mAP: 76.4%
2025-12-24 00:18:49,701 MambaPro.train INFO: CMC curve, Rank-1  :89.5%
2025-12-24 00:18:49,701 MambaPro.train INFO: CMC curve, Rank-5  :90.8%
2025-12-24 00:18:49,701 MambaPro.train INFO: CMC curve, Rank-10 :92.2%
2025-12-24 00:18:49,701 MambaPro.train INFO: 🎯 New Best! Saving model...
2025-12-24 00:18:50,179 MambaPro.train INFO: [Epoch 11] 指标集合列表（历史）
2025-12-24 00:18:50,180 MambaPro.train INFO: history_mAP:{53.0 , 63.3 , 67.8 , 68.4 , 68.1 , 70.1 , 75.8 , 73.4 , 75.6 , 74.1 , 76.4}
2025-12-24 00:18:50,180 MambaPro.train INFO: best_mAP:{76.4}
2025-12-24 00:18:50,180 MambaPro.train INFO: history_Rank-1:{73.5 , 82.0 , 81.5 , 83.4 , 84.4 , 85.9 , 88.7 , 87.2 , 89.3 , 87.6 , 89.5}
2025-12-24 00:18:50,180 MambaPro.train INFO: best_Rank-1:{89.5}
2025-12-24 00:18:50,180 MambaPro.train INFO: history_Rank-5:{78.5 , 84.7 , 84.2 , 85.4 , 85.9 , 88.3 , 89.8 , 89.2 , 90.5 , 90.8}
2025-12-24 00:18:50,180 MambaPro.train INFO: best_Rank-5:{90.8}
2025-12-24 00:18:50,180 MambaPro.train INFO: history_Rank-10:{81.5 , 85.8 , 85.9 , 86.8 , 87.1 , 89.3 , 90.5 , 89.9 , 91.8 , 90.3 , 92.2}
2025-12-24 00:18:50,180 MambaPro.train INFO: best_Rank-10:{92.2}
2025-12-24 00:18:50,180 MambaPro.train INFO: history_Experts:{[0.00 , 0.00 , 0.00] , [0.00 , 0.00 , 0.00] , [0.00 , 0.00 , 0.00] , [0.00 , 0.00 , 0.00] , [0.00 , 0.00 , 0.00] , [0.00 , 0.00 , 0.00] , [0.00 , 0.00 , 0.00] , [0.00 , 0.00 , 0.00] , [0.00 , 0.00 , 0.00] , [0.00 , 0.00 , 0.00] , [0.00 , 0.00 , 0.00]}
2025-12-24 00:20:19,187 MambaPro.train INFO: Epoch 12 done. Time per batch: 0.759[s] Speed: 84.4[samples/s]
2025-12-24 00:21:53,697 MambaPro.train INFO: Validation Results - Epoch: 12
2025-12-24 00:21:53,697 MambaPro.train INFO: Current mAP: 76.3%
2025-12-24 00:21:53,697 MambaPro.train INFO: CMC curve, Rank-1  :88.7%
2025-12-24 00:21:53,697 MambaPro.train INFO: CMC curve, Rank-5  :91.0%
2025-12-24 00:21:53,697 MambaPro.train INFO: CMC curve, Rank-10 :92.0%
2025-12-24 00:21:53,697 MambaPro.train INFO: [Epoch 12] 指标集合列表（历史）
2025-12-24 00:21:53,697 MambaPro.train INFO: history_mAP:{53.0 , 63.3 , 67.8 , 68.4 , 68.1 , 70.1 , 75.8 , 73.4 , 75.6 , 74.1 , 76.4 , 76.3}
2025-12-24 00:21:53,697 MambaPro.train INFO: best_mAP:{76.4}
2025-12-24 00:21:53,697 MambaPro.train INFO: history_Rank-1:{73.5 , 82.0 , 81.5 , 83.4 , 84.4 , 85.9 , 88.7 , 87.2 , 89.3 , 87.6 , 89.5 , 88.7}
2025-12-24 00:21:53,697 MambaPro.train INFO: best_Rank-1:{89.5}
2025-12-24 00:21:53,698 MambaPro.train INFO: history_Rank-5:{78.5 , 84.7 , 84.2 , 85.4 , 85.9 , 88.3 , 89.8 , 89.2 , 90.5 , 90.8 , 91.0}
2025-12-24 00:21:53,698 MambaPro.train INFO: best_Rank-5:{90.8}
2025-12-24 00:21:53,698 MambaPro.train INFO: history_Rank-10:{81.5 , 85.8 , 85.9 , 86.8 , 87.1 , 89.3 , 90.5 , 89.9 , 91.8 , 90.3 , 92.2 , 92.0}
2025-12-24 00:21:53,698 MambaPro.train INFO: best_Rank-10:{92.2}
2025-12-24 00:21:53,698 MambaPro.train INFO: history_Experts:{[0.00 , 0.00 , 0.00] , [0.00 , 0.00 , 0.00] , [0.00 , 0.00 , 0.00] , [0.00 , 0.00 , 0.00] , [0.00 , 0.00 , 0.00] , [0.00 , 0.00 , 0.00] , [0.00 , 0.00 , 0.00] , [0.00 , 0.00 , 0.00] , [0.00 , 0.00 , 0.00] , [0.00 , 0.00 , 0.00] , [0.00 , 0.00 , 0.00] , [0.00 , 0.00 , 0.00]}
2025-12-24 00:23:21,938 MambaPro.train INFO: Epoch 13 done. Time per batch: 0.758[s] Speed: 84.4[samples/s]
2025-12-24 00:24:56,490 MambaPro.train INFO: Validation Results - Epoch: 13
2025-12-24 00:24:56,490 MambaPro.train INFO: Current mAP: 75.1%
2025-12-24 00:24:56,490 MambaPro.train INFO: CMC curve, Rank-1  :88.2%
2025-12-24 00:24:56,490 MambaPro.train INFO: CMC curve, Rank-5  :90.5%
2025-12-24 00:24:56,490 MambaPro.train INFO: CMC curve, Rank-10 :91.2%
2025-12-24 00:24:56,490 MambaPro.train INFO: [Epoch 13] 指标集合列表（历史）
2025-12-24 00:24:56,490 MambaPro.train INFO: history_mAP:{53.0 , 63.3 , 67.8 , 68.4 , 68.1 , 70.1 , 75.8 , 73.4 , 75.6 , 74.1 , 76.4 , 76.3 , 75.1}
2025-12-24 00:24:56,490 MambaPro.train INFO: best_mAP:{76.4}
2025-12-24 00:24:56,490 MambaPro.train INFO: history_Rank-1:{73.5 , 82.0 , 81.5 , 83.4 , 84.4 , 85.9 , 88.7 , 87.2 , 89.3 , 87.6 , 89.5 , 88.7 , 88.2}
2025-12-24 00:24:56,490 MambaPro.train INFO: best_Rank-1:{89.5}
2025-12-24 00:24:56,490 MambaPro.train INFO: history_Rank-5:{78.5 , 84.7 , 84.2 , 85.4 , 85.9 , 88.3 , 89.8 , 89.2 , 90.5 , 90.8 , 91.0}
2025-12-24 00:24:56,490 MambaPro.train INFO: best_Rank-5:{90.8}
2025-12-24 00:24:56,490 MambaPro.train INFO: history_Rank-10:{81.5 , 85.8 , 85.9 , 86.8 , 87.1 , 89.3 , 90.5 , 89.9 , 91.8 , 90.3 , 92.2 , 92.0 , 91.2}
2025-12-24 00:24:56,490 MambaPro.train INFO: best_Rank-10:{92.2}
2025-12-24 00:24:56,490 MambaPro.train INFO: history_Experts:{[0.00 , 0.00 , 0.00] , [0.00 , 0.00 , 0.00] , [0.00 , 0.00 , 0.00] , [0.00 , 0.00 , 0.00] , [0.00 , 0.00 , 0.00] , [0.00 , 0.00 , 0.00] , [0.00 , 0.00 , 0.00] , [0.00 , 0.00 , 0.00] , [0.00 , 0.00 , 0.00] , [0.00 , 0.00 , 0.00] , [0.00 , 0.00 , 0.00] , [0.00 , 0.00 , 0.00] , [0.00 , 0.00 , 0.00]}
2025-12-24 00:26:24,811 MambaPro.train INFO: Epoch 14 done. Time per batch: 0.759[s] Speed: 84.3[samples/s]
2025-12-24 00:27:59,318 MambaPro.train INFO: Validation Results - Epoch: 14
2025-12-24 00:27:59,318 MambaPro.train INFO: Current mAP: 76.1%
2025-12-24 00:27:59,318 MambaPro.train INFO: CMC curve, Rank-1  :88.2%
2025-12-24 00:27:59,318 MambaPro.train INFO: CMC curve, Rank-5  :89.9%
2025-12-24 00:27:59,318 MambaPro.train INFO: CMC curve, Rank-10 :90.5%
2025-12-24 00:27:59,318 MambaPro.train INFO: [Epoch 14] 指标集合列表（历史）
2025-12-24 00:27:59,318 MambaPro.train INFO: history_mAP:{53.0 , 63.3 , 67.8 , 68.4 , 68.1 , 70.1 , 75.8 , 73.4 , 75.6 , 74.1 , 76.4 , 76.3 , 75.1 , 76.1}
2025-12-24 00:27:59,318 MambaPro.train INFO: best_mAP:{76.4}
2025-12-24 00:27:59,318 MambaPro.train INFO: history_Rank-1:{73.5 , 82.0 , 81.5 , 83.4 , 84.4 , 85.9 , 88.7 , 87.2 , 89.3 , 87.6 , 89.5 , 88.7 , 88.2}
2025-12-24 00:27:59,318 MambaPro.train INFO: best_Rank-1:{89.5}
2025-12-24 00:27:59,318 MambaPro.train INFO: history_Rank-5:{78.5 , 84.7 , 84.2 , 85.4 , 85.9 , 88.3 , 89.8 , 89.2 , 90.5 , 90.8 , 91.0 , 89.9}
2025-12-24 00:27:59,318 MambaPro.train INFO: best_Rank-5:{90.8}
2025-12-24 00:27:59,318 MambaPro.train INFO: history_Rank-10:{81.5 , 85.8 , 85.9 , 86.8 , 87.1 , 89.3 , 90.5 , 89.9 , 91.8 , 90.3 , 92.2 , 92.0 , 91.2}
2025-12-24 00:27:59,318 MambaPro.train INFO: best_Rank-10:{92.2}
2025-12-24 00:27:59,318 MambaPro.train INFO: history_Experts:{[0.00 , 0.00 , 0.00] , [0.00 , 0.00 , 0.00] , [0.00 , 0.00 , 0.00] , [0.00 , 0.00 , 0.00] , [0.00 , 0.00 , 0.00] , [0.00 , 0.00 , 0.00] , [0.00 , 0.00 , 0.00] , [0.00 , 0.00 , 0.00] , [0.00 , 0.00 , 0.00] , [0.00 , 0.00 , 0.00] , [0.00 , 0.00 , 0.00] , [0.00 , 0.00 , 0.00] , [0.00 , 0.00 , 0.00] , [0.00 , 0.00 , 0.00]}
2025-12-24 00:29:27,571 MambaPro.train INFO: Epoch 15 done. Time per batch: 0.759[s] Speed: 84.4[samples/s]
2025-12-24 00:31:02,077 MambaPro.train INFO: Validation Results - Epoch: 15
2025-12-24 00:31:02,077 MambaPro.train INFO: Current mAP: 76.1%
2025-12-24 00:31:02,077 MambaPro.train INFO: CMC curve, Rank-1  :89.0%
2025-12-24 00:31:02,077 MambaPro.train INFO: CMC curve, Rank-5  :90.1%
2025-12-24 00:31:02,077 MambaPro.train INFO: CMC curve, Rank-10 :91.1%
2025-12-24 00:31:02,077 MambaPro.train INFO: [Epoch 15] 指标集合列表（历史）
2025-12-24 00:31:02,077 MambaPro.train INFO: history_mAP:{53.0 , 63.3 , 67.8 , 68.4 , 68.1 , 70.1 , 75.8 , 73.4 , 75.6 , 74.1 , 76.4 , 76.3 , 75.1 , 76.1 , 76.1}
2025-12-24 00:31:02,077 MambaPro.train INFO: best_mAP:{76.4}
2025-12-24 00:31:02,077 MambaPro.train INFO: history_Rank-1:{73.5 , 82.0 , 81.5 , 83.4 , 84.4 , 85.9 , 88.7 , 87.2 , 89.3 , 87.6 , 89.5 , 88.7 , 88.2 , 89.0}
2025-12-24 00:31:02,077 MambaPro.train INFO: best_Rank-1:{89.5}
2025-12-24 00:31:02,077 MambaPro.train INFO: history_Rank-5:{78.5 , 84.7 , 84.2 , 85.4 , 85.9 , 88.3 , 89.8 , 89.2 , 90.5 , 90.8 , 91.0 , 89.9 , 90.1}
2025-12-24 00:31:02,077 MambaPro.train INFO: best_Rank-5:{90.8}
2025-12-24 00:31:02,077 MambaPro.train INFO: history_Rank-10:{81.5 , 85.8 , 85.9 , 86.8 , 87.1 , 89.3 , 90.5 , 89.9 , 91.8 , 90.3 , 92.2 , 92.0 , 91.2 , 91.1}
2025-12-24 00:31:02,077 MambaPro.train INFO: best_Rank-10:{92.2}
2025-12-24 00:31:02,077 MambaPro.train INFO: history_Experts:{[0.00 , 0.00 , 0.00] , [0.00 , 0.00 , 0.00] , [0.00 , 0.00 , 0.00] , [0.00 , 0.00 , 0.00] , [0.00 , 0.00 , 0.00] , [0.00 , 0.00 , 0.00] , [0.00 , 0.00 , 0.00] , [0.00 , 0.00 , 0.00] , [0.00 , 0.00 , 0.00] , [0.00 , 0.00 , 0.00] , [0.00 , 0.00 , 0.00] , [0.00 , 0.00 , 0.00] , [0.00 , 0.00 , 0.00] , [0.00 , 0.00 , 0.00] , [0.00 , 0.00 , 0.00]}
2025-12-24 00:32:31,091 MambaPro.train INFO: Epoch 16 done. Time per batch: 0.759[s] Speed: 84.4[samples/s]
2025-12-24 00:34:05,590 MambaPro.train INFO: Validation Results - Epoch: 16
2025-12-24 00:34:05,590 MambaPro.train INFO: Current mAP: 77.0%
2025-12-24 00:34:05,590 MambaPro.train INFO: CMC curve, Rank-1  :89.3%
2025-12-24 00:34:05,590 MambaPro.train INFO: CMC curve, Rank-5  :91.1%
2025-12-24 00:34:05,590 MambaPro.train INFO: CMC curve, Rank-10 :91.6%
2025-12-24 00:34:05,590 MambaPro.train INFO: 🎯 New Best! Saving model...
2025-12-24 00:34:06,068 MambaPro.train INFO: [Epoch 16] 指标集合列表（历史）
2025-12-24 00:34:06,069 MambaPro.train INFO: history_mAP:{53.0 , 63.3 , 67.8 , 68.4 , 68.1 , 70.1 , 75.8 , 73.4 , 75.6 , 74.1 , 76.4 , 76.3 , 75.1 , 76.1 , 76.1 , 77.0}
2025-12-24 00:34:06,069 MambaPro.train INFO: best_mAP:{77.0}
2025-12-24 00:34:06,069 MambaPro.train INFO: history_Rank-1:{73.5 , 82.0 , 81.5 , 83.4 , 84.4 , 85.9 , 88.7 , 87.2 , 89.3 , 87.6 , 89.5 , 88.7 , 88.2 , 89.0 , 89.3}
2025-12-24 00:34:06,069 MambaPro.train INFO: best_Rank-1:{89.5}
2025-12-24 00:34:06,069 MambaPro.train INFO: history_Rank-5:{78.5 , 84.7 , 84.2 , 85.4 , 85.9 , 88.3 , 89.8 , 89.2 , 90.5 , 90.8 , 91.0 , 89.9 , 90.1 , 91.1}
2025-12-24 00:34:06,069 MambaPro.train INFO: best_Rank-5:{91.1}
2025-12-24 00:34:06,069 MambaPro.train INFO: history_Rank-10:{81.5 , 85.8 , 85.9 , 86.8 , 87.1 , 89.3 , 90.5 , 89.9 , 91.8 , 90.3 , 92.2 , 92.0 , 91.2 , 91.1 , 91.6}
2025-12-24 00:34:06,069 MambaPro.train INFO: best_Rank-10:{92.2}
2025-12-24 00:34:06,069 MambaPro.train INFO: history_Experts:{[0.00 , 0.00 , 0.00] , [0.00 , 0.00 , 0.00] , [0.00 , 0.00 , 0.00] , [0.00 , 0.00 , 0.00] , [0.00 , 0.00 , 0.00] , [0.00 , 0.00 , 0.00] , [0.00 , 0.00 , 0.00] , [0.00 , 0.00 , 0.00] , [0.00 , 0.00 , 0.00] , [0.00 , 0.00 , 0.00] , [0.00 , 0.00 , 0.00] , [0.00 , 0.00 , 0.00] , [0.00 , 0.00 , 0.00] , [0.00 , 0.00 , 0.00] , [0.00 , 0.00 , 0.00] , [0.00 , 0.00 , 0.00]}
2025-12-24 00:35:34,333 MambaPro.train INFO: Epoch 17 done. Time per batch: 0.759[s] Speed: 84.4[samples/s]
2025-12-24 00:37:08,863 MambaPro.train INFO: Validation Results - Epoch: 17
2025-12-24 00:37:08,863 MambaPro.train INFO: Current mAP: 76.6%
2025-12-24 00:37:08,863 MambaPro.train INFO: CMC curve, Rank-1  :88.6%
2025-12-24 00:37:08,863 MambaPro.train INFO: CMC curve, Rank-5  :90.1%
2025-12-24 00:37:08,863 MambaPro.train INFO: CMC curve, Rank-10 :91.1%
2025-12-24 00:37:08,863 MambaPro.train INFO: [Epoch 17] 指标集合列表（历史）
2025-12-24 00:37:08,863 MambaPro.train INFO: history_mAP:{53.0 , 63.3 , 67.8 , 68.4 , 68.1 , 70.1 , 75.8 , 73.4 , 75.6 , 74.1 , 76.4 , 76.3 , 75.1 , 76.1 , 76.1 , 77.0 , 76.6}
2025-12-24 00:37:08,863 MambaPro.train INFO: best_mAP:{77.0}
2025-12-24 00:37:08,863 MambaPro.train INFO: history_Rank-1:{73.5 , 82.0 , 81.5 , 83.4 , 84.4 , 85.9 , 88.7 , 87.2 , 89.3 , 87.6 , 89.5 , 88.7 , 88.2 , 89.0 , 89.3 , 88.6}
2025-12-24 00:37:08,864 MambaPro.train INFO: best_Rank-1:{89.5}
2025-12-24 00:37:08,864 MambaPro.train INFO: history_Rank-5:{78.5 , 84.7 , 84.2 , 85.4 , 85.9 , 88.3 , 89.8 , 89.2 , 90.5 , 90.8 , 91.0 , 89.9 , 90.1 , 91.1 , 90.1}
2025-12-24 00:37:08,864 MambaPro.train INFO: best_Rank-5:{91.1}
2025-12-24 00:37:08,864 MambaPro.train INFO: history_Rank-10:{81.5 , 85.8 , 85.9 , 86.8 , 87.1 , 89.3 , 90.5 , 89.9 , 91.8 , 90.3 , 92.2 , 92.0 , 91.2 , 91.1 , 91.6}
2025-12-24 00:37:08,864 MambaPro.train INFO: best_Rank-10:{92.2}
2025-12-24 00:37:08,864 MambaPro.train INFO: history_Experts:{[0.00 , 0.00 , 0.00] , [0.00 , 0.00 , 0.00] , [0.00 , 0.00 , 0.00] , [0.00 , 0.00 , 0.00] , [0.00 , 0.00 , 0.00] , [0.00 , 0.00 , 0.00] , [0.00 , 0.00 , 0.00] , [0.00 , 0.00 , 0.00] , [0.00 , 0.00 , 0.00] , [0.00 , 0.00 , 0.00] , [0.00 , 0.00 , 0.00] , [0.00 , 0.00 , 0.00] , [0.00 , 0.00 , 0.00] , [0.00 , 0.00 , 0.00] , [0.00 , 0.00 , 0.00] , [0.00 , 0.00 , 0.00] , [0.00 , 0.00 , 0.00]}
2025-12-24 00:38:36,397 MambaPro.train INFO: Epoch 18 done. Time per batch: 0.759[s] Speed: 84.3[samples/s]
2025-12-24 00:40:10,898 MambaPro.train INFO: Validation Results - Epoch: 18
2025-12-24 00:40:10,898 MambaPro.train INFO: Current mAP: 76.3%
2025-12-24 00:40:10,898 MambaPro.train INFO: CMC curve, Rank-1  :88.0%
2025-12-24 00:40:10,898 MambaPro.train INFO: CMC curve, Rank-5  :89.8%
2025-12-24 00:40:10,898 MambaPro.train INFO: CMC curve, Rank-10 :90.2%
2025-12-24 00:40:10,898 MambaPro.train INFO: [Epoch 18] 指标集合列表（历史）
2025-12-24 00:40:10,898 MambaPro.train INFO: history_mAP:{53.0 , 63.3 , 67.8 , 68.4 , 68.1 , 70.1 , 75.8 , 73.4 , 75.6 , 74.1 , 76.4 , 76.3 , 75.1 , 76.1 , 76.1 , 77.0 , 76.6 , 76.3}
2025-12-24 00:40:10,898 MambaPro.train INFO: best_mAP:{77.0}
2025-12-24 00:40:10,898 MambaPro.train INFO: history_Rank-1:{73.5 , 82.0 , 81.5 , 83.4 , 84.4 , 85.9 , 88.7 , 87.2 , 89.3 , 87.6 , 89.5 , 88.7 , 88.2 , 89.0 , 89.3 , 88.6 , 88.0}
2025-12-24 00:40:10,898 MambaPro.train INFO: best_Rank-1:{89.5}
2025-12-24 00:40:10,898 MambaPro.train INFO: history_Rank-5:{78.5 , 84.7 , 84.2 , 85.4 , 85.9 , 88.3 , 89.8 , 89.2 , 90.5 , 90.8 , 91.0 , 89.9 , 90.1 , 91.1 , 90.1}
2025-12-24 00:40:10,898 MambaPro.train INFO: best_Rank-5:{91.1}
2025-12-24 00:40:10,898 MambaPro.train INFO: history_Rank-10:{81.5 , 85.8 , 85.9 , 86.8 , 87.1 , 89.3 , 90.5 , 89.9 , 91.8 , 90.3 , 92.2 , 92.0 , 91.2 , 91.1 , 91.6 , 90.2}
2025-12-24 00:40:10,898 MambaPro.train INFO: best_Rank-10:{92.2}
2025-12-24 00:40:10,898 MambaPro.train INFO: history_Experts:{[0.00 , 0.00 , 0.00] , [0.00 , 0.00 , 0.00] , [0.00 , 0.00 , 0.00] , [0.00 , 0.00 , 0.00] , [0.00 , 0.00 , 0.00] , [0.00 , 0.00 , 0.00] , [0.00 , 0.00 , 0.00] , [0.00 , 0.00 , 0.00] , [0.00 , 0.00 , 0.00] , [0.00 , 0.00 , 0.00] , [0.00 , 0.00 , 0.00] , [0.00 , 0.00 , 0.00] , [0.00 , 0.00 , 0.00] , [0.00 , 0.00 , 0.00] , [0.00 , 0.00 , 0.00] , [0.00 , 0.00 , 0.00] , [0.00 , 0.00 , 0.00] , [0.00 , 0.00 , 0.00]}
2025-12-24 00:41:40,024 MambaPro.train INFO: Epoch 19 done. Time per batch: 0.760[s] Speed: 84.3[samples/s]
2025-12-24 00:43:14,525 MambaPro.train INFO: Validation Results - Epoch: 19
2025-12-24 00:43:14,525 MambaPro.train INFO: Current mAP: 76.8%
2025-12-24 00:43:14,525 MambaPro.train INFO: CMC curve, Rank-1  :88.2%
2025-12-24 00:43:14,525 MambaPro.train INFO: CMC curve, Rank-5  :89.7%
2025-12-24 00:43:14,525 MambaPro.train INFO: CMC curve, Rank-10 :90.2%
2025-12-24 00:43:14,525 MambaPro.train INFO: [Epoch 19] 指标集合列表（历史）
2025-12-24 00:43:14,525 MambaPro.train INFO: history_mAP:{53.0 , 63.3 , 67.8 , 68.4 , 68.1 , 70.1 , 75.8 , 73.4 , 75.6 , 74.1 , 76.4 , 76.3 , 75.1 , 76.1 , 76.1 , 77.0 , 76.6 , 76.3 , 76.8}
2025-12-24 00:43:14,525 MambaPro.train INFO: best_mAP:{77.0}
2025-12-24 00:43:14,525 MambaPro.train INFO: history_Rank-1:{73.5 , 82.0 , 81.5 , 83.4 , 84.4 , 85.9 , 88.7 , 87.2 , 89.3 , 87.6 , 89.5 , 88.7 , 88.2 , 89.0 , 89.3 , 88.6 , 88.0 , 88.2}
2025-12-24 00:43:14,525 MambaPro.train INFO: best_Rank-1:{89.5}
2025-12-24 00:43:14,525 MambaPro.train INFO: history_Rank-5:{78.5 , 84.7 , 84.2 , 85.4 , 85.9 , 88.3 , 89.8 , 89.2 , 90.5 , 90.8 , 91.0 , 89.9 , 90.1 , 91.1 , 90.1 , 89.7}
2025-12-24 00:43:14,525 MambaPro.train INFO: best_Rank-5:{91.1}
2025-12-24 00:43:14,525 MambaPro.train INFO: history_Rank-10:{81.5 , 85.8 , 85.9 , 86.8 , 87.1 , 89.3 , 90.5 , 89.9 , 91.8 , 90.3 , 92.2 , 92.0 , 91.2 , 91.1 , 91.6 , 90.2}
2025-12-24 00:43:14,525 MambaPro.train INFO: best_Rank-10:{92.2}
2025-12-24 00:43:14,525 MambaPro.train INFO: history_Experts:{[0.00 , 0.00 , 0.00] , [0.00 , 0.00 , 0.00] , [0.00 , 0.00 , 0.00] , [0.00 , 0.00 , 0.00] , [0.00 , 0.00 , 0.00] , [0.00 , 0.00 , 0.00] , [0.00 , 0.00 , 0.00] , [0.00 , 0.00 , 0.00] , [0.00 , 0.00 , 0.00] , [0.00 , 0.00 , 0.00] , [0.00 , 0.00 , 0.00] , [0.00 , 0.00 , 0.00] , [0.00 , 0.00 , 0.00] , [0.00 , 0.00 , 0.00] , [0.00 , 0.00 , 0.00] , [0.00 , 0.00 , 0.00] , [0.00 , 0.00 , 0.00] , [0.00 , 0.00 , 0.00] , [0.00 , 0.00 , 0.00]}
2025-12-24 00:44:42,943 MambaPro.train INFO: Epoch 20 done. Time per batch: 0.760[s] Speed: 84.2[samples/s]
2025-12-24 00:46:17,616 MambaPro.train INFO: Validation Results - Epoch: 20
2025-12-24 00:46:17,616 MambaPro.train INFO: Current mAP: 76.8%
2025-12-24 00:46:17,616 MambaPro.train INFO: CMC curve, Rank-1  :87.6%
2025-12-24 00:46:17,616 MambaPro.train INFO: CMC curve, Rank-5  :89.6%
2025-12-24 00:46:17,616 MambaPro.train INFO: CMC curve, Rank-10 :90.6%
2025-12-24 00:46:17,617 MambaPro.train INFO: [Epoch 20] 指标集合列表（历史）
2025-12-24 00:46:17,617 MambaPro.train INFO: history_mAP:{53.0 , 63.3 , 67.8 , 68.4 , 68.1 , 70.1 , 75.8 , 73.4 , 75.6 , 74.1 , 76.4 , 76.3 , 75.1 , 76.1 , 76.1 , 77.0 , 76.6 , 76.3 , 76.8 , 76.8}
2025-12-24 00:46:17,617 MambaPro.train INFO: best_mAP:{77.0}
2025-12-24 00:46:17,617 MambaPro.train INFO: history_Rank-1:{73.5 , 82.0 , 81.5 , 83.4 , 84.4 , 85.9 , 88.7 , 87.2 , 89.3 , 87.6 , 89.5 , 88.7 , 88.2 , 89.0 , 89.3 , 88.6 , 88.0 , 88.2}
2025-12-24 00:46:17,617 MambaPro.train INFO: best_Rank-1:{89.5}
2025-12-24 00:46:17,617 MambaPro.train INFO: history_Rank-5:{78.5 , 84.7 , 84.2 , 85.4 , 85.9 , 88.3 , 89.8 , 89.2 , 90.5 , 90.8 , 91.0 , 89.9 , 90.1 , 91.1 , 90.1 , 89.7 , 89.6}
2025-12-24 00:46:17,617 MambaPro.train INFO: best_Rank-5:{91.1}
2025-12-24 00:46:17,617 MambaPro.train INFO: history_Rank-10:{81.5 , 85.8 , 85.9 , 86.8 , 87.1 , 89.3 , 90.5 , 89.9 , 91.8 , 90.3 , 92.2 , 92.0 , 91.2 , 91.1 , 91.6 , 90.2 , 90.6}
2025-12-24 00:46:17,617 MambaPro.train INFO: best_Rank-10:{92.2}
2025-12-24 00:46:17,617 MambaPro.train INFO: history_Experts:{[0.00 , 0.00 , 0.00] , [0.00 , 0.00 , 0.00] , [0.00 , 0.00 , 0.00] , [0.00 , 0.00 , 0.00] , [0.00 , 0.00 , 0.00] , [0.00 , 0.00 , 0.00] , [0.00 , 0.00 , 0.00] , [0.00 , 0.00 , 0.00] , [0.00 , 0.00 , 0.00] , [0.00 , 0.00 , 0.00] , [0.00 , 0.00 , 0.00] , [0.00 , 0.00 , 0.00] , [0.00 , 0.00 , 0.00] , [0.00 , 0.00 , 0.00] , [0.00 , 0.00 , 0.00] , [0.00 , 0.00 , 0.00] , [0.00 , 0.00 , 0.00] , [0.00 , 0.00 , 0.00] , [0.00 , 0.00 , 0.00] , [0.00 , 0.00 , 0.00]}
2025-12-24 00:47:45,938 MambaPro.train INFO: Epoch 21 done. Time per batch: 0.759[s] Speed: 84.3[samples/s]
2025-12-24 00:49:20,453 MambaPro.train INFO: Validation Results - Epoch: 21
2025-12-24 00:49:20,453 MambaPro.train INFO: Current mAP: 76.5%
2025-12-24 00:49:20,453 MambaPro.train INFO: CMC curve, Rank-1  :88.2%
2025-12-24 00:49:20,453 MambaPro.train INFO: CMC curve, Rank-5  :89.7%
2025-12-24 00:49:20,453 MambaPro.train INFO: CMC curve, Rank-10 :90.7%
2025-12-24 00:49:20,453 MambaPro.train INFO: [Epoch 21] 指标集合列表（历史）
2025-12-24 00:49:20,453 MambaPro.train INFO: history_mAP:{53.0 , 63.3 , 67.8 , 68.4 , 68.1 , 70.1 , 75.8 , 73.4 , 75.6 , 74.1 , 76.4 , 76.3 , 75.1 , 76.1 , 76.1 , 77.0 , 76.6 , 76.3 , 76.8 , 76.8 , 76.5}
2025-12-24 00:49:20,453 MambaPro.train INFO: best_mAP:{77.0}
2025-12-24 00:49:20,453 MambaPro.train INFO: history_Rank-1:{73.5 , 82.0 , 81.5 , 83.4 , 84.4 , 85.9 , 88.7 , 87.2 , 89.3 , 87.6 , 89.5 , 88.7 , 88.2 , 89.0 , 89.3 , 88.6 , 88.0 , 88.2}
2025-12-24 00:49:20,453 MambaPro.train INFO: best_Rank-1:{89.5}
2025-12-24 00:49:20,453 MambaPro.train INFO: history_Rank-5:{78.5 , 84.7 , 84.2 , 85.4 , 85.9 , 88.3 , 89.8 , 89.2 , 90.5 , 90.8 , 91.0 , 89.9 , 90.1 , 91.1 , 90.1 , 89.7 , 89.6}
2025-12-24 00:49:20,453 MambaPro.train INFO: best_Rank-5:{91.1}
2025-12-24 00:49:20,453 MambaPro.train INFO: history_Rank-10:{81.5 , 85.8 , 85.9 , 86.8 , 87.1 , 89.3 , 90.5 , 89.9 , 91.8 , 90.3 , 92.2 , 92.0 , 91.2 , 91.1 , 91.6 , 90.2 , 90.6 , 90.7}
2025-12-24 00:49:20,453 MambaPro.train INFO: best_Rank-10:{92.2}
2025-12-24 00:49:20,453 MambaPro.train INFO: history_Experts:{[0.00 , 0.00 , 0.00] , [0.00 , 0.00 , 0.00] , [0.00 , 0.00 , 0.00] , [0.00 , 0.00 , 0.00] , [0.00 , 0.00 , 0.00] , [0.00 , 0.00 , 0.00] , [0.00 , 0.00 , 0.00] , [0.00 , 0.00 , 0.00] , [0.00 , 0.00 , 0.00] , [0.00 , 0.00 , 0.00] , [0.00 , 0.00 , 0.00] , [0.00 , 0.00 , 0.00] , [0.00 , 0.00 , 0.00] , [0.00 , 0.00 , 0.00] , [0.00 , 0.00 , 0.00] , [0.00 , 0.00 , 0.00] , [0.00 , 0.00 , 0.00] , [0.00 , 0.00 , 0.00] , [0.00 , 0.00 , 0.00] , [0.00 , 0.00 , 0.00] , [0.00 , 0.00 , 0.00]}
2025-12-24 00:50:48,673 MambaPro.train INFO: Epoch 22 done. Time per batch: 0.758[s] Speed: 84.4[samples/s]
2025-12-24 00:52:23,180 MambaPro.train INFO: Validation Results - Epoch: 22
2025-12-24 00:52:23,180 MambaPro.train INFO: Current mAP: 76.7%
2025-12-24 00:52:23,180 MambaPro.train INFO: CMC curve, Rank-1  :88.1%
2025-12-24 00:52:23,180 MambaPro.train INFO: CMC curve, Rank-5  :88.9%
2025-12-24 00:52:23,180 MambaPro.train INFO: CMC curve, Rank-10 :89.6%
2025-12-24 00:52:23,180 MambaPro.train INFO: [Epoch 22] 指标集合列表（历史）
2025-12-24 00:52:23,180 MambaPro.train INFO: history_mAP:{53.0 , 63.3 , 67.8 , 68.4 , 68.1 , 70.1 , 75.8 , 73.4 , 75.6 , 74.1 , 76.4 , 76.3 , 75.1 , 76.1 , 76.1 , 77.0 , 76.6 , 76.3 , 76.8 , 76.8 , 76.5 , 76.7}
2025-12-24 00:52:23,180 MambaPro.train INFO: best_mAP:{77.0}
2025-12-24 00:52:23,180 MambaPro.train INFO: history_Rank-1:{73.5 , 82.0 , 81.5 , 83.4 , 84.4 , 85.9 , 88.7 , 87.2 , 89.3 , 87.6 , 89.5 , 88.7 , 88.2 , 89.0 , 89.3 , 88.6 , 88.0 , 88.2 , 88.1}
2025-12-24 00:52:23,181 MambaPro.train INFO: best_Rank-1:{89.5}
2025-12-24 00:52:23,181 MambaPro.train INFO: history_Rank-5:{78.5 , 84.7 , 84.2 , 85.4 , 85.9 , 88.3 , 89.8 , 89.2 , 90.5 , 90.8 , 91.0 , 89.9 , 90.1 , 91.1 , 90.1 , 89.7 , 89.6 , 88.9}
2025-12-24 00:52:23,181 MambaPro.train INFO: best_Rank-5:{91.1}
2025-12-24 00:52:23,181 MambaPro.train INFO: history_Rank-10:{81.5 , 85.8 , 85.9 , 86.8 , 87.1 , 89.3 , 90.5 , 89.9 , 91.8 , 90.3 , 92.2 , 92.0 , 91.2 , 91.1 , 91.6 , 90.2 , 90.6 , 90.7 , 89.6}
2025-12-24 00:52:23,181 MambaPro.train INFO: best_Rank-10:{92.2}
2025-12-24 00:52:23,181 MambaPro.train INFO: history_Experts:{[0.00 , 0.00 , 0.00] , [0.00 , 0.00 , 0.00] , [0.00 , 0.00 , 0.00] , [0.00 , 0.00 , 0.00] , [0.00 , 0.00 , 0.00] , [0.00 , 0.00 , 0.00] , [0.00 , 0.00 , 0.00] , [0.00 , 0.00 , 0.00] , [0.00 , 0.00 , 0.00] , [0.00 , 0.00 , 0.00] , [0.00 , 0.00 , 0.00] , [0.00 , 0.00 , 0.00] , [0.00 , 0.00 , 0.00] , [0.00 , 0.00 , 0.00] , [0.00 , 0.00 , 0.00] , [0.00 , 0.00 , 0.00] , [0.00 , 0.00 , 0.00] , [0.00 , 0.00 , 0.00] , [0.00 , 0.00 , 0.00] , [0.00 , 0.00 , 0.00] , [0.00 , 0.00 , 0.00] , [0.00 , 0.00 , 0.00]}
2025-12-24 00:53:51,421 MambaPro.train INFO: Epoch 23 done. Time per batch: 0.758[s] Speed: 84.4[samples/s]
2025-12-24 00:55:25,914 MambaPro.train INFO: Validation Results - Epoch: 23
2025-12-24 00:55:25,914 MambaPro.train INFO: Current mAP: 77.1%
2025-12-24 00:55:25,914 MambaPro.train INFO: CMC curve, Rank-1  :88.7%
2025-12-24 00:55:25,914 MambaPro.train INFO: CMC curve, Rank-5  :89.9%
2025-12-24 00:55:25,915 MambaPro.train INFO: CMC curve, Rank-10 :90.7%
2025-12-24 00:55:25,915 MambaPro.train INFO: 🎯 New Best! Saving model...
2025-12-24 00:55:26,397 MambaPro.train INFO: [Epoch 23] 指标集合列表（历史）
2025-12-24 00:55:26,397 MambaPro.train INFO: history_mAP:{53.0 , 63.3 , 67.8 , 68.4 , 68.1 , 70.1 , 75.8 , 73.4 , 75.6 , 74.1 , 76.4 , 76.3 , 75.1 , 76.1 , 76.1 , 77.0 , 76.6 , 76.3 , 76.8 , 76.8 , 76.5 , 76.7 , 77.1}
2025-12-24 00:55:26,397 MambaPro.train INFO: best_mAP:{77.1}
2025-12-24 00:55:26,398 MambaPro.train INFO: history_Rank-1:{73.5 , 82.0 , 81.5 , 83.4 , 84.4 , 85.9 , 88.7 , 87.2 , 89.3 , 87.6 , 89.5 , 88.7 , 88.2 , 89.0 , 89.3 , 88.6 , 88.0 , 88.2 , 88.1}
2025-12-24 00:55:26,398 MambaPro.train INFO: best_Rank-1:{89.5}
2025-12-24 00:55:26,398 MambaPro.train INFO: history_Rank-5:{78.5 , 84.7 , 84.2 , 85.4 , 85.9 , 88.3 , 89.8 , 89.2 , 90.5 , 90.8 , 91.0 , 89.9 , 90.1 , 91.1 , 90.1 , 89.7 , 89.6 , 88.9}
2025-12-24 00:55:26,398 MambaPro.train INFO: best_Rank-5:{91.1}
2025-12-24 00:55:26,398 MambaPro.train INFO: history_Rank-10:{81.5 , 85.8 , 85.9 , 86.8 , 87.1 , 89.3 , 90.5 , 89.9 , 91.8 , 90.3 , 92.2 , 92.0 , 91.2 , 91.1 , 91.6 , 90.2 , 90.6 , 90.7 , 89.6 , 90.7}
2025-12-24 00:55:26,398 MambaPro.train INFO: best_Rank-10:{92.2}
2025-12-24 00:55:26,398 MambaPro.train INFO: history_Experts:{[0.00 , 0.00 , 0.00] , [0.00 , 0.00 , 0.00] , [0.00 , 0.00 , 0.00] , [0.00 , 0.00 , 0.00] , [0.00 , 0.00 , 0.00] , [0.00 , 0.00 , 0.00] , [0.00 , 0.00 , 0.00] , [0.00 , 0.00 , 0.00] , [0.00 , 0.00 , 0.00] , [0.00 , 0.00 , 0.00] , [0.00 , 0.00 , 0.00] , [0.00 , 0.00 , 0.00] , [0.00 , 0.00 , 0.00] , [0.00 , 0.00 , 0.00] , [0.00 , 0.00 , 0.00] , [0.00 , 0.00 , 0.00] , [0.00 , 0.00 , 0.00] , [0.00 , 0.00 , 0.00] , [0.00 , 0.00 , 0.00] , [0.00 , 0.00 , 0.00] , [0.00 , 0.00 , 0.00] , [0.00 , 0.00 , 0.00] , [0.00 , 0.00 , 0.00]}
2025-12-24 00:56:54,587 MambaPro.train INFO: Epoch 24 done. Time per batch: 0.758[s] Speed: 84.4[samples/s]
2025-12-24 00:58:29,182 MambaPro.train INFO: Validation Results - Epoch: 24
2025-12-24 00:58:29,183 MambaPro.train INFO: Current mAP: 77.0%
2025-12-24 00:58:29,183 MambaPro.train INFO: CMC curve, Rank-1  :88.3%
2025-12-24 00:58:29,183 MambaPro.train INFO: CMC curve, Rank-5  :89.9%
2025-12-24 00:58:29,183 MambaPro.train INFO: CMC curve, Rank-10 :90.5%
2025-12-24 00:58:29,183 MambaPro.train INFO: [Epoch 24] 指标集合列表（历史）
2025-12-24 00:58:29,183 MambaPro.train INFO: history_mAP:{53.0 , 63.3 , 67.8 , 68.4 , 68.1 , 70.1 , 75.8 , 73.4 , 75.6 , 74.1 , 76.4 , 76.3 , 75.1 , 76.1 , 76.1 , 77.0 , 76.6 , 76.3 , 76.8 , 76.8 , 76.5 , 76.7 , 77.1 , 77.0}
2025-12-24 00:58:29,183 MambaPro.train INFO: best_mAP:{77.1}
2025-12-24 00:58:29,183 MambaPro.train INFO: history_Rank-1:{73.5 , 82.0 , 81.5 , 83.4 , 84.4 , 85.9 , 88.7 , 87.2 , 89.3 , 87.6 , 89.5 , 88.7 , 88.2 , 89.0 , 89.3 , 88.6 , 88.0 , 88.2 , 88.1 , 88.3}
2025-12-24 00:58:29,183 MambaPro.train INFO: best_Rank-1:{89.5}
2025-12-24 00:58:29,183 MambaPro.train INFO: history_Rank-5:{78.5 , 84.7 , 84.2 , 85.4 , 85.9 , 88.3 , 89.8 , 89.2 , 90.5 , 90.8 , 91.0 , 89.9 , 90.1 , 91.1 , 90.1 , 89.7 , 89.6 , 88.9}
2025-12-24 00:58:29,183 MambaPro.train INFO: best_Rank-5:{91.1}
2025-12-24 00:58:29,183 MambaPro.train INFO: history_Rank-10:{81.5 , 85.8 , 85.9 , 86.8 , 87.1 , 89.3 , 90.5 , 89.9 , 91.8 , 90.3 , 92.2 , 92.0 , 91.2 , 91.1 , 91.6 , 90.2 , 90.6 , 90.7 , 89.6 , 90.7}
2025-12-24 00:58:29,183 MambaPro.train INFO: best_Rank-10:{92.2}
2025-12-24 00:58:29,183 MambaPro.train INFO: history_Experts:{[0.00 , 0.00 , 0.00] , [0.00 , 0.00 , 0.00] , [0.00 , 0.00 , 0.00] , [0.00 , 0.00 , 0.00] , [0.00 , 0.00 , 0.00] , [0.00 , 0.00 , 0.00] , [0.00 , 0.00 , 0.00] , [0.00 , 0.00 , 0.00] , [0.00 , 0.00 , 0.00] , [0.00 , 0.00 , 0.00] , [0.00 , 0.00 , 0.00] , [0.00 , 0.00 , 0.00] , [0.00 , 0.00 , 0.00] , [0.00 , 0.00 , 0.00] , [0.00 , 0.00 , 0.00] , [0.00 , 0.00 , 0.00] , [0.00 , 0.00 , 0.00] , [0.00 , 0.00 , 0.00] , [0.00 , 0.00 , 0.00] , [0.00 , 0.00 , 0.00] , [0.00 , 0.00 , 0.00] , [0.00 , 0.00 , 0.00] , [0.00 , 0.00 , 0.00] , [0.00 , 0.00 , 0.00]}
2025-12-24 00:59:58,096 MambaPro.train INFO: Epoch 25 done. Time per batch: 0.758[s] Speed: 84.5[samples/s]
2025-12-24 01:01:32,619 MambaPro.train INFO: Validation Results - Epoch: 25
2025-12-24 01:01:32,619 MambaPro.train INFO: Current mAP: 77.0%
2025-12-24 01:01:32,619 MambaPro.train INFO: CMC curve, Rank-1  :88.6%
2025-12-24 01:01:32,619 MambaPro.train INFO: CMC curve, Rank-5  :90.1%
2025-12-24 01:01:32,619 MambaPro.train INFO: CMC curve, Rank-10 :90.7%
2025-12-24 01:01:32,619 MambaPro.train INFO: [Epoch 25] 指标集合列表（历史）
2025-12-24 01:01:32,619 MambaPro.train INFO: history_mAP:{53.0 , 63.3 , 67.8 , 68.4 , 68.1 , 70.1 , 75.8 , 73.4 , 75.6 , 74.1 , 76.4 , 76.3 , 75.1 , 76.1 , 76.1 , 77.0 , 76.6 , 76.3 , 76.8 , 76.8 , 76.5 , 76.7 , 77.1 , 77.0 , 77.0}
2025-12-24 01:01:32,619 MambaPro.train INFO: best_mAP:{77.1}
2025-12-24 01:01:32,619 MambaPro.train INFO: history_Rank-1:{73.5 , 82.0 , 81.5 , 83.4 , 84.4 , 85.9 , 88.7 , 87.2 , 89.3 , 87.6 , 89.5 , 88.7 , 88.2 , 89.0 , 89.3 , 88.6 , 88.0 , 88.2 , 88.1 , 88.3 , 88.6}
2025-12-24 01:01:32,619 MambaPro.train INFO: best_Rank-1:{89.5}
2025-12-24 01:01:32,619 MambaPro.train INFO: history_Rank-5:{78.5 , 84.7 , 84.2 , 85.4 , 85.9 , 88.3 , 89.8 , 89.2 , 90.5 , 90.8 , 91.0 , 89.9 , 90.1 , 91.1 , 90.1 , 89.7 , 89.6 , 88.9}
2025-12-24 01:01:32,619 MambaPro.train INFO: best_Rank-5:{91.1}
2025-12-24 01:01:32,619 MambaPro.train INFO: history_Rank-10:{81.5 , 85.8 , 85.9 , 86.8 , 87.1 , 89.3 , 90.5 , 89.9 , 91.8 , 90.3 , 92.2 , 92.0 , 91.2 , 91.1 , 91.6 , 90.2 , 90.6 , 90.7 , 89.6 , 90.7}
2025-12-24 01:01:32,619 MambaPro.train INFO: best_Rank-10:{92.2}
2025-12-24 01:01:32,619 MambaPro.train INFO: history_Experts:{[0.00 , 0.00 , 0.00] , [0.00 , 0.00 , 0.00] , [0.00 , 0.00 , 0.00] , [0.00 , 0.00 , 0.00] , [0.00 , 0.00 , 0.00] , [0.00 , 0.00 , 0.00] , [0.00 , 0.00 , 0.00] , [0.00 , 0.00 , 0.00] , [0.00 , 0.00 , 0.00] , [0.00 , 0.00 , 0.00] , [0.00 , 0.00 , 0.00] , [0.00 , 0.00 , 0.00] , [0.00 , 0.00 , 0.00] , [0.00 , 0.00 , 0.00] , [0.00 , 0.00 , 0.00] , [0.00 , 0.00 , 0.00] , [0.00 , 0.00 , 0.00] , [0.00 , 0.00 , 0.00] , [0.00 , 0.00 , 0.00] , [0.00 , 0.00 , 0.00] , [0.00 , 0.00 , 0.00] , [0.00 , 0.00 , 0.00] , [0.00 , 0.00 , 0.00] , [0.00 , 0.00 , 0.00] , [0.00 , 0.00 , 0.00]}
2025-12-24 01:03:01,073 MambaPro.train INFO: Epoch 26 done. Time per batch: 0.760[s] Speed: 84.2[samples/s]
2025-12-24 01:04:35,630 MambaPro.train INFO: Validation Results - Epoch: 26
2025-12-24 01:04:35,630 MambaPro.train INFO: Current mAP: 76.9%
2025-12-24 01:04:35,630 MambaPro.train INFO: CMC curve, Rank-1  :88.7%
2025-12-24 01:04:35,630 MambaPro.train INFO: CMC curve, Rank-5  :90.0%
2025-12-24 01:04:35,630 MambaPro.train INFO: CMC curve, Rank-10 :90.8%
2025-12-24 01:04:35,630 MambaPro.train INFO: [Epoch 26] 指标集合列表（历史）
2025-12-24 01:04:35,630 MambaPro.train INFO: history_mAP:{53.0 , 63.3 , 67.8 , 68.4 , 68.1 , 70.1 , 75.8 , 73.4 , 75.6 , 74.1 , 76.4 , 76.3 , 75.1 , 76.1 , 76.1 , 77.0 , 76.6 , 76.3 , 76.8 , 76.8 , 76.5 , 76.7 , 77.1 , 77.0 , 77.0 , 76.9}
2025-12-24 01:04:35,630 MambaPro.train INFO: best_mAP:{77.1}
2025-12-24 01:04:35,630 MambaPro.train INFO: history_Rank-1:{73.5 , 82.0 , 81.5 , 83.4 , 84.4 , 85.9 , 88.7 , 87.2 , 89.3 , 87.6 , 89.5 , 88.7 , 88.2 , 89.0 , 89.3 , 88.6 , 88.0 , 88.2 , 88.1 , 88.3 , 88.6}
2025-12-24 01:04:35,630 MambaPro.train INFO: best_Rank-1:{89.5}
2025-12-24 01:04:35,630 MambaPro.train INFO: history_Rank-5:{78.5 , 84.7 , 84.2 , 85.4 , 85.9 , 88.3 , 89.8 , 89.2 , 90.5 , 90.8 , 91.0 , 89.9 , 90.1 , 91.1 , 90.1 , 89.7 , 89.6 , 88.9 , 90.0}
2025-12-24 01:04:35,630 MambaPro.train INFO: best_Rank-5:{91.1}
2025-12-24 01:04:35,631 MambaPro.train INFO: history_Rank-10:{81.5 , 85.8 , 85.9 , 86.8 , 87.1 , 89.3 , 90.5 , 89.9 , 91.8 , 90.3 , 92.2 , 92.0 , 91.2 , 91.1 , 91.6 , 90.2 , 90.6 , 90.7 , 89.6 , 90.7 , 90.8}
2025-12-24 01:04:35,631 MambaPro.train INFO: best_Rank-10:{92.2}
2025-12-24 01:04:35,631 MambaPro.train INFO: history_Experts:{[0.00 , 0.00 , 0.00] , [0.00 , 0.00 , 0.00] , [0.00 , 0.00 , 0.00] , [0.00 , 0.00 , 0.00] , [0.00 , 0.00 , 0.00] , [0.00 , 0.00 , 0.00] , [0.00 , 0.00 , 0.00] , [0.00 , 0.00 , 0.00] , [0.00 , 0.00 , 0.00] , [0.00 , 0.00 , 0.00] , [0.00 , 0.00 , 0.00] , [0.00 , 0.00 , 0.00] , [0.00 , 0.00 , 0.00] , [0.00 , 0.00 , 0.00] , [0.00 , 0.00 , 0.00] , [0.00 , 0.00 , 0.00] , [0.00 , 0.00 , 0.00] , [0.00 , 0.00 , 0.00] , [0.00 , 0.00 , 0.00] , [0.00 , 0.00 , 0.00] , [0.00 , 0.00 , 0.00] , [0.00 , 0.00 , 0.00] , [0.00 , 0.00 , 0.00] , [0.00 , 0.00 , 0.00] , [0.00 , 0.00 , 0.00] , [0.00 , 0.00 , 0.00]}
2025-12-24 01:06:03,854 MambaPro.train INFO: Epoch 27 done. Time per batch: 0.758[s] Speed: 84.4[samples/s]
2025-12-24 01:07:38,367 MambaPro.train INFO: Validation Results - Epoch: 27
2025-12-24 01:07:38,367 MambaPro.train INFO: Current mAP: 76.9%
2025-12-24 01:07:38,367 MambaPro.train INFO: CMC curve, Rank-1  :88.3%
2025-12-24 01:07:38,367 MambaPro.train INFO: CMC curve, Rank-5  :89.6%
2025-12-24 01:07:38,367 MambaPro.train INFO: CMC curve, Rank-10 :90.4%
2025-12-24 01:07:38,367 MambaPro.train INFO: [Epoch 27] 指标集合列表（历史）
2025-12-24 01:07:38,367 MambaPro.train INFO: history_mAP:{53.0 , 63.3 , 67.8 , 68.4 , 68.1 , 70.1 , 75.8 , 73.4 , 75.6 , 74.1 , 76.4 , 76.3 , 75.1 , 76.1 , 76.1 , 77.0 , 76.6 , 76.3 , 76.8 , 76.8 , 76.5 , 76.7 , 77.1 , 77.0 , 77.0 , 76.9 , 76.9}
2025-12-24 01:07:38,367 MambaPro.train INFO: best_mAP:{77.1}
2025-12-24 01:07:38,367 MambaPro.train INFO: history_Rank-1:{73.5 , 82.0 , 81.5 , 83.4 , 84.4 , 85.9 , 88.7 , 87.2 , 89.3 , 87.6 , 89.5 , 88.7 , 88.2 , 89.0 , 89.3 , 88.6 , 88.0 , 88.2 , 88.1 , 88.3 , 88.6}
2025-12-24 01:07:38,367 MambaPro.train INFO: best_Rank-1:{89.5}
2025-12-24 01:07:38,367 MambaPro.train INFO: history_Rank-5:{78.5 , 84.7 , 84.2 , 85.4 , 85.9 , 88.3 , 89.8 , 89.2 , 90.5 , 90.8 , 91.0 , 89.9 , 90.1 , 91.1 , 90.1 , 89.7 , 89.6 , 88.9 , 90.0}
2025-12-24 01:07:38,367 MambaPro.train INFO: best_Rank-5:{91.1}
2025-12-24 01:07:38,367 MambaPro.train INFO: history_Rank-10:{81.5 , 85.8 , 85.9 , 86.8 , 87.1 , 89.3 , 90.5 , 89.9 , 91.8 , 90.3 , 92.2 , 92.0 , 91.2 , 91.1 , 91.6 , 90.2 , 90.6 , 90.7 , 89.6 , 90.7 , 90.8 , 90.4}
2025-12-24 01:07:38,367 MambaPro.train INFO: best_Rank-10:{92.2}
2025-12-24 01:07:38,367 MambaPro.train INFO: history_Experts:{[0.00 , 0.00 , 0.00] , [0.00 , 0.00 , 0.00] , [0.00 , 0.00 , 0.00] , [0.00 , 0.00 , 0.00] , [0.00 , 0.00 , 0.00] , [0.00 , 0.00 , 0.00] , [0.00 , 0.00 , 0.00] , [0.00 , 0.00 , 0.00] , [0.00 , 0.00 , 0.00] , [0.00 , 0.00 , 0.00] , [0.00 , 0.00 , 0.00] , [0.00 , 0.00 , 0.00] , [0.00 , 0.00 , 0.00] , [0.00 , 0.00 , 0.00] , [0.00 , 0.00 , 0.00] , [0.00 , 0.00 , 0.00] , [0.00 , 0.00 , 0.00] , [0.00 , 0.00 , 0.00] , [0.00 , 0.00 , 0.00] , [0.00 , 0.00 , 0.00] , [0.00 , 0.00 , 0.00] , [0.00 , 0.00 , 0.00] , [0.00 , 0.00 , 0.00] , [0.00 , 0.00 , 0.00] , [0.00 , 0.00 , 0.00] , [0.00 , 0.00 , 0.00] , [0.00 , 0.00 , 0.00]}
2025-12-24 01:09:07,401 MambaPro.train INFO: Epoch 28 done. Time per batch: 0.759[s] Speed: 84.3[samples/s]
2025-12-24 01:10:41,910 MambaPro.train INFO: Validation Results - Epoch: 28
2025-12-24 01:10:41,910 MambaPro.train INFO: Current mAP: 76.9%
2025-12-24 01:10:41,910 MambaPro.train INFO: CMC curve, Rank-1  :88.3%
2025-12-24 01:10:41,910 MambaPro.train INFO: CMC curve, Rank-5  :89.9%
2025-12-24 01:10:41,910 MambaPro.train INFO: CMC curve, Rank-10 :90.4%
2025-12-24 01:10:41,910 MambaPro.train INFO: [Epoch 28] 指标集合列表（历史）
2025-12-24 01:10:41,910 MambaPro.train INFO: history_mAP:{53.0 , 63.3 , 67.8 , 68.4 , 68.1 , 70.1 , 75.8 , 73.4 , 75.6 , 74.1 , 76.4 , 76.3 , 75.1 , 76.1 , 76.1 , 77.0 , 76.6 , 76.3 , 76.8 , 76.8 , 76.5 , 76.7 , 77.1 , 77.0 , 77.0 , 76.9 , 76.9 , 76.9}
2025-12-24 01:10:41,910 MambaPro.train INFO: best_mAP:{77.1}
2025-12-24 01:10:41,910 MambaPro.train INFO: history_Rank-1:{73.5 , 82.0 , 81.5 , 83.4 , 84.4 , 85.9 , 88.7 , 87.2 , 89.3 , 87.6 , 89.5 , 88.7 , 88.2 , 89.0 , 89.3 , 88.6 , 88.0 , 88.2 , 88.1 , 88.3 , 88.6 , 88.3}
2025-12-24 01:10:41,910 MambaPro.train INFO: best_Rank-1:{89.5}
2025-12-24 01:10:41,910 MambaPro.train INFO: history_Rank-5:{78.5 , 84.7 , 84.2 , 85.4 , 85.9 , 88.3 , 89.8 , 89.2 , 90.5 , 90.8 , 91.0 , 89.9 , 90.1 , 91.1 , 90.1 , 89.7 , 89.6 , 88.9 , 90.0 , 89.9}
2025-12-24 01:10:41,910 MambaPro.train INFO: best_Rank-5:{91.1}
2025-12-24 01:10:41,910 MambaPro.train INFO: history_Rank-10:{81.5 , 85.8 , 85.9 , 86.8 , 87.1 , 89.3 , 90.5 , 89.9 , 91.8 , 90.3 , 92.2 , 92.0 , 91.2 , 91.1 , 91.6 , 90.2 , 90.6 , 90.7 , 89.6 , 90.7 , 90.8 , 90.4 , 90.4}
2025-12-24 01:10:41,910 MambaPro.train INFO: best_Rank-10:{92.2}
2025-12-24 01:10:41,910 MambaPro.train INFO: history_Experts:{[0.00 , 0.00 , 0.00] , [0.00 , 0.00 , 0.00] , [0.00 , 0.00 , 0.00] , [0.00 , 0.00 , 0.00] , [0.00 , 0.00 , 0.00] , [0.00 , 0.00 , 0.00] , [0.00 , 0.00 , 0.00] , [0.00 , 0.00 , 0.00] , [0.00 , 0.00 , 0.00] , [0.00 , 0.00 , 0.00] , [0.00 , 0.00 , 0.00] , [0.00 , 0.00 , 0.00] , [0.00 , 0.00 , 0.00] , [0.00 , 0.00 , 0.00] , [0.00 , 0.00 , 0.00] , [0.00 , 0.00 , 0.00] , [0.00 , 0.00 , 0.00] , [0.00 , 0.00 , 0.00] , [0.00 , 0.00 , 0.00] , [0.00 , 0.00 , 0.00] , [0.00 , 0.00 , 0.00] , [0.00 , 0.00 , 0.00] , [0.00 , 0.00 , 0.00] , [0.00 , 0.00 , 0.00] , [0.00 , 0.00 , 0.00] , [0.00 , 0.00 , 0.00] , [0.00 , 0.00 , 0.00] , [0.00 , 0.00 , 0.00]}
2025-12-24 01:12:10,857 MambaPro.train INFO: Epoch 29 done. Time per batch: 0.758[s] Speed: 84.4[samples/s]
2025-12-24 01:13:45,361 MambaPro.train INFO: Validation Results - Epoch: 29
2025-12-24 01:13:45,361 MambaPro.train INFO: Current mAP: 76.9%
2025-12-24 01:13:45,361 MambaPro.train INFO: CMC curve, Rank-1  :88.3%
2025-12-24 01:13:45,361 MambaPro.train INFO: CMC curve, Rank-5  :89.8%
2025-12-24 01:13:45,361 MambaPro.train INFO: CMC curve, Rank-10 :90.6%
2025-12-24 01:13:45,361 MambaPro.train INFO: [Epoch 29] 指标集合列表（历史）
2025-12-24 01:13:45,361 MambaPro.train INFO: history_mAP:{53.0 , 63.3 , 67.8 , 68.4 , 68.1 , 70.1 , 75.8 , 73.4 , 75.6 , 74.1 , 76.4 , 76.3 , 75.1 , 76.1 , 76.1 , 77.0 , 76.6 , 76.3 , 76.8 , 76.8 , 76.5 , 76.7 , 77.1 , 77.0 , 77.0 , 76.9 , 76.9 , 76.9 , 76.9}
2025-12-24 01:13:45,361 MambaPro.train INFO: best_mAP:{77.1}
2025-12-24 01:13:45,361 MambaPro.train INFO: history_Rank-1:{73.5 , 82.0 , 81.5 , 83.4 , 84.4 , 85.9 , 88.7 , 87.2 , 89.3 , 87.6 , 89.5 , 88.7 , 88.2 , 89.0 , 89.3 , 88.6 , 88.0 , 88.2 , 88.1 , 88.3 , 88.6 , 88.3}
2025-12-24 01:13:45,361 MambaPro.train INFO: best_Rank-1:{89.5}
2025-12-24 01:13:45,361 MambaPro.train INFO: history_Rank-5:{78.5 , 84.7 , 84.2 , 85.4 , 85.9 , 88.3 , 89.8 , 89.2 , 90.5 , 90.8 , 91.0 , 89.9 , 90.1 , 91.1 , 90.1 , 89.7 , 89.6 , 88.9 , 90.0 , 89.9}
2025-12-24 01:13:45,361 MambaPro.train INFO: best_Rank-5:{91.1}
2025-12-24 01:13:45,362 MambaPro.train INFO: history_Rank-10:{81.5 , 85.8 , 85.9 , 86.8 , 87.1 , 89.3 , 90.5 , 89.9 , 91.8 , 90.3 , 92.2 , 92.0 , 91.2 , 91.1 , 91.6 , 90.2 , 90.6 , 90.7 , 89.6 , 90.7 , 90.8 , 90.4 , 90.4}
2025-12-24 01:13:45,362 MambaPro.train INFO: best_Rank-10:{92.2}
2025-12-24 01:13:45,362 MambaPro.train INFO: history_Experts:{[0.00 , 0.00 , 0.00] , [0.00 , 0.00 , 0.00] , [0.00 , 0.00 , 0.00] , [0.00 , 0.00 , 0.00] , [0.00 , 0.00 , 0.00] , [0.00 , 0.00 , 0.00] , [0.00 , 0.00 , 0.00] , [0.00 , 0.00 , 0.00] , [0.00 , 0.00 , 0.00] , [0.00 , 0.00 , 0.00] , [0.00 , 0.00 , 0.00] , [0.00 , 0.00 , 0.00] , [0.00 , 0.00 , 0.00] , [0.00 , 0.00 , 0.00] , [0.00 , 0.00 , 0.00] , [0.00 , 0.00 , 0.00] , [0.00 , 0.00 , 0.00] , [0.00 , 0.00 , 0.00] , [0.00 , 0.00 , 0.00] , [0.00 , 0.00 , 0.00] , [0.00 , 0.00 , 0.00] , [0.00 , 0.00 , 0.00] , [0.00 , 0.00 , 0.00] , [0.00 , 0.00 , 0.00] , [0.00 , 0.00 , 0.00] , [0.00 , 0.00 , 0.00] , [0.00 , 0.00 , 0.00] , [0.00 , 0.00 , 0.00] , [0.00 , 0.00 , 0.00]}
2025-12-24 01:15:13,613 MambaPro.train INFO: Epoch 30 done. Time per batch: 0.759[s] Speed: 84.4[samples/s]
2025-12-24 01:16:48,138 MambaPro.train INFO: Validation Results - Epoch: 30
2025-12-24 01:16:48,138 MambaPro.train INFO: Current mAP: 77.0%
2025-12-24 01:16:48,138 MambaPro.train INFO: CMC curve, Rank-1  :88.3%
2025-12-24 01:16:48,138 MambaPro.train INFO: CMC curve, Rank-5  :89.9%
2025-12-24 01:16:48,138 MambaPro.train INFO: CMC curve, Rank-10 :90.5%
2025-12-24 01:16:48,138 MambaPro.train INFO: [Epoch 30] 指标集合列表（历史）
2025-12-24 01:16:48,138 MambaPro.train INFO: history_mAP:{53.0 , 63.3 , 67.8 , 68.4 , 68.1 , 70.1 , 75.8 , 73.4 , 75.6 , 74.1 , 76.4 , 76.3 , 75.1 , 76.1 , 76.1 , 77.0 , 76.6 , 76.3 , 76.8 , 76.8 , 76.5 , 76.7 , 77.1 , 77.0 , 77.0 , 76.9 , 76.9 , 76.9 , 76.9 , 77.0}
2025-12-24 01:16:48,138 MambaPro.train INFO: best_mAP:{77.1}
2025-12-24 01:16:48,138 MambaPro.train INFO: history_Rank-1:{73.5 , 82.0 , 81.5 , 83.4 , 84.4 , 85.9 , 88.7 , 87.2 , 89.3 , 87.6 , 89.5 , 88.7 , 88.2 , 89.0 , 89.3 , 88.6 , 88.0 , 88.2 , 88.1 , 88.3 , 88.6 , 88.3}
2025-12-24 01:16:48,138 MambaPro.train INFO: best_Rank-1:{89.5}
2025-12-24 01:16:48,138 MambaPro.train INFO: history_Rank-5:{78.5 , 84.7 , 84.2 , 85.4 , 85.9 , 88.3 , 89.8 , 89.2 , 90.5 , 90.8 , 91.0 , 89.9 , 90.1 , 91.1 , 90.1 , 89.7 , 89.6 , 88.9 , 90.0 , 89.9}
2025-12-24 01:16:48,138 MambaPro.train INFO: best_Rank-5:{91.1}
2025-12-24 01:16:48,138 MambaPro.train INFO: history_Rank-10:{81.5 , 85.8 , 85.9 , 86.8 , 87.1 , 89.3 , 90.5 , 89.9 , 91.8 , 90.3 , 92.2 , 92.0 , 91.2 , 91.1 , 91.6 , 90.2 , 90.6 , 90.7 , 89.6 , 90.7 , 90.8 , 90.4 , 90.4}
2025-12-24 01:16:48,138 MambaPro.train INFO: best_Rank-10:{92.2}
2025-12-24 01:16:48,138 MambaPro.train INFO: history_Experts:{[0.00 , 0.00 , 0.00] , [0.00 , 0.00 , 0.00] , [0.00 , 0.00 , 0.00] , [0.00 , 0.00 , 0.00] , [0.00 , 0.00 , 0.00] , [0.00 , 0.00 , 0.00] , [0.00 , 0.00 , 0.00] , [0.00 , 0.00 , 0.00] , [0.00 , 0.00 , 0.00] , [0.00 , 0.00 , 0.00] , [0.00 , 0.00 , 0.00] , [0.00 , 0.00 , 0.00] , [0.00 , 0.00 , 0.00] , [0.00 , 0.00 , 0.00] , [0.00 , 0.00 , 0.00] , [0.00 , 0.00 , 0.00] , [0.00 , 0.00 , 0.00] , [0.00 , 0.00 , 0.00] , [0.00 , 0.00 , 0.00] , [0.00 , 0.00 , 0.00] , [0.00 , 0.00 , 0.00] , [0.00 , 0.00 , 0.00] , [0.00 , 0.00 , 0.00] , [0.00 , 0.00 , 0.00] , [0.00 , 0.00 , 0.00] , [0.00 , 0.00 , 0.00] , [0.00 , 0.00 , 0.00] , [0.00 , 0.00 , 0.00] , [0.00 , 0.00 , 0.00] , [0.00 , 0.00 , 0.00]}
2025-12-24 01:16:48,398 MambaPro.train INFO: ============================================================
