2025-12-12 11:22:23,414 MambaPro INFO: ================================================================================
2025-12-12 11:22:23,414 MambaPro INFO: 🧾 实验参数快照（命令行 + 最终配置）
2025-12-12 11:22:23,414 MambaPro INFO: ================================================================================
2025-12-12 11:22:23,414 MambaPro INFO: 【复现实验命令】
2025-12-12 11:22:23,414 MambaPro INFO: /home/zubuntu/miniconda/envs/MambaPro/bin/python train_net.py --config_file mybest_model/experiment_20251013_110028/configs/experiment_config.yml OUTPUT_DIR ./outputs/replay_best_tml
2025-12-12 11:22:23,414 MambaPro INFO: 【命令行参数（args）】
2025-12-12 11:22:23,414 MambaPro INFO: {
2025-12-12 11:22:23,414 MambaPro INFO:   "config_file": "mybest_model/experiment_20251013_110028/configs/experiment_config.yml",
2025-12-12 11:22:23,414 MambaPro INFO:   "fea_cft": 0,
2025-12-12 11:22:23,414 MambaPro INFO:   "opts": [
2025-12-12 11:22:23,414 MambaPro INFO:     "OUTPUT_DIR",
2025-12-12 11:22:23,414 MambaPro INFO:     "./outputs/replay_best_tml"
2025-12-12 11:22:23,414 MambaPro INFO:   ],
2025-12-12 11:22:23,414 MambaPro INFO:   "local_rank": 0,
2025-12-12 11:22:23,414 MambaPro INFO:   "use_multi_scale": false,
2025-12-12 11:22:23,414 MambaPro INFO:   "no_multi_scale": false,
2025-12-12 11:22:23,414 MambaPro INFO:   "use_moe": false,
2025-12-12 11:22:23,414 MambaPro INFO:   "disable_moe": false,
2025-12-12 11:22:23,414 MambaPro INFO:   "no_moe": false,
2025-12-12 11:22:23,414 MambaPro INFO:   "use_attention": false,
2025-12-12 11:22:23,414 MambaPro INFO:   "disable_attention": false,
2025-12-12 11:22:23,414 MambaPro INFO:   "attention_heads": 8,
2025-12-12 11:22:23,414 MambaPro INFO:   "attention_dropout": 0.1
2025-12-12 11:22:23,414 MambaPro INFO: }
2025-12-12 11:22:23,414 MambaPro INFO: 【工作目录】/home/zubuntu/workspace/yzy/MambaPro
2025-12-12 11:22:23,414 MambaPro INFO: 【最终配置（YAML）】
2025-12-12 11:22:23,419 MambaPro INFO: DATALOADER:
2025-12-12 11:22:23,419 MambaPro INFO:   NUM_INSTANCE: 8
2025-12-12 11:22:23,419 MambaPro INFO:   NUM_WORKERS: 8
2025-12-12 11:22:23,419 MambaPro INFO:   SAMPLER: softmax_triplet
2025-12-12 11:22:23,419 MambaPro INFO: DATASETS:
2025-12-12 11:22:23,420 MambaPro INFO:   NAMES: RGBNT201
2025-12-12 11:22:23,420 MambaPro INFO:   ROOT_DIR: /home/zubuntu/workspace/yzy/MambaPro/data/
2025-12-12 11:22:23,420 MambaPro INFO: INPUT:
2025-12-12 11:22:23,420 MambaPro INFO:   PADDING: 10
2025-12-12 11:22:23,420 MambaPro INFO:   PIXEL_MEAN:
2025-12-12 11:22:23,420 MambaPro INFO:   - 0.5
2025-12-12 11:22:23,420 MambaPro INFO:   - 0.5
2025-12-12 11:22:23,420 MambaPro INFO:   - 0.5
2025-12-12 11:22:23,420 MambaPro INFO:   PIXEL_STD:
2025-12-12 11:22:23,420 MambaPro INFO:   - 0.5
2025-12-12 11:22:23,420 MambaPro INFO:   - 0.5
2025-12-12 11:22:23,420 MambaPro INFO:   - 0.5
2025-12-12 11:22:23,420 MambaPro INFO:   PROB: 0.5
2025-12-12 11:22:23,420 MambaPro INFO:   RE_PROB: 0.5
2025-12-12 11:22:23,420 MambaPro INFO:   SIZE_TEST:
2025-12-12 11:22:23,420 MambaPro INFO:   - 256
2025-12-12 11:22:23,420 MambaPro INFO:   - 128
2025-12-12 11:22:23,420 MambaPro INFO:   SIZE_TRAIN:
2025-12-12 11:22:23,420 MambaPro INFO:   - 256
2025-12-12 11:22:23,420 MambaPro INFO:   - 128
2025-12-12 11:22:23,420 MambaPro INFO: MODEL:
2025-12-12 11:22:23,420 MambaPro INFO:   ADAPTER: true
2025-12-12 11:22:23,420 MambaPro INFO:   ATTENTION_DIM: 512
2025-12-12 11:22:23,420 MambaPro INFO:   ATTENTION_DROPOUT: 0.1
2025-12-12 11:22:23,420 MambaPro INFO:   ATTENTION_NUM_HEADS: 8
2025-12-12 11:22:23,420 MambaPro INFO:   ATT_DROP_RATE: 0.0
2025-12-12 11:22:23,420 MambaPro INFO:   CLIP_MULTI_SCALE_SCALES:
2025-12-12 11:22:23,420 MambaPro INFO:   - 4
2025-12-12 11:22:23,420 MambaPro INFO:   - 8
2025-12-12 11:22:23,420 MambaPro INFO:   - 16
2025-12-12 11:22:23,420 MambaPro INFO:   DEVICE: cuda
2025-12-12 11:22:23,420 MambaPro INFO:   DEVICE_ID: '0'
2025-12-12 11:22:23,420 MambaPro INFO:   DIRECT: 1
2025-12-12 11:22:23,420 MambaPro INFO:   DIST_TRAIN: false
2025-12-12 11:22:23,420 MambaPro INFO:   DROP_OUT: 0.0
2025-12-12 11:22:23,420 MambaPro INFO:   DROP_PATH: 0.1
2025-12-12 11:22:23,420 MambaPro INFO:   FLOPS_TEST: false
2025-12-12 11:22:23,420 MambaPro INFO:   FROZEN: true
2025-12-12 11:22:23,420 MambaPro INFO:   GATE_DROPOUT: 0.1
2025-12-12 11:22:23,420 MambaPro INFO:   ID_LOSS_TYPE: softmax
2025-12-12 11:22:23,420 MambaPro INFO:   ID_LOSS_WEIGHT: 0.25
2025-12-12 11:22:23,420 MambaPro INFO:   IF_LABELSMOOTH: 'on'
2025-12-12 11:22:23,420 MambaPro INFO:   IF_WITH_CENTER: 'no'
2025-12-12 11:22:23,421 MambaPro INFO:   LAYER: -1
2025-12-12 11:22:23,421 MambaPro INFO:   MAMBA: true
2025-12-12 11:22:23,421 MambaPro INFO:   MAMBA_BI: false
2025-12-12 11:22:23,421 MambaPro INFO:   METRIC_LOSS_TYPE: triplet
2025-12-12 11:22:23,421 MambaPro INFO:   MOE_BALANCE_LOSS_WEIGHT: 0.01
2025-12-12 11:22:23,421 MambaPro INFO:   MOE_DIVERSITY_LOSS_WEIGHT: 0.01
2025-12-12 11:22:23,421 MambaPro INFO:   MOE_EXPERT_DROPOUT: 0.1
2025-12-12 11:22:23,421 MambaPro INFO:   MOE_EXPERT_HIDDEN_DIM: 1024
2025-12-12 11:22:23,421 MambaPro INFO:   MOE_EXPERT_LAYERS: 2
2025-12-12 11:22:23,421 MambaPro INFO:   MOE_EXPERT_THRESHOLD: 0.1
2025-12-12 11:22:23,421 MambaPro INFO:   MOE_FIXED_WEIGHTS:
2025-12-12 11:22:23,421 MambaPro INFO:   - 0.33
2025-12-12 11:22:23,421 MambaPro INFO:   - 0.33
2025-12-12 11:22:23,421 MambaPro INFO:   - 0.34
2025-12-12 11:22:23,421 MambaPro INFO:   MOE_GATE_DROPOUT: 0.1
2025-12-12 11:22:23,421 MambaPro INFO:   MOE_GATE_LAYERS: 2
2025-12-12 11:22:23,421 MambaPro INFO:   MOE_INIT_WEIGHTS: null
2025-12-12 11:22:23,421 MambaPro INFO:   MOE_NUM_EXPERTS: 3
2025-12-12 11:22:23,421 MambaPro INFO:   MOE_RESIDUAL_WEIGHT: 1.0
2025-12-12 11:22:23,421 MambaPro INFO:   MOE_SCALES:
2025-12-12 11:22:23,421 MambaPro INFO:   - 4
2025-12-12 11:22:23,421 MambaPro INFO:   - 8
2025-12-12 11:22:23,421 MambaPro INFO:   - 16
2025-12-12 11:22:23,421 MambaPro INFO:   MOE_SPARSITY_LOSS_WEIGHT: 0.001
2025-12-12 11:22:23,421 MambaPro INFO:   MOE_TEMPERATURE: 0.7
2025-12-12 11:22:23,421 MambaPro INFO:   MOE_TOP_K: 2
2025-12-12 11:22:23,421 MambaPro INFO:   MOE_TOP_K_MODE: soft
2025-12-12 11:22:23,421 MambaPro INFO:   MOE_USE_FIXED_WEIGHTS: false
2025-12-12 11:22:23,421 MambaPro INFO:   MOE_USE_TOP_K_ROUTING: false
2025-12-12 11:22:23,421 MambaPro INFO:   MULTI_SCALE_SCALES:
2025-12-12 11:22:23,421 MambaPro INFO:   - 4
2025-12-12 11:22:23,421 MambaPro INFO:   - 8
2025-12-12 11:22:23,421 MambaPro INFO:   - 16
2025-12-12 11:22:23,421 MambaPro INFO:   NAME: MambaPro
2025-12-12 11:22:23,421 MambaPro INFO:   NECK: bnneck
2025-12-12 11:22:23,421 MambaPro INFO:   NO_MARGIN: true
2025-12-12 11:22:23,421 MambaPro INFO:   PREFIX_NUM: 1
2025-12-12 11:22:23,421 MambaPro INFO:   PRETRAIN_PATH_T: /home/zubuntu/workspace/yzy/MambaPro/pths/ViT-B-16.pt
2025-12-12 11:22:23,421 MambaPro INFO:   PROMPT: true
2025-12-12 11:22:23,421 MambaPro INFO:   SIE_CAMERA: true
2025-12-12 11:22:23,421 MambaPro INFO:   SIE_COE: 1.0
2025-12-12 11:22:23,421 MambaPro INFO:   SIE_VIEW: false
2025-12-12 11:22:23,421 MambaPro INFO:   STRIDE_SIZE:
2025-12-12 11:22:23,422 MambaPro INFO:   - 16
2025-12-12 11:22:23,422 MambaPro INFO:   - 16
2025-12-12 11:22:23,422 MambaPro INFO:   TRANSFORMER_TYPE: ViT-B-16
2025-12-12 11:22:23,422 MambaPro INFO:   TRIPLET_LOSS_WEIGHT: 1.0
2025-12-12 11:22:23,422 MambaPro INFO:   USE_ATTENTION_FUSION: false
2025-12-12 11:22:23,422 MambaPro INFO:   USE_CLIP_MULTI_SCALE: true
2025-12-12 11:22:23,422 MambaPro INFO:   USE_GATE_FUSION: false
2025-12-12 11:22:23,422 MambaPro INFO:   USE_MULTI_SCALE: false
2025-12-12 11:22:23,422 MambaPro INFO:   USE_MULTI_SCALE_MOE: true
2025-12-12 11:22:23,422 MambaPro INFO: OUTPUT_DIR: ./outputs/replay_best_tml/run_20251212_112223
2025-12-12 11:22:23,422 MambaPro INFO: SOLVER:
2025-12-12 11:22:23,422 MambaPro INFO:   BASE_LR: 0.0005
2025-12-12 11:22:23,422 MambaPro INFO:   BIAS_LR_FACTOR: 2
2025-12-12 11:22:23,422 MambaPro INFO:   CENTER_LOSS_WEIGHT: 0.0005
2025-12-12 11:22:23,422 MambaPro INFO:   CENTER_LR: 0.5
2025-12-12 11:22:23,422 MambaPro INFO:   CHECKPOINT_PERIOD: 10
2025-12-12 11:22:23,422 MambaPro INFO:   CLUSTER_MARGIN: 0.3
2025-12-12 11:22:23,422 MambaPro INFO:   COSINE_MARGIN: 0.5
2025-12-12 11:22:23,422 MambaPro INFO:   COSINE_SCALE: 30
2025-12-12 11:22:23,422 MambaPro INFO:   EVAL_PERIOD: 5
2025-12-12 11:22:23,422 MambaPro INFO:   GAMMA: 0.1
2025-12-12 11:22:23,422 MambaPro INFO:   IMS_PER_BATCH: 32
2025-12-12 11:22:23,422 MambaPro INFO:   LARGE_FC_LR: false
2025-12-12 11:22:23,422 MambaPro INFO:   LOG_PERIOD: 10
2025-12-12 11:22:23,422 MambaPro INFO:   MARGIN: 0.3
2025-12-12 11:22:23,422 MambaPro INFO:   MAX_EPOCHS: 60
2025-12-12 11:22:23,422 MambaPro INFO:   MOE_BALANCE_LOSS_WEIGHT: 0.001
2025-12-12 11:22:23,422 MambaPro INFO:   MOE_BALANCE_LOSS_WEIGHT_END: 0.1
2025-12-12 11:22:23,422 MambaPro INFO:   MOE_BALANCE_LOSS_WEIGHT_START: 0.001
2025-12-12 11:22:23,422 MambaPro INFO:   MOE_BALANCE_THRESHOLD: 0.3
2025-12-12 11:22:23,422 MambaPro INFO:   MOE_DIVERSITY_LOSS_WEIGHT: 0.001
2025-12-12 11:22:23,422 MambaPro INFO:   MOE_DIVERSITY_LOSS_WEIGHT_END: 0.1
2025-12-12 11:22:23,422 MambaPro INFO:   MOE_DIVERSITY_LOSS_WEIGHT_START: 0.001
2025-12-12 11:22:23,422 MambaPro INFO:   MOE_GATE_LR_FACTOR: 0.01
2025-12-12 11:22:23,422 MambaPro INFO:   MOE_LOSS_WEIGHT_SCHEDULE_TYPE: cosine
2025-12-12 11:22:23,422 MambaPro INFO:   MOE_LOSS_WEIGHT_WARMUP_EPOCHS: 5
2025-12-12 11:22:23,422 MambaPro INFO:   MOE_SPARSITY_LOSS_WEIGHT: 0.0001
2025-12-12 11:22:23,422 MambaPro INFO:   MOE_USE_DYNAMIC_LOSS_WEIGHT: false
2025-12-12 11:22:23,422 MambaPro INFO:   MOMENTUM: 0.9
2025-12-12 11:22:23,422 MambaPro INFO:   OPTIMIZER_NAME: Adam
2025-12-12 11:22:23,422 MambaPro INFO:   RANGE_ALPHA: 0
2025-12-12 11:22:23,422 MambaPro INFO:   RANGE_BETA: 1
2025-12-12 11:22:23,422 MambaPro INFO:   RANGE_K: 2
2025-12-12 11:22:23,423 MambaPro INFO:   RANGE_LOSS_WEIGHT: 1
2025-12-12 11:22:23,423 MambaPro INFO:   RANGE_MARGIN: 0.3
2025-12-12 11:22:23,423 MambaPro INFO:   SEED: 42
2025-12-12 11:22:23,423 MambaPro INFO:   STEPS:
2025-12-12 11:22:23,423 MambaPro INFO:   - 30
2025-12-12 11:22:23,423 MambaPro INFO:   - 50
2025-12-12 11:22:23,423 MambaPro INFO:   WARMUP_FACTOR: 0.01
2025-12-12 11:22:23,423 MambaPro INFO:   WARMUP_ITERS: 20
2025-12-12 11:22:23,423 MambaPro INFO:   WARMUP_METHOD: linear
2025-12-12 11:22:23,423 MambaPro INFO:   WEIGHT_DECAY: 0.0005
2025-12-12 11:22:23,423 MambaPro INFO:   WEIGHT_DECAY_BIAS: 0.0005
2025-12-12 11:22:23,423 MambaPro INFO: TEST:
2025-12-12 11:22:23,423 MambaPro INFO:   FEAT: 0
2025-12-12 11:22:23,423 MambaPro INFO:   FEAT_NORM: 'yes'
2025-12-12 11:22:23,423 MambaPro INFO:   IMS_PER_BATCH: 64
2025-12-12 11:22:23,423 MambaPro INFO:   MISS: nothing
2025-12-12 11:22:23,423 MambaPro INFO:   NECK_FEAT: after
2025-12-12 11:22:23,423 MambaPro INFO:   RE_RANKING: 'no'
2025-12-12 11:22:23,423 MambaPro INFO:   WEIGHT: /home/zubuntu/workspace/yzy/MambaPro/pths/MambaProbest.pth
2025-12-12 11:22:23,423 MambaPro INFO: ================================================================================
2025-12-12 11:22:25,486 MambaPro.train INFO: start training
2025-12-12 11:22:45,761 MambaPro.train INFO: Epoch 1 done. Time per batch: 0.189[s] Speed: 169.0[samples/s]
2025-12-12 11:23:05,677 MambaPro.train INFO: Epoch 2 done. Time per batch: 0.186[s] Speed: 171.9[samples/s]
2025-12-12 11:23:25,647 MambaPro.train INFO: Epoch 3 done. Time per batch: 0.187[s] Speed: 171.5[samples/s]
2025-12-12 11:23:45,603 MambaPro.train INFO: Epoch 4 done. Time per batch: 0.186[s] Speed: 171.6[samples/s]
2025-12-12 11:24:05,534 MambaPro.train INFO: Epoch 5 done. Time per batch: 0.186[s] Speed: 171.8[samples/s]
2025-12-12 11:24:13,124 MambaPro.train INFO: Validation Results - Epoch: 5
2025-12-12 11:24:13,124 MambaPro.train INFO: Current mAP: 54.3%
2025-12-12 11:24:13,124 MambaPro.train INFO: CMC curve, Rank-1  :60.0%
2025-12-12 11:24:13,124 MambaPro.train INFO: CMC curve, Rank-5  :71.9%
2025-12-12 11:24:13,124 MambaPro.train INFO: CMC curve, Rank-10 :77.8%
2025-12-12 11:24:13,125 MambaPro.train INFO: 🎯 New Best! Saving model...
2025-12-12 11:24:13,537 MambaPro.train INFO: [Epoch 5] 指标集合列表（历史）
2025-12-12 11:24:13,537 MambaPro.train INFO: history_mAP:{54.3}
2025-12-12 11:24:13,537 MambaPro.train INFO: best_mAP:{54.3}
2025-12-12 11:24:13,537 MambaPro.train INFO: history_Rank-1:{60.0}
2025-12-12 11:24:13,537 MambaPro.train INFO: best_Rank-1:{60.0}
2025-12-12 11:24:13,537 MambaPro.train INFO: history_Rank-5:{71.9}
2025-12-12 11:24:13,537 MambaPro.train INFO: best_Rank-5:{71.9}
2025-12-12 11:24:13,537 MambaPro.train INFO: history_Rank-10:{77.8}
2025-12-12 11:24:13,537 MambaPro.train INFO: best_Rank-10:{77.8}
2025-12-12 11:24:13,537 MambaPro.train INFO: history_Experts:{[0.35 , 0.34 , 0.31]}
2025-12-12 11:24:13,537 MambaPro.train INFO: best_Experts:{[0.35 , 0.34 , 0.31]}
2025-12-12 11:24:13,537 MambaPro.train INFO: 🔥 MoE损失(Val): 平衡=0.0000, 稀疏性=0.9986, 多样性=2.6556, 总=0.0028 (权重: 平衡=0.001, 稀疏性=0.000, 多样性=0.001)
2025-12-12 11:24:13,537 MambaPro.train INFO:    📊 专家权重分布(Val): [0.35 , 0.34 , 0.31]
2025-12-12 11:24:33,650 MambaPro.train INFO: Epoch 6 done. Time per batch: 0.187[s] Speed: 171.4[samples/s]
2025-12-12 11:24:53,587 MambaPro.train INFO: Epoch 7 done. Time per batch: 0.186[s] Speed: 171.7[samples/s]
2025-12-12 11:25:13,487 MambaPro.train INFO: Epoch 8 done. Time per batch: 0.186[s] Speed: 172.1[samples/s]
2025-12-12 11:25:33,393 MambaPro.train INFO: Epoch 9 done. Time per batch: 0.186[s] Speed: 172.0[samples/s]
2025-12-12 11:25:53,310 MambaPro.train INFO: Epoch 10 done. Time per batch: 0.186[s] Speed: 171.9[samples/s]
2025-12-12 11:26:01,341 MambaPro.train INFO: Validation Results - Epoch: 10
2025-12-12 11:26:01,341 MambaPro.train INFO: Current mAP: 48.1%
2025-12-12 11:26:01,341 MambaPro.train INFO: CMC curve, Rank-1  :57.8%
2025-12-12 11:26:01,341 MambaPro.train INFO: CMC curve, Rank-5  :74.0%
2025-12-12 11:26:01,341 MambaPro.train INFO: CMC curve, Rank-10 :80.6%
2025-12-12 11:26:01,342 MambaPro.train INFO: [Epoch 10] 指标集合列表（历史）
2025-12-12 11:26:01,342 MambaPro.train INFO: history_mAP:{54.3 , 48.1}
2025-12-12 11:26:01,342 MambaPro.train INFO: best_mAP:{54.3}
2025-12-12 11:26:01,342 MambaPro.train INFO: history_Rank-1:{60.0 , 57.8}
2025-12-12 11:26:01,342 MambaPro.train INFO: best_Rank-1:{60.0}
2025-12-12 11:26:01,342 MambaPro.train INFO: history_Rank-5:{71.9 , 74.0}
2025-12-12 11:26:01,342 MambaPro.train INFO: best_Rank-5:{71.9}
2025-12-12 11:26:01,342 MambaPro.train INFO: history_Rank-10:{77.8 , 80.6}
2025-12-12 11:26:01,342 MambaPro.train INFO: best_Rank-10:{77.8}
2025-12-12 11:26:01,342 MambaPro.train INFO: history_Experts:{[0.35 , 0.34 , 0.31] , [0.37 , 0.34 , 0.30]}
2025-12-12 11:26:01,342 MambaPro.train INFO: best_Experts:{[0.35 , 0.34 , 0.31]}
2025-12-12 11:26:01,342 MambaPro.train INFO: 🔥 MoE损失(Val): 平衡=0.0000, 稀疏性=0.9964, 多样性=2.6377, 总=0.0027 (权重: 平衡=0.001, 稀疏性=0.000, 多样性=0.001)
2025-12-12 11:26:01,342 MambaPro.train INFO:    📊 专家权重分布(Val): [0.37 , 0.34 , 0.30]
2025-12-12 11:26:21,275 MambaPro.train INFO: Epoch 11 done. Time per batch: 0.187[s] Speed: 171.3[samples/s]
2025-12-12 11:26:41,278 MambaPro.train INFO: Epoch 12 done. Time per batch: 0.187[s] Speed: 171.2[samples/s]
2025-12-12 11:27:01,187 MambaPro.train INFO: Epoch 13 done. Time per batch: 0.186[s] Speed: 172.0[samples/s]
2025-12-12 11:27:21,109 MambaPro.train INFO: Epoch 14 done. Time per batch: 0.186[s] Speed: 171.9[samples/s]
2025-12-12 11:27:41,067 MambaPro.train INFO: Epoch 15 done. Time per batch: 0.187[s] Speed: 171.6[samples/s]
2025-12-12 11:27:48,587 MambaPro.train INFO: Validation Results - Epoch: 15
2025-12-12 11:27:48,587 MambaPro.train INFO: Current mAP: 45.8%
2025-12-12 11:27:48,587 MambaPro.train INFO: CMC curve, Rank-1  :50.1%
2025-12-12 11:27:48,587 MambaPro.train INFO: CMC curve, Rank-5  :66.5%
2025-12-12 11:27:48,587 MambaPro.train INFO: CMC curve, Rank-10 :75.5%
2025-12-12 11:27:48,588 MambaPro.train INFO: [Epoch 15] 指标集合列表（历史）
2025-12-12 11:27:48,588 MambaPro.train INFO: history_mAP:{54.3 , 48.1 , 45.8}
2025-12-12 11:27:48,588 MambaPro.train INFO: best_mAP:{54.3}
2025-12-12 11:27:48,588 MambaPro.train INFO: history_Rank-1:{60.0 , 57.8 , 50.1}
2025-12-12 11:27:48,588 MambaPro.train INFO: best_Rank-1:{60.0}
2025-12-12 11:27:48,588 MambaPro.train INFO: history_Rank-5:{71.9 , 74.0 , 66.5}
2025-12-12 11:27:48,588 MambaPro.train INFO: best_Rank-5:{71.9}
2025-12-12 11:27:48,588 MambaPro.train INFO: history_Rank-10:{77.8 , 80.6 , 75.5}
2025-12-12 11:27:48,588 MambaPro.train INFO: best_Rank-10:{77.8}
2025-12-12 11:27:48,588 MambaPro.train INFO: history_Experts:{[0.35 , 0.34 , 0.31] , [0.37 , 0.34 , 0.30] , [0.40 , 0.34 , 0.26]}
2025-12-12 11:27:48,588 MambaPro.train INFO: best_Experts:{[0.35 , 0.34 , 0.31]}
2025-12-12 11:27:48,588 MambaPro.train INFO: 🔥 MoE损失(Val): 平衡=0.0000, 稀疏性=0.9855, 多样性=2.5541, 总=0.0027 (权重: 平衡=0.001, 稀疏性=0.000, 多样性=0.001)
2025-12-12 11:27:48,588 MambaPro.train INFO:    📊 专家权重分布(Val): [0.40 , 0.34 , 0.26]
2025-12-12 11:28:08,715 MambaPro.train INFO: Epoch 16 done. Time per batch: 0.187[s] Speed: 171.3[samples/s]
2025-12-12 11:28:28,694 MambaPro.train INFO: Epoch 17 done. Time per batch: 0.187[s] Speed: 171.4[samples/s]
2025-12-12 11:28:48,437 MambaPro.train INFO: Epoch 18 done. Time per batch: 0.186[s] Speed: 171.8[samples/s]
2025-12-12 11:29:08,430 MambaPro.train INFO: Epoch 19 done. Time per batch: 0.187[s] Speed: 171.3[samples/s]
2025-12-12 11:29:28,423 MambaPro.train INFO: Epoch 20 done. Time per batch: 0.187[s] Speed: 171.3[samples/s]
2025-12-12 11:29:36,321 MambaPro.train INFO: Validation Results - Epoch: 20
2025-12-12 11:29:36,321 MambaPro.train INFO: Current mAP: 59.8%
2025-12-12 11:29:36,321 MambaPro.train INFO: CMC curve, Rank-1  :62.8%
2025-12-12 11:29:36,321 MambaPro.train INFO: CMC curve, Rank-5  :80.0%
2025-12-12 11:29:36,322 MambaPro.train INFO: CMC curve, Rank-10 :84.0%
2025-12-12 11:29:36,322 MambaPro.train INFO: 🎯 New Best! Saving model...
2025-12-12 11:29:36,987 MambaPro.train INFO: [Epoch 20] 指标集合列表（历史）
2025-12-12 11:29:36,988 MambaPro.train INFO: history_mAP:{54.3 , 48.1 , 45.8 , 59.8}
2025-12-12 11:29:36,988 MambaPro.train INFO: best_mAP:{59.8}
2025-12-12 11:29:36,988 MambaPro.train INFO: history_Rank-1:{60.0 , 57.8 , 50.1 , 62.8}
2025-12-12 11:29:36,988 MambaPro.train INFO: best_Rank-1:{62.8}
2025-12-12 11:29:36,988 MambaPro.train INFO: history_Rank-5:{71.9 , 74.0 , 66.5 , 80.0}
2025-12-12 11:29:36,988 MambaPro.train INFO: best_Rank-5:{80.0}
2025-12-12 11:29:36,988 MambaPro.train INFO: history_Rank-10:{77.8 , 80.6 , 75.5 , 84.0}
2025-12-12 11:29:36,988 MambaPro.train INFO: best_Rank-10:{84.0}
2025-12-12 11:29:36,988 MambaPro.train INFO: history_Experts:{[0.35 , 0.34 , 0.31] , [0.37 , 0.34 , 0.30] , [0.40 , 0.34 , 0.26] , [0.62 , 0.23 , 0.15]}
2025-12-12 11:29:36,988 MambaPro.train INFO: best_Experts:{[0.62 , 0.23 , 0.15]}
2025-12-12 11:29:36,988 MambaPro.train INFO: 🔥 MoE损失(Val): 平衡=0.1291, 稀疏性=0.8063, 多样性=1.5497, 总=0.0018 (权重: 平衡=0.001, 稀疏性=0.000, 多样性=0.001)
2025-12-12 11:29:36,988 MambaPro.train INFO:    📊 专家权重分布(Val): [0.62 , 0.23 , 0.15]
2025-12-12 11:29:56,849 MambaPro.train INFO: Epoch 21 done. Time per batch: 0.186[s] Speed: 172.0[samples/s]
2025-12-12 11:30:16,902 MambaPro.train INFO: Epoch 22 done. Time per batch: 0.187[s] Speed: 170.8[samples/s]
2025-12-12 11:30:36,867 MambaPro.train INFO: Epoch 23 done. Time per batch: 0.187[s] Speed: 171.5[samples/s]
2025-12-12 11:30:56,848 MambaPro.train INFO: Epoch 24 done. Time per batch: 0.187[s] Speed: 171.4[samples/s]
2025-12-12 11:31:16,661 MambaPro.train INFO: Epoch 25 done. Time per batch: 0.187[s] Speed: 171.2[samples/s]
2025-12-12 11:31:24,203 MambaPro.train INFO: Validation Results - Epoch: 25
2025-12-12 11:31:24,203 MambaPro.train INFO: Current mAP: 75.4%
2025-12-12 11:31:24,203 MambaPro.train INFO: CMC curve, Rank-1  :79.7%
2025-12-12 11:31:24,203 MambaPro.train INFO: CMC curve, Rank-5  :87.3%
2025-12-12 11:31:24,203 MambaPro.train INFO: CMC curve, Rank-10 :91.1%
2025-12-12 11:31:24,204 MambaPro.train INFO: 🎯 New Best! Saving model...
2025-12-12 11:31:24,818 MambaPro.train INFO: [Epoch 25] 指标集合列表（历史）
2025-12-12 11:31:24,818 MambaPro.train INFO: history_mAP:{54.3 , 48.1 , 45.8 , 59.8 , 75.4}
2025-12-12 11:31:24,818 MambaPro.train INFO: best_mAP:{75.4}
2025-12-12 11:31:24,818 MambaPro.train INFO: history_Rank-1:{60.0 , 57.8 , 50.1 , 62.8 , 79.7}
2025-12-12 11:31:24,818 MambaPro.train INFO: best_Rank-1:{79.7}
2025-12-12 11:31:24,818 MambaPro.train INFO: history_Rank-5:{71.9 , 74.0 , 66.5 , 80.0 , 87.3}
2025-12-12 11:31:24,818 MambaPro.train INFO: best_Rank-5:{87.3}
2025-12-12 11:31:24,818 MambaPro.train INFO: history_Rank-10:{77.8 , 80.6 , 75.5 , 84.0 , 91.1}
2025-12-12 11:31:24,818 MambaPro.train INFO: best_Rank-10:{91.1}
2025-12-12 11:31:24,818 MambaPro.train INFO: history_Experts:{[0.35 , 0.34 , 0.31] , [0.37 , 0.34 , 0.30] , [0.40 , 0.34 , 0.26] , [0.62 , 0.23 , 0.15] , [0.82 , 0.10 , 0.08]}
2025-12-12 11:31:24,818 MambaPro.train INFO: best_Experts:{[0.82 , 0.10 , 0.08]}
2025-12-12 11:31:24,818 MambaPro.train INFO: 🔥 MoE损失(Val): 平衡=0.5661, 稀疏性=0.4712, 多样性=0.6108, 总=0.0012 (权重: 平衡=0.001, 稀疏性=0.000, 多样性=0.001)
2025-12-12 11:31:24,818 MambaPro.train INFO:    📊 专家权重分布(Val): [0.82 , 0.10 , 0.08]
2025-12-12 11:31:44,922 MambaPro.train INFO: Epoch 26 done. Time per batch: 0.187[s] Speed: 171.5[samples/s]
2025-12-12 11:32:04,959 MambaPro.train INFO: Epoch 27 done. Time per batch: 0.187[s] Speed: 170.9[samples/s]
2025-12-12 11:32:24,936 MambaPro.train INFO: Epoch 28 done. Time per batch: 0.187[s] Speed: 171.4[samples/s]
2025-12-12 11:32:44,949 MambaPro.train INFO: Epoch 29 done. Time per batch: 0.187[s] Speed: 171.1[samples/s]
2025-12-12 11:33:05,010 MambaPro.train INFO: Epoch 30 done. Time per batch: 0.187[s] Speed: 170.7[samples/s]
2025-12-12 11:33:12,932 MambaPro.train INFO: Validation Results - Epoch: 30
2025-12-12 11:33:12,933 MambaPro.train INFO: Current mAP: 77.1%
2025-12-12 11:33:12,933 MambaPro.train INFO: CMC curve, Rank-1  :80.9%
2025-12-12 11:33:12,933 MambaPro.train INFO: CMC curve, Rank-5  :88.9%
2025-12-12 11:33:12,933 MambaPro.train INFO: CMC curve, Rank-10 :92.8%
2025-12-12 11:33:12,933 MambaPro.train INFO: 🎯 New Best! Saving model...
2025-12-12 11:33:13,572 MambaPro.train INFO: [Epoch 30] 指标集合列表（历史）
2025-12-12 11:33:13,572 MambaPro.train INFO: history_mAP:{54.3 , 48.1 , 45.8 , 59.8 , 75.4 , 77.1}
2025-12-12 11:33:13,572 MambaPro.train INFO: best_mAP:{77.1}
2025-12-12 11:33:13,572 MambaPro.train INFO: history_Rank-1:{60.0 , 57.8 , 50.1 , 62.8 , 79.7 , 80.9}
2025-12-12 11:33:13,572 MambaPro.train INFO: best_Rank-1:{80.9}
2025-12-12 11:33:13,572 MambaPro.train INFO: history_Rank-5:{71.9 , 74.0 , 66.5 , 80.0 , 87.3 , 88.9}
2025-12-12 11:33:13,572 MambaPro.train INFO: best_Rank-5:{88.9}
2025-12-12 11:33:13,572 MambaPro.train INFO: history_Rank-10:{77.8 , 80.6 , 75.5 , 84.0 , 91.1 , 92.8}
2025-12-12 11:33:13,572 MambaPro.train INFO: best_Rank-10:{92.8}
2025-12-12 11:33:13,572 MambaPro.train INFO: history_Experts:{[0.35 , 0.34 , 0.31] , [0.37 , 0.34 , 0.30] , [0.40 , 0.34 , 0.26] , [0.62 , 0.23 , 0.15] , [0.82 , 0.10 , 0.08] , [0.88 , 0.07 , 0.05]}
2025-12-12 11:33:13,572 MambaPro.train INFO: best_Experts:{[0.88 , 0.07 , 0.05]}
2025-12-12 11:33:13,572 MambaPro.train INFO: 🔥 MoE损失(Val): 平衡=0.7731, 稀疏性=0.3314, 多样性=0.3782, 总=0.0012 (权重: 平衡=0.001, 稀疏性=0.000, 多样性=0.001)
2025-12-12 11:33:13,572 MambaPro.train INFO:    📊 专家权重分布(Val): [0.88 , 0.07 , 0.05]
2025-12-12 11:33:33,719 MambaPro.train INFO: Epoch 31 done. Time per batch: 0.187[s] Speed: 171.1[samples/s]
2025-12-12 11:33:53,661 MambaPro.train INFO: Epoch 32 done. Time per batch: 0.188[s] Speed: 170.1[samples/s]
2025-12-12 11:34:13,708 MambaPro.train INFO: Epoch 33 done. Time per batch: 0.187[s] Speed: 170.8[samples/s]
2025-12-12 11:34:33,723 MambaPro.train INFO: Epoch 34 done. Time per batch: 0.189[s] Speed: 169.5[samples/s]
2025-12-12 11:34:53,712 MambaPro.train INFO: Epoch 35 done. Time per batch: 0.187[s] Speed: 171.3[samples/s]
2025-12-12 11:35:01,257 MambaPro.train INFO: Validation Results - Epoch: 35
2025-12-12 11:35:01,258 MambaPro.train INFO: Current mAP: 77.5%
2025-12-12 11:35:01,258 MambaPro.train INFO: CMC curve, Rank-1  :80.6%
2025-12-12 11:35:01,258 MambaPro.train INFO: CMC curve, Rank-5  :88.9%
2025-12-12 11:35:01,258 MambaPro.train INFO: CMC curve, Rank-10 :92.5%
2025-12-12 11:35:01,258 MambaPro.train INFO: 🎯 New Best! Saving model...
2025-12-12 11:35:01,879 MambaPro.train INFO: [Epoch 35] 指标集合列表（历史）
2025-12-12 11:35:01,880 MambaPro.train INFO: history_mAP:{54.3 , 48.1 , 45.8 , 59.8 , 75.4 , 77.1 , 77.5}
2025-12-12 11:35:01,880 MambaPro.train INFO: best_mAP:{77.5}
2025-12-12 11:35:01,880 MambaPro.train INFO: history_Rank-1:{60.0 , 57.8 , 50.1 , 62.8 , 79.7 , 80.9 , 80.6}
2025-12-12 11:35:01,880 MambaPro.train INFO: best_Rank-1:{80.9}
2025-12-12 11:35:01,880 MambaPro.train INFO: history_Rank-5:{71.9 , 74.0 , 66.5 , 80.0 , 87.3 , 88.9}
2025-12-12 11:35:01,880 MambaPro.train INFO: best_Rank-5:{88.9}
2025-12-12 11:35:01,880 MambaPro.train INFO: history_Rank-10:{77.8 , 80.6 , 75.5 , 84.0 , 91.1 , 92.8 , 92.5}
2025-12-12 11:35:01,880 MambaPro.train INFO: best_Rank-10:{92.8}
2025-12-12 11:35:01,880 MambaPro.train INFO: history_Experts:{[0.35 , 0.34 , 0.31] , [0.37 , 0.34 , 0.30] , [0.40 , 0.34 , 0.26] , [0.62 , 0.23 , 0.15] , [0.82 , 0.10 , 0.08] , [0.88 , 0.07 , 0.05] , [0.91 , 0.05 , 0.04]}
2025-12-12 11:35:01,880 MambaPro.train INFO: best_Experts:{[0.91 , 0.05 , 0.04]}
2025-12-12 11:35:01,880 MambaPro.train INFO: 🔥 MoE损失(Val): 平衡=0.8905, 稀疏性=0.2543, 多样性=0.2722, 总=0.0012 (权重: 平衡=0.001, 稀疏性=0.000, 多样性=0.001)
2025-12-12 11:35:01,880 MambaPro.train INFO:    📊 专家权重分布(Val): [0.91 , 0.05 , 0.04]
2025-12-12 11:35:21,983 MambaPro.train INFO: Epoch 36 done. Time per batch: 0.187[s] Speed: 171.5[samples/s]
2025-12-12 11:35:42,123 MambaPro.train INFO: Epoch 37 done. Time per batch: 0.188[s] Speed: 170.0[samples/s]
2025-12-12 11:36:02,101 MambaPro.train INFO: Epoch 38 done. Time per batch: 0.188[s] Speed: 169.8[samples/s]
2025-12-12 11:36:22,142 MambaPro.train INFO: Epoch 39 done. Time per batch: 0.187[s] Speed: 170.9[samples/s]
2025-12-12 11:36:41,969 MambaPro.train INFO: Epoch 40 done. Time per batch: 0.187[s] Speed: 171.1[samples/s]
2025-12-12 11:36:49,914 MambaPro.train INFO: Validation Results - Epoch: 40
2025-12-12 11:36:49,914 MambaPro.train INFO: Current mAP: 78.3%
2025-12-12 11:36:49,914 MambaPro.train INFO: CMC curve, Rank-1  :81.8%
2025-12-12 11:36:49,914 MambaPro.train INFO: CMC curve, Rank-5  :90.6%
2025-12-12 11:36:49,914 MambaPro.train INFO: CMC curve, Rank-10 :93.3%
2025-12-12 11:36:49,915 MambaPro.train INFO: 🎯 New Best! Saving model...
2025-12-12 11:36:50,473 MambaPro.train INFO: [Epoch 40] 指标集合列表（历史）
2025-12-12 11:36:50,473 MambaPro.train INFO: history_mAP:{54.3 , 48.1 , 45.8 , 59.8 , 75.4 , 77.1 , 77.5 , 78.3}
2025-12-12 11:36:50,473 MambaPro.train INFO: best_mAP:{78.3}
2025-12-12 11:36:50,473 MambaPro.train INFO: history_Rank-1:{60.0 , 57.8 , 50.1 , 62.8 , 79.7 , 80.9 , 80.6 , 81.8}
2025-12-12 11:36:50,473 MambaPro.train INFO: best_Rank-1:{81.8}
2025-12-12 11:36:50,473 MambaPro.train INFO: history_Rank-5:{71.9 , 74.0 , 66.5 , 80.0 , 87.3 , 88.9 , 90.6}
2025-12-12 11:36:50,473 MambaPro.train INFO: best_Rank-5:{90.6}
2025-12-12 11:36:50,473 MambaPro.train INFO: history_Rank-10:{77.8 , 80.6 , 75.5 , 84.0 , 91.1 , 92.8 , 92.5 , 93.3}
2025-12-12 11:36:50,473 MambaPro.train INFO: best_Rank-10:{93.3}
2025-12-12 11:36:50,474 MambaPro.train INFO: history_Experts:{[0.35 , 0.34 , 0.31] , [0.37 , 0.34 , 0.30] , [0.40 , 0.34 , 0.26] , [0.62 , 0.23 , 0.15] , [0.82 , 0.10 , 0.08] , [0.88 , 0.07 , 0.05] , [0.91 , 0.05 , 0.04] , [0.93 , 0.04 , 0.03]}
2025-12-12 11:36:50,474 MambaPro.train INFO: best_Experts:{[0.93 , 0.04 , 0.03]}
2025-12-12 11:36:50,474 MambaPro.train INFO: 🔥 MoE损失(Val): 平衡=0.9584, 稀疏性=0.2103, 多样性=0.2175, 总=0.0012 (权重: 平衡=0.001, 稀疏性=0.000, 多样性=0.001)
2025-12-12 11:36:50,474 MambaPro.train INFO:    📊 专家权重分布(Val): [0.93 , 0.04 , 0.03]
2025-12-12 11:37:10,724 MambaPro.train INFO: Epoch 41 done. Time per batch: 0.188[s] Speed: 170.2[samples/s]
2025-12-12 11:37:30,812 MambaPro.train INFO: Epoch 42 done. Time per batch: 0.188[s] Speed: 170.5[samples/s]
2025-12-12 11:37:50,876 MambaPro.train INFO: Epoch 43 done. Time per batch: 0.188[s] Speed: 170.7[samples/s]
2025-12-12 11:38:10,957 MambaPro.train INFO: Epoch 44 done. Time per batch: 0.188[s] Speed: 170.5[samples/s]
2025-12-12 11:38:31,047 MambaPro.train INFO: Epoch 45 done. Time per batch: 0.188[s] Speed: 170.4[samples/s]
2025-12-12 11:38:38,584 MambaPro.train INFO: Validation Results - Epoch: 45
2025-12-12 11:38:38,584 MambaPro.train INFO: Current mAP: 78.5%
2025-12-12 11:38:38,584 MambaPro.train INFO: CMC curve, Rank-1  :81.8%
2025-12-12 11:38:38,584 MambaPro.train INFO: CMC curve, Rank-5  :90.3%
2025-12-12 11:38:38,584 MambaPro.train INFO: CMC curve, Rank-10 :93.2%
2025-12-12 11:38:38,585 MambaPro.train INFO: 🎯 New Best! Saving model...
2025-12-12 11:38:39,229 MambaPro.train INFO: [Epoch 45] 指标集合列表（历史）
2025-12-12 11:38:39,229 MambaPro.train INFO: history_mAP:{54.3 , 48.1 , 45.8 , 59.8 , 75.4 , 77.1 , 77.5 , 78.3 , 78.5}
2025-12-12 11:38:39,229 MambaPro.train INFO: best_mAP:{78.5}
2025-12-12 11:38:39,230 MambaPro.train INFO: history_Rank-1:{60.0 , 57.8 , 50.1 , 62.8 , 79.7 , 80.9 , 80.6 , 81.8}
2025-12-12 11:38:39,230 MambaPro.train INFO: best_Rank-1:{81.8}
2025-12-12 11:38:39,230 MambaPro.train INFO: history_Rank-5:{71.9 , 74.0 , 66.5 , 80.0 , 87.3 , 88.9 , 90.6 , 90.3}
2025-12-12 11:38:39,230 MambaPro.train INFO: best_Rank-5:{90.6}
2025-12-12 11:38:39,230 MambaPro.train INFO: history_Rank-10:{77.8 , 80.6 , 75.5 , 84.0 , 91.1 , 92.8 , 92.5 , 93.3 , 93.2}
2025-12-12 11:38:39,230 MambaPro.train INFO: best_Rank-10:{93.3}
2025-12-12 11:38:39,230 MambaPro.train INFO: history_Experts:{[0.35 , 0.34 , 0.31] , [0.37 , 0.34 , 0.30] , [0.40 , 0.34 , 0.26] , [0.62 , 0.23 , 0.15] , [0.82 , 0.10 , 0.08] , [0.88 , 0.07 , 0.05] , [0.91 , 0.05 , 0.04] , [0.93 , 0.04 , 0.03] , [0.94 , 0.03 , 0.03]}
2025-12-12 11:38:39,230 MambaPro.train INFO: best_Experts:{[0.94 , 0.03 , 0.03]}
2025-12-12 11:38:39,230 MambaPro.train INFO: 🔥 MoE损失(Val): 平衡=0.9998, 稀疏性=0.1837, 多样性=0.1861, 总=0.0012 (权重: 平衡=0.001, 稀疏性=0.000, 多样性=0.001)
2025-12-12 11:38:39,230 MambaPro.train INFO:    📊 专家权重分布(Val): [0.94 , 0.03 , 0.03]
2025-12-12 11:38:59,418 MambaPro.train INFO: Epoch 46 done. Time per batch: 0.187[s] Speed: 170.8[samples/s]
2025-12-12 11:39:19,566 MambaPro.train INFO: Epoch 47 done. Time per batch: 0.188[s] Speed: 169.9[samples/s]
2025-12-12 11:39:39,483 MambaPro.train INFO: Epoch 48 done. Time per batch: 0.188[s] Speed: 170.3[samples/s]
2025-12-12 11:39:59,601 MambaPro.train INFO: Epoch 49 done. Time per batch: 0.188[s] Speed: 170.2[samples/s]
2025-12-12 11:40:19,687 MambaPro.train INFO: Epoch 50 done. Time per batch: 0.188[s] Speed: 170.5[samples/s]
2025-12-12 11:40:27,645 MambaPro.train INFO: Validation Results - Epoch: 50
2025-12-12 11:40:27,645 MambaPro.train INFO: Current mAP: 78.1%
2025-12-12 11:40:27,645 MambaPro.train INFO: CMC curve, Rank-1  :80.6%
2025-12-12 11:40:27,645 MambaPro.train INFO: CMC curve, Rank-5  :90.7%
2025-12-12 11:40:27,645 MambaPro.train INFO: CMC curve, Rank-10 :93.5%
2025-12-12 11:40:27,646 MambaPro.train INFO: [Epoch 50] 指标集合列表（历史）
2025-12-12 11:40:27,646 MambaPro.train INFO: history_mAP:{54.3 , 48.1 , 45.8 , 59.8 , 75.4 , 77.1 , 77.5 , 78.3 , 78.5 , 78.1}
2025-12-12 11:40:27,646 MambaPro.train INFO: best_mAP:{78.5}
2025-12-12 11:40:27,646 MambaPro.train INFO: history_Rank-1:{60.0 , 57.8 , 50.1 , 62.8 , 79.7 , 80.9 , 80.6 , 81.8}
2025-12-12 11:40:27,646 MambaPro.train INFO: best_Rank-1:{81.8}
2025-12-12 11:40:27,646 MambaPro.train INFO: history_Rank-5:{71.9 , 74.0 , 66.5 , 80.0 , 87.3 , 88.9 , 90.6 , 90.3 , 90.7}
2025-12-12 11:40:27,646 MambaPro.train INFO: best_Rank-5:{90.6}
2025-12-12 11:40:27,646 MambaPro.train INFO: history_Rank-10:{77.8 , 80.6 , 75.5 , 84.0 , 91.1 , 92.8 , 92.5 , 93.3 , 93.2 , 93.5}
2025-12-12 11:40:27,646 MambaPro.train INFO: best_Rank-10:{93.3}
2025-12-12 11:40:27,646 MambaPro.train INFO: history_Experts:{[0.35 , 0.34 , 0.31] , [0.37 , 0.34 , 0.30] , [0.40 , 0.34 , 0.26] , [0.62 , 0.23 , 0.15] , [0.82 , 0.10 , 0.08] , [0.88 , 0.07 , 0.05] , [0.91 , 0.05 , 0.04] , [0.93 , 0.04 , 0.03] , [0.94 , 0.03 , 0.03] , [0.94 , 0.03 , 0.03]}
2025-12-12 11:40:27,646 MambaPro.train INFO: best_Experts:{[0.94 , 0.03 , 0.03]}
2025-12-12 11:40:27,646 MambaPro.train INFO: 🔥 MoE损失(Val): 平衡=1.0303, 稀疏性=0.1642, 多样性=0.1638, 总=0.0012 (权重: 平衡=0.001, 稀疏性=0.000, 多样性=0.001)
2025-12-12 11:40:27,646 MambaPro.train INFO:    📊 专家权重分布(Val): [0.94 , 0.03 , 0.03]
2025-12-12 11:40:47,797 MambaPro.train INFO: Epoch 51 done. Time per batch: 0.189[s] Speed: 169.5[samples/s]
2025-12-12 11:41:07,695 MambaPro.train INFO: Epoch 52 done. Time per batch: 0.188[s] Speed: 170.5[samples/s]
2025-12-12 11:41:27,763 MambaPro.train INFO: Epoch 53 done. Time per batch: 0.188[s] Speed: 170.6[samples/s]
2025-12-12 11:41:47,850 MambaPro.train INFO: Epoch 54 done. Time per batch: 0.188[s] Speed: 170.5[samples/s]
2025-12-12 11:42:07,917 MambaPro.train INFO: Epoch 55 done. Time per batch: 0.188[s] Speed: 170.6[samples/s]
2025-12-12 11:42:15,476 MambaPro.train INFO: Validation Results - Epoch: 55
2025-12-12 11:42:15,477 MambaPro.train INFO: Current mAP: 79.2%
2025-12-12 11:42:15,477 MambaPro.train INFO: CMC curve, Rank-1  :81.8%
2025-12-12 11:42:15,477 MambaPro.train INFO: CMC curve, Rank-5  :90.9%
2025-12-12 11:42:15,477 MambaPro.train INFO: CMC curve, Rank-10 :93.5%
2025-12-12 11:42:15,477 MambaPro.train INFO: 🎯 New Best! Saving model...
2025-12-12 11:42:16,109 MambaPro.train INFO: [Epoch 55] 指标集合列表（历史）
2025-12-12 11:42:16,110 MambaPro.train INFO: history_mAP:{54.3 , 48.1 , 45.8 , 59.8 , 75.4 , 77.1 , 77.5 , 78.3 , 78.5 , 78.1 , 79.2}
2025-12-12 11:42:16,110 MambaPro.train INFO: best_mAP:{79.2}
2025-12-12 11:42:16,110 MambaPro.train INFO: history_Rank-1:{60.0 , 57.8 , 50.1 , 62.8 , 79.7 , 80.9 , 80.6 , 81.8}
2025-12-12 11:42:16,110 MambaPro.train INFO: best_Rank-1:{81.8}
2025-12-12 11:42:16,110 MambaPro.train INFO: history_Rank-5:{71.9 , 74.0 , 66.5 , 80.0 , 87.3 , 88.9 , 90.6 , 90.3 , 90.7 , 90.9}
2025-12-12 11:42:16,110 MambaPro.train INFO: best_Rank-5:{90.9}
2025-12-12 11:42:16,110 MambaPro.train INFO: history_Rank-10:{77.8 , 80.6 , 75.5 , 84.0 , 91.1 , 92.8 , 92.5 , 93.3 , 93.2 , 93.5}
2025-12-12 11:42:16,110 MambaPro.train INFO: best_Rank-10:{93.5}
2025-12-12 11:42:16,110 MambaPro.train INFO: history_Experts:{[0.35 , 0.34 , 0.31] , [0.37 , 0.34 , 0.30] , [0.40 , 0.34 , 0.26] , [0.62 , 0.23 , 0.15] , [0.82 , 0.10 , 0.08] , [0.88 , 0.07 , 0.05] , [0.91 , 0.05 , 0.04] , [0.93 , 0.04 , 0.03] , [0.94 , 0.03 , 0.03] , [0.94 , 0.03 , 0.03] , [0.95 , 0.03 , 0.02]}
2025-12-12 11:42:16,110 MambaPro.train INFO: best_Experts:{[0.95 , 0.03 , 0.02]}
2025-12-12 11:42:16,110 MambaPro.train INFO: 🔥 MoE损失(Val): 平衡=1.0534, 稀疏性=0.1494, 多样性=0.1474, 总=0.0012 (权重: 平衡=0.001, 稀疏性=0.000, 多样性=0.001)
2025-12-12 11:42:16,110 MambaPro.train INFO:    📊 专家权重分布(Val): [0.95 , 0.03 , 0.02]
2025-12-12 11:42:36,113 MambaPro.train INFO: Epoch 56 done. Time per batch: 0.187[s] Speed: 170.7[samples/s]
2025-12-12 11:42:56,257 MambaPro.train INFO: Epoch 57 done. Time per batch: 0.188[s] Speed: 170.0[samples/s]
2025-12-12 11:43:16,341 MambaPro.train INFO: Epoch 58 done. Time per batch: 0.188[s] Speed: 170.5[samples/s]
2025-12-12 11:43:36,285 MambaPro.train INFO: Epoch 59 done. Time per batch: 0.188[s] Speed: 170.1[samples/s]
2025-12-12 11:43:56,416 MambaPro.train INFO: Epoch 60 done. Time per batch: 0.188[s] Speed: 170.1[samples/s]
2025-12-12 11:44:04,340 MambaPro.train INFO: Validation Results - Epoch: 60
2025-12-12 11:44:04,341 MambaPro.train INFO: Current mAP: 79.4%
2025-12-12 11:44:04,341 MambaPro.train INFO: CMC curve, Rank-1  :81.9%
2025-12-12 11:44:04,341 MambaPro.train INFO: CMC curve, Rank-5  :91.3%
2025-12-12 11:44:04,341 MambaPro.train INFO: CMC curve, Rank-10 :93.4%
2025-12-12 11:44:04,341 MambaPro.train INFO: 🎯 New Best! Saving model...
2025-12-12 11:44:04,911 MambaPro.train INFO: [Epoch 60] 指标集合列表（历史）
2025-12-12 11:44:04,911 MambaPro.train INFO: history_mAP:{54.3 , 48.1 , 45.8 , 59.8 , 75.4 , 77.1 , 77.5 , 78.3 , 78.5 , 78.1 , 79.2 , 79.4}
2025-12-12 11:44:04,911 MambaPro.train INFO: best_mAP:{79.4}
2025-12-12 11:44:04,911 MambaPro.train INFO: history_Rank-1:{60.0 , 57.8 , 50.1 , 62.8 , 79.7 , 80.9 , 80.6 , 81.8 , 81.9}
2025-12-12 11:44:04,911 MambaPro.train INFO: best_Rank-1:{81.9}
2025-12-12 11:44:04,911 MambaPro.train INFO: history_Rank-5:{71.9 , 74.0 , 66.5 , 80.0 , 87.3 , 88.9 , 90.6 , 90.3 , 90.7 , 90.9 , 91.3}
2025-12-12 11:44:04,911 MambaPro.train INFO: best_Rank-5:{91.3}
2025-12-12 11:44:04,911 MambaPro.train INFO: history_Rank-10:{77.8 , 80.6 , 75.5 , 84.0 , 91.1 , 92.8 , 92.5 , 93.3 , 93.2 , 93.5 , 93.4}
2025-12-12 11:44:04,911 MambaPro.train INFO: best_Rank-10:{93.5}
2025-12-12 11:44:04,911 MambaPro.train INFO: history_Experts:{[0.35 , 0.34 , 0.31] , [0.37 , 0.34 , 0.30] , [0.40 , 0.34 , 0.26] , [0.62 , 0.23 , 0.15] , [0.82 , 0.10 , 0.08] , [0.88 , 0.07 , 0.05] , [0.91 , 0.05 , 0.04] , [0.93 , 0.04 , 0.03] , [0.94 , 0.03 , 0.03] , [0.94 , 0.03 , 0.03] , [0.95 , 0.03 , 0.02] , [0.95 , 0.03 , 0.02]}
2025-12-12 11:44:04,911 MambaPro.train INFO: best_Experts:{[0.95 , 0.03 , 0.02]}
2025-12-12 11:44:04,911 MambaPro.train INFO: 🔥 MoE损失(Val): 平衡=1.0706, 稀疏性=0.1384, 多样性=0.1355, 总=0.0012 (权重: 平衡=0.001, 稀疏性=0.000, 多样性=0.001)
2025-12-12 11:44:04,911 MambaPro.train INFO:    📊 专家权重分布(Val): [0.95 , 0.03 , 0.02]
2025-12-12 11:44:05,046 MambaPro.train INFO: ============================================================
