2025-12-16 23:35:34,104 MambaPro INFO: 🔥 窗口配置：16x16 ([16]), MoE专家数量：1
2025-12-16 23:35:34,105 MambaPro INFO: ================================================================================
2025-12-16 23:35:34,105 MambaPro INFO: 🧾 实验参数快照（命令行 + 最终配置）
2025-12-16 23:35:34,105 MambaPro INFO: ================================================================================
2025-12-16 23:35:34,105 MambaPro INFO: 【复现实验命令】
2025-12-16 23:35:34,105 MambaPro INFO: /home/zhanghaoyang/.conda/envs/MambaPro/bin/python train_net.py --use_multi_scale --use_moe --config_file mybest_model/experiment_20251013_110028/configs/experiment_config.yml OUTPUT_DIR ./outputs/multiscale/16x16_20251216_233532 MODEL.CLIP_MULTI_SCALE_SCALES [16] MODEL.MOE_SCALES [16] MODEL.MOE_NUM_EXPERTS 1
2025-12-16 23:35:34,105 MambaPro INFO: 【命令行参数（args）】
2025-12-16 23:35:34,105 MambaPro INFO: {
2025-12-16 23:35:34,105 MambaPro INFO:   "config_file": "mybest_model/experiment_20251013_110028/configs/experiment_config.yml",
2025-12-16 23:35:34,105 MambaPro INFO:   "fea_cft": 0,
2025-12-16 23:35:34,105 MambaPro INFO:   "opts": [
2025-12-16 23:35:34,105 MambaPro INFO:     "OUTPUT_DIR",
2025-12-16 23:35:34,105 MambaPro INFO:     "./outputs/multiscale/16x16_20251216_233532",
2025-12-16 23:35:34,105 MambaPro INFO:     "MODEL.CLIP_MULTI_SCALE_SCALES",
2025-12-16 23:35:34,105 MambaPro INFO:     "[16]",
2025-12-16 23:35:34,105 MambaPro INFO:     "MODEL.MOE_SCALES",
2025-12-16 23:35:34,105 MambaPro INFO:     "[16]",
2025-12-16 23:35:34,105 MambaPro INFO:     "MODEL.MOE_NUM_EXPERTS",
2025-12-16 23:35:34,105 MambaPro INFO:     "1"
2025-12-16 23:35:34,105 MambaPro INFO:   ],
2025-12-16 23:35:34,105 MambaPro INFO:   "local_rank": 0,
2025-12-16 23:35:34,105 MambaPro INFO:   "use_multi_scale": true,
2025-12-16 23:35:34,105 MambaPro INFO:   "no_multi_scale": false,
2025-12-16 23:35:34,105 MambaPro INFO:   "use_moe": true,
2025-12-16 23:35:34,105 MambaPro INFO:   "disable_moe": false,
2025-12-16 23:35:34,105 MambaPro INFO:   "no_moe": false,
2025-12-16 23:35:34,105 MambaPro INFO:   "use_attention": false,
2025-12-16 23:35:34,105 MambaPro INFO:   "disable_attention": false,
2025-12-16 23:35:34,105 MambaPro INFO:   "attention_heads": 8,
2025-12-16 23:35:34,105 MambaPro INFO:   "attention_dropout": 0.1
2025-12-16 23:35:34,105 MambaPro INFO: }
2025-12-16 23:35:34,105 MambaPro INFO: 【工作目录】/home/zhanghaoyang/Desktop/yzy/AboutReid
2025-12-16 23:35:34,105 MambaPro INFO: 【最终配置（YAML）】
2025-12-16 23:35:34,107 MambaPro INFO: DATALOADER:
2025-12-16 23:35:34,108 MambaPro INFO:   NUM_INSTANCE: 8
2025-12-16 23:35:34,108 MambaPro INFO:   NUM_WORKERS: 8
2025-12-16 23:35:34,108 MambaPro INFO:   SAMPLER: softmax_triplet
2025-12-16 23:35:34,108 MambaPro INFO: DATASETS:
2025-12-16 23:35:34,108 MambaPro INFO:   NAMES: RGBNT201
2025-12-16 23:35:34,108 MambaPro INFO:   ROOT_DIR: /home/zhanghaoyang/Desktop/yzy/AboutReid/data/datasets/RGBNT201
2025-12-16 23:35:34,108 MambaPro INFO: INPUT:
2025-12-16 23:35:34,108 MambaPro INFO:   PADDING: 10
2025-12-16 23:35:34,108 MambaPro INFO:   PIXEL_MEAN:
2025-12-16 23:35:34,108 MambaPro INFO:   - 0.5
2025-12-16 23:35:34,108 MambaPro INFO:   - 0.5
2025-12-16 23:35:34,108 MambaPro INFO:   - 0.5
2025-12-16 23:35:34,108 MambaPro INFO:   PIXEL_STD:
2025-12-16 23:35:34,108 MambaPro INFO:   - 0.5
2025-12-16 23:35:34,108 MambaPro INFO:   - 0.5
2025-12-16 23:35:34,108 MambaPro INFO:   - 0.5
2025-12-16 23:35:34,108 MambaPro INFO:   PROB: 0.5
2025-12-16 23:35:34,108 MambaPro INFO:   RE_PROB: 0.5
2025-12-16 23:35:34,108 MambaPro INFO:   SIZE_TEST:
2025-12-16 23:35:34,108 MambaPro INFO:   - 256
2025-12-16 23:35:34,108 MambaPro INFO:   - 128
2025-12-16 23:35:34,108 MambaPro INFO:   SIZE_TRAIN:
2025-12-16 23:35:34,108 MambaPro INFO:   - 256
2025-12-16 23:35:34,108 MambaPro INFO:   - 128
2025-12-16 23:35:34,108 MambaPro INFO: MODEL:
2025-12-16 23:35:34,108 MambaPro INFO:   ADAPTER: true
2025-12-16 23:35:34,108 MambaPro INFO:   ATTENTION_DIM: 512
2025-12-16 23:35:34,108 MambaPro INFO:   ATTENTION_DROPOUT: 0.1
2025-12-16 23:35:34,108 MambaPro INFO:   ATTENTION_NUM_HEADS: 8
2025-12-16 23:35:34,108 MambaPro INFO:   ATT_DROP_RATE: 0.0
2025-12-16 23:35:34,108 MambaPro INFO:   CLIP_MULTI_SCALE_SCALES:
2025-12-16 23:35:34,108 MambaPro INFO:   - 16
2025-12-16 23:35:34,108 MambaPro INFO:   DEVICE: cuda
2025-12-16 23:35:34,108 MambaPro INFO:   DEVICE_ID: '0'
2025-12-16 23:35:34,108 MambaPro INFO:   DIRECT: 1
2025-12-16 23:35:34,108 MambaPro INFO:   DIST_TRAIN: false
2025-12-16 23:35:34,108 MambaPro INFO:   DROP_OUT: 0.0
2025-12-16 23:35:34,108 MambaPro INFO:   DROP_PATH: 0.1
2025-12-16 23:35:34,108 MambaPro INFO:   FLOPS_TEST: false
2025-12-16 23:35:34,108 MambaPro INFO:   FROZEN: true
2025-12-16 23:35:34,108 MambaPro INFO:   GATE_DROPOUT: 0.1
2025-12-16 23:35:34,108 MambaPro INFO:   ID_LOSS_TYPE: softmax
2025-12-16 23:35:34,108 MambaPro INFO:   ID_LOSS_WEIGHT: 0.25
2025-12-16 23:35:34,108 MambaPro INFO:   IF_LABELSMOOTH: 'on'
2025-12-16 23:35:34,108 MambaPro INFO:   IF_WITH_CENTER: 'no'
2025-12-16 23:35:34,108 MambaPro INFO:   LAYER: -1
2025-12-16 23:35:34,108 MambaPro INFO:   MAMBA: true
2025-12-16 23:35:34,108 MambaPro INFO:   MAMBA_BI: false
2025-12-16 23:35:34,108 MambaPro INFO:   METRIC_LOSS_TYPE: triplet
2025-12-16 23:35:34,108 MambaPro INFO:   MOE_BALANCE_LOSS_WEIGHT: 0.01
2025-12-16 23:35:34,108 MambaPro INFO:   MOE_DIVERSITY_LOSS_WEIGHT: 0.01
2025-12-16 23:35:34,108 MambaPro INFO:   MOE_EXPERT_DROPOUT: 0.1
2025-12-16 23:35:34,108 MambaPro INFO:   MOE_EXPERT_HIDDEN_DIM: 1024
2025-12-16 23:35:34,108 MambaPro INFO:   MOE_EXPERT_LAYERS: 2
2025-12-16 23:35:34,108 MambaPro INFO:   MOE_EXPERT_THRESHOLD: 0.1
2025-12-16 23:35:34,108 MambaPro INFO:   MOE_FIXED_WEIGHTS:
2025-12-16 23:35:34,108 MambaPro INFO:   - 0.33
2025-12-16 23:35:34,108 MambaPro INFO:   - 0.33
2025-12-16 23:35:34,108 MambaPro INFO:   - 0.34
2025-12-16 23:35:34,108 MambaPro INFO:   MOE_GATE_DROPOUT: 0.1
2025-12-16 23:35:34,108 MambaPro INFO:   MOE_GATE_LAYERS: 2
2025-12-16 23:35:34,108 MambaPro INFO:   MOE_INIT_WEIGHTS: null
2025-12-16 23:35:34,108 MambaPro INFO:   MOE_NUM_EXPERTS: 1
2025-12-16 23:35:34,108 MambaPro INFO:   MOE_RESIDUAL_WEIGHT: 1.0
2025-12-16 23:35:34,108 MambaPro INFO:   MOE_SCALES:
2025-12-16 23:35:34,108 MambaPro INFO:   - 16
2025-12-16 23:35:34,108 MambaPro INFO:   MOE_SPARSITY_LOSS_WEIGHT: 0.001
2025-12-16 23:35:34,108 MambaPro INFO:   MOE_TEMPERATURE: 0.7
2025-12-16 23:35:34,108 MambaPro INFO:   MOE_TOP_K: 2
2025-12-16 23:35:34,108 MambaPro INFO:   MOE_TOP_K_MODE: soft
2025-12-16 23:35:34,108 MambaPro INFO:   MOE_USE_FIXED_WEIGHTS: false
2025-12-16 23:35:34,108 MambaPro INFO:   MOE_USE_TOP_K_ROUTING: false
2025-12-16 23:35:34,108 MambaPro INFO:   MULTI_SCALE_SCALES:
2025-12-16 23:35:34,108 MambaPro INFO:   - 4
2025-12-16 23:35:34,108 MambaPro INFO:   - 8
2025-12-16 23:35:34,108 MambaPro INFO:   - 16
2025-12-16 23:35:34,108 MambaPro INFO:   NAME: MambaPro
2025-12-16 23:35:34,108 MambaPro INFO:   NECK: bnneck
2025-12-16 23:35:34,108 MambaPro INFO:   NO_MARGIN: true
2025-12-16 23:35:34,108 MambaPro INFO:   PREFIX_NUM: 1
2025-12-16 23:35:34,108 MambaPro INFO:   PRETRAIN_PATH_T: AboutReid/pths/ViT-B-16.pt
2025-12-16 23:35:34,108 MambaPro INFO:   PROMPT: true
2025-12-16 23:35:34,108 MambaPro INFO:   SIE_CAMERA: true
2025-12-16 23:35:34,108 MambaPro INFO:   SIE_COE: 1.0
2025-12-16 23:35:34,108 MambaPro INFO:   SIE_VIEW: false
2025-12-16 23:35:34,108 MambaPro INFO:   STRIDE_SIZE:
2025-12-16 23:35:34,108 MambaPro INFO:   - 16
2025-12-16 23:35:34,108 MambaPro INFO:   - 16
2025-12-16 23:35:34,108 MambaPro INFO:   TRANSFORMER_TYPE: ViT-B-16
2025-12-16 23:35:34,108 MambaPro INFO:   TRIPLET_LOSS_WEIGHT: 1.0
2025-12-16 23:35:34,108 MambaPro INFO:   USE_ATTENTION_FUSION: false
2025-12-16 23:35:34,108 MambaPro INFO:   USE_CLIP_MULTI_SCALE: true
2025-12-16 23:35:34,108 MambaPro INFO:   USE_GATE_FUSION: false
2025-12-16 23:35:34,108 MambaPro INFO:   USE_MULTI_SCALE: false
2025-12-16 23:35:34,108 MambaPro INFO:   USE_MULTI_SCALE_MOE: true
2025-12-16 23:35:34,108 MambaPro INFO: OUTPUT_DIR: outputs/multiscale/16x16_20251216_233532
2025-12-16 23:35:34,108 MambaPro INFO: SOLVER:
2025-12-16 23:35:34,108 MambaPro INFO:   BASE_LR: 0.0005
2025-12-16 23:35:34,109 MambaPro INFO:   BIAS_LR_FACTOR: 2
2025-12-16 23:35:34,109 MambaPro INFO:   CENTER_LOSS_WEIGHT: 0.0005
2025-12-16 23:35:34,109 MambaPro INFO:   CENTER_LR: 0.5
2025-12-16 23:35:34,109 MambaPro INFO:   CHECKPOINT_PERIOD: 10
2025-12-16 23:35:34,109 MambaPro INFO:   CLUSTER_MARGIN: 0.3
2025-12-16 23:35:34,109 MambaPro INFO:   COSINE_MARGIN: 0.5
2025-12-16 23:35:34,109 MambaPro INFO:   COSINE_SCALE: 30
2025-12-16 23:35:34,109 MambaPro INFO:   EVAL_PERIOD: 5
2025-12-16 23:35:34,109 MambaPro INFO:   GAMMA: 0.1
2025-12-16 23:35:34,109 MambaPro INFO:   IMS_PER_BATCH: 32
2025-12-16 23:35:34,109 MambaPro INFO:   LARGE_FC_LR: false
2025-12-16 23:35:34,109 MambaPro INFO:   LOG_PERIOD: 10
2025-12-16 23:35:34,109 MambaPro INFO:   MARGIN: 0.3
2025-12-16 23:35:34,109 MambaPro INFO:   MAX_EPOCHS: 60
2025-12-16 23:35:34,109 MambaPro INFO:   MOE_BALANCE_LOSS_WEIGHT: 0.001
2025-12-16 23:35:34,109 MambaPro INFO:   MOE_BALANCE_LOSS_WEIGHT_END: 0.1
2025-12-16 23:35:34,109 MambaPro INFO:   MOE_BALANCE_LOSS_WEIGHT_START: 0.001
2025-12-16 23:35:34,109 MambaPro INFO:   MOE_BALANCE_THRESHOLD: 0.3
2025-12-16 23:35:34,109 MambaPro INFO:   MOE_DIVERSITY_LOSS_WEIGHT: 0.001
2025-12-16 23:35:34,109 MambaPro INFO:   MOE_DIVERSITY_LOSS_WEIGHT_END: 0.1
2025-12-16 23:35:34,109 MambaPro INFO:   MOE_DIVERSITY_LOSS_WEIGHT_START: 0.001
2025-12-16 23:35:34,109 MambaPro INFO:   MOE_GATE_LR_FACTOR: 0.01
2025-12-16 23:35:34,109 MambaPro INFO:   MOE_LOSS_WEIGHT_SCHEDULE_TYPE: cosine
2025-12-16 23:35:34,109 MambaPro INFO:   MOE_LOSS_WEIGHT_WARMUP_EPOCHS: 5
2025-12-16 23:35:34,109 MambaPro INFO:   MOE_SPARSITY_LOSS_WEIGHT: 0.0001
2025-12-16 23:35:34,109 MambaPro INFO:   MOE_USE_DYNAMIC_LOSS_WEIGHT: false
2025-12-16 23:35:34,109 MambaPro INFO:   MOMENTUM: 0.9
2025-12-16 23:35:34,109 MambaPro INFO:   OPTIMIZER_NAME: Adam
2025-12-16 23:35:34,109 MambaPro INFO:   RANGE_ALPHA: 0
2025-12-16 23:35:34,109 MambaPro INFO:   RANGE_BETA: 1
2025-12-16 23:35:34,109 MambaPro INFO:   RANGE_K: 2
2025-12-16 23:35:34,109 MambaPro INFO:   RANGE_LOSS_WEIGHT: 1
2025-12-16 23:35:34,109 MambaPro INFO:   RANGE_MARGIN: 0.3
2025-12-16 23:35:34,109 MambaPro INFO:   SEED: 42
2025-12-16 23:35:34,109 MambaPro INFO:   STEPS:
2025-12-16 23:35:34,109 MambaPro INFO:   - 30
2025-12-16 23:35:34,109 MambaPro INFO:   - 50
2025-12-16 23:35:34,109 MambaPro INFO:   WARMUP_FACTOR: 0.01
2025-12-16 23:35:34,109 MambaPro INFO:   WARMUP_ITERS: 20
2025-12-16 23:35:34,109 MambaPro INFO:   WARMUP_METHOD: linear
2025-12-16 23:35:34,109 MambaPro INFO:   WEIGHT_DECAY: 0.0005
2025-12-16 23:35:34,109 MambaPro INFO:   WEIGHT_DECAY_BIAS: 0.0005
2025-12-16 23:35:34,109 MambaPro INFO: TEST:
2025-12-16 23:35:34,109 MambaPro INFO:   FEAT: 0
2025-12-16 23:35:34,109 MambaPro INFO:   FEAT_NORM: 'yes'
2025-12-16 23:35:34,109 MambaPro INFO:   IMS_PER_BATCH: 64
2025-12-16 23:35:34,109 MambaPro INFO:   MISS: nothing
2025-12-16 23:35:34,109 MambaPro INFO:   NECK_FEAT: after
2025-12-16 23:35:34,109 MambaPro INFO:   RE_RANKING: 'no'
2025-12-16 23:35:34,109 MambaPro INFO:   WEIGHT: /home/zubuntu/workspace/yzy/MambaPro/pths/MambaProbest.pth
2025-12-16 23:35:34,109 MambaPro INFO: ================================================================================
