2025-12-23 21:37:15,522 MambaPro INFO: ================================================================================
2025-12-23 21:37:15,522 MambaPro INFO: 🧾 实验参数快照（命令行 + 最终配置）
2025-12-23 21:37:15,522 MambaPro INFO: ================================================================================
2025-12-23 21:37:15,522 MambaPro INFO: 【复现实验命令】
2025-12-23 21:37:15,522 MambaPro INFO: /home/zhanghaoyang/.conda/envs/MambaPro/bin/python train_net.py --config_file configs/RGBNT100/baseline.yml
2025-12-23 21:37:15,522 MambaPro INFO: 【命令行参数（args）】
2025-12-23 21:37:15,522 MambaPro INFO: {
2025-12-23 21:37:15,522 MambaPro INFO:   "config_file": "configs/RGBNT100/baseline.yml",
2025-12-23 21:37:15,522 MambaPro INFO:   "fea_cft": 0,
2025-12-23 21:37:15,522 MambaPro INFO:   "local_rank": 0,
2025-12-23 21:37:15,522 MambaPro INFO:   "use_multi_scale": false,
2025-12-23 21:37:15,522 MambaPro INFO:   "no_multi_scale": false,
2025-12-23 21:37:15,522 MambaPro INFO:   "use_moe": false,
2025-12-23 21:37:15,522 MambaPro INFO:   "disable_moe": false,
2025-12-23 21:37:15,522 MambaPro INFO:   "no_moe": false,
2025-12-23 21:37:15,522 MambaPro INFO:   "use_attention": false,
2025-12-23 21:37:15,522 MambaPro INFO:   "disable_attention": false,
2025-12-23 21:37:15,522 MambaPro INFO:   "attention_heads": 8,
2025-12-23 21:37:15,522 MambaPro INFO:   "attention_dropout": 0.1,
2025-12-23 21:37:15,522 MambaPro INFO:   "resume": "",
2025-12-23 21:37:15,522 MambaPro INFO:   "opts": []
2025-12-23 21:37:15,522 MambaPro INFO: }
2025-12-23 21:37:15,522 MambaPro INFO: 【工作目录】/home/zhanghaoyang/Desktop/yzy/AboutReid
2025-12-23 21:37:15,522 MambaPro INFO: 【最终配置（YAML）】
2025-12-23 21:37:15,525 MambaPro INFO: DATALOADER:
2025-12-23 21:37:15,525 MambaPro INFO:   NUM_INSTANCE: 16
2025-12-23 21:37:15,525 MambaPro INFO:   NUM_WORKERS: 8
2025-12-23 21:37:15,525 MambaPro INFO:   SAMPLER: softmax_triplet
2025-12-23 21:37:15,525 MambaPro INFO: DATASETS:
2025-12-23 21:37:15,525 MambaPro INFO:   NAMES: RGBNT100
2025-12-23 21:37:15,525 MambaPro INFO:   ROOT_DIR: /home/zhanghaoyang/Desktop/yzy/MambaPro/data/datasets
2025-12-23 21:37:15,525 MambaPro INFO: INPUT:
2025-12-23 21:37:15,525 MambaPro INFO:   PADDING: 10
2025-12-23 21:37:15,525 MambaPro INFO:   PIXEL_MEAN:
2025-12-23 21:37:15,525 MambaPro INFO:   - 0.5
2025-12-23 21:37:15,525 MambaPro INFO:   - 0.5
2025-12-23 21:37:15,525 MambaPro INFO:   - 0.5
2025-12-23 21:37:15,525 MambaPro INFO:   PIXEL_STD:
2025-12-23 21:37:15,525 MambaPro INFO:   - 0.5
2025-12-23 21:37:15,525 MambaPro INFO:   - 0.5
2025-12-23 21:37:15,525 MambaPro INFO:   - 0.5
2025-12-23 21:37:15,525 MambaPro INFO:   PROB: 0.5
2025-12-23 21:37:15,525 MambaPro INFO:   RE_PROB: 0.5
2025-12-23 21:37:15,525 MambaPro INFO:   SIZE_TEST:
2025-12-23 21:37:15,525 MambaPro INFO:   - 128
2025-12-23 21:37:15,525 MambaPro INFO:   - 256
2025-12-23 21:37:15,525 MambaPro INFO:   SIZE_TRAIN:
2025-12-23 21:37:15,525 MambaPro INFO:   - 128
2025-12-23 21:37:15,525 MambaPro INFO:   - 256
2025-12-23 21:37:15,525 MambaPro INFO: MODEL:
2025-12-23 21:37:15,525 MambaPro INFO:   ADAPTER: true
2025-12-23 21:37:15,525 MambaPro INFO:   ATTENTION_DIM: 512
2025-12-23 21:37:15,525 MambaPro INFO:   ATTENTION_DROPOUT: 0.1
2025-12-23 21:37:15,525 MambaPro INFO:   ATTENTION_NUM_HEADS: 8
2025-12-23 21:37:15,525 MambaPro INFO:   ATT_DROP_RATE: 0.0
2025-12-23 21:37:15,525 MambaPro INFO:   CLIP_MULTI_SCALE_SCALES:
2025-12-23 21:37:15,525 MambaPro INFO:   - 4
2025-12-23 21:37:15,525 MambaPro INFO:   - 8
2025-12-23 21:37:15,525 MambaPro INFO:   - 16
2025-12-23 21:37:15,525 MambaPro INFO:   DEVICE: cuda
2025-12-23 21:37:15,525 MambaPro INFO:   DEVICE_ID: '0'
2025-12-23 21:37:15,525 MambaPro INFO:   DIRECT: 0
2025-12-23 21:37:15,525 MambaPro INFO:   DIST_TRAIN: false
2025-12-23 21:37:15,525 MambaPro INFO:   DROP_OUT: 0.0
2025-12-23 21:37:15,525 MambaPro INFO:   DROP_PATH: 0.1
2025-12-23 21:37:15,525 MambaPro INFO:   FLOPS_TEST: false
2025-12-23 21:37:15,525 MambaPro INFO:   FROZEN: true
2025-12-23 21:37:15,526 MambaPro INFO:   GATE_DROPOUT: 0.1
2025-12-23 21:37:15,526 MambaPro INFO:   ID_LOSS_TYPE: softmax
2025-12-23 21:37:15,526 MambaPro INFO:   ID_LOSS_WEIGHT: 0.25
2025-12-23 21:37:15,526 MambaPro INFO:   IF_LABELSMOOTH: 'on'
2025-12-23 21:37:15,526 MambaPro INFO:   IF_WITH_CENTER: 'no'
2025-12-23 21:37:15,526 MambaPro INFO:   LAYER: -1
2025-12-23 21:37:15,526 MambaPro INFO:   MAMBA: true
2025-12-23 21:37:15,526 MambaPro INFO:   MAMBA_BI: false
2025-12-23 21:37:15,526 MambaPro INFO:   METRIC_LOSS_TYPE: triplet
2025-12-23 21:37:15,526 MambaPro INFO:   MOE_BALANCE_LOSS_WEIGHT: 0.01
2025-12-23 21:37:15,526 MambaPro INFO:   MOE_DIVERSITY_LOSS_WEIGHT: 0.01
2025-12-23 21:37:15,526 MambaPro INFO:   MOE_EXPERT_DROPOUT: 0.1
2025-12-23 21:37:15,526 MambaPro INFO:   MOE_EXPERT_HIDDEN_DIM: 1024
2025-12-23 21:37:15,526 MambaPro INFO:   MOE_EXPERT_LAYERS: 2
2025-12-23 21:37:15,526 MambaPro INFO:   MOE_EXPERT_THRESHOLD: 0.1
2025-12-23 21:37:15,526 MambaPro INFO:   MOE_FIXED_WEIGHTS:
2025-12-23 21:37:15,526 MambaPro INFO:   - 0.33
2025-12-23 21:37:15,526 MambaPro INFO:   - 0.33
2025-12-23 21:37:15,526 MambaPro INFO:   - 0.34
2025-12-23 21:37:15,526 MambaPro INFO:   MOE_GATE_DROPOUT: 0.1
2025-12-23 21:37:15,526 MambaPro INFO:   MOE_GATE_LAYERS: 2
2025-12-23 21:37:15,526 MambaPro INFO:   MOE_INIT_WEIGHTS: null
2025-12-23 21:37:15,526 MambaPro INFO:   MOE_NUM_EXPERTS: 3
2025-12-23 21:37:15,526 MambaPro INFO:   MOE_RESIDUAL_WEIGHT: 1.0
2025-12-23 21:37:15,526 MambaPro INFO:   MOE_SCALES:
2025-12-23 21:37:15,526 MambaPro INFO:   - 4
2025-12-23 21:37:15,526 MambaPro INFO:   - 8
2025-12-23 21:37:15,526 MambaPro INFO:   - 16
2025-12-23 21:37:15,526 MambaPro INFO:   MOE_SPARSITY_LOSS_WEIGHT: 0.001
2025-12-23 21:37:15,526 MambaPro INFO:   MOE_TEMPERATURE: 1.0
2025-12-23 21:37:15,526 MambaPro INFO:   MOE_TOP_K: 2
2025-12-23 21:37:15,526 MambaPro INFO:   MOE_TOP_K_MODE: soft
2025-12-23 21:37:15,526 MambaPro INFO:   MOE_USE_FIXED_WEIGHTS: false
2025-12-23 21:37:15,526 MambaPro INFO:   MOE_USE_TOP_K_ROUTING: false
2025-12-23 21:37:15,526 MambaPro INFO:   MULTI_SCALE_SCALES:
2025-12-23 21:37:15,526 MambaPro INFO:   - 4
2025-12-23 21:37:15,526 MambaPro INFO:   - 8
2025-12-23 21:37:15,526 MambaPro INFO:   - 16
2025-12-23 21:37:15,526 MambaPro INFO:   NAME: MambaPro
2025-12-23 21:37:15,526 MambaPro INFO:   NECK: bnneck
2025-12-23 21:37:15,526 MambaPro INFO:   NO_MARGIN: true
2025-12-23 21:37:15,526 MambaPro INFO:   PREFIX_NUM: 1
2025-12-23 21:37:15,526 MambaPro INFO:   PRETRAIN_PATH_T: AboutReid/pths/ViT-B-16.pt
2025-12-23 21:37:15,526 MambaPro INFO:   PROMPT: true
2025-12-23 21:37:15,526 MambaPro INFO:   SIE_CAMERA: true
2025-12-23 21:37:15,526 MambaPro INFO:   SIE_COE: 1.0
2025-12-23 21:37:15,526 MambaPro INFO:   SIE_VIEW: false
2025-12-23 21:37:15,526 MambaPro INFO:   STRIDE_SIZE:
2025-12-23 21:37:15,526 MambaPro INFO:   - 16
2025-12-23 21:37:15,526 MambaPro INFO:   - 16
2025-12-23 21:37:15,526 MambaPro INFO:   TRANSFORMER_TYPE: ViT-B-16
2025-12-23 21:37:15,526 MambaPro INFO:   TRIPLET_LOSS_WEIGHT: 1.0
2025-12-23 21:37:15,526 MambaPro INFO:   USE_ATTENTION_FUSION: false
2025-12-23 21:37:15,526 MambaPro INFO:   USE_CLIP_MULTI_SCALE: false
2025-12-23 21:37:15,526 MambaPro INFO:   USE_GATE_FUSION: false
2025-12-23 21:37:15,526 MambaPro INFO:   USE_MULTI_SCALE: false
2025-12-23 21:37:15,526 MambaPro INFO:   USE_MULTI_SCALE_MOE: false
2025-12-23 21:37:15,526 MambaPro INFO: OUTPUT_DIR: outputs/run_20251223_213715
2025-12-23 21:37:15,526 MambaPro INFO: SOLVER:
2025-12-23 21:37:15,526 MambaPro INFO:   BASE_LR: 0.000175
2025-12-23 21:37:15,526 MambaPro INFO:   BIAS_LR_FACTOR: 2
2025-12-23 21:37:15,526 MambaPro INFO:   CENTER_LOSS_WEIGHT: 0.0005
2025-12-23 21:37:15,526 MambaPro INFO:   CENTER_LR: 0.5
2025-12-23 21:37:15,526 MambaPro INFO:   CHECKPOINT_PERIOD: 60
2025-12-23 21:37:15,526 MambaPro INFO:   CLUSTER_MARGIN: 0.3
2025-12-23 21:37:15,526 MambaPro INFO:   COSINE_MARGIN: 0.5
2025-12-23 21:37:15,526 MambaPro INFO:   COSINE_SCALE: 30
2025-12-23 21:37:15,526 MambaPro INFO:   EVAL_PERIOD: 1
2025-12-23 21:37:15,526 MambaPro INFO:   GAMMA: 0.1
2025-12-23 21:37:15,526 MambaPro INFO:   IMS_PER_BATCH: 64
2025-12-23 21:37:15,526 MambaPro INFO:   LARGE_FC_LR: false
2025-12-23 21:37:15,526 MambaPro INFO:   LOG_PERIOD: 10
2025-12-23 21:37:15,526 MambaPro INFO:   MARGIN: 0.3
2025-12-23 21:37:15,526 MambaPro INFO:   MAX_EPOCHS: 30
2025-12-23 21:37:15,526 MambaPro INFO:   MOE_BALANCE_LOSS_WEIGHT: 0.01
2025-12-23 21:37:15,526 MambaPro INFO:   MOE_BALANCE_LOSS_WEIGHT_END: 0.1
2025-12-23 21:37:15,526 MambaPro INFO:   MOE_BALANCE_LOSS_WEIGHT_START: 0.001
2025-12-23 21:37:15,526 MambaPro INFO:   MOE_BALANCE_THRESHOLD: 0.3
2025-12-23 21:37:15,526 MambaPro INFO:   MOE_DIVERSITY_LOSS_WEIGHT: 0.01
2025-12-23 21:37:15,526 MambaPro INFO:   MOE_DIVERSITY_LOSS_WEIGHT_END: 0.1
2025-12-23 21:37:15,526 MambaPro INFO:   MOE_DIVERSITY_LOSS_WEIGHT_START: 0.001
2025-12-23 21:37:15,526 MambaPro INFO:   MOE_GATE_LR_FACTOR: 0.01
2025-12-23 21:37:15,526 MambaPro INFO:   MOE_LOSS_WEIGHT_SCHEDULE_TYPE: cosine
2025-12-23 21:37:15,526 MambaPro INFO:   MOE_LOSS_WEIGHT_WARMUP_EPOCHS: 5
2025-12-23 21:37:15,526 MambaPro INFO:   MOE_SPARSITY_LOSS_WEIGHT: 0.001
2025-12-23 21:37:15,526 MambaPro INFO:   MOE_USE_DYNAMIC_LOSS_WEIGHT: false
2025-12-23 21:37:15,526 MambaPro INFO:   MOMENTUM: 0.9
2025-12-23 21:37:15,526 MambaPro INFO:   OPTIMIZER_NAME: Adam
2025-12-23 21:37:15,526 MambaPro INFO:   RANGE_ALPHA: 0
2025-12-23 21:37:15,526 MambaPro INFO:   RANGE_BETA: 1
2025-12-23 21:37:15,526 MambaPro INFO:   RANGE_K: 2
2025-12-23 21:37:15,526 MambaPro INFO:   RANGE_LOSS_WEIGHT: 1
2025-12-23 21:37:15,526 MambaPro INFO:   RANGE_MARGIN: 0.3
2025-12-23 21:37:15,526 MambaPro INFO:   SEED: 1111
2025-12-23 21:37:15,526 MambaPro INFO:   STEPS:
2025-12-23 21:37:15,526 MambaPro INFO:   - 40
2025-12-23 21:37:15,526 MambaPro INFO:   - 70
2025-12-23 21:37:15,526 MambaPro INFO:   WARMUP_FACTOR: 0.01
2025-12-23 21:37:15,526 MambaPro INFO:   WARMUP_ITERS: 5
2025-12-23 21:37:15,526 MambaPro INFO:   WARMUP_METHOD: linear
2025-12-23 21:37:15,526 MambaPro INFO:   WEIGHT_DECAY: 0.0001
2025-12-23 21:37:15,526 MambaPro INFO:   WEIGHT_DECAY_BIAS: 0.0001
2025-12-23 21:37:15,526 MambaPro INFO: TEST:
2025-12-23 21:37:15,527 MambaPro INFO:   FEAT: 0
2025-12-23 21:37:15,527 MambaPro INFO:   FEAT_NORM: 'yes'
2025-12-23 21:37:15,527 MambaPro INFO:   IMS_PER_BATCH: 64
2025-12-23 21:37:15,527 MambaPro INFO:   MISS: nothing
2025-12-23 21:37:15,527 MambaPro INFO:   NECK_FEAT: before
2025-12-23 21:37:15,527 MambaPro INFO:   RE_RANKING: 'no'
2025-12-23 21:37:15,527 MambaPro INFO:   WEIGHT: ''
2025-12-23 21:37:15,527 MambaPro INFO: ================================================================================
2025-12-23 21:37:18,497 MambaPro.train INFO: start training
2025-12-23 21:38:47,887 MambaPro.train INFO: Epoch 1 done. Time per batch: 0.761[s] Speed: 84.1[samples/s]
2025-12-23 21:40:22,440 MambaPro.train INFO: Validation Results - Epoch: 1
2025-12-23 21:40:22,440 MambaPro.train INFO: Current mAP: 53.2%
2025-12-23 21:40:22,440 MambaPro.train INFO: CMC curve, Rank-1  :73.8%
2025-12-23 21:40:22,440 MambaPro.train INFO: CMC curve, Rank-5  :77.7%
2025-12-23 21:40:22,440 MambaPro.train INFO: CMC curve, Rank-10 :80.1%
2025-12-23 21:40:22,440 MambaPro.train INFO: 🎯 New Best! Saving model...
2025-12-23 21:40:22,764 MambaPro.train INFO: [Epoch 1] 指标集合列表（历史）
2025-12-23 21:40:22,764 MambaPro.train INFO: history_mAP:{53.2}
2025-12-23 21:40:22,764 MambaPro.train INFO: best_mAP:{53.2}
2025-12-23 21:40:22,764 MambaPro.train INFO: history_Rank-1:{73.8}
2025-12-23 21:40:22,764 MambaPro.train INFO: best_Rank-1:{73.8}
2025-12-23 21:40:22,764 MambaPro.train INFO: history_Rank-5:{77.7}
2025-12-23 21:40:22,764 MambaPro.train INFO: best_Rank-5:{77.7}
2025-12-23 21:40:22,764 MambaPro.train INFO: history_Rank-10:{80.1}
2025-12-23 21:40:22,764 MambaPro.train INFO: best_Rank-10:{80.1}
2025-12-23 21:40:22,764 MambaPro.train INFO: history_Experts:{[0.00 , 0.00 , 0.00]}
2025-12-23 21:41:51,143 MambaPro.train INFO: Epoch 2 done. Time per batch: 0.760[s] Speed: 84.2[samples/s]
2025-12-23 21:43:25,612 MambaPro.train INFO: Validation Results - Epoch: 2
2025-12-23 21:43:25,612 MambaPro.train INFO: Current mAP: 64.5%
2025-12-23 21:43:25,612 MambaPro.train INFO: CMC curve, Rank-1  :80.9%
2025-12-23 21:43:25,612 MambaPro.train INFO: CMC curve, Rank-5  :83.3%
2025-12-23 21:43:25,612 MambaPro.train INFO: CMC curve, Rank-10 :85.4%
2025-12-23 21:43:25,612 MambaPro.train INFO: 🎯 New Best! Saving model...
2025-12-23 21:43:26,113 MambaPro.train INFO: [Epoch 2] 指标集合列表（历史）
2025-12-23 21:43:26,113 MambaPro.train INFO: history_mAP:{53.2 , 64.5}
2025-12-23 21:43:26,113 MambaPro.train INFO: best_mAP:{64.5}
2025-12-23 21:43:26,113 MambaPro.train INFO: history_Rank-1:{73.8 , 80.9}
2025-12-23 21:43:26,113 MambaPro.train INFO: best_Rank-1:{80.9}
2025-12-23 21:43:26,113 MambaPro.train INFO: history_Rank-5:{77.7 , 83.3}
2025-12-23 21:43:26,113 MambaPro.train INFO: best_Rank-5:{83.3}
2025-12-23 21:43:26,113 MambaPro.train INFO: history_Rank-10:{80.1 , 85.4}
2025-12-23 21:43:26,113 MambaPro.train INFO: best_Rank-10:{85.4}
2025-12-23 21:43:26,113 MambaPro.train INFO: history_Experts:{[0.00 , 0.00 , 0.00] , [0.00 , 0.00 , 0.00]}
2025-12-23 21:44:54,461 MambaPro.train INFO: Epoch 3 done. Time per batch: 0.759[s] Speed: 84.3[samples/s]
2025-12-23 21:46:29,043 MambaPro.train INFO: Validation Results - Epoch: 3
2025-12-23 21:46:29,044 MambaPro.train INFO: Current mAP: 64.4%
2025-12-23 21:46:29,044 MambaPro.train INFO: CMC curve, Rank-1  :78.7%
2025-12-23 21:46:29,044 MambaPro.train INFO: CMC curve, Rank-5  :80.8%
2025-12-23 21:46:29,044 MambaPro.train INFO: CMC curve, Rank-10 :82.5%
2025-12-23 21:46:29,044 MambaPro.train INFO: [Epoch 3] 指标集合列表（历史）
2025-12-23 21:46:29,044 MambaPro.train INFO: history_mAP:{53.2 , 64.5 , 64.4}
2025-12-23 21:46:29,044 MambaPro.train INFO: best_mAP:{64.5}
2025-12-23 21:46:29,044 MambaPro.train INFO: history_Rank-1:{73.8 , 80.9 , 78.7}
2025-12-23 21:46:29,044 MambaPro.train INFO: best_Rank-1:{80.9}
2025-12-23 21:46:29,044 MambaPro.train INFO: history_Rank-5:{77.7 , 83.3 , 80.8}
2025-12-23 21:46:29,044 MambaPro.train INFO: best_Rank-5:{83.3}
2025-12-23 21:46:29,044 MambaPro.train INFO: history_Rank-10:{80.1 , 85.4 , 82.5}
2025-12-23 21:46:29,044 MambaPro.train INFO: best_Rank-10:{85.4}
2025-12-23 21:46:29,044 MambaPro.train INFO: history_Experts:{[0.00 , 0.00 , 0.00] , [0.00 , 0.00 , 0.00] , [0.00 , 0.00 , 0.00]}
2025-12-23 21:47:57,473 MambaPro.train INFO: Epoch 4 done. Time per batch: 0.760[s] Speed: 84.2[samples/s]
2025-12-23 21:49:32,013 MambaPro.train INFO: Validation Results - Epoch: 4
2025-12-23 21:49:32,013 MambaPro.train INFO: Current mAP: 69.5%
2025-12-23 21:49:32,013 MambaPro.train INFO: CMC curve, Rank-1  :85.7%
2025-12-23 21:49:32,013 MambaPro.train INFO: CMC curve, Rank-5  :87.3%
2025-12-23 21:49:32,013 MambaPro.train INFO: CMC curve, Rank-10 :88.4%
2025-12-23 21:49:32,013 MambaPro.train INFO: 🎯 New Best! Saving model...
2025-12-23 21:49:32,514 MambaPro.train INFO: [Epoch 4] 指标集合列表（历史）
2025-12-23 21:49:32,514 MambaPro.train INFO: history_mAP:{53.2 , 64.5 , 64.4 , 69.5}
2025-12-23 21:49:32,514 MambaPro.train INFO: best_mAP:{69.5}
2025-12-23 21:49:32,514 MambaPro.train INFO: history_Rank-1:{73.8 , 80.9 , 78.7 , 85.7}
2025-12-23 21:49:32,514 MambaPro.train INFO: best_Rank-1:{85.7}
2025-12-23 21:49:32,514 MambaPro.train INFO: history_Rank-5:{77.7 , 83.3 , 80.8 , 87.3}
2025-12-23 21:49:32,514 MambaPro.train INFO: best_Rank-5:{87.3}
2025-12-23 21:49:32,514 MambaPro.train INFO: history_Rank-10:{80.1 , 85.4 , 82.5 , 88.4}
2025-12-23 21:49:32,514 MambaPro.train INFO: best_Rank-10:{88.4}
2025-12-23 21:49:32,514 MambaPro.train INFO: history_Experts:{[0.00 , 0.00 , 0.00] , [0.00 , 0.00 , 0.00] , [0.00 , 0.00 , 0.00] , [0.00 , 0.00 , 0.00]}
2025-12-23 21:50:59,396 MambaPro.train INFO: Epoch 5 done. Time per batch: 0.760[s] Speed: 84.2[samples/s]
2025-12-23 21:52:33,941 MambaPro.train INFO: Validation Results - Epoch: 5
2025-12-23 21:52:33,941 MambaPro.train INFO: Current mAP: 70.5%
2025-12-23 21:52:33,941 MambaPro.train INFO: CMC curve, Rank-1  :84.3%
2025-12-23 21:52:33,941 MambaPro.train INFO: CMC curve, Rank-5  :87.5%
2025-12-23 21:52:33,941 MambaPro.train INFO: CMC curve, Rank-10 :88.5%
2025-12-23 21:52:33,941 MambaPro.train INFO: 🎯 New Best! Saving model...
2025-12-23 21:52:34,416 MambaPro.train INFO: [Epoch 5] 指标集合列表（历史）
2025-12-23 21:52:34,417 MambaPro.train INFO: history_mAP:{53.2 , 64.5 , 64.4 , 69.5 , 70.5}
2025-12-23 21:52:34,417 MambaPro.train INFO: best_mAP:{70.5}
2025-12-23 21:52:34,417 MambaPro.train INFO: history_Rank-1:{73.8 , 80.9 , 78.7 , 85.7 , 84.3}
2025-12-23 21:52:34,417 MambaPro.train INFO: best_Rank-1:{85.7}
2025-12-23 21:52:34,417 MambaPro.train INFO: history_Rank-5:{77.7 , 83.3 , 80.8 , 87.3 , 87.5}
2025-12-23 21:52:34,417 MambaPro.train INFO: best_Rank-5:{87.5}
2025-12-23 21:52:34,417 MambaPro.train INFO: history_Rank-10:{80.1 , 85.4 , 82.5 , 88.4 , 88.5}
2025-12-23 21:52:34,417 MambaPro.train INFO: best_Rank-10:{88.5}
2025-12-23 21:52:34,417 MambaPro.train INFO: history_Experts:{[0.00 , 0.00 , 0.00] , [0.00 , 0.00 , 0.00] , [0.00 , 0.00 , 0.00] , [0.00 , 0.00 , 0.00] , [0.00 , 0.00 , 0.00]}
2025-12-23 21:54:02,840 MambaPro.train INFO: Epoch 6 done. Time per batch: 0.760[s] Speed: 84.2[samples/s]
2025-12-23 21:55:37,443 MambaPro.train INFO: Validation Results - Epoch: 6
2025-12-23 21:55:37,443 MambaPro.train INFO: Current mAP: 70.7%
2025-12-23 21:55:37,443 MambaPro.train INFO: CMC curve, Rank-1  :85.8%
2025-12-23 21:55:37,443 MambaPro.train INFO: CMC curve, Rank-5  :87.5%
2025-12-23 21:55:37,443 MambaPro.train INFO: CMC curve, Rank-10 :88.5%
2025-12-23 21:55:37,443 MambaPro.train INFO: 🎯 New Best! Saving model...
2025-12-23 21:55:37,918 MambaPro.train INFO: [Epoch 6] 指标集合列表（历史）
2025-12-23 21:55:37,918 MambaPro.train INFO: history_mAP:{53.2 , 64.5 , 64.4 , 69.5 , 70.5 , 70.7}
2025-12-23 21:55:37,918 MambaPro.train INFO: best_mAP:{70.7}
2025-12-23 21:55:37,918 MambaPro.train INFO: history_Rank-1:{73.8 , 80.9 , 78.7 , 85.7 , 84.3 , 85.8}
2025-12-23 21:55:37,918 MambaPro.train INFO: best_Rank-1:{85.8}
2025-12-23 21:55:37,918 MambaPro.train INFO: history_Rank-5:{77.7 , 83.3 , 80.8 , 87.3 , 87.5 , 87.5}
2025-12-23 21:55:37,918 MambaPro.train INFO: best_Rank-5:{87.5}
2025-12-23 21:55:37,918 MambaPro.train INFO: history_Rank-10:{80.1 , 85.4 , 82.5 , 88.4 , 88.5 , 88.5}
2025-12-23 21:55:37,918 MambaPro.train INFO: best_Rank-10:{88.5}
2025-12-23 21:55:37,918 MambaPro.train INFO: history_Experts:{[0.00 , 0.00 , 0.00] , [0.00 , 0.00 , 0.00] , [0.00 , 0.00 , 0.00] , [0.00 , 0.00 , 0.00] , [0.00 , 0.00 , 0.00] , [0.00 , 0.00 , 0.00]}
2025-12-23 21:57:07,081 MambaPro.train INFO: Epoch 7 done. Time per batch: 0.760[s] Speed: 84.2[samples/s]
2025-12-23 21:58:41,666 MambaPro.train INFO: Validation Results - Epoch: 7
2025-12-23 21:58:41,666 MambaPro.train INFO: Current mAP: 74.6%
2025-12-23 21:58:41,666 MambaPro.train INFO: CMC curve, Rank-1  :87.4%
2025-12-23 21:58:41,666 MambaPro.train INFO: CMC curve, Rank-5  :89.6%
2025-12-23 21:58:41,666 MambaPro.train INFO: CMC curve, Rank-10 :90.4%
2025-12-23 21:58:41,666 MambaPro.train INFO: 🎯 New Best! Saving model...
2025-12-23 21:58:42,125 MambaPro.train INFO: [Epoch 7] 指标集合列表（历史）
2025-12-23 21:58:42,125 MambaPro.train INFO: history_mAP:{53.2 , 64.5 , 64.4 , 69.5 , 70.5 , 70.7 , 74.6}
2025-12-23 21:58:42,125 MambaPro.train INFO: best_mAP:{74.6}
2025-12-23 21:58:42,125 MambaPro.train INFO: history_Rank-1:{73.8 , 80.9 , 78.7 , 85.7 , 84.3 , 85.8 , 87.4}
2025-12-23 21:58:42,125 MambaPro.train INFO: best_Rank-1:{87.4}
2025-12-23 21:58:42,125 MambaPro.train INFO: history_Rank-5:{77.7 , 83.3 , 80.8 , 87.3 , 87.5 , 87.5 , 89.6}
2025-12-23 21:58:42,125 MambaPro.train INFO: best_Rank-5:{89.6}
2025-12-23 21:58:42,125 MambaPro.train INFO: history_Rank-10:{80.1 , 85.4 , 82.5 , 88.4 , 88.5 , 88.5 , 90.4}
2025-12-23 21:58:42,125 MambaPro.train INFO: best_Rank-10:{90.4}
2025-12-23 21:58:42,126 MambaPro.train INFO: history_Experts:{[0.00 , 0.00 , 0.00] , [0.00 , 0.00 , 0.00] , [0.00 , 0.00 , 0.00] , [0.00 , 0.00 , 0.00] , [0.00 , 0.00 , 0.00] , [0.00 , 0.00 , 0.00] , [0.00 , 0.00 , 0.00]}
2025-12-23 22:00:11,347 MambaPro.train INFO: Epoch 8 done. Time per batch: 0.760[s] Speed: 84.2[samples/s]
2025-12-23 22:01:45,956 MambaPro.train INFO: Validation Results - Epoch: 8
2025-12-23 22:01:45,956 MambaPro.train INFO: Current mAP: 73.3%
2025-12-23 22:01:45,956 MambaPro.train INFO: CMC curve, Rank-1  :87.6%
2025-12-23 22:01:45,956 MambaPro.train INFO: CMC curve, Rank-5  :89.6%
2025-12-23 22:01:45,956 MambaPro.train INFO: CMC curve, Rank-10 :90.6%
2025-12-23 22:01:45,956 MambaPro.train INFO: [Epoch 8] 指标集合列表（历史）
2025-12-23 22:01:45,956 MambaPro.train INFO: history_mAP:{53.2 , 64.5 , 64.4 , 69.5 , 70.5 , 70.7 , 74.6 , 73.3}
2025-12-23 22:01:45,956 MambaPro.train INFO: best_mAP:{74.6}
2025-12-23 22:01:45,957 MambaPro.train INFO: history_Rank-1:{73.8 , 80.9 , 78.7 , 85.7 , 84.3 , 85.8 , 87.4 , 87.6}
2025-12-23 22:01:45,957 MambaPro.train INFO: best_Rank-1:{87.4}
2025-12-23 22:01:45,957 MambaPro.train INFO: history_Rank-5:{77.7 , 83.3 , 80.8 , 87.3 , 87.5 , 87.5 , 89.6}
2025-12-23 22:01:45,957 MambaPro.train INFO: best_Rank-5:{89.6}
2025-12-23 22:01:45,957 MambaPro.train INFO: history_Rank-10:{80.1 , 85.4 , 82.5 , 88.4 , 88.5 , 88.5 , 90.4 , 90.6}
2025-12-23 22:01:45,957 MambaPro.train INFO: best_Rank-10:{90.4}
2025-12-23 22:01:45,957 MambaPro.train INFO: history_Experts:{[0.00 , 0.00 , 0.00] , [0.00 , 0.00 , 0.00] , [0.00 , 0.00 , 0.00] , [0.00 , 0.00 , 0.00] , [0.00 , 0.00 , 0.00] , [0.00 , 0.00 , 0.00] , [0.00 , 0.00 , 0.00] , [0.00 , 0.00 , 0.00]}
2025-12-23 22:03:14,370 MambaPro.train INFO: Epoch 9 done. Time per batch: 0.760[s] Speed: 84.2[samples/s]
2025-12-23 22:04:49,023 MambaPro.train INFO: Validation Results - Epoch: 9
2025-12-23 22:04:49,023 MambaPro.train INFO: Current mAP: 74.7%
2025-12-23 22:04:49,023 MambaPro.train INFO: CMC curve, Rank-1  :88.3%
2025-12-23 22:04:49,023 MambaPro.train INFO: CMC curve, Rank-5  :90.2%
2025-12-23 22:04:49,023 MambaPro.train INFO: CMC curve, Rank-10 :91.4%
2025-12-23 22:04:49,024 MambaPro.train INFO: 🎯 New Best! Saving model...
2025-12-23 22:04:49,487 MambaPro.train INFO: [Epoch 9] 指标集合列表（历史）
2025-12-23 22:04:49,487 MambaPro.train INFO: history_mAP:{53.2 , 64.5 , 64.4 , 69.5 , 70.5 , 70.7 , 74.6 , 73.3 , 74.7}
2025-12-23 22:04:49,487 MambaPro.train INFO: best_mAP:{74.7}
2025-12-23 22:04:49,487 MambaPro.train INFO: history_Rank-1:{73.8 , 80.9 , 78.7 , 85.7 , 84.3 , 85.8 , 87.4 , 87.6 , 88.3}
2025-12-23 22:04:49,487 MambaPro.train INFO: best_Rank-1:{88.3}
2025-12-23 22:04:49,487 MambaPro.train INFO: history_Rank-5:{77.7 , 83.3 , 80.8 , 87.3 , 87.5 , 87.5 , 89.6 , 90.2}
2025-12-23 22:04:49,487 MambaPro.train INFO: best_Rank-5:{90.2}
2025-12-23 22:04:49,487 MambaPro.train INFO: history_Rank-10:{80.1 , 85.4 , 82.5 , 88.4 , 88.5 , 88.5 , 90.4 , 90.6 , 91.4}
2025-12-23 22:04:49,487 MambaPro.train INFO: best_Rank-10:{91.4}
2025-12-23 22:04:49,488 MambaPro.train INFO: history_Experts:{[0.00 , 0.00 , 0.00] , [0.00 , 0.00 , 0.00] , [0.00 , 0.00 , 0.00] , [0.00 , 0.00 , 0.00] , [0.00 , 0.00 , 0.00] , [0.00 , 0.00 , 0.00] , [0.00 , 0.00 , 0.00] , [0.00 , 0.00 , 0.00] , [0.00 , 0.00 , 0.00]}
2025-12-23 22:06:17,929 MambaPro.train INFO: Epoch 10 done. Time per batch: 0.760[s] Speed: 84.2[samples/s]
2025-12-23 22:07:52,545 MambaPro.train INFO: Validation Results - Epoch: 10
2025-12-23 22:07:52,545 MambaPro.train INFO: Current mAP: 74.8%
2025-12-23 22:07:52,545 MambaPro.train INFO: CMC curve, Rank-1  :88.9%
2025-12-23 22:07:52,545 MambaPro.train INFO: CMC curve, Rank-5  :89.7%
2025-12-23 22:07:52,545 MambaPro.train INFO: CMC curve, Rank-10 :91.0%
2025-12-23 22:07:52,545 MambaPro.train INFO: 🎯 New Best! Saving model...
2025-12-23 22:07:53,021 MambaPro.train INFO: [Epoch 10] 指标集合列表（历史）
2025-12-23 22:07:53,021 MambaPro.train INFO: history_mAP:{53.2 , 64.5 , 64.4 , 69.5 , 70.5 , 70.7 , 74.6 , 73.3 , 74.7 , 74.8}
2025-12-23 22:07:53,021 MambaPro.train INFO: best_mAP:{74.8}
2025-12-23 22:07:53,021 MambaPro.train INFO: history_Rank-1:{73.8 , 80.9 , 78.7 , 85.7 , 84.3 , 85.8 , 87.4 , 87.6 , 88.3 , 88.9}
2025-12-23 22:07:53,021 MambaPro.train INFO: best_Rank-1:{88.9}
2025-12-23 22:07:53,021 MambaPro.train INFO: history_Rank-5:{77.7 , 83.3 , 80.8 , 87.3 , 87.5 , 87.5 , 89.6 , 90.2 , 89.7}
2025-12-23 22:07:53,021 MambaPro.train INFO: best_Rank-5:{90.2}
2025-12-23 22:07:53,021 MambaPro.train INFO: history_Rank-10:{80.1 , 85.4 , 82.5 , 88.4 , 88.5 , 88.5 , 90.4 , 90.6 , 91.4 , 91.0}
2025-12-23 22:07:53,021 MambaPro.train INFO: best_Rank-10:{91.4}
2025-12-23 22:07:53,021 MambaPro.train INFO: history_Experts:{[0.00 , 0.00 , 0.00] , [0.00 , 0.00 , 0.00] , [0.00 , 0.00 , 0.00] , [0.00 , 0.00 , 0.00] , [0.00 , 0.00 , 0.00] , [0.00 , 0.00 , 0.00] , [0.00 , 0.00 , 0.00] , [0.00 , 0.00 , 0.00] , [0.00 , 0.00 , 0.00] , [0.00 , 0.00 , 0.00]}
2025-12-23 22:09:20,624 MambaPro.train INFO: Epoch 11 done. Time per batch: 0.760[s] Speed: 84.3[samples/s]
2025-12-23 22:10:55,280 MambaPro.train INFO: Validation Results - Epoch: 11
2025-12-23 22:10:55,280 MambaPro.train INFO: Current mAP: 74.8%
2025-12-23 22:10:55,280 MambaPro.train INFO: CMC curve, Rank-1  :87.6%
2025-12-23 22:10:55,280 MambaPro.train INFO: CMC curve, Rank-5  :89.1%
2025-12-23 22:10:55,280 MambaPro.train INFO: CMC curve, Rank-10 :89.9%
2025-12-23 22:10:55,280 MambaPro.train INFO: 🎯 New Best! Saving model...
2025-12-23 22:10:55,760 MambaPro.train INFO: [Epoch 11] 指标集合列表（历史）
2025-12-23 22:10:55,760 MambaPro.train INFO: history_mAP:{53.2 , 64.5 , 64.4 , 69.5 , 70.5 , 70.7 , 74.6 , 73.3 , 74.7 , 74.8 , 74.8}
2025-12-23 22:10:55,760 MambaPro.train INFO: best_mAP:{74.8}
2025-12-23 22:10:55,760 MambaPro.train INFO: history_Rank-1:{73.8 , 80.9 , 78.7 , 85.7 , 84.3 , 85.8 , 87.4 , 87.6 , 88.3 , 88.9}
2025-12-23 22:10:55,760 MambaPro.train INFO: best_Rank-1:{88.9}
2025-12-23 22:10:55,760 MambaPro.train INFO: history_Rank-5:{77.7 , 83.3 , 80.8 , 87.3 , 87.5 , 87.5 , 89.6 , 90.2 , 89.7 , 89.1}
2025-12-23 22:10:55,760 MambaPro.train INFO: best_Rank-5:{90.2}
2025-12-23 22:10:55,760 MambaPro.train INFO: history_Rank-10:{80.1 , 85.4 , 82.5 , 88.4 , 88.5 , 88.5 , 90.4 , 90.6 , 91.4 , 91.0 , 89.9}
2025-12-23 22:10:55,761 MambaPro.train INFO: best_Rank-10:{91.4}
2025-12-23 22:10:55,761 MambaPro.train INFO: history_Experts:{[0.00 , 0.00 , 0.00] , [0.00 , 0.00 , 0.00] , [0.00 , 0.00 , 0.00] , [0.00 , 0.00 , 0.00] , [0.00 , 0.00 , 0.00] , [0.00 , 0.00 , 0.00] , [0.00 , 0.00 , 0.00] , [0.00 , 0.00 , 0.00] , [0.00 , 0.00 , 0.00] , [0.00 , 0.00 , 0.00] , [0.00 , 0.00 , 0.00]}
2025-12-23 22:12:24,907 MambaPro.train INFO: Epoch 12 done. Time per batch: 0.760[s] Speed: 84.2[samples/s]
2025-12-23 22:13:59,498 MambaPro.train INFO: Validation Results - Epoch: 12
2025-12-23 22:13:59,498 MambaPro.train INFO: Current mAP: 74.4%
2025-12-23 22:13:59,498 MambaPro.train INFO: CMC curve, Rank-1  :87.0%
2025-12-23 22:13:59,498 MambaPro.train INFO: CMC curve, Rank-5  :88.4%
2025-12-23 22:13:59,498 MambaPro.train INFO: CMC curve, Rank-10 :89.3%
2025-12-23 22:13:59,498 MambaPro.train INFO: [Epoch 12] 指标集合列表（历史）
2025-12-23 22:13:59,498 MambaPro.train INFO: history_mAP:{53.2 , 64.5 , 64.4 , 69.5 , 70.5 , 70.7 , 74.6 , 73.3 , 74.7 , 74.8 , 74.8 , 74.4}
2025-12-23 22:13:59,498 MambaPro.train INFO: best_mAP:{74.8}
2025-12-23 22:13:59,498 MambaPro.train INFO: history_Rank-1:{73.8 , 80.9 , 78.7 , 85.7 , 84.3 , 85.8 , 87.4 , 87.6 , 88.3 , 88.9 , 87.0}
2025-12-23 22:13:59,499 MambaPro.train INFO: best_Rank-1:{88.9}
2025-12-23 22:13:59,499 MambaPro.train INFO: history_Rank-5:{77.7 , 83.3 , 80.8 , 87.3 , 87.5 , 87.5 , 89.6 , 90.2 , 89.7 , 89.1 , 88.4}
2025-12-23 22:13:59,499 MambaPro.train INFO: best_Rank-5:{90.2}
2025-12-23 22:13:59,499 MambaPro.train INFO: history_Rank-10:{80.1 , 85.4 , 82.5 , 88.4 , 88.5 , 88.5 , 90.4 , 90.6 , 91.4 , 91.0 , 89.9 , 89.3}
2025-12-23 22:13:59,499 MambaPro.train INFO: best_Rank-10:{91.4}
2025-12-23 22:13:59,499 MambaPro.train INFO: history_Experts:{[0.00 , 0.00 , 0.00] , [0.00 , 0.00 , 0.00] , [0.00 , 0.00 , 0.00] , [0.00 , 0.00 , 0.00] , [0.00 , 0.00 , 0.00] , [0.00 , 0.00 , 0.00] , [0.00 , 0.00 , 0.00] , [0.00 , 0.00 , 0.00] , [0.00 , 0.00 , 0.00] , [0.00 , 0.00 , 0.00] , [0.00 , 0.00 , 0.00] , [0.00 , 0.00 , 0.00]}
2025-12-23 22:15:27,886 MambaPro.train INFO: Epoch 13 done. Time per batch: 0.760[s] Speed: 84.2[samples/s]
2025-12-23 22:17:02,465 MambaPro.train INFO: Validation Results - Epoch: 13
2025-12-23 22:17:02,465 MambaPro.train INFO: Current mAP: 73.8%
2025-12-23 22:17:02,465 MambaPro.train INFO: CMC curve, Rank-1  :85.5%
2025-12-23 22:17:02,465 MambaPro.train INFO: CMC curve, Rank-5  :87.0%
2025-12-23 22:17:02,465 MambaPro.train INFO: CMC curve, Rank-10 :87.6%
2025-12-23 22:17:02,465 MambaPro.train INFO: [Epoch 13] 指标集合列表（历史）
2025-12-23 22:17:02,465 MambaPro.train INFO: history_mAP:{53.2 , 64.5 , 64.4 , 69.5 , 70.5 , 70.7 , 74.6 , 73.3 , 74.7 , 74.8 , 74.8 , 74.4 , 73.8}
2025-12-23 22:17:02,465 MambaPro.train INFO: best_mAP:{74.8}
2025-12-23 22:17:02,465 MambaPro.train INFO: history_Rank-1:{73.8 , 80.9 , 78.7 , 85.7 , 84.3 , 85.8 , 87.4 , 87.6 , 88.3 , 88.9 , 87.0 , 85.5}
2025-12-23 22:17:02,465 MambaPro.train INFO: best_Rank-1:{88.9}
2025-12-23 22:17:02,465 MambaPro.train INFO: history_Rank-5:{77.7 , 83.3 , 80.8 , 87.3 , 87.5 , 87.5 , 89.6 , 90.2 , 89.7 , 89.1 , 88.4 , 87.0}
2025-12-23 22:17:02,466 MambaPro.train INFO: best_Rank-5:{90.2}
2025-12-23 22:17:02,466 MambaPro.train INFO: history_Rank-10:{80.1 , 85.4 , 82.5 , 88.4 , 88.5 , 88.5 , 90.4 , 90.6 , 91.4 , 91.0 , 89.9 , 89.3 , 87.6}
2025-12-23 22:17:02,466 MambaPro.train INFO: best_Rank-10:{91.4}
2025-12-23 22:17:02,466 MambaPro.train INFO: history_Experts:{[0.00 , 0.00 , 0.00] , [0.00 , 0.00 , 0.00] , [0.00 , 0.00 , 0.00] , [0.00 , 0.00 , 0.00] , [0.00 , 0.00 , 0.00] , [0.00 , 0.00 , 0.00] , [0.00 , 0.00 , 0.00] , [0.00 , 0.00 , 0.00] , [0.00 , 0.00 , 0.00] , [0.00 , 0.00 , 0.00] , [0.00 , 0.00 , 0.00] , [0.00 , 0.00 , 0.00] , [0.00 , 0.00 , 0.00]}
2025-12-23 22:18:30,986 MambaPro.train INFO: Epoch 14 done. Time per batch: 0.761[s] Speed: 84.1[samples/s]
2025-12-23 22:20:05,590 MambaPro.train INFO: Validation Results - Epoch: 14
2025-12-23 22:20:05,590 MambaPro.train INFO: Current mAP: 73.6%
2025-12-23 22:20:05,590 MambaPro.train INFO: CMC curve, Rank-1  :85.4%
2025-12-23 22:20:05,590 MambaPro.train INFO: CMC curve, Rank-5  :86.6%
2025-12-23 22:20:05,590 MambaPro.train INFO: CMC curve, Rank-10 :87.3%
2025-12-23 22:20:05,590 MambaPro.train INFO: [Epoch 14] 指标集合列表（历史）
2025-12-23 22:20:05,590 MambaPro.train INFO: history_mAP:{53.2 , 64.5 , 64.4 , 69.5 , 70.5 , 70.7 , 74.6 , 73.3 , 74.7 , 74.8 , 74.8 , 74.4 , 73.8 , 73.6}
2025-12-23 22:20:05,590 MambaPro.train INFO: best_mAP:{74.8}
2025-12-23 22:20:05,590 MambaPro.train INFO: history_Rank-1:{73.8 , 80.9 , 78.7 , 85.7 , 84.3 , 85.8 , 87.4 , 87.6 , 88.3 , 88.9 , 87.0 , 85.5 , 85.4}
2025-12-23 22:20:05,590 MambaPro.train INFO: best_Rank-1:{88.9}
2025-12-23 22:20:05,590 MambaPro.train INFO: history_Rank-5:{77.7 , 83.3 , 80.8 , 87.3 , 87.5 , 87.5 , 89.6 , 90.2 , 89.7 , 89.1 , 88.4 , 87.0 , 86.6}
2025-12-23 22:20:05,590 MambaPro.train INFO: best_Rank-5:{90.2}
2025-12-23 22:20:05,590 MambaPro.train INFO: history_Rank-10:{80.1 , 85.4 , 82.5 , 88.4 , 88.5 , 88.5 , 90.4 , 90.6 , 91.4 , 91.0 , 89.9 , 89.3 , 87.6 , 87.3}
2025-12-23 22:20:05,590 MambaPro.train INFO: best_Rank-10:{91.4}
2025-12-23 22:20:05,590 MambaPro.train INFO: history_Experts:{[0.00 , 0.00 , 0.00] , [0.00 , 0.00 , 0.00] , [0.00 , 0.00 , 0.00] , [0.00 , 0.00 , 0.00] , [0.00 , 0.00 , 0.00] , [0.00 , 0.00 , 0.00] , [0.00 , 0.00 , 0.00] , [0.00 , 0.00 , 0.00] , [0.00 , 0.00 , 0.00] , [0.00 , 0.00 , 0.00] , [0.00 , 0.00 , 0.00] , [0.00 , 0.00 , 0.00] , [0.00 , 0.00 , 0.00] , [0.00 , 0.00 , 0.00]}
2025-12-23 22:21:34,078 MambaPro.train INFO: Epoch 15 done. Time per batch: 0.761[s] Speed: 84.1[samples/s]
2025-12-23 22:23:08,716 MambaPro.train INFO: Validation Results - Epoch: 15
2025-12-23 22:23:08,716 MambaPro.train INFO: Current mAP: 73.9%
2025-12-23 22:23:08,716 MambaPro.train INFO: CMC curve, Rank-1  :85.6%
2025-12-23 22:23:08,716 MambaPro.train INFO: CMC curve, Rank-5  :86.8%
2025-12-23 22:23:08,716 MambaPro.train INFO: CMC curve, Rank-10 :87.7%
2025-12-23 22:23:08,716 MambaPro.train INFO: [Epoch 15] 指标集合列表（历史）
2025-12-23 22:23:08,716 MambaPro.train INFO: history_mAP:{53.2 , 64.5 , 64.4 , 69.5 , 70.5 , 70.7 , 74.6 , 73.3 , 74.7 , 74.8 , 74.8 , 74.4 , 73.8 , 73.6 , 73.9}
2025-12-23 22:23:08,716 MambaPro.train INFO: best_mAP:{74.8}
2025-12-23 22:23:08,716 MambaPro.train INFO: history_Rank-1:{73.8 , 80.9 , 78.7 , 85.7 , 84.3 , 85.8 , 87.4 , 87.6 , 88.3 , 88.9 , 87.0 , 85.5 , 85.4 , 85.6}
2025-12-23 22:23:08,716 MambaPro.train INFO: best_Rank-1:{88.9}
2025-12-23 22:23:08,716 MambaPro.train INFO: history_Rank-5:{77.7 , 83.3 , 80.8 , 87.3 , 87.5 , 87.5 , 89.6 , 90.2 , 89.7 , 89.1 , 88.4 , 87.0 , 86.6 , 86.8}
2025-12-23 22:23:08,716 MambaPro.train INFO: best_Rank-5:{90.2}
2025-12-23 22:23:08,716 MambaPro.train INFO: history_Rank-10:{80.1 , 85.4 , 82.5 , 88.4 , 88.5 , 88.5 , 90.4 , 90.6 , 91.4 , 91.0 , 89.9 , 89.3 , 87.6 , 87.3 , 87.7}
2025-12-23 22:23:08,716 MambaPro.train INFO: best_Rank-10:{91.4}
2025-12-23 22:23:08,716 MambaPro.train INFO: history_Experts:{[0.00 , 0.00 , 0.00] , [0.00 , 0.00 , 0.00] , [0.00 , 0.00 , 0.00] , [0.00 , 0.00 , 0.00] , [0.00 , 0.00 , 0.00] , [0.00 , 0.00 , 0.00] , [0.00 , 0.00 , 0.00] , [0.00 , 0.00 , 0.00] , [0.00 , 0.00 , 0.00] , [0.00 , 0.00 , 0.00] , [0.00 , 0.00 , 0.00] , [0.00 , 0.00 , 0.00] , [0.00 , 0.00 , 0.00] , [0.00 , 0.00 , 0.00] , [0.00 , 0.00 , 0.00]}
2025-12-23 22:24:37,915 MambaPro.train INFO: Epoch 16 done. Time per batch: 0.760[s] Speed: 84.2[samples/s]
2025-12-23 22:26:12,548 MambaPro.train INFO: Validation Results - Epoch: 16
2025-12-23 22:26:12,548 MambaPro.train INFO: Current mAP: 74.4%
2025-12-23 22:26:12,549 MambaPro.train INFO: CMC curve, Rank-1  :85.5%
2025-12-23 22:26:12,549 MambaPro.train INFO: CMC curve, Rank-5  :86.9%
2025-12-23 22:26:12,549 MambaPro.train INFO: CMC curve, Rank-10 :88.0%
2025-12-23 22:26:12,549 MambaPro.train INFO: [Epoch 16] 指标集合列表（历史）
2025-12-23 22:26:12,549 MambaPro.train INFO: history_mAP:{53.2 , 64.5 , 64.4 , 69.5 , 70.5 , 70.7 , 74.6 , 73.3 , 74.7 , 74.8 , 74.8 , 74.4 , 73.8 , 73.6 , 73.9 , 74.4}
2025-12-23 22:26:12,549 MambaPro.train INFO: best_mAP:{74.8}
2025-12-23 22:26:12,549 MambaPro.train INFO: history_Rank-1:{73.8 , 80.9 , 78.7 , 85.7 , 84.3 , 85.8 , 87.4 , 87.6 , 88.3 , 88.9 , 87.0 , 85.5 , 85.4 , 85.6 , 85.5}
2025-12-23 22:26:12,549 MambaPro.train INFO: best_Rank-1:{88.9}
2025-12-23 22:26:12,549 MambaPro.train INFO: history_Rank-5:{77.7 , 83.3 , 80.8 , 87.3 , 87.5 , 87.5 , 89.6 , 90.2 , 89.7 , 89.1 , 88.4 , 87.0 , 86.6 , 86.8 , 86.9}
2025-12-23 22:26:12,549 MambaPro.train INFO: best_Rank-5:{90.2}
2025-12-23 22:26:12,549 MambaPro.train INFO: history_Rank-10:{80.1 , 85.4 , 82.5 , 88.4 , 88.5 , 88.5 , 90.4 , 90.6 , 91.4 , 91.0 , 89.9 , 89.3 , 87.6 , 87.3 , 87.7 , 88.0}
2025-12-23 22:26:12,549 MambaPro.train INFO: best_Rank-10:{91.4}
2025-12-23 22:26:12,549 MambaPro.train INFO: history_Experts:{[0.00 , 0.00 , 0.00] , [0.00 , 0.00 , 0.00] , [0.00 , 0.00 , 0.00] , [0.00 , 0.00 , 0.00] , [0.00 , 0.00 , 0.00] , [0.00 , 0.00 , 0.00] , [0.00 , 0.00 , 0.00] , [0.00 , 0.00 , 0.00] , [0.00 , 0.00 , 0.00] , [0.00 , 0.00 , 0.00] , [0.00 , 0.00 , 0.00] , [0.00 , 0.00 , 0.00] , [0.00 , 0.00 , 0.00] , [0.00 , 0.00 , 0.00] , [0.00 , 0.00 , 0.00] , [0.00 , 0.00 , 0.00]}
2025-12-23 22:27:41,033 MambaPro.train INFO: Epoch 17 done. Time per batch: 0.761[s] Speed: 84.1[samples/s]
2025-12-23 22:29:15,680 MambaPro.train INFO: Validation Results - Epoch: 17
2025-12-23 22:29:15,680 MambaPro.train INFO: Current mAP: 74.2%
2025-12-23 22:29:15,680 MambaPro.train INFO: CMC curve, Rank-1  :85.1%
2025-12-23 22:29:15,680 MambaPro.train INFO: CMC curve, Rank-5  :86.5%
2025-12-23 22:29:15,680 MambaPro.train INFO: CMC curve, Rank-10 :87.3%
2025-12-23 22:29:15,680 MambaPro.train INFO: [Epoch 17] 指标集合列表（历史）
2025-12-23 22:29:15,680 MambaPro.train INFO: history_mAP:{53.2 , 64.5 , 64.4 , 69.5 , 70.5 , 70.7 , 74.6 , 73.3 , 74.7 , 74.8 , 74.8 , 74.4 , 73.8 , 73.6 , 73.9 , 74.4 , 74.2}
2025-12-23 22:29:15,680 MambaPro.train INFO: best_mAP:{74.8}
2025-12-23 22:29:15,680 MambaPro.train INFO: history_Rank-1:{73.8 , 80.9 , 78.7 , 85.7 , 84.3 , 85.8 , 87.4 , 87.6 , 88.3 , 88.9 , 87.0 , 85.5 , 85.4 , 85.6 , 85.5 , 85.1}
2025-12-23 22:29:15,680 MambaPro.train INFO: best_Rank-1:{88.9}
2025-12-23 22:29:15,680 MambaPro.train INFO: history_Rank-5:{77.7 , 83.3 , 80.8 , 87.3 , 87.5 , 87.5 , 89.6 , 90.2 , 89.7 , 89.1 , 88.4 , 87.0 , 86.6 , 86.8 , 86.9 , 86.5}
2025-12-23 22:29:15,680 MambaPro.train INFO: best_Rank-5:{90.2}
2025-12-23 22:29:15,681 MambaPro.train INFO: history_Rank-10:{80.1 , 85.4 , 82.5 , 88.4 , 88.5 , 88.5 , 90.4 , 90.6 , 91.4 , 91.0 , 89.9 , 89.3 , 87.6 , 87.3 , 87.7 , 88.0 , 87.3}
2025-12-23 22:29:15,681 MambaPro.train INFO: best_Rank-10:{91.4}
2025-12-23 22:29:15,681 MambaPro.train INFO: history_Experts:{[0.00 , 0.00 , 0.00] , [0.00 , 0.00 , 0.00] , [0.00 , 0.00 , 0.00] , [0.00 , 0.00 , 0.00] , [0.00 , 0.00 , 0.00] , [0.00 , 0.00 , 0.00] , [0.00 , 0.00 , 0.00] , [0.00 , 0.00 , 0.00] , [0.00 , 0.00 , 0.00] , [0.00 , 0.00 , 0.00] , [0.00 , 0.00 , 0.00] , [0.00 , 0.00 , 0.00] , [0.00 , 0.00 , 0.00] , [0.00 , 0.00 , 0.00] , [0.00 , 0.00 , 0.00] , [0.00 , 0.00 , 0.00] , [0.00 , 0.00 , 0.00]}
2025-12-23 22:30:43,183 MambaPro.train INFO: Epoch 18 done. Time per batch: 0.759[s] Speed: 84.4[samples/s]
2025-12-23 22:32:17,789 MambaPro.train INFO: Validation Results - Epoch: 18
2025-12-23 22:32:17,789 MambaPro.train INFO: Current mAP: 74.1%
2025-12-23 22:32:17,789 MambaPro.train INFO: CMC curve, Rank-1  :85.2%
2025-12-23 22:32:17,789 MambaPro.train INFO: CMC curve, Rank-5  :86.6%
2025-12-23 22:32:17,789 MambaPro.train INFO: CMC curve, Rank-10 :87.1%
2025-12-23 22:32:17,789 MambaPro.train INFO: [Epoch 18] 指标集合列表（历史）
2025-12-23 22:32:17,789 MambaPro.train INFO: history_mAP:{53.2 , 64.5 , 64.4 , 69.5 , 70.5 , 70.7 , 74.6 , 73.3 , 74.7 , 74.8 , 74.8 , 74.4 , 73.8 , 73.6 , 73.9 , 74.4 , 74.2 , 74.1}
2025-12-23 22:32:17,789 MambaPro.train INFO: best_mAP:{74.8}
2025-12-23 22:32:17,789 MambaPro.train INFO: history_Rank-1:{73.8 , 80.9 , 78.7 , 85.7 , 84.3 , 85.8 , 87.4 , 87.6 , 88.3 , 88.9 , 87.0 , 85.5 , 85.4 , 85.6 , 85.5 , 85.1 , 85.2}
2025-12-23 22:32:17,789 MambaPro.train INFO: best_Rank-1:{88.9}
2025-12-23 22:32:17,789 MambaPro.train INFO: history_Rank-5:{77.7 , 83.3 , 80.8 , 87.3 , 87.5 , 87.5 , 89.6 , 90.2 , 89.7 , 89.1 , 88.4 , 87.0 , 86.6 , 86.8 , 86.9 , 86.5 , 86.6}
2025-12-23 22:32:17,789 MambaPro.train INFO: best_Rank-5:{90.2}
2025-12-23 22:32:17,789 MambaPro.train INFO: history_Rank-10:{80.1 , 85.4 , 82.5 , 88.4 , 88.5 , 88.5 , 90.4 , 90.6 , 91.4 , 91.0 , 89.9 , 89.3 , 87.6 , 87.3 , 87.7 , 88.0 , 87.3 , 87.1}
2025-12-23 22:32:17,789 MambaPro.train INFO: best_Rank-10:{91.4}
2025-12-23 22:32:17,789 MambaPro.train INFO: history_Experts:{[0.00 , 0.00 , 0.00] , [0.00 , 0.00 , 0.00] , [0.00 , 0.00 , 0.00] , [0.00 , 0.00 , 0.00] , [0.00 , 0.00 , 0.00] , [0.00 , 0.00 , 0.00] , [0.00 , 0.00 , 0.00] , [0.00 , 0.00 , 0.00] , [0.00 , 0.00 , 0.00] , [0.00 , 0.00 , 0.00] , [0.00 , 0.00 , 0.00] , [0.00 , 0.00 , 0.00] , [0.00 , 0.00 , 0.00] , [0.00 , 0.00 , 0.00] , [0.00 , 0.00 , 0.00] , [0.00 , 0.00 , 0.00] , [0.00 , 0.00 , 0.00] , [0.00 , 0.00 , 0.00]}
2025-12-23 22:33:47,142 MambaPro.train INFO: Epoch 19 done. Time per batch: 0.762[s] Speed: 84.0[samples/s]
2025-12-23 22:35:21,714 MambaPro.train INFO: Validation Results - Epoch: 19
2025-12-23 22:35:21,714 MambaPro.train INFO: Current mAP: 74.5%
2025-12-23 22:35:21,714 MambaPro.train INFO: CMC curve, Rank-1  :85.5%
2025-12-23 22:35:21,714 MambaPro.train INFO: CMC curve, Rank-5  :86.2%
2025-12-23 22:35:21,714 MambaPro.train INFO: CMC curve, Rank-10 :86.9%
2025-12-23 22:35:21,715 MambaPro.train INFO: [Epoch 19] 指标集合列表（历史）
2025-12-23 22:35:21,715 MambaPro.train INFO: history_mAP:{53.2 , 64.5 , 64.4 , 69.5 , 70.5 , 70.7 , 74.6 , 73.3 , 74.7 , 74.8 , 74.8 , 74.4 , 73.8 , 73.6 , 73.9 , 74.4 , 74.2 , 74.1 , 74.5}
2025-12-23 22:35:21,715 MambaPro.train INFO: best_mAP:{74.8}
2025-12-23 22:35:21,715 MambaPro.train INFO: history_Rank-1:{73.8 , 80.9 , 78.7 , 85.7 , 84.3 , 85.8 , 87.4 , 87.6 , 88.3 , 88.9 , 87.0 , 85.5 , 85.4 , 85.6 , 85.5 , 85.1 , 85.2}
2025-12-23 22:35:21,715 MambaPro.train INFO: best_Rank-1:{88.9}
2025-12-23 22:35:21,715 MambaPro.train INFO: history_Rank-5:{77.7 , 83.3 , 80.8 , 87.3 , 87.5 , 87.5 , 89.6 , 90.2 , 89.7 , 89.1 , 88.4 , 87.0 , 86.6 , 86.8 , 86.9 , 86.5 , 86.6 , 86.2}
2025-12-23 22:35:21,715 MambaPro.train INFO: best_Rank-5:{90.2}
2025-12-23 22:35:21,715 MambaPro.train INFO: history_Rank-10:{80.1 , 85.4 , 82.5 , 88.4 , 88.5 , 88.5 , 90.4 , 90.6 , 91.4 , 91.0 , 89.9 , 89.3 , 87.6 , 87.3 , 87.7 , 88.0 , 87.3 , 87.1 , 86.9}
2025-12-23 22:35:21,715 MambaPro.train INFO: best_Rank-10:{91.4}
2025-12-23 22:35:21,715 MambaPro.train INFO: history_Experts:{[0.00 , 0.00 , 0.00] , [0.00 , 0.00 , 0.00] , [0.00 , 0.00 , 0.00] , [0.00 , 0.00 , 0.00] , [0.00 , 0.00 , 0.00] , [0.00 , 0.00 , 0.00] , [0.00 , 0.00 , 0.00] , [0.00 , 0.00 , 0.00] , [0.00 , 0.00 , 0.00] , [0.00 , 0.00 , 0.00] , [0.00 , 0.00 , 0.00] , [0.00 , 0.00 , 0.00] , [0.00 , 0.00 , 0.00] , [0.00 , 0.00 , 0.00] , [0.00 , 0.00 , 0.00] , [0.00 , 0.00 , 0.00] , [0.00 , 0.00 , 0.00] , [0.00 , 0.00 , 0.00] , [0.00 , 0.00 , 0.00]}
2025-12-23 22:36:50,064 MambaPro.train INFO: Epoch 20 done. Time per batch: 0.759[s] Speed: 84.3[samples/s]
2025-12-23 22:38:24,722 MambaPro.train INFO: Validation Results - Epoch: 20
2025-12-23 22:38:24,722 MambaPro.train INFO: Current mAP: 74.6%
2025-12-23 22:38:24,722 MambaPro.train INFO: CMC curve, Rank-1  :85.1%
2025-12-23 22:38:24,722 MambaPro.train INFO: CMC curve, Rank-5  :86.4%
2025-12-23 22:38:24,722 MambaPro.train INFO: CMC curve, Rank-10 :87.5%
2025-12-23 22:38:24,722 MambaPro.train INFO: [Epoch 20] 指标集合列表（历史）
2025-12-23 22:38:24,722 MambaPro.train INFO: history_mAP:{53.2 , 64.5 , 64.4 , 69.5 , 70.5 , 70.7 , 74.6 , 73.3 , 74.7 , 74.8 , 74.8 , 74.4 , 73.8 , 73.6 , 73.9 , 74.4 , 74.2 , 74.1 , 74.5 , 74.6}
2025-12-23 22:38:24,722 MambaPro.train INFO: best_mAP:{74.8}
2025-12-23 22:38:24,722 MambaPro.train INFO: history_Rank-1:{73.8 , 80.9 , 78.7 , 85.7 , 84.3 , 85.8 , 87.4 , 87.6 , 88.3 , 88.9 , 87.0 , 85.5 , 85.4 , 85.6 , 85.5 , 85.1 , 85.2 , 85.1}
2025-12-23 22:38:24,722 MambaPro.train INFO: best_Rank-1:{88.9}
2025-12-23 22:38:24,722 MambaPro.train INFO: history_Rank-5:{77.7 , 83.3 , 80.8 , 87.3 , 87.5 , 87.5 , 89.6 , 90.2 , 89.7 , 89.1 , 88.4 , 87.0 , 86.6 , 86.8 , 86.9 , 86.5 , 86.6 , 86.2 , 86.4}
2025-12-23 22:38:24,722 MambaPro.train INFO: best_Rank-5:{90.2}
2025-12-23 22:38:24,722 MambaPro.train INFO: history_Rank-10:{80.1 , 85.4 , 82.5 , 88.4 , 88.5 , 88.5 , 90.4 , 90.6 , 91.4 , 91.0 , 89.9 , 89.3 , 87.6 , 87.3 , 87.7 , 88.0 , 87.3 , 87.1 , 86.9 , 87.5}
2025-12-23 22:38:24,722 MambaPro.train INFO: best_Rank-10:{91.4}
2025-12-23 22:38:24,722 MambaPro.train INFO: history_Experts:{[0.00 , 0.00 , 0.00] , [0.00 , 0.00 , 0.00] , [0.00 , 0.00 , 0.00] , [0.00 , 0.00 , 0.00] , [0.00 , 0.00 , 0.00] , [0.00 , 0.00 , 0.00] , [0.00 , 0.00 , 0.00] , [0.00 , 0.00 , 0.00] , [0.00 , 0.00 , 0.00] , [0.00 , 0.00 , 0.00] , [0.00 , 0.00 , 0.00] , [0.00 , 0.00 , 0.00] , [0.00 , 0.00 , 0.00] , [0.00 , 0.00 , 0.00] , [0.00 , 0.00 , 0.00] , [0.00 , 0.00 , 0.00] , [0.00 , 0.00 , 0.00] , [0.00 , 0.00 , 0.00] , [0.00 , 0.00 , 0.00] , [0.00 , 0.00 , 0.00]}
2025-12-23 22:39:53,119 MambaPro.train INFO: Epoch 21 done. Time per batch: 0.760[s] Speed: 84.2[samples/s]
2025-12-23 22:41:27,683 MambaPro.train INFO: Validation Results - Epoch: 21
2025-12-23 22:41:27,683 MambaPro.train INFO: Current mAP: 74.1%
2025-12-23 22:41:27,683 MambaPro.train INFO: CMC curve, Rank-1  :85.1%
2025-12-23 22:41:27,683 MambaPro.train INFO: CMC curve, Rank-5  :86.5%
2025-12-23 22:41:27,683 MambaPro.train INFO: CMC curve, Rank-10 :87.3%
2025-12-23 22:41:27,683 MambaPro.train INFO: [Epoch 21] 指标集合列表（历史）
2025-12-23 22:41:27,683 MambaPro.train INFO: history_mAP:{53.2 , 64.5 , 64.4 , 69.5 , 70.5 , 70.7 , 74.6 , 73.3 , 74.7 , 74.8 , 74.8 , 74.4 , 73.8 , 73.6 , 73.9 , 74.4 , 74.2 , 74.1 , 74.5 , 74.6 , 74.1}
2025-12-23 22:41:27,683 MambaPro.train INFO: best_mAP:{74.8}
2025-12-23 22:41:27,683 MambaPro.train INFO: history_Rank-1:{73.8 , 80.9 , 78.7 , 85.7 , 84.3 , 85.8 , 87.4 , 87.6 , 88.3 , 88.9 , 87.0 , 85.5 , 85.4 , 85.6 , 85.5 , 85.1 , 85.2 , 85.1}
2025-12-23 22:41:27,683 MambaPro.train INFO: best_Rank-1:{88.9}
2025-12-23 22:41:27,683 MambaPro.train INFO: history_Rank-5:{77.7 , 83.3 , 80.8 , 87.3 , 87.5 , 87.5 , 89.6 , 90.2 , 89.7 , 89.1 , 88.4 , 87.0 , 86.6 , 86.8 , 86.9 , 86.5 , 86.6 , 86.2 , 86.4 , 86.5}
2025-12-23 22:41:27,683 MambaPro.train INFO: best_Rank-5:{90.2}
2025-12-23 22:41:27,683 MambaPro.train INFO: history_Rank-10:{80.1 , 85.4 , 82.5 , 88.4 , 88.5 , 88.5 , 90.4 , 90.6 , 91.4 , 91.0 , 89.9 , 89.3 , 87.6 , 87.3 , 87.7 , 88.0 , 87.3 , 87.1 , 86.9 , 87.5}
2025-12-23 22:41:27,683 MambaPro.train INFO: best_Rank-10:{91.4}
2025-12-23 22:41:27,683 MambaPro.train INFO: history_Experts:{[0.00 , 0.00 , 0.00] , [0.00 , 0.00 , 0.00] , [0.00 , 0.00 , 0.00] , [0.00 , 0.00 , 0.00] , [0.00 , 0.00 , 0.00] , [0.00 , 0.00 , 0.00] , [0.00 , 0.00 , 0.00] , [0.00 , 0.00 , 0.00] , [0.00 , 0.00 , 0.00] , [0.00 , 0.00 , 0.00] , [0.00 , 0.00 , 0.00] , [0.00 , 0.00 , 0.00] , [0.00 , 0.00 , 0.00] , [0.00 , 0.00 , 0.00] , [0.00 , 0.00 , 0.00] , [0.00 , 0.00 , 0.00] , [0.00 , 0.00 , 0.00] , [0.00 , 0.00 , 0.00] , [0.00 , 0.00 , 0.00] , [0.00 , 0.00 , 0.00] , [0.00 , 0.00 , 0.00]}
2025-12-23 22:42:56,018 MambaPro.train INFO: Epoch 22 done. Time per batch: 0.759[s] Speed: 84.3[samples/s]
2025-12-23 22:44:30,588 MambaPro.train INFO: Validation Results - Epoch: 22
2025-12-23 22:44:30,588 MambaPro.train INFO: Current mAP: 74.2%
2025-12-23 22:44:30,588 MambaPro.train INFO: CMC curve, Rank-1  :85.2%
2025-12-23 22:44:30,588 MambaPro.train INFO: CMC curve, Rank-5  :86.1%
2025-12-23 22:44:30,588 MambaPro.train INFO: CMC curve, Rank-10 :86.9%
2025-12-23 22:44:30,588 MambaPro.train INFO: [Epoch 22] 指标集合列表（历史）
2025-12-23 22:44:30,588 MambaPro.train INFO: history_mAP:{53.2 , 64.5 , 64.4 , 69.5 , 70.5 , 70.7 , 74.6 , 73.3 , 74.7 , 74.8 , 74.8 , 74.4 , 73.8 , 73.6 , 73.9 , 74.4 , 74.2 , 74.1 , 74.5 , 74.6 , 74.1 , 74.2}
2025-12-23 22:44:30,588 MambaPro.train INFO: best_mAP:{74.8}
2025-12-23 22:44:30,588 MambaPro.train INFO: history_Rank-1:{73.8 , 80.9 , 78.7 , 85.7 , 84.3 , 85.8 , 87.4 , 87.6 , 88.3 , 88.9 , 87.0 , 85.5 , 85.4 , 85.6 , 85.5 , 85.1 , 85.2 , 85.1 , 85.2}
2025-12-23 22:44:30,588 MambaPro.train INFO: best_Rank-1:{88.9}
2025-12-23 22:44:30,588 MambaPro.train INFO: history_Rank-5:{77.7 , 83.3 , 80.8 , 87.3 , 87.5 , 87.5 , 89.6 , 90.2 , 89.7 , 89.1 , 88.4 , 87.0 , 86.6 , 86.8 , 86.9 , 86.5 , 86.6 , 86.2 , 86.4 , 86.5 , 86.1}
2025-12-23 22:44:30,589 MambaPro.train INFO: best_Rank-5:{90.2}
2025-12-23 22:44:30,589 MambaPro.train INFO: history_Rank-10:{80.1 , 85.4 , 82.5 , 88.4 , 88.5 , 88.5 , 90.4 , 90.6 , 91.4 , 91.0 , 89.9 , 89.3 , 87.6 , 87.3 , 87.7 , 88.0 , 87.3 , 87.1 , 86.9 , 87.5}
2025-12-23 22:44:30,589 MambaPro.train INFO: best_Rank-10:{91.4}
2025-12-23 22:44:30,589 MambaPro.train INFO: history_Experts:{[0.00 , 0.00 , 0.00] , [0.00 , 0.00 , 0.00] , [0.00 , 0.00 , 0.00] , [0.00 , 0.00 , 0.00] , [0.00 , 0.00 , 0.00] , [0.00 , 0.00 , 0.00] , [0.00 , 0.00 , 0.00] , [0.00 , 0.00 , 0.00] , [0.00 , 0.00 , 0.00] , [0.00 , 0.00 , 0.00] , [0.00 , 0.00 , 0.00] , [0.00 , 0.00 , 0.00] , [0.00 , 0.00 , 0.00] , [0.00 , 0.00 , 0.00] , [0.00 , 0.00 , 0.00] , [0.00 , 0.00 , 0.00] , [0.00 , 0.00 , 0.00] , [0.00 , 0.00 , 0.00] , [0.00 , 0.00 , 0.00] , [0.00 , 0.00 , 0.00] , [0.00 , 0.00 , 0.00] , [0.00 , 0.00 , 0.00]}
2025-12-23 22:45:59,008 MambaPro.train INFO: Epoch 23 done. Time per batch: 0.760[s] Speed: 84.2[samples/s]
2025-12-23 22:47:33,658 MambaPro.train INFO: Validation Results - Epoch: 23
2025-12-23 22:47:33,658 MambaPro.train INFO: Current mAP: 74.3%
2025-12-23 22:47:33,658 MambaPro.train INFO: CMC curve, Rank-1  :85.2%
2025-12-23 22:47:33,658 MambaPro.train INFO: CMC curve, Rank-5  :86.2%
2025-12-23 22:47:33,658 MambaPro.train INFO: CMC curve, Rank-10 :87.2%
2025-12-23 22:47:33,658 MambaPro.train INFO: [Epoch 23] 指标集合列表（历史）
2025-12-23 22:47:33,658 MambaPro.train INFO: history_mAP:{53.2 , 64.5 , 64.4 , 69.5 , 70.5 , 70.7 , 74.6 , 73.3 , 74.7 , 74.8 , 74.8 , 74.4 , 73.8 , 73.6 , 73.9 , 74.4 , 74.2 , 74.1 , 74.5 , 74.6 , 74.1 , 74.2 , 74.3}
2025-12-23 22:47:33,658 MambaPro.train INFO: best_mAP:{74.8}
2025-12-23 22:47:33,658 MambaPro.train INFO: history_Rank-1:{73.8 , 80.9 , 78.7 , 85.7 , 84.3 , 85.8 , 87.4 , 87.6 , 88.3 , 88.9 , 87.0 , 85.5 , 85.4 , 85.6 , 85.5 , 85.1 , 85.2 , 85.1 , 85.2}
2025-12-23 22:47:33,658 MambaPro.train INFO: best_Rank-1:{88.9}
2025-12-23 22:47:33,658 MambaPro.train INFO: history_Rank-5:{77.7 , 83.3 , 80.8 , 87.3 , 87.5 , 87.5 , 89.6 , 90.2 , 89.7 , 89.1 , 88.4 , 87.0 , 86.6 , 86.8 , 86.9 , 86.5 , 86.6 , 86.2 , 86.4 , 86.5 , 86.1}
2025-12-23 22:47:33,658 MambaPro.train INFO: best_Rank-5:{90.2}
2025-12-23 22:47:33,658 MambaPro.train INFO: history_Rank-10:{80.1 , 85.4 , 82.5 , 88.4 , 88.5 , 88.5 , 90.4 , 90.6 , 91.4 , 91.0 , 89.9 , 89.3 , 87.6 , 87.3 , 87.7 , 88.0 , 87.3 , 87.1 , 86.9 , 87.5 , 87.2}
2025-12-23 22:47:33,658 MambaPro.train INFO: best_Rank-10:{91.4}
2025-12-23 22:47:33,658 MambaPro.train INFO: history_Experts:{[0.00 , 0.00 , 0.00] , [0.00 , 0.00 , 0.00] , [0.00 , 0.00 , 0.00] , [0.00 , 0.00 , 0.00] , [0.00 , 0.00 , 0.00] , [0.00 , 0.00 , 0.00] , [0.00 , 0.00 , 0.00] , [0.00 , 0.00 , 0.00] , [0.00 , 0.00 , 0.00] , [0.00 , 0.00 , 0.00] , [0.00 , 0.00 , 0.00] , [0.00 , 0.00 , 0.00] , [0.00 , 0.00 , 0.00] , [0.00 , 0.00 , 0.00] , [0.00 , 0.00 , 0.00] , [0.00 , 0.00 , 0.00] , [0.00 , 0.00 , 0.00] , [0.00 , 0.00 , 0.00] , [0.00 , 0.00 , 0.00] , [0.00 , 0.00 , 0.00] , [0.00 , 0.00 , 0.00] , [0.00 , 0.00 , 0.00] , [0.00 , 0.00 , 0.00]}
2025-12-23 22:49:02,071 MambaPro.train INFO: Epoch 24 done. Time per batch: 0.760[s] Speed: 84.2[samples/s]
2025-12-23 22:50:36,621 MambaPro.train INFO: Validation Results - Epoch: 24
2025-12-23 22:50:36,621 MambaPro.train INFO: Current mAP: 74.3%
2025-12-23 22:50:36,621 MambaPro.train INFO: CMC curve, Rank-1  :85.1%
2025-12-23 22:50:36,621 MambaPro.train INFO: CMC curve, Rank-5  :86.4%
2025-12-23 22:50:36,621 MambaPro.train INFO: CMC curve, Rank-10 :87.4%
2025-12-23 22:50:36,621 MambaPro.train INFO: [Epoch 24] 指标集合列表（历史）
2025-12-23 22:50:36,621 MambaPro.train INFO: history_mAP:{53.2 , 64.5 , 64.4 , 69.5 , 70.5 , 70.7 , 74.6 , 73.3 , 74.7 , 74.8 , 74.8 , 74.4 , 73.8 , 73.6 , 73.9 , 74.4 , 74.2 , 74.1 , 74.5 , 74.6 , 74.1 , 74.2 , 74.3 , 74.3}
2025-12-23 22:50:36,621 MambaPro.train INFO: best_mAP:{74.8}
2025-12-23 22:50:36,621 MambaPro.train INFO: history_Rank-1:{73.8 , 80.9 , 78.7 , 85.7 , 84.3 , 85.8 , 87.4 , 87.6 , 88.3 , 88.9 , 87.0 , 85.5 , 85.4 , 85.6 , 85.5 , 85.1 , 85.2 , 85.1 , 85.2}
2025-12-23 22:50:36,621 MambaPro.train INFO: best_Rank-1:{88.9}
2025-12-23 22:50:36,621 MambaPro.train INFO: history_Rank-5:{77.7 , 83.3 , 80.8 , 87.3 , 87.5 , 87.5 , 89.6 , 90.2 , 89.7 , 89.1 , 88.4 , 87.0 , 86.6 , 86.8 , 86.9 , 86.5 , 86.6 , 86.2 , 86.4 , 86.5 , 86.1}
2025-12-23 22:50:36,621 MambaPro.train INFO: best_Rank-5:{90.2}
2025-12-23 22:50:36,621 MambaPro.train INFO: history_Rank-10:{80.1 , 85.4 , 82.5 , 88.4 , 88.5 , 88.5 , 90.4 , 90.6 , 91.4 , 91.0 , 89.9 , 89.3 , 87.6 , 87.3 , 87.7 , 88.0 , 87.3 , 87.1 , 86.9 , 87.5 , 87.2 , 87.4}
2025-12-23 22:50:36,621 MambaPro.train INFO: best_Rank-10:{91.4}
2025-12-23 22:50:36,621 MambaPro.train INFO: history_Experts:{[0.00 , 0.00 , 0.00] , [0.00 , 0.00 , 0.00] , [0.00 , 0.00 , 0.00] , [0.00 , 0.00 , 0.00] , [0.00 , 0.00 , 0.00] , [0.00 , 0.00 , 0.00] , [0.00 , 0.00 , 0.00] , [0.00 , 0.00 , 0.00] , [0.00 , 0.00 , 0.00] , [0.00 , 0.00 , 0.00] , [0.00 , 0.00 , 0.00] , [0.00 , 0.00 , 0.00] , [0.00 , 0.00 , 0.00] , [0.00 , 0.00 , 0.00] , [0.00 , 0.00 , 0.00] , [0.00 , 0.00 , 0.00] , [0.00 , 0.00 , 0.00] , [0.00 , 0.00 , 0.00] , [0.00 , 0.00 , 0.00] , [0.00 , 0.00 , 0.00] , [0.00 , 0.00 , 0.00] , [0.00 , 0.00 , 0.00] , [0.00 , 0.00 , 0.00] , [0.00 , 0.00 , 0.00]}
2025-12-23 22:52:05,709 MambaPro.train INFO: Epoch 25 done. Time per batch: 0.759[s] Speed: 84.3[samples/s]
2025-12-23 22:53:40,241 MambaPro.train INFO: Validation Results - Epoch: 25
2025-12-23 22:53:40,241 MambaPro.train INFO: Current mAP: 74.3%
2025-12-23 22:53:40,241 MambaPro.train INFO: CMC curve, Rank-1  :85.3%
2025-12-23 22:53:40,241 MambaPro.train INFO: CMC curve, Rank-5  :86.5%
2025-12-23 22:53:40,241 MambaPro.train INFO: CMC curve, Rank-10 :87.2%
2025-12-23 22:53:40,241 MambaPro.train INFO: [Epoch 25] 指标集合列表（历史）
2025-12-23 22:53:40,241 MambaPro.train INFO: history_mAP:{53.2 , 64.5 , 64.4 , 69.5 , 70.5 , 70.7 , 74.6 , 73.3 , 74.7 , 74.8 , 74.8 , 74.4 , 73.8 , 73.6 , 73.9 , 74.4 , 74.2 , 74.1 , 74.5 , 74.6 , 74.1 , 74.2 , 74.3 , 74.3 , 74.3}
2025-12-23 22:53:40,241 MambaPro.train INFO: best_mAP:{74.8}
2025-12-23 22:53:40,241 MambaPro.train INFO: history_Rank-1:{73.8 , 80.9 , 78.7 , 85.7 , 84.3 , 85.8 , 87.4 , 87.6 , 88.3 , 88.9 , 87.0 , 85.5 , 85.4 , 85.6 , 85.5 , 85.1 , 85.2 , 85.1 , 85.2 , 85.3}
2025-12-23 22:53:40,241 MambaPro.train INFO: best_Rank-1:{88.9}
2025-12-23 22:53:40,241 MambaPro.train INFO: history_Rank-5:{77.7 , 83.3 , 80.8 , 87.3 , 87.5 , 87.5 , 89.6 , 90.2 , 89.7 , 89.1 , 88.4 , 87.0 , 86.6 , 86.8 , 86.9 , 86.5 , 86.6 , 86.2 , 86.4 , 86.5 , 86.1}
2025-12-23 22:53:40,241 MambaPro.train INFO: best_Rank-5:{90.2}
2025-12-23 22:53:40,241 MambaPro.train INFO: history_Rank-10:{80.1 , 85.4 , 82.5 , 88.4 , 88.5 , 88.5 , 90.4 , 90.6 , 91.4 , 91.0 , 89.9 , 89.3 , 87.6 , 87.3 , 87.7 , 88.0 , 87.3 , 87.1 , 86.9 , 87.5 , 87.2 , 87.4}
2025-12-23 22:53:40,241 MambaPro.train INFO: best_Rank-10:{91.4}
2025-12-23 22:53:40,241 MambaPro.train INFO: history_Experts:{[0.00 , 0.00 , 0.00] , [0.00 , 0.00 , 0.00] , [0.00 , 0.00 , 0.00] , [0.00 , 0.00 , 0.00] , [0.00 , 0.00 , 0.00] , [0.00 , 0.00 , 0.00] , [0.00 , 0.00 , 0.00] , [0.00 , 0.00 , 0.00] , [0.00 , 0.00 , 0.00] , [0.00 , 0.00 , 0.00] , [0.00 , 0.00 , 0.00] , [0.00 , 0.00 , 0.00] , [0.00 , 0.00 , 0.00] , [0.00 , 0.00 , 0.00] , [0.00 , 0.00 , 0.00] , [0.00 , 0.00 , 0.00] , [0.00 , 0.00 , 0.00] , [0.00 , 0.00 , 0.00] , [0.00 , 0.00 , 0.00] , [0.00 , 0.00 , 0.00] , [0.00 , 0.00 , 0.00] , [0.00 , 0.00 , 0.00] , [0.00 , 0.00 , 0.00] , [0.00 , 0.00 , 0.00] , [0.00 , 0.00 , 0.00]}
2025-12-23 22:55:08,581 MambaPro.train INFO: Epoch 26 done. Time per batch: 0.759[s] Speed: 84.3[samples/s]
2025-12-23 22:56:43,127 MambaPro.train INFO: Validation Results - Epoch: 26
2025-12-23 22:56:43,127 MambaPro.train INFO: Current mAP: 74.3%
2025-12-23 22:56:43,127 MambaPro.train INFO: CMC curve, Rank-1  :85.1%
2025-12-23 22:56:43,127 MambaPro.train INFO: CMC curve, Rank-5  :86.4%
2025-12-23 22:56:43,127 MambaPro.train INFO: CMC curve, Rank-10 :87.6%
2025-12-23 22:56:43,127 MambaPro.train INFO: [Epoch 26] 指标集合列表（历史）
2025-12-23 22:56:43,127 MambaPro.train INFO: history_mAP:{53.2 , 64.5 , 64.4 , 69.5 , 70.5 , 70.7 , 74.6 , 73.3 , 74.7 , 74.8 , 74.8 , 74.4 , 73.8 , 73.6 , 73.9 , 74.4 , 74.2 , 74.1 , 74.5 , 74.6 , 74.1 , 74.2 , 74.3 , 74.3 , 74.3 , 74.3}
2025-12-23 22:56:43,127 MambaPro.train INFO: best_mAP:{74.8}
2025-12-23 22:56:43,127 MambaPro.train INFO: history_Rank-1:{73.8 , 80.9 , 78.7 , 85.7 , 84.3 , 85.8 , 87.4 , 87.6 , 88.3 , 88.9 , 87.0 , 85.5 , 85.4 , 85.6 , 85.5 , 85.1 , 85.2 , 85.1 , 85.2 , 85.3}
2025-12-23 22:56:43,127 MambaPro.train INFO: best_Rank-1:{88.9}
2025-12-23 22:56:43,127 MambaPro.train INFO: history_Rank-5:{77.7 , 83.3 , 80.8 , 87.3 , 87.5 , 87.5 , 89.6 , 90.2 , 89.7 , 89.1 , 88.4 , 87.0 , 86.6 , 86.8 , 86.9 , 86.5 , 86.6 , 86.2 , 86.4 , 86.5 , 86.1 , 86.4}
2025-12-23 22:56:43,127 MambaPro.train INFO: best_Rank-5:{90.2}
2025-12-23 22:56:43,127 MambaPro.train INFO: history_Rank-10:{80.1 , 85.4 , 82.5 , 88.4 , 88.5 , 88.5 , 90.4 , 90.6 , 91.4 , 91.0 , 89.9 , 89.3 , 87.6 , 87.3 , 87.7 , 88.0 , 87.3 , 87.1 , 86.9 , 87.5 , 87.2 , 87.4}
2025-12-23 22:56:43,127 MambaPro.train INFO: best_Rank-10:{91.4}
2025-12-23 22:56:43,127 MambaPro.train INFO: history_Experts:{[0.00 , 0.00 , 0.00] , [0.00 , 0.00 , 0.00] , [0.00 , 0.00 , 0.00] , [0.00 , 0.00 , 0.00] , [0.00 , 0.00 , 0.00] , [0.00 , 0.00 , 0.00] , [0.00 , 0.00 , 0.00] , [0.00 , 0.00 , 0.00] , [0.00 , 0.00 , 0.00] , [0.00 , 0.00 , 0.00] , [0.00 , 0.00 , 0.00] , [0.00 , 0.00 , 0.00] , [0.00 , 0.00 , 0.00] , [0.00 , 0.00 , 0.00] , [0.00 , 0.00 , 0.00] , [0.00 , 0.00 , 0.00] , [0.00 , 0.00 , 0.00] , [0.00 , 0.00 , 0.00] , [0.00 , 0.00 , 0.00] , [0.00 , 0.00 , 0.00] , [0.00 , 0.00 , 0.00] , [0.00 , 0.00 , 0.00] , [0.00 , 0.00 , 0.00] , [0.00 , 0.00 , 0.00] , [0.00 , 0.00 , 0.00] , [0.00 , 0.00 , 0.00]}
2025-12-23 22:58:11,412 MambaPro.train INFO: Epoch 27 done. Time per batch: 0.759[s] Speed: 84.3[samples/s]
2025-12-23 22:59:45,993 MambaPro.train INFO: Validation Results - Epoch: 27
2025-12-23 22:59:45,994 MambaPro.train INFO: Current mAP: 74.3%
2025-12-23 22:59:45,994 MambaPro.train INFO: CMC curve, Rank-1  :85.4%
2025-12-23 22:59:45,994 MambaPro.train INFO: CMC curve, Rank-5  :86.5%
2025-12-23 22:59:45,994 MambaPro.train INFO: CMC curve, Rank-10 :87.3%
2025-12-23 22:59:45,994 MambaPro.train INFO: [Epoch 27] 指标集合列表（历史）
2025-12-23 22:59:45,994 MambaPro.train INFO: history_mAP:{53.2 , 64.5 , 64.4 , 69.5 , 70.5 , 70.7 , 74.6 , 73.3 , 74.7 , 74.8 , 74.8 , 74.4 , 73.8 , 73.6 , 73.9 , 74.4 , 74.2 , 74.1 , 74.5 , 74.6 , 74.1 , 74.2 , 74.3 , 74.3 , 74.3 , 74.3 , 74.3}
2025-12-23 22:59:45,994 MambaPro.train INFO: best_mAP:{74.8}
2025-12-23 22:59:45,994 MambaPro.train INFO: history_Rank-1:{73.8 , 80.9 , 78.7 , 85.7 , 84.3 , 85.8 , 87.4 , 87.6 , 88.3 , 88.9 , 87.0 , 85.5 , 85.4 , 85.6 , 85.5 , 85.1 , 85.2 , 85.1 , 85.2 , 85.3 , 85.4}
2025-12-23 22:59:45,994 MambaPro.train INFO: best_Rank-1:{88.9}
2025-12-23 22:59:45,994 MambaPro.train INFO: history_Rank-5:{77.7 , 83.3 , 80.8 , 87.3 , 87.5 , 87.5 , 89.6 , 90.2 , 89.7 , 89.1 , 88.4 , 87.0 , 86.6 , 86.8 , 86.9 , 86.5 , 86.6 , 86.2 , 86.4 , 86.5 , 86.1 , 86.4}
2025-12-23 22:59:45,994 MambaPro.train INFO: best_Rank-5:{90.2}
2025-12-23 22:59:45,994 MambaPro.train INFO: history_Rank-10:{80.1 , 85.4 , 82.5 , 88.4 , 88.5 , 88.5 , 90.4 , 90.6 , 91.4 , 91.0 , 89.9 , 89.3 , 87.6 , 87.3 , 87.7 , 88.0 , 87.3 , 87.1 , 86.9 , 87.5 , 87.2 , 87.4}
2025-12-23 22:59:45,994 MambaPro.train INFO: best_Rank-10:{91.4}
2025-12-23 22:59:45,994 MambaPro.train INFO: history_Experts:{[0.00 , 0.00 , 0.00] , [0.00 , 0.00 , 0.00] , [0.00 , 0.00 , 0.00] , [0.00 , 0.00 , 0.00] , [0.00 , 0.00 , 0.00] , [0.00 , 0.00 , 0.00] , [0.00 , 0.00 , 0.00] , [0.00 , 0.00 , 0.00] , [0.00 , 0.00 , 0.00] , [0.00 , 0.00 , 0.00] , [0.00 , 0.00 , 0.00] , [0.00 , 0.00 , 0.00] , [0.00 , 0.00 , 0.00] , [0.00 , 0.00 , 0.00] , [0.00 , 0.00 , 0.00] , [0.00 , 0.00 , 0.00] , [0.00 , 0.00 , 0.00] , [0.00 , 0.00 , 0.00] , [0.00 , 0.00 , 0.00] , [0.00 , 0.00 , 0.00] , [0.00 , 0.00 , 0.00] , [0.00 , 0.00 , 0.00] , [0.00 , 0.00 , 0.00] , [0.00 , 0.00 , 0.00] , [0.00 , 0.00 , 0.00] , [0.00 , 0.00 , 0.00] , [0.00 , 0.00 , 0.00]}
2025-12-23 23:01:15,065 MambaPro.train INFO: Epoch 28 done. Time per batch: 0.759[s] Speed: 84.3[samples/s]
2025-12-23 23:02:49,631 MambaPro.train INFO: Validation Results - Epoch: 28
2025-12-23 23:02:49,631 MambaPro.train INFO: Current mAP: 74.3%
2025-12-23 23:02:49,631 MambaPro.train INFO: CMC curve, Rank-1  :85.4%
2025-12-23 23:02:49,631 MambaPro.train INFO: CMC curve, Rank-5  :86.5%
2025-12-23 23:02:49,631 MambaPro.train INFO: CMC curve, Rank-10 :87.4%
2025-12-23 23:02:49,631 MambaPro.train INFO: [Epoch 28] 指标集合列表（历史）
2025-12-23 23:02:49,631 MambaPro.train INFO: history_mAP:{53.2 , 64.5 , 64.4 , 69.5 , 70.5 , 70.7 , 74.6 , 73.3 , 74.7 , 74.8 , 74.8 , 74.4 , 73.8 , 73.6 , 73.9 , 74.4 , 74.2 , 74.1 , 74.5 , 74.6 , 74.1 , 74.2 , 74.3 , 74.3 , 74.3 , 74.3 , 74.3 , 74.3}
2025-12-23 23:02:49,631 MambaPro.train INFO: best_mAP:{74.8}
2025-12-23 23:02:49,631 MambaPro.train INFO: history_Rank-1:{73.8 , 80.9 , 78.7 , 85.7 , 84.3 , 85.8 , 87.4 , 87.6 , 88.3 , 88.9 , 87.0 , 85.5 , 85.4 , 85.6 , 85.5 , 85.1 , 85.2 , 85.1 , 85.2 , 85.3 , 85.4}
2025-12-23 23:02:49,631 MambaPro.train INFO: best_Rank-1:{88.9}
2025-12-23 23:02:49,631 MambaPro.train INFO: history_Rank-5:{77.7 , 83.3 , 80.8 , 87.3 , 87.5 , 87.5 , 89.6 , 90.2 , 89.7 , 89.1 , 88.4 , 87.0 , 86.6 , 86.8 , 86.9 , 86.5 , 86.6 , 86.2 , 86.4 , 86.5 , 86.1 , 86.4}
2025-12-23 23:02:49,631 MambaPro.train INFO: best_Rank-5:{90.2}
2025-12-23 23:02:49,631 MambaPro.train INFO: history_Rank-10:{80.1 , 85.4 , 82.5 , 88.4 , 88.5 , 88.5 , 90.4 , 90.6 , 91.4 , 91.0 , 89.9 , 89.3 , 87.6 , 87.3 , 87.7 , 88.0 , 87.3 , 87.1 , 86.9 , 87.5 , 87.2 , 87.4}
2025-12-23 23:02:49,631 MambaPro.train INFO: best_Rank-10:{91.4}
2025-12-23 23:02:49,631 MambaPro.train INFO: history_Experts:{[0.00 , 0.00 , 0.00] , [0.00 , 0.00 , 0.00] , [0.00 , 0.00 , 0.00] , [0.00 , 0.00 , 0.00] , [0.00 , 0.00 , 0.00] , [0.00 , 0.00 , 0.00] , [0.00 , 0.00 , 0.00] , [0.00 , 0.00 , 0.00] , [0.00 , 0.00 , 0.00] , [0.00 , 0.00 , 0.00] , [0.00 , 0.00 , 0.00] , [0.00 , 0.00 , 0.00] , [0.00 , 0.00 , 0.00] , [0.00 , 0.00 , 0.00] , [0.00 , 0.00 , 0.00] , [0.00 , 0.00 , 0.00] , [0.00 , 0.00 , 0.00] , [0.00 , 0.00 , 0.00] , [0.00 , 0.00 , 0.00] , [0.00 , 0.00 , 0.00] , [0.00 , 0.00 , 0.00] , [0.00 , 0.00 , 0.00] , [0.00 , 0.00 , 0.00] , [0.00 , 0.00 , 0.00] , [0.00 , 0.00 , 0.00] , [0.00 , 0.00 , 0.00] , [0.00 , 0.00 , 0.00] , [0.00 , 0.00 , 0.00]}
2025-12-23 23:04:18,724 MambaPro.train INFO: Epoch 29 done. Time per batch: 0.759[s] Speed: 84.3[samples/s]
2025-12-23 23:05:53,294 MambaPro.train INFO: Validation Results - Epoch: 29
2025-12-23 23:05:53,294 MambaPro.train INFO: Current mAP: 74.3%
2025-12-23 23:05:53,294 MambaPro.train INFO: CMC curve, Rank-1  :85.4%
2025-12-23 23:05:53,294 MambaPro.train INFO: CMC curve, Rank-5  :86.4%
2025-12-23 23:05:53,294 MambaPro.train INFO: CMC curve, Rank-10 :87.3%
2025-12-23 23:05:53,294 MambaPro.train INFO: [Epoch 29] 指标集合列表（历史）
2025-12-23 23:05:53,294 MambaPro.train INFO: history_mAP:{53.2 , 64.5 , 64.4 , 69.5 , 70.5 , 70.7 , 74.6 , 73.3 , 74.7 , 74.8 , 74.8 , 74.4 , 73.8 , 73.6 , 73.9 , 74.4 , 74.2 , 74.1 , 74.5 , 74.6 , 74.1 , 74.2 , 74.3 , 74.3 , 74.3 , 74.3 , 74.3 , 74.3 , 74.3}
2025-12-23 23:05:53,294 MambaPro.train INFO: best_mAP:{74.8}
2025-12-23 23:05:53,294 MambaPro.train INFO: history_Rank-1:{73.8 , 80.9 , 78.7 , 85.7 , 84.3 , 85.8 , 87.4 , 87.6 , 88.3 , 88.9 , 87.0 , 85.5 , 85.4 , 85.6 , 85.5 , 85.1 , 85.2 , 85.1 , 85.2 , 85.3 , 85.4}
2025-12-23 23:05:53,294 MambaPro.train INFO: best_Rank-1:{88.9}
2025-12-23 23:05:53,294 MambaPro.train INFO: history_Rank-5:{77.7 , 83.3 , 80.8 , 87.3 , 87.5 , 87.5 , 89.6 , 90.2 , 89.7 , 89.1 , 88.4 , 87.0 , 86.6 , 86.8 , 86.9 , 86.5 , 86.6 , 86.2 , 86.4 , 86.5 , 86.1 , 86.4}
2025-12-23 23:05:53,294 MambaPro.train INFO: best_Rank-5:{90.2}
2025-12-23 23:05:53,294 MambaPro.train INFO: history_Rank-10:{80.1 , 85.4 , 82.5 , 88.4 , 88.5 , 88.5 , 90.4 , 90.6 , 91.4 , 91.0 , 89.9 , 89.3 , 87.6 , 87.3 , 87.7 , 88.0 , 87.3 , 87.1 , 86.9 , 87.5 , 87.2 , 87.4}
2025-12-23 23:05:53,294 MambaPro.train INFO: best_Rank-10:{91.4}
2025-12-23 23:05:53,294 MambaPro.train INFO: history_Experts:{[0.00 , 0.00 , 0.00] , [0.00 , 0.00 , 0.00] , [0.00 , 0.00 , 0.00] , [0.00 , 0.00 , 0.00] , [0.00 , 0.00 , 0.00] , [0.00 , 0.00 , 0.00] , [0.00 , 0.00 , 0.00] , [0.00 , 0.00 , 0.00] , [0.00 , 0.00 , 0.00] , [0.00 , 0.00 , 0.00] , [0.00 , 0.00 , 0.00] , [0.00 , 0.00 , 0.00] , [0.00 , 0.00 , 0.00] , [0.00 , 0.00 , 0.00] , [0.00 , 0.00 , 0.00] , [0.00 , 0.00 , 0.00] , [0.00 , 0.00 , 0.00] , [0.00 , 0.00 , 0.00] , [0.00 , 0.00 , 0.00] , [0.00 , 0.00 , 0.00] , [0.00 , 0.00 , 0.00] , [0.00 , 0.00 , 0.00] , [0.00 , 0.00 , 0.00] , [0.00 , 0.00 , 0.00] , [0.00 , 0.00 , 0.00] , [0.00 , 0.00 , 0.00] , [0.00 , 0.00 , 0.00] , [0.00 , 0.00 , 0.00] , [0.00 , 0.00 , 0.00]}
2025-12-23 23:07:21,688 MambaPro.train INFO: Epoch 30 done. Time per batch: 0.760[s] Speed: 84.2[samples/s]
2025-12-23 23:08:56,295 MambaPro.train INFO: Validation Results - Epoch: 30
2025-12-23 23:08:56,295 MambaPro.train INFO: Current mAP: 74.3%
2025-12-23 23:08:56,295 MambaPro.train INFO: CMC curve, Rank-1  :85.4%
2025-12-23 23:08:56,295 MambaPro.train INFO: CMC curve, Rank-5  :86.4%
2025-12-23 23:08:56,295 MambaPro.train INFO: CMC curve, Rank-10 :87.5%
2025-12-23 23:08:56,295 MambaPro.train INFO: [Epoch 30] 指标集合列表（历史）
2025-12-23 23:08:56,295 MambaPro.train INFO: history_mAP:{53.2 , 64.5 , 64.4 , 69.5 , 70.5 , 70.7 , 74.6 , 73.3 , 74.7 , 74.8 , 74.8 , 74.4 , 73.8 , 73.6 , 73.9 , 74.4 , 74.2 , 74.1 , 74.5 , 74.6 , 74.1 , 74.2 , 74.3 , 74.3 , 74.3 , 74.3 , 74.3 , 74.3 , 74.3 , 74.3}
2025-12-23 23:08:56,295 MambaPro.train INFO: best_mAP:{74.8}
2025-12-23 23:08:56,295 MambaPro.train INFO: history_Rank-1:{73.8 , 80.9 , 78.7 , 85.7 , 84.3 , 85.8 , 87.4 , 87.6 , 88.3 , 88.9 , 87.0 , 85.5 , 85.4 , 85.6 , 85.5 , 85.1 , 85.2 , 85.1 , 85.2 , 85.3 , 85.4}
2025-12-23 23:08:56,295 MambaPro.train INFO: best_Rank-1:{88.9}
2025-12-23 23:08:56,295 MambaPro.train INFO: history_Rank-5:{77.7 , 83.3 , 80.8 , 87.3 , 87.5 , 87.5 , 89.6 , 90.2 , 89.7 , 89.1 , 88.4 , 87.0 , 86.6 , 86.8 , 86.9 , 86.5 , 86.6 , 86.2 , 86.4 , 86.5 , 86.1 , 86.4}
2025-12-23 23:08:56,295 MambaPro.train INFO: best_Rank-5:{90.2}
2025-12-23 23:08:56,295 MambaPro.train INFO: history_Rank-10:{80.1 , 85.4 , 82.5 , 88.4 , 88.5 , 88.5 , 90.4 , 90.6 , 91.4 , 91.0 , 89.9 , 89.3 , 87.6 , 87.3 , 87.7 , 88.0 , 87.3 , 87.1 , 86.9 , 87.5 , 87.2 , 87.4 , 87.5}
2025-12-23 23:08:56,295 MambaPro.train INFO: best_Rank-10:{91.4}
2025-12-23 23:08:56,295 MambaPro.train INFO: history_Experts:{[0.00 , 0.00 , 0.00] , [0.00 , 0.00 , 0.00] , [0.00 , 0.00 , 0.00] , [0.00 , 0.00 , 0.00] , [0.00 , 0.00 , 0.00] , [0.00 , 0.00 , 0.00] , [0.00 , 0.00 , 0.00] , [0.00 , 0.00 , 0.00] , [0.00 , 0.00 , 0.00] , [0.00 , 0.00 , 0.00] , [0.00 , 0.00 , 0.00] , [0.00 , 0.00 , 0.00] , [0.00 , 0.00 , 0.00] , [0.00 , 0.00 , 0.00] , [0.00 , 0.00 , 0.00] , [0.00 , 0.00 , 0.00] , [0.00 , 0.00 , 0.00] , [0.00 , 0.00 , 0.00] , [0.00 , 0.00 , 0.00] , [0.00 , 0.00 , 0.00] , [0.00 , 0.00 , 0.00] , [0.00 , 0.00 , 0.00] , [0.00 , 0.00 , 0.00] , [0.00 , 0.00 , 0.00] , [0.00 , 0.00 , 0.00] , [0.00 , 0.00 , 0.00] , [0.00 , 0.00 , 0.00] , [0.00 , 0.00 , 0.00] , [0.00 , 0.00 , 0.00] , [0.00 , 0.00 , 0.00]}
2025-12-23 23:08:56,554 MambaPro.train INFO: ============================================================
