2025-12-12 04:15:13,352 MambaPro INFO: ================================================================================
2025-12-12 04:15:13,352 MambaPro INFO: 🧾 实验参数快照（命令行 + 最终配置）
2025-12-12 04:15:13,352 MambaPro INFO: ================================================================================
2025-12-12 04:15:13,352 MambaPro INFO: 【复现实验命令】
2025-12-12 04:15:13,352 MambaPro INFO: /home/zubuntu/miniconda/envs/MambaPro/bin/python train_net.py --config_file mybest_model/experiment_20251013_110028/configs/experiment_config.yml OUTPUT_DIR ./outputs/replay_best_tml
2025-12-12 04:15:13,352 MambaPro INFO: 【命令行参数（args）】
2025-12-12 04:15:13,352 MambaPro INFO: {
2025-12-12 04:15:13,352 MambaPro INFO:   "config_file": "mybest_model/experiment_20251013_110028/configs/experiment_config.yml",
2025-12-12 04:15:13,352 MambaPro INFO:   "fea_cft": 0,
2025-12-12 04:15:13,352 MambaPro INFO:   "opts": [
2025-12-12 04:15:13,352 MambaPro INFO:     "OUTPUT_DIR",
2025-12-12 04:15:13,352 MambaPro INFO:     "./outputs/replay_best_tml"
2025-12-12 04:15:13,352 MambaPro INFO:   ],
2025-12-12 04:15:13,352 MambaPro INFO:   "local_rank": 0,
2025-12-12 04:15:13,352 MambaPro INFO:   "use_multi_scale": false,
2025-12-12 04:15:13,352 MambaPro INFO:   "no_multi_scale": false,
2025-12-12 04:15:13,352 MambaPro INFO:   "use_moe": false,
2025-12-12 04:15:13,352 MambaPro INFO:   "disable_moe": false,
2025-12-12 04:15:13,352 MambaPro INFO:   "no_moe": false,
2025-12-12 04:15:13,352 MambaPro INFO:   "use_attention": false,
2025-12-12 04:15:13,352 MambaPro INFO:   "disable_attention": false,
2025-12-12 04:15:13,352 MambaPro INFO:   "attention_heads": 8,
2025-12-12 04:15:13,352 MambaPro INFO:   "attention_dropout": 0.1
2025-12-12 04:15:13,352 MambaPro INFO: }
2025-12-12 04:15:13,352 MambaPro INFO: 【工作目录】/home/zubuntu/workspace/yzy/MambaPro
2025-12-12 04:15:13,352 MambaPro INFO: 【最终配置（YAML）】
2025-12-12 04:15:13,355 MambaPro INFO: DATALOADER:
2025-12-12 04:15:13,355 MambaPro INFO:   NUM_INSTANCE: 8
2025-12-12 04:15:13,355 MambaPro INFO:   NUM_WORKERS: 8
2025-12-12 04:15:13,355 MambaPro INFO:   SAMPLER: softmax_triplet
2025-12-12 04:15:13,355 MambaPro INFO: DATASETS:
2025-12-12 04:15:13,355 MambaPro INFO:   NAMES: RGBNT201
2025-12-12 04:15:13,355 MambaPro INFO:   ROOT_DIR: /home/zubuntu/workspace/yzy/MambaPro/data/
2025-12-12 04:15:13,355 MambaPro INFO: INPUT:
2025-12-12 04:15:13,355 MambaPro INFO:   PADDING: 10
2025-12-12 04:15:13,355 MambaPro INFO:   PIXEL_MEAN:
2025-12-12 04:15:13,355 MambaPro INFO:   - 0.5
2025-12-12 04:15:13,355 MambaPro INFO:   - 0.5
2025-12-12 04:15:13,355 MambaPro INFO:   - 0.5
2025-12-12 04:15:13,355 MambaPro INFO:   PIXEL_STD:
2025-12-12 04:15:13,355 MambaPro INFO:   - 0.5
2025-12-12 04:15:13,355 MambaPro INFO:   - 0.5
2025-12-12 04:15:13,355 MambaPro INFO:   - 0.5
2025-12-12 04:15:13,355 MambaPro INFO:   PROB: 0.5
2025-12-12 04:15:13,355 MambaPro INFO:   RE_PROB: 0.5
2025-12-12 04:15:13,355 MambaPro INFO:   SIZE_TEST:
2025-12-12 04:15:13,355 MambaPro INFO:   - 256
2025-12-12 04:15:13,355 MambaPro INFO:   - 128
2025-12-12 04:15:13,355 MambaPro INFO:   SIZE_TRAIN:
2025-12-12 04:15:13,355 MambaPro INFO:   - 256
2025-12-12 04:15:13,355 MambaPro INFO:   - 128
2025-12-12 04:15:13,355 MambaPro INFO: MODEL:
2025-12-12 04:15:13,355 MambaPro INFO:   ADAPTER: true
2025-12-12 04:15:13,355 MambaPro INFO:   ATTENTION_DIM: 512
2025-12-12 04:15:13,355 MambaPro INFO:   ATTENTION_DROPOUT: 0.1
2025-12-12 04:15:13,355 MambaPro INFO:   ATTENTION_NUM_HEADS: 8
2025-12-12 04:15:13,355 MambaPro INFO:   ATT_DROP_RATE: 0.0
2025-12-12 04:15:13,355 MambaPro INFO:   CLIP_MULTI_SCALE_SCALES:
2025-12-12 04:15:13,355 MambaPro INFO:   - 4
2025-12-12 04:15:13,355 MambaPro INFO:   - 8
2025-12-12 04:15:13,355 MambaPro INFO:   - 16
2025-12-12 04:15:13,355 MambaPro INFO:   DEVICE: cuda
2025-12-12 04:15:13,355 MambaPro INFO:   DEVICE_ID: '0'
2025-12-12 04:15:13,355 MambaPro INFO:   DIRECT: 1
2025-12-12 04:15:13,355 MambaPro INFO:   DIST_TRAIN: false
2025-12-12 04:15:13,355 MambaPro INFO:   DROP_OUT: 0.0
2025-12-12 04:15:13,355 MambaPro INFO:   DROP_PATH: 0.1
2025-12-12 04:15:13,355 MambaPro INFO:   FLOPS_TEST: false
2025-12-12 04:15:13,355 MambaPro INFO:   FROZEN: true
2025-12-12 04:15:13,355 MambaPro INFO:   GATE_DROPOUT: 0.1
2025-12-12 04:15:13,355 MambaPro INFO:   ID_LOSS_TYPE: softmax
2025-12-12 04:15:13,355 MambaPro INFO:   ID_LOSS_WEIGHT: 0.25
2025-12-12 04:15:13,355 MambaPro INFO:   IF_LABELSMOOTH: 'on'
2025-12-12 04:15:13,355 MambaPro INFO:   IF_WITH_CENTER: 'no'
2025-12-12 04:15:13,355 MambaPro INFO:   LAYER: -1
2025-12-12 04:15:13,355 MambaPro INFO:   MAMBA: true
2025-12-12 04:15:13,356 MambaPro INFO:   MAMBA_BI: false
2025-12-12 04:15:13,356 MambaPro INFO:   METRIC_LOSS_TYPE: triplet
2025-12-12 04:15:13,356 MambaPro INFO:   MOE_BALANCE_LOSS_WEIGHT: 0.01
2025-12-12 04:15:13,356 MambaPro INFO:   MOE_DIVERSITY_LOSS_WEIGHT: 0.01
2025-12-12 04:15:13,356 MambaPro INFO:   MOE_EXPERT_DROPOUT: 0.1
2025-12-12 04:15:13,356 MambaPro INFO:   MOE_EXPERT_HIDDEN_DIM: 1024
2025-12-12 04:15:13,356 MambaPro INFO:   MOE_EXPERT_LAYERS: 2
2025-12-12 04:15:13,356 MambaPro INFO:   MOE_EXPERT_THRESHOLD: 0.1
2025-12-12 04:15:13,356 MambaPro INFO:   MOE_FIXED_WEIGHTS:
2025-12-12 04:15:13,356 MambaPro INFO:   - 0.33
2025-12-12 04:15:13,356 MambaPro INFO:   - 0.33
2025-12-12 04:15:13,356 MambaPro INFO:   - 0.34
2025-12-12 04:15:13,356 MambaPro INFO:   MOE_GATE_DROPOUT: 0.1
2025-12-12 04:15:13,356 MambaPro INFO:   MOE_GATE_LAYERS: 2
2025-12-12 04:15:13,356 MambaPro INFO:   MOE_INIT_WEIGHTS: null
2025-12-12 04:15:13,356 MambaPro INFO:   MOE_NUM_EXPERTS: 3
2025-12-12 04:15:13,356 MambaPro INFO:   MOE_RESIDUAL_WEIGHT: 1.0
2025-12-12 04:15:13,356 MambaPro INFO:   MOE_SCALES:
2025-12-12 04:15:13,356 MambaPro INFO:   - 4
2025-12-12 04:15:13,356 MambaPro INFO:   - 8
2025-12-12 04:15:13,356 MambaPro INFO:   - 16
2025-12-12 04:15:13,356 MambaPro INFO:   MOE_SPARSITY_LOSS_WEIGHT: 0.001
2025-12-12 04:15:13,356 MambaPro INFO:   MOE_TEMPERATURE: 0.7
2025-12-12 04:15:13,356 MambaPro INFO:   MOE_TOP_K: 2
2025-12-12 04:15:13,356 MambaPro INFO:   MOE_TOP_K_MODE: soft
2025-12-12 04:15:13,356 MambaPro INFO:   MOE_USE_FIXED_WEIGHTS: false
2025-12-12 04:15:13,356 MambaPro INFO:   MOE_USE_TOP_K_ROUTING: false
2025-12-12 04:15:13,356 MambaPro INFO:   MULTI_SCALE_SCALES:
2025-12-12 04:15:13,356 MambaPro INFO:   - 4
2025-12-12 04:15:13,356 MambaPro INFO:   - 8
2025-12-12 04:15:13,356 MambaPro INFO:   - 16
2025-12-12 04:15:13,356 MambaPro INFO:   NAME: MambaPro
2025-12-12 04:15:13,356 MambaPro INFO:   NECK: bnneck
2025-12-12 04:15:13,356 MambaPro INFO:   NO_MARGIN: true
2025-12-12 04:15:13,356 MambaPro INFO:   PREFIX_NUM: 1
2025-12-12 04:15:13,356 MambaPro INFO:   PRETRAIN_PATH_T: /home/zubuntu/workspace/yzy/MambaPro/pths/ViT-B-16.pt
2025-12-12 04:15:13,356 MambaPro INFO:   PROMPT: true
2025-12-12 04:15:13,356 MambaPro INFO:   SIE_CAMERA: true
2025-12-12 04:15:13,356 MambaPro INFO:   SIE_COE: 1.0
2025-12-12 04:15:13,356 MambaPro INFO:   SIE_VIEW: false
2025-12-12 04:15:13,356 MambaPro INFO:   STRIDE_SIZE:
2025-12-12 04:15:13,356 MambaPro INFO:   - 16
2025-12-12 04:15:13,356 MambaPro INFO:   - 16
2025-12-12 04:15:13,356 MambaPro INFO:   TRANSFORMER_TYPE: ViT-B-16
2025-12-12 04:15:13,356 MambaPro INFO:   TRIPLET_LOSS_WEIGHT: 1.0
2025-12-12 04:15:13,356 MambaPro INFO:   USE_ATTENTION_FUSION: false
2025-12-12 04:15:13,356 MambaPro INFO:   USE_CLIP_MULTI_SCALE: true
2025-12-12 04:15:13,356 MambaPro INFO:   USE_GATE_FUSION: false
2025-12-12 04:15:13,356 MambaPro INFO:   USE_MULTI_SCALE: false
2025-12-12 04:15:13,356 MambaPro INFO:   USE_MULTI_SCALE_MOE: true
2025-12-12 04:15:13,356 MambaPro INFO: OUTPUT_DIR: ./outputs/replay_best_tml/run_20251212_041513
2025-12-12 04:15:13,356 MambaPro INFO: SOLVER:
2025-12-12 04:15:13,356 MambaPro INFO:   BASE_LR: 0.0005
2025-12-12 04:15:13,356 MambaPro INFO:   BIAS_LR_FACTOR: 2
2025-12-12 04:15:13,356 MambaPro INFO:   CENTER_LOSS_WEIGHT: 0.0005
2025-12-12 04:15:13,356 MambaPro INFO:   CENTER_LR: 0.5
2025-12-12 04:15:13,356 MambaPro INFO:   CHECKPOINT_PERIOD: 10
2025-12-12 04:15:13,356 MambaPro INFO:   CLUSTER_MARGIN: 0.3
2025-12-12 04:15:13,356 MambaPro INFO:   COSINE_MARGIN: 0.5
2025-12-12 04:15:13,356 MambaPro INFO:   COSINE_SCALE: 30
2025-12-12 04:15:13,356 MambaPro INFO:   EVAL_PERIOD: 5
2025-12-12 04:15:13,356 MambaPro INFO:   GAMMA: 0.1
2025-12-12 04:15:13,356 MambaPro INFO:   IMS_PER_BATCH: 32
2025-12-12 04:15:13,356 MambaPro INFO:   LARGE_FC_LR: false
2025-12-12 04:15:13,356 MambaPro INFO:   LOG_PERIOD: 10
2025-12-12 04:15:13,356 MambaPro INFO:   MARGIN: 0.3
2025-12-12 04:15:13,356 MambaPro INFO:   MAX_EPOCHS: 60
2025-12-12 04:15:13,356 MambaPro INFO:   MOE_BALANCE_LOSS_WEIGHT: 0.001
2025-12-12 04:15:13,356 MambaPro INFO:   MOE_BALANCE_LOSS_WEIGHT_END: 0.1
2025-12-12 04:15:13,356 MambaPro INFO:   MOE_BALANCE_LOSS_WEIGHT_START: 0.001
2025-12-12 04:15:13,356 MambaPro INFO:   MOE_BALANCE_THRESHOLD: 0.3
2025-12-12 04:15:13,356 MambaPro INFO:   MOE_DIVERSITY_LOSS_WEIGHT: 0.001
2025-12-12 04:15:13,356 MambaPro INFO:   MOE_DIVERSITY_LOSS_WEIGHT_END: 0.1
2025-12-12 04:15:13,356 MambaPro INFO:   MOE_DIVERSITY_LOSS_WEIGHT_START: 0.001
2025-12-12 04:15:13,356 MambaPro INFO:   MOE_GATE_LR_FACTOR: 0.01
2025-12-12 04:15:13,356 MambaPro INFO:   MOE_LOSS_WEIGHT_SCHEDULE_TYPE: cosine
2025-12-12 04:15:13,356 MambaPro INFO:   MOE_LOSS_WEIGHT_WARMUP_EPOCHS: 5
2025-12-12 04:15:13,356 MambaPro INFO:   MOE_SPARSITY_LOSS_WEIGHT: 0.0001
2025-12-12 04:15:13,356 MambaPro INFO:   MOE_USE_DYNAMIC_LOSS_WEIGHT: false
2025-12-12 04:15:13,356 MambaPro INFO:   MOMENTUM: 0.9
2025-12-12 04:15:13,356 MambaPro INFO:   OPTIMIZER_NAME: Adam
2025-12-12 04:15:13,356 MambaPro INFO:   RANGE_ALPHA: 0
2025-12-12 04:15:13,356 MambaPro INFO:   RANGE_BETA: 1
2025-12-12 04:15:13,356 MambaPro INFO:   RANGE_K: 2
2025-12-12 04:15:13,356 MambaPro INFO:   RANGE_LOSS_WEIGHT: 1
2025-12-12 04:15:13,356 MambaPro INFO:   RANGE_MARGIN: 0.3
2025-12-12 04:15:13,356 MambaPro INFO:   SEED: 42
2025-12-12 04:15:13,356 MambaPro INFO:   STEPS:
2025-12-12 04:15:13,356 MambaPro INFO:   - 30
2025-12-12 04:15:13,356 MambaPro INFO:   - 50
2025-12-12 04:15:13,356 MambaPro INFO:   WARMUP_FACTOR: 0.01
2025-12-12 04:15:13,356 MambaPro INFO:   WARMUP_ITERS: 20
2025-12-12 04:15:13,356 MambaPro INFO:   WARMUP_METHOD: linear
2025-12-12 04:15:13,356 MambaPro INFO:   WEIGHT_DECAY: 0.0005
2025-12-12 04:15:13,356 MambaPro INFO:   WEIGHT_DECAY_BIAS: 0.0005
2025-12-12 04:15:13,356 MambaPro INFO: TEST:
2025-12-12 04:15:13,356 MambaPro INFO:   FEAT: 0
2025-12-12 04:15:13,356 MambaPro INFO:   FEAT_NORM: 'yes'
2025-12-12 04:15:13,357 MambaPro INFO:   IMS_PER_BATCH: 64
2025-12-12 04:15:13,357 MambaPro INFO:   MISS: nothing
2025-12-12 04:15:13,357 MambaPro INFO:   NECK_FEAT: after
2025-12-12 04:15:13,357 MambaPro INFO:   RE_RANKING: 'no'
2025-12-12 04:15:13,357 MambaPro INFO:   WEIGHT: /home/zubuntu/workspace/yzy/MambaPro/pths/MambaProbest.pth
2025-12-12 04:15:13,357 MambaPro INFO: ================================================================================
2025-12-12 04:15:15,471 MambaPro.train INFO: start training
2025-12-12 04:15:35,705 MambaPro.train INFO: Epoch 1 done. Time per batch: 0.189[s] Speed: 169.4[samples/s]
2025-12-12 04:15:55,514 MambaPro.train INFO: Epoch 2 done. Time per batch: 0.185[s] Speed: 172.9[samples/s]
2025-12-12 04:16:15,433 MambaPro.train INFO: Epoch 3 done. Time per batch: 0.186[s] Speed: 171.9[samples/s]
2025-12-12 04:16:35,278 MambaPro.train INFO: Epoch 4 done. Time per batch: 0.185[s] Speed: 172.5[samples/s]
2025-12-12 04:16:55,113 MambaPro.train INFO: Epoch 5 done. Time per batch: 0.185[s] Speed: 172.6[samples/s]
2025-12-12 04:17:02,653 MambaPro.train INFO: Validation Results - Epoch: 5
2025-12-12 04:17:02,653 MambaPro.train INFO: Current mAP: 57.1%
2025-12-12 04:17:02,653 MambaPro.train INFO: CMC curve, Rank-1  :61.7%
2025-12-12 04:17:02,653 MambaPro.train INFO: CMC curve, Rank-5  :72.2%
2025-12-12 04:17:02,653 MambaPro.train INFO: CMC curve, Rank-10 :79.9%
2025-12-12 04:17:02,654 MambaPro.train INFO: 🎯 New Best! Saving model...
2025-12-12 04:17:03,060 MambaPro.train INFO: [Epoch 5] 指标集合列表（历史）
2025-12-12 04:17:03,060 MambaPro.train INFO: history_mAP:{57.1}
2025-12-12 04:17:03,060 MambaPro.train INFO: best_mAP:{57.1}
2025-12-12 04:17:03,060 MambaPro.train INFO: history_Rank-1:{61.7}
2025-12-12 04:17:03,060 MambaPro.train INFO: best_Rank-1:{61.7}
2025-12-12 04:17:03,060 MambaPro.train INFO: history_Rank-5:{72.2}
2025-12-12 04:17:03,060 MambaPro.train INFO: best_Rank-5:{72.2}
2025-12-12 04:17:03,060 MambaPro.train INFO: history_Rank-10:{79.9}
2025-12-12 04:17:03,060 MambaPro.train INFO: best_Rank-10:{79.9}
2025-12-12 04:17:03,060 MambaPro.train INFO: history_Experts:{[0.36 , 0.34 , 0.31]}
2025-12-12 04:17:03,060 MambaPro.train INFO: best_Experts:{[0.36 , 0.34 , 0.31]}
2025-12-12 04:17:03,060 MambaPro.train INFO: 🔥 MoE损失(Val): 平衡=0.0000, 稀疏性=0.9982, 多样性=2.6526, 总=0.0028 (权重: 平衡=0.001, 稀疏性=0.000, 多样性=0.001)
2025-12-12 04:17:03,060 MambaPro.train INFO:    📊 专家权重分布(Val): [0.36 , 0.34 , 0.31]
2025-12-12 04:17:23,108 MambaPro.train INFO: Epoch 6 done. Time per batch: 0.186[s] Speed: 171.9[samples/s]
2025-12-12 04:17:42,985 MambaPro.train INFO: Epoch 7 done. Time per batch: 0.186[s] Speed: 172.3[samples/s]
2025-12-12 04:18:02,833 MambaPro.train INFO: Epoch 8 done. Time per batch: 0.185[s] Speed: 172.5[samples/s]
2025-12-12 04:18:22,749 MambaPro.train INFO: Epoch 9 done. Time per batch: 0.186[s] Speed: 171.9[samples/s]
2025-12-12 04:18:42,659 MambaPro.train INFO: Epoch 10 done. Time per batch: 0.186[s] Speed: 172.0[samples/s]
2025-12-12 04:18:50,567 MambaPro.train INFO: Validation Results - Epoch: 10
2025-12-12 04:18:50,568 MambaPro.train INFO: Current mAP: 39.5%
2025-12-12 04:18:50,568 MambaPro.train INFO: CMC curve, Rank-1  :39.7%
2025-12-12 04:18:50,568 MambaPro.train INFO: CMC curve, Rank-5  :54.7%
2025-12-12 04:18:50,568 MambaPro.train INFO: CMC curve, Rank-10 :62.4%
2025-12-12 04:18:50,568 MambaPro.train INFO: [Epoch 10] 指标集合列表（历史）
2025-12-12 04:18:50,568 MambaPro.train INFO: history_mAP:{57.1 , 39.5}
2025-12-12 04:18:50,568 MambaPro.train INFO: best_mAP:{57.1}
2025-12-12 04:18:50,568 MambaPro.train INFO: history_Rank-1:{61.7 , 39.7}
2025-12-12 04:18:50,568 MambaPro.train INFO: best_Rank-1:{61.7}
2025-12-12 04:18:50,568 MambaPro.train INFO: history_Rank-5:{72.2 , 54.7}
2025-12-12 04:18:50,568 MambaPro.train INFO: best_Rank-5:{72.2}
2025-12-12 04:18:50,568 MambaPro.train INFO: history_Rank-10:{79.9 , 62.4}
2025-12-12 04:18:50,568 MambaPro.train INFO: best_Rank-10:{79.9}
2025-12-12 04:18:50,568 MambaPro.train INFO: history_Experts:{[0.36 , 0.34 , 0.31] , [0.37 , 0.34 , 0.29]}
2025-12-12 04:18:50,568 MambaPro.train INFO: best_Experts:{[0.36 , 0.34 , 0.31]}
2025-12-12 04:18:50,568 MambaPro.train INFO: 🔥 MoE损失(Val): 平衡=0.0000, 稀疏性=0.9958, 多样性=2.6335, 总=0.0027 (权重: 平衡=0.001, 稀疏性=0.000, 多样性=0.001)
2025-12-12 04:18:50,569 MambaPro.train INFO:    📊 专家权重分布(Val): [0.37 , 0.34 , 0.29]
2025-12-12 04:19:10,391 MambaPro.train INFO: Epoch 11 done. Time per batch: 0.186[s] Speed: 172.3[samples/s]
2025-12-12 04:19:30,421 MambaPro.train INFO: Epoch 12 done. Time per batch: 0.187[s] Speed: 170.9[samples/s]
2025-12-12 04:19:50,415 MambaPro.train INFO: Epoch 13 done. Time per batch: 0.187[s] Speed: 171.3[samples/s]
2025-12-12 04:20:10,367 MambaPro.train INFO: Epoch 14 done. Time per batch: 0.186[s] Speed: 171.6[samples/s]
2025-12-12 04:20:30,307 MambaPro.train INFO: Epoch 15 done. Time per batch: 0.186[s] Speed: 171.7[samples/s]
2025-12-12 04:20:37,801 MambaPro.train INFO: Validation Results - Epoch: 15
2025-12-12 04:20:37,801 MambaPro.train INFO: Current mAP: 63.2%
2025-12-12 04:20:37,801 MambaPro.train INFO: CMC curve, Rank-1  :68.1%
2025-12-12 04:20:37,801 MambaPro.train INFO: CMC curve, Rank-5  :81.5%
2025-12-12 04:20:37,801 MambaPro.train INFO: CMC curve, Rank-10 :86.6%
2025-12-12 04:20:37,802 MambaPro.train INFO: 🎯 New Best! Saving model...
2025-12-12 04:20:38,415 MambaPro.train INFO: [Epoch 15] 指标集合列表（历史）
2025-12-12 04:20:38,416 MambaPro.train INFO: history_mAP:{57.1 , 39.5 , 63.2}
2025-12-12 04:20:38,416 MambaPro.train INFO: best_mAP:{63.2}
2025-12-12 04:20:38,416 MambaPro.train INFO: history_Rank-1:{61.7 , 39.7 , 68.1}
2025-12-12 04:20:38,416 MambaPro.train INFO: best_Rank-1:{68.1}
2025-12-12 04:20:38,416 MambaPro.train INFO: history_Rank-5:{72.2 , 54.7 , 81.5}
2025-12-12 04:20:38,416 MambaPro.train INFO: best_Rank-5:{81.5}
2025-12-12 04:20:38,416 MambaPro.train INFO: history_Rank-10:{79.9 , 62.4 , 86.6}
2025-12-12 04:20:38,416 MambaPro.train INFO: best_Rank-10:{86.6}
2025-12-12 04:20:38,416 MambaPro.train INFO: history_Experts:{[0.36 , 0.34 , 0.31] , [0.37 , 0.34 , 0.29] , [0.39 , 0.34 , 0.26]}
2025-12-12 04:20:38,416 MambaPro.train INFO: best_Experts:{[0.39 , 0.34 , 0.26]}
2025-12-12 04:20:38,416 MambaPro.train INFO: 🔥 MoE损失(Val): 平衡=0.0000, 稀疏性=0.9874, 多样性=2.5683, 总=0.0027 (权重: 平衡=0.001, 稀疏性=0.000, 多样性=0.001)
2025-12-12 04:20:38,416 MambaPro.train INFO:    📊 专家权重分布(Val): [0.39 , 0.34 , 0.26]
2025-12-12 04:20:58,583 MambaPro.train INFO: Epoch 16 done. Time per batch: 0.187[s] Speed: 170.9[samples/s]
2025-12-12 04:21:18,491 MambaPro.train INFO: Epoch 17 done. Time per batch: 0.186[s] Speed: 172.0[samples/s]
2025-12-12 04:21:38,281 MambaPro.train INFO: Epoch 18 done. Time per batch: 0.187[s] Speed: 171.4[samples/s]
2025-12-12 04:21:58,218 MambaPro.train INFO: Epoch 19 done. Time per batch: 0.186[s] Speed: 171.7[samples/s]
2025-12-12 04:22:18,215 MambaPro.train INFO: Epoch 20 done. Time per batch: 0.187[s] Speed: 171.2[samples/s]
2025-12-12 04:22:26,066 MambaPro.train INFO: Validation Results - Epoch: 20
2025-12-12 04:22:26,066 MambaPro.train INFO: Current mAP: 50.9%
2025-12-12 04:22:26,066 MambaPro.train INFO: CMC curve, Rank-1  :53.1%
2025-12-12 04:22:26,066 MambaPro.train INFO: CMC curve, Rank-5  :65.4%
2025-12-12 04:22:26,066 MambaPro.train INFO: CMC curve, Rank-10 :71.8%
2025-12-12 04:22:26,067 MambaPro.train INFO: [Epoch 20] 指标集合列表（历史）
2025-12-12 04:22:26,067 MambaPro.train INFO: history_mAP:{57.1 , 39.5 , 63.2 , 50.9}
2025-12-12 04:22:26,067 MambaPro.train INFO: best_mAP:{63.2}
2025-12-12 04:22:26,067 MambaPro.train INFO: history_Rank-1:{61.7 , 39.7 , 68.1 , 53.1}
2025-12-12 04:22:26,067 MambaPro.train INFO: best_Rank-1:{68.1}
2025-12-12 04:22:26,067 MambaPro.train INFO: history_Rank-5:{72.2 , 54.7 , 81.5 , 65.4}
2025-12-12 04:22:26,067 MambaPro.train INFO: best_Rank-5:{81.5}
2025-12-12 04:22:26,067 MambaPro.train INFO: history_Rank-10:{79.9 , 62.4 , 86.6 , 71.8}
2025-12-12 04:22:26,067 MambaPro.train INFO: best_Rank-10:{86.6}
2025-12-12 04:22:26,067 MambaPro.train INFO: history_Experts:{[0.36 , 0.34 , 0.31] , [0.37 , 0.34 , 0.29] , [0.39 , 0.34 , 0.26] , [0.58 , 0.26 , 0.16]}
2025-12-12 04:22:26,067 MambaPro.train INFO: best_Experts:{[0.39 , 0.34 , 0.26]}
2025-12-12 04:22:26,067 MambaPro.train INFO: 🔥 MoE损失(Val): 平衡=0.0771, 稀疏性=0.8589, 多样性=1.7864, 总=0.0019 (权重: 平衡=0.001, 稀疏性=0.000, 多样性=0.001)
2025-12-12 04:22:26,067 MambaPro.train INFO:    📊 专家权重分布(Val): [0.58 , 0.26 , 0.16]
2025-12-12 04:22:45,998 MambaPro.train INFO: Epoch 21 done. Time per batch: 0.187[s] Speed: 171.4[samples/s]
2025-12-12 04:23:06,049 MambaPro.train INFO: Epoch 22 done. Time per batch: 0.187[s] Speed: 170.8[samples/s]
2025-12-12 04:23:25,986 MambaPro.train INFO: Epoch 23 done. Time per batch: 0.186[s] Speed: 171.7[samples/s]
2025-12-12 04:23:45,927 MambaPro.train INFO: Epoch 24 done. Time per batch: 0.186[s] Speed: 171.7[samples/s]
2025-12-12 04:24:05,687 MambaPro.train INFO: Epoch 25 done. Time per batch: 0.186[s] Speed: 171.7[samples/s]
2025-12-12 04:24:13,244 MambaPro.train INFO: Validation Results - Epoch: 25
2025-12-12 04:24:13,244 MambaPro.train INFO: Current mAP: 72.3%
2025-12-12 04:24:13,244 MambaPro.train INFO: CMC curve, Rank-1  :75.8%
2025-12-12 04:24:13,245 MambaPro.train INFO: CMC curve, Rank-5  :86.4%
2025-12-12 04:24:13,245 MambaPro.train INFO: CMC curve, Rank-10 :90.2%
2025-12-12 04:24:13,245 MambaPro.train INFO: 🎯 New Best! Saving model...
2025-12-12 04:24:13,892 MambaPro.train INFO: [Epoch 25] 指标集合列表（历史）
2025-12-12 04:24:13,892 MambaPro.train INFO: history_mAP:{57.1 , 39.5 , 63.2 , 50.9 , 72.3}
2025-12-12 04:24:13,892 MambaPro.train INFO: best_mAP:{72.3}
2025-12-12 04:24:13,892 MambaPro.train INFO: history_Rank-1:{61.7 , 39.7 , 68.1 , 53.1 , 75.8}
2025-12-12 04:24:13,892 MambaPro.train INFO: best_Rank-1:{75.8}
2025-12-12 04:24:13,892 MambaPro.train INFO: history_Rank-5:{72.2 , 54.7 , 81.5 , 65.4 , 86.4}
2025-12-12 04:24:13,892 MambaPro.train INFO: best_Rank-5:{86.4}
2025-12-12 04:24:13,892 MambaPro.train INFO: history_Rank-10:{79.9 , 62.4 , 86.6 , 71.8 , 90.2}
2025-12-12 04:24:13,892 MambaPro.train INFO: best_Rank-10:{90.2}
2025-12-12 04:24:13,892 MambaPro.train INFO: history_Experts:{[0.36 , 0.34 , 0.31] , [0.37 , 0.34 , 0.29] , [0.39 , 0.34 , 0.26] , [0.58 , 0.26 , 0.16] , [0.80 , 0.11 , 0.08]}
2025-12-12 04:24:13,892 MambaPro.train INFO: best_Experts:{[0.80 , 0.11 , 0.08]}
2025-12-12 04:24:13,892 MambaPro.train INFO: 🔥 MoE损失(Val): 平衡=0.5198, 稀疏性=0.5035, 多样性=0.6737, 总=0.0012 (权重: 平衡=0.001, 稀疏性=0.000, 多样性=0.001)
2025-12-12 04:24:13,892 MambaPro.train INFO:    📊 专家权重分布(Val): [0.80 , 0.11 , 0.08]
2025-12-12 04:24:34,061 MambaPro.train INFO: Epoch 26 done. Time per batch: 0.187[s] Speed: 170.9[samples/s]
2025-12-12 04:24:54,011 MambaPro.train INFO: Epoch 27 done. Time per batch: 0.186[s] Speed: 171.6[samples/s]
2025-12-12 04:25:14,059 MambaPro.train INFO: Epoch 28 done. Time per batch: 0.187[s] Speed: 170.8[samples/s]
2025-12-12 04:25:34,124 MambaPro.train INFO: Epoch 29 done. Time per batch: 0.188[s] Speed: 170.7[samples/s]
2025-12-12 04:25:54,121 MambaPro.train INFO: Epoch 30 done. Time per batch: 0.187[s] Speed: 171.2[samples/s]
2025-12-12 04:26:02,108 MambaPro.train INFO: Validation Results - Epoch: 30
2025-12-12 04:26:02,108 MambaPro.train INFO: Current mAP: 78.0%
2025-12-12 04:26:02,108 MambaPro.train INFO: CMC curve, Rank-1  :82.2%
2025-12-12 04:26:02,108 MambaPro.train INFO: CMC curve, Rank-5  :89.6%
2025-12-12 04:26:02,108 MambaPro.train INFO: CMC curve, Rank-10 :93.2%
2025-12-12 04:26:02,109 MambaPro.train INFO: 🎯 New Best! Saving model...
2025-12-12 04:26:02,694 MambaPro.train INFO: [Epoch 30] 指标集合列表（历史）
2025-12-12 04:26:02,695 MambaPro.train INFO: history_mAP:{57.1 , 39.5 , 63.2 , 50.9 , 72.3 , 78.0}
2025-12-12 04:26:02,695 MambaPro.train INFO: best_mAP:{78.0}
2025-12-12 04:26:02,695 MambaPro.train INFO: history_Rank-1:{61.7 , 39.7 , 68.1 , 53.1 , 75.8 , 82.2}
2025-12-12 04:26:02,695 MambaPro.train INFO: best_Rank-1:{82.2}
2025-12-12 04:26:02,695 MambaPro.train INFO: history_Rank-5:{72.2 , 54.7 , 81.5 , 65.4 , 86.4 , 89.6}
2025-12-12 04:26:02,695 MambaPro.train INFO: best_Rank-5:{89.6}
2025-12-12 04:26:02,695 MambaPro.train INFO: history_Rank-10:{79.9 , 62.4 , 86.6 , 71.8 , 90.2 , 93.2}
2025-12-12 04:26:02,695 MambaPro.train INFO: best_Rank-10:{93.2}
2025-12-12 04:26:02,695 MambaPro.train INFO: history_Experts:{[0.36 , 0.34 , 0.31] , [0.37 , 0.34 , 0.29] , [0.39 , 0.34 , 0.26] , [0.58 , 0.26 , 0.16] , [0.80 , 0.11 , 0.08] , [0.87 , 0.07 , 0.06]}
2025-12-12 04:26:02,695 MambaPro.train INFO: best_Experts:{[0.87 , 0.07 , 0.06]}
2025-12-12 04:26:02,695 MambaPro.train INFO: 🔥 MoE损失(Val): 平衡=0.7394, 稀疏性=0.3538, 多样性=0.4116, 总=0.0012 (权重: 平衡=0.001, 稀疏性=0.000, 多样性=0.001)
2025-12-12 04:26:02,695 MambaPro.train INFO:    📊 专家权重分布(Val): [0.87 , 0.07 , 0.06]
2025-12-12 04:26:22,791 MambaPro.train INFO: Epoch 31 done. Time per batch: 0.187[s] Speed: 171.5[samples/s]
2025-12-12 04:26:42,645 MambaPro.train INFO: Epoch 32 done. Time per batch: 0.187[s] Speed: 170.9[samples/s]
2025-12-12 04:27:02,658 MambaPro.train INFO: Epoch 33 done. Time per batch: 0.187[s] Speed: 171.1[samples/s]
2025-12-12 04:27:22,480 MambaPro.train INFO: Epoch 34 done. Time per batch: 0.187[s] Speed: 171.1[samples/s]
2025-12-12 04:27:42,492 MambaPro.train INFO: Epoch 35 done. Time per batch: 0.187[s] Speed: 171.1[samples/s]
2025-12-12 04:27:50,019 MambaPro.train INFO: Validation Results - Epoch: 35
2025-12-12 04:27:50,019 MambaPro.train INFO: Current mAP: 77.8%
2025-12-12 04:27:50,019 MambaPro.train INFO: CMC curve, Rank-1  :80.9%
2025-12-12 04:27:50,019 MambaPro.train INFO: CMC curve, Rank-5  :88.9%
2025-12-12 04:27:50,019 MambaPro.train INFO: CMC curve, Rank-10 :92.3%
2025-12-12 04:27:50,019 MambaPro.train INFO: [Epoch 35] 指标集合列表（历史）
2025-12-12 04:27:50,019 MambaPro.train INFO: history_mAP:{57.1 , 39.5 , 63.2 , 50.9 , 72.3 , 78.0 , 77.8}
2025-12-12 04:27:50,019 MambaPro.train INFO: best_mAP:{78.0}
2025-12-12 04:27:50,020 MambaPro.train INFO: history_Rank-1:{61.7 , 39.7 , 68.1 , 53.1 , 75.8 , 82.2 , 80.9}
2025-12-12 04:27:50,020 MambaPro.train INFO: best_Rank-1:{82.2}
2025-12-12 04:27:50,020 MambaPro.train INFO: history_Rank-5:{72.2 , 54.7 , 81.5 , 65.4 , 86.4 , 89.6 , 88.9}
2025-12-12 04:27:50,020 MambaPro.train INFO: best_Rank-5:{89.6}
2025-12-12 04:27:50,020 MambaPro.train INFO: history_Rank-10:{79.9 , 62.4 , 86.6 , 71.8 , 90.2 , 93.2 , 92.3}
2025-12-12 04:27:50,020 MambaPro.train INFO: best_Rank-10:{93.2}
2025-12-12 04:27:50,020 MambaPro.train INFO: history_Experts:{[0.36 , 0.34 , 0.31] , [0.37 , 0.34 , 0.29] , [0.39 , 0.34 , 0.26] , [0.58 , 0.26 , 0.16] , [0.80 , 0.11 , 0.08] , [0.87 , 0.07 , 0.06] , [0.90 , 0.05 , 0.04]}
2025-12-12 04:27:50,020 MambaPro.train INFO: best_Experts:{[0.87 , 0.07 , 0.06]}
2025-12-12 04:27:50,020 MambaPro.train INFO: 🔥 MoE损失(Val): 平衡=0.8718, 稀疏性=0.2666, 多样性=0.2882, 总=0.0012 (权重: 平衡=0.001, 稀疏性=0.000, 多样性=0.001)
2025-12-12 04:27:50,020 MambaPro.train INFO:    📊 专家权重分布(Val): [0.90 , 0.05 , 0.04]
2025-12-12 04:28:10,182 MambaPro.train INFO: Epoch 36 done. Time per batch: 0.187[s] Speed: 170.9[samples/s]
2025-12-12 04:28:30,207 MambaPro.train INFO: Epoch 37 done. Time per batch: 0.187[s] Speed: 171.0[samples/s]
2025-12-12 04:28:50,029 MambaPro.train INFO: Epoch 38 done. Time per batch: 0.187[s] Speed: 171.1[samples/s]
2025-12-12 04:29:10,070 MambaPro.train INFO: Epoch 39 done. Time per batch: 0.187[s] Speed: 170.9[samples/s]
2025-12-12 04:29:29,909 MambaPro.train INFO: Epoch 40 done. Time per batch: 0.187[s] Speed: 171.0[samples/s]
2025-12-12 04:29:37,788 MambaPro.train INFO: Validation Results - Epoch: 40
2025-12-12 04:29:37,788 MambaPro.train INFO: Current mAP: 79.6%
2025-12-12 04:29:37,788 MambaPro.train INFO: CMC curve, Rank-1  :83.4%
2025-12-12 04:29:37,788 MambaPro.train INFO: CMC curve, Rank-5  :89.7%
2025-12-12 04:29:37,788 MambaPro.train INFO: CMC curve, Rank-10 :93.2%
2025-12-12 04:29:37,789 MambaPro.train INFO: 🎯 New Best! Saving model...
2025-12-12 04:29:38,377 MambaPro.train INFO: [Epoch 40] 指标集合列表（历史）
2025-12-12 04:29:38,377 MambaPro.train INFO: history_mAP:{57.1 , 39.5 , 63.2 , 50.9 , 72.3 , 78.0 , 77.8 , 79.6}
2025-12-12 04:29:38,377 MambaPro.train INFO: best_mAP:{79.6}
2025-12-12 04:29:38,377 MambaPro.train INFO: history_Rank-1:{61.7 , 39.7 , 68.1 , 53.1 , 75.8 , 82.2 , 80.9 , 83.4}
2025-12-12 04:29:38,377 MambaPro.train INFO: best_Rank-1:{83.4}
2025-12-12 04:29:38,377 MambaPro.train INFO: history_Rank-5:{72.2 , 54.7 , 81.5 , 65.4 , 86.4 , 89.6 , 88.9 , 89.7}
2025-12-12 04:29:38,377 MambaPro.train INFO: best_Rank-5:{89.7}
2025-12-12 04:29:38,377 MambaPro.train INFO: history_Rank-10:{79.9 , 62.4 , 86.6 , 71.8 , 90.2 , 93.2 , 92.3}
2025-12-12 04:29:38,377 MambaPro.train INFO: best_Rank-10:{93.2}
2025-12-12 04:29:38,377 MambaPro.train INFO: history_Experts:{[0.36 , 0.34 , 0.31] , [0.37 , 0.34 , 0.29] , [0.39 , 0.34 , 0.26] , [0.58 , 0.26 , 0.16] , [0.80 , 0.11 , 0.08] , [0.87 , 0.07 , 0.06] , [0.90 , 0.05 , 0.04] , [0.92 , 0.04 , 0.03]}
2025-12-12 04:29:38,377 MambaPro.train INFO: best_Experts:{[0.92 , 0.04 , 0.03]}
2025-12-12 04:29:38,377 MambaPro.train INFO: 🔥 MoE损失(Val): 平衡=0.9411, 稀疏性=0.2215, 多样性=0.2310, 总=0.0012 (权重: 平衡=0.001, 稀疏性=0.000, 多样性=0.001)
2025-12-12 04:29:38,378 MambaPro.train INFO:    📊 专家权重分布(Val): [0.92 , 0.04 , 0.03]
2025-12-12 04:29:58,526 MambaPro.train INFO: Epoch 41 done. Time per batch: 0.187[s] Speed: 171.1[samples/s]
2025-12-12 04:30:18,617 MambaPro.train INFO: Epoch 42 done. Time per batch: 0.188[s] Speed: 170.4[samples/s]
2025-12-12 04:30:38,599 MambaPro.train INFO: Epoch 43 done. Time per batch: 0.187[s] Speed: 171.4[samples/s]
2025-12-12 04:30:58,553 MambaPro.train INFO: Epoch 44 done. Time per batch: 0.186[s] Speed: 171.6[samples/s]
2025-12-12 04:31:18,749 MambaPro.train INFO: Epoch 45 done. Time per batch: 0.189[s] Speed: 169.5[samples/s]
2025-12-12 04:31:26,254 MambaPro.train INFO: Validation Results - Epoch: 45
2025-12-12 04:31:26,255 MambaPro.train INFO: Current mAP: 80.4%
2025-12-12 04:31:26,255 MambaPro.train INFO: CMC curve, Rank-1  :83.5%
2025-12-12 04:31:26,255 MambaPro.train INFO: CMC curve, Rank-5  :90.6%
2025-12-12 04:31:26,255 MambaPro.train INFO: CMC curve, Rank-10 :93.4%
2025-12-12 04:31:26,255 MambaPro.train INFO: 🎯 New Best! Saving model...
2025-12-12 04:31:26,990 MambaPro.train INFO: [Epoch 45] 指标集合列表（历史）
2025-12-12 04:31:26,990 MambaPro.train INFO: history_mAP:{57.1 , 39.5 , 63.2 , 50.9 , 72.3 , 78.0 , 77.8 , 79.6 , 80.4}
2025-12-12 04:31:26,990 MambaPro.train INFO: best_mAP:{80.4}
2025-12-12 04:31:26,990 MambaPro.train INFO: history_Rank-1:{61.7 , 39.7 , 68.1 , 53.1 , 75.8 , 82.2 , 80.9 , 83.4 , 83.5}
2025-12-12 04:31:26,990 MambaPro.train INFO: best_Rank-1:{83.5}
2025-12-12 04:31:26,990 MambaPro.train INFO: history_Rank-5:{72.2 , 54.7 , 81.5 , 65.4 , 86.4 , 89.6 , 88.9 , 89.7 , 90.6}
2025-12-12 04:31:26,990 MambaPro.train INFO: best_Rank-5:{90.6}
2025-12-12 04:31:26,990 MambaPro.train INFO: history_Rank-10:{79.9 , 62.4 , 86.6 , 71.8 , 90.2 , 93.2 , 92.3 , 93.4}
2025-12-12 04:31:26,990 MambaPro.train INFO: best_Rank-10:{93.4}
2025-12-12 04:31:26,990 MambaPro.train INFO: history_Experts:{[0.36 , 0.34 , 0.31] , [0.37 , 0.34 , 0.29] , [0.39 , 0.34 , 0.26] , [0.58 , 0.26 , 0.16] , [0.80 , 0.11 , 0.08] , [0.87 , 0.07 , 0.06] , [0.90 , 0.05 , 0.04] , [0.92 , 0.04 , 0.03] , [0.93 , 0.04 , 0.03]}
2025-12-12 04:31:26,990 MambaPro.train INFO: best_Experts:{[0.93 , 0.04 , 0.03]}
2025-12-12 04:31:26,990 MambaPro.train INFO: 🔥 MoE损失(Val): 平衡=0.9880, 稀疏性=0.1913, 多样性=0.1949, 总=0.0012 (权重: 平衡=0.001, 稀疏性=0.000, 多样性=0.001)
2025-12-12 04:31:26,990 MambaPro.train INFO:    📊 专家权重分布(Val): [0.93 , 0.04 , 0.03]
2025-12-12 04:31:47,170 MambaPro.train INFO: Epoch 46 done. Time per batch: 0.187[s] Speed: 170.8[samples/s]
2025-12-12 04:32:07,207 MambaPro.train INFO: Epoch 47 done. Time per batch: 0.187[s] Speed: 170.9[samples/s]
2025-12-12 04:32:27,019 MambaPro.train INFO: Epoch 48 done. Time per batch: 0.187[s] Speed: 171.2[samples/s]
2025-12-12 04:32:47,123 MambaPro.train INFO: Epoch 49 done. Time per batch: 0.188[s] Speed: 170.3[samples/s]
2025-12-12 04:33:07,128 MambaPro.train INFO: Epoch 50 done. Time per batch: 0.187[s] Speed: 171.2[samples/s]
2025-12-12 04:33:15,096 MambaPro.train INFO: Validation Results - Epoch: 50
2025-12-12 04:33:15,096 MambaPro.train INFO: Current mAP: 79.5%
2025-12-12 04:33:15,096 MambaPro.train INFO: CMC curve, Rank-1  :82.2%
2025-12-12 04:33:15,096 MambaPro.train INFO: CMC curve, Rank-5  :89.2%
2025-12-12 04:33:15,096 MambaPro.train INFO: CMC curve, Rank-10 :92.7%
2025-12-12 04:33:15,097 MambaPro.train INFO: [Epoch 50] 指标集合列表（历史）
2025-12-12 04:33:15,097 MambaPro.train INFO: history_mAP:{57.1 , 39.5 , 63.2 , 50.9 , 72.3 , 78.0 , 77.8 , 79.6 , 80.4 , 79.5}
2025-12-12 04:33:15,097 MambaPro.train INFO: best_mAP:{80.4}
2025-12-12 04:33:15,097 MambaPro.train INFO: history_Rank-1:{61.7 , 39.7 , 68.1 , 53.1 , 75.8 , 82.2 , 80.9 , 83.4 , 83.5}
2025-12-12 04:33:15,097 MambaPro.train INFO: best_Rank-1:{83.5}
2025-12-12 04:33:15,097 MambaPro.train INFO: history_Rank-5:{72.2 , 54.7 , 81.5 , 65.4 , 86.4 , 89.6 , 88.9 , 89.7 , 90.6 , 89.2}
2025-12-12 04:33:15,097 MambaPro.train INFO: best_Rank-5:{90.6}
2025-12-12 04:33:15,097 MambaPro.train INFO: history_Rank-10:{79.9 , 62.4 , 86.6 , 71.8 , 90.2 , 93.2 , 92.3 , 93.4 , 92.7}
2025-12-12 04:33:15,097 MambaPro.train INFO: best_Rank-10:{93.4}
2025-12-12 04:33:15,097 MambaPro.train INFO: history_Experts:{[0.36 , 0.34 , 0.31] , [0.37 , 0.34 , 0.29] , [0.39 , 0.34 , 0.26] , [0.58 , 0.26 , 0.16] , [0.80 , 0.11 , 0.08] , [0.87 , 0.07 , 0.06] , [0.90 , 0.05 , 0.04] , [0.92 , 0.04 , 0.03] , [0.93 , 0.04 , 0.03] , [0.94 , 0.03 , 0.03]}
2025-12-12 04:33:15,097 MambaPro.train INFO: best_Experts:{[0.93 , 0.04 , 0.03]}
2025-12-12 04:33:15,097 MambaPro.train INFO: 🔥 MoE损失(Val): 平衡=1.0191, 稀疏性=0.1713, 多样性=0.1719, 总=0.0012 (权重: 平衡=0.001, 稀疏性=0.000, 多样性=0.001)
2025-12-12 04:33:15,097 MambaPro.train INFO:    📊 专家权重分布(Val): [0.94 , 0.03 , 0.03]
2025-12-12 04:33:35,135 MambaPro.train INFO: Epoch 51 done. Time per batch: 0.188[s] Speed: 170.4[samples/s]
2025-12-12 04:33:54,981 MambaPro.train INFO: Epoch 52 done. Time per batch: 0.187[s] Speed: 170.9[samples/s]
2025-12-12 04:34:15,053 MambaPro.train INFO: Epoch 53 done. Time per batch: 0.188[s] Speed: 170.6[samples/s]
2025-12-12 04:34:35,085 MambaPro.train INFO: Epoch 54 done. Time per batch: 0.187[s] Speed: 170.9[samples/s]
2025-12-12 04:34:55,121 MambaPro.train INFO: Epoch 55 done. Time per batch: 0.187[s] Speed: 170.9[samples/s]
2025-12-12 04:35:02,681 MambaPro.train INFO: Validation Results - Epoch: 55
2025-12-12 04:35:02,681 MambaPro.train INFO: Current mAP: 80.5%
2025-12-12 04:35:02,681 MambaPro.train INFO: CMC curve, Rank-1  :84.6%
2025-12-12 04:35:02,681 MambaPro.train INFO: CMC curve, Rank-5  :90.1%
2025-12-12 04:35:02,681 MambaPro.train INFO: CMC curve, Rank-10 :92.7%
2025-12-12 04:35:02,682 MambaPro.train INFO: 🎯 New Best! Saving model...
2025-12-12 04:35:03,265 MambaPro.train INFO: [Epoch 55] 指标集合列表（历史）
2025-12-12 04:35:03,266 MambaPro.train INFO: history_mAP:{57.1 , 39.5 , 63.2 , 50.9 , 72.3 , 78.0 , 77.8 , 79.6 , 80.4 , 79.5 , 80.5}
2025-12-12 04:35:03,266 MambaPro.train INFO: best_mAP:{80.5}
2025-12-12 04:35:03,266 MambaPro.train INFO: history_Rank-1:{61.7 , 39.7 , 68.1 , 53.1 , 75.8 , 82.2 , 80.9 , 83.4 , 83.5 , 84.6}
2025-12-12 04:35:03,266 MambaPro.train INFO: best_Rank-1:{84.6}
2025-12-12 04:35:03,266 MambaPro.train INFO: history_Rank-5:{72.2 , 54.7 , 81.5 , 65.4 , 86.4 , 89.6 , 88.9 , 89.7 , 90.6 , 89.2 , 90.1}
2025-12-12 04:35:03,266 MambaPro.train INFO: best_Rank-5:{90.6}
2025-12-12 04:35:03,266 MambaPro.train INFO: history_Rank-10:{79.9 , 62.4 , 86.6 , 71.8 , 90.2 , 93.2 , 92.3 , 93.4 , 92.7}
2025-12-12 04:35:03,266 MambaPro.train INFO: best_Rank-10:{93.4}
2025-12-12 04:35:03,266 MambaPro.train INFO: history_Experts:{[0.36 , 0.34 , 0.31] , [0.37 , 0.34 , 0.29] , [0.39 , 0.34 , 0.26] , [0.58 , 0.26 , 0.16] , [0.80 , 0.11 , 0.08] , [0.87 , 0.07 , 0.06] , [0.90 , 0.05 , 0.04] , [0.92 , 0.04 , 0.03] , [0.93 , 0.04 , 0.03] , [0.94 , 0.03 , 0.03] , [0.95 , 0.03 , 0.02]}
2025-12-12 04:35:03,266 MambaPro.train INFO: best_Experts:{[0.95 , 0.03 , 0.02]}
2025-12-12 04:35:03,266 MambaPro.train INFO: 🔥 MoE损失(Val): 平衡=1.0428, 稀疏性=0.1562, 多样性=0.1550, 总=0.0012 (权重: 平衡=0.001, 稀疏性=0.000, 多样性=0.001)
2025-12-12 04:35:03,266 MambaPro.train INFO:    📊 专家权重分布(Val): [0.95 , 0.03 , 0.02]
2025-12-12 04:35:23,329 MambaPro.train INFO: Epoch 56 done. Time per batch: 0.188[s] Speed: 170.3[samples/s]
2025-12-12 04:35:43,372 MambaPro.train INFO: Epoch 57 done. Time per batch: 0.187[s] Speed: 170.8[samples/s]
2025-12-12 04:36:03,418 MambaPro.train INFO: Epoch 58 done. Time per batch: 0.187[s] Speed: 170.8[samples/s]
2025-12-12 04:36:23,346 MambaPro.train INFO: Epoch 59 done. Time per batch: 0.188[s] Speed: 170.2[samples/s]
2025-12-12 04:36:43,464 MambaPro.train INFO: Epoch 60 done. Time per batch: 0.188[s] Speed: 170.2[samples/s]
2025-12-12 04:36:51,382 MambaPro.train INFO: Validation Results - Epoch: 60
2025-12-12 04:36:51,382 MambaPro.train INFO: Current mAP: 80.4%
2025-12-12 04:36:51,382 MambaPro.train INFO: CMC curve, Rank-1  :84.3%
2025-12-12 04:36:51,382 MambaPro.train INFO: CMC curve, Rank-5  :90.2%
2025-12-12 04:36:51,382 MambaPro.train INFO: CMC curve, Rank-10 :92.9%
2025-12-12 04:36:51,383 MambaPro.train INFO: [Epoch 60] 指标集合列表（历史）
2025-12-12 04:36:51,383 MambaPro.train INFO: history_mAP:{57.1 , 39.5 , 63.2 , 50.9 , 72.3 , 78.0 , 77.8 , 79.6 , 80.4 , 79.5 , 80.5 , 80.4}
2025-12-12 04:36:51,383 MambaPro.train INFO: best_mAP:{80.5}
2025-12-12 04:36:51,383 MambaPro.train INFO: history_Rank-1:{61.7 , 39.7 , 68.1 , 53.1 , 75.8 , 82.2 , 80.9 , 83.4 , 83.5 , 84.6 , 84.3}
2025-12-12 04:36:51,383 MambaPro.train INFO: best_Rank-1:{84.6}
2025-12-12 04:36:51,383 MambaPro.train INFO: history_Rank-5:{72.2 , 54.7 , 81.5 , 65.4 , 86.4 , 89.6 , 88.9 , 89.7 , 90.6 , 89.2 , 90.1 , 90.2}
2025-12-12 04:36:51,383 MambaPro.train INFO: best_Rank-5:{90.6}
2025-12-12 04:36:51,383 MambaPro.train INFO: history_Rank-10:{79.9 , 62.4 , 86.6 , 71.8 , 90.2 , 93.2 , 92.3 , 93.4 , 92.7 , 92.9}
2025-12-12 04:36:51,383 MambaPro.train INFO: best_Rank-10:{93.4}
2025-12-12 04:36:51,383 MambaPro.train INFO: history_Experts:{[0.36 , 0.34 , 0.31] , [0.37 , 0.34 , 0.29] , [0.39 , 0.34 , 0.26] , [0.58 , 0.26 , 0.16] , [0.80 , 0.11 , 0.08] , [0.87 , 0.07 , 0.06] , [0.90 , 0.05 , 0.04] , [0.92 , 0.04 , 0.03] , [0.93 , 0.04 , 0.03] , [0.94 , 0.03 , 0.03] , [0.95 , 0.03 , 0.02] , [0.95 , 0.03 , 0.02]}
2025-12-12 04:36:51,383 MambaPro.train INFO: best_Experts:{[0.95 , 0.03 , 0.02]}
2025-12-12 04:36:51,383 MambaPro.train INFO: 🔥 MoE损失(Val): 平衡=1.0613, 稀疏性=0.1443, 多样性=0.1420, 总=0.0012 (权重: 平衡=0.001, 稀疏性=0.000, 多样性=0.001)
2025-12-12 04:36:51,383 MambaPro.train INFO:    📊 专家权重分布(Val): [0.95 , 0.03 , 0.02]
2025-12-12 04:36:51,519 MambaPro.train INFO: ============================================================
