2025-12-12 09:08:49,493 MambaPro INFO: ================================================================================
2025-12-12 09:08:49,493 MambaPro INFO: 🧾 实验参数快照（命令行 + 最终配置）
2025-12-12 09:08:49,493 MambaPro INFO: ================================================================================
2025-12-12 09:08:49,493 MambaPro INFO: 【复现实验命令】
2025-12-12 09:08:49,493 MambaPro INFO: /home/zubuntu/miniconda/envs/MambaPro/bin/python train_net.py --config_file mybest_model/experiment_20251013_110028/configs/experiment_config.yml OUTPUT_DIR ./outputs/replay_best_tml
2025-12-12 09:08:49,493 MambaPro INFO: 【命令行参数（args）】
2025-12-12 09:08:49,493 MambaPro INFO: {
2025-12-12 09:08:49,493 MambaPro INFO:   "config_file": "mybest_model/experiment_20251013_110028/configs/experiment_config.yml",
2025-12-12 09:08:49,493 MambaPro INFO:   "fea_cft": 0,
2025-12-12 09:08:49,493 MambaPro INFO:   "opts": [
2025-12-12 09:08:49,493 MambaPro INFO:     "OUTPUT_DIR",
2025-12-12 09:08:49,493 MambaPro INFO:     "./outputs/replay_best_tml"
2025-12-12 09:08:49,493 MambaPro INFO:   ],
2025-12-12 09:08:49,493 MambaPro INFO:   "local_rank": 0,
2025-12-12 09:08:49,493 MambaPro INFO:   "use_multi_scale": false,
2025-12-12 09:08:49,493 MambaPro INFO:   "no_multi_scale": false,
2025-12-12 09:08:49,493 MambaPro INFO:   "use_moe": false,
2025-12-12 09:08:49,493 MambaPro INFO:   "disable_moe": false,
2025-12-12 09:08:49,493 MambaPro INFO:   "no_moe": false,
2025-12-12 09:08:49,493 MambaPro INFO:   "use_attention": false,
2025-12-12 09:08:49,493 MambaPro INFO:   "disable_attention": false,
2025-12-12 09:08:49,493 MambaPro INFO:   "attention_heads": 8,
2025-12-12 09:08:49,493 MambaPro INFO:   "attention_dropout": 0.1
2025-12-12 09:08:49,493 MambaPro INFO: }
2025-12-12 09:08:49,493 MambaPro INFO: 【工作目录】/home/zubuntu/workspace/yzy/MambaPro
2025-12-12 09:08:49,494 MambaPro INFO: 【最终配置（YAML）】
2025-12-12 09:08:49,496 MambaPro INFO: DATALOADER:
2025-12-12 09:08:49,496 MambaPro INFO:   NUM_INSTANCE: 8
2025-12-12 09:08:49,496 MambaPro INFO:   NUM_WORKERS: 8
2025-12-12 09:08:49,496 MambaPro INFO:   SAMPLER: softmax_triplet
2025-12-12 09:08:49,496 MambaPro INFO: DATASETS:
2025-12-12 09:08:49,496 MambaPro INFO:   NAMES: RGBNT201
2025-12-12 09:08:49,496 MambaPro INFO:   ROOT_DIR: /home/zubuntu/workspace/yzy/MambaPro/data/
2025-12-12 09:08:49,496 MambaPro INFO: INPUT:
2025-12-12 09:08:49,496 MambaPro INFO:   PADDING: 10
2025-12-12 09:08:49,496 MambaPro INFO:   PIXEL_MEAN:
2025-12-12 09:08:49,496 MambaPro INFO:   - 0.5
2025-12-12 09:08:49,496 MambaPro INFO:   - 0.5
2025-12-12 09:08:49,496 MambaPro INFO:   - 0.5
2025-12-12 09:08:49,496 MambaPro INFO:   PIXEL_STD:
2025-12-12 09:08:49,496 MambaPro INFO:   - 0.5
2025-12-12 09:08:49,496 MambaPro INFO:   - 0.5
2025-12-12 09:08:49,496 MambaPro INFO:   - 0.5
2025-12-12 09:08:49,496 MambaPro INFO:   PROB: 0.5
2025-12-12 09:08:49,496 MambaPro INFO:   RE_PROB: 0.5
2025-12-12 09:08:49,496 MambaPro INFO:   SIZE_TEST:
2025-12-12 09:08:49,496 MambaPro INFO:   - 256
2025-12-12 09:08:49,496 MambaPro INFO:   - 128
2025-12-12 09:08:49,496 MambaPro INFO:   SIZE_TRAIN:
2025-12-12 09:08:49,496 MambaPro INFO:   - 256
2025-12-12 09:08:49,496 MambaPro INFO:   - 128
2025-12-12 09:08:49,496 MambaPro INFO: MODEL:
2025-12-12 09:08:49,496 MambaPro INFO:   ADAPTER: true
2025-12-12 09:08:49,496 MambaPro INFO:   ATTENTION_DIM: 512
2025-12-12 09:08:49,496 MambaPro INFO:   ATTENTION_DROPOUT: 0.1
2025-12-12 09:08:49,497 MambaPro INFO:   ATTENTION_NUM_HEADS: 8
2025-12-12 09:08:49,497 MambaPro INFO:   ATT_DROP_RATE: 0.0
2025-12-12 09:08:49,497 MambaPro INFO:   CLIP_MULTI_SCALE_SCALES:
2025-12-12 09:08:49,497 MambaPro INFO:   - 4
2025-12-12 09:08:49,497 MambaPro INFO:   - 8
2025-12-12 09:08:49,497 MambaPro INFO:   - 16
2025-12-12 09:08:49,497 MambaPro INFO:   DEVICE: cuda
2025-12-12 09:08:49,497 MambaPro INFO:   DEVICE_ID: '0'
2025-12-12 09:08:49,497 MambaPro INFO:   DIRECT: 1
2025-12-12 09:08:49,497 MambaPro INFO:   DIST_TRAIN: false
2025-12-12 09:08:49,497 MambaPro INFO:   DROP_OUT: 0.0
2025-12-12 09:08:49,497 MambaPro INFO:   DROP_PATH: 0.1
2025-12-12 09:08:49,497 MambaPro INFO:   FLOPS_TEST: false
2025-12-12 09:08:49,497 MambaPro INFO:   FROZEN: true
2025-12-12 09:08:49,497 MambaPro INFO:   GATE_DROPOUT: 0.1
2025-12-12 09:08:49,497 MambaPro INFO:   ID_LOSS_TYPE: softmax
2025-12-12 09:08:49,497 MambaPro INFO:   ID_LOSS_WEIGHT: 0.25
2025-12-12 09:08:49,497 MambaPro INFO:   IF_LABELSMOOTH: 'on'
2025-12-12 09:08:49,497 MambaPro INFO:   IF_WITH_CENTER: 'no'
2025-12-12 09:08:49,497 MambaPro INFO:   LAYER: -1
2025-12-12 09:08:49,497 MambaPro INFO:   MAMBA: true
2025-12-12 09:08:49,497 MambaPro INFO:   MAMBA_BI: false
2025-12-12 09:08:49,497 MambaPro INFO:   METRIC_LOSS_TYPE: triplet
2025-12-12 09:08:49,497 MambaPro INFO:   MOE_BALANCE_LOSS_WEIGHT: 0.01
2025-12-12 09:08:49,497 MambaPro INFO:   MOE_DIVERSITY_LOSS_WEIGHT: 0.01
2025-12-12 09:08:49,497 MambaPro INFO:   MOE_EXPERT_DROPOUT: 0.1
2025-12-12 09:08:49,497 MambaPro INFO:   MOE_EXPERT_HIDDEN_DIM: 1024
2025-12-12 09:08:49,497 MambaPro INFO:   MOE_EXPERT_LAYERS: 2
2025-12-12 09:08:49,497 MambaPro INFO:   MOE_EXPERT_THRESHOLD: 0.1
2025-12-12 09:08:49,497 MambaPro INFO:   MOE_FIXED_WEIGHTS:
2025-12-12 09:08:49,497 MambaPro INFO:   - 0.33
2025-12-12 09:08:49,497 MambaPro INFO:   - 0.33
2025-12-12 09:08:49,497 MambaPro INFO:   - 0.34
2025-12-12 09:08:49,497 MambaPro INFO:   MOE_GATE_DROPOUT: 0.1
2025-12-12 09:08:49,497 MambaPro INFO:   MOE_GATE_LAYERS: 2
2025-12-12 09:08:49,497 MambaPro INFO:   MOE_INIT_WEIGHTS: null
2025-12-12 09:08:49,497 MambaPro INFO:   MOE_NUM_EXPERTS: 3
2025-12-12 09:08:49,497 MambaPro INFO:   MOE_RESIDUAL_WEIGHT: 1.0
2025-12-12 09:08:49,497 MambaPro INFO:   MOE_SCALES:
2025-12-12 09:08:49,497 MambaPro INFO:   - 4
2025-12-12 09:08:49,497 MambaPro INFO:   - 8
2025-12-12 09:08:49,497 MambaPro INFO:   - 16
2025-12-12 09:08:49,497 MambaPro INFO:   MOE_SPARSITY_LOSS_WEIGHT: 0.001
2025-12-12 09:08:49,497 MambaPro INFO:   MOE_TEMPERATURE: 0.7
2025-12-12 09:08:49,497 MambaPro INFO:   MOE_TOP_K: 2
2025-12-12 09:08:49,497 MambaPro INFO:   MOE_TOP_K_MODE: soft
2025-12-12 09:08:49,497 MambaPro INFO:   MOE_USE_FIXED_WEIGHTS: false
2025-12-12 09:08:49,497 MambaPro INFO:   MOE_USE_TOP_K_ROUTING: false
2025-12-12 09:08:49,497 MambaPro INFO:   MULTI_SCALE_SCALES:
2025-12-12 09:08:49,497 MambaPro INFO:   - 4
2025-12-12 09:08:49,497 MambaPro INFO:   - 8
2025-12-12 09:08:49,497 MambaPro INFO:   - 16
2025-12-12 09:08:49,497 MambaPro INFO:   NAME: MambaPro
2025-12-12 09:08:49,497 MambaPro INFO:   NECK: bnneck
2025-12-12 09:08:49,497 MambaPro INFO:   NO_MARGIN: true
2025-12-12 09:08:49,497 MambaPro INFO:   PREFIX_NUM: 1
2025-12-12 09:08:49,497 MambaPro INFO:   PRETRAIN_PATH_T: /home/zubuntu/workspace/yzy/MambaPro/pths/ViT-B-16.pt
2025-12-12 09:08:49,497 MambaPro INFO:   PROMPT: true
2025-12-12 09:08:49,497 MambaPro INFO:   SIE_CAMERA: true
2025-12-12 09:08:49,497 MambaPro INFO:   SIE_COE: 1.0
2025-12-12 09:08:49,497 MambaPro INFO:   SIE_VIEW: false
2025-12-12 09:08:49,497 MambaPro INFO:   STRIDE_SIZE:
2025-12-12 09:08:49,497 MambaPro INFO:   - 16
2025-12-12 09:08:49,497 MambaPro INFO:   - 16
2025-12-12 09:08:49,497 MambaPro INFO:   TRANSFORMER_TYPE: ViT-B-16
2025-12-12 09:08:49,497 MambaPro INFO:   TRIPLET_LOSS_WEIGHT: 1.0
2025-12-12 09:08:49,497 MambaPro INFO:   USE_ATTENTION_FUSION: false
2025-12-12 09:08:49,497 MambaPro INFO:   USE_CLIP_MULTI_SCALE: true
2025-12-12 09:08:49,497 MambaPro INFO:   USE_GATE_FUSION: false
2025-12-12 09:08:49,497 MambaPro INFO:   USE_MULTI_SCALE: false
2025-12-12 09:08:49,497 MambaPro INFO:   USE_MULTI_SCALE_MOE: true
2025-12-12 09:08:49,497 MambaPro INFO: OUTPUT_DIR: ./outputs/replay_best_tml/run_20251212_090849
2025-12-12 09:08:49,497 MambaPro INFO: SOLVER:
2025-12-12 09:08:49,497 MambaPro INFO:   BASE_LR: 0.0005
2025-12-12 09:08:49,497 MambaPro INFO:   BIAS_LR_FACTOR: 2
2025-12-12 09:08:49,497 MambaPro INFO:   CENTER_LOSS_WEIGHT: 0.0005
2025-12-12 09:08:49,497 MambaPro INFO:   CENTER_LR: 0.5
2025-12-12 09:08:49,497 MambaPro INFO:   CHECKPOINT_PERIOD: 10
2025-12-12 09:08:49,497 MambaPro INFO:   CLUSTER_MARGIN: 0.3
2025-12-12 09:08:49,497 MambaPro INFO:   COSINE_MARGIN: 0.5
2025-12-12 09:08:49,497 MambaPro INFO:   COSINE_SCALE: 30
2025-12-12 09:08:49,497 MambaPro INFO:   EVAL_PERIOD: 5
2025-12-12 09:08:49,497 MambaPro INFO:   GAMMA: 0.1
2025-12-12 09:08:49,497 MambaPro INFO:   IMS_PER_BATCH: 32
2025-12-12 09:08:49,497 MambaPro INFO:   LARGE_FC_LR: false
2025-12-12 09:08:49,497 MambaPro INFO:   LOG_PERIOD: 10
2025-12-12 09:08:49,497 MambaPro INFO:   MARGIN: 0.3
2025-12-12 09:08:49,497 MambaPro INFO:   MAX_EPOCHS: 60
2025-12-12 09:08:49,497 MambaPro INFO:   MOE_BALANCE_LOSS_WEIGHT: 0.001
2025-12-12 09:08:49,497 MambaPro INFO:   MOE_BALANCE_LOSS_WEIGHT_END: 0.1
2025-12-12 09:08:49,497 MambaPro INFO:   MOE_BALANCE_LOSS_WEIGHT_START: 0.001
2025-12-12 09:08:49,497 MambaPro INFO:   MOE_BALANCE_THRESHOLD: 0.3
2025-12-12 09:08:49,497 MambaPro INFO:   MOE_DIVERSITY_LOSS_WEIGHT: 0.001
2025-12-12 09:08:49,498 MambaPro INFO:   MOE_DIVERSITY_LOSS_WEIGHT_END: 0.1
2025-12-12 09:08:49,498 MambaPro INFO:   MOE_DIVERSITY_LOSS_WEIGHT_START: 0.001
2025-12-12 09:08:49,498 MambaPro INFO:   MOE_GATE_LR_FACTOR: 0.01
2025-12-12 09:08:49,498 MambaPro INFO:   MOE_LOSS_WEIGHT_SCHEDULE_TYPE: cosine
2025-12-12 09:08:49,498 MambaPro INFO:   MOE_LOSS_WEIGHT_WARMUP_EPOCHS: 5
2025-12-12 09:08:49,498 MambaPro INFO:   MOE_SPARSITY_LOSS_WEIGHT: 0.0001
2025-12-12 09:08:49,498 MambaPro INFO:   MOE_USE_DYNAMIC_LOSS_WEIGHT: false
2025-12-12 09:08:49,498 MambaPro INFO:   MOMENTUM: 0.9
2025-12-12 09:08:49,498 MambaPro INFO:   OPTIMIZER_NAME: Adam
2025-12-12 09:08:49,498 MambaPro INFO:   RANGE_ALPHA: 0
2025-12-12 09:08:49,498 MambaPro INFO:   RANGE_BETA: 1
2025-12-12 09:08:49,498 MambaPro INFO:   RANGE_K: 2
2025-12-12 09:08:49,498 MambaPro INFO:   RANGE_LOSS_WEIGHT: 1
2025-12-12 09:08:49,498 MambaPro INFO:   RANGE_MARGIN: 0.3
2025-12-12 09:08:49,498 MambaPro INFO:   SEED: 42
2025-12-12 09:08:49,498 MambaPro INFO:   STEPS:
2025-12-12 09:08:49,498 MambaPro INFO:   - 30
2025-12-12 09:08:49,498 MambaPro INFO:   - 50
2025-12-12 09:08:49,498 MambaPro INFO:   WARMUP_FACTOR: 0.01
2025-12-12 09:08:49,498 MambaPro INFO:   WARMUP_ITERS: 20
2025-12-12 09:08:49,498 MambaPro INFO:   WARMUP_METHOD: linear
2025-12-12 09:08:49,498 MambaPro INFO:   WEIGHT_DECAY: 0.0005
2025-12-12 09:08:49,498 MambaPro INFO:   WEIGHT_DECAY_BIAS: 0.0005
2025-12-12 09:08:49,498 MambaPro INFO: TEST:
2025-12-12 09:08:49,498 MambaPro INFO:   FEAT: 0
2025-12-12 09:08:49,498 MambaPro INFO:   FEAT_NORM: 'yes'
2025-12-12 09:08:49,498 MambaPro INFO:   IMS_PER_BATCH: 64
2025-12-12 09:08:49,498 MambaPro INFO:   MISS: nothing
2025-12-12 09:08:49,498 MambaPro INFO:   NECK_FEAT: after
2025-12-12 09:08:49,498 MambaPro INFO:   RE_RANKING: 'no'
2025-12-12 09:08:49,498 MambaPro INFO:   WEIGHT: /home/zubuntu/workspace/yzy/MambaPro/pths/MambaProbest.pth
2025-12-12 09:08:49,498 MambaPro INFO: ================================================================================
2025-12-12 09:08:51,604 MambaPro.train INFO: start training
2025-12-12 09:09:11,791 MambaPro.train INFO: Epoch 1 done. Time per batch: 0.189[s] Speed: 169.8[samples/s]
2025-12-12 09:09:31,593 MambaPro.train INFO: Epoch 2 done. Time per batch: 0.185[s] Speed: 172.9[samples/s]
2025-12-12 09:09:51,544 MambaPro.train INFO: Epoch 3 done. Time per batch: 0.186[s] Speed: 171.6[samples/s]
2025-12-12 09:10:11,403 MambaPro.train INFO: Epoch 4 done. Time per batch: 0.186[s] Speed: 172.4[samples/s]
2025-12-12 09:10:31,227 MambaPro.train INFO: Epoch 5 done. Time per batch: 0.185[s] Speed: 172.7[samples/s]
2025-12-12 09:10:38,761 MambaPro.train INFO: Validation Results - Epoch: 5
2025-12-12 09:10:38,761 MambaPro.train INFO: Current mAP: 53.9%
2025-12-12 09:10:38,761 MambaPro.train INFO: CMC curve, Rank-1  :62.0%
2025-12-12 09:10:38,761 MambaPro.train INFO: CMC curve, Rank-5  :74.5%
2025-12-12 09:10:38,761 MambaPro.train INFO: CMC curve, Rank-10 :78.6%
2025-12-12 09:10:38,762 MambaPro.train INFO: 🎯 New Best! Saving model...
2025-12-12 09:10:39,151 MambaPro.train INFO: [Epoch 5] 指标集合列表（历史）
2025-12-12 09:10:39,151 MambaPro.train INFO: history_mAP:{53.9}
2025-12-12 09:10:39,151 MambaPro.train INFO: best_mAP:{53.9}
2025-12-12 09:10:39,151 MambaPro.train INFO: history_Rank-1:{62.0}
2025-12-12 09:10:39,151 MambaPro.train INFO: best_Rank-1:{62.0}
2025-12-12 09:10:39,151 MambaPro.train INFO: history_Rank-5:{74.5}
2025-12-12 09:10:39,151 MambaPro.train INFO: best_Rank-5:{74.5}
2025-12-12 09:10:39,151 MambaPro.train INFO: history_Rank-10:{78.6}
2025-12-12 09:10:39,151 MambaPro.train INFO: best_Rank-10:{78.6}
2025-12-12 09:10:39,151 MambaPro.train INFO: history_Experts:{[0.36 , 0.33 , 0.31]}
2025-12-12 09:10:39,151 MambaPro.train INFO: best_Experts:{[0.36 , 0.33 , 0.31]}
2025-12-12 09:10:39,151 MambaPro.train INFO: 🔥 MoE损失(Val): 平衡=0.0000, 稀疏性=0.9982, 多样性=2.6527, 总=0.0028 (权重: 平衡=0.001, 稀疏性=0.000, 多样性=0.001)
2025-12-12 09:10:39,151 MambaPro.train INFO:    📊 专家权重分布(Val): [0.36 , 0.33 , 0.31]
2025-12-12 09:10:59,239 MambaPro.train INFO: Epoch 6 done. Time per batch: 0.187[s] Speed: 171.6[samples/s]
2025-12-12 09:11:19,118 MambaPro.train INFO: Epoch 7 done. Time per batch: 0.186[s] Speed: 172.2[samples/s]
2025-12-12 09:11:39,084 MambaPro.train INFO: Epoch 8 done. Time per batch: 0.187[s] Speed: 171.5[samples/s]
2025-12-12 09:11:59,021 MambaPro.train INFO: Epoch 9 done. Time per batch: 0.186[s] Speed: 171.7[samples/s]
2025-12-12 09:12:18,916 MambaPro.train INFO: Epoch 10 done. Time per batch: 0.186[s] Speed: 172.1[samples/s]
2025-12-12 09:12:26,834 MambaPro.train INFO: Validation Results - Epoch: 10
2025-12-12 09:12:26,835 MambaPro.train INFO: Current mAP: 38.6%
2025-12-12 09:12:26,835 MambaPro.train INFO: CMC curve, Rank-1  :40.2%
2025-12-12 09:12:26,835 MambaPro.train INFO: CMC curve, Rank-5  :56.1%
2025-12-12 09:12:26,835 MambaPro.train INFO: CMC curve, Rank-10 :64.5%
2025-12-12 09:12:26,835 MambaPro.train INFO: [Epoch 10] 指标集合列表（历史）
2025-12-12 09:12:26,835 MambaPro.train INFO: history_mAP:{53.9 , 38.6}
2025-12-12 09:12:26,835 MambaPro.train INFO: best_mAP:{53.9}
2025-12-12 09:12:26,835 MambaPro.train INFO: history_Rank-1:{62.0 , 40.2}
2025-12-12 09:12:26,835 MambaPro.train INFO: best_Rank-1:{62.0}
2025-12-12 09:12:26,835 MambaPro.train INFO: history_Rank-5:{74.5 , 56.1}
2025-12-12 09:12:26,835 MambaPro.train INFO: best_Rank-5:{74.5}
2025-12-12 09:12:26,835 MambaPro.train INFO: history_Rank-10:{78.6 , 64.5}
2025-12-12 09:12:26,835 MambaPro.train INFO: best_Rank-10:{78.6}
2025-12-12 09:12:26,835 MambaPro.train INFO: history_Experts:{[0.36 , 0.33 , 0.31] , [0.37 , 0.33 , 0.30]}
2025-12-12 09:12:26,836 MambaPro.train INFO: best_Experts:{[0.36 , 0.33 , 0.31]}
2025-12-12 09:12:26,836 MambaPro.train INFO: 🔥 MoE损失(Val): 平衡=0.0000, 稀疏性=0.9961, 多样性=2.6357, 总=0.0027 (权重: 平衡=0.001, 稀疏性=0.000, 多样性=0.001)
2025-12-12 09:12:26,836 MambaPro.train INFO:    📊 专家权重分布(Val): [0.37 , 0.33 , 0.30]
2025-12-12 09:12:46,691 MambaPro.train INFO: Epoch 11 done. Time per batch: 0.186[s] Speed: 172.0[samples/s]
2025-12-12 09:13:06,686 MambaPro.train INFO: Epoch 12 done. Time per batch: 0.187[s] Speed: 171.2[samples/s]
2025-12-12 09:13:26,581 MambaPro.train INFO: Epoch 13 done. Time per batch: 0.186[s] Speed: 172.1[samples/s]
2025-12-12 09:13:46,503 MambaPro.train INFO: Epoch 14 done. Time per batch: 0.186[s] Speed: 171.9[samples/s]
2025-12-12 09:14:06,452 MambaPro.train INFO: Epoch 15 done. Time per batch: 0.186[s] Speed: 171.6[samples/s]
2025-12-12 09:14:14,028 MambaPro.train INFO: Validation Results - Epoch: 15
2025-12-12 09:14:14,028 MambaPro.train INFO: Current mAP: 60.5%
2025-12-12 09:14:14,028 MambaPro.train INFO: CMC curve, Rank-1  :64.1%
2025-12-12 09:14:14,028 MambaPro.train INFO: CMC curve, Rank-5  :79.2%
2025-12-12 09:14:14,028 MambaPro.train INFO: CMC curve, Rank-10 :87.2%
2025-12-12 09:14:14,029 MambaPro.train INFO: 🎯 New Best! Saving model...
2025-12-12 09:14:14,676 MambaPro.train INFO: [Epoch 15] 指标集合列表（历史）
2025-12-12 09:14:14,676 MambaPro.train INFO: history_mAP:{53.9 , 38.6 , 60.5}
2025-12-12 09:14:14,676 MambaPro.train INFO: best_mAP:{60.5}
2025-12-12 09:14:14,676 MambaPro.train INFO: history_Rank-1:{62.0 , 40.2 , 64.1}
2025-12-12 09:14:14,676 MambaPro.train INFO: best_Rank-1:{64.1}
2025-12-12 09:14:14,676 MambaPro.train INFO: history_Rank-5:{74.5 , 56.1 , 79.2}
2025-12-12 09:14:14,676 MambaPro.train INFO: best_Rank-5:{79.2}
2025-12-12 09:14:14,676 MambaPro.train INFO: history_Rank-10:{78.6 , 64.5 , 87.2}
2025-12-12 09:14:14,676 MambaPro.train INFO: best_Rank-10:{87.2}
2025-12-12 09:14:14,676 MambaPro.train INFO: history_Experts:{[0.36 , 0.33 , 0.31] , [0.37 , 0.33 , 0.30] , [0.41 , 0.33 , 0.26]}
2025-12-12 09:14:14,676 MambaPro.train INFO: best_Experts:{[0.41 , 0.33 , 0.26]}
2025-12-12 09:14:14,676 MambaPro.train INFO: 🔥 MoE损失(Val): 平衡=0.0000, 稀疏性=0.9832, 多样性=2.5369, 总=0.0026 (权重: 平衡=0.001, 稀疏性=0.000, 多样性=0.001)
2025-12-12 09:14:14,676 MambaPro.train INFO:    📊 专家权重分布(Val): [0.41 , 0.33 , 0.26]
2025-12-12 09:14:34,743 MambaPro.train INFO: Epoch 16 done. Time per batch: 0.186[s] Speed: 171.8[samples/s]
2025-12-12 09:14:54,647 MambaPro.train INFO: Epoch 17 done. Time per batch: 0.186[s] Speed: 172.0[samples/s]
2025-12-12 09:15:14,359 MambaPro.train INFO: Epoch 18 done. Time per batch: 0.186[s] Speed: 172.1[samples/s]
2025-12-12 09:15:34,341 MambaPro.train INFO: Epoch 19 done. Time per batch: 0.187[s] Speed: 171.4[samples/s]
2025-12-12 09:15:54,253 MambaPro.train INFO: Epoch 20 done. Time per batch: 0.186[s] Speed: 172.0[samples/s]
2025-12-12 09:16:02,166 MambaPro.train INFO: Validation Results - Epoch: 20
2025-12-12 09:16:02,166 MambaPro.train INFO: Current mAP: 48.0%
2025-12-12 09:16:02,166 MambaPro.train INFO: CMC curve, Rank-1  :53.1%
2025-12-12 09:16:02,166 MambaPro.train INFO: CMC curve, Rank-5  :69.1%
2025-12-12 09:16:02,167 MambaPro.train INFO: CMC curve, Rank-10 :76.9%
2025-12-12 09:16:02,167 MambaPro.train INFO: [Epoch 20] 指标集合列表（历史）
2025-12-12 09:16:02,167 MambaPro.train INFO: history_mAP:{53.9 , 38.6 , 60.5 , 48.0}
2025-12-12 09:16:02,167 MambaPro.train INFO: best_mAP:{60.5}
2025-12-12 09:16:02,167 MambaPro.train INFO: history_Rank-1:{62.0 , 40.2 , 64.1 , 53.1}
2025-12-12 09:16:02,167 MambaPro.train INFO: best_Rank-1:{64.1}
2025-12-12 09:16:02,167 MambaPro.train INFO: history_Rank-5:{74.5 , 56.1 , 79.2 , 69.1}
2025-12-12 09:16:02,167 MambaPro.train INFO: best_Rank-5:{79.2}
2025-12-12 09:16:02,167 MambaPro.train INFO: history_Rank-10:{78.6 , 64.5 , 87.2 , 76.9}
2025-12-12 09:16:02,167 MambaPro.train INFO: best_Rank-10:{87.2}
2025-12-12 09:16:02,167 MambaPro.train INFO: history_Experts:{[0.36 , 0.33 , 0.31] , [0.37 , 0.33 , 0.30] , [0.41 , 0.33 , 0.26] , [0.59 , 0.24 , 0.17]}
2025-12-12 09:16:02,167 MambaPro.train INFO: best_Experts:{[0.41 , 0.33 , 0.26]}
2025-12-12 09:16:02,167 MambaPro.train INFO: 🔥 MoE损失(Val): 平衡=0.0894, 稀疏性=0.8438, 多样性=1.7144, 总=0.0019 (权重: 平衡=0.001, 稀疏性=0.000, 多样性=0.001)
2025-12-12 09:16:02,167 MambaPro.train INFO:    📊 专家权重分布(Val): [0.59 , 0.24 , 0.17]
2025-12-12 09:16:22,086 MambaPro.train INFO: Epoch 21 done. Time per batch: 0.187[s] Speed: 171.5[samples/s]
2025-12-12 09:16:42,133 MambaPro.train INFO: Epoch 22 done. Time per batch: 0.187[s] Speed: 170.8[samples/s]
2025-12-12 09:17:02,104 MambaPro.train INFO: Epoch 23 done. Time per batch: 0.187[s] Speed: 171.5[samples/s]
2025-12-12 09:17:22,094 MambaPro.train INFO: Epoch 24 done. Time per batch: 0.187[s] Speed: 171.3[samples/s]
2025-12-12 09:17:41,890 MambaPro.train INFO: Epoch 25 done. Time per batch: 0.187[s] Speed: 171.3[samples/s]
2025-12-12 09:17:49,475 MambaPro.train INFO: Validation Results - Epoch: 25
2025-12-12 09:17:49,476 MambaPro.train INFO: Current mAP: 71.4%
2025-12-12 09:17:49,476 MambaPro.train INFO: CMC curve, Rank-1  :74.3%
2025-12-12 09:17:49,476 MambaPro.train INFO: CMC curve, Rank-5  :84.9%
2025-12-12 09:17:49,476 MambaPro.train INFO: CMC curve, Rank-10 :89.0%
2025-12-12 09:17:49,476 MambaPro.train INFO: 🎯 New Best! Saving model...
2025-12-12 09:17:50,473 MambaPro.train INFO: [Epoch 25] 指标集合列表（历史）
2025-12-12 09:17:50,473 MambaPro.train INFO: history_mAP:{53.9 , 38.6 , 60.5 , 48.0 , 71.4}
2025-12-12 09:17:50,473 MambaPro.train INFO: best_mAP:{71.4}
2025-12-12 09:17:50,473 MambaPro.train INFO: history_Rank-1:{62.0 , 40.2 , 64.1 , 53.1 , 74.3}
2025-12-12 09:17:50,473 MambaPro.train INFO: best_Rank-1:{74.3}
2025-12-12 09:17:50,473 MambaPro.train INFO: history_Rank-5:{74.5 , 56.1 , 79.2 , 69.1 , 84.9}
2025-12-12 09:17:50,473 MambaPro.train INFO: best_Rank-5:{84.9}
2025-12-12 09:17:50,473 MambaPro.train INFO: history_Rank-10:{78.6 , 64.5 , 87.2 , 76.9 , 89.0}
2025-12-12 09:17:50,473 MambaPro.train INFO: best_Rank-10:{89.0}
2025-12-12 09:17:50,473 MambaPro.train INFO: history_Experts:{[0.36 , 0.33 , 0.31] , [0.37 , 0.33 , 0.30] , [0.41 , 0.33 , 0.26] , [0.59 , 0.24 , 0.17] , [0.78 , 0.12 , 0.10]}
2025-12-12 09:17:50,473 MambaPro.train INFO: best_Experts:{[0.78 , 0.12 , 0.10]}
2025-12-12 09:17:50,473 MambaPro.train INFO: 🔥 MoE损失(Val): 平衡=0.4578, 稀疏性=0.5471, 多样性=0.7655, 总=0.0013 (权重: 平衡=0.001, 稀疏性=0.000, 多样性=0.001)
2025-12-12 09:17:50,473 MambaPro.train INFO:    📊 专家权重分布(Val): [0.78 , 0.12 , 0.10]
2025-12-12 09:18:10,569 MambaPro.train INFO: Epoch 26 done. Time per batch: 0.187[s] Speed: 171.5[samples/s]
2025-12-12 09:18:30,549 MambaPro.train INFO: Epoch 27 done. Time per batch: 0.187[s] Speed: 171.4[samples/s]
2025-12-12 09:18:50,506 MambaPro.train INFO: Epoch 28 done. Time per batch: 0.187[s] Speed: 171.6[samples/s]
2025-12-12 09:19:10,505 MambaPro.train INFO: Epoch 29 done. Time per batch: 0.187[s] Speed: 171.2[samples/s]
2025-12-12 09:19:30,503 MambaPro.train INFO: Epoch 30 done. Time per batch: 0.187[s] Speed: 171.2[samples/s]
2025-12-12 09:19:38,476 MambaPro.train INFO: Validation Results - Epoch: 30
2025-12-12 09:19:38,477 MambaPro.train INFO: Current mAP: 74.2%
2025-12-12 09:19:38,477 MambaPro.train INFO: CMC curve, Rank-1  :77.5%
2025-12-12 09:19:38,477 MambaPro.train INFO: CMC curve, Rank-5  :85.4%
2025-12-12 09:19:38,477 MambaPro.train INFO: CMC curve, Rank-10 :88.8%
2025-12-12 09:19:38,478 MambaPro.train INFO: 🎯 New Best! Saving model...
2025-12-12 09:19:39,122 MambaPro.train INFO: [Epoch 30] 指标集合列表（历史）
2025-12-12 09:19:39,122 MambaPro.train INFO: history_mAP:{53.9 , 38.6 , 60.5 , 48.0 , 71.4 , 74.2}
2025-12-12 09:19:39,122 MambaPro.train INFO: best_mAP:{74.2}
2025-12-12 09:19:39,122 MambaPro.train INFO: history_Rank-1:{62.0 , 40.2 , 64.1 , 53.1 , 74.3 , 77.5}
2025-12-12 09:19:39,122 MambaPro.train INFO: best_Rank-1:{77.5}
2025-12-12 09:19:39,122 MambaPro.train INFO: history_Rank-5:{74.5 , 56.1 , 79.2 , 69.1 , 84.9 , 85.4}
2025-12-12 09:19:39,122 MambaPro.train INFO: best_Rank-5:{85.4}
2025-12-12 09:19:39,122 MambaPro.train INFO: history_Rank-10:{78.6 , 64.5 , 87.2 , 76.9 , 89.0 , 88.8}
2025-12-12 09:19:39,122 MambaPro.train INFO: best_Rank-10:{89.0}
2025-12-12 09:19:39,122 MambaPro.train INFO: history_Experts:{[0.36 , 0.33 , 0.31] , [0.37 , 0.33 , 0.30] , [0.41 , 0.33 , 0.26] , [0.59 , 0.24 , 0.17] , [0.78 , 0.12 , 0.10] , [0.85 , 0.08 , 0.07]}
2025-12-12 09:19:39,122 MambaPro.train INFO: best_Experts:{[0.85 , 0.08 , 0.07]}
2025-12-12 09:19:39,122 MambaPro.train INFO: 🔥 MoE损失(Val): 平衡=0.6814, 稀疏性=0.3926, 多样性=0.4727, 总=0.0012 (权重: 平衡=0.001, 稀疏性=0.000, 多样性=0.001)
2025-12-12 09:19:39,123 MambaPro.train INFO:    📊 专家权重分布(Val): [0.85 , 0.08 , 0.07]
2025-12-12 09:19:59,381 MambaPro.train INFO: Epoch 31 done. Time per batch: 0.188[s] Speed: 170.2[samples/s]
2025-12-12 09:20:19,255 MambaPro.train INFO: Epoch 32 done. Time per batch: 0.187[s] Speed: 170.7[samples/s]
2025-12-12 09:20:39,269 MambaPro.train INFO: Epoch 33 done. Time per batch: 0.187[s] Speed: 171.1[samples/s]
2025-12-12 09:20:59,096 MambaPro.train INFO: Epoch 34 done. Time per batch: 0.187[s] Speed: 171.1[samples/s]
2025-12-12 09:21:19,155 MambaPro.train INFO: Epoch 35 done. Time per batch: 0.187[s] Speed: 170.7[samples/s]
2025-12-12 09:21:26,669 MambaPro.train INFO: Validation Results - Epoch: 35
2025-12-12 09:21:26,670 MambaPro.train INFO: Current mAP: 75.5%
2025-12-12 09:21:26,670 MambaPro.train INFO: CMC curve, Rank-1  :78.0%
2025-12-12 09:21:26,670 MambaPro.train INFO: CMC curve, Rank-5  :87.3%
2025-12-12 09:21:26,670 MambaPro.train INFO: CMC curve, Rank-10 :91.1%
2025-12-12 09:21:26,670 MambaPro.train INFO: 🎯 New Best! Saving model...
2025-12-12 09:21:27,308 MambaPro.train INFO: [Epoch 35] 指标集合列表（历史）
2025-12-12 09:21:27,308 MambaPro.train INFO: history_mAP:{53.9 , 38.6 , 60.5 , 48.0 , 71.4 , 74.2 , 75.5}
2025-12-12 09:21:27,309 MambaPro.train INFO: best_mAP:{75.5}
2025-12-12 09:21:27,309 MambaPro.train INFO: history_Rank-1:{62.0 , 40.2 , 64.1 , 53.1 , 74.3 , 77.5 , 78.0}
2025-12-12 09:21:27,309 MambaPro.train INFO: best_Rank-1:{78.0}
2025-12-12 09:21:27,309 MambaPro.train INFO: history_Rank-5:{74.5 , 56.1 , 79.2 , 69.1 , 84.9 , 85.4 , 87.3}
2025-12-12 09:21:27,309 MambaPro.train INFO: best_Rank-5:{87.3}
2025-12-12 09:21:27,309 MambaPro.train INFO: history_Rank-10:{78.6 , 64.5 , 87.2 , 76.9 , 89.0 , 88.8 , 91.1}
2025-12-12 09:21:27,309 MambaPro.train INFO: best_Rank-10:{91.1}
2025-12-12 09:21:27,309 MambaPro.train INFO: history_Experts:{[0.36 , 0.33 , 0.31] , [0.37 , 0.33 , 0.30] , [0.41 , 0.33 , 0.26] , [0.59 , 0.24 , 0.17] , [0.78 , 0.12 , 0.10] , [0.85 , 0.08 , 0.07] , [0.89 , 0.06 , 0.05]}
2025-12-12 09:21:27,309 MambaPro.train INFO: best_Experts:{[0.89 , 0.06 , 0.05]}
2025-12-12 09:21:27,309 MambaPro.train INFO: 🔥 MoE损失(Val): 平衡=0.8167, 稀疏性=0.3026, 多样性=0.3370, 总=0.0012 (权重: 平衡=0.001, 稀疏性=0.000, 多样性=0.001)
2025-12-12 09:21:27,309 MambaPro.train INFO:    📊 专家权重分布(Val): [0.89 , 0.06 , 0.05]
2025-12-12 09:21:47,464 MambaPro.train INFO: Epoch 36 done. Time per batch: 0.187[s] Speed: 171.0[samples/s]
2025-12-12 09:22:07,561 MambaPro.train INFO: Epoch 37 done. Time per batch: 0.188[s] Speed: 170.4[samples/s]
2025-12-12 09:22:27,413 MambaPro.train INFO: Epoch 38 done. Time per batch: 0.187[s] Speed: 170.9[samples/s]
2025-12-12 09:22:47,500 MambaPro.train INFO: Epoch 39 done. Time per batch: 0.188[s] Speed: 170.5[samples/s]
2025-12-12 09:23:07,299 MambaPro.train INFO: Epoch 40 done. Time per batch: 0.187[s] Speed: 171.3[samples/s]
2025-12-12 09:23:15,194 MambaPro.train INFO: Validation Results - Epoch: 40
2025-12-12 09:23:15,194 MambaPro.train INFO: Current mAP: 77.3%
2025-12-12 09:23:15,194 MambaPro.train INFO: CMC curve, Rank-1  :78.8%
2025-12-12 09:23:15,194 MambaPro.train INFO: CMC curve, Rank-5  :89.0%
2025-12-12 09:23:15,194 MambaPro.train INFO: CMC curve, Rank-10 :92.8%
2025-12-12 09:23:15,195 MambaPro.train INFO: 🎯 New Best! Saving model...
2025-12-12 09:23:15,822 MambaPro.train INFO: [Epoch 40] 指标集合列表（历史）
2025-12-12 09:23:15,822 MambaPro.train INFO: history_mAP:{53.9 , 38.6 , 60.5 , 48.0 , 71.4 , 74.2 , 75.5 , 77.3}
2025-12-12 09:23:15,822 MambaPro.train INFO: best_mAP:{77.3}
2025-12-12 09:23:15,822 MambaPro.train INFO: history_Rank-1:{62.0 , 40.2 , 64.1 , 53.1 , 74.3 , 77.5 , 78.0 , 78.8}
2025-12-12 09:23:15,822 MambaPro.train INFO: best_Rank-1:{78.8}
2025-12-12 09:23:15,822 MambaPro.train INFO: history_Rank-5:{74.5 , 56.1 , 79.2 , 69.1 , 84.9 , 85.4 , 87.3 , 89.0}
2025-12-12 09:23:15,822 MambaPro.train INFO: best_Rank-5:{89.0}
2025-12-12 09:23:15,822 MambaPro.train INFO: history_Rank-10:{78.6 , 64.5 , 87.2 , 76.9 , 89.0 , 88.8 , 91.1 , 92.8}
2025-12-12 09:23:15,822 MambaPro.train INFO: best_Rank-10:{92.8}
2025-12-12 09:23:15,822 MambaPro.train INFO: history_Experts:{[0.36 , 0.33 , 0.31] , [0.37 , 0.33 , 0.30] , [0.41 , 0.33 , 0.26] , [0.59 , 0.24 , 0.17] , [0.78 , 0.12 , 0.10] , [0.85 , 0.08 , 0.07] , [0.89 , 0.06 , 0.05] , [0.91 , 0.05 , 0.04]}
2025-12-12 09:23:15,822 MambaPro.train INFO: best_Experts:{[0.91 , 0.05 , 0.04]}
2025-12-12 09:23:15,822 MambaPro.train INFO: 🔥 MoE损失(Val): 平衡=0.8950, 稀疏性=0.2514, 多样性=0.2685, 总=0.0012 (权重: 平衡=0.001, 稀疏性=0.000, 多样性=0.001)
2025-12-12 09:23:15,823 MambaPro.train INFO:    📊 专家权重分布(Val): [0.91 , 0.05 , 0.04]
2025-12-12 09:23:36,143 MambaPro.train INFO: Epoch 41 done. Time per batch: 0.189[s] Speed: 169.6[samples/s]
2025-12-12 09:23:56,218 MambaPro.train INFO: Epoch 42 done. Time per batch: 0.188[s] Speed: 170.6[samples/s]
2025-12-12 09:24:16,240 MambaPro.train INFO: Epoch 43 done. Time per batch: 0.187[s] Speed: 171.0[samples/s]
2025-12-12 09:24:36,233 MambaPro.train INFO: Epoch 44 done. Time per batch: 0.187[s] Speed: 171.3[samples/s]
2025-12-12 09:24:56,238 MambaPro.train INFO: Epoch 45 done. Time per batch: 0.187[s] Speed: 171.2[samples/s]
2025-12-12 09:25:03,784 MambaPro.train INFO: Validation Results - Epoch: 45
2025-12-12 09:25:03,784 MambaPro.train INFO: Current mAP: 78.0%
2025-12-12 09:25:03,784 MambaPro.train INFO: CMC curve, Rank-1  :80.9%
2025-12-12 09:25:03,784 MambaPro.train INFO: CMC curve, Rank-5  :90.0%
2025-12-12 09:25:03,784 MambaPro.train INFO: CMC curve, Rank-10 :92.8%
2025-12-12 09:25:03,786 MambaPro.train INFO: 🎯 New Best! Saving model...
2025-12-12 09:25:04,417 MambaPro.train INFO: [Epoch 45] 指标集合列表（历史）
2025-12-12 09:25:04,417 MambaPro.train INFO: history_mAP:{53.9 , 38.6 , 60.5 , 48.0 , 71.4 , 74.2 , 75.5 , 77.3 , 78.0}
2025-12-12 09:25:04,417 MambaPro.train INFO: best_mAP:{78.0}
2025-12-12 09:25:04,417 MambaPro.train INFO: history_Rank-1:{62.0 , 40.2 , 64.1 , 53.1 , 74.3 , 77.5 , 78.0 , 78.8 , 80.9}
2025-12-12 09:25:04,417 MambaPro.train INFO: best_Rank-1:{80.9}
2025-12-12 09:25:04,417 MambaPro.train INFO: history_Rank-5:{74.5 , 56.1 , 79.2 , 69.1 , 84.9 , 85.4 , 87.3 , 89.0 , 90.0}
2025-12-12 09:25:04,417 MambaPro.train INFO: best_Rank-5:{90.0}
2025-12-12 09:25:04,417 MambaPro.train INFO: history_Rank-10:{78.6 , 64.5 , 87.2 , 76.9 , 89.0 , 88.8 , 91.1 , 92.8}
2025-12-12 09:25:04,417 MambaPro.train INFO: best_Rank-10:{92.8}
2025-12-12 09:25:04,417 MambaPro.train INFO: history_Experts:{[0.36 , 0.33 , 0.31] , [0.37 , 0.33 , 0.30] , [0.41 , 0.33 , 0.26] , [0.59 , 0.24 , 0.17] , [0.78 , 0.12 , 0.10] , [0.85 , 0.08 , 0.07] , [0.89 , 0.06 , 0.05] , [0.91 , 0.05 , 0.04] , [0.92 , 0.04 , 0.04]}
2025-12-12 09:25:04,417 MambaPro.train INFO: best_Experts:{[0.92 , 0.04 , 0.04]}
2025-12-12 09:25:04,417 MambaPro.train INFO: 🔥 MoE损失(Val): 平衡=0.9468, 稀疏性=0.2179, 多样性=0.2266, 总=0.0012 (权重: 平衡=0.001, 稀疏性=0.000, 多样性=0.001)
2025-12-12 09:25:04,417 MambaPro.train INFO:    📊 专家权重分布(Val): [0.92 , 0.04 , 0.04]
2025-12-12 09:25:24,642 MambaPro.train INFO: Epoch 46 done. Time per batch: 0.188[s] Speed: 170.4[samples/s]
2025-12-12 09:25:44,739 MambaPro.train INFO: Epoch 47 done. Time per batch: 0.188[s] Speed: 170.4[samples/s]
2025-12-12 09:26:04,571 MambaPro.train INFO: Epoch 48 done. Time per batch: 0.187[s] Speed: 171.0[samples/s]
2025-12-12 09:26:24,582 MambaPro.train INFO: Epoch 49 done. Time per batch: 0.187[s] Speed: 171.1[samples/s]
2025-12-12 09:26:44,644 MambaPro.train INFO: Epoch 50 done. Time per batch: 0.187[s] Speed: 170.7[samples/s]
2025-12-12 09:26:52,618 MambaPro.train INFO: Validation Results - Epoch: 50
2025-12-12 09:26:52,618 MambaPro.train INFO: Current mAP: 77.0%
2025-12-12 09:26:52,618 MambaPro.train INFO: CMC curve, Rank-1  :79.1%
2025-12-12 09:26:52,619 MambaPro.train INFO: CMC curve, Rank-5  :88.6%
2025-12-12 09:26:52,619 MambaPro.train INFO: CMC curve, Rank-10 :92.1%
2025-12-12 09:26:52,619 MambaPro.train INFO: [Epoch 50] 指标集合列表（历史）
2025-12-12 09:26:52,619 MambaPro.train INFO: history_mAP:{53.9 , 38.6 , 60.5 , 48.0 , 71.4 , 74.2 , 75.5 , 77.3 , 78.0 , 77.0}
2025-12-12 09:26:52,619 MambaPro.train INFO: best_mAP:{78.0}
2025-12-12 09:26:52,619 MambaPro.train INFO: history_Rank-1:{62.0 , 40.2 , 64.1 , 53.1 , 74.3 , 77.5 , 78.0 , 78.8 , 80.9 , 79.1}
2025-12-12 09:26:52,619 MambaPro.train INFO: best_Rank-1:{80.9}
2025-12-12 09:26:52,619 MambaPro.train INFO: history_Rank-5:{74.5 , 56.1 , 79.2 , 69.1 , 84.9 , 85.4 , 87.3 , 89.0 , 90.0 , 88.6}
2025-12-12 09:26:52,619 MambaPro.train INFO: best_Rank-5:{90.0}
2025-12-12 09:26:52,619 MambaPro.train INFO: history_Rank-10:{78.6 , 64.5 , 87.2 , 76.9 , 89.0 , 88.8 , 91.1 , 92.8 , 92.1}
2025-12-12 09:26:52,619 MambaPro.train INFO: best_Rank-10:{92.8}
2025-12-12 09:26:52,619 MambaPro.train INFO: history_Experts:{[0.36 , 0.33 , 0.31] , [0.37 , 0.33 , 0.30] , [0.41 , 0.33 , 0.26] , [0.59 , 0.24 , 0.17] , [0.78 , 0.12 , 0.10] , [0.85 , 0.08 , 0.07] , [0.89 , 0.06 , 0.05] , [0.91 , 0.05 , 0.04] , [0.92 , 0.04 , 0.04] , [0.93 , 0.04 , 0.03]}
2025-12-12 09:26:52,619 MambaPro.train INFO: best_Experts:{[0.92 , 0.04 , 0.04]}
2025-12-12 09:26:52,619 MambaPro.train INFO: 🔥 MoE损失(Val): 平衡=0.9818, 稀疏性=0.1953, 多样性=0.1996, 总=0.0012 (权重: 平衡=0.001, 稀疏性=0.000, 多样性=0.001)
2025-12-12 09:26:52,619 MambaPro.train INFO:    📊 专家权重分布(Val): [0.93 , 0.04 , 0.03]
2025-12-12 09:27:12,688 MambaPro.train INFO: Epoch 51 done. Time per batch: 0.188[s] Speed: 170.2[samples/s]
2025-12-12 09:27:32,595 MambaPro.train INFO: Epoch 52 done. Time per batch: 0.188[s] Speed: 170.4[samples/s]
2025-12-12 09:27:52,654 MambaPro.train INFO: Epoch 53 done. Time per batch: 0.187[s] Speed: 170.7[samples/s]
2025-12-12 09:28:12,740 MambaPro.train INFO: Epoch 54 done. Time per batch: 0.188[s] Speed: 170.5[samples/s]
2025-12-12 09:28:32,877 MambaPro.train INFO: Epoch 55 done. Time per batch: 0.188[s] Speed: 170.0[samples/s]
2025-12-12 09:28:40,393 MambaPro.train INFO: Validation Results - Epoch: 55
2025-12-12 09:28:40,393 MambaPro.train INFO: Current mAP: 78.0%
2025-12-12 09:28:40,393 MambaPro.train INFO: CMC curve, Rank-1  :81.1%
2025-12-12 09:28:40,393 MambaPro.train INFO: CMC curve, Rank-5  :88.9%
2025-12-12 09:28:40,393 MambaPro.train INFO: CMC curve, Rank-10 :92.3%
2025-12-12 09:28:40,394 MambaPro.train INFO: 🎯 New Best! Saving model...
2025-12-12 09:28:41,041 MambaPro.train INFO: [Epoch 55] 指标集合列表（历史）
2025-12-12 09:28:41,041 MambaPro.train INFO: history_mAP:{53.9 , 38.6 , 60.5 , 48.0 , 71.4 , 74.2 , 75.5 , 77.3 , 78.0 , 77.0 , 78.0}
2025-12-12 09:28:41,041 MambaPro.train INFO: best_mAP:{78.0}
2025-12-12 09:28:41,042 MambaPro.train INFO: history_Rank-1:{62.0 , 40.2 , 64.1 , 53.1 , 74.3 , 77.5 , 78.0 , 78.8 , 80.9 , 79.1 , 81.1}
2025-12-12 09:28:41,042 MambaPro.train INFO: best_Rank-1:{81.1}
2025-12-12 09:28:41,042 MambaPro.train INFO: history_Rank-5:{74.5 , 56.1 , 79.2 , 69.1 , 84.9 , 85.4 , 87.3 , 89.0 , 90.0 , 88.6 , 88.9}
2025-12-12 09:28:41,042 MambaPro.train INFO: best_Rank-5:{90.0}
2025-12-12 09:28:41,042 MambaPro.train INFO: history_Rank-10:{78.6 , 64.5 , 87.2 , 76.9 , 89.0 , 88.8 , 91.1 , 92.8 , 92.1 , 92.3}
2025-12-12 09:28:41,042 MambaPro.train INFO: best_Rank-10:{92.8}
2025-12-12 09:28:41,042 MambaPro.train INFO: history_Experts:{[0.36 , 0.33 , 0.31] , [0.37 , 0.33 , 0.30] , [0.41 , 0.33 , 0.26] , [0.59 , 0.24 , 0.17] , [0.78 , 0.12 , 0.10] , [0.85 , 0.08 , 0.07] , [0.89 , 0.06 , 0.05] , [0.91 , 0.05 , 0.04] , [0.92 , 0.04 , 0.04] , [0.93 , 0.04 , 0.03] , [0.94 , 0.03 , 0.03]}
2025-12-12 09:28:41,042 MambaPro.train INFO: best_Experts:{[0.94 , 0.03 , 0.03]}
2025-12-12 09:28:41,042 MambaPro.train INFO: 🔥 MoE损失(Val): 平衡=1.0085, 稀疏性=0.1781, 多样性=0.1797, 总=0.0012 (权重: 平衡=0.001, 稀疏性=0.000, 多样性=0.001)
2025-12-12 09:28:41,042 MambaPro.train INFO:    📊 专家权重分布(Val): [0.94 , 0.03 , 0.03]
2025-12-12 09:29:01,086 MambaPro.train INFO: Epoch 56 done. Time per batch: 0.188[s] Speed: 170.4[samples/s]
2025-12-12 09:29:21,180 MambaPro.train INFO: Epoch 57 done. Time per batch: 0.188[s] Speed: 170.4[samples/s]
2025-12-12 09:29:41,254 MambaPro.train INFO: Epoch 58 done. Time per batch: 0.188[s] Speed: 170.6[samples/s]
2025-12-12 09:30:01,153 MambaPro.train INFO: Epoch 59 done. Time per batch: 0.188[s] Speed: 170.5[samples/s]
2025-12-12 09:30:21,225 MambaPro.train INFO: Epoch 60 done. Time per batch: 0.188[s] Speed: 170.6[samples/s]
2025-12-12 09:30:29,168 MambaPro.train INFO: Validation Results - Epoch: 60
2025-12-12 09:30:29,168 MambaPro.train INFO: Current mAP: 77.8%
2025-12-12 09:30:29,168 MambaPro.train INFO: CMC curve, Rank-1  :80.7%
2025-12-12 09:30:29,168 MambaPro.train INFO: CMC curve, Rank-5  :89.0%
2025-12-12 09:30:29,168 MambaPro.train INFO: CMC curve, Rank-10 :92.3%
2025-12-12 09:30:29,169 MambaPro.train INFO: [Epoch 60] 指标集合列表（历史）
2025-12-12 09:30:29,169 MambaPro.train INFO: history_mAP:{53.9 , 38.6 , 60.5 , 48.0 , 71.4 , 74.2 , 75.5 , 77.3 , 78.0 , 77.0 , 78.0 , 77.8}
2025-12-12 09:30:29,169 MambaPro.train INFO: best_mAP:{78.0}
2025-12-12 09:30:29,169 MambaPro.train INFO: history_Rank-1:{62.0 , 40.2 , 64.1 , 53.1 , 74.3 , 77.5 , 78.0 , 78.8 , 80.9 , 79.1 , 81.1 , 80.7}
2025-12-12 09:30:29,169 MambaPro.train INFO: best_Rank-1:{81.1}
2025-12-12 09:30:29,169 MambaPro.train INFO: history_Rank-5:{74.5 , 56.1 , 79.2 , 69.1 , 84.9 , 85.4 , 87.3 , 89.0 , 90.0 , 88.6 , 88.9}
2025-12-12 09:30:29,169 MambaPro.train INFO: best_Rank-5:{90.0}
2025-12-12 09:30:29,169 MambaPro.train INFO: history_Rank-10:{78.6 , 64.5 , 87.2 , 76.9 , 89.0 , 88.8 , 91.1 , 92.8 , 92.1 , 92.3}
2025-12-12 09:30:29,169 MambaPro.train INFO: best_Rank-10:{92.8}
2025-12-12 09:30:29,169 MambaPro.train INFO: history_Experts:{[0.36 , 0.33 , 0.31] , [0.37 , 0.33 , 0.30] , [0.41 , 0.33 , 0.26] , [0.59 , 0.24 , 0.17] , [0.78 , 0.12 , 0.10] , [0.85 , 0.08 , 0.07] , [0.89 , 0.06 , 0.05] , [0.91 , 0.05 , 0.04] , [0.92 , 0.04 , 0.04] , [0.93 , 0.04 , 0.03] , [0.94 , 0.03 , 0.03] , [0.94 , 0.03 , 0.03]}
2025-12-12 09:30:29,169 MambaPro.train INFO: best_Experts:{[0.94 , 0.03 , 0.03]}
2025-12-12 09:30:29,169 MambaPro.train INFO: 🔥 MoE损失(Val): 平衡=1.0295, 稀疏性=0.1647, 多样性=0.1644, 总=0.0012 (权重: 平衡=0.001, 稀疏性=0.000, 多样性=0.001)
2025-12-12 09:30:29,169 MambaPro.train INFO:    📊 专家权重分布(Val): [0.94 , 0.03 , 0.03]
2025-12-12 09:30:29,304 MambaPro.train INFO: ============================================================
