2025-12-22 00:50:35,752 MambaPro INFO: 🔥 窗口配置：8x8+16x16 ([8, 16]), MoE专家数量：2
2025-12-22 00:50:35,752 MambaPro INFO: ================================================================================
2025-12-22 00:50:35,752 MambaPro INFO: 🧾 实验参数快照（命令行 + 最终配置）
2025-12-22 00:50:35,752 MambaPro INFO: ================================================================================
2025-12-22 00:50:35,752 MambaPro INFO: 【复现实验命令】
2025-12-22 00:50:35,752 MambaPro INFO: /home/zhanghaoyang/.conda/envs/MambaPro/bin/python train_net.py --use_multi_scale --use_moe --config_file configs/RGBNT100/jzb_baseline_optimize.yml OUTPUT_DIR ./outputs/rgbnt100_multiscale/8x8+16x16_20251222_005033 MODEL.CLIP_MULTI_SCALE_SCALES [8,16] MODEL.MOE_SCALES [8,16] MODEL.MOE_NUM_EXPERTS 2
2025-12-22 00:50:35,752 MambaPro INFO: 【命令行参数（args）】
2025-12-22 00:50:35,752 MambaPro INFO: {
2025-12-22 00:50:35,752 MambaPro INFO:   "config_file": "configs/RGBNT100/jzb_baseline_optimize.yml",
2025-12-22 00:50:35,752 MambaPro INFO:   "fea_cft": 0,
2025-12-22 00:50:35,752 MambaPro INFO:   "opts": [
2025-12-22 00:50:35,752 MambaPro INFO:     "OUTPUT_DIR",
2025-12-22 00:50:35,752 MambaPro INFO:     "./outputs/rgbnt100_multiscale/8x8+16x16_20251222_005033",
2025-12-22 00:50:35,752 MambaPro INFO:     "MODEL.CLIP_MULTI_SCALE_SCALES",
2025-12-22 00:50:35,752 MambaPro INFO:     "[8,16]",
2025-12-22 00:50:35,752 MambaPro INFO:     "MODEL.MOE_SCALES",
2025-12-22 00:50:35,752 MambaPro INFO:     "[8,16]",
2025-12-22 00:50:35,752 MambaPro INFO:     "MODEL.MOE_NUM_EXPERTS",
2025-12-22 00:50:35,752 MambaPro INFO:     "2"
2025-12-22 00:50:35,752 MambaPro INFO:   ],
2025-12-22 00:50:35,752 MambaPro INFO:   "local_rank": 0,
2025-12-22 00:50:35,752 MambaPro INFO:   "use_multi_scale": true,
2025-12-22 00:50:35,752 MambaPro INFO:   "no_multi_scale": false,
2025-12-22 00:50:35,752 MambaPro INFO:   "use_moe": true,
2025-12-22 00:50:35,752 MambaPro INFO:   "disable_moe": false,
2025-12-22 00:50:35,752 MambaPro INFO:   "no_moe": false,
2025-12-22 00:50:35,752 MambaPro INFO:   "use_attention": false,
2025-12-22 00:50:35,752 MambaPro INFO:   "disable_attention": false,
2025-12-22 00:50:35,752 MambaPro INFO:   "attention_heads": 8,
2025-12-22 00:50:35,752 MambaPro INFO:   "attention_dropout": 0.1,
2025-12-22 00:50:35,752 MambaPro INFO:   "resume": ""
2025-12-22 00:50:35,752 MambaPro INFO: }
2025-12-22 00:50:35,752 MambaPro INFO: 【工作目录】/home/zhanghaoyang/Desktop/yzy/AboutReid
2025-12-22 00:50:35,752 MambaPro INFO: 【最终配置（YAML）】
2025-12-22 00:50:35,755 MambaPro INFO: DATALOADER:
2025-12-22 00:50:35,755 MambaPro INFO:   NUM_INSTANCE: 16
2025-12-22 00:50:35,755 MambaPro INFO:   NUM_WORKERS: 8
2025-12-22 00:50:35,755 MambaPro INFO:   SAMPLER: softmax_triplet
2025-12-22 00:50:35,755 MambaPro INFO: DATASETS:
2025-12-22 00:50:35,755 MambaPro INFO:   NAMES: RGBNT100
2025-12-22 00:50:35,755 MambaPro INFO:   ROOT_DIR: /home/zhanghaoyang/Desktop/yzy/MambaPro/data/datasets
2025-12-22 00:50:35,755 MambaPro INFO: INPUT:
2025-12-22 00:50:35,755 MambaPro INFO:   PADDING: 10
2025-12-22 00:50:35,755 MambaPro INFO:   PIXEL_MEAN:
2025-12-22 00:50:35,755 MambaPro INFO:   - 0.5
2025-12-22 00:50:35,755 MambaPro INFO:   - 0.5
2025-12-22 00:50:35,755 MambaPro INFO:   - 0.5
2025-12-22 00:50:35,755 MambaPro INFO:   PIXEL_STD:
2025-12-22 00:50:35,755 MambaPro INFO:   - 0.5
2025-12-22 00:50:35,755 MambaPro INFO:   - 0.5
2025-12-22 00:50:35,755 MambaPro INFO:   - 0.5
2025-12-22 00:50:35,755 MambaPro INFO:   PROB: 0.5
2025-12-22 00:50:35,755 MambaPro INFO:   RE_PROB: 0.5
2025-12-22 00:50:35,755 MambaPro INFO:   SIZE_TEST:
2025-12-22 00:50:35,755 MambaPro INFO:   - 128
2025-12-22 00:50:35,755 MambaPro INFO:   - 256
2025-12-22 00:50:35,755 MambaPro INFO:   SIZE_TRAIN:
2025-12-22 00:50:35,755 MambaPro INFO:   - 128
2025-12-22 00:50:35,755 MambaPro INFO:   - 256
2025-12-22 00:50:35,755 MambaPro INFO: MODEL:
2025-12-22 00:50:35,755 MambaPro INFO:   ADAPTER: true
2025-12-22 00:50:35,755 MambaPro INFO:   ATTENTION_DIM: 512
2025-12-22 00:50:35,755 MambaPro INFO:   ATTENTION_DROPOUT: 0.1
2025-12-22 00:50:35,755 MambaPro INFO:   ATTENTION_NUM_HEADS: 8
2025-12-22 00:50:35,755 MambaPro INFO:   ATT_DROP_RATE: 0.0
2025-12-22 00:50:35,755 MambaPro INFO:   CLIP_MULTI_SCALE_SCALES:
2025-12-22 00:50:35,755 MambaPro INFO:   - 8
2025-12-22 00:50:35,755 MambaPro INFO:   - 16
2025-12-22 00:50:35,755 MambaPro INFO:   DEVICE: cuda
2025-12-22 00:50:35,755 MambaPro INFO:   DEVICE_ID: '0'
2025-12-22 00:50:35,755 MambaPro INFO:   DIRECT: 0
2025-12-22 00:50:35,755 MambaPro INFO:   DIST_TRAIN: false
2025-12-22 00:50:35,755 MambaPro INFO:   DROP_OUT: 0.0
2025-12-22 00:50:35,755 MambaPro INFO:   DROP_PATH: 0.1
2025-12-22 00:50:35,755 MambaPro INFO:   FLOPS_TEST: false
2025-12-22 00:50:35,755 MambaPro INFO:   FROZEN: true
2025-12-22 00:50:35,755 MambaPro INFO:   GATE_DROPOUT: 0.1
2025-12-22 00:50:35,755 MambaPro INFO:   ID_LOSS_TYPE: softmax
2025-12-22 00:50:35,755 MambaPro INFO:   ID_LOSS_WEIGHT: 0.25
2025-12-22 00:50:35,755 MambaPro INFO:   IF_LABELSMOOTH: 'on'
2025-12-22 00:50:35,755 MambaPro INFO:   IF_WITH_CENTER: 'no'
2025-12-22 00:50:35,755 MambaPro INFO:   LAYER: -1
2025-12-22 00:50:35,755 MambaPro INFO:   MAMBA: true
2025-12-22 00:50:35,755 MambaPro INFO:   MAMBA_BI: false
2025-12-22 00:50:35,755 MambaPro INFO:   METRIC_LOSS_TYPE: triplet
2025-12-22 00:50:35,755 MambaPro INFO:   MOE_BALANCE_LOSS_WEIGHT: 0.01
2025-12-22 00:50:35,755 MambaPro INFO:   MOE_DIVERSITY_LOSS_WEIGHT: 0.01
2025-12-22 00:50:35,755 MambaPro INFO:   MOE_EXPERT_DROPOUT: 0.1
2025-12-22 00:50:35,755 MambaPro INFO:   MOE_EXPERT_HIDDEN_DIM: 1024
2025-12-22 00:50:35,755 MambaPro INFO:   MOE_EXPERT_LAYERS: 2
2025-12-22 00:50:35,756 MambaPro INFO:   MOE_EXPERT_THRESHOLD: 0.1
2025-12-22 00:50:35,756 MambaPro INFO:   MOE_FIXED_WEIGHTS:
2025-12-22 00:50:35,756 MambaPro INFO:   - 0.33
2025-12-22 00:50:35,756 MambaPro INFO:   - 0.33
2025-12-22 00:50:35,756 MambaPro INFO:   - 0.34
2025-12-22 00:50:35,756 MambaPro INFO:   MOE_GATE_DROPOUT: 0.1
2025-12-22 00:50:35,756 MambaPro INFO:   MOE_GATE_LAYERS: 2
2025-12-22 00:50:35,756 MambaPro INFO:   MOE_INIT_WEIGHTS: null
2025-12-22 00:50:35,756 MambaPro INFO:   MOE_NUM_EXPERTS: 2
2025-12-22 00:50:35,756 MambaPro INFO:   MOE_RESIDUAL_WEIGHT: 1.0
2025-12-22 00:50:35,756 MambaPro INFO:   MOE_SCALES:
2025-12-22 00:50:35,756 MambaPro INFO:   - 8
2025-12-22 00:50:35,756 MambaPro INFO:   - 16
2025-12-22 00:50:35,756 MambaPro INFO:   MOE_SPARSITY_LOSS_WEIGHT: 0.001
2025-12-22 00:50:35,756 MambaPro INFO:   MOE_TEMPERATURE: 1.0
2025-12-22 00:50:35,756 MambaPro INFO:   MOE_TOP_K: 2
2025-12-22 00:50:35,756 MambaPro INFO:   MOE_TOP_K_MODE: soft
2025-12-22 00:50:35,756 MambaPro INFO:   MOE_USE_FIXED_WEIGHTS: false
2025-12-22 00:50:35,756 MambaPro INFO:   MOE_USE_TOP_K_ROUTING: false
2025-12-22 00:50:35,756 MambaPro INFO:   MULTI_SCALE_SCALES:
2025-12-22 00:50:35,756 MambaPro INFO:   - 4
2025-12-22 00:50:35,756 MambaPro INFO:   - 8
2025-12-22 00:50:35,756 MambaPro INFO:   - 16
2025-12-22 00:50:35,756 MambaPro INFO:   NAME: MambaPro
2025-12-22 00:50:35,756 MambaPro INFO:   NECK: bnneck
2025-12-22 00:50:35,756 MambaPro INFO:   NO_MARGIN: true
2025-12-22 00:50:35,756 MambaPro INFO:   PREFIX_NUM: 1
2025-12-22 00:50:35,756 MambaPro INFO:   PRETRAIN_PATH_T: AboutReid/pths/ViT-B-16.pt
2025-12-22 00:50:35,756 MambaPro INFO:   PROMPT: true
2025-12-22 00:50:35,756 MambaPro INFO:   SIE_CAMERA: true
2025-12-22 00:50:35,756 MambaPro INFO:   SIE_COE: 1.0
2025-12-22 00:50:35,756 MambaPro INFO:   SIE_VIEW: false
2025-12-22 00:50:35,756 MambaPro INFO:   STRIDE_SIZE:
2025-12-22 00:50:35,756 MambaPro INFO:   - 16
2025-12-22 00:50:35,756 MambaPro INFO:   - 16
2025-12-22 00:50:35,756 MambaPro INFO:   TRANSFORMER_TYPE: ViT-B-16
2025-12-22 00:50:35,756 MambaPro INFO:   TRIPLET_LOSS_WEIGHT: 1.0
2025-12-22 00:50:35,756 MambaPro INFO:   USE_ATTENTION_FUSION: false
2025-12-22 00:50:35,756 MambaPro INFO:   USE_CLIP_MULTI_SCALE: true
2025-12-22 00:50:35,756 MambaPro INFO:   USE_GATE_FUSION: false
2025-12-22 00:50:35,756 MambaPro INFO:   USE_MULTI_SCALE: false
2025-12-22 00:50:35,756 MambaPro INFO:   USE_MULTI_SCALE_MOE: true
2025-12-22 00:50:35,756 MambaPro INFO: OUTPUT_DIR: outputs/rgbnt100_multiscale/8x8+16x16_20251222_005033
2025-12-22 00:50:35,756 MambaPro INFO: SOLVER:
2025-12-22 00:50:35,756 MambaPro INFO:   BASE_LR: 0.000175
2025-12-22 00:50:35,756 MambaPro INFO:   BIAS_LR_FACTOR: 2
2025-12-22 00:50:35,756 MambaPro INFO:   CENTER_LOSS_WEIGHT: 0.0005
2025-12-22 00:50:35,756 MambaPro INFO:   CENTER_LR: 0.5
2025-12-22 00:50:35,756 MambaPro INFO:   CHECKPOINT_PERIOD: 60
2025-12-22 00:50:35,756 MambaPro INFO:   CLUSTER_MARGIN: 0.3
2025-12-22 00:50:35,756 MambaPro INFO:   COSINE_MARGIN: 0.5
2025-12-22 00:50:35,756 MambaPro INFO:   COSINE_SCALE: 30
2025-12-22 00:50:35,756 MambaPro INFO:   EVAL_PERIOD: 1
2025-12-22 00:50:35,756 MambaPro INFO:   GAMMA: 0.1
2025-12-22 00:50:35,756 MambaPro INFO:   IMS_PER_BATCH: 64
2025-12-22 00:50:35,756 MambaPro INFO:   LARGE_FC_LR: false
2025-12-22 00:50:35,756 MambaPro INFO:   LOG_PERIOD: 10
2025-12-22 00:50:35,756 MambaPro INFO:   MARGIN: 0.3
2025-12-22 00:50:35,756 MambaPro INFO:   MAX_EPOCHS: 30
2025-12-22 00:50:35,756 MambaPro INFO:   MOE_BALANCE_LOSS_WEIGHT: 0.01
2025-12-22 00:50:35,756 MambaPro INFO:   MOE_BALANCE_LOSS_WEIGHT_END: 0.1
2025-12-22 00:50:35,756 MambaPro INFO:   MOE_BALANCE_LOSS_WEIGHT_START: 0.001
2025-12-22 00:50:35,756 MambaPro INFO:   MOE_BALANCE_THRESHOLD: 0.3
2025-12-22 00:50:35,756 MambaPro INFO:   MOE_DIVERSITY_LOSS_WEIGHT: 0.01
2025-12-22 00:50:35,756 MambaPro INFO:   MOE_DIVERSITY_LOSS_WEIGHT_END: 0.1
2025-12-22 00:50:35,756 MambaPro INFO:   MOE_DIVERSITY_LOSS_WEIGHT_START: 0.001
2025-12-22 00:50:35,756 MambaPro INFO:   MOE_GATE_LR_FACTOR: 0.01
2025-12-22 00:50:35,756 MambaPro INFO:   MOE_LOSS_WEIGHT_SCHEDULE_TYPE: cosine
2025-12-22 00:50:35,756 MambaPro INFO:   MOE_LOSS_WEIGHT_WARMUP_EPOCHS: 5
2025-12-22 00:50:35,756 MambaPro INFO:   MOE_SPARSITY_LOSS_WEIGHT: 0.001
2025-12-22 00:50:35,756 MambaPro INFO:   MOE_USE_DYNAMIC_LOSS_WEIGHT: false
2025-12-22 00:50:35,756 MambaPro INFO:   MOMENTUM: 0.9
2025-12-22 00:50:35,756 MambaPro INFO:   OPTIMIZER_NAME: Adam
2025-12-22 00:50:35,756 MambaPro INFO:   RANGE_ALPHA: 0
2025-12-22 00:50:35,756 MambaPro INFO:   RANGE_BETA: 1
2025-12-22 00:50:35,756 MambaPro INFO:   RANGE_K: 2
2025-12-22 00:50:35,756 MambaPro INFO:   RANGE_LOSS_WEIGHT: 1
2025-12-22 00:50:35,756 MambaPro INFO:   RANGE_MARGIN: 0.3
2025-12-22 00:50:35,756 MambaPro INFO:   SEED: 1111
2025-12-22 00:50:35,756 MambaPro INFO:   STEPS:
2025-12-22 00:50:35,756 MambaPro INFO:   - 40
2025-12-22 00:50:35,756 MambaPro INFO:   - 70
2025-12-22 00:50:35,756 MambaPro INFO:   WARMUP_FACTOR: 0.01
2025-12-22 00:50:35,756 MambaPro INFO:   WARMUP_ITERS: 5
2025-12-22 00:50:35,756 MambaPro INFO:   WARMUP_METHOD: linear
2025-12-22 00:50:35,756 MambaPro INFO:   WEIGHT_DECAY: 0.0001
2025-12-22 00:50:35,756 MambaPro INFO:   WEIGHT_DECAY_BIAS: 0.0001
2025-12-22 00:50:35,756 MambaPro INFO: TEST:
2025-12-22 00:50:35,756 MambaPro INFO:   FEAT: 0
2025-12-22 00:50:35,756 MambaPro INFO:   FEAT_NORM: 'yes'
2025-12-22 00:50:35,756 MambaPro INFO:   IMS_PER_BATCH: 64
2025-12-22 00:50:35,756 MambaPro INFO:   MISS: nothing
2025-12-22 00:50:35,756 MambaPro INFO:   NECK_FEAT: before
2025-12-22 00:50:35,756 MambaPro INFO:   RE_RANKING: 'no'
2025-12-22 00:50:35,756 MambaPro INFO:   WEIGHT: /home/zubuntu/workspace/MambaPro/MambaPro/pths/MambaProbest.pth
2025-12-22 00:50:35,756 MambaPro INFO: ================================================================================
2025-12-22 00:50:38,886 MambaPro.train INFO: start training
2025-12-22 00:52:10,944 MambaPro.train INFO: Epoch 1 done. Time per batch: 0.784[s] Speed: 81.7[samples/s]
2025-12-22 00:53:46,647 MambaPro.train INFO: Validation Results - Epoch: 1
2025-12-22 00:53:46,647 MambaPro.train INFO: Current mAP: 47.0%
2025-12-22 00:53:46,647 MambaPro.train INFO: CMC curve, Rank-1  :67.7%
2025-12-22 00:53:46,647 MambaPro.train INFO: CMC curve, Rank-5  :72.4%
2025-12-22 00:53:46,648 MambaPro.train INFO: CMC curve, Rank-10 :76.2%
2025-12-22 00:53:46,653 MambaPro.train INFO: 🎯 New Best! Saving model...
2025-12-22 00:53:46,996 MambaPro.train INFO: [Epoch 1] 指标集合列表（历史）
2025-12-22 00:53:46,996 MambaPro.train INFO: history_mAP:{47.0}
2025-12-22 00:53:46,996 MambaPro.train INFO: best_mAP:{47.0}
2025-12-22 00:53:46,996 MambaPro.train INFO: history_Rank-1:{67.7}
2025-12-22 00:53:46,996 MambaPro.train INFO: best_Rank-1:{67.7}
2025-12-22 00:53:46,996 MambaPro.train INFO: history_Rank-5:{72.4}
2025-12-22 00:53:46,996 MambaPro.train INFO: best_Rank-5:{72.4}
2025-12-22 00:53:46,996 MambaPro.train INFO: history_Rank-10:{76.2}
2025-12-22 00:53:46,996 MambaPro.train INFO: best_Rank-10:{76.2}
2025-12-22 00:53:46,996 MambaPro.train INFO: history_Experts:{[0.50 , 0.50]}
2025-12-22 00:53:46,996 MambaPro.train INFO: best_Experts:{[0.50 , 0.50]}
2025-12-22 00:53:46,996 MambaPro.train INFO: 🔥 MoE损失(Val): 平衡=0.0000, 稀疏性=1.0000, 多样性=24.9990, 总=0.2510 (权重: 平衡=0.010, 稀疏性=0.001, 多样性=0.010)
2025-12-22 00:53:46,996 MambaPro.train INFO:    📊 专家权重分布(Val, 2个专家): [0.50 , 0.50]
2025-12-22 00:55:17,597 MambaPro.train INFO: Epoch 2 done. Time per batch: 0.779[s] Speed: 82.2[samples/s]
2025-12-22 00:56:53,134 MambaPro.train INFO: Validation Results - Epoch: 2
2025-12-22 00:56:53,134 MambaPro.train INFO: Current mAP: 63.1%
2025-12-22 00:56:53,134 MambaPro.train INFO: CMC curve, Rank-1  :79.8%
2025-12-22 00:56:53,134 MambaPro.train INFO: CMC curve, Rank-5  :83.3%
2025-12-22 00:56:53,134 MambaPro.train INFO: CMC curve, Rank-10 :85.4%
2025-12-22 00:56:53,140 MambaPro.train INFO: 🎯 New Best! Saving model...
2025-12-22 00:56:53,643 MambaPro.train INFO: [Epoch 2] 指标集合列表（历史）
2025-12-22 00:56:53,643 MambaPro.train INFO: history_mAP:{47.0 , 63.1}
2025-12-22 00:56:53,643 MambaPro.train INFO: best_mAP:{63.1}
2025-12-22 00:56:53,643 MambaPro.train INFO: history_Rank-1:{67.7 , 79.8}
2025-12-22 00:56:53,643 MambaPro.train INFO: best_Rank-1:{79.8}
2025-12-22 00:56:53,643 MambaPro.train INFO: history_Rank-5:{72.4 , 83.3}
2025-12-22 00:56:53,643 MambaPro.train INFO: best_Rank-5:{83.3}
2025-12-22 00:56:53,643 MambaPro.train INFO: history_Rank-10:{76.2 , 85.4}
2025-12-22 00:56:53,643 MambaPro.train INFO: best_Rank-10:{85.4}
2025-12-22 00:56:53,643 MambaPro.train INFO: history_Experts:{[0.50 , 0.50] , [0.51 , 0.49]}
2025-12-22 00:56:53,643 MambaPro.train INFO: best_Experts:{[0.51 , 0.49]}
2025-12-22 00:56:53,643 MambaPro.train INFO: 🔥 MoE损失(Val): 平衡=0.0000, 稀疏性=0.9999, 多样性=24.9939, 总=0.2509 (权重: 平衡=0.010, 稀疏性=0.001, 多样性=0.010)
2025-12-22 00:56:53,643 MambaPro.train INFO:    📊 专家权重分布(Val, 2个专家): [0.51 , 0.49]
2025-12-22 00:58:24,177 MambaPro.train INFO: Epoch 3 done. Time per batch: 0.778[s] Speed: 82.2[samples/s]
2025-12-22 00:59:59,788 MambaPro.train INFO: Validation Results - Epoch: 3
2025-12-22 00:59:59,788 MambaPro.train INFO: Current mAP: 65.3%
2025-12-22 00:59:59,788 MambaPro.train INFO: CMC curve, Rank-1  :80.5%
2025-12-22 00:59:59,788 MambaPro.train INFO: CMC curve, Rank-5  :82.2%
2025-12-22 00:59:59,788 MambaPro.train INFO: CMC curve, Rank-10 :83.4%
2025-12-22 00:59:59,794 MambaPro.train INFO: 🎯 New Best! Saving model...
2025-12-22 01:00:00,322 MambaPro.train INFO: [Epoch 3] 指标集合列表（历史）
2025-12-22 01:00:00,322 MambaPro.train INFO: history_mAP:{47.0 , 63.1 , 65.3}
2025-12-22 01:00:00,322 MambaPro.train INFO: best_mAP:{65.3}
2025-12-22 01:00:00,322 MambaPro.train INFO: history_Rank-1:{67.7 , 79.8 , 80.5}
2025-12-22 01:00:00,322 MambaPro.train INFO: best_Rank-1:{80.5}
2025-12-22 01:00:00,322 MambaPro.train INFO: history_Rank-5:{72.4 , 83.3 , 82.2}
2025-12-22 01:00:00,322 MambaPro.train INFO: best_Rank-5:{83.3}
2025-12-22 01:00:00,322 MambaPro.train INFO: history_Rank-10:{76.2 , 85.4 , 83.4}
2025-12-22 01:00:00,322 MambaPro.train INFO: best_Rank-10:{85.4}
2025-12-22 01:00:00,322 MambaPro.train INFO: history_Experts:{[0.50 , 0.50] , [0.51 , 0.49] , [0.51 , 0.49]}
2025-12-22 01:00:00,322 MambaPro.train INFO: best_Experts:{[0.51 , 0.49]}
2025-12-22 01:00:00,322 MambaPro.train INFO: 🔥 MoE损失(Val): 平衡=0.0000, 稀疏性=0.9996, 多样性=24.9820, 总=0.2508 (权重: 平衡=0.010, 稀疏性=0.001, 多样性=0.010)
2025-12-22 01:00:00,322 MambaPro.train INFO:    📊 专家权重分布(Val, 2个专家): [0.51 , 0.49]
2025-12-22 01:01:30,881 MambaPro.train INFO: Epoch 4 done. Time per batch: 0.778[s] Speed: 82.2[samples/s]
2025-12-22 01:03:06,493 MambaPro.train INFO: Validation Results - Epoch: 4
2025-12-22 01:03:06,493 MambaPro.train INFO: Current mAP: 67.6%
2025-12-22 01:03:06,493 MambaPro.train INFO: CMC curve, Rank-1  :81.9%
2025-12-22 01:03:06,493 MambaPro.train INFO: CMC curve, Rank-5  :84.3%
2025-12-22 01:03:06,493 MambaPro.train INFO: CMC curve, Rank-10 :86.3%
2025-12-22 01:03:06,498 MambaPro.train INFO: 🎯 New Best! Saving model...
2025-12-22 01:03:07,021 MambaPro.train INFO: [Epoch 4] 指标集合列表（历史）
2025-12-22 01:03:07,021 MambaPro.train INFO: history_mAP:{47.0 , 63.1 , 65.3 , 67.6}
2025-12-22 01:03:07,021 MambaPro.train INFO: best_mAP:{67.6}
2025-12-22 01:03:07,021 MambaPro.train INFO: history_Rank-1:{67.7 , 79.8 , 80.5 , 81.9}
2025-12-22 01:03:07,021 MambaPro.train INFO: best_Rank-1:{81.9}
2025-12-22 01:03:07,021 MambaPro.train INFO: history_Rank-5:{72.4 , 83.3 , 82.2 , 84.3}
2025-12-22 01:03:07,021 MambaPro.train INFO: best_Rank-5:{84.3}
2025-12-22 01:03:07,021 MambaPro.train INFO: history_Rank-10:{76.2 , 85.4 , 83.4 , 86.3}
2025-12-22 01:03:07,021 MambaPro.train INFO: best_Rank-10:{86.3}
2025-12-22 01:03:07,021 MambaPro.train INFO: history_Experts:{[0.50 , 0.50] , [0.51 , 0.49] , [0.51 , 0.49] , [0.52 , 0.48]}
2025-12-22 01:03:07,021 MambaPro.train INFO: best_Experts:{[0.52 , 0.48]}
2025-12-22 01:03:07,021 MambaPro.train INFO: 🔥 MoE损失(Val): 平衡=0.0000, 稀疏性=0.9987, 多样性=24.9370, 总=0.2504 (权重: 平衡=0.010, 稀疏性=0.001, 多样性=0.010)
2025-12-22 01:03:07,021 MambaPro.train INFO:    📊 专家权重分布(Val, 2个专家): [0.52 , 0.48]
2025-12-22 01:04:36,009 MambaPro.train INFO: Epoch 5 done. Time per batch: 0.778[s] Speed: 82.2[samples/s]
2025-12-22 01:06:11,736 MambaPro.train INFO: Validation Results - Epoch: 5
2025-12-22 01:06:11,737 MambaPro.train INFO: Current mAP: 71.6%
2025-12-22 01:06:11,737 MambaPro.train INFO: CMC curve, Rank-1  :86.1%
2025-12-22 01:06:11,737 MambaPro.train INFO: CMC curve, Rank-5  :88.2%
2025-12-22 01:06:11,737 MambaPro.train INFO: CMC curve, Rank-10 :89.9%
2025-12-22 01:06:11,742 MambaPro.train INFO: 🎯 New Best! Saving model...
2025-12-22 01:06:12,268 MambaPro.train INFO: [Epoch 5] 指标集合列表（历史）
2025-12-22 01:06:12,268 MambaPro.train INFO: history_mAP:{47.0 , 63.1 , 65.3 , 67.6 , 71.6}
2025-12-22 01:06:12,268 MambaPro.train INFO: best_mAP:{71.6}
2025-12-22 01:06:12,268 MambaPro.train INFO: history_Rank-1:{67.7 , 79.8 , 80.5 , 81.9 , 86.1}
2025-12-22 01:06:12,268 MambaPro.train INFO: best_Rank-1:{86.1}
2025-12-22 01:06:12,268 MambaPro.train INFO: history_Rank-5:{72.4 , 83.3 , 82.2 , 84.3 , 88.2}
2025-12-22 01:06:12,268 MambaPro.train INFO: best_Rank-5:{88.2}
2025-12-22 01:06:12,268 MambaPro.train INFO: history_Rank-10:{76.2 , 85.4 , 83.4 , 86.3 , 89.9}
2025-12-22 01:06:12,268 MambaPro.train INFO: best_Rank-10:{89.9}
2025-12-22 01:06:12,269 MambaPro.train INFO: history_Experts:{[0.50 , 0.50] , [0.51 , 0.49] , [0.51 , 0.49] , [0.52 , 0.48] , [0.54 , 0.46]}
2025-12-22 01:06:12,269 MambaPro.train INFO: best_Experts:{[0.54 , 0.46]}
2025-12-22 01:06:12,269 MambaPro.train INFO: 🔥 MoE损失(Val): 平衡=0.0000, 稀疏性=0.9950, 多样性=24.7517, 总=0.2485 (权重: 平衡=0.010, 稀疏性=0.001, 多样性=0.010)
2025-12-22 01:06:12,269 MambaPro.train INFO:    📊 专家权重分布(Val, 2个专家): [0.54 , 0.46]
2025-12-22 01:07:42,779 MambaPro.train INFO: Epoch 6 done. Time per batch: 0.778[s] Speed: 82.3[samples/s]
2025-12-22 01:09:18,522 MambaPro.train INFO: Validation Results - Epoch: 6
2025-12-22 01:09:18,522 MambaPro.train INFO: Current mAP: 73.8%
2025-12-22 01:09:18,522 MambaPro.train INFO: CMC curve, Rank-1  :88.5%
2025-12-22 01:09:18,522 MambaPro.train INFO: CMC curve, Rank-5  :89.9%
2025-12-22 01:09:18,522 MambaPro.train INFO: CMC curve, Rank-10 :91.0%
2025-12-22 01:09:18,526 MambaPro.train INFO: 🎯 New Best! Saving model...
2025-12-22 01:09:19,044 MambaPro.train INFO: [Epoch 6] 指标集合列表（历史）
2025-12-22 01:09:19,044 MambaPro.train INFO: history_mAP:{47.0 , 63.1 , 65.3 , 67.6 , 71.6 , 73.8}
2025-12-22 01:09:19,044 MambaPro.train INFO: best_mAP:{73.8}
2025-12-22 01:09:19,044 MambaPro.train INFO: history_Rank-1:{67.7 , 79.8 , 80.5 , 81.9 , 86.1 , 88.5}
2025-12-22 01:09:19,044 MambaPro.train INFO: best_Rank-1:{88.5}
2025-12-22 01:09:19,044 MambaPro.train INFO: history_Rank-5:{72.4 , 83.3 , 82.2 , 84.3 , 88.2 , 89.9}
2025-12-22 01:09:19,044 MambaPro.train INFO: best_Rank-5:{89.9}
2025-12-22 01:09:19,044 MambaPro.train INFO: history_Rank-10:{76.2 , 85.4 , 83.4 , 86.3 , 89.9 , 91.0}
2025-12-22 01:09:19,044 MambaPro.train INFO: best_Rank-10:{91.0}
2025-12-22 01:09:19,044 MambaPro.train INFO: history_Experts:{[0.50 , 0.50] , [0.51 , 0.49] , [0.51 , 0.49] , [0.52 , 0.48] , [0.54 , 0.46] , [0.57 , 0.43]}
2025-12-22 01:09:19,044 MambaPro.train INFO: best_Experts:{[0.57 , 0.43]}
2025-12-22 01:09:19,044 MambaPro.train INFO: 🔥 MoE损失(Val): 平衡=0.0000, 稀疏性=0.9792, 多样性=23.9819, 总=0.2408 (权重: 平衡=0.010, 稀疏性=0.001, 多样性=0.010)
2025-12-22 01:09:19,044 MambaPro.train INFO:    📊 专家权重分布(Val, 2个专家): [0.57 , 0.43]
2025-12-22 01:10:50,435 MambaPro.train INFO: Epoch 7 done. Time per batch: 0.779[s] Speed: 82.2[samples/s]
2025-12-22 01:12:26,096 MambaPro.train INFO: Validation Results - Epoch: 7
2025-12-22 01:12:26,096 MambaPro.train INFO: Current mAP: 77.0%
2025-12-22 01:12:26,096 MambaPro.train INFO: CMC curve, Rank-1  :90.4%
2025-12-22 01:12:26,096 MambaPro.train INFO: CMC curve, Rank-5  :91.5%
2025-12-22 01:12:26,096 MambaPro.train INFO: CMC curve, Rank-10 :92.3%
2025-12-22 01:12:26,102 MambaPro.train INFO: 🎯 New Best! Saving model...
2025-12-22 01:12:26,624 MambaPro.train INFO: [Epoch 7] 指标集合列表（历史）
2025-12-22 01:12:26,624 MambaPro.train INFO: history_mAP:{47.0 , 63.1 , 65.3 , 67.6 , 71.6 , 73.8 , 77.0}
2025-12-22 01:12:26,624 MambaPro.train INFO: best_mAP:{77.0}
2025-12-22 01:12:26,624 MambaPro.train INFO: history_Rank-1:{67.7 , 79.8 , 80.5 , 81.9 , 86.1 , 88.5 , 90.4}
2025-12-22 01:12:26,624 MambaPro.train INFO: best_Rank-1:{90.4}
2025-12-22 01:12:26,624 MambaPro.train INFO: history_Rank-5:{72.4 , 83.3 , 82.2 , 84.3 , 88.2 , 89.9 , 91.5}
2025-12-22 01:12:26,624 MambaPro.train INFO: best_Rank-5:{91.5}
2025-12-22 01:12:26,624 MambaPro.train INFO: history_Rank-10:{76.2 , 85.4 , 83.4 , 86.3 , 89.9 , 91.0 , 92.3}
2025-12-22 01:12:26,624 MambaPro.train INFO: best_Rank-10:{92.3}
2025-12-22 01:12:26,624 MambaPro.train INFO: history_Experts:{[0.50 , 0.50] , [0.51 , 0.49] , [0.51 , 0.49] , [0.52 , 0.48] , [0.54 , 0.46] , [0.57 , 0.43] , [0.62 , 0.38]}
2025-12-22 01:12:26,624 MambaPro.train INFO: best_Experts:{[0.62 , 0.38]}
2025-12-22 01:12:26,624 MambaPro.train INFO: 🔥 MoE损失(Val): 平衡=0.0000, 稀疏性=0.9414, 多样性=22.2326, 总=0.2233 (权重: 平衡=0.010, 稀疏性=0.001, 多样性=0.010)
2025-12-22 01:12:26,624 MambaPro.train INFO:    📊 专家权重分布(Val, 2个专家): [0.62 , 0.38]
2025-12-22 01:13:57,898 MambaPro.train INFO: Epoch 8 done. Time per batch: 0.778[s] Speed: 82.3[samples/s]
2025-12-22 01:15:33,541 MambaPro.train INFO: Validation Results - Epoch: 8
2025-12-22 01:15:33,541 MambaPro.train INFO: Current mAP: 79.9%
2025-12-22 01:15:33,541 MambaPro.train INFO: CMC curve, Rank-1  :92.1%
2025-12-22 01:15:33,541 MambaPro.train INFO: CMC curve, Rank-5  :93.6%
2025-12-22 01:15:33,541 MambaPro.train INFO: CMC curve, Rank-10 :94.3%
2025-12-22 01:15:33,547 MambaPro.train INFO: 🎯 New Best! Saving model...
2025-12-22 01:15:34,065 MambaPro.train INFO: [Epoch 8] 指标集合列表（历史）
2025-12-22 01:15:34,066 MambaPro.train INFO: history_mAP:{47.0 , 63.1 , 65.3 , 67.6 , 71.6 , 73.8 , 77.0 , 79.9}
2025-12-22 01:15:34,066 MambaPro.train INFO: best_mAP:{79.9}
2025-12-22 01:15:34,066 MambaPro.train INFO: history_Rank-1:{67.7 , 79.8 , 80.5 , 81.9 , 86.1 , 88.5 , 90.4 , 92.1}
2025-12-22 01:15:34,066 MambaPro.train INFO: best_Rank-1:{92.1}
2025-12-22 01:15:34,066 MambaPro.train INFO: history_Rank-5:{72.4 , 83.3 , 82.2 , 84.3 , 88.2 , 89.9 , 91.5 , 93.6}
2025-12-22 01:15:34,066 MambaPro.train INFO: best_Rank-5:{93.6}
2025-12-22 01:15:34,066 MambaPro.train INFO: history_Rank-10:{76.2 , 85.4 , 83.4 , 86.3 , 89.9 , 91.0 , 92.3 , 94.3}
2025-12-22 01:15:34,066 MambaPro.train INFO: best_Rank-10:{94.3}
2025-12-22 01:15:34,066 MambaPro.train INFO: history_Experts:{[0.50 , 0.50] , [0.51 , 0.49] , [0.51 , 0.49] , [0.52 , 0.48] , [0.54 , 0.46] , [0.57 , 0.43] , [0.62 , 0.38] , [0.67 , 0.33]}
2025-12-22 01:15:34,066 MambaPro.train INFO: best_Experts:{[0.67 , 0.33]}
2025-12-22 01:15:34,066 MambaPro.train INFO: 🔥 MoE损失(Val): 平衡=0.0011, 稀疏性=0.8892, 多样性=20.0120, 总=0.2010 (权重: 平衡=0.010, 稀疏性=0.001, 多样性=0.010)
2025-12-22 01:15:34,066 MambaPro.train INFO:    📊 专家权重分布(Val, 2个专家): [0.67 , 0.33]
2025-12-22 01:17:04,771 MambaPro.train INFO: Epoch 9 done. Time per batch: 0.780[s] Speed: 82.1[samples/s]
2025-12-22 01:18:40,302 MambaPro.train INFO: Validation Results - Epoch: 9
2025-12-22 01:18:40,302 MambaPro.train INFO: Current mAP: 81.3%
2025-12-22 01:18:40,302 MambaPro.train INFO: CMC curve, Rank-1  :92.4%
2025-12-22 01:18:40,302 MambaPro.train INFO: CMC curve, Rank-5  :94.3%
2025-12-22 01:18:40,302 MambaPro.train INFO: CMC curve, Rank-10 :95.3%
2025-12-22 01:18:40,306 MambaPro.train INFO: 🎯 New Best! Saving model...
2025-12-22 01:18:40,828 MambaPro.train INFO: [Epoch 9] 指标集合列表（历史）
2025-12-22 01:18:40,828 MambaPro.train INFO: history_mAP:{47.0 , 63.1 , 65.3 , 67.6 , 71.6 , 73.8 , 77.0 , 79.9 , 81.3}
2025-12-22 01:18:40,828 MambaPro.train INFO: best_mAP:{81.3}
2025-12-22 01:18:40,828 MambaPro.train INFO: history_Rank-1:{67.7 , 79.8 , 80.5 , 81.9 , 86.1 , 88.5 , 90.4 , 92.1 , 92.4}
2025-12-22 01:18:40,828 MambaPro.train INFO: best_Rank-1:{92.4}
2025-12-22 01:18:40,828 MambaPro.train INFO: history_Rank-5:{72.4 , 83.3 , 82.2 , 84.3 , 88.2 , 89.9 , 91.5 , 93.6 , 94.3}
2025-12-22 01:18:40,828 MambaPro.train INFO: best_Rank-5:{94.3}
2025-12-22 01:18:40,828 MambaPro.train INFO: history_Rank-10:{76.2 , 85.4 , 83.4 , 86.3 , 89.9 , 91.0 , 92.3 , 94.3 , 95.3}
2025-12-22 01:18:40,828 MambaPro.train INFO: best_Rank-10:{95.3}
2025-12-22 01:18:40,828 MambaPro.train INFO: history_Experts:{[0.50 , 0.50] , [0.51 , 0.49] , [0.51 , 0.49] , [0.52 , 0.48] , [0.54 , 0.46] , [0.57 , 0.43] , [0.62 , 0.38] , [0.67 , 0.33] , [0.70 , 0.30]}
2025-12-22 01:18:40,828 MambaPro.train INFO: best_Experts:{[0.70 , 0.30]}
2025-12-22 01:18:40,828 MambaPro.train INFO: 🔥 MoE损失(Val): 平衡=0.0110, 稀疏性=0.8359, 多样性=17.9511, 总=0.1805 (权重: 平衡=0.010, 稀疏性=0.001, 多样性=0.010)
2025-12-22 01:18:40,828 MambaPro.train INFO:    📊 专家权重分布(Val, 2个专家): [0.70 , 0.30]
2025-12-22 01:20:11,353 MambaPro.train INFO: Epoch 10 done. Time per batch: 0.778[s] Speed: 82.3[samples/s]
2025-12-22 01:21:46,907 MambaPro.train INFO: Validation Results - Epoch: 10
2025-12-22 01:21:46,907 MambaPro.train INFO: Current mAP: 80.6%
2025-12-22 01:21:46,907 MambaPro.train INFO: CMC curve, Rank-1  :93.1%
2025-12-22 01:21:46,907 MambaPro.train INFO: CMC curve, Rank-5  :94.4%
2025-12-22 01:21:46,907 MambaPro.train INFO: CMC curve, Rank-10 :95.0%
2025-12-22 01:21:46,912 MambaPro.train INFO: [Epoch 10] 指标集合列表（历史）
2025-12-22 01:21:46,912 MambaPro.train INFO: history_mAP:{47.0 , 63.1 , 65.3 , 67.6 , 71.6 , 73.8 , 77.0 , 79.9 , 81.3 , 80.6}
2025-12-22 01:21:46,912 MambaPro.train INFO: best_mAP:{81.3}
2025-12-22 01:21:46,912 MambaPro.train INFO: history_Rank-1:{67.7 , 79.8 , 80.5 , 81.9 , 86.1 , 88.5 , 90.4 , 92.1 , 92.4 , 93.1}
2025-12-22 01:21:46,912 MambaPro.train INFO: best_Rank-1:{92.4}
2025-12-22 01:21:46,912 MambaPro.train INFO: history_Rank-5:{72.4 , 83.3 , 82.2 , 84.3 , 88.2 , 89.9 , 91.5 , 93.6 , 94.3 , 94.4}
2025-12-22 01:21:46,912 MambaPro.train INFO: best_Rank-5:{94.3}
2025-12-22 01:21:46,912 MambaPro.train INFO: history_Rank-10:{76.2 , 85.4 , 83.4 , 86.3 , 89.9 , 91.0 , 92.3 , 94.3 , 95.3 , 95.0}
2025-12-22 01:21:46,912 MambaPro.train INFO: best_Rank-10:{95.3}
2025-12-22 01:21:46,912 MambaPro.train INFO: history_Experts:{[0.50 , 0.50] , [0.51 , 0.49] , [0.51 , 0.49] , [0.52 , 0.48] , [0.54 , 0.46] , [0.57 , 0.43] , [0.62 , 0.38] , [0.67 , 0.33] , [0.70 , 0.30] , [0.73 , 0.27]}
2025-12-22 01:21:46,912 MambaPro.train INFO: best_Experts:{[0.70 , 0.30]}
2025-12-22 01:21:46,912 MambaPro.train INFO: 🔥 MoE损失(Val): 平衡=0.0262, 稀疏性=0.7868, 多样性=16.2124, 总=0.1632 (权重: 平衡=0.010, 稀疏性=0.001, 多样性=0.010)
2025-12-22 01:21:46,912 MambaPro.train INFO:    📊 专家权重分布(Val, 2个专家): [0.73 , 0.27]
2025-12-22 01:23:16,824 MambaPro.train INFO: Epoch 11 done. Time per batch: 0.780[s] Speed: 82.1[samples/s]
2025-12-22 01:24:52,409 MambaPro.train INFO: Validation Results - Epoch: 11
2025-12-22 01:24:52,409 MambaPro.train INFO: Current mAP: 79.1%
2025-12-22 01:24:52,409 MambaPro.train INFO: CMC curve, Rank-1  :92.6%
2025-12-22 01:24:52,409 MambaPro.train INFO: CMC curve, Rank-5  :94.3%
2025-12-22 01:24:52,409 MambaPro.train INFO: CMC curve, Rank-10 :95.5%
2025-12-22 01:24:52,414 MambaPro.train INFO: [Epoch 11] 指标集合列表（历史）
2025-12-22 01:24:52,414 MambaPro.train INFO: history_mAP:{47.0 , 63.1 , 65.3 , 67.6 , 71.6 , 73.8 , 77.0 , 79.9 , 81.3 , 80.6 , 79.1}
2025-12-22 01:24:52,414 MambaPro.train INFO: best_mAP:{81.3}
2025-12-22 01:24:52,414 MambaPro.train INFO: history_Rank-1:{67.7 , 79.8 , 80.5 , 81.9 , 86.1 , 88.5 , 90.4 , 92.1 , 92.4 , 93.1 , 92.6}
2025-12-22 01:24:52,414 MambaPro.train INFO: best_Rank-1:{92.4}
2025-12-22 01:24:52,414 MambaPro.train INFO: history_Rank-5:{72.4 , 83.3 , 82.2 , 84.3 , 88.2 , 89.9 , 91.5 , 93.6 , 94.3 , 94.4}
2025-12-22 01:24:52,414 MambaPro.train INFO: best_Rank-5:{94.3}
2025-12-22 01:24:52,414 MambaPro.train INFO: history_Rank-10:{76.2 , 85.4 , 83.4 , 86.3 , 89.9 , 91.0 , 92.3 , 94.3 , 95.3 , 95.0 , 95.5}
2025-12-22 01:24:52,414 MambaPro.train INFO: best_Rank-10:{95.3}
2025-12-22 01:24:52,415 MambaPro.train INFO: history_Experts:{[0.50 , 0.50] , [0.51 , 0.49] , [0.51 , 0.49] , [0.52 , 0.48] , [0.54 , 0.46] , [0.57 , 0.43] , [0.62 , 0.38] , [0.67 , 0.33] , [0.70 , 0.30] , [0.73 , 0.27] , [0.75 , 0.25]}
2025-12-22 01:24:52,415 MambaPro.train INFO: best_Experts:{[0.70 , 0.30]}
2025-12-22 01:24:52,415 MambaPro.train INFO: 🔥 MoE损失(Val): 平衡=0.0425, 稀疏性=0.7439, 多样性=14.8065, 总=0.1492 (权重: 平衡=0.010, 稀疏性=0.001, 多样性=0.010)
2025-12-22 01:24:52,415 MambaPro.train INFO:    📊 专家权重分布(Val, 2个专家): [0.75 , 0.25]
2025-12-22 01:26:23,830 MambaPro.train INFO: Epoch 12 done. Time per batch: 0.779[s] Speed: 82.1[samples/s]
2025-12-22 01:27:59,353 MambaPro.train INFO: Validation Results - Epoch: 12
2025-12-22 01:27:59,353 MambaPro.train INFO: Current mAP: 80.2%
2025-12-22 01:27:59,353 MambaPro.train INFO: CMC curve, Rank-1  :92.5%
2025-12-22 01:27:59,353 MambaPro.train INFO: CMC curve, Rank-5  :93.9%
2025-12-22 01:27:59,353 MambaPro.train INFO: CMC curve, Rank-10 :94.6%
2025-12-22 01:27:59,358 MambaPro.train INFO: [Epoch 12] 指标集合列表（历史）
2025-12-22 01:27:59,358 MambaPro.train INFO: history_mAP:{47.0 , 63.1 , 65.3 , 67.6 , 71.6 , 73.8 , 77.0 , 79.9 , 81.3 , 80.6 , 79.1 , 80.2}
2025-12-22 01:27:59,358 MambaPro.train INFO: best_mAP:{81.3}
2025-12-22 01:27:59,358 MambaPro.train INFO: history_Rank-1:{67.7 , 79.8 , 80.5 , 81.9 , 86.1 , 88.5 , 90.4 , 92.1 , 92.4 , 93.1 , 92.6 , 92.5}
2025-12-22 01:27:59,358 MambaPro.train INFO: best_Rank-1:{92.4}
2025-12-22 01:27:59,358 MambaPro.train INFO: history_Rank-5:{72.4 , 83.3 , 82.2 , 84.3 , 88.2 , 89.9 , 91.5 , 93.6 , 94.3 , 94.4 , 93.9}
2025-12-22 01:27:59,358 MambaPro.train INFO: best_Rank-5:{94.3}
2025-12-22 01:27:59,358 MambaPro.train INFO: history_Rank-10:{76.2 , 85.4 , 83.4 , 86.3 , 89.9 , 91.0 , 92.3 , 94.3 , 95.3 , 95.0 , 95.5 , 94.6}
2025-12-22 01:27:59,358 MambaPro.train INFO: best_Rank-10:{95.3}
2025-12-22 01:27:59,358 MambaPro.train INFO: history_Experts:{[0.50 , 0.50] , [0.51 , 0.49] , [0.51 , 0.49] , [0.52 , 0.48] , [0.54 , 0.46] , [0.57 , 0.43] , [0.62 , 0.38] , [0.67 , 0.33] , [0.70 , 0.30] , [0.73 , 0.27] , [0.75 , 0.25] , [0.77 , 0.23]}
2025-12-22 01:27:59,358 MambaPro.train INFO: best_Experts:{[0.70 , 0.30]}
2025-12-22 01:27:59,358 MambaPro.train INFO: 🔥 MoE损失(Val): 平衡=0.0588, 稀疏性=0.7057, 多样性=13.6309, 总=0.1376 (权重: 平衡=0.010, 稀疏性=0.001, 多样性=0.010)
2025-12-22 01:27:59,358 MambaPro.train INFO:    📊 专家权重分布(Val, 2个专家): [0.77 , 0.23]
2025-12-22 01:29:29,831 MambaPro.train INFO: Epoch 13 done. Time per batch: 0.778[s] Speed: 82.3[samples/s]
2025-12-22 01:31:05,390 MambaPro.train INFO: Validation Results - Epoch: 13
2025-12-22 01:31:05,390 MambaPro.train INFO: Current mAP: 80.5%
2025-12-22 01:31:05,390 MambaPro.train INFO: CMC curve, Rank-1  :92.5%
2025-12-22 01:31:05,390 MambaPro.train INFO: CMC curve, Rank-5  :93.9%
2025-12-22 01:31:05,390 MambaPro.train INFO: CMC curve, Rank-10 :94.5%
2025-12-22 01:31:05,396 MambaPro.train INFO: [Epoch 13] 指标集合列表（历史）
2025-12-22 01:31:05,396 MambaPro.train INFO: history_mAP:{47.0 , 63.1 , 65.3 , 67.6 , 71.6 , 73.8 , 77.0 , 79.9 , 81.3 , 80.6 , 79.1 , 80.2 , 80.5}
2025-12-22 01:31:05,396 MambaPro.train INFO: best_mAP:{81.3}
2025-12-22 01:31:05,396 MambaPro.train INFO: history_Rank-1:{67.7 , 79.8 , 80.5 , 81.9 , 86.1 , 88.5 , 90.4 , 92.1 , 92.4 , 93.1 , 92.6 , 92.5 , 92.5}
2025-12-22 01:31:05,396 MambaPro.train INFO: best_Rank-1:{92.4}
2025-12-22 01:31:05,396 MambaPro.train INFO: history_Rank-5:{72.4 , 83.3 , 82.2 , 84.3 , 88.2 , 89.9 , 91.5 , 93.6 , 94.3 , 94.4 , 93.9 , 93.9}
2025-12-22 01:31:05,396 MambaPro.train INFO: best_Rank-5:{94.3}
2025-12-22 01:31:05,396 MambaPro.train INFO: history_Rank-10:{76.2 , 85.4 , 83.4 , 86.3 , 89.9 , 91.0 , 92.3 , 94.3 , 95.3 , 95.0 , 95.5 , 94.6 , 94.5}
2025-12-22 01:31:05,396 MambaPro.train INFO: best_Rank-10:{95.3}
2025-12-22 01:31:05,396 MambaPro.train INFO: history_Experts:{[0.50 , 0.50] , [0.51 , 0.49] , [0.51 , 0.49] , [0.52 , 0.48] , [0.54 , 0.46] , [0.57 , 0.43] , [0.62 , 0.38] , [0.67 , 0.33] , [0.70 , 0.30] , [0.73 , 0.27] , [0.75 , 0.25] , [0.77 , 0.23] , [0.79 , 0.21]}
2025-12-22 01:31:05,396 MambaPro.train INFO: best_Experts:{[0.70 , 0.30]}
2025-12-22 01:31:05,396 MambaPro.train INFO: 🔥 MoE损失(Val): 平衡=0.0743, 稀疏性=0.6721, 多样性=12.6521, 总=0.1279 (权重: 平衡=0.010, 稀疏性=0.001, 多样性=0.010)
2025-12-22 01:31:05,396 MambaPro.train INFO:    📊 专家权重分布(Val, 2个专家): [0.79 , 0.21]
2025-12-22 01:32:36,132 MambaPro.train INFO: Epoch 14 done. Time per batch: 0.780[s] Speed: 82.1[samples/s]
2025-12-22 01:34:11,796 MambaPro.train INFO: Validation Results - Epoch: 14
2025-12-22 01:34:11,796 MambaPro.train INFO: Current mAP: 80.5%
2025-12-22 01:34:11,797 MambaPro.train INFO: CMC curve, Rank-1  :93.5%
2025-12-22 01:34:11,797 MambaPro.train INFO: CMC curve, Rank-5  :95.0%
2025-12-22 01:34:11,797 MambaPro.train INFO: CMC curve, Rank-10 :95.9%
2025-12-22 01:34:11,801 MambaPro.train INFO: [Epoch 14] 指标集合列表（历史）
2025-12-22 01:34:11,801 MambaPro.train INFO: history_mAP:{47.0 , 63.1 , 65.3 , 67.6 , 71.6 , 73.8 , 77.0 , 79.9 , 81.3 , 80.6 , 79.1 , 80.2 , 80.5 , 80.5}
2025-12-22 01:34:11,801 MambaPro.train INFO: best_mAP:{81.3}
2025-12-22 01:34:11,801 MambaPro.train INFO: history_Rank-1:{67.7 , 79.8 , 80.5 , 81.9 , 86.1 , 88.5 , 90.4 , 92.1 , 92.4 , 93.1 , 92.6 , 92.5 , 92.5 , 93.5}
2025-12-22 01:34:11,801 MambaPro.train INFO: best_Rank-1:{92.4}
2025-12-22 01:34:11,801 MambaPro.train INFO: history_Rank-5:{72.4 , 83.3 , 82.2 , 84.3 , 88.2 , 89.9 , 91.5 , 93.6 , 94.3 , 94.4 , 93.9 , 93.9 , 95.0}
2025-12-22 01:34:11,801 MambaPro.train INFO: best_Rank-5:{94.3}
2025-12-22 01:34:11,801 MambaPro.train INFO: history_Rank-10:{76.2 , 85.4 , 83.4 , 86.3 , 89.9 , 91.0 , 92.3 , 94.3 , 95.3 , 95.0 , 95.5 , 94.6 , 94.5 , 95.9}
2025-12-22 01:34:11,801 MambaPro.train INFO: best_Rank-10:{95.3}
2025-12-22 01:34:11,801 MambaPro.train INFO: history_Experts:{[0.50 , 0.50] , [0.51 , 0.49] , [0.51 , 0.49] , [0.52 , 0.48] , [0.54 , 0.46] , [0.57 , 0.43] , [0.62 , 0.38] , [0.67 , 0.33] , [0.70 , 0.30] , [0.73 , 0.27] , [0.75 , 0.25] , [0.77 , 0.23] , [0.79 , 0.21] , [0.80 , 0.20]}
2025-12-22 01:34:11,801 MambaPro.train INFO: best_Experts:{[0.70 , 0.30]}
2025-12-22 01:34:11,801 MambaPro.train INFO: 🔥 MoE损失(Val): 平衡=0.0883, 稀疏性=0.6434, 多样性=11.8564, 总=0.1201 (权重: 平衡=0.010, 稀疏性=0.001, 多样性=0.010)
2025-12-22 01:34:11,801 MambaPro.train INFO:    📊 专家权重分布(Val, 2个专家): [0.80 , 0.20]
2025-12-22 01:35:42,623 MambaPro.train INFO: Epoch 15 done. Time per batch: 0.781[s] Speed: 82.0[samples/s]
2025-12-22 01:37:18,117 MambaPro.train INFO: Validation Results - Epoch: 15
2025-12-22 01:37:18,117 MambaPro.train INFO: Current mAP: 80.7%
2025-12-22 01:37:18,117 MambaPro.train INFO: CMC curve, Rank-1  :93.0%
2025-12-22 01:37:18,117 MambaPro.train INFO: CMC curve, Rank-5  :94.5%
2025-12-22 01:37:18,117 MambaPro.train INFO: CMC curve, Rank-10 :95.2%
2025-12-22 01:37:18,122 MambaPro.train INFO: [Epoch 15] 指标集合列表（历史）
2025-12-22 01:37:18,122 MambaPro.train INFO: history_mAP:{47.0 , 63.1 , 65.3 , 67.6 , 71.6 , 73.8 , 77.0 , 79.9 , 81.3 , 80.6 , 79.1 , 80.2 , 80.5 , 80.5 , 80.7}
2025-12-22 01:37:18,122 MambaPro.train INFO: best_mAP:{81.3}
2025-12-22 01:37:18,122 MambaPro.train INFO: history_Rank-1:{67.7 , 79.8 , 80.5 , 81.9 , 86.1 , 88.5 , 90.4 , 92.1 , 92.4 , 93.1 , 92.6 , 92.5 , 92.5 , 93.5 , 93.0}
2025-12-22 01:37:18,122 MambaPro.train INFO: best_Rank-1:{92.4}
2025-12-22 01:37:18,122 MambaPro.train INFO: history_Rank-5:{72.4 , 83.3 , 82.2 , 84.3 , 88.2 , 89.9 , 91.5 , 93.6 , 94.3 , 94.4 , 93.9 , 93.9 , 95.0 , 94.5}
2025-12-22 01:37:18,122 MambaPro.train INFO: best_Rank-5:{94.3}
2025-12-22 01:37:18,122 MambaPro.train INFO: history_Rank-10:{76.2 , 85.4 , 83.4 , 86.3 , 89.9 , 91.0 , 92.3 , 94.3 , 95.3 , 95.0 , 95.5 , 94.6 , 94.5 , 95.9 , 95.2}
2025-12-22 01:37:18,122 MambaPro.train INFO: best_Rank-10:{95.3}
2025-12-22 01:37:18,122 MambaPro.train INFO: history_Experts:{[0.50 , 0.50] , [0.51 , 0.49] , [0.51 , 0.49] , [0.52 , 0.48] , [0.54 , 0.46] , [0.57 , 0.43] , [0.62 , 0.38] , [0.67 , 0.33] , [0.70 , 0.30] , [0.73 , 0.27] , [0.75 , 0.25] , [0.77 , 0.23] , [0.79 , 0.21] , [0.80 , 0.20] , [0.81 , 0.19]}
2025-12-22 01:37:18,122 MambaPro.train INFO: best_Experts:{[0.70 , 0.30]}
2025-12-22 01:37:18,122 MambaPro.train INFO: 🔥 MoE损失(Val): 平衡=0.1010, 稀疏性=0.6183, 多样性=11.1875, 总=0.1135 (权重: 平衡=0.010, 稀疏性=0.001, 多样性=0.010)
2025-12-22 01:37:18,122 MambaPro.train INFO:    📊 专家权重分布(Val, 2个专家): [0.81 , 0.19]
2025-12-22 01:38:49,637 MambaPro.train INFO: Epoch 16 done. Time per batch: 0.780[s] Speed: 82.1[samples/s]
2025-12-22 01:40:25,183 MambaPro.train INFO: Validation Results - Epoch: 16
2025-12-22 01:40:25,183 MambaPro.train INFO: Current mAP: 81.2%
2025-12-22 01:40:25,183 MambaPro.train INFO: CMC curve, Rank-1  :93.0%
2025-12-22 01:40:25,183 MambaPro.train INFO: CMC curve, Rank-5  :94.5%
2025-12-22 01:40:25,183 MambaPro.train INFO: CMC curve, Rank-10 :94.9%
2025-12-22 01:40:25,189 MambaPro.train INFO: [Epoch 16] 指标集合列表（历史）
2025-12-22 01:40:25,189 MambaPro.train INFO: history_mAP:{47.0 , 63.1 , 65.3 , 67.6 , 71.6 , 73.8 , 77.0 , 79.9 , 81.3 , 80.6 , 79.1 , 80.2 , 80.5 , 80.5 , 80.7 , 81.2}
2025-12-22 01:40:25,189 MambaPro.train INFO: best_mAP:{81.3}
2025-12-22 01:40:25,189 MambaPro.train INFO: history_Rank-1:{67.7 , 79.8 , 80.5 , 81.9 , 86.1 , 88.5 , 90.4 , 92.1 , 92.4 , 93.1 , 92.6 , 92.5 , 92.5 , 93.5 , 93.0}
2025-12-22 01:40:25,189 MambaPro.train INFO: best_Rank-1:{92.4}
2025-12-22 01:40:25,189 MambaPro.train INFO: history_Rank-5:{72.4 , 83.3 , 82.2 , 84.3 , 88.2 , 89.9 , 91.5 , 93.6 , 94.3 , 94.4 , 93.9 , 93.9 , 95.0 , 94.5 , 94.5}
2025-12-22 01:40:25,189 MambaPro.train INFO: best_Rank-5:{94.3}
2025-12-22 01:40:25,189 MambaPro.train INFO: history_Rank-10:{76.2 , 85.4 , 83.4 , 86.3 , 89.9 , 91.0 , 92.3 , 94.3 , 95.3 , 95.0 , 95.5 , 94.6 , 94.5 , 95.9 , 95.2 , 94.9}
2025-12-22 01:40:25,189 MambaPro.train INFO: best_Rank-10:{95.3}
2025-12-22 01:40:25,189 MambaPro.train INFO: history_Experts:{[0.50 , 0.50] , [0.51 , 0.49] , [0.51 , 0.49] , [0.52 , 0.48] , [0.54 , 0.46] , [0.57 , 0.43] , [0.62 , 0.38] , [0.67 , 0.33] , [0.70 , 0.30] , [0.73 , 0.27] , [0.75 , 0.25] , [0.77 , 0.23] , [0.79 , 0.21] , [0.80 , 0.20] , [0.81 , 0.19] , [0.82 , 0.18]}
2025-12-22 01:40:25,189 MambaPro.train INFO: best_Experts:{[0.70 , 0.30]}
2025-12-22 01:40:25,189 MambaPro.train INFO: 🔥 MoE损失(Val): 平衡=0.1124, 稀疏性=0.5965, 多样性=10.6256, 总=0.1080 (权重: 平衡=0.010, 稀疏性=0.001, 多样性=0.010)
2025-12-22 01:40:25,189 MambaPro.train INFO:    📊 专家权重分布(Val, 2个专家): [0.82 , 0.18]
2025-12-22 01:41:55,945 MambaPro.train INFO: Epoch 17 done. Time per batch: 0.780[s] Speed: 82.0[samples/s]
2025-12-22 01:43:31,514 MambaPro.train INFO: Validation Results - Epoch: 17
2025-12-22 01:43:31,514 MambaPro.train INFO: Current mAP: 80.3%
2025-12-22 01:43:31,514 MambaPro.train INFO: CMC curve, Rank-1  :92.9%
2025-12-22 01:43:31,514 MambaPro.train INFO: CMC curve, Rank-5  :93.9%
2025-12-22 01:43:31,514 MambaPro.train INFO: CMC curve, Rank-10 :95.0%
2025-12-22 01:43:31,519 MambaPro.train INFO: [Epoch 17] 指标集合列表（历史）
2025-12-22 01:43:31,520 MambaPro.train INFO: history_mAP:{47.0 , 63.1 , 65.3 , 67.6 , 71.6 , 73.8 , 77.0 , 79.9 , 81.3 , 80.6 , 79.1 , 80.2 , 80.5 , 80.5 , 80.7 , 81.2 , 80.3}
2025-12-22 01:43:31,520 MambaPro.train INFO: best_mAP:{81.3}
2025-12-22 01:43:31,520 MambaPro.train INFO: history_Rank-1:{67.7 , 79.8 , 80.5 , 81.9 , 86.1 , 88.5 , 90.4 , 92.1 , 92.4 , 93.1 , 92.6 , 92.5 , 92.5 , 93.5 , 93.0 , 92.9}
2025-12-22 01:43:31,520 MambaPro.train INFO: best_Rank-1:{92.4}
2025-12-22 01:43:31,520 MambaPro.train INFO: history_Rank-5:{72.4 , 83.3 , 82.2 , 84.3 , 88.2 , 89.9 , 91.5 , 93.6 , 94.3 , 94.4 , 93.9 , 93.9 , 95.0 , 94.5 , 94.5}
2025-12-22 01:43:31,520 MambaPro.train INFO: best_Rank-5:{94.3}
2025-12-22 01:43:31,520 MambaPro.train INFO: history_Rank-10:{76.2 , 85.4 , 83.4 , 86.3 , 89.9 , 91.0 , 92.3 , 94.3 , 95.3 , 95.0 , 95.5 , 94.6 , 94.5 , 95.9 , 95.2 , 94.9}
2025-12-22 01:43:31,520 MambaPro.train INFO: best_Rank-10:{95.3}
2025-12-22 01:43:31,520 MambaPro.train INFO: history_Experts:{[0.50 , 0.50] , [0.51 , 0.49] , [0.51 , 0.49] , [0.52 , 0.48] , [0.54 , 0.46] , [0.57 , 0.43] , [0.62 , 0.38] , [0.67 , 0.33] , [0.70 , 0.30] , [0.73 , 0.27] , [0.75 , 0.25] , [0.77 , 0.23] , [0.79 , 0.21] , [0.80 , 0.20] , [0.81 , 0.19] , [0.82 , 0.18] , [0.83 , 0.17]}
2025-12-22 01:43:31,520 MambaPro.train INFO: best_Experts:{[0.70 , 0.30]}
2025-12-22 01:43:31,520 MambaPro.train INFO: 🔥 MoE损失(Val): 平衡=0.1227, 稀疏性=0.5771, 多样性=10.1388, 总=0.1032 (权重: 平衡=0.010, 稀疏性=0.001, 多样性=0.010)
2025-12-22 01:43:31,520 MambaPro.train INFO:    📊 专家权重分布(Val, 2个专家): [0.83 , 0.17]
2025-12-22 01:45:01,372 MambaPro.train INFO: Epoch 18 done. Time per batch: 0.779[s] Speed: 82.2[samples/s]
2025-12-22 01:46:36,926 MambaPro.train INFO: Validation Results - Epoch: 18
2025-12-22 01:46:36,927 MambaPro.train INFO: Current mAP: 80.7%
2025-12-22 01:46:36,927 MambaPro.train INFO: CMC curve, Rank-1  :93.2%
2025-12-22 01:46:36,927 MambaPro.train INFO: CMC curve, Rank-5  :94.2%
2025-12-22 01:46:36,927 MambaPro.train INFO: CMC curve, Rank-10 :94.8%
2025-12-22 01:46:36,931 MambaPro.train INFO: [Epoch 18] 指标集合列表（历史）
2025-12-22 01:46:36,931 MambaPro.train INFO: history_mAP:{47.0 , 63.1 , 65.3 , 67.6 , 71.6 , 73.8 , 77.0 , 79.9 , 81.3 , 80.6 , 79.1 , 80.2 , 80.5 , 80.5 , 80.7 , 81.2 , 80.3 , 80.7}
2025-12-22 01:46:36,931 MambaPro.train INFO: best_mAP:{81.3}
2025-12-22 01:46:36,931 MambaPro.train INFO: history_Rank-1:{67.7 , 79.8 , 80.5 , 81.9 , 86.1 , 88.5 , 90.4 , 92.1 , 92.4 , 93.1 , 92.6 , 92.5 , 92.5 , 93.5 , 93.0 , 92.9 , 93.2}
2025-12-22 01:46:36,931 MambaPro.train INFO: best_Rank-1:{92.4}
2025-12-22 01:46:36,931 MambaPro.train INFO: history_Rank-5:{72.4 , 83.3 , 82.2 , 84.3 , 88.2 , 89.9 , 91.5 , 93.6 , 94.3 , 94.4 , 93.9 , 93.9 , 95.0 , 94.5 , 94.5 , 94.2}
2025-12-22 01:46:36,931 MambaPro.train INFO: best_Rank-5:{94.3}
2025-12-22 01:46:36,931 MambaPro.train INFO: history_Rank-10:{76.2 , 85.4 , 83.4 , 86.3 , 89.9 , 91.0 , 92.3 , 94.3 , 95.3 , 95.0 , 95.5 , 94.6 , 94.5 , 95.9 , 95.2 , 94.9 , 94.8}
2025-12-22 01:46:36,931 MambaPro.train INFO: best_Rank-10:{95.3}
2025-12-22 01:46:36,931 MambaPro.train INFO: history_Experts:{[0.50 , 0.50] , [0.51 , 0.49] , [0.51 , 0.49] , [0.52 , 0.48] , [0.54 , 0.46] , [0.57 , 0.43] , [0.62 , 0.38] , [0.67 , 0.33] , [0.70 , 0.30] , [0.73 , 0.27] , [0.75 , 0.25] , [0.77 , 0.23] , [0.79 , 0.21] , [0.80 , 0.20] , [0.81 , 0.19] , [0.82 , 0.18] , [0.83 , 0.17] , [0.83 , 0.17]}
2025-12-22 01:46:36,931 MambaPro.train INFO: best_Experts:{[0.70 , 0.30]}
2025-12-22 01:46:36,931 MambaPro.train INFO: 🔥 MoE损失(Val): 平衡=0.1316, 稀疏性=0.5608, 多样性=9.7423, 总=0.0993 (权重: 平衡=0.010, 稀疏性=0.001, 多样性=0.010)
2025-12-22 01:46:36,931 MambaPro.train INFO:    📊 专家权重分布(Val, 2个专家): [0.83 , 0.17]
2025-12-22 01:48:08,464 MambaPro.train INFO: Epoch 19 done. Time per batch: 0.780[s] Speed: 82.0[samples/s]
2025-12-22 01:49:44,001 MambaPro.train INFO: Validation Results - Epoch: 19
2025-12-22 01:49:44,001 MambaPro.train INFO: Current mAP: 81.0%
2025-12-22 01:49:44,001 MambaPro.train INFO: CMC curve, Rank-1  :92.5%
2025-12-22 01:49:44,002 MambaPro.train INFO: CMC curve, Rank-5  :93.7%
2025-12-22 01:49:44,002 MambaPro.train INFO: CMC curve, Rank-10 :94.5%
2025-12-22 01:49:44,007 MambaPro.train INFO: [Epoch 19] 指标集合列表（历史）
2025-12-22 01:49:44,007 MambaPro.train INFO: history_mAP:{47.0 , 63.1 , 65.3 , 67.6 , 71.6 , 73.8 , 77.0 , 79.9 , 81.3 , 80.6 , 79.1 , 80.2 , 80.5 , 80.5 , 80.7 , 81.2 , 80.3 , 80.7 , 81.0}
2025-12-22 01:49:44,007 MambaPro.train INFO: best_mAP:{81.3}
2025-12-22 01:49:44,007 MambaPro.train INFO: history_Rank-1:{67.7 , 79.8 , 80.5 , 81.9 , 86.1 , 88.5 , 90.4 , 92.1 , 92.4 , 93.1 , 92.6 , 92.5 , 92.5 , 93.5 , 93.0 , 92.9 , 93.2}
2025-12-22 01:49:44,007 MambaPro.train INFO: best_Rank-1:{92.4}
2025-12-22 01:49:44,007 MambaPro.train INFO: history_Rank-5:{72.4 , 83.3 , 82.2 , 84.3 , 88.2 , 89.9 , 91.5 , 93.6 , 94.3 , 94.4 , 93.9 , 93.9 , 95.0 , 94.5 , 94.5 , 94.2 , 93.7}
2025-12-22 01:49:44,007 MambaPro.train INFO: best_Rank-5:{94.3}
2025-12-22 01:49:44,007 MambaPro.train INFO: history_Rank-10:{76.2 , 85.4 , 83.4 , 86.3 , 89.9 , 91.0 , 92.3 , 94.3 , 95.3 , 95.0 , 95.5 , 94.6 , 94.5 , 95.9 , 95.2 , 94.9 , 94.8 , 94.5}
2025-12-22 01:49:44,007 MambaPro.train INFO: best_Rank-10:{95.3}
2025-12-22 01:49:44,007 MambaPro.train INFO: history_Experts:{[0.50 , 0.50] , [0.51 , 0.49] , [0.51 , 0.49] , [0.52 , 0.48] , [0.54 , 0.46] , [0.57 , 0.43] , [0.62 , 0.38] , [0.67 , 0.33] , [0.70 , 0.30] , [0.73 , 0.27] , [0.75 , 0.25] , [0.77 , 0.23] , [0.79 , 0.21] , [0.80 , 0.20] , [0.81 , 0.19] , [0.82 , 0.18] , [0.83 , 0.17] , [0.83 , 0.17] , [0.84 , 0.16]}
2025-12-22 01:49:44,007 MambaPro.train INFO: best_Experts:{[0.70 , 0.30]}
2025-12-22 01:49:44,007 MambaPro.train INFO: 🔥 MoE损失(Val): 平衡=0.1396, 稀疏性=0.5462, 多样性=9.3927, 总=0.0959 (权重: 平衡=0.010, 稀疏性=0.001, 多样性=0.010)
2025-12-22 01:49:44,007 MambaPro.train INFO:    📊 专家权重分布(Val, 2个专家): [0.84 , 0.16]
2025-12-22 01:51:14,742 MambaPro.train INFO: Epoch 20 done. Time per batch: 0.780[s] Speed: 82.1[samples/s]
2025-12-22 01:52:50,405 MambaPro.train INFO: Validation Results - Epoch: 20
2025-12-22 01:52:50,406 MambaPro.train INFO: Current mAP: 80.8%
2025-12-22 01:52:50,406 MambaPro.train INFO: CMC curve, Rank-1  :93.0%
2025-12-22 01:52:50,406 MambaPro.train INFO: CMC curve, Rank-5  :93.9%
2025-12-22 01:52:50,406 MambaPro.train INFO: CMC curve, Rank-10 :94.5%
2025-12-22 01:52:50,411 MambaPro.train INFO: [Epoch 20] 指标集合列表（历史）
2025-12-22 01:52:50,411 MambaPro.train INFO: history_mAP:{47.0 , 63.1 , 65.3 , 67.6 , 71.6 , 73.8 , 77.0 , 79.9 , 81.3 , 80.6 , 79.1 , 80.2 , 80.5 , 80.5 , 80.7 , 81.2 , 80.3 , 80.7 , 81.0 , 80.8}
2025-12-22 01:52:50,411 MambaPro.train INFO: best_mAP:{81.3}
2025-12-22 01:52:50,411 MambaPro.train INFO: history_Rank-1:{67.7 , 79.8 , 80.5 , 81.9 , 86.1 , 88.5 , 90.4 , 92.1 , 92.4 , 93.1 , 92.6 , 92.5 , 92.5 , 93.5 , 93.0 , 92.9 , 93.2}
2025-12-22 01:52:50,411 MambaPro.train INFO: best_Rank-1:{92.4}
2025-12-22 01:52:50,411 MambaPro.train INFO: history_Rank-5:{72.4 , 83.3 , 82.2 , 84.3 , 88.2 , 89.9 , 91.5 , 93.6 , 94.3 , 94.4 , 93.9 , 93.9 , 95.0 , 94.5 , 94.5 , 94.2 , 93.7}
2025-12-22 01:52:50,411 MambaPro.train INFO: best_Rank-5:{94.3}
2025-12-22 01:52:50,411 MambaPro.train INFO: history_Rank-10:{76.2 , 85.4 , 83.4 , 86.3 , 89.9 , 91.0 , 92.3 , 94.3 , 95.3 , 95.0 , 95.5 , 94.6 , 94.5 , 95.9 , 95.2 , 94.9 , 94.8 , 94.5}
2025-12-22 01:52:50,411 MambaPro.train INFO: best_Rank-10:{95.3}
2025-12-22 01:52:50,411 MambaPro.train INFO: history_Experts:{[0.50 , 0.50] , [0.51 , 0.49] , [0.51 , 0.49] , [0.52 , 0.48] , [0.54 , 0.46] , [0.57 , 0.43] , [0.62 , 0.38] , [0.67 , 0.33] , [0.70 , 0.30] , [0.73 , 0.27] , [0.75 , 0.25] , [0.77 , 0.23] , [0.79 , 0.21] , [0.80 , 0.20] , [0.81 , 0.19] , [0.82 , 0.18] , [0.83 , 0.17] , [0.83 , 0.17] , [0.84 , 0.16] , [0.84 , 0.16]}
2025-12-22 01:52:50,411 MambaPro.train INFO: best_Experts:{[0.70 , 0.30]}
2025-12-22 01:52:50,411 MambaPro.train INFO: 🔥 MoE损失(Val): 平衡=0.1464, 稀疏性=0.5341, 多样性=9.1079, 总=0.0931 (权重: 平衡=0.010, 稀疏性=0.001, 多样性=0.010)
2025-12-22 01:52:50,411 MambaPro.train INFO:    📊 专家权重分布(Val, 2个专家): [0.84 , 0.16]
2025-12-22 01:54:21,063 MambaPro.train INFO: Epoch 21 done. Time per batch: 0.779[s] Speed: 82.1[samples/s]
2025-12-22 01:55:56,657 MambaPro.train INFO: Validation Results - Epoch: 21
2025-12-22 01:55:56,657 MambaPro.train INFO: Current mAP: 80.9%
2025-12-22 01:55:56,657 MambaPro.train INFO: CMC curve, Rank-1  :92.8%
2025-12-22 01:55:56,657 MambaPro.train INFO: CMC curve, Rank-5  :94.1%
2025-12-22 01:55:56,657 MambaPro.train INFO: CMC curve, Rank-10 :94.9%
2025-12-22 01:55:56,662 MambaPro.train INFO: [Epoch 21] 指标集合列表（历史）
2025-12-22 01:55:56,662 MambaPro.train INFO: history_mAP:{47.0 , 63.1 , 65.3 , 67.6 , 71.6 , 73.8 , 77.0 , 79.9 , 81.3 , 80.6 , 79.1 , 80.2 , 80.5 , 80.5 , 80.7 , 81.2 , 80.3 , 80.7 , 81.0 , 80.8 , 80.9}
2025-12-22 01:55:56,662 MambaPro.train INFO: best_mAP:{81.3}
2025-12-22 01:55:56,662 MambaPro.train INFO: history_Rank-1:{67.7 , 79.8 , 80.5 , 81.9 , 86.1 , 88.5 , 90.4 , 92.1 , 92.4 , 93.1 , 92.6 , 92.5 , 92.5 , 93.5 , 93.0 , 92.9 , 93.2 , 92.8}
2025-12-22 01:55:56,662 MambaPro.train INFO: best_Rank-1:{92.4}
2025-12-22 01:55:56,662 MambaPro.train INFO: history_Rank-5:{72.4 , 83.3 , 82.2 , 84.3 , 88.2 , 89.9 , 91.5 , 93.6 , 94.3 , 94.4 , 93.9 , 93.9 , 95.0 , 94.5 , 94.5 , 94.2 , 93.7 , 94.1}
2025-12-22 01:55:56,662 MambaPro.train INFO: best_Rank-5:{94.3}
2025-12-22 01:55:56,662 MambaPro.train INFO: history_Rank-10:{76.2 , 85.4 , 83.4 , 86.3 , 89.9 , 91.0 , 92.3 , 94.3 , 95.3 , 95.0 , 95.5 , 94.6 , 94.5 , 95.9 , 95.2 , 94.9 , 94.8 , 94.5 , 94.9}
2025-12-22 01:55:56,662 MambaPro.train INFO: best_Rank-10:{95.3}
2025-12-22 01:55:56,662 MambaPro.train INFO: history_Experts:{[0.50 , 0.50] , [0.51 , 0.49] , [0.51 , 0.49] , [0.52 , 0.48] , [0.54 , 0.46] , [0.57 , 0.43] , [0.62 , 0.38] , [0.67 , 0.33] , [0.70 , 0.30] , [0.73 , 0.27] , [0.75 , 0.25] , [0.77 , 0.23] , [0.79 , 0.21] , [0.80 , 0.20] , [0.81 , 0.19] , [0.82 , 0.18] , [0.83 , 0.17] , [0.83 , 0.17] , [0.84 , 0.16] , [0.84 , 0.16] , [0.85 , 0.15]}
2025-12-22 01:55:56,662 MambaPro.train INFO: best_Experts:{[0.70 , 0.30]}
2025-12-22 01:55:56,662 MambaPro.train INFO: 🔥 MoE损失(Val): 平衡=0.1524, 稀疏性=0.5234, 多样性=8.8619, 总=0.0907 (权重: 平衡=0.010, 稀疏性=0.001, 多样性=0.010)
2025-12-22 01:55:56,662 MambaPro.train INFO:    📊 专家权重分布(Val, 2个专家): [0.85 , 0.15]
2025-12-22 01:57:27,492 MambaPro.train INFO: Epoch 22 done. Time per batch: 0.781[s] Speed: 82.0[samples/s]
2025-12-22 01:59:03,091 MambaPro.train INFO: Validation Results - Epoch: 22
2025-12-22 01:59:03,091 MambaPro.train INFO: Current mAP: 81.1%
2025-12-22 01:59:03,091 MambaPro.train INFO: CMC curve, Rank-1  :93.0%
2025-12-22 01:59:03,091 MambaPro.train INFO: CMC curve, Rank-5  :94.1%
2025-12-22 01:59:03,091 MambaPro.train INFO: CMC curve, Rank-10 :94.8%
2025-12-22 01:59:03,098 MambaPro.train INFO: [Epoch 22] 指标集合列表（历史）
2025-12-22 01:59:03,098 MambaPro.train INFO: history_mAP:{47.0 , 63.1 , 65.3 , 67.6 , 71.6 , 73.8 , 77.0 , 79.9 , 81.3 , 80.6 , 79.1 , 80.2 , 80.5 , 80.5 , 80.7 , 81.2 , 80.3 , 80.7 , 81.0 , 80.8 , 80.9 , 81.1}
2025-12-22 01:59:03,098 MambaPro.train INFO: best_mAP:{81.3}
2025-12-22 01:59:03,098 MambaPro.train INFO: history_Rank-1:{67.7 , 79.8 , 80.5 , 81.9 , 86.1 , 88.5 , 90.4 , 92.1 , 92.4 , 93.1 , 92.6 , 92.5 , 92.5 , 93.5 , 93.0 , 92.9 , 93.2 , 92.8}
2025-12-22 01:59:03,098 MambaPro.train INFO: best_Rank-1:{92.4}
2025-12-22 01:59:03,098 MambaPro.train INFO: history_Rank-5:{72.4 , 83.3 , 82.2 , 84.3 , 88.2 , 89.9 , 91.5 , 93.6 , 94.3 , 94.4 , 93.9 , 93.9 , 95.0 , 94.5 , 94.5 , 94.2 , 93.7 , 94.1}
2025-12-22 01:59:03,098 MambaPro.train INFO: best_Rank-5:{94.3}
2025-12-22 01:59:03,098 MambaPro.train INFO: history_Rank-10:{76.2 , 85.4 , 83.4 , 86.3 , 89.9 , 91.0 , 92.3 , 94.3 , 95.3 , 95.0 , 95.5 , 94.6 , 94.5 , 95.9 , 95.2 , 94.9 , 94.8 , 94.5 , 94.9 , 94.8}
2025-12-22 01:59:03,098 MambaPro.train INFO: best_Rank-10:{95.3}
2025-12-22 01:59:03,098 MambaPro.train INFO: history_Experts:{[0.50 , 0.50] , [0.51 , 0.49] , [0.51 , 0.49] , [0.52 , 0.48] , [0.54 , 0.46] , [0.57 , 0.43] , [0.62 , 0.38] , [0.67 , 0.33] , [0.70 , 0.30] , [0.73 , 0.27] , [0.75 , 0.25] , [0.77 , 0.23] , [0.79 , 0.21] , [0.80 , 0.20] , [0.81 , 0.19] , [0.82 , 0.18] , [0.83 , 0.17] , [0.83 , 0.17] , [0.84 , 0.16] , [0.84 , 0.16] , [0.85 , 0.15] , [0.85 , 0.15]}
2025-12-22 01:59:03,098 MambaPro.train INFO: best_Experts:{[0.70 , 0.30]}
2025-12-22 01:59:03,098 MambaPro.train INFO: 🔥 MoE损失(Val): 平衡=0.1575, 稀疏性=0.5143, 多样性=8.6550, 总=0.0886 (权重: 平衡=0.010, 稀疏性=0.001, 多样性=0.010)
2025-12-22 01:59:03,098 MambaPro.train INFO:    📊 专家权重分布(Val, 2个专家): [0.85 , 0.15]
2025-12-22 02:00:33,795 MambaPro.train INFO: Epoch 23 done. Time per batch: 0.780[s] Speed: 82.1[samples/s]
2025-12-22 02:02:09,455 MambaPro.train INFO: Validation Results - Epoch: 23
2025-12-22 02:02:09,455 MambaPro.train INFO: Current mAP: 81.1%
2025-12-22 02:02:09,455 MambaPro.train INFO: CMC curve, Rank-1  :93.5%
2025-12-22 02:02:09,455 MambaPro.train INFO: CMC curve, Rank-5  :94.5%
2025-12-22 02:02:09,455 MambaPro.train INFO: CMC curve, Rank-10 :95.1%
2025-12-22 02:02:09,461 MambaPro.train INFO: [Epoch 23] 指标集合列表（历史）
2025-12-22 02:02:09,461 MambaPro.train INFO: history_mAP:{47.0 , 63.1 , 65.3 , 67.6 , 71.6 , 73.8 , 77.0 , 79.9 , 81.3 , 80.6 , 79.1 , 80.2 , 80.5 , 80.5 , 80.7 , 81.2 , 80.3 , 80.7 , 81.0 , 80.8 , 80.9 , 81.1 , 81.1}
2025-12-22 02:02:09,461 MambaPro.train INFO: best_mAP:{81.3}
2025-12-22 02:02:09,461 MambaPro.train INFO: history_Rank-1:{67.7 , 79.8 , 80.5 , 81.9 , 86.1 , 88.5 , 90.4 , 92.1 , 92.4 , 93.1 , 92.6 , 92.5 , 92.5 , 93.5 , 93.0 , 92.9 , 93.2 , 92.8}
2025-12-22 02:02:09,461 MambaPro.train INFO: best_Rank-1:{92.4}
2025-12-22 02:02:09,461 MambaPro.train INFO: history_Rank-5:{72.4 , 83.3 , 82.2 , 84.3 , 88.2 , 89.9 , 91.5 , 93.6 , 94.3 , 94.4 , 93.9 , 93.9 , 95.0 , 94.5 , 94.5 , 94.2 , 93.7 , 94.1}
2025-12-22 02:02:09,461 MambaPro.train INFO: best_Rank-5:{94.3}
2025-12-22 02:02:09,461 MambaPro.train INFO: history_Rank-10:{76.2 , 85.4 , 83.4 , 86.3 , 89.9 , 91.0 , 92.3 , 94.3 , 95.3 , 95.0 , 95.5 , 94.6 , 94.5 , 95.9 , 95.2 , 94.9 , 94.8 , 94.5 , 94.9 , 94.8 , 95.1}
2025-12-22 02:02:09,461 MambaPro.train INFO: best_Rank-10:{95.3}
2025-12-22 02:02:09,461 MambaPro.train INFO: history_Experts:{[0.50 , 0.50] , [0.51 , 0.49] , [0.51 , 0.49] , [0.52 , 0.48] , [0.54 , 0.46] , [0.57 , 0.43] , [0.62 , 0.38] , [0.67 , 0.33] , [0.70 , 0.30] , [0.73 , 0.27] , [0.75 , 0.25] , [0.77 , 0.23] , [0.79 , 0.21] , [0.80 , 0.20] , [0.81 , 0.19] , [0.82 , 0.18] , [0.83 , 0.17] , [0.83 , 0.17] , [0.84 , 0.16] , [0.84 , 0.16] , [0.85 , 0.15] , [0.85 , 0.15] , [0.85 , 0.15]}
2025-12-22 02:02:09,461 MambaPro.train INFO: best_Experts:{[0.70 , 0.30]}
2025-12-22 02:02:09,461 MambaPro.train INFO: 🔥 MoE损失(Val): 平衡=0.1620, 稀疏性=0.5066, 多样性=8.4803, 总=0.0869 (权重: 平衡=0.010, 稀疏性=0.001, 多样性=0.010)
2025-12-22 02:02:09,461 MambaPro.train INFO:    📊 专家权重分布(Val, 2个专家): [0.85 , 0.15]
2025-12-22 02:03:40,162 MambaPro.train INFO: Epoch 24 done. Time per batch: 0.780[s] Speed: 82.1[samples/s]
2025-12-22 02:05:15,739 MambaPro.train INFO: Validation Results - Epoch: 24
2025-12-22 02:05:15,740 MambaPro.train INFO: Current mAP: 81.0%
2025-12-22 02:05:15,740 MambaPro.train INFO: CMC curve, Rank-1  :93.9%
2025-12-22 02:05:15,740 MambaPro.train INFO: CMC curve, Rank-5  :94.6%
2025-12-22 02:05:15,740 MambaPro.train INFO: CMC curve, Rank-10 :95.6%
2025-12-22 02:05:15,745 MambaPro.train INFO: [Epoch 24] 指标集合列表（历史）
2025-12-22 02:05:15,745 MambaPro.train INFO: history_mAP:{47.0 , 63.1 , 65.3 , 67.6 , 71.6 , 73.8 , 77.0 , 79.9 , 81.3 , 80.6 , 79.1 , 80.2 , 80.5 , 80.5 , 80.7 , 81.2 , 80.3 , 80.7 , 81.0 , 80.8 , 80.9 , 81.1 , 81.1 , 81.0}
2025-12-22 02:05:15,745 MambaPro.train INFO: best_mAP:{81.3}
2025-12-22 02:05:15,745 MambaPro.train INFO: history_Rank-1:{67.7 , 79.8 , 80.5 , 81.9 , 86.1 , 88.5 , 90.4 , 92.1 , 92.4 , 93.1 , 92.6 , 92.5 , 92.5 , 93.5 , 93.0 , 92.9 , 93.2 , 92.8 , 93.9}
2025-12-22 02:05:15,745 MambaPro.train INFO: best_Rank-1:{92.4}
2025-12-22 02:05:15,745 MambaPro.train INFO: history_Rank-5:{72.4 , 83.3 , 82.2 , 84.3 , 88.2 , 89.9 , 91.5 , 93.6 , 94.3 , 94.4 , 93.9 , 93.9 , 95.0 , 94.5 , 94.5 , 94.2 , 93.7 , 94.1 , 94.6}
2025-12-22 02:05:15,745 MambaPro.train INFO: best_Rank-5:{94.3}
2025-12-22 02:05:15,745 MambaPro.train INFO: history_Rank-10:{76.2 , 85.4 , 83.4 , 86.3 , 89.9 , 91.0 , 92.3 , 94.3 , 95.3 , 95.0 , 95.5 , 94.6 , 94.5 , 95.9 , 95.2 , 94.9 , 94.8 , 94.5 , 94.9 , 94.8 , 95.1 , 95.6}
2025-12-22 02:05:15,745 MambaPro.train INFO: best_Rank-10:{95.3}
2025-12-22 02:05:15,745 MambaPro.train INFO: history_Experts:{[0.50 , 0.50] , [0.51 , 0.49] , [0.51 , 0.49] , [0.52 , 0.48] , [0.54 , 0.46] , [0.57 , 0.43] , [0.62 , 0.38] , [0.67 , 0.33] , [0.70 , 0.30] , [0.73 , 0.27] , [0.75 , 0.25] , [0.77 , 0.23] , [0.79 , 0.21] , [0.80 , 0.20] , [0.81 , 0.19] , [0.82 , 0.18] , [0.83 , 0.17] , [0.83 , 0.17] , [0.84 , 0.16] , [0.84 , 0.16] , [0.85 , 0.15] , [0.85 , 0.15] , [0.85 , 0.15] , [0.85 , 0.15]}
2025-12-22 02:05:15,745 MambaPro.train INFO: best_Experts:{[0.70 , 0.30]}
2025-12-22 02:05:15,745 MambaPro.train INFO: 🔥 MoE损失(Val): 平衡=0.1657, 稀疏性=0.5000, 多样性=8.3332, 总=0.0855 (权重: 平衡=0.010, 稀疏性=0.001, 多样性=0.010)
2025-12-22 02:05:15,745 MambaPro.train INFO:    📊 专家权重分布(Val, 2个专家): [0.85 , 0.15]
2025-12-22 02:06:47,196 MambaPro.train INFO: Epoch 25 done. Time per batch: 0.779[s] Speed: 82.1[samples/s]
2025-12-22 02:08:22,757 MambaPro.train INFO: Validation Results - Epoch: 25
2025-12-22 02:08:22,757 MambaPro.train INFO: Current mAP: 81.0%
2025-12-22 02:08:22,757 MambaPro.train INFO: CMC curve, Rank-1  :93.5%
2025-12-22 02:08:22,757 MambaPro.train INFO: CMC curve, Rank-5  :94.7%
2025-12-22 02:08:22,757 MambaPro.train INFO: CMC curve, Rank-10 :95.2%
2025-12-22 02:08:22,763 MambaPro.train INFO: [Epoch 25] 指标集合列表（历史）
2025-12-22 02:08:22,763 MambaPro.train INFO: history_mAP:{47.0 , 63.1 , 65.3 , 67.6 , 71.6 , 73.8 , 77.0 , 79.9 , 81.3 , 80.6 , 79.1 , 80.2 , 80.5 , 80.5 , 80.7 , 81.2 , 80.3 , 80.7 , 81.0 , 80.8 , 80.9 , 81.1 , 81.1 , 81.0 , 81.0}
2025-12-22 02:08:22,763 MambaPro.train INFO: best_mAP:{81.3}
2025-12-22 02:08:22,763 MambaPro.train INFO: history_Rank-1:{67.7 , 79.8 , 80.5 , 81.9 , 86.1 , 88.5 , 90.4 , 92.1 , 92.4 , 93.1 , 92.6 , 92.5 , 92.5 , 93.5 , 93.0 , 92.9 , 93.2 , 92.8 , 93.9}
2025-12-22 02:08:22,763 MambaPro.train INFO: best_Rank-1:{92.4}
2025-12-22 02:08:22,763 MambaPro.train INFO: history_Rank-5:{72.4 , 83.3 , 82.2 , 84.3 , 88.2 , 89.9 , 91.5 , 93.6 , 94.3 , 94.4 , 93.9 , 93.9 , 95.0 , 94.5 , 94.5 , 94.2 , 93.7 , 94.1 , 94.6 , 94.7}
2025-12-22 02:08:22,763 MambaPro.train INFO: best_Rank-5:{94.3}
2025-12-22 02:08:22,763 MambaPro.train INFO: history_Rank-10:{76.2 , 85.4 , 83.4 , 86.3 , 89.9 , 91.0 , 92.3 , 94.3 , 95.3 , 95.0 , 95.5 , 94.6 , 94.5 , 95.9 , 95.2 , 94.9 , 94.8 , 94.5 , 94.9 , 94.8 , 95.1 , 95.6}
2025-12-22 02:08:22,763 MambaPro.train INFO: best_Rank-10:{95.3}
2025-12-22 02:08:22,763 MambaPro.train INFO: history_Experts:{[0.50 , 0.50] , [0.51 , 0.49] , [0.51 , 0.49] , [0.52 , 0.48] , [0.54 , 0.46] , [0.57 , 0.43] , [0.62 , 0.38] , [0.67 , 0.33] , [0.70 , 0.30] , [0.73 , 0.27] , [0.75 , 0.25] , [0.77 , 0.23] , [0.79 , 0.21] , [0.80 , 0.20] , [0.81 , 0.19] , [0.82 , 0.18] , [0.83 , 0.17] , [0.83 , 0.17] , [0.84 , 0.16] , [0.84 , 0.16] , [0.85 , 0.15] , [0.85 , 0.15] , [0.85 , 0.15] , [0.85 , 0.15] , [0.86 , 0.14]}
2025-12-22 02:08:22,763 MambaPro.train INFO: best_Experts:{[0.70 , 0.30]}
2025-12-22 02:08:22,763 MambaPro.train INFO: 🔥 MoE损失(Val): 平衡=0.1690, 稀疏性=0.4943, 多样性=8.2079, 总=0.0843 (权重: 平衡=0.010, 稀疏性=0.001, 多样性=0.010)
2025-12-22 02:08:22,763 MambaPro.train INFO:    📊 专家权重分布(Val, 2个专家): [0.86 , 0.14]
2025-12-22 02:09:53,701 MambaPro.train INFO: Epoch 26 done. Time per batch: 0.782[s] Speed: 81.9[samples/s]
2025-12-22 02:11:29,306 MambaPro.train INFO: Validation Results - Epoch: 26
2025-12-22 02:11:29,306 MambaPro.train INFO: Current mAP: 81.1%
2025-12-22 02:11:29,306 MambaPro.train INFO: CMC curve, Rank-1  :93.4%
2025-12-22 02:11:29,306 MambaPro.train INFO: CMC curve, Rank-5  :94.5%
2025-12-22 02:11:29,306 MambaPro.train INFO: CMC curve, Rank-10 :95.3%
2025-12-22 02:11:29,310 MambaPro.train INFO: [Epoch 26] 指标集合列表（历史）
2025-12-22 02:11:29,311 MambaPro.train INFO: history_mAP:{47.0 , 63.1 , 65.3 , 67.6 , 71.6 , 73.8 , 77.0 , 79.9 , 81.3 , 80.6 , 79.1 , 80.2 , 80.5 , 80.5 , 80.7 , 81.2 , 80.3 , 80.7 , 81.0 , 80.8 , 80.9 , 81.1 , 81.1 , 81.0 , 81.0 , 81.1}
2025-12-22 02:11:29,311 MambaPro.train INFO: best_mAP:{81.3}
2025-12-22 02:11:29,311 MambaPro.train INFO: history_Rank-1:{67.7 , 79.8 , 80.5 , 81.9 , 86.1 , 88.5 , 90.4 , 92.1 , 92.4 , 93.1 , 92.6 , 92.5 , 92.5 , 93.5 , 93.0 , 92.9 , 93.2 , 92.8 , 93.9 , 93.4}
2025-12-22 02:11:29,311 MambaPro.train INFO: best_Rank-1:{92.4}
2025-12-22 02:11:29,311 MambaPro.train INFO: history_Rank-5:{72.4 , 83.3 , 82.2 , 84.3 , 88.2 , 89.9 , 91.5 , 93.6 , 94.3 , 94.4 , 93.9 , 93.9 , 95.0 , 94.5 , 94.5 , 94.2 , 93.7 , 94.1 , 94.6 , 94.7}
2025-12-22 02:11:29,311 MambaPro.train INFO: best_Rank-5:{94.3}
2025-12-22 02:11:29,311 MambaPro.train INFO: history_Rank-10:{76.2 , 85.4 , 83.4 , 86.3 , 89.9 , 91.0 , 92.3 , 94.3 , 95.3 , 95.0 , 95.5 , 94.6 , 94.5 , 95.9 , 95.2 , 94.9 , 94.8 , 94.5 , 94.9 , 94.8 , 95.1 , 95.6 , 95.3}
2025-12-22 02:11:29,311 MambaPro.train INFO: best_Rank-10:{95.3}
2025-12-22 02:11:29,311 MambaPro.train INFO: history_Experts:{[0.50 , 0.50] , [0.51 , 0.49] , [0.51 , 0.49] , [0.52 , 0.48] , [0.54 , 0.46] , [0.57 , 0.43] , [0.62 , 0.38] , [0.67 , 0.33] , [0.70 , 0.30] , [0.73 , 0.27] , [0.75 , 0.25] , [0.77 , 0.23] , [0.79 , 0.21] , [0.80 , 0.20] , [0.81 , 0.19] , [0.82 , 0.18] , [0.83 , 0.17] , [0.83 , 0.17] , [0.84 , 0.16] , [0.84 , 0.16] , [0.85 , 0.15] , [0.85 , 0.15] , [0.85 , 0.15] , [0.85 , 0.15] , [0.86 , 0.14] , [0.86 , 0.14]}
2025-12-22 02:11:29,311 MambaPro.train INFO: best_Experts:{[0.70 , 0.30]}
2025-12-22 02:11:29,311 MambaPro.train INFO: 🔥 MoE损失(Val): 平衡=0.1718, 稀疏性=0.4894, 多样性=8.1000, 总=0.0832 (权重: 平衡=0.010, 稀疏性=0.001, 多样性=0.010)
2025-12-22 02:11:29,311 MambaPro.train INFO:    📊 专家权重分布(Val, 2个专家): [0.86 , 0.14]
2025-12-22 02:13:00,050 MambaPro.train INFO: Epoch 27 done. Time per batch: 0.780[s] Speed: 82.1[samples/s]
2025-12-22 02:14:35,728 MambaPro.train INFO: Validation Results - Epoch: 27
2025-12-22 02:14:35,728 MambaPro.train INFO: Current mAP: 81.1%
2025-12-22 02:14:35,728 MambaPro.train INFO: CMC curve, Rank-1  :93.5%
2025-12-22 02:14:35,728 MambaPro.train INFO: CMC curve, Rank-5  :94.3%
2025-12-22 02:14:35,728 MambaPro.train INFO: CMC curve, Rank-10 :95.2%
2025-12-22 02:14:35,733 MambaPro.train INFO: [Epoch 27] 指标集合列表（历史）
2025-12-22 02:14:35,733 MambaPro.train INFO: history_mAP:{47.0 , 63.1 , 65.3 , 67.6 , 71.6 , 73.8 , 77.0 , 79.9 , 81.3 , 80.6 , 79.1 , 80.2 , 80.5 , 80.5 , 80.7 , 81.2 , 80.3 , 80.7 , 81.0 , 80.8 , 80.9 , 81.1 , 81.1 , 81.0 , 81.0 , 81.1 , 81.1}
2025-12-22 02:14:35,733 MambaPro.train INFO: best_mAP:{81.3}
2025-12-22 02:14:35,733 MambaPro.train INFO: history_Rank-1:{67.7 , 79.8 , 80.5 , 81.9 , 86.1 , 88.5 , 90.4 , 92.1 , 92.4 , 93.1 , 92.6 , 92.5 , 92.5 , 93.5 , 93.0 , 92.9 , 93.2 , 92.8 , 93.9 , 93.4 , 93.5}
2025-12-22 02:14:35,733 MambaPro.train INFO: best_Rank-1:{92.4}
2025-12-22 02:14:35,733 MambaPro.train INFO: history_Rank-5:{72.4 , 83.3 , 82.2 , 84.3 , 88.2 , 89.9 , 91.5 , 93.6 , 94.3 , 94.4 , 93.9 , 93.9 , 95.0 , 94.5 , 94.5 , 94.2 , 93.7 , 94.1 , 94.6 , 94.7 , 94.3}
2025-12-22 02:14:35,733 MambaPro.train INFO: best_Rank-5:{94.3}
2025-12-22 02:14:35,733 MambaPro.train INFO: history_Rank-10:{76.2 , 85.4 , 83.4 , 86.3 , 89.9 , 91.0 , 92.3 , 94.3 , 95.3 , 95.0 , 95.5 , 94.6 , 94.5 , 95.9 , 95.2 , 94.9 , 94.8 , 94.5 , 94.9 , 94.8 , 95.1 , 95.6 , 95.3}
2025-12-22 02:14:35,733 MambaPro.train INFO: best_Rank-10:{95.3}
2025-12-22 02:14:35,733 MambaPro.train INFO: history_Experts:{[0.50 , 0.50] , [0.51 , 0.49] , [0.51 , 0.49] , [0.52 , 0.48] , [0.54 , 0.46] , [0.57 , 0.43] , [0.62 , 0.38] , [0.67 , 0.33] , [0.70 , 0.30] , [0.73 , 0.27] , [0.75 , 0.25] , [0.77 , 0.23] , [0.79 , 0.21] , [0.80 , 0.20] , [0.81 , 0.19] , [0.82 , 0.18] , [0.83 , 0.17] , [0.83 , 0.17] , [0.84 , 0.16] , [0.84 , 0.16] , [0.85 , 0.15] , [0.85 , 0.15] , [0.85 , 0.15] , [0.85 , 0.15] , [0.86 , 0.14] , [0.86 , 0.14] , [0.86 , 0.14]}
2025-12-22 02:14:35,733 MambaPro.train INFO: best_Experts:{[0.70 , 0.30]}
2025-12-22 02:14:35,733 MambaPro.train INFO: 🔥 MoE损失(Val): 平衡=0.1743, 稀疏性=0.4852, 多样性=8.0082, 总=0.0823 (权重: 平衡=0.010, 稀疏性=0.001, 多样性=0.010)
2025-12-22 02:14:35,733 MambaPro.train INFO:    📊 专家权重分布(Val, 2个专家): [0.86 , 0.14]
2025-12-22 02:16:07,232 MambaPro.train INFO: Epoch 28 done. Time per batch: 0.780[s] Speed: 82.1[samples/s]
2025-12-22 02:17:42,837 MambaPro.train INFO: Validation Results - Epoch: 28
2025-12-22 02:17:42,837 MambaPro.train INFO: Current mAP: 81.1%
2025-12-22 02:17:42,837 MambaPro.train INFO: CMC curve, Rank-1  :93.5%
2025-12-22 02:17:42,838 MambaPro.train INFO: CMC curve, Rank-5  :94.4%
2025-12-22 02:17:42,838 MambaPro.train INFO: CMC curve, Rank-10 :95.2%
2025-12-22 02:17:42,842 MambaPro.train INFO: [Epoch 28] 指标集合列表（历史）
2025-12-22 02:17:42,842 MambaPro.train INFO: history_mAP:{47.0 , 63.1 , 65.3 , 67.6 , 71.6 , 73.8 , 77.0 , 79.9 , 81.3 , 80.6 , 79.1 , 80.2 , 80.5 , 80.5 , 80.7 , 81.2 , 80.3 , 80.7 , 81.0 , 80.8 , 80.9 , 81.1 , 81.1 , 81.0 , 81.0 , 81.1 , 81.1 , 81.1}
2025-12-22 02:17:42,842 MambaPro.train INFO: best_mAP:{81.3}
2025-12-22 02:17:42,842 MambaPro.train INFO: history_Rank-1:{67.7 , 79.8 , 80.5 , 81.9 , 86.1 , 88.5 , 90.4 , 92.1 , 92.4 , 93.1 , 92.6 , 92.5 , 92.5 , 93.5 , 93.0 , 92.9 , 93.2 , 92.8 , 93.9 , 93.4 , 93.5}
2025-12-22 02:17:42,842 MambaPro.train INFO: best_Rank-1:{92.4}
2025-12-22 02:17:42,842 MambaPro.train INFO: history_Rank-5:{72.4 , 83.3 , 82.2 , 84.3 , 88.2 , 89.9 , 91.5 , 93.6 , 94.3 , 94.4 , 93.9 , 93.9 , 95.0 , 94.5 , 94.5 , 94.2 , 93.7 , 94.1 , 94.6 , 94.7 , 94.3}
2025-12-22 02:17:42,842 MambaPro.train INFO: best_Rank-5:{94.3}
2025-12-22 02:17:42,842 MambaPro.train INFO: history_Rank-10:{76.2 , 85.4 , 83.4 , 86.3 , 89.9 , 91.0 , 92.3 , 94.3 , 95.3 , 95.0 , 95.5 , 94.6 , 94.5 , 95.9 , 95.2 , 94.9 , 94.8 , 94.5 , 94.9 , 94.8 , 95.1 , 95.6 , 95.3 , 95.2}
2025-12-22 02:17:42,842 MambaPro.train INFO: best_Rank-10:{95.3}
2025-12-22 02:17:42,843 MambaPro.train INFO: history_Experts:{[0.50 , 0.50] , [0.51 , 0.49] , [0.51 , 0.49] , [0.52 , 0.48] , [0.54 , 0.46] , [0.57 , 0.43] , [0.62 , 0.38] , [0.67 , 0.33] , [0.70 , 0.30] , [0.73 , 0.27] , [0.75 , 0.25] , [0.77 , 0.23] , [0.79 , 0.21] , [0.80 , 0.20] , [0.81 , 0.19] , [0.82 , 0.18] , [0.83 , 0.17] , [0.83 , 0.17] , [0.84 , 0.16] , [0.84 , 0.16] , [0.85 , 0.15] , [0.85 , 0.15] , [0.85 , 0.15] , [0.85 , 0.15] , [0.86 , 0.14] , [0.86 , 0.14] , [0.86 , 0.14] , [0.86 , 0.14]}
2025-12-22 02:17:42,843 MambaPro.train INFO: best_Experts:{[0.70 , 0.30]}
2025-12-22 02:17:42,843 MambaPro.train INFO: 🔥 MoE损失(Val): 平衡=0.1765, 稀疏性=0.4813, 多样性=7.9240, 总=0.0815 (权重: 平衡=0.010, 稀疏性=0.001, 多样性=0.010)
2025-12-22 02:17:42,843 MambaPro.train INFO:    📊 专家权重分布(Val, 2个专家): [0.86 , 0.14]
2025-12-22 02:19:14,347 MambaPro.train INFO: Epoch 29 done. Time per batch: 0.780[s] Speed: 82.1[samples/s]
2025-12-22 02:20:49,940 MambaPro.train INFO: Validation Results - Epoch: 29
2025-12-22 02:20:49,940 MambaPro.train INFO: Current mAP: 81.1%
2025-12-22 02:20:49,940 MambaPro.train INFO: CMC curve, Rank-1  :93.4%
2025-12-22 02:20:49,940 MambaPro.train INFO: CMC curve, Rank-5  :94.3%
2025-12-22 02:20:49,940 MambaPro.train INFO: CMC curve, Rank-10 :95.2%
2025-12-22 02:20:49,945 MambaPro.train INFO: [Epoch 29] 指标集合列表（历史）
2025-12-22 02:20:49,946 MambaPro.train INFO: history_mAP:{47.0 , 63.1 , 65.3 , 67.6 , 71.6 , 73.8 , 77.0 , 79.9 , 81.3 , 80.6 , 79.1 , 80.2 , 80.5 , 80.5 , 80.7 , 81.2 , 80.3 , 80.7 , 81.0 , 80.8 , 80.9 , 81.1 , 81.1 , 81.0 , 81.0 , 81.1 , 81.1 , 81.1 , 81.1}
2025-12-22 02:20:49,946 MambaPro.train INFO: best_mAP:{81.3}
2025-12-22 02:20:49,946 MambaPro.train INFO: history_Rank-1:{67.7 , 79.8 , 80.5 , 81.9 , 86.1 , 88.5 , 90.4 , 92.1 , 92.4 , 93.1 , 92.6 , 92.5 , 92.5 , 93.5 , 93.0 , 92.9 , 93.2 , 92.8 , 93.9 , 93.4 , 93.5 , 93.4}
2025-12-22 02:20:49,946 MambaPro.train INFO: best_Rank-1:{92.4}
2025-12-22 02:20:49,946 MambaPro.train INFO: history_Rank-5:{72.4 , 83.3 , 82.2 , 84.3 , 88.2 , 89.9 , 91.5 , 93.6 , 94.3 , 94.4 , 93.9 , 93.9 , 95.0 , 94.5 , 94.5 , 94.2 , 93.7 , 94.1 , 94.6 , 94.7 , 94.3}
2025-12-22 02:20:49,946 MambaPro.train INFO: best_Rank-5:{94.3}
2025-12-22 02:20:49,946 MambaPro.train INFO: history_Rank-10:{76.2 , 85.4 , 83.4 , 86.3 , 89.9 , 91.0 , 92.3 , 94.3 , 95.3 , 95.0 , 95.5 , 94.6 , 94.5 , 95.9 , 95.2 , 94.9 , 94.8 , 94.5 , 94.9 , 94.8 , 95.1 , 95.6 , 95.3 , 95.2}
2025-12-22 02:20:49,946 MambaPro.train INFO: best_Rank-10:{95.3}
2025-12-22 02:20:49,946 MambaPro.train INFO: history_Experts:{[0.50 , 0.50] , [0.51 , 0.49] , [0.51 , 0.49] , [0.52 , 0.48] , [0.54 , 0.46] , [0.57 , 0.43] , [0.62 , 0.38] , [0.67 , 0.33] , [0.70 , 0.30] , [0.73 , 0.27] , [0.75 , 0.25] , [0.77 , 0.23] , [0.79 , 0.21] , [0.80 , 0.20] , [0.81 , 0.19] , [0.82 , 0.18] , [0.83 , 0.17] , [0.83 , 0.17] , [0.84 , 0.16] , [0.84 , 0.16] , [0.85 , 0.15] , [0.85 , 0.15] , [0.85 , 0.15] , [0.85 , 0.15] , [0.86 , 0.14] , [0.86 , 0.14] , [0.86 , 0.14] , [0.86 , 0.14] , [0.86 , 0.14]}
2025-12-22 02:20:49,946 MambaPro.train INFO: best_Experts:{[0.70 , 0.30]}
2025-12-22 02:20:49,946 MambaPro.train INFO: 🔥 MoE损失(Val): 平衡=0.1786, 稀疏性=0.4778, 多样性=7.8464, 总=0.0807 (权重: 平衡=0.010, 稀疏性=0.001, 多样性=0.010)
2025-12-22 02:20:49,946 MambaPro.train INFO:    📊 专家权重分布(Val, 2个专家): [0.86 , 0.14]
2025-12-22 02:22:20,646 MambaPro.train INFO: Epoch 30 done. Time per batch: 0.780[s] Speed: 82.1[samples/s]
2025-12-22 02:23:56,243 MambaPro.train INFO: Validation Results - Epoch: 30
2025-12-22 02:23:56,243 MambaPro.train INFO: Current mAP: 81.1%
2025-12-22 02:23:56,243 MambaPro.train INFO: CMC curve, Rank-1  :93.5%
2025-12-22 02:23:56,243 MambaPro.train INFO: CMC curve, Rank-5  :94.4%
2025-12-22 02:23:56,243 MambaPro.train INFO: CMC curve, Rank-10 :95.3%
2025-12-22 02:23:56,247 MambaPro.train INFO: [Epoch 30] 指标集合列表（历史）
2025-12-22 02:23:56,248 MambaPro.train INFO: history_mAP:{47.0 , 63.1 , 65.3 , 67.6 , 71.6 , 73.8 , 77.0 , 79.9 , 81.3 , 80.6 , 79.1 , 80.2 , 80.5 , 80.5 , 80.7 , 81.2 , 80.3 , 80.7 , 81.0 , 80.8 , 80.9 , 81.1 , 81.1 , 81.0 , 81.0 , 81.1 , 81.1 , 81.1 , 81.1 , 81.1}
2025-12-22 02:23:56,248 MambaPro.train INFO: best_mAP:{81.3}
2025-12-22 02:23:56,248 MambaPro.train INFO: history_Rank-1:{67.7 , 79.8 , 80.5 , 81.9 , 86.1 , 88.5 , 90.4 , 92.1 , 92.4 , 93.1 , 92.6 , 92.5 , 92.5 , 93.5 , 93.0 , 92.9 , 93.2 , 92.8 , 93.9 , 93.4 , 93.5 , 93.4}
2025-12-22 02:23:56,248 MambaPro.train INFO: best_Rank-1:{92.4}
2025-12-22 02:23:56,248 MambaPro.train INFO: history_Rank-5:{72.4 , 83.3 , 82.2 , 84.3 , 88.2 , 89.9 , 91.5 , 93.6 , 94.3 , 94.4 , 93.9 , 93.9 , 95.0 , 94.5 , 94.5 , 94.2 , 93.7 , 94.1 , 94.6 , 94.7 , 94.3}
2025-12-22 02:23:56,248 MambaPro.train INFO: best_Rank-5:{94.3}
2025-12-22 02:23:56,248 MambaPro.train INFO: history_Rank-10:{76.2 , 85.4 , 83.4 , 86.3 , 89.9 , 91.0 , 92.3 , 94.3 , 95.3 , 95.0 , 95.5 , 94.6 , 94.5 , 95.9 , 95.2 , 94.9 , 94.8 , 94.5 , 94.9 , 94.8 , 95.1 , 95.6 , 95.3 , 95.2}
2025-12-22 02:23:56,248 MambaPro.train INFO: best_Rank-10:{95.3}
2025-12-22 02:23:56,248 MambaPro.train INFO: history_Experts:{[0.50 , 0.50] , [0.51 , 0.49] , [0.51 , 0.49] , [0.52 , 0.48] , [0.54 , 0.46] , [0.57 , 0.43] , [0.62 , 0.38] , [0.67 , 0.33] , [0.70 , 0.30] , [0.73 , 0.27] , [0.75 , 0.25] , [0.77 , 0.23] , [0.79 , 0.21] , [0.80 , 0.20] , [0.81 , 0.19] , [0.82 , 0.18] , [0.83 , 0.17] , [0.83 , 0.17] , [0.84 , 0.16] , [0.84 , 0.16] , [0.85 , 0.15] , [0.85 , 0.15] , [0.85 , 0.15] , [0.85 , 0.15] , [0.86 , 0.14] , [0.86 , 0.14] , [0.86 , 0.14] , [0.86 , 0.14] , [0.86 , 0.14] , [0.86 , 0.14]}
2025-12-22 02:23:56,248 MambaPro.train INFO: best_Experts:{[0.70 , 0.30]}
2025-12-22 02:23:56,248 MambaPro.train INFO: 🔥 MoE损失(Val): 平衡=0.1807, 稀疏性=0.4743, 多样性=7.7717, 总=0.0800 (权重: 平衡=0.010, 稀疏性=0.001, 多样性=0.010)
2025-12-22 02:23:56,248 MambaPro.train INFO:    📊 专家权重分布(Val, 2个专家): [0.86 , 0.14]
2025-12-22 02:23:56,513 MambaPro.train INFO: ============================================================
