2025-12-22 03:57:06,214 MambaPro INFO: 🔥 窗口配置：8x8 ([8]), MoE专家数量：1
2025-12-22 03:57:06,214 MambaPro INFO: ================================================================================
2025-12-22 03:57:06,214 MambaPro INFO: 🧾 实验参数快照（命令行 + 最终配置）
2025-12-22 03:57:06,214 MambaPro INFO: ================================================================================
2025-12-22 03:57:06,214 MambaPro INFO: 【复现实验命令】
2025-12-22 03:57:06,214 MambaPro INFO: /home/zhanghaoyang/.conda/envs/MambaPro/bin/python train_net.py --use_multi_scale --use_moe --config_file configs/RGBNT100/jzb_baseline_optimize.yml OUTPUT_DIR ./outputs/rgbnt100_multiscale/8x8_20251222_035704 MODEL.CLIP_MULTI_SCALE_SCALES [8] MODEL.MOE_SCALES [8] MODEL.MOE_NUM_EXPERTS 1
2025-12-22 03:57:06,214 MambaPro INFO: 【命令行参数（args）】
2025-12-22 03:57:06,214 MambaPro INFO: {
2025-12-22 03:57:06,214 MambaPro INFO:   "config_file": "configs/RGBNT100/jzb_baseline_optimize.yml",
2025-12-22 03:57:06,214 MambaPro INFO:   "fea_cft": 0,
2025-12-22 03:57:06,214 MambaPro INFO:   "opts": [
2025-12-22 03:57:06,214 MambaPro INFO:     "OUTPUT_DIR",
2025-12-22 03:57:06,214 MambaPro INFO:     "./outputs/rgbnt100_multiscale/8x8_20251222_035704",
2025-12-22 03:57:06,214 MambaPro INFO:     "MODEL.CLIP_MULTI_SCALE_SCALES",
2025-12-22 03:57:06,214 MambaPro INFO:     "[8]",
2025-12-22 03:57:06,214 MambaPro INFO:     "MODEL.MOE_SCALES",
2025-12-22 03:57:06,214 MambaPro INFO:     "[8]",
2025-12-22 03:57:06,214 MambaPro INFO:     "MODEL.MOE_NUM_EXPERTS",
2025-12-22 03:57:06,214 MambaPro INFO:     "1"
2025-12-22 03:57:06,214 MambaPro INFO:   ],
2025-12-22 03:57:06,214 MambaPro INFO:   "local_rank": 0,
2025-12-22 03:57:06,214 MambaPro INFO:   "use_multi_scale": true,
2025-12-22 03:57:06,214 MambaPro INFO:   "no_multi_scale": false,
2025-12-22 03:57:06,214 MambaPro INFO:   "use_moe": true,
2025-12-22 03:57:06,214 MambaPro INFO:   "disable_moe": false,
2025-12-22 03:57:06,214 MambaPro INFO:   "no_moe": false,
2025-12-22 03:57:06,214 MambaPro INFO:   "use_attention": false,
2025-12-22 03:57:06,214 MambaPro INFO:   "disable_attention": false,
2025-12-22 03:57:06,214 MambaPro INFO:   "attention_heads": 8,
2025-12-22 03:57:06,214 MambaPro INFO:   "attention_dropout": 0.1,
2025-12-22 03:57:06,214 MambaPro INFO:   "resume": ""
2025-12-22 03:57:06,214 MambaPro INFO: }
2025-12-22 03:57:06,214 MambaPro INFO: 【工作目录】/home/zhanghaoyang/Desktop/yzy/AboutReid
2025-12-22 03:57:06,214 MambaPro INFO: 【最终配置（YAML）】
2025-12-22 03:57:06,217 MambaPro INFO: DATALOADER:
2025-12-22 03:57:06,217 MambaPro INFO:   NUM_INSTANCE: 16
2025-12-22 03:57:06,217 MambaPro INFO:   NUM_WORKERS: 8
2025-12-22 03:57:06,217 MambaPro INFO:   SAMPLER: softmax_triplet
2025-12-22 03:57:06,217 MambaPro INFO: DATASETS:
2025-12-22 03:57:06,217 MambaPro INFO:   NAMES: RGBNT100
2025-12-22 03:57:06,217 MambaPro INFO:   ROOT_DIR: /home/zhanghaoyang/Desktop/yzy/MambaPro/data/datasets
2025-12-22 03:57:06,217 MambaPro INFO: INPUT:
2025-12-22 03:57:06,217 MambaPro INFO:   PADDING: 10
2025-12-22 03:57:06,217 MambaPro INFO:   PIXEL_MEAN:
2025-12-22 03:57:06,217 MambaPro INFO:   - 0.5
2025-12-22 03:57:06,217 MambaPro INFO:   - 0.5
2025-12-22 03:57:06,217 MambaPro INFO:   - 0.5
2025-12-22 03:57:06,217 MambaPro INFO:   PIXEL_STD:
2025-12-22 03:57:06,217 MambaPro INFO:   - 0.5
2025-12-22 03:57:06,217 MambaPro INFO:   - 0.5
2025-12-22 03:57:06,217 MambaPro INFO:   - 0.5
2025-12-22 03:57:06,217 MambaPro INFO:   PROB: 0.5
2025-12-22 03:57:06,217 MambaPro INFO:   RE_PROB: 0.5
2025-12-22 03:57:06,217 MambaPro INFO:   SIZE_TEST:
2025-12-22 03:57:06,217 MambaPro INFO:   - 128
2025-12-22 03:57:06,217 MambaPro INFO:   - 256
2025-12-22 03:57:06,217 MambaPro INFO:   SIZE_TRAIN:
2025-12-22 03:57:06,217 MambaPro INFO:   - 128
2025-12-22 03:57:06,217 MambaPro INFO:   - 256
2025-12-22 03:57:06,217 MambaPro INFO: MODEL:
2025-12-22 03:57:06,217 MambaPro INFO:   ADAPTER: true
2025-12-22 03:57:06,217 MambaPro INFO:   ATTENTION_DIM: 512
2025-12-22 03:57:06,217 MambaPro INFO:   ATTENTION_DROPOUT: 0.1
2025-12-22 03:57:06,217 MambaPro INFO:   ATTENTION_NUM_HEADS: 8
2025-12-22 03:57:06,217 MambaPro INFO:   ATT_DROP_RATE: 0.0
2025-12-22 03:57:06,217 MambaPro INFO:   CLIP_MULTI_SCALE_SCALES:
2025-12-22 03:57:06,217 MambaPro INFO:   - 8
2025-12-22 03:57:06,217 MambaPro INFO:   DEVICE: cuda
2025-12-22 03:57:06,217 MambaPro INFO:   DEVICE_ID: '0'
2025-12-22 03:57:06,217 MambaPro INFO:   DIRECT: 0
2025-12-22 03:57:06,217 MambaPro INFO:   DIST_TRAIN: false
2025-12-22 03:57:06,217 MambaPro INFO:   DROP_OUT: 0.0
2025-12-22 03:57:06,217 MambaPro INFO:   DROP_PATH: 0.1
2025-12-22 03:57:06,217 MambaPro INFO:   FLOPS_TEST: false
2025-12-22 03:57:06,217 MambaPro INFO:   FROZEN: true
2025-12-22 03:57:06,217 MambaPro INFO:   GATE_DROPOUT: 0.1
2025-12-22 03:57:06,217 MambaPro INFO:   ID_LOSS_TYPE: softmax
2025-12-22 03:57:06,217 MambaPro INFO:   ID_LOSS_WEIGHT: 0.25
2025-12-22 03:57:06,217 MambaPro INFO:   IF_LABELSMOOTH: 'on'
2025-12-22 03:57:06,217 MambaPro INFO:   IF_WITH_CENTER: 'no'
2025-12-22 03:57:06,217 MambaPro INFO:   LAYER: -1
2025-12-22 03:57:06,217 MambaPro INFO:   MAMBA: true
2025-12-22 03:57:06,217 MambaPro INFO:   MAMBA_BI: false
2025-12-22 03:57:06,217 MambaPro INFO:   METRIC_LOSS_TYPE: triplet
2025-12-22 03:57:06,217 MambaPro INFO:   MOE_BALANCE_LOSS_WEIGHT: 0.01
2025-12-22 03:57:06,217 MambaPro INFO:   MOE_DIVERSITY_LOSS_WEIGHT: 0.01
2025-12-22 03:57:06,217 MambaPro INFO:   MOE_EXPERT_DROPOUT: 0.1
2025-12-22 03:57:06,217 MambaPro INFO:   MOE_EXPERT_HIDDEN_DIM: 1024
2025-12-22 03:57:06,217 MambaPro INFO:   MOE_EXPERT_LAYERS: 2
2025-12-22 03:57:06,217 MambaPro INFO:   MOE_EXPERT_THRESHOLD: 0.1
2025-12-22 03:57:06,217 MambaPro INFO:   MOE_FIXED_WEIGHTS:
2025-12-22 03:57:06,217 MambaPro INFO:   - 0.33
2025-12-22 03:57:06,217 MambaPro INFO:   - 0.33
2025-12-22 03:57:06,217 MambaPro INFO:   - 0.34
2025-12-22 03:57:06,217 MambaPro INFO:   MOE_GATE_DROPOUT: 0.1
2025-12-22 03:57:06,217 MambaPro INFO:   MOE_GATE_LAYERS: 2
2025-12-22 03:57:06,217 MambaPro INFO:   MOE_INIT_WEIGHTS: null
2025-12-22 03:57:06,217 MambaPro INFO:   MOE_NUM_EXPERTS: 1
2025-12-22 03:57:06,217 MambaPro INFO:   MOE_RESIDUAL_WEIGHT: 1.0
2025-12-22 03:57:06,217 MambaPro INFO:   MOE_SCALES:
2025-12-22 03:57:06,217 MambaPro INFO:   - 8
2025-12-22 03:57:06,217 MambaPro INFO:   MOE_SPARSITY_LOSS_WEIGHT: 0.001
2025-12-22 03:57:06,217 MambaPro INFO:   MOE_TEMPERATURE: 1.0
2025-12-22 03:57:06,217 MambaPro INFO:   MOE_TOP_K: 2
2025-12-22 03:57:06,217 MambaPro INFO:   MOE_TOP_K_MODE: soft
2025-12-22 03:57:06,217 MambaPro INFO:   MOE_USE_FIXED_WEIGHTS: false
2025-12-22 03:57:06,217 MambaPro INFO:   MOE_USE_TOP_K_ROUTING: false
2025-12-22 03:57:06,217 MambaPro INFO:   MULTI_SCALE_SCALES:
2025-12-22 03:57:06,217 MambaPro INFO:   - 4
2025-12-22 03:57:06,217 MambaPro INFO:   - 8
2025-12-22 03:57:06,217 MambaPro INFO:   - 16
2025-12-22 03:57:06,217 MambaPro INFO:   NAME: MambaPro
2025-12-22 03:57:06,217 MambaPro INFO:   NECK: bnneck
2025-12-22 03:57:06,217 MambaPro INFO:   NO_MARGIN: true
2025-12-22 03:57:06,217 MambaPro INFO:   PREFIX_NUM: 1
2025-12-22 03:57:06,217 MambaPro INFO:   PRETRAIN_PATH_T: AboutReid/pths/ViT-B-16.pt
2025-12-22 03:57:06,217 MambaPro INFO:   PROMPT: true
2025-12-22 03:57:06,217 MambaPro INFO:   SIE_CAMERA: true
2025-12-22 03:57:06,218 MambaPro INFO:   SIE_COE: 1.0
2025-12-22 03:57:06,218 MambaPro INFO:   SIE_VIEW: false
2025-12-22 03:57:06,218 MambaPro INFO:   STRIDE_SIZE:
2025-12-22 03:57:06,218 MambaPro INFO:   - 16
2025-12-22 03:57:06,218 MambaPro INFO:   - 16
2025-12-22 03:57:06,218 MambaPro INFO:   TRANSFORMER_TYPE: ViT-B-16
2025-12-22 03:57:06,218 MambaPro INFO:   TRIPLET_LOSS_WEIGHT: 1.0
2025-12-22 03:57:06,218 MambaPro INFO:   USE_ATTENTION_FUSION: false
2025-12-22 03:57:06,218 MambaPro INFO:   USE_CLIP_MULTI_SCALE: true
2025-12-22 03:57:06,218 MambaPro INFO:   USE_GATE_FUSION: false
2025-12-22 03:57:06,218 MambaPro INFO:   USE_MULTI_SCALE: false
2025-12-22 03:57:06,218 MambaPro INFO:   USE_MULTI_SCALE_MOE: true
2025-12-22 03:57:06,218 MambaPro INFO: OUTPUT_DIR: outputs/rgbnt100_multiscale/8x8_20251222_035704
2025-12-22 03:57:06,218 MambaPro INFO: SOLVER:
2025-12-22 03:57:06,218 MambaPro INFO:   BASE_LR: 0.000175
2025-12-22 03:57:06,218 MambaPro INFO:   BIAS_LR_FACTOR: 2
2025-12-22 03:57:06,218 MambaPro INFO:   CENTER_LOSS_WEIGHT: 0.0005
2025-12-22 03:57:06,218 MambaPro INFO:   CENTER_LR: 0.5
2025-12-22 03:57:06,218 MambaPro INFO:   CHECKPOINT_PERIOD: 60
2025-12-22 03:57:06,218 MambaPro INFO:   CLUSTER_MARGIN: 0.3
2025-12-22 03:57:06,218 MambaPro INFO:   COSINE_MARGIN: 0.5
2025-12-22 03:57:06,218 MambaPro INFO:   COSINE_SCALE: 30
2025-12-22 03:57:06,218 MambaPro INFO:   EVAL_PERIOD: 1
2025-12-22 03:57:06,218 MambaPro INFO:   GAMMA: 0.1
2025-12-22 03:57:06,218 MambaPro INFO:   IMS_PER_BATCH: 64
2025-12-22 03:57:06,218 MambaPro INFO:   LARGE_FC_LR: false
2025-12-22 03:57:06,218 MambaPro INFO:   LOG_PERIOD: 10
2025-12-22 03:57:06,218 MambaPro INFO:   MARGIN: 0.3
2025-12-22 03:57:06,218 MambaPro INFO:   MAX_EPOCHS: 30
2025-12-22 03:57:06,218 MambaPro INFO:   MOE_BALANCE_LOSS_WEIGHT: 0.01
2025-12-22 03:57:06,218 MambaPro INFO:   MOE_BALANCE_LOSS_WEIGHT_END: 0.1
2025-12-22 03:57:06,218 MambaPro INFO:   MOE_BALANCE_LOSS_WEIGHT_START: 0.001
2025-12-22 03:57:06,218 MambaPro INFO:   MOE_BALANCE_THRESHOLD: 0.3
2025-12-22 03:57:06,218 MambaPro INFO:   MOE_DIVERSITY_LOSS_WEIGHT: 0.01
2025-12-22 03:57:06,218 MambaPro INFO:   MOE_DIVERSITY_LOSS_WEIGHT_END: 0.1
2025-12-22 03:57:06,218 MambaPro INFO:   MOE_DIVERSITY_LOSS_WEIGHT_START: 0.001
2025-12-22 03:57:06,218 MambaPro INFO:   MOE_GATE_LR_FACTOR: 0.01
2025-12-22 03:57:06,218 MambaPro INFO:   MOE_LOSS_WEIGHT_SCHEDULE_TYPE: cosine
2025-12-22 03:57:06,218 MambaPro INFO:   MOE_LOSS_WEIGHT_WARMUP_EPOCHS: 5
2025-12-22 03:57:06,218 MambaPro INFO:   MOE_SPARSITY_LOSS_WEIGHT: 0.001
2025-12-22 03:57:06,218 MambaPro INFO:   MOE_USE_DYNAMIC_LOSS_WEIGHT: false
2025-12-22 03:57:06,218 MambaPro INFO:   MOMENTUM: 0.9
2025-12-22 03:57:06,218 MambaPro INFO:   OPTIMIZER_NAME: Adam
2025-12-22 03:57:06,218 MambaPro INFO:   RANGE_ALPHA: 0
2025-12-22 03:57:06,218 MambaPro INFO:   RANGE_BETA: 1
2025-12-22 03:57:06,218 MambaPro INFO:   RANGE_K: 2
2025-12-22 03:57:06,218 MambaPro INFO:   RANGE_LOSS_WEIGHT: 1
2025-12-22 03:57:06,218 MambaPro INFO:   RANGE_MARGIN: 0.3
2025-12-22 03:57:06,218 MambaPro INFO:   SEED: 1111
2025-12-22 03:57:06,218 MambaPro INFO:   STEPS:
2025-12-22 03:57:06,218 MambaPro INFO:   - 40
2025-12-22 03:57:06,218 MambaPro INFO:   - 70
2025-12-22 03:57:06,218 MambaPro INFO:   WARMUP_FACTOR: 0.01
2025-12-22 03:57:06,218 MambaPro INFO:   WARMUP_ITERS: 5
2025-12-22 03:57:06,218 MambaPro INFO:   WARMUP_METHOD: linear
2025-12-22 03:57:06,218 MambaPro INFO:   WEIGHT_DECAY: 0.0001
2025-12-22 03:57:06,218 MambaPro INFO:   WEIGHT_DECAY_BIAS: 0.0001
2025-12-22 03:57:06,218 MambaPro INFO: TEST:
2025-12-22 03:57:06,218 MambaPro INFO:   FEAT: 0
2025-12-22 03:57:06,218 MambaPro INFO:   FEAT_NORM: 'yes'
2025-12-22 03:57:06,218 MambaPro INFO:   IMS_PER_BATCH: 64
2025-12-22 03:57:06,218 MambaPro INFO:   MISS: nothing
2025-12-22 03:57:06,218 MambaPro INFO:   NECK_FEAT: before
2025-12-22 03:57:06,218 MambaPro INFO:   RE_RANKING: 'no'
2025-12-22 03:57:06,218 MambaPro INFO:   WEIGHT: /home/zubuntu/workspace/MambaPro/MambaPro/pths/MambaProbest.pth
2025-12-22 03:57:06,218 MambaPro INFO: ================================================================================
2025-12-22 03:57:09,295 MambaPro.train INFO: start training
2025-12-22 03:58:41,273 MambaPro.train INFO: Epoch 1 done. Time per batch: 0.783[s] Speed: 81.7[samples/s]
2025-12-22 04:00:16,746 MambaPro.train INFO: Validation Results - Epoch: 1
2025-12-22 04:00:16,747 MambaPro.train INFO: Current mAP: 52.6%
2025-12-22 04:00:16,747 MambaPro.train INFO: CMC curve, Rank-1  :71.5%
2025-12-22 04:00:16,747 MambaPro.train INFO: CMC curve, Rank-5  :76.3%
2025-12-22 04:00:16,747 MambaPro.train INFO: CMC curve, Rank-10 :79.5%
2025-12-22 04:00:16,755 MambaPro.train INFO: 🎯 New Best! Saving model...
2025-12-22 04:00:17,098 MambaPro.train INFO: [Epoch 1] 指标集合列表（历史）
2025-12-22 04:00:17,099 MambaPro.train INFO: history_mAP:{52.6}
2025-12-22 04:00:17,099 MambaPro.train INFO: best_mAP:{52.6}
2025-12-22 04:00:17,099 MambaPro.train INFO: history_Rank-1:{71.5}
2025-12-22 04:00:17,099 MambaPro.train INFO: best_Rank-1:{71.5}
2025-12-22 04:00:17,099 MambaPro.train INFO: history_Rank-5:{76.3}
2025-12-22 04:00:17,099 MambaPro.train INFO: best_Rank-5:{76.3}
2025-12-22 04:00:17,099 MambaPro.train INFO: history_Rank-10:{79.5}
2025-12-22 04:00:17,099 MambaPro.train INFO: best_Rank-10:{79.5}
2025-12-22 04:00:17,099 MambaPro.train INFO: history_Experts:{[1.00]}
2025-12-22 04:00:17,099 MambaPro.train INFO: best_Experts:{[1.00]}
2025-12-22 04:00:17,099 MambaPro.train INFO: 🔥 MoE损失(Val): 平衡=0.0000, 稀疏性=0.0000, 多样性=0.0000, 总=0.0000 (权重: 平衡=0.010, 稀疏性=0.001, 多样性=0.010)
2025-12-22 04:00:17,099 MambaPro.train INFO:    📊 专家权重分布(Val, 1个专家): [1.00]
2025-12-22 04:01:47,477 MambaPro.train INFO: Epoch 2 done. Time per batch: 0.777[s] Speed: 82.4[samples/s]
2025-12-22 04:03:22,972 MambaPro.train INFO: Validation Results - Epoch: 2
2025-12-22 04:03:22,972 MambaPro.train INFO: Current mAP: 63.8%
2025-12-22 04:03:22,972 MambaPro.train INFO: CMC curve, Rank-1  :79.1%
2025-12-22 04:03:22,972 MambaPro.train INFO: CMC curve, Rank-5  :83.0%
2025-12-22 04:03:22,972 MambaPro.train INFO: CMC curve, Rank-10 :85.0%
2025-12-22 04:03:22,980 MambaPro.train INFO: 🎯 New Best! Saving model...
2025-12-22 04:03:23,495 MambaPro.train INFO: [Epoch 2] 指标集合列表（历史）
2025-12-22 04:03:23,495 MambaPro.train INFO: history_mAP:{52.6 , 63.8}
2025-12-22 04:03:23,495 MambaPro.train INFO: best_mAP:{63.8}
2025-12-22 04:03:23,495 MambaPro.train INFO: history_Rank-1:{71.5 , 79.1}
2025-12-22 04:03:23,495 MambaPro.train INFO: best_Rank-1:{79.1}
2025-12-22 04:03:23,495 MambaPro.train INFO: history_Rank-5:{76.3 , 83.0}
2025-12-22 04:03:23,495 MambaPro.train INFO: best_Rank-5:{83.0}
2025-12-22 04:03:23,495 MambaPro.train INFO: history_Rank-10:{79.5 , 85.0}
2025-12-22 04:03:23,495 MambaPro.train INFO: best_Rank-10:{85.0}
2025-12-22 04:03:23,495 MambaPro.train INFO: history_Experts:{[1.00] , [1.00]}
2025-12-22 04:03:23,495 MambaPro.train INFO: best_Experts:{[1.00]}
2025-12-22 04:03:23,495 MambaPro.train INFO: 🔥 MoE损失(Val): 平衡=0.0000, 稀疏性=0.0000, 多样性=0.0000, 总=0.0000 (权重: 平衡=0.010, 稀疏性=0.001, 多样性=0.010)
2025-12-22 04:03:23,495 MambaPro.train INFO:    📊 专家权重分布(Val, 1个专家): [1.00]
2025-12-22 04:04:53,910 MambaPro.train INFO: Epoch 3 done. Time per batch: 0.777[s] Speed: 82.3[samples/s]
2025-12-22 04:06:29,179 MambaPro.train INFO: Validation Results - Epoch: 3
2025-12-22 04:06:29,179 MambaPro.train INFO: Current mAP: 68.2%
2025-12-22 04:06:29,179 MambaPro.train INFO: CMC curve, Rank-1  :85.5%
2025-12-22 04:06:29,179 MambaPro.train INFO: CMC curve, Rank-5  :87.6%
2025-12-22 04:06:29,179 MambaPro.train INFO: CMC curve, Rank-10 :89.1%
2025-12-22 04:06:29,187 MambaPro.train INFO: 🎯 New Best! Saving model...
2025-12-22 04:06:29,696 MambaPro.train INFO: [Epoch 3] 指标集合列表（历史）
2025-12-22 04:06:29,696 MambaPro.train INFO: history_mAP:{52.6 , 63.8 , 68.2}
2025-12-22 04:06:29,696 MambaPro.train INFO: best_mAP:{68.2}
2025-12-22 04:06:29,696 MambaPro.train INFO: history_Rank-1:{71.5 , 79.1 , 85.5}
2025-12-22 04:06:29,696 MambaPro.train INFO: best_Rank-1:{85.5}
2025-12-22 04:06:29,696 MambaPro.train INFO: history_Rank-5:{76.3 , 83.0 , 87.6}
2025-12-22 04:06:29,696 MambaPro.train INFO: best_Rank-5:{87.6}
2025-12-22 04:06:29,696 MambaPro.train INFO: history_Rank-10:{79.5 , 85.0 , 89.1}
2025-12-22 04:06:29,696 MambaPro.train INFO: best_Rank-10:{89.1}
2025-12-22 04:06:29,696 MambaPro.train INFO: history_Experts:{[1.00] , [1.00] , [1.00]}
2025-12-22 04:06:29,696 MambaPro.train INFO: best_Experts:{[1.00]}
2025-12-22 04:06:29,696 MambaPro.train INFO: 🔥 MoE损失(Val): 平衡=0.0000, 稀疏性=0.0000, 多样性=0.0000, 总=0.0000 (权重: 平衡=0.010, 稀疏性=0.001, 多样性=0.010)
2025-12-22 04:06:29,696 MambaPro.train INFO:    📊 专家权重分布(Val, 1个专家): [1.00]
2025-12-22 04:08:00,097 MambaPro.train INFO: Epoch 4 done. Time per batch: 0.777[s] Speed: 82.4[samples/s]
2025-12-22 04:09:35,444 MambaPro.train INFO: Validation Results - Epoch: 4
2025-12-22 04:09:35,445 MambaPro.train INFO: Current mAP: 68.6%
2025-12-22 04:09:35,445 MambaPro.train INFO: CMC curve, Rank-1  :86.2%
2025-12-22 04:09:35,445 MambaPro.train INFO: CMC curve, Rank-5  :88.2%
2025-12-22 04:09:35,445 MambaPro.train INFO: CMC curve, Rank-10 :89.9%
2025-12-22 04:09:35,452 MambaPro.train INFO: 🎯 New Best! Saving model...
2025-12-22 04:09:35,965 MambaPro.train INFO: [Epoch 4] 指标集合列表（历史）
2025-12-22 04:09:35,965 MambaPro.train INFO: history_mAP:{52.6 , 63.8 , 68.2 , 68.6}
2025-12-22 04:09:35,965 MambaPro.train INFO: best_mAP:{68.6}
2025-12-22 04:09:35,965 MambaPro.train INFO: history_Rank-1:{71.5 , 79.1 , 85.5 , 86.2}
2025-12-22 04:09:35,965 MambaPro.train INFO: best_Rank-1:{86.2}
2025-12-22 04:09:35,965 MambaPro.train INFO: history_Rank-5:{76.3 , 83.0 , 87.6 , 88.2}
2025-12-22 04:09:35,965 MambaPro.train INFO: best_Rank-5:{88.2}
2025-12-22 04:09:35,965 MambaPro.train INFO: history_Rank-10:{79.5 , 85.0 , 89.1 , 89.9}
2025-12-22 04:09:35,965 MambaPro.train INFO: best_Rank-10:{89.9}
2025-12-22 04:09:35,965 MambaPro.train INFO: history_Experts:{[1.00] , [1.00] , [1.00] , [1.00]}
2025-12-22 04:09:35,965 MambaPro.train INFO: best_Experts:{[1.00]}
2025-12-22 04:09:35,965 MambaPro.train INFO: 🔥 MoE损失(Val): 平衡=0.0000, 稀疏性=0.0000, 多样性=0.0000, 总=0.0000 (权重: 平衡=0.010, 稀疏性=0.001, 多样性=0.010)
2025-12-22 04:09:35,965 MambaPro.train INFO:    📊 专家权重分布(Val, 1个专家): [1.00]
2025-12-22 04:11:04,812 MambaPro.train INFO: Epoch 5 done. Time per batch: 0.777[s] Speed: 82.4[samples/s]
2025-12-22 04:12:40,118 MambaPro.train INFO: Validation Results - Epoch: 5
2025-12-22 04:12:40,118 MambaPro.train INFO: Current mAP: 68.4%
2025-12-22 04:12:40,118 MambaPro.train INFO: CMC curve, Rank-1  :88.9%
2025-12-22 04:12:40,118 MambaPro.train INFO: CMC curve, Rank-5  :90.8%
2025-12-22 04:12:40,118 MambaPro.train INFO: CMC curve, Rank-10 :91.5%
2025-12-22 04:12:40,126 MambaPro.train INFO: [Epoch 5] 指标集合列表（历史）
2025-12-22 04:12:40,126 MambaPro.train INFO: history_mAP:{52.6 , 63.8 , 68.2 , 68.6 , 68.4}
2025-12-22 04:12:40,126 MambaPro.train INFO: best_mAP:{68.6}
2025-12-22 04:12:40,126 MambaPro.train INFO: history_Rank-1:{71.5 , 79.1 , 85.5 , 86.2 , 88.9}
2025-12-22 04:12:40,126 MambaPro.train INFO: best_Rank-1:{86.2}
2025-12-22 04:12:40,126 MambaPro.train INFO: history_Rank-5:{76.3 , 83.0 , 87.6 , 88.2 , 90.8}
2025-12-22 04:12:40,126 MambaPro.train INFO: best_Rank-5:{88.2}
2025-12-22 04:12:40,126 MambaPro.train INFO: history_Rank-10:{79.5 , 85.0 , 89.1 , 89.9 , 91.5}
2025-12-22 04:12:40,126 MambaPro.train INFO: best_Rank-10:{89.9}
2025-12-22 04:12:40,126 MambaPro.train INFO: history_Experts:{[1.00] , [1.00] , [1.00] , [1.00] , [1.00]}
2025-12-22 04:12:40,126 MambaPro.train INFO: best_Experts:{[1.00]}
2025-12-22 04:12:40,126 MambaPro.train INFO: 🔥 MoE损失(Val): 平衡=0.0000, 稀疏性=0.0000, 多样性=0.0000, 总=0.0000 (权重: 平衡=0.010, 稀疏性=0.001, 多样性=0.010)
2025-12-22 04:12:40,126 MambaPro.train INFO:    📊 专家权重分布(Val, 1个专家): [1.00]
2025-12-22 04:14:10,536 MambaPro.train INFO: Epoch 6 done. Time per batch: 0.777[s] Speed: 82.4[samples/s]
2025-12-22 04:15:45,888 MambaPro.train INFO: Validation Results - Epoch: 6
2025-12-22 04:15:45,888 MambaPro.train INFO: Current mAP: 71.5%
2025-12-22 04:15:45,888 MambaPro.train INFO: CMC curve, Rank-1  :90.0%
2025-12-22 04:15:45,888 MambaPro.train INFO: CMC curve, Rank-5  :91.5%
2025-12-22 04:15:45,888 MambaPro.train INFO: CMC curve, Rank-10 :92.2%
2025-12-22 04:15:45,895 MambaPro.train INFO: 🎯 New Best! Saving model...
2025-12-22 04:15:46,384 MambaPro.train INFO: [Epoch 6] 指标集合列表（历史）
2025-12-22 04:15:46,384 MambaPro.train INFO: history_mAP:{52.6 , 63.8 , 68.2 , 68.6 , 68.4 , 71.5}
2025-12-22 04:15:46,384 MambaPro.train INFO: best_mAP:{71.5}
2025-12-22 04:15:46,384 MambaPro.train INFO: history_Rank-1:{71.5 , 79.1 , 85.5 , 86.2 , 88.9 , 90.0}
2025-12-22 04:15:46,384 MambaPro.train INFO: best_Rank-1:{90.0}
2025-12-22 04:15:46,384 MambaPro.train INFO: history_Rank-5:{76.3 , 83.0 , 87.6 , 88.2 , 90.8 , 91.5}
2025-12-22 04:15:46,384 MambaPro.train INFO: best_Rank-5:{91.5}
2025-12-22 04:15:46,384 MambaPro.train INFO: history_Rank-10:{79.5 , 85.0 , 89.1 , 89.9 , 91.5 , 92.2}
2025-12-22 04:15:46,384 MambaPro.train INFO: best_Rank-10:{92.2}
2025-12-22 04:15:46,384 MambaPro.train INFO: history_Experts:{[1.00] , [1.00] , [1.00] , [1.00] , [1.00] , [1.00]}
2025-12-22 04:15:46,384 MambaPro.train INFO: best_Experts:{[1.00]}
2025-12-22 04:15:46,384 MambaPro.train INFO: 🔥 MoE损失(Val): 平衡=0.0000, 稀疏性=0.0000, 多样性=0.0000, 总=0.0000 (权重: 平衡=0.010, 稀疏性=0.001, 多样性=0.010)
2025-12-22 04:15:46,384 MambaPro.train INFO:    📊 专家权重分布(Val, 1个专家): [1.00]
2025-12-22 04:17:17,541 MambaPro.train INFO: Epoch 7 done. Time per batch: 0.777[s] Speed: 82.4[samples/s]
2025-12-22 04:18:52,896 MambaPro.train INFO: Validation Results - Epoch: 7
2025-12-22 04:18:52,896 MambaPro.train INFO: Current mAP: 74.6%
2025-12-22 04:18:52,896 MambaPro.train INFO: CMC curve, Rank-1  :90.0%
2025-12-22 04:18:52,896 MambaPro.train INFO: CMC curve, Rank-5  :92.0%
2025-12-22 04:18:52,896 MambaPro.train INFO: CMC curve, Rank-10 :92.8%
2025-12-22 04:18:52,904 MambaPro.train INFO: 🎯 New Best! Saving model...
2025-12-22 04:18:53,399 MambaPro.train INFO: [Epoch 7] 指标集合列表（历史）
2025-12-22 04:18:53,399 MambaPro.train INFO: history_mAP:{52.6 , 63.8 , 68.2 , 68.6 , 68.4 , 71.5 , 74.6}
2025-12-22 04:18:53,399 MambaPro.train INFO: best_mAP:{74.6}
2025-12-22 04:18:53,399 MambaPro.train INFO: history_Rank-1:{71.5 , 79.1 , 85.5 , 86.2 , 88.9 , 90.0}
2025-12-22 04:18:53,399 MambaPro.train INFO: best_Rank-1:{90.0}
2025-12-22 04:18:53,399 MambaPro.train INFO: history_Rank-5:{76.3 , 83.0 , 87.6 , 88.2 , 90.8 , 91.5 , 92.0}
2025-12-22 04:18:53,399 MambaPro.train INFO: best_Rank-5:{92.0}
2025-12-22 04:18:53,399 MambaPro.train INFO: history_Rank-10:{79.5 , 85.0 , 89.1 , 89.9 , 91.5 , 92.2 , 92.8}
2025-12-22 04:18:53,399 MambaPro.train INFO: best_Rank-10:{92.8}
2025-12-22 04:18:53,399 MambaPro.train INFO: history_Experts:{[1.00] , [1.00] , [1.00] , [1.00] , [1.00] , [1.00] , [1.00]}
2025-12-22 04:18:53,399 MambaPro.train INFO: best_Experts:{[1.00]}
2025-12-22 04:18:53,399 MambaPro.train INFO: 🔥 MoE损失(Val): 平衡=0.0000, 稀疏性=0.0000, 多样性=0.0000, 总=0.0000 (权重: 平衡=0.010, 稀疏性=0.001, 多样性=0.010)
2025-12-22 04:18:53,399 MambaPro.train INFO:    📊 专家权重分布(Val, 1个专家): [1.00]
2025-12-22 04:20:24,652 MambaPro.train INFO: Epoch 8 done. Time per batch: 0.778[s] Speed: 82.3[samples/s]
2025-12-22 04:22:00,057 MambaPro.train INFO: Validation Results - Epoch: 8
2025-12-22 04:22:00,057 MambaPro.train INFO: Current mAP: 74.3%
2025-12-22 04:22:00,057 MambaPro.train INFO: CMC curve, Rank-1  :90.5%
2025-12-22 04:22:00,057 MambaPro.train INFO: CMC curve, Rank-5  :92.6%
2025-12-22 04:22:00,057 MambaPro.train INFO: CMC curve, Rank-10 :93.4%
2025-12-22 04:22:00,066 MambaPro.train INFO: [Epoch 8] 指标集合列表（历史）
2025-12-22 04:22:00,066 MambaPro.train INFO: history_mAP:{52.6 , 63.8 , 68.2 , 68.6 , 68.4 , 71.5 , 74.6 , 74.3}
2025-12-22 04:22:00,066 MambaPro.train INFO: best_mAP:{74.6}
2025-12-22 04:22:00,066 MambaPro.train INFO: history_Rank-1:{71.5 , 79.1 , 85.5 , 86.2 , 88.9 , 90.0 , 90.5}
2025-12-22 04:22:00,066 MambaPro.train INFO: best_Rank-1:{90.0}
2025-12-22 04:22:00,066 MambaPro.train INFO: history_Rank-5:{76.3 , 83.0 , 87.6 , 88.2 , 90.8 , 91.5 , 92.0 , 92.6}
2025-12-22 04:22:00,066 MambaPro.train INFO: best_Rank-5:{92.0}
2025-12-22 04:22:00,066 MambaPro.train INFO: history_Rank-10:{79.5 , 85.0 , 89.1 , 89.9 , 91.5 , 92.2 , 92.8 , 93.4}
2025-12-22 04:22:00,066 MambaPro.train INFO: best_Rank-10:{92.8}
2025-12-22 04:22:00,066 MambaPro.train INFO: history_Experts:{[1.00] , [1.00] , [1.00] , [1.00] , [1.00] , [1.00] , [1.00] , [1.00]}
2025-12-22 04:22:00,066 MambaPro.train INFO: best_Experts:{[1.00]}
2025-12-22 04:22:00,066 MambaPro.train INFO: 🔥 MoE损失(Val): 平衡=0.0000, 稀疏性=0.0000, 多样性=0.0000, 总=0.0000 (权重: 平衡=0.010, 稀疏性=0.001, 多样性=0.010)
2025-12-22 04:22:00,066 MambaPro.train INFO:    📊 专家权重分布(Val, 1个专家): [1.00]
2025-12-22 04:23:30,486 MambaPro.train INFO: Epoch 9 done. Time per batch: 0.777[s] Speed: 82.3[samples/s]
2025-12-22 04:25:05,863 MambaPro.train INFO: Validation Results - Epoch: 9
2025-12-22 04:25:05,863 MambaPro.train INFO: Current mAP: 74.8%
2025-12-22 04:25:05,863 MambaPro.train INFO: CMC curve, Rank-1  :88.0%
2025-12-22 04:25:05,863 MambaPro.train INFO: CMC curve, Rank-5  :89.4%
2025-12-22 04:25:05,863 MambaPro.train INFO: CMC curve, Rank-10 :91.0%
2025-12-22 04:25:05,871 MambaPro.train INFO: 🎯 New Best! Saving model...
2025-12-22 04:25:06,363 MambaPro.train INFO: [Epoch 9] 指标集合列表（历史）
2025-12-22 04:25:06,363 MambaPro.train INFO: history_mAP:{52.6 , 63.8 , 68.2 , 68.6 , 68.4 , 71.5 , 74.6 , 74.3 , 74.8}
2025-12-22 04:25:06,363 MambaPro.train INFO: best_mAP:{74.8}
2025-12-22 04:25:06,363 MambaPro.train INFO: history_Rank-1:{71.5 , 79.1 , 85.5 , 86.2 , 88.9 , 90.0 , 90.5 , 88.0}
2025-12-22 04:25:06,363 MambaPro.train INFO: best_Rank-1:{90.0}
2025-12-22 04:25:06,363 MambaPro.train INFO: history_Rank-5:{76.3 , 83.0 , 87.6 , 88.2 , 90.8 , 91.5 , 92.0 , 92.6 , 89.4}
2025-12-22 04:25:06,363 MambaPro.train INFO: best_Rank-5:{92.0}
2025-12-22 04:25:06,363 MambaPro.train INFO: history_Rank-10:{79.5 , 85.0 , 89.1 , 89.9 , 91.5 , 92.2 , 92.8 , 93.4 , 91.0}
2025-12-22 04:25:06,363 MambaPro.train INFO: best_Rank-10:{92.8}
2025-12-22 04:25:06,363 MambaPro.train INFO: history_Experts:{[1.00] , [1.00] , [1.00] , [1.00] , [1.00] , [1.00] , [1.00] , [1.00] , [1.00]}
2025-12-22 04:25:06,363 MambaPro.train INFO: best_Experts:{[1.00]}
2025-12-22 04:25:06,363 MambaPro.train INFO: 🔥 MoE损失(Val): 平衡=0.0000, 稀疏性=0.0000, 多样性=0.0000, 总=0.0000 (权重: 平衡=0.010, 稀疏性=0.001, 多样性=0.010)
2025-12-22 04:25:06,363 MambaPro.train INFO:    📊 专家权重分布(Val, 1个专家): [1.00]
2025-12-22 04:26:36,740 MambaPro.train INFO: Epoch 10 done. Time per batch: 0.777[s] Speed: 82.4[samples/s]
2025-12-22 04:28:12,121 MambaPro.train INFO: Validation Results - Epoch: 10
2025-12-22 04:28:12,121 MambaPro.train INFO: Current mAP: 75.1%
2025-12-22 04:28:12,121 MambaPro.train INFO: CMC curve, Rank-1  :90.8%
2025-12-22 04:28:12,121 MambaPro.train INFO: CMC curve, Rank-5  :92.2%
2025-12-22 04:28:12,121 MambaPro.train INFO: CMC curve, Rank-10 :92.8%
2025-12-22 04:28:12,128 MambaPro.train INFO: 🎯 New Best! Saving model...
2025-12-22 04:28:12,638 MambaPro.train INFO: [Epoch 10] 指标集合列表（历史）
2025-12-22 04:28:12,638 MambaPro.train INFO: history_mAP:{52.6 , 63.8 , 68.2 , 68.6 , 68.4 , 71.5 , 74.6 , 74.3 , 74.8 , 75.1}
2025-12-22 04:28:12,638 MambaPro.train INFO: best_mAP:{75.1}
2025-12-22 04:28:12,638 MambaPro.train INFO: history_Rank-1:{71.5 , 79.1 , 85.5 , 86.2 , 88.9 , 90.0 , 90.5 , 88.0 , 90.8}
2025-12-22 04:28:12,638 MambaPro.train INFO: best_Rank-1:{90.8}
2025-12-22 04:28:12,638 MambaPro.train INFO: history_Rank-5:{76.3 , 83.0 , 87.6 , 88.2 , 90.8 , 91.5 , 92.0 , 92.6 , 89.4 , 92.2}
2025-12-22 04:28:12,638 MambaPro.train INFO: best_Rank-5:{92.2}
2025-12-22 04:28:12,638 MambaPro.train INFO: history_Rank-10:{79.5 , 85.0 , 89.1 , 89.9 , 91.5 , 92.2 , 92.8 , 93.4 , 91.0}
2025-12-22 04:28:12,638 MambaPro.train INFO: best_Rank-10:{92.8}
2025-12-22 04:28:12,638 MambaPro.train INFO: history_Experts:{[1.00] , [1.00] , [1.00] , [1.00] , [1.00] , [1.00] , [1.00] , [1.00] , [1.00] , [1.00]}
2025-12-22 04:28:12,638 MambaPro.train INFO: best_Experts:{[1.00]}
2025-12-22 04:28:12,638 MambaPro.train INFO: 🔥 MoE损失(Val): 平衡=0.0000, 稀疏性=0.0000, 多样性=0.0000, 总=0.0000 (权重: 平衡=0.010, 稀疏性=0.001, 多样性=0.010)
2025-12-22 04:28:12,638 MambaPro.train INFO:    📊 专家权重分布(Val, 1个专家): [1.00]
2025-12-22 04:29:42,272 MambaPro.train INFO: Epoch 11 done. Time per batch: 0.777[s] Speed: 82.4[samples/s]
2025-12-22 04:31:17,689 MambaPro.train INFO: Validation Results - Epoch: 11
2025-12-22 04:31:17,689 MambaPro.train INFO: Current mAP: 76.0%
2025-12-22 04:31:17,689 MambaPro.train INFO: CMC curve, Rank-1  :91.5%
2025-12-22 04:31:17,689 MambaPro.train INFO: CMC curve, Rank-5  :92.5%
2025-12-22 04:31:17,689 MambaPro.train INFO: CMC curve, Rank-10 :93.4%
2025-12-22 04:31:17,698 MambaPro.train INFO: 🎯 New Best! Saving model...
2025-12-22 04:31:18,190 MambaPro.train INFO: [Epoch 11] 指标集合列表（历史）
2025-12-22 04:31:18,191 MambaPro.train INFO: history_mAP:{52.6 , 63.8 , 68.2 , 68.6 , 68.4 , 71.5 , 74.6 , 74.3 , 74.8 , 75.1 , 76.0}
2025-12-22 04:31:18,191 MambaPro.train INFO: best_mAP:{76.0}
2025-12-22 04:31:18,191 MambaPro.train INFO: history_Rank-1:{71.5 , 79.1 , 85.5 , 86.2 , 88.9 , 90.0 , 90.5 , 88.0 , 90.8 , 91.5}
2025-12-22 04:31:18,191 MambaPro.train INFO: best_Rank-1:{91.5}
2025-12-22 04:31:18,191 MambaPro.train INFO: history_Rank-5:{76.3 , 83.0 , 87.6 , 88.2 , 90.8 , 91.5 , 92.0 , 92.6 , 89.4 , 92.2 , 92.5}
2025-12-22 04:31:18,191 MambaPro.train INFO: best_Rank-5:{92.5}
2025-12-22 04:31:18,191 MambaPro.train INFO: history_Rank-10:{79.5 , 85.0 , 89.1 , 89.9 , 91.5 , 92.2 , 92.8 , 93.4 , 91.0 , 93.4}
2025-12-22 04:31:18,191 MambaPro.train INFO: best_Rank-10:{93.4}
2025-12-22 04:31:18,191 MambaPro.train INFO: history_Experts:{[1.00] , [1.00] , [1.00] , [1.00] , [1.00] , [1.00] , [1.00] , [1.00] , [1.00] , [1.00] , [1.00]}
2025-12-22 04:31:18,191 MambaPro.train INFO: best_Experts:{[1.00]}
2025-12-22 04:31:18,191 MambaPro.train INFO: 🔥 MoE损失(Val): 平衡=0.0000, 稀疏性=0.0000, 多样性=0.0000, 总=0.0000 (权重: 平衡=0.010, 稀疏性=0.001, 多样性=0.010)
2025-12-22 04:31:18,191 MambaPro.train INFO:    📊 专家权重分布(Val, 1个专家): [1.00]
2025-12-22 04:32:49,360 MambaPro.train INFO: Epoch 12 done. Time per batch: 0.777[s] Speed: 82.4[samples/s]
2025-12-22 04:34:24,785 MambaPro.train INFO: Validation Results - Epoch: 12
2025-12-22 04:34:24,785 MambaPro.train INFO: Current mAP: 76.1%
2025-12-22 04:34:24,785 MambaPro.train INFO: CMC curve, Rank-1  :91.0%
2025-12-22 04:34:24,785 MambaPro.train INFO: CMC curve, Rank-5  :91.9%
2025-12-22 04:34:24,785 MambaPro.train INFO: CMC curve, Rank-10 :93.2%
2025-12-22 04:34:24,793 MambaPro.train INFO: 🎯 New Best! Saving model...
2025-12-22 04:34:25,304 MambaPro.train INFO: [Epoch 12] 指标集合列表（历史）
2025-12-22 04:34:25,305 MambaPro.train INFO: history_mAP:{52.6 , 63.8 , 68.2 , 68.6 , 68.4 , 71.5 , 74.6 , 74.3 , 74.8 , 75.1 , 76.0 , 76.1}
2025-12-22 04:34:25,305 MambaPro.train INFO: best_mAP:{76.1}
2025-12-22 04:34:25,305 MambaPro.train INFO: history_Rank-1:{71.5 , 79.1 , 85.5 , 86.2 , 88.9 , 90.0 , 90.5 , 88.0 , 90.8 , 91.5 , 91.0}
2025-12-22 04:34:25,305 MambaPro.train INFO: best_Rank-1:{91.5}
2025-12-22 04:34:25,305 MambaPro.train INFO: history_Rank-5:{76.3 , 83.0 , 87.6 , 88.2 , 90.8 , 91.5 , 92.0 , 92.6 , 89.4 , 92.2 , 92.5 , 91.9}
2025-12-22 04:34:25,305 MambaPro.train INFO: best_Rank-5:{92.5}
2025-12-22 04:34:25,305 MambaPro.train INFO: history_Rank-10:{79.5 , 85.0 , 89.1 , 89.9 , 91.5 , 92.2 , 92.8 , 93.4 , 91.0 , 93.4 , 93.2}
2025-12-22 04:34:25,305 MambaPro.train INFO: best_Rank-10:{93.4}
2025-12-22 04:34:25,305 MambaPro.train INFO: history_Experts:{[1.00] , [1.00] , [1.00] , [1.00] , [1.00] , [1.00] , [1.00] , [1.00] , [1.00] , [1.00] , [1.00] , [1.00]}
2025-12-22 04:34:25,305 MambaPro.train INFO: best_Experts:{[1.00]}
2025-12-22 04:34:25,305 MambaPro.train INFO: 🔥 MoE损失(Val): 平衡=0.0000, 稀疏性=0.0000, 多样性=0.0000, 总=0.0000 (权重: 平衡=0.010, 稀疏性=0.001, 多样性=0.010)
2025-12-22 04:34:25,305 MambaPro.train INFO:    📊 专家权重分布(Val, 1个专家): [1.00]
2025-12-22 04:35:55,882 MambaPro.train INFO: Epoch 13 done. Time per batch: 0.779[s] Speed: 82.2[samples/s]
2025-12-22 04:37:31,276 MambaPro.train INFO: Validation Results - Epoch: 13
2025-12-22 04:37:31,276 MambaPro.train INFO: Current mAP: 76.0%
2025-12-22 04:37:31,276 MambaPro.train INFO: CMC curve, Rank-1  :90.3%
2025-12-22 04:37:31,276 MambaPro.train INFO: CMC curve, Rank-5  :91.6%
2025-12-22 04:37:31,276 MambaPro.train INFO: CMC curve, Rank-10 :92.2%
2025-12-22 04:37:31,284 MambaPro.train INFO: [Epoch 13] 指标集合列表（历史）
2025-12-22 04:37:31,284 MambaPro.train INFO: history_mAP:{52.6 , 63.8 , 68.2 , 68.6 , 68.4 , 71.5 , 74.6 , 74.3 , 74.8 , 75.1 , 76.0 , 76.1 , 76.0}
2025-12-22 04:37:31,284 MambaPro.train INFO: best_mAP:{76.1}
2025-12-22 04:37:31,284 MambaPro.train INFO: history_Rank-1:{71.5 , 79.1 , 85.5 , 86.2 , 88.9 , 90.0 , 90.5 , 88.0 , 90.8 , 91.5 , 91.0 , 90.3}
2025-12-22 04:37:31,284 MambaPro.train INFO: best_Rank-1:{91.5}
2025-12-22 04:37:31,284 MambaPro.train INFO: history_Rank-5:{76.3 , 83.0 , 87.6 , 88.2 , 90.8 , 91.5 , 92.0 , 92.6 , 89.4 , 92.2 , 92.5 , 91.9 , 91.6}
2025-12-22 04:37:31,284 MambaPro.train INFO: best_Rank-5:{92.5}
2025-12-22 04:37:31,284 MambaPro.train INFO: history_Rank-10:{79.5 , 85.0 , 89.1 , 89.9 , 91.5 , 92.2 , 92.8 , 93.4 , 91.0 , 93.4 , 93.2 , 92.2}
2025-12-22 04:37:31,284 MambaPro.train INFO: best_Rank-10:{93.4}
2025-12-22 04:37:31,284 MambaPro.train INFO: history_Experts:{[1.00] , [1.00] , [1.00] , [1.00] , [1.00] , [1.00] , [1.00] , [1.00] , [1.00] , [1.00] , [1.00] , [1.00] , [1.00]}
2025-12-22 04:37:31,284 MambaPro.train INFO: best_Experts:{[1.00]}
2025-12-22 04:37:31,284 MambaPro.train INFO: 🔥 MoE损失(Val): 平衡=0.0000, 稀疏性=0.0000, 多样性=0.0000, 总=0.0000 (权重: 平衡=0.010, 稀疏性=0.001, 多样性=0.010)
2025-12-22 04:37:31,284 MambaPro.train INFO:    📊 专家权重分布(Val, 1个专家): [1.00]
2025-12-22 04:39:01,722 MambaPro.train INFO: Epoch 14 done. Time per batch: 0.777[s] Speed: 82.3[samples/s]
2025-12-22 04:40:37,090 MambaPro.train INFO: Validation Results - Epoch: 14
2025-12-22 04:40:37,090 MambaPro.train INFO: Current mAP: 76.4%
2025-12-22 04:40:37,090 MambaPro.train INFO: CMC curve, Rank-1  :91.5%
2025-12-22 04:40:37,090 MambaPro.train INFO: CMC curve, Rank-5  :93.0%
2025-12-22 04:40:37,090 MambaPro.train INFO: CMC curve, Rank-10 :93.9%
2025-12-22 04:40:37,099 MambaPro.train INFO: 🎯 New Best! Saving model...
2025-12-22 04:40:37,592 MambaPro.train INFO: [Epoch 14] 指标集合列表（历史）
2025-12-22 04:40:37,592 MambaPro.train INFO: history_mAP:{52.6 , 63.8 , 68.2 , 68.6 , 68.4 , 71.5 , 74.6 , 74.3 , 74.8 , 75.1 , 76.0 , 76.1 , 76.0 , 76.4}
2025-12-22 04:40:37,592 MambaPro.train INFO: best_mAP:{76.4}
2025-12-22 04:40:37,592 MambaPro.train INFO: history_Rank-1:{71.5 , 79.1 , 85.5 , 86.2 , 88.9 , 90.0 , 90.5 , 88.0 , 90.8 , 91.5 , 91.0 , 90.3 , 91.5}
2025-12-22 04:40:37,592 MambaPro.train INFO: best_Rank-1:{91.5}
2025-12-22 04:40:37,592 MambaPro.train INFO: history_Rank-5:{76.3 , 83.0 , 87.6 , 88.2 , 90.8 , 91.5 , 92.0 , 92.6 , 89.4 , 92.2 , 92.5 , 91.9 , 91.6 , 93.0}
2025-12-22 04:40:37,592 MambaPro.train INFO: best_Rank-5:{93.0}
2025-12-22 04:40:37,592 MambaPro.train INFO: history_Rank-10:{79.5 , 85.0 , 89.1 , 89.9 , 91.5 , 92.2 , 92.8 , 93.4 , 91.0 , 93.4 , 93.2 , 92.2 , 93.9}
2025-12-22 04:40:37,592 MambaPro.train INFO: best_Rank-10:{93.9}
2025-12-22 04:40:37,592 MambaPro.train INFO: history_Experts:{[1.00] , [1.00] , [1.00] , [1.00] , [1.00] , [1.00] , [1.00] , [1.00] , [1.00] , [1.00] , [1.00] , [1.00] , [1.00] , [1.00]}
2025-12-22 04:40:37,592 MambaPro.train INFO: best_Experts:{[1.00]}
2025-12-22 04:40:37,592 MambaPro.train INFO: 🔥 MoE损失(Val): 平衡=0.0000, 稀疏性=0.0000, 多样性=0.0000, 总=0.0000 (权重: 平衡=0.010, 稀疏性=0.001, 多样性=0.010)
2025-12-22 04:40:37,592 MambaPro.train INFO:    📊 专家权重分布(Val, 1个专家): [1.00]
2025-12-22 04:42:08,011 MambaPro.train INFO: Epoch 15 done. Time per batch: 0.777[s] Speed: 82.3[samples/s]
2025-12-22 04:43:43,376 MambaPro.train INFO: Validation Results - Epoch: 15
2025-12-22 04:43:43,376 MambaPro.train INFO: Current mAP: 76.9%
2025-12-22 04:43:43,376 MambaPro.train INFO: CMC curve, Rank-1  :91.1%
2025-12-22 04:43:43,376 MambaPro.train INFO: CMC curve, Rank-5  :92.1%
2025-12-22 04:43:43,376 MambaPro.train INFO: CMC curve, Rank-10 :93.1%
2025-12-22 04:43:43,383 MambaPro.train INFO: 🎯 New Best! Saving model...
2025-12-22 04:43:43,883 MambaPro.train INFO: [Epoch 15] 指标集合列表（历史）
2025-12-22 04:43:43,883 MambaPro.train INFO: history_mAP:{52.6 , 63.8 , 68.2 , 68.6 , 68.4 , 71.5 , 74.6 , 74.3 , 74.8 , 75.1 , 76.0 , 76.1 , 76.0 , 76.4 , 76.9}
2025-12-22 04:43:43,883 MambaPro.train INFO: best_mAP:{76.9}
2025-12-22 04:43:43,883 MambaPro.train INFO: history_Rank-1:{71.5 , 79.1 , 85.5 , 86.2 , 88.9 , 90.0 , 90.5 , 88.0 , 90.8 , 91.5 , 91.0 , 90.3 , 91.5 , 91.1}
2025-12-22 04:43:43,883 MambaPro.train INFO: best_Rank-1:{91.5}
2025-12-22 04:43:43,883 MambaPro.train INFO: history_Rank-5:{76.3 , 83.0 , 87.6 , 88.2 , 90.8 , 91.5 , 92.0 , 92.6 , 89.4 , 92.2 , 92.5 , 91.9 , 91.6 , 93.0 , 92.1}
2025-12-22 04:43:43,883 MambaPro.train INFO: best_Rank-5:{93.0}
2025-12-22 04:43:43,883 MambaPro.train INFO: history_Rank-10:{79.5 , 85.0 , 89.1 , 89.9 , 91.5 , 92.2 , 92.8 , 93.4 , 91.0 , 93.4 , 93.2 , 92.2 , 93.9 , 93.1}
2025-12-22 04:43:43,883 MambaPro.train INFO: best_Rank-10:{93.9}
2025-12-22 04:43:43,883 MambaPro.train INFO: history_Experts:{[1.00] , [1.00] , [1.00] , [1.00] , [1.00] , [1.00] , [1.00] , [1.00] , [1.00] , [1.00] , [1.00] , [1.00] , [1.00] , [1.00] , [1.00]}
2025-12-22 04:43:43,883 MambaPro.train INFO: best_Experts:{[1.00]}
2025-12-22 04:43:43,883 MambaPro.train INFO: 🔥 MoE损失(Val): 平衡=0.0000, 稀疏性=0.0000, 多样性=0.0000, 总=0.0000 (权重: 平衡=0.010, 稀疏性=0.001, 多样性=0.010)
2025-12-22 04:43:43,883 MambaPro.train INFO:    📊 专家权重分布(Val, 1个专家): [1.00]
2025-12-22 04:45:15,048 MambaPro.train INFO: Epoch 16 done. Time per batch: 0.777[s] Speed: 82.4[samples/s]
2025-12-22 04:46:50,369 MambaPro.train INFO: Validation Results - Epoch: 16
2025-12-22 04:46:50,370 MambaPro.train INFO: Current mAP: 76.6%
2025-12-22 04:46:50,370 MambaPro.train INFO: CMC curve, Rank-1  :91.3%
2025-12-22 04:46:50,370 MambaPro.train INFO: CMC curve, Rank-5  :92.8%
2025-12-22 04:46:50,370 MambaPro.train INFO: CMC curve, Rank-10 :93.7%
2025-12-22 04:46:50,377 MambaPro.train INFO: [Epoch 16] 指标集合列表（历史）
2025-12-22 04:46:50,377 MambaPro.train INFO: history_mAP:{52.6 , 63.8 , 68.2 , 68.6 , 68.4 , 71.5 , 74.6 , 74.3 , 74.8 , 75.1 , 76.0 , 76.1 , 76.0 , 76.4 , 76.9 , 76.6}
2025-12-22 04:46:50,377 MambaPro.train INFO: best_mAP:{76.9}
2025-12-22 04:46:50,377 MambaPro.train INFO: history_Rank-1:{71.5 , 79.1 , 85.5 , 86.2 , 88.9 , 90.0 , 90.5 , 88.0 , 90.8 , 91.5 , 91.0 , 90.3 , 91.5 , 91.1 , 91.3}
2025-12-22 04:46:50,377 MambaPro.train INFO: best_Rank-1:{91.5}
2025-12-22 04:46:50,377 MambaPro.train INFO: history_Rank-5:{76.3 , 83.0 , 87.6 , 88.2 , 90.8 , 91.5 , 92.0 , 92.6 , 89.4 , 92.2 , 92.5 , 91.9 , 91.6 , 93.0 , 92.1 , 92.8}
2025-12-22 04:46:50,377 MambaPro.train INFO: best_Rank-5:{93.0}
2025-12-22 04:46:50,377 MambaPro.train INFO: history_Rank-10:{79.5 , 85.0 , 89.1 , 89.9 , 91.5 , 92.2 , 92.8 , 93.4 , 91.0 , 93.4 , 93.2 , 92.2 , 93.9 , 93.1 , 93.7}
2025-12-22 04:46:50,377 MambaPro.train INFO: best_Rank-10:{93.9}
2025-12-22 04:46:50,377 MambaPro.train INFO: history_Experts:{[1.00] , [1.00] , [1.00] , [1.00] , [1.00] , [1.00] , [1.00] , [1.00] , [1.00] , [1.00] , [1.00] , [1.00] , [1.00] , [1.00] , [1.00] , [1.00]}
2025-12-22 04:46:50,377 MambaPro.train INFO: best_Experts:{[1.00]}
2025-12-22 04:46:50,377 MambaPro.train INFO: 🔥 MoE损失(Val): 平衡=0.0000, 稀疏性=0.0000, 多样性=0.0000, 总=0.0000 (权重: 平衡=0.010, 稀疏性=0.001, 多样性=0.010)
2025-12-22 04:46:50,377 MambaPro.train INFO:    📊 专家权重分布(Val, 1个专家): [1.00]
2025-12-22 04:48:20,806 MambaPro.train INFO: Epoch 17 done. Time per batch: 0.777[s] Speed: 82.3[samples/s]
2025-12-22 04:49:56,111 MambaPro.train INFO: Validation Results - Epoch: 17
2025-12-22 04:49:56,111 MambaPro.train INFO: Current mAP: 76.3%
2025-12-22 04:49:56,111 MambaPro.train INFO: CMC curve, Rank-1  :91.5%
2025-12-22 04:49:56,111 MambaPro.train INFO: CMC curve, Rank-5  :92.9%
2025-12-22 04:49:56,111 MambaPro.train INFO: CMC curve, Rank-10 :93.7%
2025-12-22 04:49:56,120 MambaPro.train INFO: [Epoch 17] 指标集合列表（历史）
2025-12-22 04:49:56,120 MambaPro.train INFO: history_mAP:{52.6 , 63.8 , 68.2 , 68.6 , 68.4 , 71.5 , 74.6 , 74.3 , 74.8 , 75.1 , 76.0 , 76.1 , 76.0 , 76.4 , 76.9 , 76.6 , 76.3}
2025-12-22 04:49:56,120 MambaPro.train INFO: best_mAP:{76.9}
2025-12-22 04:49:56,120 MambaPro.train INFO: history_Rank-1:{71.5 , 79.1 , 85.5 , 86.2 , 88.9 , 90.0 , 90.5 , 88.0 , 90.8 , 91.5 , 91.0 , 90.3 , 91.5 , 91.1 , 91.3}
2025-12-22 04:49:56,120 MambaPro.train INFO: best_Rank-1:{91.5}
2025-12-22 04:49:56,120 MambaPro.train INFO: history_Rank-5:{76.3 , 83.0 , 87.6 , 88.2 , 90.8 , 91.5 , 92.0 , 92.6 , 89.4 , 92.2 , 92.5 , 91.9 , 91.6 , 93.0 , 92.1 , 92.8 , 92.9}
2025-12-22 04:49:56,120 MambaPro.train INFO: best_Rank-5:{93.0}
2025-12-22 04:49:56,120 MambaPro.train INFO: history_Rank-10:{79.5 , 85.0 , 89.1 , 89.9 , 91.5 , 92.2 , 92.8 , 93.4 , 91.0 , 93.4 , 93.2 , 92.2 , 93.9 , 93.1 , 93.7}
2025-12-22 04:49:56,120 MambaPro.train INFO: best_Rank-10:{93.9}
2025-12-22 04:49:56,120 MambaPro.train INFO: history_Experts:{[1.00] , [1.00] , [1.00] , [1.00] , [1.00] , [1.00] , [1.00] , [1.00] , [1.00] , [1.00] , [1.00] , [1.00] , [1.00] , [1.00] , [1.00] , [1.00] , [1.00]}
2025-12-22 04:49:56,120 MambaPro.train INFO: best_Experts:{[1.00]}
2025-12-22 04:49:56,120 MambaPro.train INFO: 🔥 MoE损失(Val): 平衡=0.0000, 稀疏性=0.0000, 多样性=0.0000, 总=0.0000 (权重: 平衡=0.010, 稀疏性=0.001, 多样性=0.010)
2025-12-22 04:49:56,120 MambaPro.train INFO:    📊 专家权重分布(Val, 1个专家): [1.00]
2025-12-22 04:51:25,790 MambaPro.train INFO: Epoch 18 done. Time per batch: 0.777[s] Speed: 82.3[samples/s]
2025-12-22 04:53:01,157 MambaPro.train INFO: Validation Results - Epoch: 18
2025-12-22 04:53:01,157 MambaPro.train INFO: Current mAP: 76.8%
2025-12-22 04:53:01,157 MambaPro.train INFO: CMC curve, Rank-1  :91.1%
2025-12-22 04:53:01,157 MambaPro.train INFO: CMC curve, Rank-5  :92.2%
2025-12-22 04:53:01,157 MambaPro.train INFO: CMC curve, Rank-10 :93.0%
2025-12-22 04:53:01,164 MambaPro.train INFO: [Epoch 18] 指标集合列表（历史）
2025-12-22 04:53:01,165 MambaPro.train INFO: history_mAP:{52.6 , 63.8 , 68.2 , 68.6 , 68.4 , 71.5 , 74.6 , 74.3 , 74.8 , 75.1 , 76.0 , 76.1 , 76.0 , 76.4 , 76.9 , 76.6 , 76.3 , 76.8}
2025-12-22 04:53:01,165 MambaPro.train INFO: best_mAP:{76.9}
2025-12-22 04:53:01,165 MambaPro.train INFO: history_Rank-1:{71.5 , 79.1 , 85.5 , 86.2 , 88.9 , 90.0 , 90.5 , 88.0 , 90.8 , 91.5 , 91.0 , 90.3 , 91.5 , 91.1 , 91.3 , 91.1}
2025-12-22 04:53:01,165 MambaPro.train INFO: best_Rank-1:{91.5}
2025-12-22 04:53:01,165 MambaPro.train INFO: history_Rank-5:{76.3 , 83.0 , 87.6 , 88.2 , 90.8 , 91.5 , 92.0 , 92.6 , 89.4 , 92.2 , 92.5 , 91.9 , 91.6 , 93.0 , 92.1 , 92.8 , 92.9 , 92.2}
2025-12-22 04:53:01,165 MambaPro.train INFO: best_Rank-5:{93.0}
2025-12-22 04:53:01,165 MambaPro.train INFO: history_Rank-10:{79.5 , 85.0 , 89.1 , 89.9 , 91.5 , 92.2 , 92.8 , 93.4 , 91.0 , 93.4 , 93.2 , 92.2 , 93.9 , 93.1 , 93.7 , 93.0}
2025-12-22 04:53:01,165 MambaPro.train INFO: best_Rank-10:{93.9}
2025-12-22 04:53:01,165 MambaPro.train INFO: history_Experts:{[1.00] , [1.00] , [1.00] , [1.00] , [1.00] , [1.00] , [1.00] , [1.00] , [1.00] , [1.00] , [1.00] , [1.00] , [1.00] , [1.00] , [1.00] , [1.00] , [1.00] , [1.00]}
2025-12-22 04:53:01,165 MambaPro.train INFO: best_Experts:{[1.00]}
2025-12-22 04:53:01,165 MambaPro.train INFO: 🔥 MoE损失(Val): 平衡=0.0000, 稀疏性=0.0000, 多样性=0.0000, 总=0.0000 (权重: 平衡=0.010, 稀疏性=0.001, 多样性=0.010)
2025-12-22 04:53:01,165 MambaPro.train INFO:    📊 专家权重分布(Val, 1个专家): [1.00]
2025-12-22 04:54:32,354 MambaPro.train INFO: Epoch 19 done. Time per batch: 0.777[s] Speed: 82.4[samples/s]
2025-12-22 04:56:07,791 MambaPro.train INFO: Validation Results - Epoch: 19
2025-12-22 04:56:07,791 MambaPro.train INFO: Current mAP: 77.2%
2025-12-22 04:56:07,791 MambaPro.train INFO: CMC curve, Rank-1  :91.8%
2025-12-22 04:56:07,791 MambaPro.train INFO: CMC curve, Rank-5  :92.7%
2025-12-22 04:56:07,791 MambaPro.train INFO: CMC curve, Rank-10 :93.4%
2025-12-22 04:56:07,799 MambaPro.train INFO: 🎯 New Best! Saving model...
2025-12-22 04:56:08,293 MambaPro.train INFO: [Epoch 19] 指标集合列表（历史）
2025-12-22 04:56:08,294 MambaPro.train INFO: history_mAP:{52.6 , 63.8 , 68.2 , 68.6 , 68.4 , 71.5 , 74.6 , 74.3 , 74.8 , 75.1 , 76.0 , 76.1 , 76.0 , 76.4 , 76.9 , 76.6 , 76.3 , 76.8 , 77.2}
2025-12-22 04:56:08,294 MambaPro.train INFO: best_mAP:{77.2}
2025-12-22 04:56:08,294 MambaPro.train INFO: history_Rank-1:{71.5 , 79.1 , 85.5 , 86.2 , 88.9 , 90.0 , 90.5 , 88.0 , 90.8 , 91.5 , 91.0 , 90.3 , 91.5 , 91.1 , 91.3 , 91.1 , 91.8}
2025-12-22 04:56:08,294 MambaPro.train INFO: best_Rank-1:{91.8}
2025-12-22 04:56:08,294 MambaPro.train INFO: history_Rank-5:{76.3 , 83.0 , 87.6 , 88.2 , 90.8 , 91.5 , 92.0 , 92.6 , 89.4 , 92.2 , 92.5 , 91.9 , 91.6 , 93.0 , 92.1 , 92.8 , 92.9 , 92.2 , 92.7}
2025-12-22 04:56:08,294 MambaPro.train INFO: best_Rank-5:{93.0}
2025-12-22 04:56:08,294 MambaPro.train INFO: history_Rank-10:{79.5 , 85.0 , 89.1 , 89.9 , 91.5 , 92.2 , 92.8 , 93.4 , 91.0 , 93.4 , 93.2 , 92.2 , 93.9 , 93.1 , 93.7 , 93.0}
2025-12-22 04:56:08,294 MambaPro.train INFO: best_Rank-10:{93.9}
2025-12-22 04:56:08,294 MambaPro.train INFO: history_Experts:{[1.00] , [1.00] , [1.00] , [1.00] , [1.00] , [1.00] , [1.00] , [1.00] , [1.00] , [1.00] , [1.00] , [1.00] , [1.00] , [1.00] , [1.00] , [1.00] , [1.00] , [1.00] , [1.00]}
2025-12-22 04:56:08,294 MambaPro.train INFO: best_Experts:{[1.00]}
2025-12-22 04:56:08,294 MambaPro.train INFO: 🔥 MoE损失(Val): 平衡=0.0000, 稀疏性=0.0000, 多样性=0.0000, 总=0.0000 (权重: 平衡=0.010, 稀疏性=0.001, 多样性=0.010)
2025-12-22 04:56:08,294 MambaPro.train INFO:    📊 专家权重分布(Val, 1个专家): [1.00]
2025-12-22 04:57:38,713 MambaPro.train INFO: Epoch 20 done. Time per batch: 0.777[s] Speed: 82.3[samples/s]
2025-12-22 04:59:14,017 MambaPro.train INFO: Validation Results - Epoch: 20
2025-12-22 04:59:14,017 MambaPro.train INFO: Current mAP: 77.0%
2025-12-22 04:59:14,017 MambaPro.train INFO: CMC curve, Rank-1  :91.6%
2025-12-22 04:59:14,017 MambaPro.train INFO: CMC curve, Rank-5  :92.5%
2025-12-22 04:59:14,017 MambaPro.train INFO: CMC curve, Rank-10 :93.0%
2025-12-22 04:59:14,025 MambaPro.train INFO: [Epoch 20] 指标集合列表（历史）
2025-12-22 04:59:14,025 MambaPro.train INFO: history_mAP:{52.6 , 63.8 , 68.2 , 68.6 , 68.4 , 71.5 , 74.6 , 74.3 , 74.8 , 75.1 , 76.0 , 76.1 , 76.0 , 76.4 , 76.9 , 76.6 , 76.3 , 76.8 , 77.2 , 77.0}
2025-12-22 04:59:14,025 MambaPro.train INFO: best_mAP:{77.2}
2025-12-22 04:59:14,025 MambaPro.train INFO: history_Rank-1:{71.5 , 79.1 , 85.5 , 86.2 , 88.9 , 90.0 , 90.5 , 88.0 , 90.8 , 91.5 , 91.0 , 90.3 , 91.5 , 91.1 , 91.3 , 91.1 , 91.8 , 91.6}
2025-12-22 04:59:14,025 MambaPro.train INFO: best_Rank-1:{91.8}
2025-12-22 04:59:14,025 MambaPro.train INFO: history_Rank-5:{76.3 , 83.0 , 87.6 , 88.2 , 90.8 , 91.5 , 92.0 , 92.6 , 89.4 , 92.2 , 92.5 , 91.9 , 91.6 , 93.0 , 92.1 , 92.8 , 92.9 , 92.2 , 92.7 , 92.5}
2025-12-22 04:59:14,025 MambaPro.train INFO: best_Rank-5:{93.0}
2025-12-22 04:59:14,025 MambaPro.train INFO: history_Rank-10:{79.5 , 85.0 , 89.1 , 89.9 , 91.5 , 92.2 , 92.8 , 93.4 , 91.0 , 93.4 , 93.2 , 92.2 , 93.9 , 93.1 , 93.7 , 93.0}
2025-12-22 04:59:14,025 MambaPro.train INFO: best_Rank-10:{93.9}
2025-12-22 04:59:14,025 MambaPro.train INFO: history_Experts:{[1.00] , [1.00] , [1.00] , [1.00] , [1.00] , [1.00] , [1.00] , [1.00] , [1.00] , [1.00] , [1.00] , [1.00] , [1.00] , [1.00] , [1.00] , [1.00] , [1.00] , [1.00] , [1.00] , [1.00]}
2025-12-22 04:59:14,025 MambaPro.train INFO: best_Experts:{[1.00]}
2025-12-22 04:59:14,025 MambaPro.train INFO: 🔥 MoE损失(Val): 平衡=0.0000, 稀疏性=0.0000, 多样性=0.0000, 总=0.0000 (权重: 平衡=0.010, 稀疏性=0.001, 多样性=0.010)
2025-12-22 04:59:14,025 MambaPro.train INFO:    📊 专家权重分布(Val, 1个专家): [1.00]
2025-12-22 05:00:44,422 MambaPro.train INFO: Epoch 21 done. Time per batch: 0.777[s] Speed: 82.4[samples/s]
2025-12-22 05:02:19,783 MambaPro.train INFO: Validation Results - Epoch: 21
2025-12-22 05:02:19,783 MambaPro.train INFO: Current mAP: 77.0%
2025-12-22 05:02:19,783 MambaPro.train INFO: CMC curve, Rank-1  :91.4%
2025-12-22 05:02:19,783 MambaPro.train INFO: CMC curve, Rank-5  :92.2%
2025-12-22 05:02:19,783 MambaPro.train INFO: CMC curve, Rank-10 :92.8%
2025-12-22 05:02:19,792 MambaPro.train INFO: [Epoch 21] 指标集合列表（历史）
2025-12-22 05:02:19,792 MambaPro.train INFO: history_mAP:{52.6 , 63.8 , 68.2 , 68.6 , 68.4 , 71.5 , 74.6 , 74.3 , 74.8 , 75.1 , 76.0 , 76.1 , 76.0 , 76.4 , 76.9 , 76.6 , 76.3 , 76.8 , 77.2 , 77.0 , 77.0}
2025-12-22 05:02:19,793 MambaPro.train INFO: best_mAP:{77.2}
2025-12-22 05:02:19,793 MambaPro.train INFO: history_Rank-1:{71.5 , 79.1 , 85.5 , 86.2 , 88.9 , 90.0 , 90.5 , 88.0 , 90.8 , 91.5 , 91.0 , 90.3 , 91.5 , 91.1 , 91.3 , 91.1 , 91.8 , 91.6 , 91.4}
2025-12-22 05:02:19,793 MambaPro.train INFO: best_Rank-1:{91.8}
2025-12-22 05:02:19,793 MambaPro.train INFO: history_Rank-5:{76.3 , 83.0 , 87.6 , 88.2 , 90.8 , 91.5 , 92.0 , 92.6 , 89.4 , 92.2 , 92.5 , 91.9 , 91.6 , 93.0 , 92.1 , 92.8 , 92.9 , 92.2 , 92.7 , 92.5}
2025-12-22 05:02:19,793 MambaPro.train INFO: best_Rank-5:{93.0}
2025-12-22 05:02:19,793 MambaPro.train INFO: history_Rank-10:{79.5 , 85.0 , 89.1 , 89.9 , 91.5 , 92.2 , 92.8 , 93.4 , 91.0 , 93.4 , 93.2 , 92.2 , 93.9 , 93.1 , 93.7 , 93.0}
2025-12-22 05:02:19,793 MambaPro.train INFO: best_Rank-10:{93.9}
2025-12-22 05:02:19,793 MambaPro.train INFO: history_Experts:{[1.00] , [1.00] , [1.00] , [1.00] , [1.00] , [1.00] , [1.00] , [1.00] , [1.00] , [1.00] , [1.00] , [1.00] , [1.00] , [1.00] , [1.00] , [1.00] , [1.00] , [1.00] , [1.00] , [1.00] , [1.00]}
2025-12-22 05:02:19,793 MambaPro.train INFO: best_Experts:{[1.00]}
2025-12-22 05:02:19,793 MambaPro.train INFO: 🔥 MoE损失(Val): 平衡=0.0000, 稀疏性=0.0000, 多样性=0.0000, 总=0.0000 (权重: 平衡=0.010, 稀疏性=0.001, 多样性=0.010)
2025-12-22 05:02:19,793 MambaPro.train INFO:    📊 专家权重分布(Val, 1个专家): [1.00]
2025-12-22 05:03:50,314 MambaPro.train INFO: Epoch 22 done. Time per batch: 0.778[s] Speed: 82.3[samples/s]
2025-12-22 05:05:25,707 MambaPro.train INFO: Validation Results - Epoch: 22
2025-12-22 05:05:25,707 MambaPro.train INFO: Current mAP: 77.0%
2025-12-22 05:05:25,707 MambaPro.train INFO: CMC curve, Rank-1  :91.4%
2025-12-22 05:05:25,707 MambaPro.train INFO: CMC curve, Rank-5  :92.5%
2025-12-22 05:05:25,707 MambaPro.train INFO: CMC curve, Rank-10 :92.8%
2025-12-22 05:05:25,714 MambaPro.train INFO: [Epoch 22] 指标集合列表（历史）
2025-12-22 05:05:25,714 MambaPro.train INFO: history_mAP:{52.6 , 63.8 , 68.2 , 68.6 , 68.4 , 71.5 , 74.6 , 74.3 , 74.8 , 75.1 , 76.0 , 76.1 , 76.0 , 76.4 , 76.9 , 76.6 , 76.3 , 76.8 , 77.2 , 77.0 , 77.0 , 77.0}
2025-12-22 05:05:25,714 MambaPro.train INFO: best_mAP:{77.2}
2025-12-22 05:05:25,714 MambaPro.train INFO: history_Rank-1:{71.5 , 79.1 , 85.5 , 86.2 , 88.9 , 90.0 , 90.5 , 88.0 , 90.8 , 91.5 , 91.0 , 90.3 , 91.5 , 91.1 , 91.3 , 91.1 , 91.8 , 91.6 , 91.4 , 91.4}
2025-12-22 05:05:25,714 MambaPro.train INFO: best_Rank-1:{91.8}
2025-12-22 05:05:25,714 MambaPro.train INFO: history_Rank-5:{76.3 , 83.0 , 87.6 , 88.2 , 90.8 , 91.5 , 92.0 , 92.6 , 89.4 , 92.2 , 92.5 , 91.9 , 91.6 , 93.0 , 92.1 , 92.8 , 92.9 , 92.2 , 92.7 , 92.5}
2025-12-22 05:05:25,714 MambaPro.train INFO: best_Rank-5:{93.0}
2025-12-22 05:05:25,714 MambaPro.train INFO: history_Rank-10:{79.5 , 85.0 , 89.1 , 89.9 , 91.5 , 92.2 , 92.8 , 93.4 , 91.0 , 93.4 , 93.2 , 92.2 , 93.9 , 93.1 , 93.7 , 93.0}
2025-12-22 05:05:25,714 MambaPro.train INFO: best_Rank-10:{93.9}
2025-12-22 05:05:25,714 MambaPro.train INFO: history_Experts:{[1.00] , [1.00] , [1.00] , [1.00] , [1.00] , [1.00] , [1.00] , [1.00] , [1.00] , [1.00] , [1.00] , [1.00] , [1.00] , [1.00] , [1.00] , [1.00] , [1.00] , [1.00] , [1.00] , [1.00] , [1.00] , [1.00]}
2025-12-22 05:05:25,714 MambaPro.train INFO: best_Experts:{[1.00]}
2025-12-22 05:05:25,714 MambaPro.train INFO: 🔥 MoE损失(Val): 平衡=0.0000, 稀疏性=0.0000, 多样性=0.0000, 总=0.0000 (权重: 平衡=0.010, 稀疏性=0.001, 多样性=0.010)
2025-12-22 05:05:25,714 MambaPro.train INFO:    📊 专家权重分布(Val, 1个专家): [1.00]
2025-12-22 05:06:56,205 MambaPro.train INFO: Epoch 23 done. Time per batch: 0.778[s] Speed: 82.3[samples/s]
2025-12-22 05:08:31,695 MambaPro.train INFO: Validation Results - Epoch: 23
2025-12-22 05:08:31,695 MambaPro.train INFO: Current mAP: 76.8%
2025-12-22 05:08:31,695 MambaPro.train INFO: CMC curve, Rank-1  :91.5%
2025-12-22 05:08:31,695 MambaPro.train INFO: CMC curve, Rank-5  :92.2%
2025-12-22 05:08:31,695 MambaPro.train INFO: CMC curve, Rank-10 :92.8%
2025-12-22 05:08:31,702 MambaPro.train INFO: [Epoch 23] 指标集合列表（历史）
2025-12-22 05:08:31,702 MambaPro.train INFO: history_mAP:{52.6 , 63.8 , 68.2 , 68.6 , 68.4 , 71.5 , 74.6 , 74.3 , 74.8 , 75.1 , 76.0 , 76.1 , 76.0 , 76.4 , 76.9 , 76.6 , 76.3 , 76.8 , 77.2 , 77.0 , 77.0 , 77.0 , 76.8}
2025-12-22 05:08:31,702 MambaPro.train INFO: best_mAP:{77.2}
2025-12-22 05:08:31,702 MambaPro.train INFO: history_Rank-1:{71.5 , 79.1 , 85.5 , 86.2 , 88.9 , 90.0 , 90.5 , 88.0 , 90.8 , 91.5 , 91.0 , 90.3 , 91.5 , 91.1 , 91.3 , 91.1 , 91.8 , 91.6 , 91.4 , 91.4}
2025-12-22 05:08:31,702 MambaPro.train INFO: best_Rank-1:{91.8}
2025-12-22 05:08:31,702 MambaPro.train INFO: history_Rank-5:{76.3 , 83.0 , 87.6 , 88.2 , 90.8 , 91.5 , 92.0 , 92.6 , 89.4 , 92.2 , 92.5 , 91.9 , 91.6 , 93.0 , 92.1 , 92.8 , 92.9 , 92.2 , 92.7 , 92.5}
2025-12-22 05:08:31,702 MambaPro.train INFO: best_Rank-5:{93.0}
2025-12-22 05:08:31,702 MambaPro.train INFO: history_Rank-10:{79.5 , 85.0 , 89.1 , 89.9 , 91.5 , 92.2 , 92.8 , 93.4 , 91.0 , 93.4 , 93.2 , 92.2 , 93.9 , 93.1 , 93.7 , 93.0 , 92.8}
2025-12-22 05:08:31,702 MambaPro.train INFO: best_Rank-10:{93.9}
2025-12-22 05:08:31,702 MambaPro.train INFO: history_Experts:{[1.00] , [1.00] , [1.00] , [1.00] , [1.00] , [1.00] , [1.00] , [1.00] , [1.00] , [1.00] , [1.00] , [1.00] , [1.00] , [1.00] , [1.00] , [1.00] , [1.00] , [1.00] , [1.00] , [1.00] , [1.00] , [1.00] , [1.00]}
2025-12-22 05:08:31,702 MambaPro.train INFO: best_Experts:{[1.00]}
2025-12-22 05:08:31,702 MambaPro.train INFO: 🔥 MoE损失(Val): 平衡=0.0000, 稀疏性=0.0000, 多样性=0.0000, 总=0.0000 (权重: 平衡=0.010, 稀疏性=0.001, 多样性=0.010)
2025-12-22 05:08:31,702 MambaPro.train INFO:    📊 专家权重分布(Val, 1个专家): [1.00]
2025-12-22 05:10:02,205 MambaPro.train INFO: Epoch 24 done. Time per batch: 0.778[s] Speed: 82.3[samples/s]
2025-12-22 05:11:37,572 MambaPro.train INFO: Validation Results - Epoch: 24
2025-12-22 05:11:37,572 MambaPro.train INFO: Current mAP: 76.7%
2025-12-22 05:11:37,572 MambaPro.train INFO: CMC curve, Rank-1  :91.4%
2025-12-22 05:11:37,572 MambaPro.train INFO: CMC curve, Rank-5  :92.5%
2025-12-22 05:11:37,572 MambaPro.train INFO: CMC curve, Rank-10 :93.1%
2025-12-22 05:11:37,580 MambaPro.train INFO: [Epoch 24] 指标集合列表（历史）
2025-12-22 05:11:37,580 MambaPro.train INFO: history_mAP:{52.6 , 63.8 , 68.2 , 68.6 , 68.4 , 71.5 , 74.6 , 74.3 , 74.8 , 75.1 , 76.0 , 76.1 , 76.0 , 76.4 , 76.9 , 76.6 , 76.3 , 76.8 , 77.2 , 77.0 , 77.0 , 77.0 , 76.8 , 76.7}
2025-12-22 05:11:37,580 MambaPro.train INFO: best_mAP:{77.2}
2025-12-22 05:11:37,580 MambaPro.train INFO: history_Rank-1:{71.5 , 79.1 , 85.5 , 86.2 , 88.9 , 90.0 , 90.5 , 88.0 , 90.8 , 91.5 , 91.0 , 90.3 , 91.5 , 91.1 , 91.3 , 91.1 , 91.8 , 91.6 , 91.4 , 91.4}
2025-12-22 05:11:37,580 MambaPro.train INFO: best_Rank-1:{91.8}
2025-12-22 05:11:37,580 MambaPro.train INFO: history_Rank-5:{76.3 , 83.0 , 87.6 , 88.2 , 90.8 , 91.5 , 92.0 , 92.6 , 89.4 , 92.2 , 92.5 , 91.9 , 91.6 , 93.0 , 92.1 , 92.8 , 92.9 , 92.2 , 92.7 , 92.5}
2025-12-22 05:11:37,580 MambaPro.train INFO: best_Rank-5:{93.0}
2025-12-22 05:11:37,580 MambaPro.train INFO: history_Rank-10:{79.5 , 85.0 , 89.1 , 89.9 , 91.5 , 92.2 , 92.8 , 93.4 , 91.0 , 93.4 , 93.2 , 92.2 , 93.9 , 93.1 , 93.7 , 93.0 , 92.8 , 93.1}
2025-12-22 05:11:37,580 MambaPro.train INFO: best_Rank-10:{93.9}
2025-12-22 05:11:37,580 MambaPro.train INFO: history_Experts:{[1.00] , [1.00] , [1.00] , [1.00] , [1.00] , [1.00] , [1.00] , [1.00] , [1.00] , [1.00] , [1.00] , [1.00] , [1.00] , [1.00] , [1.00] , [1.00] , [1.00] , [1.00] , [1.00] , [1.00] , [1.00] , [1.00] , [1.00] , [1.00]}
2025-12-22 05:11:37,580 MambaPro.train INFO: best_Experts:{[1.00]}
2025-12-22 05:11:37,580 MambaPro.train INFO: 🔥 MoE损失(Val): 平衡=0.0000, 稀疏性=0.0000, 多样性=0.0000, 总=0.0000 (权重: 平衡=0.010, 稀疏性=0.001, 多样性=0.010)
2025-12-22 05:11:37,580 MambaPro.train INFO:    📊 专家权重分布(Val, 1个专家): [1.00]
2025-12-22 05:13:08,850 MambaPro.train INFO: Epoch 25 done. Time per batch: 0.778[s] Speed: 82.3[samples/s]
2025-12-22 05:14:44,223 MambaPro.train INFO: Validation Results - Epoch: 25
2025-12-22 05:14:44,223 MambaPro.train INFO: Current mAP: 76.9%
2025-12-22 05:14:44,223 MambaPro.train INFO: CMC curve, Rank-1  :91.1%
2025-12-22 05:14:44,223 MambaPro.train INFO: CMC curve, Rank-5  :92.2%
2025-12-22 05:14:44,223 MambaPro.train INFO: CMC curve, Rank-10 :93.0%
2025-12-22 05:14:44,231 MambaPro.train INFO: [Epoch 25] 指标集合列表（历史）
2025-12-22 05:14:44,231 MambaPro.train INFO: history_mAP:{52.6 , 63.8 , 68.2 , 68.6 , 68.4 , 71.5 , 74.6 , 74.3 , 74.8 , 75.1 , 76.0 , 76.1 , 76.0 , 76.4 , 76.9 , 76.6 , 76.3 , 76.8 , 77.2 , 77.0 , 77.0 , 77.0 , 76.8 , 76.7 , 76.9}
2025-12-22 05:14:44,231 MambaPro.train INFO: best_mAP:{77.2}
2025-12-22 05:14:44,231 MambaPro.train INFO: history_Rank-1:{71.5 , 79.1 , 85.5 , 86.2 , 88.9 , 90.0 , 90.5 , 88.0 , 90.8 , 91.5 , 91.0 , 90.3 , 91.5 , 91.1 , 91.3 , 91.1 , 91.8 , 91.6 , 91.4 , 91.4}
2025-12-22 05:14:44,231 MambaPro.train INFO: best_Rank-1:{91.8}
2025-12-22 05:14:44,231 MambaPro.train INFO: history_Rank-5:{76.3 , 83.0 , 87.6 , 88.2 , 90.8 , 91.5 , 92.0 , 92.6 , 89.4 , 92.2 , 92.5 , 91.9 , 91.6 , 93.0 , 92.1 , 92.8 , 92.9 , 92.2 , 92.7 , 92.5}
2025-12-22 05:14:44,231 MambaPro.train INFO: best_Rank-5:{93.0}
2025-12-22 05:14:44,231 MambaPro.train INFO: history_Rank-10:{79.5 , 85.0 , 89.1 , 89.9 , 91.5 , 92.2 , 92.8 , 93.4 , 91.0 , 93.4 , 93.2 , 92.2 , 93.9 , 93.1 , 93.7 , 93.0 , 92.8 , 93.1}
2025-12-22 05:14:44,231 MambaPro.train INFO: best_Rank-10:{93.9}
2025-12-22 05:14:44,231 MambaPro.train INFO: history_Experts:{[1.00] , [1.00] , [1.00] , [1.00] , [1.00] , [1.00] , [1.00] , [1.00] , [1.00] , [1.00] , [1.00] , [1.00] , [1.00] , [1.00] , [1.00] , [1.00] , [1.00] , [1.00] , [1.00] , [1.00] , [1.00] , [1.00] , [1.00] , [1.00] , [1.00]}
2025-12-22 05:14:44,231 MambaPro.train INFO: best_Experts:{[1.00]}
2025-12-22 05:14:44,231 MambaPro.train INFO: 🔥 MoE损失(Val): 平衡=0.0000, 稀疏性=0.0000, 多样性=0.0000, 总=0.0000 (权重: 平衡=0.010, 稀疏性=0.001, 多样性=0.010)
2025-12-22 05:14:44,231 MambaPro.train INFO:    📊 专家权重分布(Val, 1个专家): [1.00]
2025-12-22 05:16:14,681 MambaPro.train INFO: Epoch 26 done. Time per batch: 0.777[s] Speed: 82.3[samples/s]
2025-12-22 05:17:50,081 MambaPro.train INFO: Validation Results - Epoch: 26
2025-12-22 05:17:50,081 MambaPro.train INFO: Current mAP: 77.2%
2025-12-22 05:17:50,081 MambaPro.train INFO: CMC curve, Rank-1  :91.5%
2025-12-22 05:17:50,081 MambaPro.train INFO: CMC curve, Rank-5  :92.3%
2025-12-22 05:17:50,081 MambaPro.train INFO: CMC curve, Rank-10 :93.2%
2025-12-22 05:17:50,089 MambaPro.train INFO: 🎯 New Best! Saving model...
2025-12-22 05:17:50,585 MambaPro.train INFO: [Epoch 26] 指标集合列表（历史）
2025-12-22 05:17:50,585 MambaPro.train INFO: history_mAP:{52.6 , 63.8 , 68.2 , 68.6 , 68.4 , 71.5 , 74.6 , 74.3 , 74.8 , 75.1 , 76.0 , 76.1 , 76.0 , 76.4 , 76.9 , 76.6 , 76.3 , 76.8 , 77.2 , 77.0 , 77.0 , 77.0 , 76.8 , 76.7 , 76.9 , 77.2}
2025-12-22 05:17:50,585 MambaPro.train INFO: best_mAP:{77.2}
2025-12-22 05:17:50,585 MambaPro.train INFO: history_Rank-1:{71.5 , 79.1 , 85.5 , 86.2 , 88.9 , 90.0 , 90.5 , 88.0 , 90.8 , 91.5 , 91.0 , 90.3 , 91.5 , 91.1 , 91.3 , 91.1 , 91.8 , 91.6 , 91.4 , 91.4}
2025-12-22 05:17:50,585 MambaPro.train INFO: best_Rank-1:{91.8}
2025-12-22 05:17:50,585 MambaPro.train INFO: history_Rank-5:{76.3 , 83.0 , 87.6 , 88.2 , 90.8 , 91.5 , 92.0 , 92.6 , 89.4 , 92.2 , 92.5 , 91.9 , 91.6 , 93.0 , 92.1 , 92.8 , 92.9 , 92.2 , 92.7 , 92.5 , 92.3}
2025-12-22 05:17:50,585 MambaPro.train INFO: best_Rank-5:{93.0}
2025-12-22 05:17:50,585 MambaPro.train INFO: history_Rank-10:{79.5 , 85.0 , 89.1 , 89.9 , 91.5 , 92.2 , 92.8 , 93.4 , 91.0 , 93.4 , 93.2 , 92.2 , 93.9 , 93.1 , 93.7 , 93.0 , 92.8 , 93.1 , 93.2}
2025-12-22 05:17:50,585 MambaPro.train INFO: best_Rank-10:{93.9}
2025-12-22 05:17:50,586 MambaPro.train INFO: history_Experts:{[1.00] , [1.00] , [1.00] , [1.00] , [1.00] , [1.00] , [1.00] , [1.00] , [1.00] , [1.00] , [1.00] , [1.00] , [1.00] , [1.00] , [1.00] , [1.00] , [1.00] , [1.00] , [1.00] , [1.00] , [1.00] , [1.00] , [1.00] , [1.00] , [1.00] , [1.00]}
2025-12-22 05:17:50,586 MambaPro.train INFO: best_Experts:{[1.00]}
2025-12-22 05:17:50,586 MambaPro.train INFO: 🔥 MoE损失(Val): 平衡=0.0000, 稀疏性=0.0000, 多样性=0.0000, 总=0.0000 (权重: 平衡=0.010, 稀疏性=0.001, 多样性=0.010)
2025-12-22 05:17:50,586 MambaPro.train INFO:    📊 专家权重分布(Val, 1个专家): [1.00]
2025-12-22 05:19:21,126 MambaPro.train INFO: Epoch 27 done. Time per batch: 0.778[s] Speed: 82.2[samples/s]
2025-12-22 05:20:56,500 MambaPro.train INFO: Validation Results - Epoch: 27
2025-12-22 05:20:56,501 MambaPro.train INFO: Current mAP: 77.1%
2025-12-22 05:20:56,501 MambaPro.train INFO: CMC curve, Rank-1  :91.5%
2025-12-22 05:20:56,501 MambaPro.train INFO: CMC curve, Rank-5  :92.3%
2025-12-22 05:20:56,501 MambaPro.train INFO: CMC curve, Rank-10 :92.8%
2025-12-22 05:20:56,508 MambaPro.train INFO: [Epoch 27] 指标集合列表（历史）
2025-12-22 05:20:56,508 MambaPro.train INFO: history_mAP:{52.6 , 63.8 , 68.2 , 68.6 , 68.4 , 71.5 , 74.6 , 74.3 , 74.8 , 75.1 , 76.0 , 76.1 , 76.0 , 76.4 , 76.9 , 76.6 , 76.3 , 76.8 , 77.2 , 77.0 , 77.0 , 77.0 , 76.8 , 76.7 , 76.9 , 77.2 , 77.1}
2025-12-22 05:20:56,508 MambaPro.train INFO: best_mAP:{77.2}
2025-12-22 05:20:56,508 MambaPro.train INFO: history_Rank-1:{71.5 , 79.1 , 85.5 , 86.2 , 88.9 , 90.0 , 90.5 , 88.0 , 90.8 , 91.5 , 91.0 , 90.3 , 91.5 , 91.1 , 91.3 , 91.1 , 91.8 , 91.6 , 91.4 , 91.4}
2025-12-22 05:20:56,508 MambaPro.train INFO: best_Rank-1:{91.8}
2025-12-22 05:20:56,508 MambaPro.train INFO: history_Rank-5:{76.3 , 83.0 , 87.6 , 88.2 , 90.8 , 91.5 , 92.0 , 92.6 , 89.4 , 92.2 , 92.5 , 91.9 , 91.6 , 93.0 , 92.1 , 92.8 , 92.9 , 92.2 , 92.7 , 92.5 , 92.3}
2025-12-22 05:20:56,508 MambaPro.train INFO: best_Rank-5:{93.0}
2025-12-22 05:20:56,508 MambaPro.train INFO: history_Rank-10:{79.5 , 85.0 , 89.1 , 89.9 , 91.5 , 92.2 , 92.8 , 93.4 , 91.0 , 93.4 , 93.2 , 92.2 , 93.9 , 93.1 , 93.7 , 93.0 , 92.8 , 93.1 , 93.2}
2025-12-22 05:20:56,508 MambaPro.train INFO: best_Rank-10:{93.9}
2025-12-22 05:20:56,508 MambaPro.train INFO: history_Experts:{[1.00] , [1.00] , [1.00] , [1.00] , [1.00] , [1.00] , [1.00] , [1.00] , [1.00] , [1.00] , [1.00] , [1.00] , [1.00] , [1.00] , [1.00] , [1.00] , [1.00] , [1.00] , [1.00] , [1.00] , [1.00] , [1.00] , [1.00] , [1.00] , [1.00] , [1.00] , [1.00]}
2025-12-22 05:20:56,508 MambaPro.train INFO: best_Experts:{[1.00]}
2025-12-22 05:20:56,508 MambaPro.train INFO: 🔥 MoE损失(Val): 平衡=0.0000, 稀疏性=0.0000, 多样性=0.0000, 总=0.0000 (权重: 平衡=0.010, 稀疏性=0.001, 多样性=0.010)
2025-12-22 05:20:56,508 MambaPro.train INFO:    📊 专家权重分布(Val, 1个专家): [1.00]
2025-12-22 05:22:28,017 MambaPro.train INFO: Epoch 28 done. Time per batch: 0.780[s] Speed: 82.1[samples/s]
2025-12-22 05:24:03,435 MambaPro.train INFO: Validation Results - Epoch: 28
2025-12-22 05:24:03,435 MambaPro.train INFO: Current mAP: 77.1%
2025-12-22 05:24:03,435 MambaPro.train INFO: CMC curve, Rank-1  :91.7%
2025-12-22 05:24:03,435 MambaPro.train INFO: CMC curve, Rank-5  :92.4%
2025-12-22 05:24:03,435 MambaPro.train INFO: CMC curve, Rank-10 :92.9%
2025-12-22 05:24:03,442 MambaPro.train INFO: [Epoch 28] 指标集合列表（历史）
2025-12-22 05:24:03,442 MambaPro.train INFO: history_mAP:{52.6 , 63.8 , 68.2 , 68.6 , 68.4 , 71.5 , 74.6 , 74.3 , 74.8 , 75.1 , 76.0 , 76.1 , 76.0 , 76.4 , 76.9 , 76.6 , 76.3 , 76.8 , 77.2 , 77.0 , 77.0 , 77.0 , 76.8 , 76.7 , 76.9 , 77.2 , 77.1 , 77.1}
2025-12-22 05:24:03,442 MambaPro.train INFO: best_mAP:{77.2}
2025-12-22 05:24:03,442 MambaPro.train INFO: history_Rank-1:{71.5 , 79.1 , 85.5 , 86.2 , 88.9 , 90.0 , 90.5 , 88.0 , 90.8 , 91.5 , 91.0 , 90.3 , 91.5 , 91.1 , 91.3 , 91.1 , 91.8 , 91.6 , 91.4 , 91.4 , 91.7}
2025-12-22 05:24:03,442 MambaPro.train INFO: best_Rank-1:{91.8}
2025-12-22 05:24:03,442 MambaPro.train INFO: history_Rank-5:{76.3 , 83.0 , 87.6 , 88.2 , 90.8 , 91.5 , 92.0 , 92.6 , 89.4 , 92.2 , 92.5 , 91.9 , 91.6 , 93.0 , 92.1 , 92.8 , 92.9 , 92.2 , 92.7 , 92.5 , 92.3 , 92.4}
2025-12-22 05:24:03,442 MambaPro.train INFO: best_Rank-5:{93.0}
2025-12-22 05:24:03,442 MambaPro.train INFO: history_Rank-10:{79.5 , 85.0 , 89.1 , 89.9 , 91.5 , 92.2 , 92.8 , 93.4 , 91.0 , 93.4 , 93.2 , 92.2 , 93.9 , 93.1 , 93.7 , 93.0 , 92.8 , 93.1 , 93.2 , 92.9}
2025-12-22 05:24:03,442 MambaPro.train INFO: best_Rank-10:{93.9}
2025-12-22 05:24:03,442 MambaPro.train INFO: history_Experts:{[1.00] , [1.00] , [1.00] , [1.00] , [1.00] , [1.00] , [1.00] , [1.00] , [1.00] , [1.00] , [1.00] , [1.00] , [1.00] , [1.00] , [1.00] , [1.00] , [1.00] , [1.00] , [1.00] , [1.00] , [1.00] , [1.00] , [1.00] , [1.00] , [1.00] , [1.00] , [1.00] , [1.00]}
2025-12-22 05:24:03,442 MambaPro.train INFO: best_Experts:{[1.00]}
2025-12-22 05:24:03,442 MambaPro.train INFO: 🔥 MoE损失(Val): 平衡=0.0000, 稀疏性=0.0000, 多样性=0.0000, 总=0.0000 (权重: 平衡=0.010, 稀疏性=0.001, 多样性=0.010)
2025-12-22 05:24:03,442 MambaPro.train INFO:    📊 专家权重分布(Val, 1个专家): [1.00]
2025-12-22 05:25:34,877 MambaPro.train INFO: Epoch 29 done. Time per batch: 0.779[s] Speed: 82.1[samples/s]
2025-12-22 05:27:10,266 MambaPro.train INFO: Validation Results - Epoch: 29
2025-12-22 05:27:10,266 MambaPro.train INFO: Current mAP: 77.2%
2025-12-22 05:27:10,266 MambaPro.train INFO: CMC curve, Rank-1  :91.8%
2025-12-22 05:27:10,266 MambaPro.train INFO: CMC curve, Rank-5  :92.4%
2025-12-22 05:27:10,266 MambaPro.train INFO: CMC curve, Rank-10 :93.0%
2025-12-22 05:27:10,273 MambaPro.train INFO: [Epoch 29] 指标集合列表（历史）
2025-12-22 05:27:10,273 MambaPro.train INFO: history_mAP:{52.6 , 63.8 , 68.2 , 68.6 , 68.4 , 71.5 , 74.6 , 74.3 , 74.8 , 75.1 , 76.0 , 76.1 , 76.0 , 76.4 , 76.9 , 76.6 , 76.3 , 76.8 , 77.2 , 77.0 , 77.0 , 77.0 , 76.8 , 76.7 , 76.9 , 77.2 , 77.1 , 77.1 , 77.2}
2025-12-22 05:27:10,273 MambaPro.train INFO: best_mAP:{77.2}
2025-12-22 05:27:10,273 MambaPro.train INFO: history_Rank-1:{71.5 , 79.1 , 85.5 , 86.2 , 88.9 , 90.0 , 90.5 , 88.0 , 90.8 , 91.5 , 91.0 , 90.3 , 91.5 , 91.1 , 91.3 , 91.1 , 91.8 , 91.6 , 91.4 , 91.4 , 91.7}
2025-12-22 05:27:10,273 MambaPro.train INFO: best_Rank-1:{91.8}
2025-12-22 05:27:10,273 MambaPro.train INFO: history_Rank-5:{76.3 , 83.0 , 87.6 , 88.2 , 90.8 , 91.5 , 92.0 , 92.6 , 89.4 , 92.2 , 92.5 , 91.9 , 91.6 , 93.0 , 92.1 , 92.8 , 92.9 , 92.2 , 92.7 , 92.5 , 92.3 , 92.4 , 92.4}
2025-12-22 05:27:10,273 MambaPro.train INFO: best_Rank-5:{93.0}
2025-12-22 05:27:10,273 MambaPro.train INFO: history_Rank-10:{79.5 , 85.0 , 89.1 , 89.9 , 91.5 , 92.2 , 92.8 , 93.4 , 91.0 , 93.4 , 93.2 , 92.2 , 93.9 , 93.1 , 93.7 , 93.0 , 92.8 , 93.1 , 93.2 , 92.9}
2025-12-22 05:27:10,273 MambaPro.train INFO: best_Rank-10:{93.9}
2025-12-22 05:27:10,273 MambaPro.train INFO: history_Experts:{[1.00] , [1.00] , [1.00] , [1.00] , [1.00] , [1.00] , [1.00] , [1.00] , [1.00] , [1.00] , [1.00] , [1.00] , [1.00] , [1.00] , [1.00] , [1.00] , [1.00] , [1.00] , [1.00] , [1.00] , [1.00] , [1.00] , [1.00] , [1.00] , [1.00] , [1.00] , [1.00] , [1.00] , [1.00]}
2025-12-22 05:27:10,273 MambaPro.train INFO: best_Experts:{[1.00]}
2025-12-22 05:27:10,273 MambaPro.train INFO: 🔥 MoE损失(Val): 平衡=0.0000, 稀疏性=0.0000, 多样性=0.0000, 总=0.0000 (权重: 平衡=0.010, 稀疏性=0.001, 多样性=0.010)
2025-12-22 05:27:10,273 MambaPro.train INFO:    📊 专家权重分布(Val, 1个专家): [1.00]
2025-12-22 05:28:40,909 MambaPro.train INFO: Epoch 30 done. Time per batch: 0.779[s] Speed: 82.1[samples/s]
2025-12-22 05:30:16,260 MambaPro.train INFO: Validation Results - Epoch: 30
2025-12-22 05:30:16,260 MambaPro.train INFO: Current mAP: 77.1%
2025-12-22 05:30:16,260 MambaPro.train INFO: CMC curve, Rank-1  :91.7%
2025-12-22 05:30:16,260 MambaPro.train INFO: CMC curve, Rank-5  :92.4%
2025-12-22 05:30:16,260 MambaPro.train INFO: CMC curve, Rank-10 :93.0%
2025-12-22 05:30:16,268 MambaPro.train INFO: [Epoch 30] 指标集合列表（历史）
2025-12-22 05:30:16,268 MambaPro.train INFO: history_mAP:{52.6 , 63.8 , 68.2 , 68.6 , 68.4 , 71.5 , 74.6 , 74.3 , 74.8 , 75.1 , 76.0 , 76.1 , 76.0 , 76.4 , 76.9 , 76.6 , 76.3 , 76.8 , 77.2 , 77.0 , 77.0 , 77.0 , 76.8 , 76.7 , 76.9 , 77.2 , 77.1 , 77.1 , 77.2 , 77.1}
2025-12-22 05:30:16,268 MambaPro.train INFO: best_mAP:{77.2}
2025-12-22 05:30:16,268 MambaPro.train INFO: history_Rank-1:{71.5 , 79.1 , 85.5 , 86.2 , 88.9 , 90.0 , 90.5 , 88.0 , 90.8 , 91.5 , 91.0 , 90.3 , 91.5 , 91.1 , 91.3 , 91.1 , 91.8 , 91.6 , 91.4 , 91.4 , 91.7 , 91.7}
2025-12-22 05:30:16,268 MambaPro.train INFO: best_Rank-1:{91.8}
2025-12-22 05:30:16,268 MambaPro.train INFO: history_Rank-5:{76.3 , 83.0 , 87.6 , 88.2 , 90.8 , 91.5 , 92.0 , 92.6 , 89.4 , 92.2 , 92.5 , 91.9 , 91.6 , 93.0 , 92.1 , 92.8 , 92.9 , 92.2 , 92.7 , 92.5 , 92.3 , 92.4 , 92.4}
2025-12-22 05:30:16,268 MambaPro.train INFO: best_Rank-5:{93.0}
2025-12-22 05:30:16,268 MambaPro.train INFO: history_Rank-10:{79.5 , 85.0 , 89.1 , 89.9 , 91.5 , 92.2 , 92.8 , 93.4 , 91.0 , 93.4 , 93.2 , 92.2 , 93.9 , 93.1 , 93.7 , 93.0 , 92.8 , 93.1 , 93.2 , 92.9}
2025-12-22 05:30:16,268 MambaPro.train INFO: best_Rank-10:{93.9}
2025-12-22 05:30:16,268 MambaPro.train INFO: history_Experts:{[1.00] , [1.00] , [1.00] , [1.00] , [1.00] , [1.00] , [1.00] , [1.00] , [1.00] , [1.00] , [1.00] , [1.00] , [1.00] , [1.00] , [1.00] , [1.00] , [1.00] , [1.00] , [1.00] , [1.00] , [1.00] , [1.00] , [1.00] , [1.00] , [1.00] , [1.00] , [1.00] , [1.00] , [1.00] , [1.00]}
2025-12-22 05:30:16,268 MambaPro.train INFO: best_Experts:{[1.00]}
2025-12-22 05:30:16,268 MambaPro.train INFO: 🔥 MoE损失(Val): 平衡=0.0000, 稀疏性=0.0000, 多样性=0.0000, 总=0.0000 (权重: 平衡=0.010, 稀疏性=0.001, 多样性=0.010)
2025-12-22 05:30:16,269 MambaPro.train INFO:    📊 专家权重分布(Val, 1个专家): [1.00]
2025-12-22 05:30:16,530 MambaPro.train INFO: ============================================================
