2025-12-22 12:13:20,112 MambaPro INFO: ================================================================================
2025-12-22 12:13:20,112 MambaPro INFO: 🧾 实验参数快照（命令行 + 最终配置）
2025-12-22 12:13:20,112 MambaPro INFO: ================================================================================
2025-12-22 12:13:20,112 MambaPro INFO: 【复现实验命令】
2025-12-22 12:13:20,112 MambaPro INFO: /home/zhanghaoyang/.conda/envs/MambaPro/bin/python train_net.py --config_file configs/RGBNT100/jzb_baseline_optimize.yml
2025-12-22 12:13:20,112 MambaPro INFO: 【命令行参数（args）】
2025-12-22 12:13:20,112 MambaPro INFO: {
2025-12-22 12:13:20,112 MambaPro INFO:   "config_file": "configs/RGBNT100/jzb_baseline_optimize.yml",
2025-12-22 12:13:20,112 MambaPro INFO:   "fea_cft": 0,
2025-12-22 12:13:20,112 MambaPro INFO:   "opts": [],
2025-12-22 12:13:20,112 MambaPro INFO:   "local_rank": 0,
2025-12-22 12:13:20,112 MambaPro INFO:   "use_multi_scale": false,
2025-12-22 12:13:20,112 MambaPro INFO:   "no_multi_scale": false,
2025-12-22 12:13:20,112 MambaPro INFO:   "use_moe": false,
2025-12-22 12:13:20,112 MambaPro INFO:   "disable_moe": false,
2025-12-22 12:13:20,112 MambaPro INFO:   "no_moe": false,
2025-12-22 12:13:20,112 MambaPro INFO:   "use_attention": false,
2025-12-22 12:13:20,112 MambaPro INFO:   "disable_attention": false,
2025-12-22 12:13:20,112 MambaPro INFO:   "attention_heads": 8,
2025-12-22 12:13:20,112 MambaPro INFO:   "attention_dropout": 0.1,
2025-12-22 12:13:20,112 MambaPro INFO:   "resume": ""
2025-12-22 12:13:20,112 MambaPro INFO: }
2025-12-22 12:13:20,112 MambaPro INFO: 【工作目录】/home/zhanghaoyang/Desktop/yzy/AboutReid
2025-12-22 12:13:20,112 MambaPro INFO: 【最终配置（YAML）】
2025-12-22 12:13:20,114 MambaPro INFO: DATALOADER:
2025-12-22 12:13:20,115 MambaPro INFO:   NUM_INSTANCE: 16
2025-12-22 12:13:20,115 MambaPro INFO:   NUM_WORKERS: 8
2025-12-22 12:13:20,115 MambaPro INFO:   SAMPLER: softmax_triplet
2025-12-22 12:13:20,115 MambaPro INFO: DATASETS:
2025-12-22 12:13:20,115 MambaPro INFO:   NAMES: RGBNT100
2025-12-22 12:13:20,115 MambaPro INFO:   ROOT_DIR: /home/zhanghaoyang/Desktop/yzy/MambaPro/data/datasets
2025-12-22 12:13:20,115 MambaPro INFO: INPUT:
2025-12-22 12:13:20,115 MambaPro INFO:   PADDING: 10
2025-12-22 12:13:20,115 MambaPro INFO:   PIXEL_MEAN:
2025-12-22 12:13:20,115 MambaPro INFO:   - 0.5
2025-12-22 12:13:20,115 MambaPro INFO:   - 0.5
2025-12-22 12:13:20,115 MambaPro INFO:   - 0.5
2025-12-22 12:13:20,115 MambaPro INFO:   PIXEL_STD:
2025-12-22 12:13:20,115 MambaPro INFO:   - 0.5
2025-12-22 12:13:20,115 MambaPro INFO:   - 0.5
2025-12-22 12:13:20,115 MambaPro INFO:   - 0.5
2025-12-22 12:13:20,115 MambaPro INFO:   PROB: 0.5
2025-12-22 12:13:20,115 MambaPro INFO:   RE_PROB: 0.5
2025-12-22 12:13:20,115 MambaPro INFO:   SIZE_TEST:
2025-12-22 12:13:20,115 MambaPro INFO:   - 128
2025-12-22 12:13:20,115 MambaPro INFO:   - 256
2025-12-22 12:13:20,115 MambaPro INFO:   SIZE_TRAIN:
2025-12-22 12:13:20,115 MambaPro INFO:   - 128
2025-12-22 12:13:20,115 MambaPro INFO:   - 256
2025-12-22 12:13:20,115 MambaPro INFO: MODEL:
2025-12-22 12:13:20,115 MambaPro INFO:   ADAPTER: true
2025-12-22 12:13:20,115 MambaPro INFO:   ATTENTION_DIM: 512
2025-12-22 12:13:20,115 MambaPro INFO:   ATTENTION_DROPOUT: 0.1
2025-12-22 12:13:20,115 MambaPro INFO:   ATTENTION_NUM_HEADS: 8
2025-12-22 12:13:20,115 MambaPro INFO:   ATT_DROP_RATE: 0.0
2025-12-22 12:13:20,115 MambaPro INFO:   CLIP_MULTI_SCALE_SCALES:
2025-12-22 12:13:20,115 MambaPro INFO:   - 4
2025-12-22 12:13:20,115 MambaPro INFO:   - 8
2025-12-22 12:13:20,115 MambaPro INFO:   - 16
2025-12-22 12:13:20,115 MambaPro INFO:   DEVICE: cuda
2025-12-22 12:13:20,115 MambaPro INFO:   DEVICE_ID: '0'
2025-12-22 12:13:20,115 MambaPro INFO:   DIRECT: 0
2025-12-22 12:13:20,115 MambaPro INFO:   DIST_TRAIN: false
2025-12-22 12:13:20,115 MambaPro INFO:   DROP_OUT: 0.0
2025-12-22 12:13:20,115 MambaPro INFO:   DROP_PATH: 0.1
2025-12-22 12:13:20,115 MambaPro INFO:   FLOPS_TEST: false
2025-12-22 12:13:20,115 MambaPro INFO:   FROZEN: true
2025-12-22 12:13:20,115 MambaPro INFO:   GATE_DROPOUT: 0.1
2025-12-22 12:13:20,115 MambaPro INFO:   ID_LOSS_TYPE: softmax
2025-12-22 12:13:20,115 MambaPro INFO:   ID_LOSS_WEIGHT: 0.25
2025-12-22 12:13:20,115 MambaPro INFO:   IF_LABELSMOOTH: 'on'
2025-12-22 12:13:20,115 MambaPro INFO:   IF_WITH_CENTER: 'no'
2025-12-22 12:13:20,115 MambaPro INFO:   LAYER: -1
2025-12-22 12:13:20,115 MambaPro INFO:   MAMBA: true
2025-12-22 12:13:20,115 MambaPro INFO:   MAMBA_BI: false
2025-12-22 12:13:20,115 MambaPro INFO:   METRIC_LOSS_TYPE: triplet
2025-12-22 12:13:20,115 MambaPro INFO:   MOE_BALANCE_LOSS_WEIGHT: 0.01
2025-12-22 12:13:20,115 MambaPro INFO:   MOE_DIVERSITY_LOSS_WEIGHT: 0.01
2025-12-22 12:13:20,115 MambaPro INFO:   MOE_EXPERT_DROPOUT: 0.1
2025-12-22 12:13:20,115 MambaPro INFO:   MOE_EXPERT_HIDDEN_DIM: 1024
2025-12-22 12:13:20,115 MambaPro INFO:   MOE_EXPERT_LAYERS: 2
2025-12-22 12:13:20,115 MambaPro INFO:   MOE_EXPERT_THRESHOLD: 0.1
2025-12-22 12:13:20,115 MambaPro INFO:   MOE_FIXED_WEIGHTS:
2025-12-22 12:13:20,115 MambaPro INFO:   - 0.33
2025-12-22 12:13:20,115 MambaPro INFO:   - 0.33
2025-12-22 12:13:20,115 MambaPro INFO:   - 0.34
2025-12-22 12:13:20,115 MambaPro INFO:   MOE_GATE_DROPOUT: 0.1
2025-12-22 12:13:20,115 MambaPro INFO:   MOE_GATE_LAYERS: 2
2025-12-22 12:13:20,115 MambaPro INFO:   MOE_INIT_WEIGHTS: null
2025-12-22 12:13:20,115 MambaPro INFO:   MOE_NUM_EXPERTS: 3
2025-12-22 12:13:20,115 MambaPro INFO:   MOE_RESIDUAL_WEIGHT: 1.0
2025-12-22 12:13:20,115 MambaPro INFO:   MOE_SCALES:
2025-12-22 12:13:20,115 MambaPro INFO:   - 4
2025-12-22 12:13:20,115 MambaPro INFO:   - 8
2025-12-22 12:13:20,115 MambaPro INFO:   - 16
2025-12-22 12:13:20,115 MambaPro INFO:   MOE_SPARSITY_LOSS_WEIGHT: 0.001
2025-12-22 12:13:20,115 MambaPro INFO:   MOE_TEMPERATURE: 1.0
2025-12-22 12:13:20,115 MambaPro INFO:   MOE_TOP_K: 2
2025-12-22 12:13:20,115 MambaPro INFO:   MOE_TOP_K_MODE: soft
2025-12-22 12:13:20,115 MambaPro INFO:   MOE_USE_FIXED_WEIGHTS: false
2025-12-22 12:13:20,115 MambaPro INFO:   MOE_USE_TOP_K_ROUTING: false
2025-12-22 12:13:20,115 MambaPro INFO:   MULTI_SCALE_SCALES:
2025-12-22 12:13:20,115 MambaPro INFO:   - 4
2025-12-22 12:13:20,115 MambaPro INFO:   - 8
2025-12-22 12:13:20,115 MambaPro INFO:   - 16
2025-12-22 12:13:20,115 MambaPro INFO:   NAME: MambaPro
2025-12-22 12:13:20,115 MambaPro INFO:   NECK: bnneck
2025-12-22 12:13:20,115 MambaPro INFO:   NO_MARGIN: true
2025-12-22 12:13:20,115 MambaPro INFO:   PREFIX_NUM: 1
2025-12-22 12:13:20,115 MambaPro INFO:   PRETRAIN_PATH_T: AboutReid/pths/ViT-B-16.pt
2025-12-22 12:13:20,115 MambaPro INFO:   PROMPT: true
2025-12-22 12:13:20,115 MambaPro INFO:   SIE_CAMERA: true
2025-12-22 12:13:20,115 MambaPro INFO:   SIE_COE: 1.0
2025-12-22 12:13:20,115 MambaPro INFO:   SIE_VIEW: false
2025-12-22 12:13:20,115 MambaPro INFO:   STRIDE_SIZE:
2025-12-22 12:13:20,115 MambaPro INFO:   - 16
2025-12-22 12:13:20,115 MambaPro INFO:   - 16
2025-12-22 12:13:20,115 MambaPro INFO:   TRANSFORMER_TYPE: ViT-B-16
2025-12-22 12:13:20,115 MambaPro INFO:   TRIPLET_LOSS_WEIGHT: 1.0
2025-12-22 12:13:20,115 MambaPro INFO:   USE_ATTENTION_FUSION: false
2025-12-22 12:13:20,115 MambaPro INFO:   USE_CLIP_MULTI_SCALE: false
2025-12-22 12:13:20,115 MambaPro INFO:   USE_GATE_FUSION: false
2025-12-22 12:13:20,115 MambaPro INFO:   USE_MULTI_SCALE: false
2025-12-22 12:13:20,115 MambaPro INFO:   USE_MULTI_SCALE_MOE: false
2025-12-22 12:13:20,116 MambaPro INFO: OUTPUT_DIR: outputs/baseline/RGBNT100/run_20251222_121320
2025-12-22 12:13:20,116 MambaPro INFO: SOLVER:
2025-12-22 12:13:20,116 MambaPro INFO:   BASE_LR: 0.000175
2025-12-22 12:13:20,116 MambaPro INFO:   BIAS_LR_FACTOR: 2
2025-12-22 12:13:20,116 MambaPro INFO:   CENTER_LOSS_WEIGHT: 0.0005
2025-12-22 12:13:20,116 MambaPro INFO:   CENTER_LR: 0.5
2025-12-22 12:13:20,116 MambaPro INFO:   CHECKPOINT_PERIOD: 60
2025-12-22 12:13:20,116 MambaPro INFO:   CLUSTER_MARGIN: 0.3
2025-12-22 12:13:20,116 MambaPro INFO:   COSINE_MARGIN: 0.5
2025-12-22 12:13:20,116 MambaPro INFO:   COSINE_SCALE: 30
2025-12-22 12:13:20,116 MambaPro INFO:   EVAL_PERIOD: 1
2025-12-22 12:13:20,116 MambaPro INFO:   GAMMA: 0.1
2025-12-22 12:13:20,116 MambaPro INFO:   IMS_PER_BATCH: 64
2025-12-22 12:13:20,116 MambaPro INFO:   LARGE_FC_LR: false
2025-12-22 12:13:20,116 MambaPro INFO:   LOG_PERIOD: 10
2025-12-22 12:13:20,116 MambaPro INFO:   MARGIN: 0.3
2025-12-22 12:13:20,116 MambaPro INFO:   MAX_EPOCHS: 30
2025-12-22 12:13:20,116 MambaPro INFO:   MOE_BALANCE_LOSS_WEIGHT: 0.01
2025-12-22 12:13:20,116 MambaPro INFO:   MOE_BALANCE_LOSS_WEIGHT_END: 0.1
2025-12-22 12:13:20,116 MambaPro INFO:   MOE_BALANCE_LOSS_WEIGHT_START: 0.001
2025-12-22 12:13:20,116 MambaPro INFO:   MOE_BALANCE_THRESHOLD: 0.3
2025-12-22 12:13:20,116 MambaPro INFO:   MOE_DIVERSITY_LOSS_WEIGHT: 0.01
2025-12-22 12:13:20,116 MambaPro INFO:   MOE_DIVERSITY_LOSS_WEIGHT_END: 0.1
2025-12-22 12:13:20,116 MambaPro INFO:   MOE_DIVERSITY_LOSS_WEIGHT_START: 0.001
2025-12-22 12:13:20,116 MambaPro INFO:   MOE_GATE_LR_FACTOR: 0.01
2025-12-22 12:13:20,116 MambaPro INFO:   MOE_LOSS_WEIGHT_SCHEDULE_TYPE: cosine
2025-12-22 12:13:20,116 MambaPro INFO:   MOE_LOSS_WEIGHT_WARMUP_EPOCHS: 5
2025-12-22 12:13:20,116 MambaPro INFO:   MOE_SPARSITY_LOSS_WEIGHT: 0.001
2025-12-22 12:13:20,116 MambaPro INFO:   MOE_USE_DYNAMIC_LOSS_WEIGHT: false
2025-12-22 12:13:20,116 MambaPro INFO:   MOMENTUM: 0.9
2025-12-22 12:13:20,116 MambaPro INFO:   OPTIMIZER_NAME: Adam
2025-12-22 12:13:20,116 MambaPro INFO:   RANGE_ALPHA: 0
2025-12-22 12:13:20,116 MambaPro INFO:   RANGE_BETA: 1
2025-12-22 12:13:20,116 MambaPro INFO:   RANGE_K: 2
2025-12-22 12:13:20,116 MambaPro INFO:   RANGE_LOSS_WEIGHT: 1
2025-12-22 12:13:20,116 MambaPro INFO:   RANGE_MARGIN: 0.3
2025-12-22 12:13:20,116 MambaPro INFO:   SEED: 1111
2025-12-22 12:13:20,116 MambaPro INFO:   STEPS:
2025-12-22 12:13:20,116 MambaPro INFO:   - 40
2025-12-22 12:13:20,116 MambaPro INFO:   - 70
2025-12-22 12:13:20,116 MambaPro INFO:   WARMUP_FACTOR: 0.01
2025-12-22 12:13:20,116 MambaPro INFO:   WARMUP_ITERS: 5
2025-12-22 12:13:20,116 MambaPro INFO:   WARMUP_METHOD: linear
2025-12-22 12:13:20,116 MambaPro INFO:   WEIGHT_DECAY: 0.0001
2025-12-22 12:13:20,116 MambaPro INFO:   WEIGHT_DECAY_BIAS: 0.0001
2025-12-22 12:13:20,116 MambaPro INFO: TEST:
2025-12-22 12:13:20,116 MambaPro INFO:   FEAT: 0
2025-12-22 12:13:20,116 MambaPro INFO:   FEAT_NORM: 'yes'
2025-12-22 12:13:20,116 MambaPro INFO:   IMS_PER_BATCH: 64
2025-12-22 12:13:20,116 MambaPro INFO:   MISS: nothing
2025-12-22 12:13:20,116 MambaPro INFO:   NECK_FEAT: before
2025-12-22 12:13:20,116 MambaPro INFO:   RE_RANKING: 'no'
2025-12-22 12:13:20,116 MambaPro INFO:   WEIGHT: /home/zubuntu/workspace/MambaPro/MambaPro/pths/MambaProbest.pth
2025-12-22 12:13:20,116 MambaPro INFO: ================================================================================
2025-12-22 12:13:23,000 MambaPro.train INFO: start training
2025-12-22 12:14:52,482 MambaPro.train INFO: Epoch 1 done. Time per batch: 0.762[s] Speed: 84.0[samples/s]
2025-12-22 12:16:26,828 MambaPro.train INFO: Validation Results - Epoch: 1
2025-12-22 12:16:26,828 MambaPro.train INFO: Current mAP: 53.4%
2025-12-22 12:16:26,828 MambaPro.train INFO: CMC curve, Rank-1  :73.5%
2025-12-22 12:16:26,828 MambaPro.train INFO: CMC curve, Rank-5  :78.3%
2025-12-22 12:16:26,828 MambaPro.train INFO: CMC curve, Rank-10 :81.2%
2025-12-22 12:16:26,828 MambaPro.train INFO: 🎯 New Best! Saving model...
2025-12-22 12:16:27,162 MambaPro.train INFO: [Epoch 1] 指标集合列表（历史）
2025-12-22 12:16:27,162 MambaPro.train INFO: history_mAP:{53.4}
2025-12-22 12:16:27,162 MambaPro.train INFO: best_mAP:{53.4}
2025-12-22 12:16:27,162 MambaPro.train INFO: history_Rank-1:{73.5}
2025-12-22 12:16:27,162 MambaPro.train INFO: best_Rank-1:{73.5}
2025-12-22 12:16:27,162 MambaPro.train INFO: history_Rank-5:{78.3}
2025-12-22 12:16:27,162 MambaPro.train INFO: best_Rank-5:{78.3}
2025-12-22 12:16:27,162 MambaPro.train INFO: history_Rank-10:{81.2}
2025-12-22 12:16:27,162 MambaPro.train INFO: best_Rank-10:{81.2}
2025-12-22 12:16:27,162 MambaPro.train INFO: history_Experts:{[0.00 , 0.00 , 0.00]}
