2025-12-12 10:28:57,027 MambaPro INFO: ================================================================================
2025-12-12 10:28:57,027 MambaPro INFO: 🧾 实验参数快照（命令行 + 最终配置）
2025-12-12 10:28:57,027 MambaPro INFO: ================================================================================
2025-12-12 10:28:57,027 MambaPro INFO: 【复现实验命令】
2025-12-12 10:28:57,028 MambaPro INFO: /home/zubuntu/miniconda/envs/MambaPro/bin/python train_net.py --config_file mybest_model/experiment_20251013_110028/configs/experiment_config.yml OUTPUT_DIR ./outputs/replay_best_tml
2025-12-12 10:28:57,028 MambaPro INFO: 【命令行参数（args）】
2025-12-12 10:28:57,028 MambaPro INFO: {
2025-12-12 10:28:57,028 MambaPro INFO:   "config_file": "mybest_model/experiment_20251013_110028/configs/experiment_config.yml",
2025-12-12 10:28:57,028 MambaPro INFO:   "fea_cft": 0,
2025-12-12 10:28:57,028 MambaPro INFO:   "opts": [
2025-12-12 10:28:57,028 MambaPro INFO:     "OUTPUT_DIR",
2025-12-12 10:28:57,028 MambaPro INFO:     "./outputs/replay_best_tml"
2025-12-12 10:28:57,028 MambaPro INFO:   ],
2025-12-12 10:28:57,028 MambaPro INFO:   "local_rank": 0,
2025-12-12 10:28:57,028 MambaPro INFO:   "use_multi_scale": false,
2025-12-12 10:28:57,028 MambaPro INFO:   "no_multi_scale": false,
2025-12-12 10:28:57,028 MambaPro INFO:   "use_moe": false,
2025-12-12 10:28:57,028 MambaPro INFO:   "disable_moe": false,
2025-12-12 10:28:57,028 MambaPro INFO:   "no_moe": false,
2025-12-12 10:28:57,028 MambaPro INFO:   "use_attention": false,
2025-12-12 10:28:57,028 MambaPro INFO:   "disable_attention": false,
2025-12-12 10:28:57,028 MambaPro INFO:   "attention_heads": 8,
2025-12-12 10:28:57,028 MambaPro INFO:   "attention_dropout": 0.1
2025-12-12 10:28:57,028 MambaPro INFO: }
2025-12-12 10:28:57,028 MambaPro INFO: 【工作目录】/home/zubuntu/workspace/yzy/MambaPro
2025-12-12 10:28:57,028 MambaPro INFO: 【最终配置（YAML）】
2025-12-12 10:28:57,032 MambaPro INFO: DATALOADER:
2025-12-12 10:28:57,032 MambaPro INFO:   NUM_INSTANCE: 8
2025-12-12 10:28:57,032 MambaPro INFO:   NUM_WORKERS: 8
2025-12-12 10:28:57,032 MambaPro INFO:   SAMPLER: softmax_triplet
2025-12-12 10:28:57,032 MambaPro INFO: DATASETS:
2025-12-12 10:28:57,032 MambaPro INFO:   NAMES: RGBNT201
2025-12-12 10:28:57,032 MambaPro INFO:   ROOT_DIR: /home/zubuntu/workspace/yzy/MambaPro/data/
2025-12-12 10:28:57,032 MambaPro INFO: INPUT:
2025-12-12 10:28:57,032 MambaPro INFO:   PADDING: 10
2025-12-12 10:28:57,032 MambaPro INFO:   PIXEL_MEAN:
2025-12-12 10:28:57,032 MambaPro INFO:   - 0.5
2025-12-12 10:28:57,032 MambaPro INFO:   - 0.5
2025-12-12 10:28:57,032 MambaPro INFO:   - 0.5
2025-12-12 10:28:57,032 MambaPro INFO:   PIXEL_STD:
2025-12-12 10:28:57,032 MambaPro INFO:   - 0.5
2025-12-12 10:28:57,032 MambaPro INFO:   - 0.5
2025-12-12 10:28:57,032 MambaPro INFO:   - 0.5
2025-12-12 10:28:57,032 MambaPro INFO:   PROB: 0.5
2025-12-12 10:28:57,032 MambaPro INFO:   RE_PROB: 0.5
2025-12-12 10:28:57,032 MambaPro INFO:   SIZE_TEST:
2025-12-12 10:28:57,032 MambaPro INFO:   - 256
2025-12-12 10:28:57,033 MambaPro INFO:   - 128
2025-12-12 10:28:57,033 MambaPro INFO:   SIZE_TRAIN:
2025-12-12 10:28:57,033 MambaPro INFO:   - 256
2025-12-12 10:28:57,033 MambaPro INFO:   - 128
2025-12-12 10:28:57,033 MambaPro INFO: MODEL:
2025-12-12 10:28:57,033 MambaPro INFO:   ADAPTER: true
2025-12-12 10:28:57,033 MambaPro INFO:   ATTENTION_DIM: 512
2025-12-12 10:28:57,033 MambaPro INFO:   ATTENTION_DROPOUT: 0.1
2025-12-12 10:28:57,033 MambaPro INFO:   ATTENTION_NUM_HEADS: 8
2025-12-12 10:28:57,033 MambaPro INFO:   ATT_DROP_RATE: 0.0
2025-12-12 10:28:57,033 MambaPro INFO:   CLIP_MULTI_SCALE_SCALES:
2025-12-12 10:28:57,033 MambaPro INFO:   - 4
2025-12-12 10:28:57,033 MambaPro INFO:   - 8
2025-12-12 10:28:57,033 MambaPro INFO:   - 16
2025-12-12 10:28:57,033 MambaPro INFO:   DEVICE: cuda
2025-12-12 10:28:57,033 MambaPro INFO:   DEVICE_ID: '0'
2025-12-12 10:28:57,033 MambaPro INFO:   DIRECT: 1
2025-12-12 10:28:57,033 MambaPro INFO:   DIST_TRAIN: false
2025-12-12 10:28:57,033 MambaPro INFO:   DROP_OUT: 0.0
2025-12-12 10:28:57,033 MambaPro INFO:   DROP_PATH: 0.1
2025-12-12 10:28:57,033 MambaPro INFO:   FLOPS_TEST: false
2025-12-12 10:28:57,033 MambaPro INFO:   FROZEN: true
2025-12-12 10:28:57,033 MambaPro INFO:   GATE_DROPOUT: 0.1
2025-12-12 10:28:57,033 MambaPro INFO:   ID_LOSS_TYPE: softmax
2025-12-12 10:28:57,033 MambaPro INFO:   ID_LOSS_WEIGHT: 0.25
2025-12-12 10:28:57,033 MambaPro INFO:   IF_LABELSMOOTH: 'on'
2025-12-12 10:28:57,033 MambaPro INFO:   IF_WITH_CENTER: 'no'
2025-12-12 10:28:57,033 MambaPro INFO:   LAYER: -1
2025-12-12 10:28:57,033 MambaPro INFO:   MAMBA: true
2025-12-12 10:28:57,033 MambaPro INFO:   MAMBA_BI: false
2025-12-12 10:28:57,033 MambaPro INFO:   METRIC_LOSS_TYPE: triplet
2025-12-12 10:28:57,033 MambaPro INFO:   MOE_BALANCE_LOSS_WEIGHT: 0.01
2025-12-12 10:28:57,033 MambaPro INFO:   MOE_DIVERSITY_LOSS_WEIGHT: 0.01
2025-12-12 10:28:57,033 MambaPro INFO:   MOE_EXPERT_DROPOUT: 0.1
2025-12-12 10:28:57,033 MambaPro INFO:   MOE_EXPERT_HIDDEN_DIM: 1024
2025-12-12 10:28:57,033 MambaPro INFO:   MOE_EXPERT_LAYERS: 2
2025-12-12 10:28:57,033 MambaPro INFO:   MOE_EXPERT_THRESHOLD: 0.1
2025-12-12 10:28:57,033 MambaPro INFO:   MOE_FIXED_WEIGHTS:
2025-12-12 10:28:57,033 MambaPro INFO:   - 0.33
2025-12-12 10:28:57,033 MambaPro INFO:   - 0.33
2025-12-12 10:28:57,033 MambaPro INFO:   - 0.34
2025-12-12 10:28:57,033 MambaPro INFO:   MOE_GATE_DROPOUT: 0.1
2025-12-12 10:28:57,033 MambaPro INFO:   MOE_GATE_LAYERS: 2
2025-12-12 10:28:57,033 MambaPro INFO:   MOE_INIT_WEIGHTS: null
2025-12-12 10:28:57,033 MambaPro INFO:   MOE_NUM_EXPERTS: 3
2025-12-12 10:28:57,033 MambaPro INFO:   MOE_RESIDUAL_WEIGHT: 1.0
2025-12-12 10:28:57,033 MambaPro INFO:   MOE_SCALES:
2025-12-12 10:28:57,033 MambaPro INFO:   - 4
2025-12-12 10:28:57,033 MambaPro INFO:   - 8
2025-12-12 10:28:57,033 MambaPro INFO:   - 16
2025-12-12 10:28:57,033 MambaPro INFO:   MOE_SPARSITY_LOSS_WEIGHT: 0.001
2025-12-12 10:28:57,033 MambaPro INFO:   MOE_TEMPERATURE: 0.7
2025-12-12 10:28:57,033 MambaPro INFO:   MOE_TOP_K: 2
2025-12-12 10:28:57,033 MambaPro INFO:   MOE_TOP_K_MODE: soft
2025-12-12 10:28:57,033 MambaPro INFO:   MOE_USE_FIXED_WEIGHTS: false
2025-12-12 10:28:57,033 MambaPro INFO:   MOE_USE_TOP_K_ROUTING: false
2025-12-12 10:28:57,034 MambaPro INFO:   MULTI_SCALE_SCALES:
2025-12-12 10:28:57,034 MambaPro INFO:   - 4
2025-12-12 10:28:57,034 MambaPro INFO:   - 8
2025-12-12 10:28:57,034 MambaPro INFO:   - 16
2025-12-12 10:28:57,034 MambaPro INFO:   NAME: MambaPro
2025-12-12 10:28:57,034 MambaPro INFO:   NECK: bnneck
2025-12-12 10:28:57,034 MambaPro INFO:   NO_MARGIN: true
2025-12-12 10:28:57,034 MambaPro INFO:   PREFIX_NUM: 1
2025-12-12 10:28:57,034 MambaPro INFO:   PRETRAIN_PATH_T: /home/zubuntu/workspace/yzy/MambaPro/pths/ViT-B-16.pt
2025-12-12 10:28:57,034 MambaPro INFO:   PROMPT: true
2025-12-12 10:28:57,034 MambaPro INFO:   SIE_CAMERA: true
2025-12-12 10:28:57,034 MambaPro INFO:   SIE_COE: 1.0
2025-12-12 10:28:57,034 MambaPro INFO:   SIE_VIEW: false
2025-12-12 10:28:57,034 MambaPro INFO:   STRIDE_SIZE:
2025-12-12 10:28:57,034 MambaPro INFO:   - 16
2025-12-12 10:28:57,034 MambaPro INFO:   - 16
2025-12-12 10:28:57,034 MambaPro INFO:   TRANSFORMER_TYPE: ViT-B-16
2025-12-12 10:28:57,034 MambaPro INFO:   TRIPLET_LOSS_WEIGHT: 1.0
2025-12-12 10:28:57,034 MambaPro INFO:   USE_ATTENTION_FUSION: false
2025-12-12 10:28:57,034 MambaPro INFO:   USE_CLIP_MULTI_SCALE: true
2025-12-12 10:28:57,034 MambaPro INFO:   USE_GATE_FUSION: false
2025-12-12 10:28:57,034 MambaPro INFO:   USE_MULTI_SCALE: false
2025-12-12 10:28:57,034 MambaPro INFO:   USE_MULTI_SCALE_MOE: true
2025-12-12 10:28:57,034 MambaPro INFO: OUTPUT_DIR: ./outputs/replay_best_tml/run_20251212_102857
2025-12-12 10:28:57,034 MambaPro INFO: SOLVER:
2025-12-12 10:28:57,034 MambaPro INFO:   BASE_LR: 0.0005
2025-12-12 10:28:57,034 MambaPro INFO:   BIAS_LR_FACTOR: 2
2025-12-12 10:28:57,034 MambaPro INFO:   CENTER_LOSS_WEIGHT: 0.0005
2025-12-12 10:28:57,034 MambaPro INFO:   CENTER_LR: 0.5
2025-12-12 10:28:57,034 MambaPro INFO:   CHECKPOINT_PERIOD: 10
2025-12-12 10:28:57,034 MambaPro INFO:   CLUSTER_MARGIN: 0.3
2025-12-12 10:28:57,034 MambaPro INFO:   COSINE_MARGIN: 0.5
2025-12-12 10:28:57,034 MambaPro INFO:   COSINE_SCALE: 30
2025-12-12 10:28:57,034 MambaPro INFO:   EVAL_PERIOD: 5
2025-12-12 10:28:57,034 MambaPro INFO:   GAMMA: 0.1
2025-12-12 10:28:57,034 MambaPro INFO:   IMS_PER_BATCH: 32
2025-12-12 10:28:57,034 MambaPro INFO:   LARGE_FC_LR: false
2025-12-12 10:28:57,034 MambaPro INFO:   LOG_PERIOD: 10
2025-12-12 10:28:57,034 MambaPro INFO:   MARGIN: 0.3
2025-12-12 10:28:57,034 MambaPro INFO:   MAX_EPOCHS: 60
2025-12-12 10:28:57,034 MambaPro INFO:   MOE_BALANCE_LOSS_WEIGHT: 0.001
2025-12-12 10:28:57,034 MambaPro INFO:   MOE_BALANCE_LOSS_WEIGHT_END: 0.1
2025-12-12 10:28:57,034 MambaPro INFO:   MOE_BALANCE_LOSS_WEIGHT_START: 0.001
2025-12-12 10:28:57,034 MambaPro INFO:   MOE_BALANCE_THRESHOLD: 0.3
2025-12-12 10:28:57,034 MambaPro INFO:   MOE_DIVERSITY_LOSS_WEIGHT: 0.001
2025-12-12 10:28:57,034 MambaPro INFO:   MOE_DIVERSITY_LOSS_WEIGHT_END: 0.1
2025-12-12 10:28:57,034 MambaPro INFO:   MOE_DIVERSITY_LOSS_WEIGHT_START: 0.001
2025-12-12 10:28:57,034 MambaPro INFO:   MOE_GATE_LR_FACTOR: 0.01
2025-12-12 10:28:57,034 MambaPro INFO:   MOE_LOSS_WEIGHT_SCHEDULE_TYPE: cosine
2025-12-12 10:28:57,034 MambaPro INFO:   MOE_LOSS_WEIGHT_WARMUP_EPOCHS: 5
2025-12-12 10:28:57,034 MambaPro INFO:   MOE_SPARSITY_LOSS_WEIGHT: 0.0001
2025-12-12 10:28:57,034 MambaPro INFO:   MOE_USE_DYNAMIC_LOSS_WEIGHT: false
2025-12-12 10:28:57,035 MambaPro INFO:   MOMENTUM: 0.9
2025-12-12 10:28:57,035 MambaPro INFO:   OPTIMIZER_NAME: Adam
2025-12-12 10:28:57,035 MambaPro INFO:   RANGE_ALPHA: 0
2025-12-12 10:28:57,035 MambaPro INFO:   RANGE_BETA: 1
2025-12-12 10:28:57,035 MambaPro INFO:   RANGE_K: 2
2025-12-12 10:28:57,035 MambaPro INFO:   RANGE_LOSS_WEIGHT: 1
2025-12-12 10:28:57,035 MambaPro INFO:   RANGE_MARGIN: 0.3
2025-12-12 10:28:57,035 MambaPro INFO:   SEED: 42
2025-12-12 10:28:57,035 MambaPro INFO:   STEPS:
2025-12-12 10:28:57,035 MambaPro INFO:   - 30
2025-12-12 10:28:57,035 MambaPro INFO:   - 50
2025-12-12 10:28:57,035 MambaPro INFO:   WARMUP_FACTOR: 0.01
2025-12-12 10:28:57,035 MambaPro INFO:   WARMUP_ITERS: 20
2025-12-12 10:28:57,035 MambaPro INFO:   WARMUP_METHOD: linear
2025-12-12 10:28:57,035 MambaPro INFO:   WEIGHT_DECAY: 0.0005
2025-12-12 10:28:57,035 MambaPro INFO:   WEIGHT_DECAY_BIAS: 0.0005
2025-12-12 10:28:57,035 MambaPro INFO: TEST:
2025-12-12 10:28:57,035 MambaPro INFO:   FEAT: 0
2025-12-12 10:28:57,035 MambaPro INFO:   FEAT_NORM: 'yes'
2025-12-12 10:28:57,035 MambaPro INFO:   IMS_PER_BATCH: 64
2025-12-12 10:28:57,035 MambaPro INFO:   MISS: nothing
2025-12-12 10:28:57,035 MambaPro INFO:   NECK_FEAT: after
2025-12-12 10:28:57,035 MambaPro INFO:   RE_RANKING: 'no'
2025-12-12 10:28:57,035 MambaPro INFO:   WEIGHT: /home/zubuntu/workspace/yzy/MambaPro/pths/MambaProbest.pth
2025-12-12 10:28:57,035 MambaPro INFO: ================================================================================
2025-12-12 10:28:59,261 MambaPro.train INFO: start training
2025-12-12 10:29:19,710 MambaPro.train INFO: Epoch 1 done. Time per batch: 0.191[s] Speed: 167.6[samples/s]
2025-12-12 10:29:39,689 MambaPro.train INFO: Epoch 2 done. Time per batch: 0.187[s] Speed: 171.4[samples/s]
2025-12-12 10:30:00,288 MambaPro.train INFO: Epoch 3 done. Time per batch: 0.193[s] Speed: 166.2[samples/s]
2025-12-12 10:30:20,228 MambaPro.train INFO: Epoch 4 done. Time per batch: 0.186[s] Speed: 171.7[samples/s]
2025-12-12 10:30:40,156 MambaPro.train INFO: Epoch 5 done. Time per batch: 0.186[s] Speed: 171.8[samples/s]
2025-12-12 10:30:47,758 MambaPro.train INFO: Validation Results - Epoch: 5
2025-12-12 10:30:47,758 MambaPro.train INFO: Current mAP: 63.5%
2025-12-12 10:30:47,758 MambaPro.train INFO: CMC curve, Rank-1  :68.4%
2025-12-12 10:30:47,758 MambaPro.train INFO: CMC curve, Rank-5  :78.9%
2025-12-12 10:30:47,759 MambaPro.train INFO: CMC curve, Rank-10 :84.2%
2025-12-12 10:30:47,760 MambaPro.train INFO: 🎯 New Best! Saving model...
2025-12-12 10:30:48,162 MambaPro.train INFO: [Epoch 5] 指标集合列表（历史）
2025-12-12 10:30:48,162 MambaPro.train INFO: history_mAP:{63.5}
2025-12-12 10:30:48,162 MambaPro.train INFO: best_mAP:{63.5}
2025-12-12 10:30:48,162 MambaPro.train INFO: history_Rank-1:{68.4}
2025-12-12 10:30:48,162 MambaPro.train INFO: best_Rank-1:{68.4}
2025-12-12 10:30:48,162 MambaPro.train INFO: history_Rank-5:{78.9}
2025-12-12 10:30:48,162 MambaPro.train INFO: best_Rank-5:{78.9}
2025-12-12 10:30:48,162 MambaPro.train INFO: history_Rank-10:{84.2}
2025-12-12 10:30:48,162 MambaPro.train INFO: best_Rank-10:{84.2}
2025-12-12 10:30:48,162 MambaPro.train INFO: history_Experts:{[0.36 , 0.34 , 0.30]}
2025-12-12 10:30:48,162 MambaPro.train INFO: best_Experts:{[0.36 , 0.34 , 0.30]}
2025-12-12 10:30:48,162 MambaPro.train INFO: 🔥 MoE损失(Val): 平衡=0.0000, 稀疏性=0.9976, 多样性=2.6477, 总=0.0027 (权重: 平衡=0.001, 稀疏性=0.000, 多样性=0.001)
2025-12-12 10:30:48,162 MambaPro.train INFO:    📊 专家权重分布(Val): [0.36 , 0.34 , 0.30]
2025-12-12 10:31:08,232 MambaPro.train INFO: Epoch 6 done. Time per batch: 0.186[s] Speed: 171.7[samples/s]
2025-12-12 10:31:28,187 MambaPro.train INFO: Epoch 7 done. Time per batch: 0.186[s] Speed: 171.6[samples/s]
2025-12-12 10:31:48,089 MambaPro.train INFO: Epoch 8 done. Time per batch: 0.186[s] Speed: 172.0[samples/s]
2025-12-12 10:32:08,015 MambaPro.train INFO: Epoch 9 done. Time per batch: 0.186[s] Speed: 171.8[samples/s]
2025-12-12 10:32:27,939 MambaPro.train INFO: Epoch 10 done. Time per batch: 0.186[s] Speed: 171.9[samples/s]
2025-12-12 10:32:35,860 MambaPro.train INFO: Validation Results - Epoch: 10
2025-12-12 10:32:35,860 MambaPro.train INFO: Current mAP: 36.5%
2025-12-12 10:32:35,860 MambaPro.train INFO: CMC curve, Rank-1  :39.5%
2025-12-12 10:32:35,860 MambaPro.train INFO: CMC curve, Rank-5  :59.8%
2025-12-12 10:32:35,861 MambaPro.train INFO: CMC curve, Rank-10 :67.9%
2025-12-12 10:32:35,862 MambaPro.train INFO: [Epoch 10] 指标集合列表（历史）
2025-12-12 10:32:35,862 MambaPro.train INFO: history_mAP:{63.5 , 36.5}
2025-12-12 10:32:35,862 MambaPro.train INFO: best_mAP:{63.5}
2025-12-12 10:32:35,862 MambaPro.train INFO: history_Rank-1:{68.4 , 39.5}
2025-12-12 10:32:35,862 MambaPro.train INFO: best_Rank-1:{68.4}
2025-12-12 10:32:35,862 MambaPro.train INFO: history_Rank-5:{78.9 , 59.8}
2025-12-12 10:32:35,862 MambaPro.train INFO: best_Rank-5:{78.9}
2025-12-12 10:32:35,862 MambaPro.train INFO: history_Rank-10:{84.2 , 67.9}
2025-12-12 10:32:35,862 MambaPro.train INFO: best_Rank-10:{84.2}
2025-12-12 10:32:35,862 MambaPro.train INFO: history_Experts:{[0.36 , 0.34 , 0.30] , [0.38 , 0.34 , 0.28]}
2025-12-12 10:32:35,862 MambaPro.train INFO: best_Experts:{[0.36 , 0.34 , 0.30]}
2025-12-12 10:32:35,862 MambaPro.train INFO: 🔥 MoE损失(Val): 平衡=0.0000, 稀疏性=0.9931, 多样性=2.6123, 总=0.0027 (权重: 平衡=0.001, 稀疏性=0.000, 多样性=0.001)
2025-12-12 10:32:35,862 MambaPro.train INFO:    📊 专家权重分布(Val): [0.38 , 0.34 , 0.28]
2025-12-12 10:32:55,811 MambaPro.train INFO: Epoch 11 done. Time per batch: 0.187[s] Speed: 171.2[samples/s]
2025-12-12 10:33:15,849 MambaPro.train INFO: Epoch 12 done. Time per batch: 0.187[s] Speed: 170.9[samples/s]
2025-12-12 10:33:35,889 MambaPro.train INFO: Epoch 13 done. Time per batch: 0.187[s] Speed: 170.9[samples/s]
2025-12-12 10:33:55,924 MambaPro.train INFO: Epoch 14 done. Time per batch: 0.187[s] Speed: 170.9[samples/s]
2025-12-12 10:34:15,886 MambaPro.train INFO: Epoch 15 done. Time per batch: 0.187[s] Speed: 171.5[samples/s]
2025-12-12 10:34:23,437 MambaPro.train INFO: Validation Results - Epoch: 15
2025-12-12 10:34:23,438 MambaPro.train INFO: Current mAP: 58.6%
2025-12-12 10:34:23,438 MambaPro.train INFO: CMC curve, Rank-1  :60.3%
2025-12-12 10:34:23,438 MambaPro.train INFO: CMC curve, Rank-5  :72.7%
2025-12-12 10:34:23,438 MambaPro.train INFO: CMC curve, Rank-10 :79.9%
2025-12-12 10:34:23,438 MambaPro.train INFO: [Epoch 15] 指标集合列表（历史）
2025-12-12 10:34:23,439 MambaPro.train INFO: history_mAP:{63.5 , 36.5 , 58.6}
2025-12-12 10:34:23,439 MambaPro.train INFO: best_mAP:{63.5}
2025-12-12 10:34:23,439 MambaPro.train INFO: history_Rank-1:{68.4 , 39.5 , 60.3}
2025-12-12 10:34:23,439 MambaPro.train INFO: best_Rank-1:{68.4}
2025-12-12 10:34:23,439 MambaPro.train INFO: history_Rank-5:{78.9 , 59.8 , 72.7}
2025-12-12 10:34:23,439 MambaPro.train INFO: best_Rank-5:{78.9}
2025-12-12 10:34:23,439 MambaPro.train INFO: history_Rank-10:{84.2 , 67.9 , 79.9}
2025-12-12 10:34:23,439 MambaPro.train INFO: best_Rank-10:{84.2}
2025-12-12 10:34:23,439 MambaPro.train INFO: history_Experts:{[0.36 , 0.34 , 0.30] , [0.38 , 0.34 , 0.28] , [0.43 , 0.33 , 0.24]}
2025-12-12 10:34:23,439 MambaPro.train INFO: best_Experts:{[0.36 , 0.34 , 0.30]}
2025-12-12 10:34:23,439 MambaPro.train INFO: 🔥 MoE损失(Val): 平衡=0.0000, 稀疏性=0.9710, 多样性=2.4473, 总=0.0025 (权重: 平衡=0.001, 稀疏性=0.000, 多样性=0.001)
2025-12-12 10:34:23,439 MambaPro.train INFO:    📊 专家权重分布(Val): [0.43 , 0.33 , 0.24]
2025-12-12 10:34:43,638 MambaPro.train INFO: Epoch 16 done. Time per batch: 0.187[s] Speed: 170.7[samples/s]
2025-12-12 10:35:03,637 MambaPro.train INFO: Epoch 17 done. Time per batch: 0.187[s] Speed: 171.2[samples/s]
2025-12-12 10:35:23,422 MambaPro.train INFO: Epoch 18 done. Time per batch: 0.187[s] Speed: 171.4[samples/s]
2025-12-12 10:35:43,431 MambaPro.train INFO: Epoch 19 done. Time per batch: 0.187[s] Speed: 171.1[samples/s]
2025-12-12 10:36:03,495 MambaPro.train INFO: Epoch 20 done. Time per batch: 0.188[s] Speed: 170.7[samples/s]
2025-12-12 10:36:11,417 MambaPro.train INFO: Validation Results - Epoch: 20
2025-12-12 10:36:11,417 MambaPro.train INFO: Current mAP: 53.8%
2025-12-12 10:36:11,417 MambaPro.train INFO: CMC curve, Rank-1  :55.6%
2025-12-12 10:36:11,417 MambaPro.train INFO: CMC curve, Rank-5  :68.2%
2025-12-12 10:36:11,417 MambaPro.train INFO: CMC curve, Rank-10 :78.1%
2025-12-12 10:36:11,418 MambaPro.train INFO: [Epoch 20] 指标集合列表（历史）
2025-12-12 10:36:11,418 MambaPro.train INFO: history_mAP:{63.5 , 36.5 , 58.6 , 53.8}
2025-12-12 10:36:11,418 MambaPro.train INFO: best_mAP:{63.5}
2025-12-12 10:36:11,418 MambaPro.train INFO: history_Rank-1:{68.4 , 39.5 , 60.3 , 55.6}
2025-12-12 10:36:11,418 MambaPro.train INFO: best_Rank-1:{68.4}
2025-12-12 10:36:11,418 MambaPro.train INFO: history_Rank-5:{78.9 , 59.8 , 72.7 , 68.2}
2025-12-12 10:36:11,418 MambaPro.train INFO: best_Rank-5:{78.9}
2025-12-12 10:36:11,418 MambaPro.train INFO: history_Rank-10:{84.2 , 67.9 , 79.9 , 78.1}
2025-12-12 10:36:11,418 MambaPro.train INFO: best_Rank-10:{84.2}
2025-12-12 10:36:11,418 MambaPro.train INFO: history_Experts:{[0.36 , 0.34 , 0.30] , [0.38 , 0.34 , 0.28] , [0.43 , 0.33 , 0.24] , [0.65 , 0.21 , 0.14]}
2025-12-12 10:36:11,418 MambaPro.train INFO: best_Experts:{[0.36 , 0.34 , 0.30]}
2025-12-12 10:36:11,418 MambaPro.train INFO: 🔥 MoE损失(Val): 平衡=0.1609, 稀疏性=0.7772, 多样性=1.4338, 总=0.0017 (权重: 平衡=0.001, 稀疏性=0.000, 多样性=0.001)
2025-12-12 10:36:11,418 MambaPro.train INFO:    📊 专家权重分布(Val): [0.65 , 0.21 , 0.14]
2025-12-12 10:36:31,309 MambaPro.train INFO: Epoch 21 done. Time per batch: 0.186[s] Speed: 171.7[samples/s]
2025-12-12 10:36:51,327 MambaPro.train INFO: Epoch 22 done. Time per batch: 0.187[s] Speed: 171.0[samples/s]
2025-12-12 10:37:11,296 MambaPro.train INFO: Epoch 23 done. Time per batch: 0.187[s] Speed: 171.5[samples/s]
2025-12-12 10:37:31,287 MambaPro.train INFO: Epoch 24 done. Time per batch: 0.187[s] Speed: 171.3[samples/s]
2025-12-12 10:37:51,134 MambaPro.train INFO: Epoch 25 done. Time per batch: 0.187[s] Speed: 170.9[samples/s]
2025-12-12 10:37:58,651 MambaPro.train INFO: Validation Results - Epoch: 25
2025-12-12 10:37:58,651 MambaPro.train INFO: Current mAP: 71.9%
2025-12-12 10:37:58,651 MambaPro.train INFO: CMC curve, Rank-1  :73.6%
2025-12-12 10:37:58,651 MambaPro.train INFO: CMC curve, Rank-5  :85.4%
2025-12-12 10:37:58,651 MambaPro.train INFO: CMC curve, Rank-10 :90.3%
2025-12-12 10:37:58,652 MambaPro.train INFO: 🎯 New Best! Saving model...
2025-12-12 10:37:59,285 MambaPro.train INFO: [Epoch 25] 指标集合列表（历史）
2025-12-12 10:37:59,286 MambaPro.train INFO: history_mAP:{63.5 , 36.5 , 58.6 , 53.8 , 71.9}
2025-12-12 10:37:59,286 MambaPro.train INFO: best_mAP:{71.9}
2025-12-12 10:37:59,286 MambaPro.train INFO: history_Rank-1:{68.4 , 39.5 , 60.3 , 55.6 , 73.6}
2025-12-12 10:37:59,286 MambaPro.train INFO: best_Rank-1:{73.6}
2025-12-12 10:37:59,286 MambaPro.train INFO: history_Rank-5:{78.9 , 59.8 , 72.7 , 68.2 , 85.4}
2025-12-12 10:37:59,286 MambaPro.train INFO: best_Rank-5:{85.4}
2025-12-12 10:37:59,286 MambaPro.train INFO: history_Rank-10:{84.2 , 67.9 , 79.9 , 78.1 , 90.3}
2025-12-12 10:37:59,286 MambaPro.train INFO: best_Rank-10:{90.3}
2025-12-12 10:37:59,286 MambaPro.train INFO: history_Experts:{[0.36 , 0.34 , 0.30] , [0.38 , 0.34 , 0.28] , [0.43 , 0.33 , 0.24] , [0.65 , 0.21 , 0.14] , [0.82 , 0.10 , 0.08]}
2025-12-12 10:37:59,286 MambaPro.train INFO: best_Experts:{[0.82 , 0.10 , 0.08]}
2025-12-12 10:37:59,286 MambaPro.train INFO: 🔥 MoE损失(Val): 平衡=0.5665, 稀疏性=0.4710, 多样性=0.6103, 总=0.0012 (权重: 平衡=0.001, 稀疏性=0.000, 多样性=0.001)
2025-12-12 10:37:59,286 MambaPro.train INFO:    📊 专家权重分布(Val): [0.82 , 0.10 , 0.08]
2025-12-12 10:38:19,488 MambaPro.train INFO: Epoch 26 done. Time per batch: 0.187[s] Speed: 170.7[samples/s]
2025-12-12 10:38:39,532 MambaPro.train INFO: Epoch 27 done. Time per batch: 0.187[s] Speed: 170.8[samples/s]
2025-12-12 10:38:59,556 MambaPro.train INFO: Epoch 28 done. Time per batch: 0.187[s] Speed: 171.0[samples/s]
2025-12-12 10:39:19,616 MambaPro.train INFO: Epoch 29 done. Time per batch: 0.187[s] Speed: 170.7[samples/s]
2025-12-12 10:39:39,708 MambaPro.train INFO: Epoch 30 done. Time per batch: 0.188[s] Speed: 170.4[samples/s]
2025-12-12 10:39:47,585 MambaPro.train INFO: Validation Results - Epoch: 30
2025-12-12 10:39:47,585 MambaPro.train INFO: Current mAP: 76.0%
2025-12-12 10:39:47,586 MambaPro.train INFO: CMC curve, Rank-1  :80.7%
2025-12-12 10:39:47,586 MambaPro.train INFO: CMC curve, Rank-5  :86.2%
2025-12-12 10:39:47,586 MambaPro.train INFO: CMC curve, Rank-10 :90.7%
2025-12-12 10:39:47,586 MambaPro.train INFO: 🎯 New Best! Saving model...
2025-12-12 10:39:48,250 MambaPro.train INFO: [Epoch 30] 指标集合列表（历史）
2025-12-12 10:39:48,250 MambaPro.train INFO: history_mAP:{63.5 , 36.5 , 58.6 , 53.8 , 71.9 , 76.0}
2025-12-12 10:39:48,250 MambaPro.train INFO: best_mAP:{76.0}
2025-12-12 10:39:48,250 MambaPro.train INFO: history_Rank-1:{68.4 , 39.5 , 60.3 , 55.6 , 73.6 , 80.7}
2025-12-12 10:39:48,250 MambaPro.train INFO: best_Rank-1:{80.7}
2025-12-12 10:39:48,250 MambaPro.train INFO: history_Rank-5:{78.9 , 59.8 , 72.7 , 68.2 , 85.4 , 86.2}
2025-12-12 10:39:48,250 MambaPro.train INFO: best_Rank-5:{86.2}
2025-12-12 10:39:48,250 MambaPro.train INFO: history_Rank-10:{84.2 , 67.9 , 79.9 , 78.1 , 90.3 , 90.7}
2025-12-12 10:39:48,250 MambaPro.train INFO: best_Rank-10:{90.7}
2025-12-12 10:39:48,250 MambaPro.train INFO: history_Experts:{[0.36 , 0.34 , 0.30] , [0.38 , 0.34 , 0.28] , [0.43 , 0.33 , 0.24] , [0.65 , 0.21 , 0.14] , [0.82 , 0.10 , 0.08] , [0.87 , 0.07 , 0.06]}
2025-12-12 10:39:48,250 MambaPro.train INFO: best_Experts:{[0.87 , 0.07 , 0.06]}
2025-12-12 10:39:48,250 MambaPro.train INFO: 🔥 MoE损失(Val): 平衡=0.7574, 稀疏性=0.3418, 多样性=0.3936, 总=0.0012 (权重: 平衡=0.001, 稀疏性=0.000, 多样性=0.001)
2025-12-12 10:39:48,250 MambaPro.train INFO:    📊 专家权重分布(Val): [0.87 , 0.07 , 0.06]
2025-12-12 10:40:08,449 MambaPro.train INFO: Epoch 31 done. Time per batch: 0.187[s] Speed: 170.7[samples/s]
2025-12-12 10:40:28,397 MambaPro.train INFO: Epoch 32 done. Time per batch: 0.188[s] Speed: 170.0[samples/s]
2025-12-12 10:40:48,456 MambaPro.train INFO: Epoch 33 done. Time per batch: 0.187[s] Speed: 170.7[samples/s]
2025-12-12 10:41:08,321 MambaPro.train INFO: Epoch 34 done. Time per batch: 0.187[s] Speed: 170.8[samples/s]
2025-12-12 10:41:28,407 MambaPro.train INFO: Epoch 35 done. Time per batch: 0.188[s] Speed: 170.5[samples/s]
2025-12-12 10:41:35,906 MambaPro.train INFO: Validation Results - Epoch: 35
2025-12-12 10:41:35,906 MambaPro.train INFO: Current mAP: 75.2%
2025-12-12 10:41:35,906 MambaPro.train INFO: CMC curve, Rank-1  :77.8%
2025-12-12 10:41:35,906 MambaPro.train INFO: CMC curve, Rank-5  :84.9%
2025-12-12 10:41:35,906 MambaPro.train INFO: CMC curve, Rank-10 :89.1%
2025-12-12 10:41:35,907 MambaPro.train INFO: [Epoch 35] 指标集合列表（历史）
2025-12-12 10:41:35,907 MambaPro.train INFO: history_mAP:{63.5 , 36.5 , 58.6 , 53.8 , 71.9 , 76.0 , 75.2}
2025-12-12 10:41:35,907 MambaPro.train INFO: best_mAP:{76.0}
2025-12-12 10:41:35,907 MambaPro.train INFO: history_Rank-1:{68.4 , 39.5 , 60.3 , 55.6 , 73.6 , 80.7 , 77.8}
2025-12-12 10:41:35,907 MambaPro.train INFO: best_Rank-1:{80.7}
2025-12-12 10:41:35,907 MambaPro.train INFO: history_Rank-5:{78.9 , 59.8 , 72.7 , 68.2 , 85.4 , 86.2 , 84.9}
2025-12-12 10:41:35,907 MambaPro.train INFO: best_Rank-5:{86.2}
2025-12-12 10:41:35,907 MambaPro.train INFO: history_Rank-10:{84.2 , 67.9 , 79.9 , 78.1 , 90.3 , 90.7 , 89.1}
2025-12-12 10:41:35,907 MambaPro.train INFO: best_Rank-10:{90.7}
2025-12-12 10:41:35,907 MambaPro.train INFO: history_Experts:{[0.36 , 0.34 , 0.30] , [0.38 , 0.34 , 0.28] , [0.43 , 0.33 , 0.24] , [0.65 , 0.21 , 0.14] , [0.82 , 0.10 , 0.08] , [0.87 , 0.07 , 0.06] , [0.91 , 0.05 , 0.04]}
2025-12-12 10:41:35,907 MambaPro.train INFO: best_Experts:{[0.87 , 0.07 , 0.06]}
2025-12-12 10:41:35,907 MambaPro.train INFO: 🔥 MoE损失(Val): 平衡=0.8761, 稀疏性=0.2637, 多样性=0.2845, 总=0.0012 (权重: 平衡=0.001, 稀疏性=0.000, 多样性=0.001)
2025-12-12 10:41:35,907 MambaPro.train INFO:    📊 专家权重分布(Val): [0.91 , 0.05 , 0.04]
2025-12-12 10:41:56,059 MambaPro.train INFO: Epoch 36 done. Time per batch: 0.187[s] Speed: 171.1[samples/s]
2025-12-12 10:42:16,093 MambaPro.train INFO: Epoch 37 done. Time per batch: 0.187[s] Speed: 170.9[samples/s]
2025-12-12 10:42:35,973 MambaPro.train INFO: Epoch 38 done. Time per batch: 0.188[s] Speed: 170.6[samples/s]
2025-12-12 10:42:55,960 MambaPro.train INFO: Epoch 39 done. Time per batch: 0.187[s] Speed: 171.3[samples/s]
2025-12-12 10:43:15,770 MambaPro.train INFO: Epoch 40 done. Time per batch: 0.187[s] Speed: 171.2[samples/s]
2025-12-12 10:43:23,718 MambaPro.train INFO: Validation Results - Epoch: 40
2025-12-12 10:43:23,718 MambaPro.train INFO: Current mAP: 75.1%
2025-12-12 10:43:23,718 MambaPro.train INFO: CMC curve, Rank-1  :77.9%
2025-12-12 10:43:23,718 MambaPro.train INFO: CMC curve, Rank-5  :85.9%
2025-12-12 10:43:23,718 MambaPro.train INFO: CMC curve, Rank-10 :89.2%
2025-12-12 10:43:23,718 MambaPro.train INFO: [Epoch 40] 指标集合列表（历史）
2025-12-12 10:43:23,719 MambaPro.train INFO: history_mAP:{63.5 , 36.5 , 58.6 , 53.8 , 71.9 , 76.0 , 75.2 , 75.1}
2025-12-12 10:43:23,719 MambaPro.train INFO: best_mAP:{76.0}
2025-12-12 10:43:23,719 MambaPro.train INFO: history_Rank-1:{68.4 , 39.5 , 60.3 , 55.6 , 73.6 , 80.7 , 77.8 , 77.9}
2025-12-12 10:43:23,719 MambaPro.train INFO: best_Rank-1:{80.7}
2025-12-12 10:43:23,719 MambaPro.train INFO: history_Rank-5:{78.9 , 59.8 , 72.7 , 68.2 , 85.4 , 86.2 , 84.9 , 85.9}
2025-12-12 10:43:23,719 MambaPro.train INFO: best_Rank-5:{86.2}
2025-12-12 10:43:23,719 MambaPro.train INFO: history_Rank-10:{84.2 , 67.9 , 79.9 , 78.1 , 90.3 , 90.7 , 89.1 , 89.2}
2025-12-12 10:43:23,719 MambaPro.train INFO: best_Rank-10:{90.7}
2025-12-12 10:43:23,719 MambaPro.train INFO: history_Experts:{[0.36 , 0.34 , 0.30] , [0.38 , 0.34 , 0.28] , [0.43 , 0.33 , 0.24] , [0.65 , 0.21 , 0.14] , [0.82 , 0.10 , 0.08] , [0.87 , 0.07 , 0.06] , [0.91 , 0.05 , 0.04] , [0.92 , 0.04 , 0.04]}
2025-12-12 10:43:23,719 MambaPro.train INFO: best_Experts:{[0.87 , 0.07 , 0.06]}
2025-12-12 10:43:23,719 MambaPro.train INFO: 🔥 MoE损失(Val): 平衡=0.9429, 稀疏性=0.2204, 多样性=0.2296, 总=0.0012 (权重: 平衡=0.001, 稀疏性=0.000, 多样性=0.001)
2025-12-12 10:43:23,719 MambaPro.train INFO:    📊 专家权重分布(Val): [0.92 , 0.04 , 0.04]
2025-12-12 10:43:43,884 MambaPro.train INFO: Epoch 41 done. Time per batch: 0.187[s] Speed: 170.9[samples/s]
2025-12-12 10:44:04,029 MambaPro.train INFO: Epoch 42 done. Time per batch: 0.188[s] Speed: 170.0[samples/s]
2025-12-12 10:44:24,030 MambaPro.train INFO: Epoch 43 done. Time per batch: 0.187[s] Speed: 171.2[samples/s]
2025-12-12 10:44:44,025 MambaPro.train INFO: Epoch 44 done. Time per batch: 0.187[s] Speed: 171.2[samples/s]
2025-12-12 10:45:04,099 MambaPro.train INFO: Epoch 45 done. Time per batch: 0.188[s] Speed: 170.6[samples/s]
2025-12-12 10:45:11,678 MambaPro.train INFO: Validation Results - Epoch: 45
2025-12-12 10:45:11,678 MambaPro.train INFO: Current mAP: 75.4%
2025-12-12 10:45:11,678 MambaPro.train INFO: CMC curve, Rank-1  :77.8%
2025-12-12 10:45:11,678 MambaPro.train INFO: CMC curve, Rank-5  :86.0%
2025-12-12 10:45:11,678 MambaPro.train INFO: CMC curve, Rank-10 :90.1%
2025-12-12 10:45:11,679 MambaPro.train INFO: [Epoch 45] 指标集合列表（历史）
2025-12-12 10:45:11,679 MambaPro.train INFO: history_mAP:{63.5 , 36.5 , 58.6 , 53.8 , 71.9 , 76.0 , 75.2 , 75.1 , 75.4}
2025-12-12 10:45:11,679 MambaPro.train INFO: best_mAP:{76.0}
2025-12-12 10:45:11,679 MambaPro.train INFO: history_Rank-1:{68.4 , 39.5 , 60.3 , 55.6 , 73.6 , 80.7 , 77.8 , 77.9}
2025-12-12 10:45:11,679 MambaPro.train INFO: best_Rank-1:{80.7}
2025-12-12 10:45:11,679 MambaPro.train INFO: history_Rank-5:{78.9 , 59.8 , 72.7 , 68.2 , 85.4 , 86.2 , 84.9 , 85.9 , 86.0}
2025-12-12 10:45:11,679 MambaPro.train INFO: best_Rank-5:{86.2}
2025-12-12 10:45:11,679 MambaPro.train INFO: history_Rank-10:{84.2 , 67.9 , 79.9 , 78.1 , 90.3 , 90.7 , 89.1 , 89.2 , 90.1}
2025-12-12 10:45:11,679 MambaPro.train INFO: best_Rank-10:{90.7}
2025-12-12 10:45:11,679 MambaPro.train INFO: history_Experts:{[0.36 , 0.34 , 0.30] , [0.38 , 0.34 , 0.28] , [0.43 , 0.33 , 0.24] , [0.65 , 0.21 , 0.14] , [0.82 , 0.10 , 0.08] , [0.87 , 0.07 , 0.06] , [0.91 , 0.05 , 0.04] , [0.92 , 0.04 , 0.04] , [0.93 , 0.04 , 0.03]}
2025-12-12 10:45:11,679 MambaPro.train INFO: best_Experts:{[0.87 , 0.07 , 0.06]}
2025-12-12 10:45:11,679 MambaPro.train INFO: 🔥 MoE损失(Val): 平衡=0.9872, 稀疏性=0.1918, 多样性=0.1955, 总=0.0012 (权重: 平衡=0.001, 稀疏性=0.000, 多样性=0.001)
2025-12-12 10:45:11,679 MambaPro.train INFO:    📊 专家权重分布(Val): [0.93 , 0.04 , 0.03]
2025-12-12 10:45:31,939 MambaPro.train INFO: Epoch 46 done. Time per batch: 0.188[s] Speed: 170.1[samples/s]
2025-12-12 10:45:51,998 MambaPro.train INFO: Epoch 47 done. Time per batch: 0.187[s] Speed: 170.7[samples/s]
2025-12-12 10:46:11,833 MambaPro.train INFO: Epoch 48 done. Time per batch: 0.187[s] Speed: 171.0[samples/s]
2025-12-12 10:46:31,900 MambaPro.train INFO: Epoch 49 done. Time per batch: 0.188[s] Speed: 170.6[samples/s]
2025-12-12 10:46:51,998 MambaPro.train INFO: Epoch 50 done. Time per batch: 0.188[s] Speed: 170.4[samples/s]
2025-12-12 10:46:59,942 MambaPro.train INFO: Validation Results - Epoch: 50
2025-12-12 10:46:59,942 MambaPro.train INFO: Current mAP: 75.1%
2025-12-12 10:46:59,942 MambaPro.train INFO: CMC curve, Rank-1  :77.6%
2025-12-12 10:46:59,942 MambaPro.train INFO: CMC curve, Rank-5  :86.1%
2025-12-12 10:46:59,942 MambaPro.train INFO: CMC curve, Rank-10 :90.9%
2025-12-12 10:46:59,943 MambaPro.train INFO: [Epoch 50] 指标集合列表（历史）
2025-12-12 10:46:59,943 MambaPro.train INFO: history_mAP:{63.5 , 36.5 , 58.6 , 53.8 , 71.9 , 76.0 , 75.2 , 75.1 , 75.4 , 75.1}
2025-12-12 10:46:59,943 MambaPro.train INFO: best_mAP:{76.0}
2025-12-12 10:46:59,943 MambaPro.train INFO: history_Rank-1:{68.4 , 39.5 , 60.3 , 55.6 , 73.6 , 80.7 , 77.8 , 77.9 , 77.6}
2025-12-12 10:46:59,943 MambaPro.train INFO: best_Rank-1:{80.7}
2025-12-12 10:46:59,943 MambaPro.train INFO: history_Rank-5:{78.9 , 59.8 , 72.7 , 68.2 , 85.4 , 86.2 , 84.9 , 85.9 , 86.0 , 86.1}
2025-12-12 10:46:59,943 MambaPro.train INFO: best_Rank-5:{86.2}
2025-12-12 10:46:59,943 MambaPro.train INFO: history_Rank-10:{84.2 , 67.9 , 79.9 , 78.1 , 90.3 , 90.7 , 89.1 , 89.2 , 90.1 , 90.9}
2025-12-12 10:46:59,943 MambaPro.train INFO: best_Rank-10:{90.7}
2025-12-12 10:46:59,943 MambaPro.train INFO: history_Experts:{[0.36 , 0.34 , 0.30] , [0.38 , 0.34 , 0.28] , [0.43 , 0.33 , 0.24] , [0.65 , 0.21 , 0.14] , [0.82 , 0.10 , 0.08] , [0.87 , 0.07 , 0.06] , [0.91 , 0.05 , 0.04] , [0.92 , 0.04 , 0.04] , [0.93 , 0.04 , 0.03] , [0.94 , 0.03 , 0.03]}
2025-12-12 10:46:59,943 MambaPro.train INFO: best_Experts:{[0.87 , 0.07 , 0.06]}
2025-12-12 10:46:59,943 MambaPro.train INFO: 🔥 MoE损失(Val): 平衡=1.0177, 稀疏性=0.1722, 多样性=0.1729, 总=0.0012 (权重: 平衡=0.001, 稀疏性=0.000, 多样性=0.001)
2025-12-12 10:46:59,943 MambaPro.train INFO:    📊 专家权重分布(Val): [0.94 , 0.03 , 0.03]
2025-12-12 10:47:19,938 MambaPro.train INFO: Epoch 51 done. Time per batch: 0.187[s] Speed: 170.8[samples/s]
2025-12-12 10:47:39,930 MambaPro.train INFO: Epoch 52 done. Time per batch: 0.189[s] Speed: 169.7[samples/s]
2025-12-12 10:48:00,034 MambaPro.train INFO: Epoch 53 done. Time per batch: 0.188[s] Speed: 170.3[samples/s]
2025-12-12 10:48:20,118 MambaPro.train INFO: Epoch 54 done. Time per batch: 0.188[s] Speed: 170.5[samples/s]
2025-12-12 10:48:40,216 MambaPro.train INFO: Epoch 55 done. Time per batch: 0.188[s] Speed: 170.4[samples/s]
2025-12-12 10:48:47,707 MambaPro.train INFO: Validation Results - Epoch: 55
2025-12-12 10:48:47,707 MambaPro.train INFO: Current mAP: 75.9%
2025-12-12 10:48:47,707 MambaPro.train INFO: CMC curve, Rank-1  :79.3%
2025-12-12 10:48:47,707 MambaPro.train INFO: CMC curve, Rank-5  :87.3%
2025-12-12 10:48:47,708 MambaPro.train INFO: CMC curve, Rank-10 :90.6%
2025-12-12 10:48:47,708 MambaPro.train INFO: [Epoch 55] 指标集合列表（历史）
2025-12-12 10:48:47,708 MambaPro.train INFO: history_mAP:{63.5 , 36.5 , 58.6 , 53.8 , 71.9 , 76.0 , 75.2 , 75.1 , 75.4 , 75.1 , 75.9}
2025-12-12 10:48:47,708 MambaPro.train INFO: best_mAP:{76.0}
2025-12-12 10:48:47,708 MambaPro.train INFO: history_Rank-1:{68.4 , 39.5 , 60.3 , 55.6 , 73.6 , 80.7 , 77.8 , 77.9 , 77.6 , 79.3}
2025-12-12 10:48:47,708 MambaPro.train INFO: best_Rank-1:{80.7}
2025-12-12 10:48:47,708 MambaPro.train INFO: history_Rank-5:{78.9 , 59.8 , 72.7 , 68.2 , 85.4 , 86.2 , 84.9 , 85.9 , 86.0 , 86.1 , 87.3}
2025-12-12 10:48:47,708 MambaPro.train INFO: best_Rank-5:{86.2}
2025-12-12 10:48:47,708 MambaPro.train INFO: history_Rank-10:{84.2 , 67.9 , 79.9 , 78.1 , 90.3 , 90.7 , 89.1 , 89.2 , 90.1 , 90.9 , 90.6}
2025-12-12 10:48:47,708 MambaPro.train INFO: best_Rank-10:{90.7}
2025-12-12 10:48:47,708 MambaPro.train INFO: history_Experts:{[0.36 , 0.34 , 0.30] , [0.38 , 0.34 , 0.28] , [0.43 , 0.33 , 0.24] , [0.65 , 0.21 , 0.14] , [0.82 , 0.10 , 0.08] , [0.87 , 0.07 , 0.06] , [0.91 , 0.05 , 0.04] , [0.92 , 0.04 , 0.04] , [0.93 , 0.04 , 0.03] , [0.94 , 0.03 , 0.03] , [0.95 , 0.03 , 0.03]}
2025-12-12 10:48:47,708 MambaPro.train INFO: best_Experts:{[0.87 , 0.07 , 0.06]}
2025-12-12 10:48:47,708 MambaPro.train INFO: 🔥 MoE损失(Val): 平衡=1.0415, 稀疏性=0.1570, 多样性=0.1558, 总=0.0012 (权重: 平衡=0.001, 稀疏性=0.000, 多样性=0.001)
2025-12-12 10:48:47,708 MambaPro.train INFO:    📊 专家权重分布(Val): [0.95 , 0.03 , 0.03]
2025-12-12 10:49:07,802 MambaPro.train INFO: Epoch 56 done. Time per batch: 0.188[s] Speed: 170.0[samples/s]
2025-12-12 10:49:27,818 MambaPro.train INFO: Epoch 57 done. Time per batch: 0.187[s] Speed: 171.1[samples/s]
2025-12-12 10:49:47,925 MambaPro.train INFO: Epoch 58 done. Time per batch: 0.188[s] Speed: 170.3[samples/s]
2025-12-12 10:50:07,851 MambaPro.train INFO: Epoch 59 done. Time per batch: 0.188[s] Speed: 170.2[samples/s]
2025-12-12 10:50:27,934 MambaPro.train INFO: Epoch 60 done. Time per batch: 0.188[s] Speed: 170.5[samples/s]
2025-12-12 10:50:35,980 MambaPro.train INFO: Validation Results - Epoch: 60
2025-12-12 10:50:35,980 MambaPro.train INFO: Current mAP: 75.6%
2025-12-12 10:50:35,980 MambaPro.train INFO: CMC curve, Rank-1  :78.8%
2025-12-12 10:50:35,980 MambaPro.train INFO: CMC curve, Rank-5  :87.3%
2025-12-12 10:50:35,980 MambaPro.train INFO: CMC curve, Rank-10 :90.4%
2025-12-12 10:50:35,981 MambaPro.train INFO: [Epoch 60] 指标集合列表（历史）
2025-12-12 10:50:35,981 MambaPro.train INFO: history_mAP:{63.5 , 36.5 , 58.6 , 53.8 , 71.9 , 76.0 , 75.2 , 75.1 , 75.4 , 75.1 , 75.9 , 75.6}
2025-12-12 10:50:35,981 MambaPro.train INFO: best_mAP:{76.0}
2025-12-12 10:50:35,982 MambaPro.train INFO: history_Rank-1:{68.4 , 39.5 , 60.3 , 55.6 , 73.6 , 80.7 , 77.8 , 77.9 , 77.6 , 79.3 , 78.8}
2025-12-12 10:50:35,982 MambaPro.train INFO: best_Rank-1:{80.7}
2025-12-12 10:50:35,982 MambaPro.train INFO: history_Rank-5:{78.9 , 59.8 , 72.7 , 68.2 , 85.4 , 86.2 , 84.9 , 85.9 , 86.0 , 86.1 , 87.3}
2025-12-12 10:50:35,982 MambaPro.train INFO: best_Rank-5:{86.2}
2025-12-12 10:50:35,982 MambaPro.train INFO: history_Rank-10:{84.2 , 67.9 , 79.9 , 78.1 , 90.3 , 90.7 , 89.1 , 89.2 , 90.1 , 90.9 , 90.6 , 90.4}
2025-12-12 10:50:35,982 MambaPro.train INFO: best_Rank-10:{90.7}
2025-12-12 10:50:35,982 MambaPro.train INFO: history_Experts:{[0.36 , 0.34 , 0.30] , [0.38 , 0.34 , 0.28] , [0.43 , 0.33 , 0.24] , [0.65 , 0.21 , 0.14] , [0.82 , 0.10 , 0.08] , [0.87 , 0.07 , 0.06] , [0.91 , 0.05 , 0.04] , [0.92 , 0.04 , 0.04] , [0.93 , 0.04 , 0.03] , [0.94 , 0.03 , 0.03] , [0.95 , 0.03 , 0.03] , [0.95 , 0.03 , 0.02]}
2025-12-12 10:50:35,982 MambaPro.train INFO: best_Experts:{[0.87 , 0.07 , 0.06]}
2025-12-12 10:50:35,982 MambaPro.train INFO: 🔥 MoE损失(Val): 平衡=1.0589, 稀疏性=0.1458, 多样性=0.1436, 总=0.0012 (权重: 平衡=0.001, 稀疏性=0.000, 多样性=0.001)
2025-12-12 10:50:35,982 MambaPro.train INFO:    📊 专家权重分布(Val): [0.95 , 0.03 , 0.02]
2025-12-12 10:50:36,116 MambaPro.train INFO: ============================================================
