2025-12-12 01:35:17,164 MambaPro INFO: ================================================================================
2025-12-12 01:35:17,164 MambaPro INFO: 🧾 实验参数快照（命令行 + 最终配置）
2025-12-12 01:35:17,164 MambaPro INFO: ================================================================================
2025-12-12 01:35:17,164 MambaPro INFO: 【复现实验命令】
2025-12-12 01:35:17,164 MambaPro INFO: /home/zubuntu/miniconda/envs/MambaPro/bin/python train_net.py --config_file mybest_model/experiment_20251013_110028/configs/experiment_config.yml OUTPUT_DIR ./outputs/replay_best_tml
2025-12-12 01:35:17,164 MambaPro INFO: 【命令行参数（args）】
2025-12-12 01:35:17,164 MambaPro INFO: {
2025-12-12 01:35:17,164 MambaPro INFO:   "config_file": "mybest_model/experiment_20251013_110028/configs/experiment_config.yml",
2025-12-12 01:35:17,164 MambaPro INFO:   "fea_cft": 0,
2025-12-12 01:35:17,164 MambaPro INFO:   "opts": [
2025-12-12 01:35:17,164 MambaPro INFO:     "OUTPUT_DIR",
2025-12-12 01:35:17,164 MambaPro INFO:     "./outputs/replay_best_tml"
2025-12-12 01:35:17,164 MambaPro INFO:   ],
2025-12-12 01:35:17,164 MambaPro INFO:   "local_rank": 0,
2025-12-12 01:35:17,164 MambaPro INFO:   "use_multi_scale": false,
2025-12-12 01:35:17,164 MambaPro INFO:   "no_multi_scale": false,
2025-12-12 01:35:17,164 MambaPro INFO:   "use_moe": false,
2025-12-12 01:35:17,164 MambaPro INFO:   "disable_moe": false,
2025-12-12 01:35:17,164 MambaPro INFO:   "no_moe": false,
2025-12-12 01:35:17,164 MambaPro INFO:   "use_attention": false,
2025-12-12 01:35:17,164 MambaPro INFO:   "disable_attention": false,
2025-12-12 01:35:17,164 MambaPro INFO:   "attention_heads": 8,
2025-12-12 01:35:17,164 MambaPro INFO:   "attention_dropout": 0.1
2025-12-12 01:35:17,164 MambaPro INFO: }
2025-12-12 01:35:17,164 MambaPro INFO: 【工作目录】/home/zubuntu/workspace/yzy/MambaPro
2025-12-12 01:35:17,164 MambaPro INFO: 【最终配置（YAML）】
2025-12-12 01:35:17,167 MambaPro INFO: DATALOADER:
2025-12-12 01:35:17,167 MambaPro INFO:   NUM_INSTANCE: 8
2025-12-12 01:35:17,167 MambaPro INFO:   NUM_WORKERS: 8
2025-12-12 01:35:17,167 MambaPro INFO:   SAMPLER: softmax_triplet
2025-12-12 01:35:17,167 MambaPro INFO: DATASETS:
2025-12-12 01:35:17,167 MambaPro INFO:   NAMES: RGBNT201
2025-12-12 01:35:17,167 MambaPro INFO:   ROOT_DIR: /home/zubuntu/workspace/yzy/MambaPro/data/
2025-12-12 01:35:17,167 MambaPro INFO: INPUT:
2025-12-12 01:35:17,167 MambaPro INFO:   PADDING: 10
2025-12-12 01:35:17,167 MambaPro INFO:   PIXEL_MEAN:
2025-12-12 01:35:17,167 MambaPro INFO:   - 0.5
2025-12-12 01:35:17,167 MambaPro INFO:   - 0.5
2025-12-12 01:35:17,167 MambaPro INFO:   - 0.5
2025-12-12 01:35:17,167 MambaPro INFO:   PIXEL_STD:
2025-12-12 01:35:17,167 MambaPro INFO:   - 0.5
2025-12-12 01:35:17,167 MambaPro INFO:   - 0.5
2025-12-12 01:35:17,167 MambaPro INFO:   - 0.5
2025-12-12 01:35:17,167 MambaPro INFO:   PROB: 0.5
2025-12-12 01:35:17,167 MambaPro INFO:   RE_PROB: 0.5
2025-12-12 01:35:17,167 MambaPro INFO:   SIZE_TEST:
2025-12-12 01:35:17,167 MambaPro INFO:   - 256
2025-12-12 01:35:17,167 MambaPro INFO:   - 128
2025-12-12 01:35:17,167 MambaPro INFO:   SIZE_TRAIN:
2025-12-12 01:35:17,167 MambaPro INFO:   - 256
2025-12-12 01:35:17,167 MambaPro INFO:   - 128
2025-12-12 01:35:17,167 MambaPro INFO: MODEL:
2025-12-12 01:35:17,167 MambaPro INFO:   ADAPTER: true
2025-12-12 01:35:17,167 MambaPro INFO:   ATTENTION_DIM: 512
2025-12-12 01:35:17,167 MambaPro INFO:   ATTENTION_DROPOUT: 0.1
2025-12-12 01:35:17,167 MambaPro INFO:   ATTENTION_NUM_HEADS: 8
2025-12-12 01:35:17,167 MambaPro INFO:   ATT_DROP_RATE: 0.0
2025-12-12 01:35:17,167 MambaPro INFO:   CLIP_MULTI_SCALE_SCALES:
2025-12-12 01:35:17,167 MambaPro INFO:   - 4
2025-12-12 01:35:17,167 MambaPro INFO:   - 8
2025-12-12 01:35:17,167 MambaPro INFO:   - 16
2025-12-12 01:35:17,167 MambaPro INFO:   DEVICE: cuda
2025-12-12 01:35:17,167 MambaPro INFO:   DEVICE_ID: '0'
2025-12-12 01:35:17,167 MambaPro INFO:   DIRECT: 1
2025-12-12 01:35:17,167 MambaPro INFO:   DIST_TRAIN: false
2025-12-12 01:35:17,167 MambaPro INFO:   DROP_OUT: 0.0
2025-12-12 01:35:17,167 MambaPro INFO:   DROP_PATH: 0.1
2025-12-12 01:35:17,167 MambaPro INFO:   FLOPS_TEST: false
2025-12-12 01:35:17,167 MambaPro INFO:   FROZEN: true
2025-12-12 01:35:17,167 MambaPro INFO:   GATE_DROPOUT: 0.1
2025-12-12 01:35:17,167 MambaPro INFO:   ID_LOSS_TYPE: softmax
2025-12-12 01:35:17,167 MambaPro INFO:   ID_LOSS_WEIGHT: 0.25
2025-12-12 01:35:17,167 MambaPro INFO:   IF_LABELSMOOTH: 'on'
2025-12-12 01:35:17,167 MambaPro INFO:   IF_WITH_CENTER: 'no'
2025-12-12 01:35:17,167 MambaPro INFO:   LAYER: -1
2025-12-12 01:35:17,167 MambaPro INFO:   MAMBA: true
2025-12-12 01:35:17,167 MambaPro INFO:   MAMBA_BI: false
2025-12-12 01:35:17,167 MambaPro INFO:   METRIC_LOSS_TYPE: triplet
2025-12-12 01:35:17,167 MambaPro INFO:   MOE_BALANCE_LOSS_WEIGHT: 0.01
2025-12-12 01:35:17,167 MambaPro INFO:   MOE_DIVERSITY_LOSS_WEIGHT: 0.01
2025-12-12 01:35:17,167 MambaPro INFO:   MOE_EXPERT_DROPOUT: 0.1
2025-12-12 01:35:17,167 MambaPro INFO:   MOE_EXPERT_HIDDEN_DIM: 1024
2025-12-12 01:35:17,167 MambaPro INFO:   MOE_EXPERT_LAYERS: 2
2025-12-12 01:35:17,167 MambaPro INFO:   MOE_EXPERT_THRESHOLD: 0.1
2025-12-12 01:35:17,167 MambaPro INFO:   MOE_FIXED_WEIGHTS:
2025-12-12 01:35:17,167 MambaPro INFO:   - 0.33
2025-12-12 01:35:17,167 MambaPro INFO:   - 0.33
2025-12-12 01:35:17,167 MambaPro INFO:   - 0.34
2025-12-12 01:35:17,167 MambaPro INFO:   MOE_GATE_DROPOUT: 0.1
2025-12-12 01:35:17,167 MambaPro INFO:   MOE_GATE_LAYERS: 2
2025-12-12 01:35:17,167 MambaPro INFO:   MOE_INIT_WEIGHTS: null
2025-12-12 01:35:17,167 MambaPro INFO:   MOE_NUM_EXPERTS: 3
2025-12-12 01:35:17,167 MambaPro INFO:   MOE_RESIDUAL_WEIGHT: 1.0
2025-12-12 01:35:17,167 MambaPro INFO:   MOE_SCALES:
2025-12-12 01:35:17,167 MambaPro INFO:   - 4
2025-12-12 01:35:17,167 MambaPro INFO:   - 8
2025-12-12 01:35:17,167 MambaPro INFO:   - 16
2025-12-12 01:35:17,167 MambaPro INFO:   MOE_SPARSITY_LOSS_WEIGHT: 0.001
2025-12-12 01:35:17,167 MambaPro INFO:   MOE_TEMPERATURE: 0.7
2025-12-12 01:35:17,167 MambaPro INFO:   MOE_TOP_K: 2
2025-12-12 01:35:17,167 MambaPro INFO:   MOE_TOP_K_MODE: soft
2025-12-12 01:35:17,167 MambaPro INFO:   MOE_USE_FIXED_WEIGHTS: false
2025-12-12 01:35:17,167 MambaPro INFO:   MOE_USE_TOP_K_ROUTING: false
2025-12-12 01:35:17,167 MambaPro INFO:   MULTI_SCALE_SCALES:
2025-12-12 01:35:17,167 MambaPro INFO:   - 4
2025-12-12 01:35:17,167 MambaPro INFO:   - 8
2025-12-12 01:35:17,168 MambaPro INFO:   - 16
2025-12-12 01:35:17,168 MambaPro INFO:   NAME: MambaPro
2025-12-12 01:35:17,168 MambaPro INFO:   NECK: bnneck
2025-12-12 01:35:17,168 MambaPro INFO:   NO_MARGIN: true
2025-12-12 01:35:17,168 MambaPro INFO:   PREFIX_NUM: 1
2025-12-12 01:35:17,168 MambaPro INFO:   PRETRAIN_PATH_T: /home/zubuntu/workspace/yzy/MambaPro/pths/ViT-B-16.pt
2025-12-12 01:35:17,168 MambaPro INFO:   PROMPT: true
2025-12-12 01:35:17,168 MambaPro INFO:   SIE_CAMERA: true
2025-12-12 01:35:17,168 MambaPro INFO:   SIE_COE: 1.0
2025-12-12 01:35:17,168 MambaPro INFO:   SIE_VIEW: false
2025-12-12 01:35:17,168 MambaPro INFO:   STRIDE_SIZE:
2025-12-12 01:35:17,168 MambaPro INFO:   - 16
2025-12-12 01:35:17,168 MambaPro INFO:   - 16
2025-12-12 01:35:17,168 MambaPro INFO:   TRANSFORMER_TYPE: ViT-B-16
2025-12-12 01:35:17,168 MambaPro INFO:   TRIPLET_LOSS_WEIGHT: 1.0
2025-12-12 01:35:17,168 MambaPro INFO:   USE_ATTENTION_FUSION: false
2025-12-12 01:35:17,168 MambaPro INFO:   USE_CLIP_MULTI_SCALE: true
2025-12-12 01:35:17,168 MambaPro INFO:   USE_GATE_FUSION: false
2025-12-12 01:35:17,168 MambaPro INFO:   USE_MULTI_SCALE: false
2025-12-12 01:35:17,168 MambaPro INFO:   USE_MULTI_SCALE_MOE: true
2025-12-12 01:35:17,168 MambaPro INFO: OUTPUT_DIR: ./outputs/replay_best_tml/run_20251212_013517
2025-12-12 01:35:17,168 MambaPro INFO: SOLVER:
2025-12-12 01:35:17,168 MambaPro INFO:   BASE_LR: 0.0005
2025-12-12 01:35:17,168 MambaPro INFO:   BIAS_LR_FACTOR: 2
2025-12-12 01:35:17,168 MambaPro INFO:   CENTER_LOSS_WEIGHT: 0.0005
2025-12-12 01:35:17,168 MambaPro INFO:   CENTER_LR: 0.5
2025-12-12 01:35:17,168 MambaPro INFO:   CHECKPOINT_PERIOD: 10
2025-12-12 01:35:17,168 MambaPro INFO:   CLUSTER_MARGIN: 0.3
2025-12-12 01:35:17,168 MambaPro INFO:   COSINE_MARGIN: 0.5
2025-12-12 01:35:17,168 MambaPro INFO:   COSINE_SCALE: 30
2025-12-12 01:35:17,168 MambaPro INFO:   EVAL_PERIOD: 5
2025-12-12 01:35:17,168 MambaPro INFO:   GAMMA: 0.1
2025-12-12 01:35:17,168 MambaPro INFO:   IMS_PER_BATCH: 32
2025-12-12 01:35:17,168 MambaPro INFO:   LARGE_FC_LR: false
2025-12-12 01:35:17,168 MambaPro INFO:   LOG_PERIOD: 10
2025-12-12 01:35:17,168 MambaPro INFO:   MARGIN: 0.3
2025-12-12 01:35:17,168 MambaPro INFO:   MAX_EPOCHS: 60
2025-12-12 01:35:17,168 MambaPro INFO:   MOE_BALANCE_LOSS_WEIGHT: 0.001
2025-12-12 01:35:17,168 MambaPro INFO:   MOE_BALANCE_LOSS_WEIGHT_END: 0.1
2025-12-12 01:35:17,168 MambaPro INFO:   MOE_BALANCE_LOSS_WEIGHT_START: 0.001
2025-12-12 01:35:17,168 MambaPro INFO:   MOE_BALANCE_THRESHOLD: 0.3
2025-12-12 01:35:17,168 MambaPro INFO:   MOE_DIVERSITY_LOSS_WEIGHT: 0.001
2025-12-12 01:35:17,168 MambaPro INFO:   MOE_DIVERSITY_LOSS_WEIGHT_END: 0.1
2025-12-12 01:35:17,168 MambaPro INFO:   MOE_DIVERSITY_LOSS_WEIGHT_START: 0.001
2025-12-12 01:35:17,168 MambaPro INFO:   MOE_GATE_LR_FACTOR: 0.01
2025-12-12 01:35:17,168 MambaPro INFO:   MOE_LOSS_WEIGHT_SCHEDULE_TYPE: cosine
2025-12-12 01:35:17,168 MambaPro INFO:   MOE_LOSS_WEIGHT_WARMUP_EPOCHS: 5
2025-12-12 01:35:17,168 MambaPro INFO:   MOE_SPARSITY_LOSS_WEIGHT: 0.0001
2025-12-12 01:35:17,168 MambaPro INFO:   MOE_USE_DYNAMIC_LOSS_WEIGHT: false
2025-12-12 01:35:17,168 MambaPro INFO:   MOMENTUM: 0.9
2025-12-12 01:35:17,168 MambaPro INFO:   OPTIMIZER_NAME: Adam
2025-12-12 01:35:17,168 MambaPro INFO:   RANGE_ALPHA: 0
2025-12-12 01:35:17,168 MambaPro INFO:   RANGE_BETA: 1
2025-12-12 01:35:17,168 MambaPro INFO:   RANGE_K: 2
2025-12-12 01:35:17,168 MambaPro INFO:   RANGE_LOSS_WEIGHT: 1
2025-12-12 01:35:17,168 MambaPro INFO:   RANGE_MARGIN: 0.3
2025-12-12 01:35:17,168 MambaPro INFO:   SEED: 42
2025-12-12 01:35:17,168 MambaPro INFO:   STEPS:
2025-12-12 01:35:17,168 MambaPro INFO:   - 30
2025-12-12 01:35:17,168 MambaPro INFO:   - 50
2025-12-12 01:35:17,168 MambaPro INFO:   WARMUP_FACTOR: 0.01
2025-12-12 01:35:17,168 MambaPro INFO:   WARMUP_ITERS: 20
2025-12-12 01:35:17,168 MambaPro INFO:   WARMUP_METHOD: linear
2025-12-12 01:35:17,168 MambaPro INFO:   WEIGHT_DECAY: 0.0005
2025-12-12 01:35:17,168 MambaPro INFO:   WEIGHT_DECAY_BIAS: 0.0005
2025-12-12 01:35:17,168 MambaPro INFO: TEST:
2025-12-12 01:35:17,168 MambaPro INFO:   FEAT: 0
2025-12-12 01:35:17,168 MambaPro INFO:   FEAT_NORM: 'yes'
2025-12-12 01:35:17,168 MambaPro INFO:   IMS_PER_BATCH: 64
2025-12-12 01:35:17,168 MambaPro INFO:   MISS: nothing
2025-12-12 01:35:17,168 MambaPro INFO:   NECK_FEAT: after
2025-12-12 01:35:17,168 MambaPro INFO:   RE_RANKING: 'no'
2025-12-12 01:35:17,168 MambaPro INFO:   WEIGHT: /home/zubuntu/workspace/yzy/MambaPro/pths/MambaProbest.pth
2025-12-12 01:35:17,168 MambaPro INFO: ================================================================================
2025-12-12 01:35:19,308 MambaPro.train INFO: start training
2025-12-12 01:35:39,506 MambaPro.train INFO: Epoch 1 done. Time per batch: 0.189[s] Speed: 169.7[samples/s]
2025-12-12 01:35:59,287 MambaPro.train INFO: Epoch 2 done. Time per batch: 0.185[s] Speed: 173.1[samples/s]
2025-12-12 01:36:19,192 MambaPro.train INFO: Epoch 3 done. Time per batch: 0.186[s] Speed: 172.0[samples/s]
2025-12-12 01:36:39,009 MambaPro.train INFO: Epoch 4 done. Time per batch: 0.185[s] Speed: 172.8[samples/s]
2025-12-12 01:36:58,868 MambaPro.train INFO: Epoch 5 done. Time per batch: 0.186[s] Speed: 172.4[samples/s]
2025-12-12 01:37:06,377 MambaPro.train INFO: Validation Results - Epoch: 5
2025-12-12 01:37:06,377 MambaPro.train INFO: Current mAP: 60.0%
2025-12-12 01:37:06,377 MambaPro.train INFO: CMC curve, Rank-1  :64.5%
2025-12-12 01:37:06,377 MambaPro.train INFO: CMC curve, Rank-5  :77.5%
2025-12-12 01:37:06,377 MambaPro.train INFO: CMC curve, Rank-10 :83.3%
2025-12-12 01:37:06,378 MambaPro.train INFO: 🎯 New Best! Saving model...
2025-12-12 01:37:06,770 MambaPro.train INFO: [Epoch 5] 指标集合列表（历史）
2025-12-12 01:37:06,771 MambaPro.train INFO: history_mAP:{60.0}
2025-12-12 01:37:06,771 MambaPro.train INFO: best_mAP:{60.0}
2025-12-12 01:37:06,771 MambaPro.train INFO: history_Rank-1:{64.5}
2025-12-12 01:37:06,771 MambaPro.train INFO: best_Rank-1:{64.5}
2025-12-12 01:37:06,771 MambaPro.train INFO: history_Rank-5:{77.5}
2025-12-12 01:37:06,771 MambaPro.train INFO: best_Rank-5:{77.5}
2025-12-12 01:37:06,771 MambaPro.train INFO: history_Rank-10:{83.3}
2025-12-12 01:37:06,771 MambaPro.train INFO: best_Rank-10:{83.3}
2025-12-12 01:37:06,771 MambaPro.train INFO: history_Experts:{[0.35 , 0.34 , 0.31]}
2025-12-12 01:37:06,771 MambaPro.train INFO: best_Experts:{[0.35 , 0.34 , 0.31]}
2025-12-12 01:37:06,771 MambaPro.train INFO: 🔥 MoE损失(Val): 平衡=0.0000, 稀疏性=0.9983, 多样性=2.6528, 总=0.0028 (权重: 平衡=0.001, 稀疏性=0.000, 多样性=0.001)
2025-12-12 01:37:06,771 MambaPro.train INFO:    📊 专家权重分布(Val): [0.35 , 0.34 , 0.31]
2025-12-12 01:37:26,796 MambaPro.train INFO: Epoch 6 done. Time per batch: 0.186[s] Speed: 172.1[samples/s]
2025-12-12 01:37:46,688 MambaPro.train INFO: Epoch 7 done. Time per batch: 0.186[s] Speed: 172.1[samples/s]
2025-12-12 01:38:06,574 MambaPro.train INFO: Epoch 8 done. Time per batch: 0.186[s] Speed: 172.2[samples/s]
2025-12-12 01:38:26,445 MambaPro.train INFO: Epoch 9 done. Time per batch: 0.186[s] Speed: 172.3[samples/s]
2025-12-12 01:38:46,321 MambaPro.train INFO: Epoch 10 done. Time per batch: 0.186[s] Speed: 172.3[samples/s]
2025-12-12 01:38:54,297 MambaPro.train INFO: Validation Results - Epoch: 10
2025-12-12 01:38:54,298 MambaPro.train INFO: Current mAP: 51.8%
2025-12-12 01:38:54,298 MambaPro.train INFO: CMC curve, Rank-1  :57.9%
2025-12-12 01:38:54,298 MambaPro.train INFO: CMC curve, Rank-5  :70.8%
2025-12-12 01:38:54,298 MambaPro.train INFO: CMC curve, Rank-10 :77.4%
2025-12-12 01:38:54,299 MambaPro.train INFO: [Epoch 10] 指标集合列表（历史）
2025-12-12 01:38:54,299 MambaPro.train INFO: history_mAP:{60.0 , 51.8}
2025-12-12 01:38:54,299 MambaPro.train INFO: best_mAP:{60.0}
2025-12-12 01:38:54,299 MambaPro.train INFO: history_Rank-1:{64.5 , 57.9}
2025-12-12 01:38:54,299 MambaPro.train INFO: best_Rank-1:{64.5}
2025-12-12 01:38:54,299 MambaPro.train INFO: history_Rank-5:{77.5 , 70.8}
2025-12-12 01:38:54,299 MambaPro.train INFO: best_Rank-5:{77.5}
2025-12-12 01:38:54,299 MambaPro.train INFO: history_Rank-10:{83.3 , 77.4}
2025-12-12 01:38:54,299 MambaPro.train INFO: best_Rank-10:{83.3}
2025-12-12 01:38:54,299 MambaPro.train INFO: history_Experts:{[0.35 , 0.34 , 0.31] , [0.37 , 0.34 , 0.29]}
2025-12-12 01:38:54,299 MambaPro.train INFO: best_Experts:{[0.35 , 0.34 , 0.31]}
2025-12-12 01:38:54,299 MambaPro.train INFO: 🔥 MoE损失(Val): 平衡=0.0000, 稀疏性=0.9952, 多样性=2.6288, 总=0.0027 (权重: 平衡=0.001, 稀疏性=0.000, 多样性=0.001)
2025-12-12 01:38:54,299 MambaPro.train INFO:    📊 专家权重分布(Val): [0.37 , 0.34 , 0.29]
2025-12-12 01:39:14,167 MambaPro.train INFO: Epoch 11 done. Time per batch: 0.186[s] Speed: 171.9[samples/s]
2025-12-12 01:39:34,174 MambaPro.train INFO: Epoch 12 done. Time per batch: 0.187[s] Speed: 171.1[samples/s]
2025-12-12 01:39:54,113 MambaPro.train INFO: Epoch 13 done. Time per batch: 0.186[s] Speed: 171.7[samples/s]
2025-12-12 01:40:14,022 MambaPro.train INFO: Epoch 14 done. Time per batch: 0.186[s] Speed: 172.0[samples/s]
2025-12-12 01:40:33,993 MambaPro.train INFO: Epoch 15 done. Time per batch: 0.187[s] Speed: 171.5[samples/s]
2025-12-12 01:40:41,478 MambaPro.train INFO: Validation Results - Epoch: 15
2025-12-12 01:40:41,478 MambaPro.train INFO: Current mAP: 64.0%
2025-12-12 01:40:41,478 MambaPro.train INFO: CMC curve, Rank-1  :67.9%
2025-12-12 01:40:41,478 MambaPro.train INFO: CMC curve, Rank-5  :79.5%
2025-12-12 01:40:41,478 MambaPro.train INFO: CMC curve, Rank-10 :84.9%
2025-12-12 01:40:41,479 MambaPro.train INFO: 🎯 New Best! Saving model...
2025-12-12 01:40:42,088 MambaPro.train INFO: [Epoch 15] 指标集合列表（历史）
2025-12-12 01:40:42,088 MambaPro.train INFO: history_mAP:{60.0 , 51.8 , 64.0}
2025-12-12 01:40:42,088 MambaPro.train INFO: best_mAP:{64.0}
2025-12-12 01:40:42,088 MambaPro.train INFO: history_Rank-1:{64.5 , 57.9 , 67.9}
2025-12-12 01:40:42,088 MambaPro.train INFO: best_Rank-1:{67.9}
2025-12-12 01:40:42,089 MambaPro.train INFO: history_Rank-5:{77.5 , 70.8 , 79.5}
2025-12-12 01:40:42,089 MambaPro.train INFO: best_Rank-5:{79.5}
2025-12-12 01:40:42,089 MambaPro.train INFO: history_Rank-10:{83.3 , 77.4 , 84.9}
2025-12-12 01:40:42,089 MambaPro.train INFO: best_Rank-10:{84.9}
2025-12-12 01:40:42,089 MambaPro.train INFO: history_Experts:{[0.35 , 0.34 , 0.31] , [0.37 , 0.34 , 0.29] , [0.41 , 0.35 , 0.25]}
2025-12-12 01:40:42,089 MambaPro.train INFO: best_Experts:{[0.41 , 0.35 , 0.25]}
2025-12-12 01:40:42,089 MambaPro.train INFO: 🔥 MoE损失(Val): 平衡=0.0000, 稀疏性=0.9810, 多样性=2.5199, 总=0.0026 (权重: 平衡=0.001, 稀疏性=0.000, 多样性=0.001)
2025-12-12 01:40:42,089 MambaPro.train INFO:    📊 专家权重分布(Val): [0.41 , 0.35 , 0.25]
2025-12-12 01:41:02,100 MambaPro.train INFO: Epoch 16 done. Time per batch: 0.186[s] Speed: 172.3[samples/s]
2025-12-12 01:41:22,039 MambaPro.train INFO: Epoch 17 done. Time per batch: 0.186[s] Speed: 171.7[samples/s]
2025-12-12 01:41:41,881 MambaPro.train INFO: Epoch 18 done. Time per batch: 0.187[s] Speed: 171.0[samples/s]
2025-12-12 01:42:01,776 MambaPro.train INFO: Epoch 19 done. Time per batch: 0.186[s] Speed: 172.1[samples/s]
2025-12-12 01:42:21,651 MambaPro.train INFO: Epoch 20 done. Time per batch: 0.186[s] Speed: 172.3[samples/s]
2025-12-12 01:42:29,500 MambaPro.train INFO: Validation Results - Epoch: 20
2025-12-12 01:42:29,500 MambaPro.train INFO: Current mAP: 64.7%
2025-12-12 01:42:29,500 MambaPro.train INFO: CMC curve, Rank-1  :69.4%
2025-12-12 01:42:29,500 MambaPro.train INFO: CMC curve, Rank-5  :81.5%
2025-12-12 01:42:29,500 MambaPro.train INFO: CMC curve, Rank-10 :87.1%
2025-12-12 01:42:29,501 MambaPro.train INFO: 🎯 New Best! Saving model...
2025-12-12 01:42:30,134 MambaPro.train INFO: [Epoch 20] 指标集合列表（历史）
2025-12-12 01:42:30,135 MambaPro.train INFO: history_mAP:{60.0 , 51.8 , 64.0 , 64.7}
2025-12-12 01:42:30,135 MambaPro.train INFO: best_mAP:{64.7}
2025-12-12 01:42:30,135 MambaPro.train INFO: history_Rank-1:{64.5 , 57.9 , 67.9 , 69.4}
2025-12-12 01:42:30,135 MambaPro.train INFO: best_Rank-1:{69.4}
2025-12-12 01:42:30,135 MambaPro.train INFO: history_Rank-5:{77.5 , 70.8 , 79.5 , 81.5}
2025-12-12 01:42:30,135 MambaPro.train INFO: best_Rank-5:{81.5}
2025-12-12 01:42:30,135 MambaPro.train INFO: history_Rank-10:{83.3 , 77.4 , 84.9 , 87.1}
2025-12-12 01:42:30,135 MambaPro.train INFO: best_Rank-10:{87.1}
2025-12-12 01:42:30,135 MambaPro.train INFO: history_Experts:{[0.35 , 0.34 , 0.31] , [0.37 , 0.34 , 0.29] , [0.41 , 0.35 , 0.25] , [0.60 , 0.25 , 0.15]}
2025-12-12 01:42:30,135 MambaPro.train INFO: best_Experts:{[0.60 , 0.25 , 0.15]}
2025-12-12 01:42:30,135 MambaPro.train INFO: 🔥 MoE损失(Val): 平衡=0.1031, 稀疏性=0.8334, 多样性=1.6668, 总=0.0019 (权重: 平衡=0.001, 稀疏性=0.000, 多样性=0.001)
2025-12-12 01:42:30,135 MambaPro.train INFO:    📊 专家权重分布(Val): [0.60 , 0.25 , 0.15]
2025-12-12 01:42:50,037 MambaPro.train INFO: Epoch 21 done. Time per batch: 0.186[s] Speed: 171.6[samples/s]
2025-12-12 01:43:09,973 MambaPro.train INFO: Epoch 22 done. Time per batch: 0.186[s] Speed: 171.8[samples/s]
2025-12-12 01:43:29,920 MambaPro.train INFO: Epoch 23 done. Time per batch: 0.186[s] Speed: 171.7[samples/s]
2025-12-12 01:43:49,868 MambaPro.train INFO: Epoch 24 done. Time per batch: 0.186[s] Speed: 171.6[samples/s]
2025-12-12 01:44:09,540 MambaPro.train INFO: Epoch 25 done. Time per batch: 0.186[s] Speed: 172.4[samples/s]
2025-12-12 01:44:17,010 MambaPro.train INFO: Validation Results - Epoch: 25
2025-12-12 01:44:17,010 MambaPro.train INFO: Current mAP: 76.6%
2025-12-12 01:44:17,010 MambaPro.train INFO: CMC curve, Rank-1  :80.7%
2025-12-12 01:44:17,010 MambaPro.train INFO: CMC curve, Rank-5  :88.6%
2025-12-12 01:44:17,010 MambaPro.train INFO: CMC curve, Rank-10 :91.6%
2025-12-12 01:44:17,011 MambaPro.train INFO: 🎯 New Best! Saving model...
2025-12-12 01:44:17,618 MambaPro.train INFO: [Epoch 25] 指标集合列表（历史）
2025-12-12 01:44:17,618 MambaPro.train INFO: history_mAP:{60.0 , 51.8 , 64.0 , 64.7 , 76.6}
2025-12-12 01:44:17,618 MambaPro.train INFO: best_mAP:{76.6}
2025-12-12 01:44:17,618 MambaPro.train INFO: history_Rank-1:{64.5 , 57.9 , 67.9 , 69.4 , 80.7}
2025-12-12 01:44:17,618 MambaPro.train INFO: best_Rank-1:{80.7}
2025-12-12 01:44:17,618 MambaPro.train INFO: history_Rank-5:{77.5 , 70.8 , 79.5 , 81.5 , 88.6}
2025-12-12 01:44:17,618 MambaPro.train INFO: best_Rank-5:{88.6}
2025-12-12 01:44:17,618 MambaPro.train INFO: history_Rank-10:{83.3 , 77.4 , 84.9 , 87.1 , 91.6}
2025-12-12 01:44:17,618 MambaPro.train INFO: best_Rank-10:{91.6}
2025-12-12 01:44:17,618 MambaPro.train INFO: history_Experts:{[0.35 , 0.34 , 0.31] , [0.37 , 0.34 , 0.29] , [0.41 , 0.35 , 0.25] , [0.60 , 0.25 , 0.15] , [0.80 , 0.12 , 0.08]}
2025-12-12 01:44:17,618 MambaPro.train INFO: best_Experts:{[0.80 , 0.12 , 0.08]}
2025-12-12 01:44:17,618 MambaPro.train INFO: 🔥 MoE损失(Val): 平衡=0.5218, 稀疏性=0.5022, 多样性=0.6711, 总=0.0012 (权重: 平衡=0.001, 稀疏性=0.000, 多样性=0.001)
2025-12-12 01:44:17,618 MambaPro.train INFO:    📊 专家权重分布(Val): [0.80 , 0.12 , 0.08]
2025-12-12 01:44:37,660 MambaPro.train INFO: Epoch 26 done. Time per batch: 0.186[s] Speed: 172.0[samples/s]
2025-12-12 01:44:57,630 MambaPro.train INFO: Epoch 27 done. Time per batch: 0.187[s] Speed: 171.5[samples/s]
2025-12-12 01:45:17,592 MambaPro.train INFO: Epoch 28 done. Time per batch: 0.187[s] Speed: 171.5[samples/s]
2025-12-12 01:45:37,555 MambaPro.train INFO: Epoch 29 done. Time per batch: 0.187[s] Speed: 171.5[samples/s]
2025-12-12 01:45:57,535 MambaPro.train INFO: Epoch 30 done. Time per batch: 0.187[s] Speed: 171.4[samples/s]
2025-12-12 01:46:05,403 MambaPro.train INFO: Validation Results - Epoch: 30
2025-12-12 01:46:05,403 MambaPro.train INFO: Current mAP: 78.7%
2025-12-12 01:46:05,403 MambaPro.train INFO: CMC curve, Rank-1  :81.2%
2025-12-12 01:46:05,403 MambaPro.train INFO: CMC curve, Rank-5  :90.2%
2025-12-12 01:46:05,403 MambaPro.train INFO: CMC curve, Rank-10 :93.5%
2025-12-12 01:46:05,404 MambaPro.train INFO: 🎯 New Best! Saving model...
2025-12-12 01:46:05,980 MambaPro.train INFO: [Epoch 30] 指标集合列表（历史）
2025-12-12 01:46:05,980 MambaPro.train INFO: history_mAP:{60.0 , 51.8 , 64.0 , 64.7 , 76.6 , 78.7}
2025-12-12 01:46:05,981 MambaPro.train INFO: best_mAP:{78.7}
2025-12-12 01:46:05,981 MambaPro.train INFO: history_Rank-1:{64.5 , 57.9 , 67.9 , 69.4 , 80.7 , 81.2}
2025-12-12 01:46:05,981 MambaPro.train INFO: best_Rank-1:{81.2}
2025-12-12 01:46:05,981 MambaPro.train INFO: history_Rank-5:{77.5 , 70.8 , 79.5 , 81.5 , 88.6 , 90.2}
2025-12-12 01:46:05,981 MambaPro.train INFO: best_Rank-5:{90.2}
2025-12-12 01:46:05,981 MambaPro.train INFO: history_Rank-10:{83.3 , 77.4 , 84.9 , 87.1 , 91.6 , 93.5}
2025-12-12 01:46:05,981 MambaPro.train INFO: best_Rank-10:{93.5}
2025-12-12 01:46:05,981 MambaPro.train INFO: history_Experts:{[0.35 , 0.34 , 0.31] , [0.37 , 0.34 , 0.29] , [0.41 , 0.35 , 0.25] , [0.60 , 0.25 , 0.15] , [0.80 , 0.12 , 0.08] , [0.87 , 0.08 , 0.06]}
2025-12-12 01:46:05,981 MambaPro.train INFO: best_Experts:{[0.87 , 0.08 , 0.06]}
2025-12-12 01:46:05,981 MambaPro.train INFO: 🔥 MoE损失(Val): 平衡=0.7309, 稀疏性=0.3595, 多样性=0.4203, 总=0.0012 (权重: 平衡=0.001, 稀疏性=0.000, 多样性=0.001)
2025-12-12 01:46:05,981 MambaPro.train INFO:    📊 专家权重分布(Val): [0.87 , 0.08 , 0.06]
2025-12-12 01:46:26,133 MambaPro.train INFO: Epoch 31 done. Time per batch: 0.187[s] Speed: 171.1[samples/s]
2025-12-12 01:46:45,837 MambaPro.train INFO: Epoch 32 done. Time per batch: 0.186[s] Speed: 172.1[samples/s]
2025-12-12 01:47:05,796 MambaPro.train INFO: Epoch 33 done. Time per batch: 0.187[s] Speed: 171.6[samples/s]
2025-12-12 01:47:25,524 MambaPro.train INFO: Epoch 34 done. Time per batch: 0.186[s] Speed: 171.9[samples/s]
2025-12-12 01:47:45,504 MambaPro.train INFO: Epoch 35 done. Time per batch: 0.187[s] Speed: 171.4[samples/s]
2025-12-12 01:47:53,028 MambaPro.train INFO: Validation Results - Epoch: 35
2025-12-12 01:47:53,028 MambaPro.train INFO: Current mAP: 76.1%
2025-12-12 01:47:53,028 MambaPro.train INFO: CMC curve, Rank-1  :78.5%
2025-12-12 01:47:53,028 MambaPro.train INFO: CMC curve, Rank-5  :88.2%
2025-12-12 01:47:53,028 MambaPro.train INFO: CMC curve, Rank-10 :91.0%
2025-12-12 01:47:53,029 MambaPro.train INFO: [Epoch 35] 指标集合列表（历史）
2025-12-12 01:47:53,029 MambaPro.train INFO: history_mAP:{60.0 , 51.8 , 64.0 , 64.7 , 76.6 , 78.7 , 76.1}
2025-12-12 01:47:53,029 MambaPro.train INFO: best_mAP:{78.7}
2025-12-12 01:47:53,029 MambaPro.train INFO: history_Rank-1:{64.5 , 57.9 , 67.9 , 69.4 , 80.7 , 81.2 , 78.5}
2025-12-12 01:47:53,029 MambaPro.train INFO: best_Rank-1:{81.2}
2025-12-12 01:47:53,029 MambaPro.train INFO: history_Rank-5:{77.5 , 70.8 , 79.5 , 81.5 , 88.6 , 90.2 , 88.2}
2025-12-12 01:47:53,029 MambaPro.train INFO: best_Rank-5:{90.2}
2025-12-12 01:47:53,029 MambaPro.train INFO: history_Rank-10:{83.3 , 77.4 , 84.9 , 87.1 , 91.6 , 93.5 , 91.0}
2025-12-12 01:47:53,029 MambaPro.train INFO: best_Rank-10:{93.5}
2025-12-12 01:47:53,029 MambaPro.train INFO: history_Experts:{[0.35 , 0.34 , 0.31] , [0.37 , 0.34 , 0.29] , [0.41 , 0.35 , 0.25] , [0.60 , 0.25 , 0.15] , [0.80 , 0.12 , 0.08] , [0.87 , 0.08 , 0.06] , [0.90 , 0.06 , 0.04]}
2025-12-12 01:47:53,029 MambaPro.train INFO: best_Experts:{[0.87 , 0.08 , 0.06]}
2025-12-12 01:47:53,029 MambaPro.train INFO: 🔥 MoE损失(Val): 平衡=0.8565, 稀疏性=0.2766, 多样性=0.3014, 总=0.0012 (权重: 平衡=0.001, 稀疏性=0.000, 多样性=0.001)
2025-12-12 01:47:53,029 MambaPro.train INFO:    📊 专家权重分布(Val): [0.90 , 0.06 , 0.04]
2025-12-12 01:48:13,135 MambaPro.train INFO: Epoch 36 done. Time per batch: 0.187[s] Speed: 171.4[samples/s]
2025-12-12 01:48:33,133 MambaPro.train INFO: Epoch 37 done. Time per batch: 0.187[s] Speed: 171.2[samples/s]
2025-12-12 01:48:53,030 MambaPro.train INFO: Epoch 38 done. Time per batch: 0.188[s] Speed: 170.5[samples/s]
2025-12-12 01:49:13,059 MambaPro.train INFO: Epoch 39 done. Time per batch: 0.187[s] Speed: 171.0[samples/s]
2025-12-12 01:49:32,888 MambaPro.train INFO: Epoch 40 done. Time per batch: 0.187[s] Speed: 171.1[samples/s]
2025-12-12 01:49:41,041 MambaPro.train INFO: Validation Results - Epoch: 40
2025-12-12 01:49:41,041 MambaPro.train INFO: Current mAP: 77.4%
2025-12-12 01:49:41,041 MambaPro.train INFO: CMC curve, Rank-1  :79.7%
2025-12-12 01:49:41,041 MambaPro.train INFO: CMC curve, Rank-5  :87.6%
2025-12-12 01:49:41,041 MambaPro.train INFO: CMC curve, Rank-10 :91.5%
2025-12-12 01:49:41,042 MambaPro.train INFO: [Epoch 40] 指标集合列表（历史）
2025-12-12 01:49:41,042 MambaPro.train INFO: history_mAP:{60.0 , 51.8 , 64.0 , 64.7 , 76.6 , 78.7 , 76.1 , 77.4}
2025-12-12 01:49:41,042 MambaPro.train INFO: best_mAP:{78.7}
2025-12-12 01:49:41,042 MambaPro.train INFO: history_Rank-1:{64.5 , 57.9 , 67.9 , 69.4 , 80.7 , 81.2 , 78.5 , 79.7}
2025-12-12 01:49:41,042 MambaPro.train INFO: best_Rank-1:{81.2}
2025-12-12 01:49:41,042 MambaPro.train INFO: history_Rank-5:{77.5 , 70.8 , 79.5 , 81.5 , 88.6 , 90.2 , 88.2 , 87.6}
2025-12-12 01:49:41,042 MambaPro.train INFO: best_Rank-5:{90.2}
2025-12-12 01:49:41,042 MambaPro.train INFO: history_Rank-10:{83.3 , 77.4 , 84.9 , 87.1 , 91.6 , 93.5 , 91.0 , 91.5}
2025-12-12 01:49:41,042 MambaPro.train INFO: best_Rank-10:{93.5}
2025-12-12 01:49:41,042 MambaPro.train INFO: history_Experts:{[0.35 , 0.34 , 0.31] , [0.37 , 0.34 , 0.29] , [0.41 , 0.35 , 0.25] , [0.60 , 0.25 , 0.15] , [0.80 , 0.12 , 0.08] , [0.87 , 0.08 , 0.06] , [0.90 , 0.06 , 0.04] , [0.92 , 0.05 , 0.03]}
2025-12-12 01:49:41,042 MambaPro.train INFO: best_Experts:{[0.87 , 0.08 , 0.06]}
2025-12-12 01:49:41,042 MambaPro.train INFO: 🔥 MoE损失(Val): 平衡=0.9338, 稀疏性=0.2262, 多样性=0.2368, 总=0.0012 (权重: 平衡=0.001, 稀疏性=0.000, 多样性=0.001)
2025-12-12 01:49:41,042 MambaPro.train INFO:    📊 专家权重分布(Val): [0.92 , 0.05 , 0.03]
2025-12-12 01:50:01,355 MambaPro.train INFO: Epoch 41 done. Time per batch: 0.189[s] Speed: 169.7[samples/s]
2025-12-12 01:50:21,277 MambaPro.train INFO: Epoch 42 done. Time per batch: 0.186[s] Speed: 171.9[samples/s]
2025-12-12 01:50:41,278 MambaPro.train INFO: Epoch 43 done. Time per batch: 0.187[s] Speed: 171.2[samples/s]
2025-12-12 01:51:01,254 MambaPro.train INFO: Epoch 44 done. Time per batch: 0.187[s] Speed: 171.4[samples/s]
2025-12-12 01:51:21,267 MambaPro.train INFO: Epoch 45 done. Time per batch: 0.187[s] Speed: 171.1[samples/s]
2025-12-12 01:51:28,747 MambaPro.train INFO: Validation Results - Epoch: 45
2025-12-12 01:51:28,748 MambaPro.train INFO: Current mAP: 76.6%
2025-12-12 01:51:28,748 MambaPro.train INFO: CMC curve, Rank-1  :79.2%
2025-12-12 01:51:28,748 MambaPro.train INFO: CMC curve, Rank-5  :86.5%
2025-12-12 01:51:28,748 MambaPro.train INFO: CMC curve, Rank-10 :90.6%
2025-12-12 01:51:28,748 MambaPro.train INFO: [Epoch 45] 指标集合列表（历史）
2025-12-12 01:51:28,748 MambaPro.train INFO: history_mAP:{60.0 , 51.8 , 64.0 , 64.7 , 76.6 , 78.7 , 76.1 , 77.4 , 76.6}
2025-12-12 01:51:28,748 MambaPro.train INFO: best_mAP:{78.7}
2025-12-12 01:51:28,748 MambaPro.train INFO: history_Rank-1:{64.5 , 57.9 , 67.9 , 69.4 , 80.7 , 81.2 , 78.5 , 79.7 , 79.2}
2025-12-12 01:51:28,748 MambaPro.train INFO: best_Rank-1:{81.2}
2025-12-12 01:51:28,748 MambaPro.train INFO: history_Rank-5:{77.5 , 70.8 , 79.5 , 81.5 , 88.6 , 90.2 , 88.2 , 87.6 , 86.5}
2025-12-12 01:51:28,748 MambaPro.train INFO: best_Rank-5:{90.2}
2025-12-12 01:51:28,748 MambaPro.train INFO: history_Rank-10:{83.3 , 77.4 , 84.9 , 87.1 , 91.6 , 93.5 , 91.0 , 91.5 , 90.6}
2025-12-12 01:51:28,748 MambaPro.train INFO: best_Rank-10:{93.5}
2025-12-12 01:51:28,749 MambaPro.train INFO: history_Experts:{[0.35 , 0.34 , 0.31] , [0.37 , 0.34 , 0.29] , [0.41 , 0.35 , 0.25] , [0.60 , 0.25 , 0.15] , [0.80 , 0.12 , 0.08] , [0.87 , 0.08 , 0.06] , [0.90 , 0.06 , 0.04] , [0.92 , 0.05 , 0.03] , [0.93 , 0.04 , 0.03]}
2025-12-12 01:51:28,749 MambaPro.train INFO: best_Experts:{[0.87 , 0.08 , 0.06]}
2025-12-12 01:51:28,749 MambaPro.train INFO: 🔥 MoE损失(Val): 平衡=0.9802, 稀疏性=0.1963, 多样性=0.2008, 总=0.0012 (权重: 平衡=0.001, 稀疏性=0.000, 多样性=0.001)
2025-12-12 01:51:28,749 MambaPro.train INFO:    📊 专家权重分布(Val): [0.93 , 0.04 , 0.03]
2025-12-12 01:51:48,903 MambaPro.train INFO: Epoch 46 done. Time per batch: 0.187[s] Speed: 171.0[samples/s]
2025-12-12 01:52:08,878 MambaPro.train INFO: Epoch 47 done. Time per batch: 0.187[s] Speed: 171.4[samples/s]
2025-12-12 01:52:28,744 MambaPro.train INFO: Epoch 48 done. Time per batch: 0.187[s] Speed: 170.7[samples/s]
2025-12-12 01:52:48,780 MambaPro.train INFO: Epoch 49 done. Time per batch: 0.187[s] Speed: 170.9[samples/s]
2025-12-12 01:53:09,267 MambaPro.train INFO: Epoch 50 done. Time per batch: 0.191[s] Speed: 167.1[samples/s]
2025-12-12 01:53:17,228 MambaPro.train INFO: Validation Results - Epoch: 50
2025-12-12 01:53:17,228 MambaPro.train INFO: Current mAP: 75.3%
2025-12-12 01:53:17,228 MambaPro.train INFO: CMC curve, Rank-1  :77.2%
2025-12-12 01:53:17,228 MambaPro.train INFO: CMC curve, Rank-5  :86.6%
2025-12-12 01:53:17,228 MambaPro.train INFO: CMC curve, Rank-10 :90.9%
2025-12-12 01:53:17,228 MambaPro.train INFO: [Epoch 50] 指标集合列表（历史）
2025-12-12 01:53:17,228 MambaPro.train INFO: history_mAP:{60.0 , 51.8 , 64.0 , 64.7 , 76.6 , 78.7 , 76.1 , 77.4 , 76.6 , 75.3}
2025-12-12 01:53:17,228 MambaPro.train INFO: best_mAP:{78.7}
2025-12-12 01:53:17,229 MambaPro.train INFO: history_Rank-1:{64.5 , 57.9 , 67.9 , 69.4 , 80.7 , 81.2 , 78.5 , 79.7 , 79.2 , 77.2}
2025-12-12 01:53:17,229 MambaPro.train INFO: best_Rank-1:{81.2}
2025-12-12 01:53:17,229 MambaPro.train INFO: history_Rank-5:{77.5 , 70.8 , 79.5 , 81.5 , 88.6 , 90.2 , 88.2 , 87.6 , 86.5 , 86.6}
2025-12-12 01:53:17,229 MambaPro.train INFO: best_Rank-5:{90.2}
2025-12-12 01:53:17,229 MambaPro.train INFO: history_Rank-10:{83.3 , 77.4 , 84.9 , 87.1 , 91.6 , 93.5 , 91.0 , 91.5 , 90.6 , 90.9}
2025-12-12 01:53:17,229 MambaPro.train INFO: best_Rank-10:{93.5}
2025-12-12 01:53:17,229 MambaPro.train INFO: history_Experts:{[0.35 , 0.34 , 0.31] , [0.37 , 0.34 , 0.29] , [0.41 , 0.35 , 0.25] , [0.60 , 0.25 , 0.15] , [0.80 , 0.12 , 0.08] , [0.87 , 0.08 , 0.06] , [0.90 , 0.06 , 0.04] , [0.92 , 0.05 , 0.03] , [0.93 , 0.04 , 0.03] , [0.94 , 0.03 , 0.03]}
2025-12-12 01:53:17,229 MambaPro.train INFO: best_Experts:{[0.87 , 0.08 , 0.06]}
2025-12-12 01:53:17,229 MambaPro.train INFO: 🔥 MoE损失(Val): 平衡=1.0135, 稀疏性=0.1749, 多样性=0.1760, 总=0.0012 (权重: 平衡=0.001, 稀疏性=0.000, 多样性=0.001)
2025-12-12 01:53:17,229 MambaPro.train INFO:    📊 专家权重分布(Val): [0.94 , 0.03 , 0.03]
2025-12-12 01:53:37,345 MambaPro.train INFO: Epoch 51 done. Time per batch: 0.189[s] Speed: 169.8[samples/s]
2025-12-12 01:53:57,124 MambaPro.train INFO: Epoch 52 done. Time per batch: 0.187[s] Speed: 171.5[samples/s]
2025-12-12 01:54:17,139 MambaPro.train INFO: Epoch 53 done. Time per batch: 0.187[s] Speed: 171.1[samples/s]
2025-12-12 01:54:37,145 MambaPro.train INFO: Epoch 54 done. Time per batch: 0.187[s] Speed: 171.2[samples/s]
2025-12-12 01:54:57,154 MambaPro.train INFO: Epoch 55 done. Time per batch: 0.187[s] Speed: 171.1[samples/s]
2025-12-12 01:55:04,647 MambaPro.train INFO: Validation Results - Epoch: 55
2025-12-12 01:55:04,647 MambaPro.train INFO: Current mAP: 76.7%
2025-12-12 01:55:04,647 MambaPro.train INFO: CMC curve, Rank-1  :79.3%
2025-12-12 01:55:04,647 MambaPro.train INFO: CMC curve, Rank-5  :88.4%
2025-12-12 01:55:04,647 MambaPro.train INFO: CMC curve, Rank-10 :91.5%
2025-12-12 01:55:04,648 MambaPro.train INFO: [Epoch 55] 指标集合列表（历史）
2025-12-12 01:55:04,648 MambaPro.train INFO: history_mAP:{60.0 , 51.8 , 64.0 , 64.7 , 76.6 , 78.7 , 76.1 , 77.4 , 76.6 , 75.3 , 76.7}
2025-12-12 01:55:04,648 MambaPro.train INFO: best_mAP:{78.7}
2025-12-12 01:55:04,648 MambaPro.train INFO: history_Rank-1:{64.5 , 57.9 , 67.9 , 69.4 , 80.7 , 81.2 , 78.5 , 79.7 , 79.2 , 77.2 , 79.3}
2025-12-12 01:55:04,648 MambaPro.train INFO: best_Rank-1:{81.2}
2025-12-12 01:55:04,648 MambaPro.train INFO: history_Rank-5:{77.5 , 70.8 , 79.5 , 81.5 , 88.6 , 90.2 , 88.2 , 87.6 , 86.5 , 86.6 , 88.4}
2025-12-12 01:55:04,648 MambaPro.train INFO: best_Rank-5:{90.2}
2025-12-12 01:55:04,648 MambaPro.train INFO: history_Rank-10:{83.3 , 77.4 , 84.9 , 87.1 , 91.6 , 93.5 , 91.0 , 91.5 , 90.6 , 90.9}
2025-12-12 01:55:04,648 MambaPro.train INFO: best_Rank-10:{93.5}
2025-12-12 01:55:04,648 MambaPro.train INFO: history_Experts:{[0.35 , 0.34 , 0.31] , [0.37 , 0.34 , 0.29] , [0.41 , 0.35 , 0.25] , [0.60 , 0.25 , 0.15] , [0.80 , 0.12 , 0.08] , [0.87 , 0.08 , 0.06] , [0.90 , 0.06 , 0.04] , [0.92 , 0.05 , 0.03] , [0.93 , 0.04 , 0.03] , [0.94 , 0.03 , 0.03] , [0.94 , 0.03 , 0.02]}
2025-12-12 01:55:04,648 MambaPro.train INFO: best_Experts:{[0.87 , 0.08 , 0.06]}
2025-12-12 01:55:04,648 MambaPro.train INFO: 🔥 MoE损失(Val): 平衡=1.0378, 稀疏性=0.1593, 多样性=0.1585, 总=0.0012 (权重: 平衡=0.001, 稀疏性=0.000, 多样性=0.001)
2025-12-12 01:55:04,648 MambaPro.train INFO:    📊 专家权重分布(Val): [0.94 , 0.03 , 0.02]
2025-12-12 01:55:24,630 MambaPro.train INFO: Epoch 56 done. Time per batch: 0.187[s] Speed: 170.9[samples/s]
2025-12-12 01:55:44,621 MambaPro.train INFO: Epoch 57 done. Time per batch: 0.187[s] Speed: 171.3[samples/s]
2025-12-12 01:56:04,709 MambaPro.train INFO: Epoch 58 done. Time per batch: 0.188[s] Speed: 170.5[samples/s]
2025-12-12 01:56:24,534 MambaPro.train INFO: Epoch 59 done. Time per batch: 0.187[s] Speed: 171.1[samples/s]
2025-12-12 01:56:44,594 MambaPro.train INFO: Epoch 60 done. Time per batch: 0.187[s] Speed: 170.7[samples/s]
2025-12-12 01:56:52,464 MambaPro.train INFO: Validation Results - Epoch: 60
2025-12-12 01:56:52,464 MambaPro.train INFO: Current mAP: 76.7%
2025-12-12 01:56:52,464 MambaPro.train INFO: CMC curve, Rank-1  :79.5%
2025-12-12 01:56:52,464 MambaPro.train INFO: CMC curve, Rank-5  :87.8%
2025-12-12 01:56:52,464 MambaPro.train INFO: CMC curve, Rank-10 :91.1%
2025-12-12 01:56:52,465 MambaPro.train INFO: [Epoch 60] 指标集合列表（历史）
2025-12-12 01:56:52,465 MambaPro.train INFO: history_mAP:{60.0 , 51.8 , 64.0 , 64.7 , 76.6 , 78.7 , 76.1 , 77.4 , 76.6 , 75.3 , 76.7 , 76.7}
2025-12-12 01:56:52,465 MambaPro.train INFO: best_mAP:{78.7}
2025-12-12 01:56:52,465 MambaPro.train INFO: history_Rank-1:{64.5 , 57.9 , 67.9 , 69.4 , 80.7 , 81.2 , 78.5 , 79.7 , 79.2 , 77.2 , 79.3 , 79.5}
2025-12-12 01:56:52,465 MambaPro.train INFO: best_Rank-1:{81.2}
2025-12-12 01:56:52,465 MambaPro.train INFO: history_Rank-5:{77.5 , 70.8 , 79.5 , 81.5 , 88.6 , 90.2 , 88.2 , 87.6 , 86.5 , 86.6 , 88.4 , 87.8}
2025-12-12 01:56:52,465 MambaPro.train INFO: best_Rank-5:{90.2}
2025-12-12 01:56:52,465 MambaPro.train INFO: history_Rank-10:{83.3 , 77.4 , 84.9 , 87.1 , 91.6 , 93.5 , 91.0 , 91.5 , 90.6 , 90.9 , 91.1}
2025-12-12 01:56:52,465 MambaPro.train INFO: best_Rank-10:{93.5}
2025-12-12 01:56:52,465 MambaPro.train INFO: history_Experts:{[0.35 , 0.34 , 0.31] , [0.37 , 0.34 , 0.29] , [0.41 , 0.35 , 0.25] , [0.60 , 0.25 , 0.15] , [0.80 , 0.12 , 0.08] , [0.87 , 0.08 , 0.06] , [0.90 , 0.06 , 0.04] , [0.92 , 0.05 , 0.03] , [0.93 , 0.04 , 0.03] , [0.94 , 0.03 , 0.03] , [0.94 , 0.03 , 0.02] , [0.95 , 0.03 , 0.02]}
2025-12-12 01:56:52,465 MambaPro.train INFO: best_Experts:{[0.87 , 0.08 , 0.06]}
2025-12-12 01:56:52,465 MambaPro.train INFO: 🔥 MoE损失(Val): 平衡=1.0568, 稀疏性=0.1472, 多样性=0.1451, 总=0.0012 (权重: 平衡=0.001, 稀疏性=0.000, 多样性=0.001)
2025-12-12 01:56:52,465 MambaPro.train INFO:    📊 专家权重分布(Val): [0.95 , 0.03 , 0.02]
2025-12-12 01:56:52,599 MambaPro.train INFO: ============================================================
