2025-12-12 08:15:23,757 MambaPro INFO: ================================================================================
2025-12-12 08:15:23,757 MambaPro INFO: 🧾 实验参数快照（命令行 + 最终配置）
2025-12-12 08:15:23,757 MambaPro INFO: ================================================================================
2025-12-12 08:15:23,757 MambaPro INFO: 【复现实验命令】
2025-12-12 08:15:23,757 MambaPro INFO: /home/zubuntu/miniconda/envs/MambaPro/bin/python train_net.py --config_file mybest_model/experiment_20251013_110028/configs/experiment_config.yml OUTPUT_DIR ./outputs/replay_best_tml
2025-12-12 08:15:23,757 MambaPro INFO: 【命令行参数（args）】
2025-12-12 08:15:23,758 MambaPro INFO: {
2025-12-12 08:15:23,758 MambaPro INFO:   "config_file": "mybest_model/experiment_20251013_110028/configs/experiment_config.yml",
2025-12-12 08:15:23,758 MambaPro INFO:   "fea_cft": 0,
2025-12-12 08:15:23,758 MambaPro INFO:   "opts": [
2025-12-12 08:15:23,758 MambaPro INFO:     "OUTPUT_DIR",
2025-12-12 08:15:23,758 MambaPro INFO:     "./outputs/replay_best_tml"
2025-12-12 08:15:23,758 MambaPro INFO:   ],
2025-12-12 08:15:23,758 MambaPro INFO:   "local_rank": 0,
2025-12-12 08:15:23,758 MambaPro INFO:   "use_multi_scale": false,
2025-12-12 08:15:23,758 MambaPro INFO:   "no_multi_scale": false,
2025-12-12 08:15:23,758 MambaPro INFO:   "use_moe": false,
2025-12-12 08:15:23,758 MambaPro INFO:   "disable_moe": false,
2025-12-12 08:15:23,758 MambaPro INFO:   "no_moe": false,
2025-12-12 08:15:23,758 MambaPro INFO:   "use_attention": false,
2025-12-12 08:15:23,758 MambaPro INFO:   "disable_attention": false,
2025-12-12 08:15:23,758 MambaPro INFO:   "attention_heads": 8,
2025-12-12 08:15:23,758 MambaPro INFO:   "attention_dropout": 0.1
2025-12-12 08:15:23,758 MambaPro INFO: }
2025-12-12 08:15:23,758 MambaPro INFO: 【工作目录】/home/zubuntu/workspace/yzy/MambaPro
2025-12-12 08:15:23,758 MambaPro INFO: 【最终配置（YAML）】
2025-12-12 08:15:23,761 MambaPro INFO: DATALOADER:
2025-12-12 08:15:23,761 MambaPro INFO:   NUM_INSTANCE: 8
2025-12-12 08:15:23,761 MambaPro INFO:   NUM_WORKERS: 8
2025-12-12 08:15:23,761 MambaPro INFO:   SAMPLER: softmax_triplet
2025-12-12 08:15:23,761 MambaPro INFO: DATASETS:
2025-12-12 08:15:23,761 MambaPro INFO:   NAMES: RGBNT201
2025-12-12 08:15:23,761 MambaPro INFO:   ROOT_DIR: /home/zubuntu/workspace/yzy/MambaPro/data/
2025-12-12 08:15:23,761 MambaPro INFO: INPUT:
2025-12-12 08:15:23,761 MambaPro INFO:   PADDING: 10
2025-12-12 08:15:23,761 MambaPro INFO:   PIXEL_MEAN:
2025-12-12 08:15:23,761 MambaPro INFO:   - 0.5
2025-12-12 08:15:23,761 MambaPro INFO:   - 0.5
2025-12-12 08:15:23,761 MambaPro INFO:   - 0.5
2025-12-12 08:15:23,761 MambaPro INFO:   PIXEL_STD:
2025-12-12 08:15:23,761 MambaPro INFO:   - 0.5
2025-12-12 08:15:23,761 MambaPro INFO:   - 0.5
2025-12-12 08:15:23,761 MambaPro INFO:   - 0.5
2025-12-12 08:15:23,761 MambaPro INFO:   PROB: 0.5
2025-12-12 08:15:23,761 MambaPro INFO:   RE_PROB: 0.5
2025-12-12 08:15:23,761 MambaPro INFO:   SIZE_TEST:
2025-12-12 08:15:23,761 MambaPro INFO:   - 256
2025-12-12 08:15:23,761 MambaPro INFO:   - 128
2025-12-12 08:15:23,761 MambaPro INFO:   SIZE_TRAIN:
2025-12-12 08:15:23,761 MambaPro INFO:   - 256
2025-12-12 08:15:23,761 MambaPro INFO:   - 128
2025-12-12 08:15:23,761 MambaPro INFO: MODEL:
2025-12-12 08:15:23,761 MambaPro INFO:   ADAPTER: true
2025-12-12 08:15:23,761 MambaPro INFO:   ATTENTION_DIM: 512
2025-12-12 08:15:23,761 MambaPro INFO:   ATTENTION_DROPOUT: 0.1
2025-12-12 08:15:23,761 MambaPro INFO:   ATTENTION_NUM_HEADS: 8
2025-12-12 08:15:23,761 MambaPro INFO:   ATT_DROP_RATE: 0.0
2025-12-12 08:15:23,761 MambaPro INFO:   CLIP_MULTI_SCALE_SCALES:
2025-12-12 08:15:23,761 MambaPro INFO:   - 4
2025-12-12 08:15:23,761 MambaPro INFO:   - 8
2025-12-12 08:15:23,761 MambaPro INFO:   - 16
2025-12-12 08:15:23,761 MambaPro INFO:   DEVICE: cuda
2025-12-12 08:15:23,761 MambaPro INFO:   DEVICE_ID: '0'
2025-12-12 08:15:23,761 MambaPro INFO:   DIRECT: 1
2025-12-12 08:15:23,761 MambaPro INFO:   DIST_TRAIN: false
2025-12-12 08:15:23,761 MambaPro INFO:   DROP_OUT: 0.0
2025-12-12 08:15:23,761 MambaPro INFO:   DROP_PATH: 0.1
2025-12-12 08:15:23,761 MambaPro INFO:   FLOPS_TEST: false
2025-12-12 08:15:23,761 MambaPro INFO:   FROZEN: true
2025-12-12 08:15:23,761 MambaPro INFO:   GATE_DROPOUT: 0.1
2025-12-12 08:15:23,761 MambaPro INFO:   ID_LOSS_TYPE: softmax
2025-12-12 08:15:23,761 MambaPro INFO:   ID_LOSS_WEIGHT: 0.25
2025-12-12 08:15:23,761 MambaPro INFO:   IF_LABELSMOOTH: 'on'
2025-12-12 08:15:23,761 MambaPro INFO:   IF_WITH_CENTER: 'no'
2025-12-12 08:15:23,761 MambaPro INFO:   LAYER: -1
2025-12-12 08:15:23,761 MambaPro INFO:   MAMBA: true
2025-12-12 08:15:23,761 MambaPro INFO:   MAMBA_BI: false
2025-12-12 08:15:23,761 MambaPro INFO:   METRIC_LOSS_TYPE: triplet
2025-12-12 08:15:23,761 MambaPro INFO:   MOE_BALANCE_LOSS_WEIGHT: 0.01
2025-12-12 08:15:23,761 MambaPro INFO:   MOE_DIVERSITY_LOSS_WEIGHT: 0.01
2025-12-12 08:15:23,761 MambaPro INFO:   MOE_EXPERT_DROPOUT: 0.1
2025-12-12 08:15:23,761 MambaPro INFO:   MOE_EXPERT_HIDDEN_DIM: 1024
2025-12-12 08:15:23,761 MambaPro INFO:   MOE_EXPERT_LAYERS: 2
2025-12-12 08:15:23,761 MambaPro INFO:   MOE_EXPERT_THRESHOLD: 0.1
2025-12-12 08:15:23,761 MambaPro INFO:   MOE_FIXED_WEIGHTS:
2025-12-12 08:15:23,761 MambaPro INFO:   - 0.33
2025-12-12 08:15:23,761 MambaPro INFO:   - 0.33
2025-12-12 08:15:23,761 MambaPro INFO:   - 0.34
2025-12-12 08:15:23,761 MambaPro INFO:   MOE_GATE_DROPOUT: 0.1
2025-12-12 08:15:23,761 MambaPro INFO:   MOE_GATE_LAYERS: 2
2025-12-12 08:15:23,761 MambaPro INFO:   MOE_INIT_WEIGHTS: null
2025-12-12 08:15:23,761 MambaPro INFO:   MOE_NUM_EXPERTS: 3
2025-12-12 08:15:23,761 MambaPro INFO:   MOE_RESIDUAL_WEIGHT: 1.0
2025-12-12 08:15:23,761 MambaPro INFO:   MOE_SCALES:
2025-12-12 08:15:23,761 MambaPro INFO:   - 4
2025-12-12 08:15:23,761 MambaPro INFO:   - 8
2025-12-12 08:15:23,761 MambaPro INFO:   - 16
2025-12-12 08:15:23,761 MambaPro INFO:   MOE_SPARSITY_LOSS_WEIGHT: 0.001
2025-12-12 08:15:23,761 MambaPro INFO:   MOE_TEMPERATURE: 0.7
2025-12-12 08:15:23,761 MambaPro INFO:   MOE_TOP_K: 2
2025-12-12 08:15:23,761 MambaPro INFO:   MOE_TOP_K_MODE: soft
2025-12-12 08:15:23,761 MambaPro INFO:   MOE_USE_FIXED_WEIGHTS: false
2025-12-12 08:15:23,761 MambaPro INFO:   MOE_USE_TOP_K_ROUTING: false
2025-12-12 08:15:23,761 MambaPro INFO:   MULTI_SCALE_SCALES:
2025-12-12 08:15:23,761 MambaPro INFO:   - 4
2025-12-12 08:15:23,761 MambaPro INFO:   - 8
2025-12-12 08:15:23,761 MambaPro INFO:   - 16
2025-12-12 08:15:23,762 MambaPro INFO:   NAME: MambaPro
2025-12-12 08:15:23,762 MambaPro INFO:   NECK: bnneck
2025-12-12 08:15:23,762 MambaPro INFO:   NO_MARGIN: true
2025-12-12 08:15:23,762 MambaPro INFO:   PREFIX_NUM: 1
2025-12-12 08:15:23,762 MambaPro INFO:   PRETRAIN_PATH_T: /home/zubuntu/workspace/yzy/MambaPro/pths/ViT-B-16.pt
2025-12-12 08:15:23,762 MambaPro INFO:   PROMPT: true
2025-12-12 08:15:23,762 MambaPro INFO:   SIE_CAMERA: true
2025-12-12 08:15:23,762 MambaPro INFO:   SIE_COE: 1.0
2025-12-12 08:15:23,762 MambaPro INFO:   SIE_VIEW: false
2025-12-12 08:15:23,762 MambaPro INFO:   STRIDE_SIZE:
2025-12-12 08:15:23,762 MambaPro INFO:   - 16
2025-12-12 08:15:23,762 MambaPro INFO:   - 16
2025-12-12 08:15:23,762 MambaPro INFO:   TRANSFORMER_TYPE: ViT-B-16
2025-12-12 08:15:23,762 MambaPro INFO:   TRIPLET_LOSS_WEIGHT: 1.0
2025-12-12 08:15:23,762 MambaPro INFO:   USE_ATTENTION_FUSION: false
2025-12-12 08:15:23,762 MambaPro INFO:   USE_CLIP_MULTI_SCALE: true
2025-12-12 08:15:23,762 MambaPro INFO:   USE_GATE_FUSION: false
2025-12-12 08:15:23,762 MambaPro INFO:   USE_MULTI_SCALE: false
2025-12-12 08:15:23,762 MambaPro INFO:   USE_MULTI_SCALE_MOE: true
2025-12-12 08:15:23,762 MambaPro INFO: OUTPUT_DIR: ./outputs/replay_best_tml/run_20251212_081523
2025-12-12 08:15:23,762 MambaPro INFO: SOLVER:
2025-12-12 08:15:23,762 MambaPro INFO:   BASE_LR: 0.0005
2025-12-12 08:15:23,762 MambaPro INFO:   BIAS_LR_FACTOR: 2
2025-12-12 08:15:23,762 MambaPro INFO:   CENTER_LOSS_WEIGHT: 0.0005
2025-12-12 08:15:23,762 MambaPro INFO:   CENTER_LR: 0.5
2025-12-12 08:15:23,762 MambaPro INFO:   CHECKPOINT_PERIOD: 10
2025-12-12 08:15:23,762 MambaPro INFO:   CLUSTER_MARGIN: 0.3
2025-12-12 08:15:23,762 MambaPro INFO:   COSINE_MARGIN: 0.5
2025-12-12 08:15:23,762 MambaPro INFO:   COSINE_SCALE: 30
2025-12-12 08:15:23,762 MambaPro INFO:   EVAL_PERIOD: 5
2025-12-12 08:15:23,762 MambaPro INFO:   GAMMA: 0.1
2025-12-12 08:15:23,762 MambaPro INFO:   IMS_PER_BATCH: 32
2025-12-12 08:15:23,762 MambaPro INFO:   LARGE_FC_LR: false
2025-12-12 08:15:23,762 MambaPro INFO:   LOG_PERIOD: 10
2025-12-12 08:15:23,762 MambaPro INFO:   MARGIN: 0.3
2025-12-12 08:15:23,762 MambaPro INFO:   MAX_EPOCHS: 60
2025-12-12 08:15:23,762 MambaPro INFO:   MOE_BALANCE_LOSS_WEIGHT: 0.001
2025-12-12 08:15:23,762 MambaPro INFO:   MOE_BALANCE_LOSS_WEIGHT_END: 0.1
2025-12-12 08:15:23,762 MambaPro INFO:   MOE_BALANCE_LOSS_WEIGHT_START: 0.001
2025-12-12 08:15:23,762 MambaPro INFO:   MOE_BALANCE_THRESHOLD: 0.3
2025-12-12 08:15:23,762 MambaPro INFO:   MOE_DIVERSITY_LOSS_WEIGHT: 0.001
2025-12-12 08:15:23,762 MambaPro INFO:   MOE_DIVERSITY_LOSS_WEIGHT_END: 0.1
2025-12-12 08:15:23,762 MambaPro INFO:   MOE_DIVERSITY_LOSS_WEIGHT_START: 0.001
2025-12-12 08:15:23,762 MambaPro INFO:   MOE_GATE_LR_FACTOR: 0.01
2025-12-12 08:15:23,762 MambaPro INFO:   MOE_LOSS_WEIGHT_SCHEDULE_TYPE: cosine
2025-12-12 08:15:23,762 MambaPro INFO:   MOE_LOSS_WEIGHT_WARMUP_EPOCHS: 5
2025-12-12 08:15:23,762 MambaPro INFO:   MOE_SPARSITY_LOSS_WEIGHT: 0.0001
2025-12-12 08:15:23,762 MambaPro INFO:   MOE_USE_DYNAMIC_LOSS_WEIGHT: false
2025-12-12 08:15:23,762 MambaPro INFO:   MOMENTUM: 0.9
2025-12-12 08:15:23,762 MambaPro INFO:   OPTIMIZER_NAME: Adam
2025-12-12 08:15:23,762 MambaPro INFO:   RANGE_ALPHA: 0
2025-12-12 08:15:23,762 MambaPro INFO:   RANGE_BETA: 1
2025-12-12 08:15:23,762 MambaPro INFO:   RANGE_K: 2
2025-12-12 08:15:23,762 MambaPro INFO:   RANGE_LOSS_WEIGHT: 1
2025-12-12 08:15:23,762 MambaPro INFO:   RANGE_MARGIN: 0.3
2025-12-12 08:15:23,762 MambaPro INFO:   SEED: 42
2025-12-12 08:15:23,762 MambaPro INFO:   STEPS:
2025-12-12 08:15:23,762 MambaPro INFO:   - 30
2025-12-12 08:15:23,762 MambaPro INFO:   - 50
2025-12-12 08:15:23,762 MambaPro INFO:   WARMUP_FACTOR: 0.01
2025-12-12 08:15:23,762 MambaPro INFO:   WARMUP_ITERS: 20
2025-12-12 08:15:23,762 MambaPro INFO:   WARMUP_METHOD: linear
2025-12-12 08:15:23,762 MambaPro INFO:   WEIGHT_DECAY: 0.0005
2025-12-12 08:15:23,762 MambaPro INFO:   WEIGHT_DECAY_BIAS: 0.0005
2025-12-12 08:15:23,762 MambaPro INFO: TEST:
2025-12-12 08:15:23,762 MambaPro INFO:   FEAT: 0
2025-12-12 08:15:23,762 MambaPro INFO:   FEAT_NORM: 'yes'
2025-12-12 08:15:23,762 MambaPro INFO:   IMS_PER_BATCH: 64
2025-12-12 08:15:23,762 MambaPro INFO:   MISS: nothing
2025-12-12 08:15:23,762 MambaPro INFO:   NECK_FEAT: after
2025-12-12 08:15:23,762 MambaPro INFO:   RE_RANKING: 'no'
2025-12-12 08:15:23,762 MambaPro INFO:   WEIGHT: /home/zubuntu/workspace/yzy/MambaPro/pths/MambaProbest.pth
2025-12-12 08:15:23,762 MambaPro INFO: ================================================================================
2025-12-12 08:15:25,797 MambaPro.train INFO: start training
2025-12-12 08:15:46,006 MambaPro.train INFO: Epoch 1 done. Time per batch: 0.189[s] Speed: 169.6[samples/s]
2025-12-12 08:16:05,836 MambaPro.train INFO: Epoch 2 done. Time per batch: 0.185[s] Speed: 172.7[samples/s]
2025-12-12 08:16:25,776 MambaPro.train INFO: Epoch 3 done. Time per batch: 0.186[s] Speed: 171.7[samples/s]
2025-12-12 08:16:45,602 MambaPro.train INFO: Epoch 4 done. Time per batch: 0.185[s] Speed: 172.7[samples/s]
2025-12-12 08:17:05,467 MambaPro.train INFO: Epoch 5 done. Time per batch: 0.186[s] Speed: 172.4[samples/s]
2025-12-12 08:17:13,060 MambaPro.train INFO: Validation Results - Epoch: 5
2025-12-12 08:17:13,060 MambaPro.train INFO: Current mAP: 43.0%
2025-12-12 08:17:13,060 MambaPro.train INFO: CMC curve, Rank-1  :48.4%
2025-12-12 08:17:13,060 MambaPro.train INFO: CMC curve, Rank-5  :62.3%
2025-12-12 08:17:13,060 MambaPro.train INFO: CMC curve, Rank-10 :70.2%
2025-12-12 08:17:13,062 MambaPro.train INFO: 🎯 New Best! Saving model...
2025-12-12 08:17:13,454 MambaPro.train INFO: [Epoch 5] 指标集合列表（历史）
2025-12-12 08:17:13,454 MambaPro.train INFO: history_mAP:{43.0}
2025-12-12 08:17:13,454 MambaPro.train INFO: best_mAP:{43.0}
2025-12-12 08:17:13,454 MambaPro.train INFO: history_Rank-1:{48.4}
2025-12-12 08:17:13,454 MambaPro.train INFO: best_Rank-1:{48.4}
2025-12-12 08:17:13,454 MambaPro.train INFO: history_Rank-5:{62.3}
2025-12-12 08:17:13,454 MambaPro.train INFO: best_Rank-5:{62.3}
2025-12-12 08:17:13,454 MambaPro.train INFO: history_Rank-10:{70.2}
2025-12-12 08:17:13,454 MambaPro.train INFO: best_Rank-10:{70.2}
2025-12-12 08:17:13,454 MambaPro.train INFO: history_Experts:{[0.35 , 0.34 , 0.31]}
2025-12-12 08:17:13,454 MambaPro.train INFO: best_Experts:{[0.35 , 0.34 , 0.31]}
2025-12-12 08:17:13,454 MambaPro.train INFO: 🔥 MoE损失(Val): 平衡=0.0000, 稀疏性=0.9985, 多样性=2.6545, 总=0.0028 (权重: 平衡=0.001, 稀疏性=0.000, 多样性=0.001)
2025-12-12 08:17:13,454 MambaPro.train INFO:    📊 专家权重分布(Val): [0.35 , 0.34 , 0.31]
2025-12-12 08:17:33,489 MambaPro.train INFO: Epoch 6 done. Time per batch: 0.186[s] Speed: 172.0[samples/s]
2025-12-12 08:17:53,379 MambaPro.train INFO: Epoch 7 done. Time per batch: 0.186[s] Speed: 172.1[samples/s]
2025-12-12 08:18:13,306 MambaPro.train INFO: Epoch 8 done. Time per batch: 0.186[s] Speed: 171.8[samples/s]
2025-12-12 08:18:33,209 MambaPro.train INFO: Epoch 9 done. Time per batch: 0.186[s] Speed: 172.0[samples/s]
2025-12-12 08:18:53,136 MambaPro.train INFO: Epoch 10 done. Time per batch: 0.186[s] Speed: 171.8[samples/s]
2025-12-12 08:19:01,089 MambaPro.train INFO: Validation Results - Epoch: 10
2025-12-12 08:19:01,089 MambaPro.train INFO: Current mAP: 47.0%
2025-12-12 08:19:01,089 MambaPro.train INFO: CMC curve, Rank-1  :51.7%
2025-12-12 08:19:01,089 MambaPro.train INFO: CMC curve, Rank-5  :69.0%
2025-12-12 08:19:01,089 MambaPro.train INFO: CMC curve, Rank-10 :79.2%
2025-12-12 08:19:01,090 MambaPro.train INFO: 🎯 New Best! Saving model...
2025-12-12 08:19:01,708 MambaPro.train INFO: [Epoch 10] 指标集合列表（历史）
2025-12-12 08:19:01,709 MambaPro.train INFO: history_mAP:{43.0 , 47.0}
2025-12-12 08:19:01,709 MambaPro.train INFO: best_mAP:{47.0}
2025-12-12 08:19:01,709 MambaPro.train INFO: history_Rank-1:{48.4 , 51.7}
2025-12-12 08:19:01,709 MambaPro.train INFO: best_Rank-1:{51.7}
2025-12-12 08:19:01,709 MambaPro.train INFO: history_Rank-5:{62.3 , 69.0}
2025-12-12 08:19:01,709 MambaPro.train INFO: best_Rank-5:{69.0}
2025-12-12 08:19:01,709 MambaPro.train INFO: history_Rank-10:{70.2 , 79.2}
2025-12-12 08:19:01,709 MambaPro.train INFO: best_Rank-10:{79.2}
2025-12-12 08:19:01,709 MambaPro.train INFO: history_Experts:{[0.35 , 0.34 , 0.31] , [0.37 , 0.34 , 0.29]}
2025-12-12 08:19:01,709 MambaPro.train INFO: best_Experts:{[0.37 , 0.34 , 0.29]}
2025-12-12 08:19:01,709 MambaPro.train INFO: 🔥 MoE损失(Val): 平衡=0.0000, 稀疏性=0.9954, 多样性=2.6304, 总=0.0027 (权重: 平衡=0.001, 稀疏性=0.000, 多样性=0.001)
2025-12-12 08:19:01,709 MambaPro.train INFO:    📊 专家权重分布(Val): [0.37 , 0.34 , 0.29]
2025-12-12 08:19:21,662 MambaPro.train INFO: Epoch 11 done. Time per batch: 0.187[s] Speed: 171.1[samples/s]
2025-12-12 08:19:41,683 MambaPro.train INFO: Epoch 12 done. Time per batch: 0.187[s] Speed: 171.0[samples/s]
2025-12-12 08:20:01,711 MambaPro.train INFO: Epoch 13 done. Time per batch: 0.187[s] Speed: 171.0[samples/s]
2025-12-12 08:20:21,669 MambaPro.train INFO: Epoch 14 done. Time per batch: 0.187[s] Speed: 171.6[samples/s]
2025-12-12 08:20:41,702 MambaPro.train INFO: Epoch 15 done. Time per batch: 0.187[s] Speed: 170.9[samples/s]
2025-12-12 08:20:49,256 MambaPro.train INFO: Validation Results - Epoch: 15
2025-12-12 08:20:49,256 MambaPro.train INFO: Current mAP: 54.0%
2025-12-12 08:20:49,256 MambaPro.train INFO: CMC curve, Rank-1  :55.9%
2025-12-12 08:20:49,256 MambaPro.train INFO: CMC curve, Rank-5  :67.7%
2025-12-12 08:20:49,256 MambaPro.train INFO: CMC curve, Rank-10 :75.6%
2025-12-12 08:20:49,257 MambaPro.train INFO: 🎯 New Best! Saving model...
2025-12-12 08:20:49,885 MambaPro.train INFO: [Epoch 15] 指标集合列表（历史）
2025-12-12 08:20:49,885 MambaPro.train INFO: history_mAP:{43.0 , 47.0 , 54.0}
2025-12-12 08:20:49,885 MambaPro.train INFO: best_mAP:{54.0}
2025-12-12 08:20:49,885 MambaPro.train INFO: history_Rank-1:{48.4 , 51.7 , 55.9}
2025-12-12 08:20:49,885 MambaPro.train INFO: best_Rank-1:{55.9}
2025-12-12 08:20:49,885 MambaPro.train INFO: history_Rank-5:{62.3 , 69.0 , 67.7}
2025-12-12 08:20:49,885 MambaPro.train INFO: best_Rank-5:{69.0}
2025-12-12 08:20:49,885 MambaPro.train INFO: history_Rank-10:{70.2 , 79.2 , 75.6}
2025-12-12 08:20:49,885 MambaPro.train INFO: best_Rank-10:{79.2}
2025-12-12 08:20:49,885 MambaPro.train INFO: history_Experts:{[0.35 , 0.34 , 0.31] , [0.37 , 0.34 , 0.29] , [0.40 , 0.34 , 0.26]}
2025-12-12 08:20:49,885 MambaPro.train INFO: best_Experts:{[0.40 , 0.34 , 0.26]}
2025-12-12 08:20:49,885 MambaPro.train INFO: 🔥 MoE损失(Val): 平衡=0.0000, 稀疏性=0.9838, 多样性=2.5413, 总=0.0026 (权重: 平衡=0.001, 稀疏性=0.000, 多样性=0.001)
2025-12-12 08:20:49,885 MambaPro.train INFO:    📊 专家权重分布(Val): [0.40 , 0.34 , 0.26]
2025-12-12 08:21:10,018 MambaPro.train INFO: Epoch 16 done. Time per batch: 0.187[s] Speed: 171.2[samples/s]
2025-12-12 08:21:29,923 MambaPro.train INFO: Epoch 17 done. Time per batch: 0.186[s] Speed: 172.0[samples/s]
2025-12-12 08:21:49,787 MambaPro.train INFO: Epoch 18 done. Time per batch: 0.187[s] Speed: 170.8[samples/s]
2025-12-12 08:22:09,776 MambaPro.train INFO: Epoch 19 done. Time per batch: 0.187[s] Speed: 171.3[samples/s]
2025-12-12 08:22:29,748 MambaPro.train INFO: Epoch 20 done. Time per batch: 0.187[s] Speed: 171.4[samples/s]
2025-12-12 08:22:37,742 MambaPro.train INFO: Validation Results - Epoch: 20
2025-12-12 08:22:37,742 MambaPro.train INFO: Current mAP: 49.5%
2025-12-12 08:22:37,742 MambaPro.train INFO: CMC curve, Rank-1  :47.7%
2025-12-12 08:22:37,742 MambaPro.train INFO: CMC curve, Rank-5  :63.5%
2025-12-12 08:22:37,742 MambaPro.train INFO: CMC curve, Rank-10 :72.5%
2025-12-12 08:22:37,743 MambaPro.train INFO: [Epoch 20] 指标集合列表（历史）
2025-12-12 08:22:37,743 MambaPro.train INFO: history_mAP:{43.0 , 47.0 , 54.0 , 49.5}
2025-12-12 08:22:37,743 MambaPro.train INFO: best_mAP:{54.0}
2025-12-12 08:22:37,743 MambaPro.train INFO: history_Rank-1:{48.4 , 51.7 , 55.9 , 47.7}
2025-12-12 08:22:37,743 MambaPro.train INFO: best_Rank-1:{55.9}
2025-12-12 08:22:37,743 MambaPro.train INFO: history_Rank-5:{62.3 , 69.0 , 67.7 , 63.5}
2025-12-12 08:22:37,743 MambaPro.train INFO: best_Rank-5:{69.0}
2025-12-12 08:22:37,743 MambaPro.train INFO: history_Rank-10:{70.2 , 79.2 , 75.6 , 72.5}
2025-12-12 08:22:37,743 MambaPro.train INFO: best_Rank-10:{79.2}
2025-12-12 08:22:37,743 MambaPro.train INFO: history_Experts:{[0.35 , 0.34 , 0.31] , [0.37 , 0.34 , 0.29] , [0.40 , 0.34 , 0.26] , [0.60 , 0.24 , 0.15]}
2025-12-12 08:22:37,743 MambaPro.train INFO: best_Experts:{[0.40 , 0.34 , 0.26]}
2025-12-12 08:22:37,743 MambaPro.train INFO: 🔥 MoE损失(Val): 平衡=0.1050, 稀疏性=0.8309, 多样性=1.6556, 总=0.0018 (权重: 平衡=0.001, 稀疏性=0.000, 多样性=0.001)
2025-12-12 08:22:37,743 MambaPro.train INFO:    📊 专家权重分布(Val): [0.60 , 0.24 , 0.15]
2025-12-12 08:22:57,677 MambaPro.train INFO: Epoch 21 done. Time per batch: 0.187[s] Speed: 171.3[samples/s]
2025-12-12 08:23:17,774 MambaPro.train INFO: Epoch 22 done. Time per batch: 0.188[s] Speed: 170.4[samples/s]
2025-12-12 08:23:37,777 MambaPro.train INFO: Epoch 23 done. Time per batch: 0.187[s] Speed: 171.2[samples/s]
2025-12-12 08:23:57,811 MambaPro.train INFO: Epoch 24 done. Time per batch: 0.187[s] Speed: 170.9[samples/s]
2025-12-12 08:24:17,537 MambaPro.train INFO: Epoch 25 done. Time per batch: 0.186[s] Speed: 172.0[samples/s]
2025-12-12 08:24:25,027 MambaPro.train INFO: Validation Results - Epoch: 25
2025-12-12 08:24:25,027 MambaPro.train INFO: Current mAP: 72.8%
2025-12-12 08:24:25,027 MambaPro.train INFO: CMC curve, Rank-1  :76.7%
2025-12-12 08:24:25,027 MambaPro.train INFO: CMC curve, Rank-5  :86.5%
2025-12-12 08:24:25,027 MambaPro.train INFO: CMC curve, Rank-10 :90.2%
2025-12-12 08:24:25,027 MambaPro.train INFO: 🎯 New Best! Saving model...
2025-12-12 08:24:25,658 MambaPro.train INFO: [Epoch 25] 指标集合列表（历史）
2025-12-12 08:24:25,658 MambaPro.train INFO: history_mAP:{43.0 , 47.0 , 54.0 , 49.5 , 72.8}
2025-12-12 08:24:25,658 MambaPro.train INFO: best_mAP:{72.8}
2025-12-12 08:24:25,658 MambaPro.train INFO: history_Rank-1:{48.4 , 51.7 , 55.9 , 47.7 , 76.7}
2025-12-12 08:24:25,658 MambaPro.train INFO: best_Rank-1:{76.7}
2025-12-12 08:24:25,658 MambaPro.train INFO: history_Rank-5:{62.3 , 69.0 , 67.7 , 63.5 , 86.5}
2025-12-12 08:24:25,658 MambaPro.train INFO: best_Rank-5:{86.5}
2025-12-12 08:24:25,658 MambaPro.train INFO: history_Rank-10:{70.2 , 79.2 , 75.6 , 72.5 , 90.2}
2025-12-12 08:24:25,658 MambaPro.train INFO: best_Rank-10:{90.2}
2025-12-12 08:24:25,658 MambaPro.train INFO: history_Experts:{[0.35 , 0.34 , 0.31] , [0.37 , 0.34 , 0.29] , [0.40 , 0.34 , 0.26] , [0.60 , 0.24 , 0.15] , [0.81 , 0.11 , 0.08]}
2025-12-12 08:24:25,658 MambaPro.train INFO: best_Experts:{[0.81 , 0.11 , 0.08]}
2025-12-12 08:24:25,658 MambaPro.train INFO: 🔥 MoE损失(Val): 平衡=0.5286, 稀疏性=0.4973, 多样性=0.6614, 总=0.0012 (权重: 平衡=0.001, 稀疏性=0.000, 多样性=0.001)
2025-12-12 08:24:25,658 MambaPro.train INFO:    📊 专家权重分布(Val): [0.81 , 0.11 , 0.08]
2025-12-12 08:24:45,771 MambaPro.train INFO: Epoch 26 done. Time per batch: 0.187[s] Speed: 171.4[samples/s]
2025-12-12 08:25:05,809 MambaPro.train INFO: Epoch 27 done. Time per batch: 0.187[s] Speed: 170.9[samples/s]
2025-12-12 08:25:25,869 MambaPro.train INFO: Epoch 28 done. Time per batch: 0.187[s] Speed: 170.7[samples/s]
2025-12-12 08:25:45,875 MambaPro.train INFO: Epoch 29 done. Time per batch: 0.187[s] Speed: 171.2[samples/s]
2025-12-12 08:26:05,874 MambaPro.train INFO: Epoch 30 done. Time per batch: 0.187[s] Speed: 171.2[samples/s]
2025-12-12 08:26:13,783 MambaPro.train INFO: Validation Results - Epoch: 30
2025-12-12 08:26:13,783 MambaPro.train INFO: Current mAP: 75.4%
2025-12-12 08:26:13,783 MambaPro.train INFO: CMC curve, Rank-1  :80.4%
2025-12-12 08:26:13,783 MambaPro.train INFO: CMC curve, Rank-5  :87.7%
2025-12-12 08:26:13,783 MambaPro.train INFO: CMC curve, Rank-10 :92.7%
2025-12-12 08:26:13,784 MambaPro.train INFO: 🎯 New Best! Saving model...
2025-12-12 08:26:14,430 MambaPro.train INFO: [Epoch 30] 指标集合列表（历史）
2025-12-12 08:26:14,431 MambaPro.train INFO: history_mAP:{43.0 , 47.0 , 54.0 , 49.5 , 72.8 , 75.4}
2025-12-12 08:26:14,431 MambaPro.train INFO: best_mAP:{75.4}
2025-12-12 08:26:14,431 MambaPro.train INFO: history_Rank-1:{48.4 , 51.7 , 55.9 , 47.7 , 76.7 , 80.4}
2025-12-12 08:26:14,431 MambaPro.train INFO: best_Rank-1:{80.4}
2025-12-12 08:26:14,431 MambaPro.train INFO: history_Rank-5:{62.3 , 69.0 , 67.7 , 63.5 , 86.5 , 87.7}
2025-12-12 08:26:14,431 MambaPro.train INFO: best_Rank-5:{87.7}
2025-12-12 08:26:14,431 MambaPro.train INFO: history_Rank-10:{70.2 , 79.2 , 75.6 , 72.5 , 90.2 , 92.7}
2025-12-12 08:26:14,431 MambaPro.train INFO: best_Rank-10:{92.7}
2025-12-12 08:26:14,431 MambaPro.train INFO: history_Experts:{[0.35 , 0.34 , 0.31] , [0.37 , 0.34 , 0.29] , [0.40 , 0.34 , 0.26] , [0.60 , 0.24 , 0.15] , [0.81 , 0.11 , 0.08] , [0.87 , 0.07 , 0.06]}
2025-12-12 08:26:14,431 MambaPro.train INFO: best_Experts:{[0.87 , 0.07 , 0.06]}
2025-12-12 08:26:14,431 MambaPro.train INFO: 🔥 MoE损失(Val): 平衡=0.7447, 稀疏性=0.3503, 多样性=0.4063, 总=0.0012 (权重: 平衡=0.001, 稀疏性=0.000, 多样性=0.001)
2025-12-12 08:26:14,431 MambaPro.train INFO:    📊 专家权重分布(Val): [0.87 , 0.07 , 0.06]
2025-12-12 08:26:34,558 MambaPro.train INFO: Epoch 31 done. Time per batch: 0.187[s] Speed: 171.3[samples/s]
2025-12-12 08:26:54,394 MambaPro.train INFO: Epoch 32 done. Time per batch: 0.187[s] Speed: 171.0[samples/s]
2025-12-12 08:27:14,405 MambaPro.train INFO: Epoch 33 done. Time per batch: 0.187[s] Speed: 171.1[samples/s]
2025-12-12 08:27:34,225 MambaPro.train INFO: Epoch 34 done. Time per batch: 0.187[s] Speed: 171.1[samples/s]
2025-12-12 08:27:54,205 MambaPro.train INFO: Epoch 35 done. Time per batch: 0.187[s] Speed: 171.4[samples/s]
2025-12-12 08:28:01,726 MambaPro.train INFO: Validation Results - Epoch: 35
2025-12-12 08:28:01,726 MambaPro.train INFO: Current mAP: 74.8%
2025-12-12 08:28:01,726 MambaPro.train INFO: CMC curve, Rank-1  :77.5%
2025-12-12 08:28:01,726 MambaPro.train INFO: CMC curve, Rank-5  :84.9%
2025-12-12 08:28:01,726 MambaPro.train INFO: CMC curve, Rank-10 :89.1%
2025-12-12 08:28:01,727 MambaPro.train INFO: [Epoch 35] 指标集合列表（历史）
2025-12-12 08:28:01,727 MambaPro.train INFO: history_mAP:{43.0 , 47.0 , 54.0 , 49.5 , 72.8 , 75.4 , 74.8}
2025-12-12 08:28:01,727 MambaPro.train INFO: best_mAP:{75.4}
2025-12-12 08:28:01,727 MambaPro.train INFO: history_Rank-1:{48.4 , 51.7 , 55.9 , 47.7 , 76.7 , 80.4 , 77.5}
2025-12-12 08:28:01,727 MambaPro.train INFO: best_Rank-1:{80.4}
2025-12-12 08:28:01,727 MambaPro.train INFO: history_Rank-5:{62.3 , 69.0 , 67.7 , 63.5 , 86.5 , 87.7 , 84.9}
2025-12-12 08:28:01,727 MambaPro.train INFO: best_Rank-5:{87.7}
2025-12-12 08:28:01,727 MambaPro.train INFO: history_Rank-10:{70.2 , 79.2 , 75.6 , 72.5 , 90.2 , 92.7 , 89.1}
2025-12-12 08:28:01,727 MambaPro.train INFO: best_Rank-10:{92.7}
2025-12-12 08:28:01,727 MambaPro.train INFO: history_Experts:{[0.35 , 0.34 , 0.31] , [0.37 , 0.34 , 0.29] , [0.40 , 0.34 , 0.26] , [0.60 , 0.24 , 0.15] , [0.81 , 0.11 , 0.08] , [0.87 , 0.07 , 0.06] , [0.90 , 0.05 , 0.04]}
2025-12-12 08:28:01,727 MambaPro.train INFO: best_Experts:{[0.87 , 0.07 , 0.06]}
2025-12-12 08:28:01,727 MambaPro.train INFO: 🔥 MoE损失(Val): 平衡=0.8715, 稀疏性=0.2668, 多样性=0.2884, 总=0.0012 (权重: 平衡=0.001, 稀疏性=0.000, 多样性=0.001)
2025-12-12 08:28:01,727 MambaPro.train INFO:    📊 专家权重分布(Val): [0.90 , 0.05 , 0.04]
2025-12-12 08:28:21,877 MambaPro.train INFO: Epoch 36 done. Time per batch: 0.187[s] Speed: 171.1[samples/s]
2025-12-12 08:28:41,932 MambaPro.train INFO: Epoch 37 done. Time per batch: 0.187[s] Speed: 170.7[samples/s]
2025-12-12 08:29:01,766 MambaPro.train INFO: Epoch 38 done. Time per batch: 0.187[s] Speed: 171.0[samples/s]
2025-12-12 08:29:21,893 MambaPro.train INFO: Epoch 39 done. Time per batch: 0.188[s] Speed: 170.1[samples/s]
2025-12-12 08:29:41,663 MambaPro.train INFO: Epoch 40 done. Time per batch: 0.187[s] Speed: 171.6[samples/s]
2025-12-12 08:29:49,703 MambaPro.train INFO: Validation Results - Epoch: 40
2025-12-12 08:29:49,703 MambaPro.train INFO: Current mAP: 75.8%
2025-12-12 08:29:49,703 MambaPro.train INFO: CMC curve, Rank-1  :79.4%
2025-12-12 08:29:49,704 MambaPro.train INFO: CMC curve, Rank-5  :87.9%
2025-12-12 08:29:49,704 MambaPro.train INFO: CMC curve, Rank-10 :91.9%
2025-12-12 08:29:49,704 MambaPro.train INFO: 🎯 New Best! Saving model...
2025-12-12 08:29:50,349 MambaPro.train INFO: [Epoch 40] 指标集合列表（历史）
2025-12-12 08:29:50,349 MambaPro.train INFO: history_mAP:{43.0 , 47.0 , 54.0 , 49.5 , 72.8 , 75.4 , 74.8 , 75.8}
2025-12-12 08:29:50,349 MambaPro.train INFO: best_mAP:{75.8}
2025-12-12 08:29:50,349 MambaPro.train INFO: history_Rank-1:{48.4 , 51.7 , 55.9 , 47.7 , 76.7 , 80.4 , 77.5 , 79.4}
2025-12-12 08:29:50,349 MambaPro.train INFO: best_Rank-1:{80.4}
2025-12-12 08:29:50,349 MambaPro.train INFO: history_Rank-5:{62.3 , 69.0 , 67.7 , 63.5 , 86.5 , 87.7 , 84.9 , 87.9}
2025-12-12 08:29:50,349 MambaPro.train INFO: best_Rank-5:{87.9}
2025-12-12 08:29:50,349 MambaPro.train INFO: history_Rank-10:{70.2 , 79.2 , 75.6 , 72.5 , 90.2 , 92.7 , 89.1 , 91.9}
2025-12-12 08:29:50,349 MambaPro.train INFO: best_Rank-10:{92.7}
2025-12-12 08:29:50,349 MambaPro.train INFO: history_Experts:{[0.35 , 0.34 , 0.31] , [0.37 , 0.34 , 0.29] , [0.40 , 0.34 , 0.26] , [0.60 , 0.24 , 0.15] , [0.81 , 0.11 , 0.08] , [0.87 , 0.07 , 0.06] , [0.90 , 0.05 , 0.04] , [0.92 , 0.04 , 0.03]}
2025-12-12 08:29:50,349 MambaPro.train INFO: best_Experts:{[0.92 , 0.04 , 0.03]}
2025-12-12 08:29:50,350 MambaPro.train INFO: 🔥 MoE损失(Val): 平衡=0.9420, 稀疏性=0.2210, 多样性=0.2304, 总=0.0012 (权重: 平衡=0.001, 稀疏性=0.000, 多样性=0.001)
2025-12-12 08:29:50,350 MambaPro.train INFO:    📊 专家权重分布(Val): [0.92 , 0.04 , 0.03]
2025-12-12 08:30:10,509 MambaPro.train INFO: Epoch 41 done. Time per batch: 0.187[s] Speed: 171.0[samples/s]
2025-12-12 08:30:30,638 MambaPro.train INFO: Epoch 42 done. Time per batch: 0.188[s] Speed: 170.1[samples/s]
2025-12-12 08:30:50,709 MambaPro.train INFO: Epoch 43 done. Time per batch: 0.188[s] Speed: 170.6[samples/s]
2025-12-12 08:31:10,803 MambaPro.train INFO: Epoch 44 done. Time per batch: 0.188[s] Speed: 170.4[samples/s]
2025-12-12 08:31:30,886 MambaPro.train INFO: Epoch 45 done. Time per batch: 0.188[s] Speed: 170.5[samples/s]
2025-12-12 08:31:38,446 MambaPro.train INFO: Validation Results - Epoch: 45
2025-12-12 08:31:38,446 MambaPro.train INFO: Current mAP: 75.4%
2025-12-12 08:31:38,446 MambaPro.train INFO: CMC curve, Rank-1  :79.2%
2025-12-12 08:31:38,446 MambaPro.train INFO: CMC curve, Rank-5  :87.2%
2025-12-12 08:31:38,447 MambaPro.train INFO: CMC curve, Rank-10 :90.2%
2025-12-12 08:31:38,447 MambaPro.train INFO: [Epoch 45] 指标集合列表（历史）
2025-12-12 08:31:38,447 MambaPro.train INFO: history_mAP:{43.0 , 47.0 , 54.0 , 49.5 , 72.8 , 75.4 , 74.8 , 75.8 , 75.4}
2025-12-12 08:31:38,447 MambaPro.train INFO: best_mAP:{75.8}
2025-12-12 08:31:38,447 MambaPro.train INFO: history_Rank-1:{48.4 , 51.7 , 55.9 , 47.7 , 76.7 , 80.4 , 77.5 , 79.4 , 79.2}
2025-12-12 08:31:38,447 MambaPro.train INFO: best_Rank-1:{80.4}
2025-12-12 08:31:38,447 MambaPro.train INFO: history_Rank-5:{62.3 , 69.0 , 67.7 , 63.5 , 86.5 , 87.7 , 84.9 , 87.9 , 87.2}
2025-12-12 08:31:38,447 MambaPro.train INFO: best_Rank-5:{87.9}
2025-12-12 08:31:38,447 MambaPro.train INFO: history_Rank-10:{70.2 , 79.2 , 75.6 , 72.5 , 90.2 , 92.7 , 89.1 , 91.9}
2025-12-12 08:31:38,447 MambaPro.train INFO: best_Rank-10:{92.7}
2025-12-12 08:31:38,447 MambaPro.train INFO: history_Experts:{[0.35 , 0.34 , 0.31] , [0.37 , 0.34 , 0.29] , [0.40 , 0.34 , 0.26] , [0.60 , 0.24 , 0.15] , [0.81 , 0.11 , 0.08] , [0.87 , 0.07 , 0.06] , [0.90 , 0.05 , 0.04] , [0.92 , 0.04 , 0.03] , [0.93 , 0.04 , 0.03]}
2025-12-12 08:31:38,447 MambaPro.train INFO: best_Experts:{[0.92 , 0.04 , 0.03]}
2025-12-12 08:31:38,447 MambaPro.train INFO: 🔥 MoE损失(Val): 平衡=0.9867, 稀疏性=0.1921, 多样性=0.1959, 总=0.0012 (权重: 平衡=0.001, 稀疏性=0.000, 多样性=0.001)
2025-12-12 08:31:38,447 MambaPro.train INFO:    📊 专家权重分布(Val): [0.93 , 0.04 , 0.03]
2025-12-12 08:31:58,548 MambaPro.train INFO: Epoch 46 done. Time per batch: 0.187[s] Speed: 171.5[samples/s]
2025-12-12 08:32:18,630 MambaPro.train INFO: Epoch 47 done. Time per batch: 0.188[s] Speed: 170.5[samples/s]
2025-12-12 08:32:38,531 MambaPro.train INFO: Epoch 48 done. Time per batch: 0.188[s] Speed: 170.4[samples/s]
2025-12-12 08:32:58,614 MambaPro.train INFO: Epoch 49 done. Time per batch: 0.188[s] Speed: 170.5[samples/s]
2025-12-12 08:33:18,733 MambaPro.train INFO: Epoch 50 done. Time per batch: 0.188[s] Speed: 170.2[samples/s]
2025-12-12 08:33:26,629 MambaPro.train INFO: Validation Results - Epoch: 50
2025-12-12 08:33:26,629 MambaPro.train INFO: Current mAP: 75.8%
2025-12-12 08:33:26,629 MambaPro.train INFO: CMC curve, Rank-1  :78.7%
2025-12-12 08:33:26,629 MambaPro.train INFO: CMC curve, Rank-5  :87.4%
2025-12-12 08:33:26,629 MambaPro.train INFO: CMC curve, Rank-10 :91.6%
2025-12-12 08:33:26,630 MambaPro.train INFO: [Epoch 50] 指标集合列表（历史）
2025-12-12 08:33:26,630 MambaPro.train INFO: history_mAP:{43.0 , 47.0 , 54.0 , 49.5 , 72.8 , 75.4 , 74.8 , 75.8 , 75.4 , 75.8}
2025-12-12 08:33:26,630 MambaPro.train INFO: best_mAP:{75.8}
2025-12-12 08:33:26,630 MambaPro.train INFO: history_Rank-1:{48.4 , 51.7 , 55.9 , 47.7 , 76.7 , 80.4 , 77.5 , 79.4 , 79.2 , 78.7}
2025-12-12 08:33:26,630 MambaPro.train INFO: best_Rank-1:{80.4}
2025-12-12 08:33:26,630 MambaPro.train INFO: history_Rank-5:{62.3 , 69.0 , 67.7 , 63.5 , 86.5 , 87.7 , 84.9 , 87.9 , 87.2 , 87.4}
2025-12-12 08:33:26,630 MambaPro.train INFO: best_Rank-5:{87.9}
2025-12-12 08:33:26,630 MambaPro.train INFO: history_Rank-10:{70.2 , 79.2 , 75.6 , 72.5 , 90.2 , 92.7 , 89.1 , 91.9 , 91.6}
2025-12-12 08:33:26,630 MambaPro.train INFO: best_Rank-10:{92.7}
2025-12-12 08:33:26,630 MambaPro.train INFO: history_Experts:{[0.35 , 0.34 , 0.31] , [0.37 , 0.34 , 0.29] , [0.40 , 0.34 , 0.26] , [0.60 , 0.24 , 0.15] , [0.81 , 0.11 , 0.08] , [0.87 , 0.07 , 0.06] , [0.90 , 0.05 , 0.04] , [0.92 , 0.04 , 0.03] , [0.93 , 0.04 , 0.03] , [0.94 , 0.03 , 0.03]}
2025-12-12 08:33:26,630 MambaPro.train INFO: best_Experts:{[0.92 , 0.04 , 0.03]}
2025-12-12 08:33:26,630 MambaPro.train INFO: 🔥 MoE损失(Val): 平衡=1.0181, 稀疏性=0.1720, 多样性=0.1727, 总=0.0012 (权重: 平衡=0.001, 稀疏性=0.000, 多样性=0.001)
2025-12-12 08:33:26,630 MambaPro.train INFO:    📊 专家权重分布(Val): [0.94 , 0.03 , 0.03]
2025-12-12 08:33:46,643 MambaPro.train INFO: Epoch 51 done. Time per batch: 0.188[s] Speed: 170.6[samples/s]
2025-12-12 08:34:06,628 MambaPro.train INFO: Epoch 52 done. Time per batch: 0.189[s] Speed: 169.7[samples/s]
2025-12-12 08:34:26,706 MambaPro.train INFO: Epoch 53 done. Time per batch: 0.188[s] Speed: 170.5[samples/s]
2025-12-12 08:34:46,793 MambaPro.train INFO: Epoch 54 done. Time per batch: 0.188[s] Speed: 170.5[samples/s]
2025-12-12 08:35:06,828 MambaPro.train INFO: Epoch 55 done. Time per batch: 0.187[s] Speed: 170.9[samples/s]
2025-12-12 08:35:14,382 MambaPro.train INFO: Validation Results - Epoch: 55
2025-12-12 08:35:14,382 MambaPro.train INFO: Current mAP: 76.7%
2025-12-12 08:35:14,382 MambaPro.train INFO: CMC curve, Rank-1  :80.5%
2025-12-12 08:35:14,382 MambaPro.train INFO: CMC curve, Rank-5  :88.0%
2025-12-12 08:35:14,382 MambaPro.train INFO: CMC curve, Rank-10 :91.9%
2025-12-12 08:35:14,383 MambaPro.train INFO: 🎯 New Best! Saving model...
2025-12-12 08:35:15,065 MambaPro.train INFO: [Epoch 55] 指标集合列表（历史）
2025-12-12 08:35:15,066 MambaPro.train INFO: history_mAP:{43.0 , 47.0 , 54.0 , 49.5 , 72.8 , 75.4 , 74.8 , 75.8 , 75.4 , 75.8 , 76.7}
2025-12-12 08:35:15,066 MambaPro.train INFO: best_mAP:{76.7}
2025-12-12 08:35:15,066 MambaPro.train INFO: history_Rank-1:{48.4 , 51.7 , 55.9 , 47.7 , 76.7 , 80.4 , 77.5 , 79.4 , 79.2 , 78.7 , 80.5}
2025-12-12 08:35:15,066 MambaPro.train INFO: best_Rank-1:{80.5}
2025-12-12 08:35:15,066 MambaPro.train INFO: history_Rank-5:{62.3 , 69.0 , 67.7 , 63.5 , 86.5 , 87.7 , 84.9 , 87.9 , 87.2 , 87.4 , 88.0}
2025-12-12 08:35:15,066 MambaPro.train INFO: best_Rank-5:{88.0}
2025-12-12 08:35:15,066 MambaPro.train INFO: history_Rank-10:{70.2 , 79.2 , 75.6 , 72.5 , 90.2 , 92.7 , 89.1 , 91.9 , 91.6}
2025-12-12 08:35:15,066 MambaPro.train INFO: best_Rank-10:{92.7}
2025-12-12 08:35:15,066 MambaPro.train INFO: history_Experts:{[0.35 , 0.34 , 0.31] , [0.37 , 0.34 , 0.29] , [0.40 , 0.34 , 0.26] , [0.60 , 0.24 , 0.15] , [0.81 , 0.11 , 0.08] , [0.87 , 0.07 , 0.06] , [0.90 , 0.05 , 0.04] , [0.92 , 0.04 , 0.03] , [0.93 , 0.04 , 0.03] , [0.94 , 0.03 , 0.03] , [0.95 , 0.03 , 0.02]}
2025-12-12 08:35:15,066 MambaPro.train INFO: best_Experts:{[0.95 , 0.03 , 0.02]}
2025-12-12 08:35:15,066 MambaPro.train INFO: 🔥 MoE损失(Val): 平衡=1.0410, 稀疏性=0.1573, 多样性=0.1562, 总=0.0012 (权重: 平衡=0.001, 稀疏性=0.000, 多样性=0.001)
2025-12-12 08:35:15,066 MambaPro.train INFO:    📊 专家权重分布(Val): [0.95 , 0.03 , 0.02]
2025-12-12 08:35:35,125 MambaPro.train INFO: Epoch 56 done. Time per batch: 0.188[s] Speed: 170.3[samples/s]
2025-12-12 08:35:55,172 MambaPro.train INFO: Epoch 57 done. Time per batch: 0.187[s] Speed: 170.8[samples/s]
2025-12-12 08:36:15,306 MambaPro.train INFO: Epoch 58 done. Time per batch: 0.188[s] Speed: 170.1[samples/s]
2025-12-12 08:36:35,183 MambaPro.train INFO: Epoch 59 done. Time per batch: 0.188[s] Speed: 170.7[samples/s]
2025-12-12 08:36:55,415 MambaPro.train INFO: Epoch 60 done. Time per batch: 0.189[s] Speed: 169.2[samples/s]
2025-12-12 08:37:03,424 MambaPro.train INFO: Validation Results - Epoch: 60
2025-12-12 08:37:03,424 MambaPro.train INFO: Current mAP: 76.7%
2025-12-12 08:37:03,424 MambaPro.train INFO: CMC curve, Rank-1  :80.0%
2025-12-12 08:37:03,424 MambaPro.train INFO: CMC curve, Rank-5  :87.8%
2025-12-12 08:37:03,424 MambaPro.train INFO: CMC curve, Rank-10 :91.7%
2025-12-12 08:37:03,425 MambaPro.train INFO: [Epoch 60] 指标集合列表（历史）
2025-12-12 08:37:03,425 MambaPro.train INFO: history_mAP:{43.0 , 47.0 , 54.0 , 49.5 , 72.8 , 75.4 , 74.8 , 75.8 , 75.4 , 75.8 , 76.7 , 76.7}
2025-12-12 08:37:03,425 MambaPro.train INFO: best_mAP:{76.7}
2025-12-12 08:37:03,425 MambaPro.train INFO: history_Rank-1:{48.4 , 51.7 , 55.9 , 47.7 , 76.7 , 80.4 , 77.5 , 79.4 , 79.2 , 78.7 , 80.5 , 80.0}
2025-12-12 08:37:03,425 MambaPro.train INFO: best_Rank-1:{80.5}
2025-12-12 08:37:03,425 MambaPro.train INFO: history_Rank-5:{62.3 , 69.0 , 67.7 , 63.5 , 86.5 , 87.7 , 84.9 , 87.9 , 87.2 , 87.4 , 88.0 , 87.8}
2025-12-12 08:37:03,425 MambaPro.train INFO: best_Rank-5:{88.0}
2025-12-12 08:37:03,425 MambaPro.train INFO: history_Rank-10:{70.2 , 79.2 , 75.6 , 72.5 , 90.2 , 92.7 , 89.1 , 91.9 , 91.6 , 91.7}
2025-12-12 08:37:03,425 MambaPro.train INFO: best_Rank-10:{92.7}
2025-12-12 08:37:03,425 MambaPro.train INFO: history_Experts:{[0.35 , 0.34 , 0.31] , [0.37 , 0.34 , 0.29] , [0.40 , 0.34 , 0.26] , [0.60 , 0.24 , 0.15] , [0.81 , 0.11 , 0.08] , [0.87 , 0.07 , 0.06] , [0.90 , 0.05 , 0.04] , [0.92 , 0.04 , 0.03] , [0.93 , 0.04 , 0.03] , [0.94 , 0.03 , 0.03] , [0.95 , 0.03 , 0.02] , [0.95 , 0.03 , 0.02]}
2025-12-12 08:37:03,425 MambaPro.train INFO: best_Experts:{[0.95 , 0.03 , 0.02]}
2025-12-12 08:37:03,425 MambaPro.train INFO: 🔥 MoE损失(Val): 平衡=1.0587, 稀疏性=0.1460, 多样性=0.1438, 总=0.0012 (权重: 平衡=0.001, 稀疏性=0.000, 多样性=0.001)
2025-12-12 08:37:03,425 MambaPro.train INFO:    📊 专家权重分布(Val): [0.95 , 0.03 , 0.02]
2025-12-12 08:37:03,560 MambaPro.train INFO: ============================================================
