2025-12-12 12:15:56,810 MambaPro INFO: ================================================================================
2025-12-12 12:15:56,810 MambaPro INFO: 🧾 实验参数快照（命令行 + 最终配置）
2025-12-12 12:15:56,811 MambaPro INFO: ================================================================================
2025-12-12 12:15:56,811 MambaPro INFO: 【复现实验命令】
2025-12-12 12:15:56,811 MambaPro INFO: /home/zubuntu/miniconda/envs/MambaPro/bin/python train_net.py --config_file mybest_model/experiment_20251013_110028/configs/experiment_config.yml OUTPUT_DIR ./outputs/replay_best_tml
2025-12-12 12:15:56,811 MambaPro INFO: 【命令行参数（args）】
2025-12-12 12:15:56,811 MambaPro INFO: {
2025-12-12 12:15:56,811 MambaPro INFO:   "config_file": "mybest_model/experiment_20251013_110028/configs/experiment_config.yml",
2025-12-12 12:15:56,811 MambaPro INFO:   "fea_cft": 0,
2025-12-12 12:15:56,811 MambaPro INFO:   "opts": [
2025-12-12 12:15:56,811 MambaPro INFO:     "OUTPUT_DIR",
2025-12-12 12:15:56,811 MambaPro INFO:     "./outputs/replay_best_tml"
2025-12-12 12:15:56,811 MambaPro INFO:   ],
2025-12-12 12:15:56,811 MambaPro INFO:   "local_rank": 0,
2025-12-12 12:15:56,811 MambaPro INFO:   "use_multi_scale": false,
2025-12-12 12:15:56,811 MambaPro INFO:   "no_multi_scale": false,
2025-12-12 12:15:56,811 MambaPro INFO:   "use_moe": false,
2025-12-12 12:15:56,811 MambaPro INFO:   "disable_moe": false,
2025-12-12 12:15:56,811 MambaPro INFO:   "no_moe": false,
2025-12-12 12:15:56,811 MambaPro INFO:   "use_attention": false,
2025-12-12 12:15:56,811 MambaPro INFO:   "disable_attention": false,
2025-12-12 12:15:56,811 MambaPro INFO:   "attention_heads": 8,
2025-12-12 12:15:56,811 MambaPro INFO:   "attention_dropout": 0.1
2025-12-12 12:15:56,811 MambaPro INFO: }
2025-12-12 12:15:56,811 MambaPro INFO: 【工作目录】/home/zubuntu/workspace/yzy/MambaPro
2025-12-12 12:15:56,811 MambaPro INFO: 【最终配置（YAML）】
2025-12-12 12:15:56,814 MambaPro INFO: DATALOADER:
2025-12-12 12:15:56,814 MambaPro INFO:   NUM_INSTANCE: 8
2025-12-12 12:15:56,814 MambaPro INFO:   NUM_WORKERS: 8
2025-12-12 12:15:56,814 MambaPro INFO:   SAMPLER: softmax_triplet
2025-12-12 12:15:56,814 MambaPro INFO: DATASETS:
2025-12-12 12:15:56,814 MambaPro INFO:   NAMES: RGBNT201
2025-12-12 12:15:56,814 MambaPro INFO:   ROOT_DIR: /home/zubuntu/workspace/yzy/MambaPro/data/
2025-12-12 12:15:56,814 MambaPro INFO: INPUT:
2025-12-12 12:15:56,814 MambaPro INFO:   PADDING: 10
2025-12-12 12:15:56,814 MambaPro INFO:   PIXEL_MEAN:
2025-12-12 12:15:56,814 MambaPro INFO:   - 0.5
2025-12-12 12:15:56,814 MambaPro INFO:   - 0.5
2025-12-12 12:15:56,814 MambaPro INFO:   - 0.5
2025-12-12 12:15:56,814 MambaPro INFO:   PIXEL_STD:
2025-12-12 12:15:56,814 MambaPro INFO:   - 0.5
2025-12-12 12:15:56,814 MambaPro INFO:   - 0.5
2025-12-12 12:15:56,814 MambaPro INFO:   - 0.5
2025-12-12 12:15:56,814 MambaPro INFO:   PROB: 0.5
2025-12-12 12:15:56,814 MambaPro INFO:   RE_PROB: 0.5
2025-12-12 12:15:56,814 MambaPro INFO:   SIZE_TEST:
2025-12-12 12:15:56,814 MambaPro INFO:   - 256
2025-12-12 12:15:56,814 MambaPro INFO:   - 128
2025-12-12 12:15:56,814 MambaPro INFO:   SIZE_TRAIN:
2025-12-12 12:15:56,814 MambaPro INFO:   - 256
2025-12-12 12:15:56,814 MambaPro INFO:   - 128
2025-12-12 12:15:56,814 MambaPro INFO: MODEL:
2025-12-12 12:15:56,814 MambaPro INFO:   ADAPTER: true
2025-12-12 12:15:56,814 MambaPro INFO:   ATTENTION_DIM: 512
2025-12-12 12:15:56,814 MambaPro INFO:   ATTENTION_DROPOUT: 0.1
2025-12-12 12:15:56,814 MambaPro INFO:   ATTENTION_NUM_HEADS: 8
2025-12-12 12:15:56,814 MambaPro INFO:   ATT_DROP_RATE: 0.0
2025-12-12 12:15:56,814 MambaPro INFO:   CLIP_MULTI_SCALE_SCALES:
2025-12-12 12:15:56,814 MambaPro INFO:   - 4
2025-12-12 12:15:56,814 MambaPro INFO:   - 8
2025-12-12 12:15:56,814 MambaPro INFO:   - 16
2025-12-12 12:15:56,814 MambaPro INFO:   DEVICE: cuda
2025-12-12 12:15:56,814 MambaPro INFO:   DEVICE_ID: '0'
2025-12-12 12:15:56,814 MambaPro INFO:   DIRECT: 1
2025-12-12 12:15:56,814 MambaPro INFO:   DIST_TRAIN: false
2025-12-12 12:15:56,814 MambaPro INFO:   DROP_OUT: 0.0
2025-12-12 12:15:56,814 MambaPro INFO:   DROP_PATH: 0.1
2025-12-12 12:15:56,814 MambaPro INFO:   FLOPS_TEST: false
2025-12-12 12:15:56,814 MambaPro INFO:   FROZEN: true
2025-12-12 12:15:56,814 MambaPro INFO:   GATE_DROPOUT: 0.1
2025-12-12 12:15:56,814 MambaPro INFO:   ID_LOSS_TYPE: softmax
2025-12-12 12:15:56,814 MambaPro INFO:   ID_LOSS_WEIGHT: 0.25
2025-12-12 12:15:56,814 MambaPro INFO:   IF_LABELSMOOTH: 'on'
2025-12-12 12:15:56,814 MambaPro INFO:   IF_WITH_CENTER: 'no'
2025-12-12 12:15:56,814 MambaPro INFO:   LAYER: -1
2025-12-12 12:15:56,814 MambaPro INFO:   MAMBA: true
2025-12-12 12:15:56,814 MambaPro INFO:   MAMBA_BI: false
2025-12-12 12:15:56,814 MambaPro INFO:   METRIC_LOSS_TYPE: triplet
2025-12-12 12:15:56,814 MambaPro INFO:   MOE_BALANCE_LOSS_WEIGHT: 0.01
2025-12-12 12:15:56,814 MambaPro INFO:   MOE_DIVERSITY_LOSS_WEIGHT: 0.01
2025-12-12 12:15:56,814 MambaPro INFO:   MOE_EXPERT_DROPOUT: 0.1
2025-12-12 12:15:56,814 MambaPro INFO:   MOE_EXPERT_HIDDEN_DIM: 1024
2025-12-12 12:15:56,814 MambaPro INFO:   MOE_EXPERT_LAYERS: 2
2025-12-12 12:15:56,814 MambaPro INFO:   MOE_EXPERT_THRESHOLD: 0.1
2025-12-12 12:15:56,814 MambaPro INFO:   MOE_FIXED_WEIGHTS:
2025-12-12 12:15:56,814 MambaPro INFO:   - 0.33
2025-12-12 12:15:56,814 MambaPro INFO:   - 0.33
2025-12-12 12:15:56,814 MambaPro INFO:   - 0.34
2025-12-12 12:15:56,814 MambaPro INFO:   MOE_GATE_DROPOUT: 0.1
2025-12-12 12:15:56,814 MambaPro INFO:   MOE_GATE_LAYERS: 2
2025-12-12 12:15:56,814 MambaPro INFO:   MOE_INIT_WEIGHTS: null
2025-12-12 12:15:56,814 MambaPro INFO:   MOE_NUM_EXPERTS: 3
2025-12-12 12:15:56,814 MambaPro INFO:   MOE_RESIDUAL_WEIGHT: 1.0
2025-12-12 12:15:56,814 MambaPro INFO:   MOE_SCALES:
2025-12-12 12:15:56,814 MambaPro INFO:   - 4
2025-12-12 12:15:56,814 MambaPro INFO:   - 8
2025-12-12 12:15:56,814 MambaPro INFO:   - 16
2025-12-12 12:15:56,814 MambaPro INFO:   MOE_SPARSITY_LOSS_WEIGHT: 0.001
2025-12-12 12:15:56,814 MambaPro INFO:   MOE_TEMPERATURE: 0.7
2025-12-12 12:15:56,815 MambaPro INFO:   MOE_TOP_K: 2
2025-12-12 12:15:56,815 MambaPro INFO:   MOE_TOP_K_MODE: soft
2025-12-12 12:15:56,815 MambaPro INFO:   MOE_USE_FIXED_WEIGHTS: false
2025-12-12 12:15:56,815 MambaPro INFO:   MOE_USE_TOP_K_ROUTING: false
2025-12-12 12:15:56,815 MambaPro INFO:   MULTI_SCALE_SCALES:
2025-12-12 12:15:56,815 MambaPro INFO:   - 4
2025-12-12 12:15:56,815 MambaPro INFO:   - 8
2025-12-12 12:15:56,815 MambaPro INFO:   - 16
2025-12-12 12:15:56,815 MambaPro INFO:   NAME: MambaPro
2025-12-12 12:15:56,815 MambaPro INFO:   NECK: bnneck
2025-12-12 12:15:56,815 MambaPro INFO:   NO_MARGIN: true
2025-12-12 12:15:56,815 MambaPro INFO:   PREFIX_NUM: 1
2025-12-12 12:15:56,815 MambaPro INFO:   PRETRAIN_PATH_T: /home/zubuntu/workspace/yzy/MambaPro/pths/ViT-B-16.pt
2025-12-12 12:15:56,815 MambaPro INFO:   PROMPT: true
2025-12-12 12:15:56,815 MambaPro INFO:   SIE_CAMERA: true
2025-12-12 12:15:56,815 MambaPro INFO:   SIE_COE: 1.0
2025-12-12 12:15:56,815 MambaPro INFO:   SIE_VIEW: false
2025-12-12 12:15:56,815 MambaPro INFO:   STRIDE_SIZE:
2025-12-12 12:15:56,815 MambaPro INFO:   - 16
2025-12-12 12:15:56,815 MambaPro INFO:   - 16
2025-12-12 12:15:56,815 MambaPro INFO:   TRANSFORMER_TYPE: ViT-B-16
2025-12-12 12:15:56,815 MambaPro INFO:   TRIPLET_LOSS_WEIGHT: 1.0
2025-12-12 12:15:56,815 MambaPro INFO:   USE_ATTENTION_FUSION: false
2025-12-12 12:15:56,815 MambaPro INFO:   USE_CLIP_MULTI_SCALE: true
2025-12-12 12:15:56,815 MambaPro INFO:   USE_GATE_FUSION: false
2025-12-12 12:15:56,815 MambaPro INFO:   USE_MULTI_SCALE: false
2025-12-12 12:15:56,815 MambaPro INFO:   USE_MULTI_SCALE_MOE: true
2025-12-12 12:15:56,815 MambaPro INFO: OUTPUT_DIR: ./outputs/replay_best_tml/run_20251212_121556
2025-12-12 12:15:56,815 MambaPro INFO: SOLVER:
2025-12-12 12:15:56,815 MambaPro INFO:   BASE_LR: 0.0005
2025-12-12 12:15:56,815 MambaPro INFO:   BIAS_LR_FACTOR: 2
2025-12-12 12:15:56,815 MambaPro INFO:   CENTER_LOSS_WEIGHT: 0.0005
2025-12-12 12:15:56,815 MambaPro INFO:   CENTER_LR: 0.5
2025-12-12 12:15:56,815 MambaPro INFO:   CHECKPOINT_PERIOD: 10
2025-12-12 12:15:56,815 MambaPro INFO:   CLUSTER_MARGIN: 0.3
2025-12-12 12:15:56,815 MambaPro INFO:   COSINE_MARGIN: 0.5
2025-12-12 12:15:56,815 MambaPro INFO:   COSINE_SCALE: 30
2025-12-12 12:15:56,815 MambaPro INFO:   EVAL_PERIOD: 5
2025-12-12 12:15:56,815 MambaPro INFO:   GAMMA: 0.1
2025-12-12 12:15:56,815 MambaPro INFO:   IMS_PER_BATCH: 32
2025-12-12 12:15:56,815 MambaPro INFO:   LARGE_FC_LR: false
2025-12-12 12:15:56,815 MambaPro INFO:   LOG_PERIOD: 10
2025-12-12 12:15:56,815 MambaPro INFO:   MARGIN: 0.3
2025-12-12 12:15:56,815 MambaPro INFO:   MAX_EPOCHS: 60
2025-12-12 12:15:56,815 MambaPro INFO:   MOE_BALANCE_LOSS_WEIGHT: 0.001
2025-12-12 12:15:56,815 MambaPro INFO:   MOE_BALANCE_LOSS_WEIGHT_END: 0.1
2025-12-12 12:15:56,815 MambaPro INFO:   MOE_BALANCE_LOSS_WEIGHT_START: 0.001
2025-12-12 12:15:56,815 MambaPro INFO:   MOE_BALANCE_THRESHOLD: 0.3
2025-12-12 12:15:56,815 MambaPro INFO:   MOE_DIVERSITY_LOSS_WEIGHT: 0.001
2025-12-12 12:15:56,815 MambaPro INFO:   MOE_DIVERSITY_LOSS_WEIGHT_END: 0.1
2025-12-12 12:15:56,815 MambaPro INFO:   MOE_DIVERSITY_LOSS_WEIGHT_START: 0.001
2025-12-12 12:15:56,815 MambaPro INFO:   MOE_GATE_LR_FACTOR: 0.01
2025-12-12 12:15:56,815 MambaPro INFO:   MOE_LOSS_WEIGHT_SCHEDULE_TYPE: cosine
2025-12-12 12:15:56,815 MambaPro INFO:   MOE_LOSS_WEIGHT_WARMUP_EPOCHS: 5
2025-12-12 12:15:56,815 MambaPro INFO:   MOE_SPARSITY_LOSS_WEIGHT: 0.0001
2025-12-12 12:15:56,815 MambaPro INFO:   MOE_USE_DYNAMIC_LOSS_WEIGHT: false
2025-12-12 12:15:56,815 MambaPro INFO:   MOMENTUM: 0.9
2025-12-12 12:15:56,815 MambaPro INFO:   OPTIMIZER_NAME: Adam
2025-12-12 12:15:56,815 MambaPro INFO:   RANGE_ALPHA: 0
2025-12-12 12:15:56,815 MambaPro INFO:   RANGE_BETA: 1
2025-12-12 12:15:56,815 MambaPro INFO:   RANGE_K: 2
2025-12-12 12:15:56,815 MambaPro INFO:   RANGE_LOSS_WEIGHT: 1
2025-12-12 12:15:56,815 MambaPro INFO:   RANGE_MARGIN: 0.3
2025-12-12 12:15:56,815 MambaPro INFO:   SEED: 42
2025-12-12 12:15:56,815 MambaPro INFO:   STEPS:
2025-12-12 12:15:56,815 MambaPro INFO:   - 30
2025-12-12 12:15:56,815 MambaPro INFO:   - 50
2025-12-12 12:15:56,815 MambaPro INFO:   WARMUP_FACTOR: 0.01
2025-12-12 12:15:56,815 MambaPro INFO:   WARMUP_ITERS: 20
2025-12-12 12:15:56,815 MambaPro INFO:   WARMUP_METHOD: linear
2025-12-12 12:15:56,815 MambaPro INFO:   WEIGHT_DECAY: 0.0005
2025-12-12 12:15:56,815 MambaPro INFO:   WEIGHT_DECAY_BIAS: 0.0005
2025-12-12 12:15:56,815 MambaPro INFO: TEST:
2025-12-12 12:15:56,815 MambaPro INFO:   FEAT: 0
2025-12-12 12:15:56,815 MambaPro INFO:   FEAT_NORM: 'yes'
2025-12-12 12:15:56,815 MambaPro INFO:   IMS_PER_BATCH: 64
2025-12-12 12:15:56,815 MambaPro INFO:   MISS: nothing
2025-12-12 12:15:56,815 MambaPro INFO:   NECK_FEAT: after
2025-12-12 12:15:56,815 MambaPro INFO:   RE_RANKING: 'no'
2025-12-12 12:15:56,815 MambaPro INFO:   WEIGHT: /home/zubuntu/workspace/yzy/MambaPro/pths/MambaProbest.pth
2025-12-12 12:15:56,815 MambaPro INFO: ================================================================================
2025-12-12 12:15:58,975 MambaPro.train INFO: start training
2025-12-12 12:16:19,270 MambaPro.train INFO: Epoch 1 done. Time per batch: 0.190[s] Speed: 168.8[samples/s]
2025-12-12 12:16:39,143 MambaPro.train INFO: Epoch 2 done. Time per batch: 0.186[s] Speed: 172.3[samples/s]
2025-12-12 12:16:59,207 MambaPro.train INFO: Epoch 3 done. Time per batch: 0.188[s] Speed: 170.7[samples/s]
2025-12-12 12:17:19,141 MambaPro.train INFO: Epoch 4 done. Time per batch: 0.186[s] Speed: 171.8[samples/s]
2025-12-12 12:17:39,057 MambaPro.train INFO: Epoch 5 done. Time per batch: 0.186[s] Speed: 171.9[samples/s]
2025-12-12 12:17:46,655 MambaPro.train INFO: Validation Results - Epoch: 5
2025-12-12 12:17:46,655 MambaPro.train INFO: Current mAP: 59.0%
2025-12-12 12:17:46,655 MambaPro.train INFO: CMC curve, Rank-1  :62.3%
2025-12-12 12:17:46,655 MambaPro.train INFO: CMC curve, Rank-5  :74.4%
2025-12-12 12:17:46,655 MambaPro.train INFO: CMC curve, Rank-10 :79.9%
2025-12-12 12:17:46,656 MambaPro.train INFO: 🎯 New Best! Saving model...
2025-12-12 12:17:47,055 MambaPro.train INFO: [Epoch 5] 指标集合列表（历史）
2025-12-12 12:17:47,055 MambaPro.train INFO: history_mAP:{59.0}
2025-12-12 12:17:47,055 MambaPro.train INFO: best_mAP:{59.0}
2025-12-12 12:17:47,055 MambaPro.train INFO: history_Rank-1:{62.3}
2025-12-12 12:17:47,055 MambaPro.train INFO: best_Rank-1:{62.3}
2025-12-12 12:17:47,055 MambaPro.train INFO: history_Rank-5:{74.4}
2025-12-12 12:17:47,055 MambaPro.train INFO: best_Rank-5:{74.4}
2025-12-12 12:17:47,055 MambaPro.train INFO: history_Rank-10:{79.9}
2025-12-12 12:17:47,055 MambaPro.train INFO: best_Rank-10:{79.9}
2025-12-12 12:17:47,055 MambaPro.train INFO: history_Experts:{[0.36 , 0.34 , 0.31]}
2025-12-12 12:17:47,055 MambaPro.train INFO: best_Experts:{[0.36 , 0.34 , 0.31]}
2025-12-12 12:17:47,055 MambaPro.train INFO: 🔥 MoE损失(Val): 平衡=0.0000, 稀疏性=0.9978, 多样性=2.6494, 总=0.0027 (权重: 平衡=0.001, 稀疏性=0.000, 多样性=0.001)
2025-12-12 12:17:47,055 MambaPro.train INFO:    📊 专家权重分布(Val): [0.36 , 0.34 , 0.31]
2025-12-12 12:18:07,210 MambaPro.train INFO: Epoch 6 done. Time per batch: 0.187[s] Speed: 171.0[samples/s]
2025-12-12 12:18:27,188 MambaPro.train INFO: Epoch 7 done. Time per batch: 0.187[s] Speed: 171.4[samples/s]
2025-12-12 12:18:47,201 MambaPro.train INFO: Epoch 8 done. Time per batch: 0.187[s] Speed: 171.1[samples/s]
2025-12-12 12:19:07,192 MambaPro.train INFO: Epoch 9 done. Time per batch: 0.187[s] Speed: 171.3[samples/s]
2025-12-12 12:19:27,200 MambaPro.train INFO: Epoch 10 done. Time per batch: 0.187[s] Speed: 171.1[samples/s]
2025-12-12 12:19:35,274 MambaPro.train INFO: Validation Results - Epoch: 10
2025-12-12 12:19:35,275 MambaPro.train INFO: Current mAP: 44.6%
2025-12-12 12:19:35,275 MambaPro.train INFO: CMC curve, Rank-1  :45.6%
2025-12-12 12:19:35,275 MambaPro.train INFO: CMC curve, Rank-5  :65.2%
2025-12-12 12:19:35,275 MambaPro.train INFO: CMC curve, Rank-10 :74.3%
2025-12-12 12:19:35,275 MambaPro.train INFO: [Epoch 10] 指标集合列表（历史）
2025-12-12 12:19:35,275 MambaPro.train INFO: history_mAP:{59.0 , 44.6}
2025-12-12 12:19:35,275 MambaPro.train INFO: best_mAP:{59.0}
2025-12-12 12:19:35,275 MambaPro.train INFO: history_Rank-1:{62.3 , 45.6}
2025-12-12 12:19:35,275 MambaPro.train INFO: best_Rank-1:{62.3}
2025-12-12 12:19:35,275 MambaPro.train INFO: history_Rank-5:{74.4 , 65.2}
2025-12-12 12:19:35,275 MambaPro.train INFO: best_Rank-5:{74.4}
2025-12-12 12:19:35,275 MambaPro.train INFO: history_Rank-10:{79.9 , 74.3}
2025-12-12 12:19:35,275 MambaPro.train INFO: best_Rank-10:{79.9}
2025-12-12 12:19:35,275 MambaPro.train INFO: history_Experts:{[0.36 , 0.34 , 0.31] , [0.37 , 0.34 , 0.29]}
2025-12-12 12:19:35,276 MambaPro.train INFO: best_Experts:{[0.36 , 0.34 , 0.31]}
2025-12-12 12:19:35,276 MambaPro.train INFO: 🔥 MoE损失(Val): 平衡=0.0000, 稀疏性=0.9941, 多样性=2.6199, 总=0.0027 (权重: 平衡=0.001, 稀疏性=0.000, 多样性=0.001)
2025-12-12 12:19:35,276 MambaPro.train INFO:    📊 专家权重分布(Val): [0.37 , 0.34 , 0.29]
2025-12-12 12:19:55,278 MambaPro.train INFO: Epoch 11 done. Time per batch: 0.187[s] Speed: 170.7[samples/s]
2025-12-12 12:20:15,452 MambaPro.train INFO: Epoch 12 done. Time per batch: 0.189[s] Speed: 169.7[samples/s]
2025-12-12 12:20:35,520 MambaPro.train INFO: Epoch 13 done. Time per batch: 0.188[s] Speed: 170.6[samples/s]
2025-12-12 12:20:55,642 MambaPro.train INFO: Epoch 14 done. Time per batch: 0.188[s] Speed: 170.2[samples/s]
2025-12-12 12:21:15,744 MambaPro.train INFO: Epoch 15 done. Time per batch: 0.188[s] Speed: 170.3[samples/s]
2025-12-12 12:21:23,269 MambaPro.train INFO: Validation Results - Epoch: 15
2025-12-12 12:21:23,270 MambaPro.train INFO: Current mAP: 64.1%
2025-12-12 12:21:23,270 MambaPro.train INFO: CMC curve, Rank-1  :67.7%
2025-12-12 12:21:23,270 MambaPro.train INFO: CMC curve, Rank-5  :80.0%
2025-12-12 12:21:23,270 MambaPro.train INFO: CMC curve, Rank-10 :86.7%
2025-12-12 12:21:23,270 MambaPro.train INFO: 🎯 New Best! Saving model...
2025-12-12 12:21:23,914 MambaPro.train INFO: [Epoch 15] 指标集合列表（历史）
2025-12-12 12:21:23,914 MambaPro.train INFO: history_mAP:{59.0 , 44.6 , 64.1}
2025-12-12 12:21:23,914 MambaPro.train INFO: best_mAP:{64.1}
2025-12-12 12:21:23,914 MambaPro.train INFO: history_Rank-1:{62.3 , 45.6 , 67.7}
2025-12-12 12:21:23,914 MambaPro.train INFO: best_Rank-1:{67.7}
2025-12-12 12:21:23,914 MambaPro.train INFO: history_Rank-5:{74.4 , 65.2 , 80.0}
2025-12-12 12:21:23,914 MambaPro.train INFO: best_Rank-5:{80.0}
2025-12-12 12:21:23,914 MambaPro.train INFO: history_Rank-10:{79.9 , 74.3 , 86.7}
2025-12-12 12:21:23,914 MambaPro.train INFO: best_Rank-10:{86.7}
2025-12-12 12:21:23,915 MambaPro.train INFO: history_Experts:{[0.36 , 0.34 , 0.31] , [0.37 , 0.34 , 0.29] , [0.41 , 0.34 , 0.25]}
2025-12-12 12:21:23,915 MambaPro.train INFO: best_Experts:{[0.41 , 0.34 , 0.25]}
2025-12-12 12:21:23,915 MambaPro.train INFO: 🔥 MoE损失(Val): 平衡=0.0000, 稀疏性=0.9814, 多样性=2.5233, 总=0.0026 (权重: 平衡=0.001, 稀疏性=0.000, 多样性=0.001)
2025-12-12 12:21:23,915 MambaPro.train INFO:    📊 专家权重分布(Val): [0.41 , 0.34 , 0.25]
2025-12-12 12:21:44,139 MambaPro.train INFO: Epoch 16 done. Time per batch: 0.188[s] Speed: 170.5[samples/s]
2025-12-12 12:22:04,234 MambaPro.train INFO: Epoch 17 done. Time per batch: 0.188[s] Speed: 170.4[samples/s]
2025-12-12 12:22:24,135 MambaPro.train INFO: Epoch 18 done. Time per batch: 0.188[s] Speed: 170.4[samples/s]
2025-12-12 12:22:44,236 MambaPro.train INFO: Epoch 19 done. Time per batch: 0.188[s] Speed: 170.3[samples/s]
2025-12-12 12:23:04,331 MambaPro.train INFO: Epoch 20 done. Time per batch: 0.188[s] Speed: 170.4[samples/s]
2025-12-12 12:23:12,292 MambaPro.train INFO: Validation Results - Epoch: 20
2025-12-12 12:23:12,292 MambaPro.train INFO: Current mAP: 70.0%
2025-12-12 12:23:12,292 MambaPro.train INFO: CMC curve, Rank-1  :72.8%
2025-12-12 12:23:12,292 MambaPro.train INFO: CMC curve, Rank-5  :86.6%
2025-12-12 12:23:12,292 MambaPro.train INFO: CMC curve, Rank-10 :91.0%
2025-12-12 12:23:12,292 MambaPro.train INFO: 🎯 New Best! Saving model...
2025-12-12 12:23:13,798 MambaPro.train INFO: [Epoch 20] 指标集合列表（历史）
2025-12-12 12:23:13,799 MambaPro.train INFO: history_mAP:{59.0 , 44.6 , 64.1 , 70.0}
2025-12-12 12:23:13,799 MambaPro.train INFO: best_mAP:{70.0}
2025-12-12 12:23:13,799 MambaPro.train INFO: history_Rank-1:{62.3 , 45.6 , 67.7 , 72.8}
2025-12-12 12:23:13,799 MambaPro.train INFO: best_Rank-1:{72.8}
2025-12-12 12:23:13,799 MambaPro.train INFO: history_Rank-5:{74.4 , 65.2 , 80.0 , 86.6}
2025-12-12 12:23:13,799 MambaPro.train INFO: best_Rank-5:{86.6}
2025-12-12 12:23:13,799 MambaPro.train INFO: history_Rank-10:{79.9 , 74.3 , 86.7 , 91.0}
2025-12-12 12:23:13,799 MambaPro.train INFO: best_Rank-10:{91.0}
2025-12-12 12:23:13,800 MambaPro.train INFO: history_Experts:{[0.36 , 0.34 , 0.31] , [0.37 , 0.34 , 0.29] , [0.41 , 0.34 , 0.25] , [0.64 , 0.22 , 0.15]}
2025-12-12 12:23:13,800 MambaPro.train INFO: best_Experts:{[0.64 , 0.22 , 0.15]}
2025-12-12 12:23:13,800 MambaPro.train INFO: 🔥 MoE损失(Val): 平衡=0.1497, 稀疏性=0.7872, 多样性=1.4732, 总=0.0017 (权重: 平衡=0.001, 稀疏性=0.000, 多样性=0.001)
2025-12-12 12:23:13,800 MambaPro.train INFO:    📊 专家权重分布(Val): [0.64 , 0.22 , 0.15]
2025-12-12 12:23:33,925 MambaPro.train INFO: Epoch 21 done. Time per batch: 0.188[s] Speed: 169.8[samples/s]
2025-12-12 12:23:54,040 MambaPro.train INFO: Epoch 22 done. Time per batch: 0.188[s] Speed: 170.2[samples/s]
2025-12-12 12:24:14,141 MambaPro.train INFO: Epoch 23 done. Time per batch: 0.188[s] Speed: 170.3[samples/s]
2025-12-12 12:24:34,242 MambaPro.train INFO: Epoch 24 done. Time per batch: 0.188[s] Speed: 170.3[samples/s]
2025-12-12 12:24:54,251 MambaPro.train INFO: Epoch 25 done. Time per batch: 0.189[s] Speed: 169.5[samples/s]
2025-12-12 12:25:01,825 MambaPro.train INFO: Validation Results - Epoch: 25
2025-12-12 12:25:01,825 MambaPro.train INFO: Current mAP: 78.0%
2025-12-12 12:25:01,825 MambaPro.train INFO: CMC curve, Rank-1  :82.5%
2025-12-12 12:25:01,826 MambaPro.train INFO: CMC curve, Rank-5  :90.0%
2025-12-12 12:25:01,826 MambaPro.train INFO: CMC curve, Rank-10 :92.9%
2025-12-12 12:25:01,826 MambaPro.train INFO: 🎯 New Best! Saving model...
2025-12-12 12:25:02,625 MambaPro.train INFO: [Epoch 25] 指标集合列表（历史）
2025-12-12 12:25:02,626 MambaPro.train INFO: history_mAP:{59.0 , 44.6 , 64.1 , 70.0 , 78.0}
2025-12-12 12:25:02,626 MambaPro.train INFO: best_mAP:{78.0}
2025-12-12 12:25:02,626 MambaPro.train INFO: history_Rank-1:{62.3 , 45.6 , 67.7 , 72.8 , 82.5}
2025-12-12 12:25:02,626 MambaPro.train INFO: best_Rank-1:{82.5}
2025-12-12 12:25:02,626 MambaPro.train INFO: history_Rank-5:{74.4 , 65.2 , 80.0 , 86.6 , 90.0}
2025-12-12 12:25:02,626 MambaPro.train INFO: best_Rank-5:{90.0}
2025-12-12 12:25:02,626 MambaPro.train INFO: history_Rank-10:{79.9 , 74.3 , 86.7 , 91.0 , 92.9}
2025-12-12 12:25:02,626 MambaPro.train INFO: best_Rank-10:{92.9}
2025-12-12 12:25:02,626 MambaPro.train INFO: history_Experts:{[0.36 , 0.34 , 0.31] , [0.37 , 0.34 , 0.29] , [0.41 , 0.34 , 0.25] , [0.64 , 0.22 , 0.15] , [0.82 , 0.10 , 0.08]}
2025-12-12 12:25:02,626 MambaPro.train INFO: best_Experts:{[0.82 , 0.10 , 0.08]}
2025-12-12 12:25:02,626 MambaPro.train INFO: 🔥 MoE损失(Val): 平衡=0.5654, 稀疏性=0.4717, 多样性=0.6117, 总=0.0012 (权重: 平衡=0.001, 稀疏性=0.000, 多样性=0.001)
2025-12-12 12:25:02,626 MambaPro.train INFO:    📊 专家权重分布(Val): [0.82 , 0.10 , 0.08]
2025-12-12 12:25:22,927 MambaPro.train INFO: Epoch 26 done. Time per batch: 0.188[s] Speed: 169.8[samples/s]
2025-12-12 12:25:43,109 MambaPro.train INFO: Epoch 27 done. Time per batch: 0.189[s] Speed: 169.7[samples/s]
2025-12-12 12:26:03,295 MambaPro.train INFO: Epoch 28 done. Time per batch: 0.189[s] Speed: 169.6[samples/s]
2025-12-12 12:26:23,464 MambaPro.train INFO: Epoch 29 done. Time per batch: 0.188[s] Speed: 169.8[samples/s]
2025-12-12 12:26:43,603 MambaPro.train INFO: Epoch 30 done. Time per batch: 0.188[s] Speed: 170.0[samples/s]
2025-12-12 12:26:51,545 MambaPro.train INFO: Validation Results - Epoch: 30
2025-12-12 12:26:51,545 MambaPro.train INFO: Current mAP: 77.2%
2025-12-12 12:26:51,545 MambaPro.train INFO: CMC curve, Rank-1  :81.1%
2025-12-12 12:26:51,546 MambaPro.train INFO: CMC curve, Rank-5  :88.5%
2025-12-12 12:26:51,546 MambaPro.train INFO: CMC curve, Rank-10 :91.4%
2025-12-12 12:26:51,546 MambaPro.train INFO: [Epoch 30] 指标集合列表（历史）
2025-12-12 12:26:51,547 MambaPro.train INFO: history_mAP:{59.0 , 44.6 , 64.1 , 70.0 , 78.0 , 77.2}
2025-12-12 12:26:51,547 MambaPro.train INFO: best_mAP:{78.0}
2025-12-12 12:26:51,547 MambaPro.train INFO: history_Rank-1:{62.3 , 45.6 , 67.7 , 72.8 , 82.5 , 81.1}
2025-12-12 12:26:51,547 MambaPro.train INFO: best_Rank-1:{82.5}
2025-12-12 12:26:51,547 MambaPro.train INFO: history_Rank-5:{74.4 , 65.2 , 80.0 , 86.6 , 90.0 , 88.5}
2025-12-12 12:26:51,547 MambaPro.train INFO: best_Rank-5:{90.0}
2025-12-12 12:26:51,547 MambaPro.train INFO: history_Rank-10:{79.9 , 74.3 , 86.7 , 91.0 , 92.9 , 91.4}
2025-12-12 12:26:51,547 MambaPro.train INFO: best_Rank-10:{92.9}
2025-12-12 12:26:51,547 MambaPro.train INFO: history_Experts:{[0.36 , 0.34 , 0.31] , [0.37 , 0.34 , 0.29] , [0.41 , 0.34 , 0.25] , [0.64 , 0.22 , 0.15] , [0.82 , 0.10 , 0.08] , [0.88 , 0.07 , 0.05]}
2025-12-12 12:26:51,547 MambaPro.train INFO: best_Experts:{[0.82 , 0.10 , 0.08]}
2025-12-12 12:26:51,547 MambaPro.train INFO: 🔥 MoE损失(Val): 平衡=0.7645, 稀疏性=0.3371, 多样性=0.3866, 总=0.0012 (权重: 平衡=0.001, 稀疏性=0.000, 多样性=0.001)
2025-12-12 12:26:51,547 MambaPro.train INFO:    📊 专家权重分布(Val): [0.88 , 0.07 , 0.05]
2025-12-12 12:27:11,912 MambaPro.train INFO: Epoch 31 done. Time per batch: 0.189[s] Speed: 169.3[samples/s]
2025-12-12 12:27:31,847 MambaPro.train INFO: Epoch 32 done. Time per batch: 0.188[s] Speed: 170.1[samples/s]
2025-12-12 12:27:51,937 MambaPro.train INFO: Epoch 33 done. Time per batch: 0.188[s] Speed: 170.4[samples/s]
2025-12-12 12:28:11,915 MambaPro.train INFO: Epoch 34 done. Time per batch: 0.188[s] Speed: 169.8[samples/s]
2025-12-12 12:28:31,979 MambaPro.train INFO: Epoch 35 done. Time per batch: 0.188[s] Speed: 170.7[samples/s]
2025-12-12 12:28:39,491 MambaPro.train INFO: Validation Results - Epoch: 35
2025-12-12 12:28:39,492 MambaPro.train INFO: Current mAP: 78.6%
2025-12-12 12:28:39,492 MambaPro.train INFO: CMC curve, Rank-1  :82.4%
2025-12-12 12:28:39,492 MambaPro.train INFO: CMC curve, Rank-5  :88.4%
2025-12-12 12:28:39,492 MambaPro.train INFO: CMC curve, Rank-10 :91.6%
2025-12-12 12:28:39,492 MambaPro.train INFO: 🎯 New Best! Saving model...
2025-12-12 12:28:40,259 MambaPro.train INFO: [Epoch 35] 指标集合列表（历史）
2025-12-12 12:28:40,260 MambaPro.train INFO: history_mAP:{59.0 , 44.6 , 64.1 , 70.0 , 78.0 , 77.2 , 78.6}
2025-12-12 12:28:40,260 MambaPro.train INFO: best_mAP:{78.6}
2025-12-12 12:28:40,260 MambaPro.train INFO: history_Rank-1:{62.3 , 45.6 , 67.7 , 72.8 , 82.5 , 81.1 , 82.4}
2025-12-12 12:28:40,260 MambaPro.train INFO: best_Rank-1:{82.5}
2025-12-12 12:28:40,260 MambaPro.train INFO: history_Rank-5:{74.4 , 65.2 , 80.0 , 86.6 , 90.0 , 88.5 , 88.4}
2025-12-12 12:28:40,260 MambaPro.train INFO: best_Rank-5:{90.0}
2025-12-12 12:28:40,260 MambaPro.train INFO: history_Rank-10:{79.9 , 74.3 , 86.7 , 91.0 , 92.9 , 91.4 , 91.6}
2025-12-12 12:28:40,260 MambaPro.train INFO: best_Rank-10:{92.9}
2025-12-12 12:28:40,260 MambaPro.train INFO: history_Experts:{[0.36 , 0.34 , 0.31] , [0.37 , 0.34 , 0.29] , [0.41 , 0.34 , 0.25] , [0.64 , 0.22 , 0.15] , [0.82 , 0.10 , 0.08] , [0.88 , 0.07 , 0.05] , [0.91 , 0.05 , 0.04]}
2025-12-12 12:28:40,260 MambaPro.train INFO: best_Experts:{[0.91 , 0.05 , 0.04]}
2025-12-12 12:28:40,260 MambaPro.train INFO: 🔥 MoE损失(Val): 平衡=0.8808, 稀疏性=0.2607, 多样性=0.2805, 总=0.0012 (权重: 平衡=0.001, 稀疏性=0.000, 多样性=0.001)
2025-12-12 12:28:40,260 MambaPro.train INFO:    📊 专家权重分布(Val): [0.91 , 0.05 , 0.04]
2025-12-12 12:29:00,536 MambaPro.train INFO: Epoch 36 done. Time per batch: 0.188[s] Speed: 170.1[samples/s]
2025-12-12 12:29:20,696 MambaPro.train INFO: Epoch 37 done. Time per batch: 0.188[s] Speed: 169.8[samples/s]
2025-12-12 12:29:40,645 MambaPro.train INFO: Epoch 38 done. Time per batch: 0.188[s] Speed: 170.0[samples/s]
2025-12-12 12:30:00,730 MambaPro.train INFO: Epoch 39 done. Time per batch: 0.188[s] Speed: 170.5[samples/s]
2025-12-12 12:30:20,735 MambaPro.train INFO: Epoch 40 done. Time per batch: 0.189[s] Speed: 169.6[samples/s]
2025-12-12 12:30:28,693 MambaPro.train INFO: Validation Results - Epoch: 40
2025-12-12 12:30:28,693 MambaPro.train INFO: Current mAP: 78.8%
2025-12-12 12:30:28,693 MambaPro.train INFO: CMC curve, Rank-1  :82.9%
2025-12-12 12:30:28,693 MambaPro.train INFO: CMC curve, Rank-5  :89.0%
2025-12-12 12:30:28,693 MambaPro.train INFO: CMC curve, Rank-10 :92.5%
2025-12-12 12:30:28,694 MambaPro.train INFO: 🎯 New Best! Saving model...
2025-12-12 12:30:29,558 MambaPro.train INFO: [Epoch 40] 指标集合列表（历史）
2025-12-12 12:30:29,558 MambaPro.train INFO: history_mAP:{59.0 , 44.6 , 64.1 , 70.0 , 78.0 , 77.2 , 78.6 , 78.8}
2025-12-12 12:30:29,558 MambaPro.train INFO: best_mAP:{78.8}
2025-12-12 12:30:29,558 MambaPro.train INFO: history_Rank-1:{62.3 , 45.6 , 67.7 , 72.8 , 82.5 , 81.1 , 82.4 , 82.9}
2025-12-12 12:30:29,558 MambaPro.train INFO: best_Rank-1:{82.9}
2025-12-12 12:30:29,558 MambaPro.train INFO: history_Rank-5:{74.4 , 65.2 , 80.0 , 86.6 , 90.0 , 88.5 , 88.4 , 89.0}
2025-12-12 12:30:29,558 MambaPro.train INFO: best_Rank-5:{90.0}
2025-12-12 12:30:29,558 MambaPro.train INFO: history_Rank-10:{79.9 , 74.3 , 86.7 , 91.0 , 92.9 , 91.4 , 91.6 , 92.5}
2025-12-12 12:30:29,558 MambaPro.train INFO: best_Rank-10:{92.9}
2025-12-12 12:30:29,558 MambaPro.train INFO: history_Experts:{[0.36 , 0.34 , 0.31] , [0.37 , 0.34 , 0.29] , [0.41 , 0.34 , 0.25] , [0.64 , 0.22 , 0.15] , [0.82 , 0.10 , 0.08] , [0.88 , 0.07 , 0.05] , [0.91 , 0.05 , 0.04] , [0.92 , 0.04 , 0.03]}
2025-12-12 12:30:29,559 MambaPro.train INFO: best_Experts:{[0.92 , 0.04 , 0.03]}
2025-12-12 12:30:29,559 MambaPro.train INFO: 🔥 MoE损失(Val): 平衡=0.9478, 稀疏性=0.2172, 多样性=0.2258, 总=0.0012 (权重: 平衡=0.001, 稀疏性=0.000, 多样性=0.001)
2025-12-12 12:30:29,559 MambaPro.train INFO:    📊 专家权重分布(Val): [0.92 , 0.04 , 0.03]
2025-12-12 12:30:49,904 MambaPro.train INFO: Epoch 41 done. Time per batch: 0.189[s] Speed: 169.5[samples/s]
2025-12-12 12:31:10,088 MambaPro.train INFO: Epoch 42 done. Time per batch: 0.189[s] Speed: 169.6[samples/s]
2025-12-12 12:31:30,263 MambaPro.train INFO: Epoch 43 done. Time per batch: 0.189[s] Speed: 169.7[samples/s]
2025-12-12 12:31:50,468 MambaPro.train INFO: Epoch 44 done. Time per batch: 0.189[s] Speed: 169.5[samples/s]
2025-12-12 12:32:10,602 MambaPro.train INFO: Epoch 45 done. Time per batch: 0.188[s] Speed: 170.1[samples/s]
2025-12-12 12:32:18,136 MambaPro.train INFO: Validation Results - Epoch: 45
2025-12-12 12:32:18,136 MambaPro.train INFO: Current mAP: 78.5%
2025-12-12 12:32:18,136 MambaPro.train INFO: CMC curve, Rank-1  :82.3%
2025-12-12 12:32:18,136 MambaPro.train INFO: CMC curve, Rank-5  :89.0%
2025-12-12 12:32:18,136 MambaPro.train INFO: CMC curve, Rank-10 :92.5%
2025-12-12 12:32:18,137 MambaPro.train INFO: [Epoch 45] 指标集合列表（历史）
2025-12-12 12:32:18,137 MambaPro.train INFO: history_mAP:{59.0 , 44.6 , 64.1 , 70.0 , 78.0 , 77.2 , 78.6 , 78.8 , 78.5}
2025-12-12 12:32:18,137 MambaPro.train INFO: best_mAP:{78.8}
2025-12-12 12:32:18,137 MambaPro.train INFO: history_Rank-1:{62.3 , 45.6 , 67.7 , 72.8 , 82.5 , 81.1 , 82.4 , 82.9 , 82.3}
2025-12-12 12:32:18,137 MambaPro.train INFO: best_Rank-1:{82.9}
2025-12-12 12:32:18,137 MambaPro.train INFO: history_Rank-5:{74.4 , 65.2 , 80.0 , 86.6 , 90.0 , 88.5 , 88.4 , 89.0}
2025-12-12 12:32:18,137 MambaPro.train INFO: best_Rank-5:{90.0}
2025-12-12 12:32:18,137 MambaPro.train INFO: history_Rank-10:{79.9 , 74.3 , 86.7 , 91.0 , 92.9 , 91.4 , 91.6 , 92.5}
2025-12-12 12:32:18,137 MambaPro.train INFO: best_Rank-10:{92.9}
2025-12-12 12:32:18,137 MambaPro.train INFO: history_Experts:{[0.36 , 0.34 , 0.31] , [0.37 , 0.34 , 0.29] , [0.41 , 0.34 , 0.25] , [0.64 , 0.22 , 0.15] , [0.82 , 0.10 , 0.08] , [0.88 , 0.07 , 0.05] , [0.91 , 0.05 , 0.04] , [0.92 , 0.04 , 0.03] , [0.93 , 0.04 , 0.03]}
2025-12-12 12:32:18,137 MambaPro.train INFO: best_Experts:{[0.92 , 0.04 , 0.03]}
2025-12-12 12:32:18,137 MambaPro.train INFO: 🔥 MoE损失(Val): 平衡=0.9887, 稀疏性=0.1908, 多样性=0.1944, 总=0.0012 (权重: 平衡=0.001, 稀疏性=0.000, 多样性=0.001)
2025-12-12 12:32:18,137 MambaPro.train INFO:    📊 专家权重分布(Val): [0.93 , 0.04 , 0.03]
2025-12-12 12:32:38,629 MambaPro.train INFO: Epoch 46 done. Time per batch: 0.190[s] Speed: 168.2[samples/s]
2025-12-12 12:32:58,816 MambaPro.train INFO: Epoch 47 done. Time per batch: 0.189[s] Speed: 169.6[samples/s]
2025-12-12 12:33:18,969 MambaPro.train INFO: Epoch 48 done. Time per batch: 0.190[s] Speed: 168.3[samples/s]
2025-12-12 12:33:39,151 MambaPro.train INFO: Epoch 49 done. Time per batch: 0.189[s] Speed: 169.7[samples/s]
2025-12-12 12:33:59,332 MambaPro.train INFO: Epoch 50 done. Time per batch: 0.189[s] Speed: 169.7[samples/s]
2025-12-12 12:34:07,336 MambaPro.train INFO: Validation Results - Epoch: 50
2025-12-12 12:34:07,337 MambaPro.train INFO: Current mAP: 78.2%
2025-12-12 12:34:07,337 MambaPro.train INFO: CMC curve, Rank-1  :82.9%
2025-12-12 12:34:07,337 MambaPro.train INFO: CMC curve, Rank-5  :88.9%
2025-12-12 12:34:07,337 MambaPro.train INFO: CMC curve, Rank-10 :92.1%
2025-12-12 12:34:07,337 MambaPro.train INFO: [Epoch 50] 指标集合列表（历史）
2025-12-12 12:34:07,337 MambaPro.train INFO: history_mAP:{59.0 , 44.6 , 64.1 , 70.0 , 78.0 , 77.2 , 78.6 , 78.8 , 78.5 , 78.2}
2025-12-12 12:34:07,337 MambaPro.train INFO: best_mAP:{78.8}
2025-12-12 12:34:07,337 MambaPro.train INFO: history_Rank-1:{62.3 , 45.6 , 67.7 , 72.8 , 82.5 , 81.1 , 82.4 , 82.9 , 82.3}
2025-12-12 12:34:07,337 MambaPro.train INFO: best_Rank-1:{82.9}
2025-12-12 12:34:07,337 MambaPro.train INFO: history_Rank-5:{74.4 , 65.2 , 80.0 , 86.6 , 90.0 , 88.5 , 88.4 , 89.0 , 88.9}
2025-12-12 12:34:07,337 MambaPro.train INFO: best_Rank-5:{90.0}
2025-12-12 12:34:07,337 MambaPro.train INFO: history_Rank-10:{79.9 , 74.3 , 86.7 , 91.0 , 92.9 , 91.4 , 91.6 , 92.5 , 92.1}
2025-12-12 12:34:07,337 MambaPro.train INFO: best_Rank-10:{92.9}
2025-12-12 12:34:07,337 MambaPro.train INFO: history_Experts:{[0.36 , 0.34 , 0.31] , [0.37 , 0.34 , 0.29] , [0.41 , 0.34 , 0.25] , [0.64 , 0.22 , 0.15] , [0.82 , 0.10 , 0.08] , [0.88 , 0.07 , 0.05] , [0.91 , 0.05 , 0.04] , [0.92 , 0.04 , 0.03] , [0.93 , 0.04 , 0.03] , [0.94 , 0.03 , 0.03]}
2025-12-12 12:34:07,338 MambaPro.train INFO: best_Experts:{[0.92 , 0.04 , 0.03]}
2025-12-12 12:34:07,338 MambaPro.train INFO: 🔥 MoE损失(Val): 平衡=1.0212, 稀疏性=0.1700, 多样性=0.1704, 总=0.0012 (权重: 平衡=0.001, 稀疏性=0.000, 多样性=0.001)
2025-12-12 12:34:07,338 MambaPro.train INFO:    📊 专家权重分布(Val): [0.94 , 0.03 , 0.03]
2025-12-12 12:34:27,554 MambaPro.train INFO: Epoch 51 done. Time per batch: 0.189[s] Speed: 168.9[samples/s]
2025-12-12 12:34:47,547 MambaPro.train INFO: Epoch 52 done. Time per batch: 0.189[s] Speed: 169.7[samples/s]
2025-12-12 12:35:07,723 MambaPro.train INFO: Epoch 53 done. Time per batch: 0.189[s] Speed: 169.7[samples/s]
2025-12-12 12:35:27,894 MambaPro.train INFO: Epoch 54 done. Time per batch: 0.189[s] Speed: 169.8[samples/s]
2025-12-12 12:35:48,168 MambaPro.train INFO: Epoch 55 done. Time per batch: 0.189[s] Speed: 168.9[samples/s]
2025-12-12 12:35:55,763 MambaPro.train INFO: Validation Results - Epoch: 55
2025-12-12 12:35:55,763 MambaPro.train INFO: Current mAP: 79.1%
2025-12-12 12:35:55,763 MambaPro.train INFO: CMC curve, Rank-1  :83.1%
2025-12-12 12:35:55,763 MambaPro.train INFO: CMC curve, Rank-5  :89.6%
2025-12-12 12:35:55,763 MambaPro.train INFO: CMC curve, Rank-10 :92.6%
2025-12-12 12:35:55,764 MambaPro.train INFO: 🎯 New Best! Saving model...
2025-12-12 12:35:56,509 MambaPro.train INFO: [Epoch 55] 指标集合列表（历史）
2025-12-12 12:35:56,509 MambaPro.train INFO: history_mAP:{59.0 , 44.6 , 64.1 , 70.0 , 78.0 , 77.2 , 78.6 , 78.8 , 78.5 , 78.2 , 79.1}
2025-12-12 12:35:56,509 MambaPro.train INFO: best_mAP:{79.1}
2025-12-12 12:35:56,509 MambaPro.train INFO: history_Rank-1:{62.3 , 45.6 , 67.7 , 72.8 , 82.5 , 81.1 , 82.4 , 82.9 , 82.3 , 83.1}
2025-12-12 12:35:56,509 MambaPro.train INFO: best_Rank-1:{83.1}
2025-12-12 12:35:56,510 MambaPro.train INFO: history_Rank-5:{74.4 , 65.2 , 80.0 , 86.6 , 90.0 , 88.5 , 88.4 , 89.0 , 88.9 , 89.6}
2025-12-12 12:35:56,510 MambaPro.train INFO: best_Rank-5:{90.0}
2025-12-12 12:35:56,510 MambaPro.train INFO: history_Rank-10:{79.9 , 74.3 , 86.7 , 91.0 , 92.9 , 91.4 , 91.6 , 92.5 , 92.1 , 92.6}
2025-12-12 12:35:56,510 MambaPro.train INFO: best_Rank-10:{92.9}
2025-12-12 12:35:56,510 MambaPro.train INFO: history_Experts:{[0.36 , 0.34 , 0.31] , [0.37 , 0.34 , 0.29] , [0.41 , 0.34 , 0.25] , [0.64 , 0.22 , 0.15] , [0.82 , 0.10 , 0.08] , [0.88 , 0.07 , 0.05] , [0.91 , 0.05 , 0.04] , [0.92 , 0.04 , 0.03] , [0.93 , 0.04 , 0.03] , [0.94 , 0.03 , 0.03] , [0.95 , 0.03 , 0.02]}
2025-12-12 12:35:56,510 MambaPro.train INFO: best_Experts:{[0.95 , 0.03 , 0.02]}
2025-12-12 12:35:56,510 MambaPro.train INFO: 🔥 MoE损失(Val): 平衡=1.0447, 稀疏性=0.1549, 多样性=0.1536, 总=0.0012 (权重: 平衡=0.001, 稀疏性=0.000, 多样性=0.001)
2025-12-12 12:35:56,510 MambaPro.train INFO:    📊 专家权重分布(Val): [0.95 , 0.03 , 0.02]
2025-12-12 12:36:16,653 MambaPro.train INFO: Epoch 56 done. Time per batch: 0.189[s] Speed: 169.5[samples/s]
2025-12-12 12:36:36,836 MambaPro.train INFO: Epoch 57 done. Time per batch: 0.189[s] Speed: 169.6[samples/s]
2025-12-12 12:36:57,018 MambaPro.train INFO: Epoch 58 done. Time per batch: 0.189[s] Speed: 169.7[samples/s]
2025-12-12 12:37:16,992 MambaPro.train INFO: Epoch 59 done. Time per batch: 0.188[s] Speed: 169.8[samples/s]
2025-12-12 12:37:37,193 MambaPro.train INFO: Epoch 60 done. Time per batch: 0.189[s] Speed: 169.5[samples/s]
2025-12-12 12:37:45,175 MambaPro.train INFO: Validation Results - Epoch: 60
2025-12-12 12:37:45,176 MambaPro.train INFO: Current mAP: 78.9%
2025-12-12 12:37:45,176 MambaPro.train INFO: CMC curve, Rank-1  :82.8%
2025-12-12 12:37:45,176 MambaPro.train INFO: CMC curve, Rank-5  :89.5%
2025-12-12 12:37:45,176 MambaPro.train INFO: CMC curve, Rank-10 :92.1%
2025-12-12 12:37:45,176 MambaPro.train INFO: [Epoch 60] 指标集合列表（历史）
2025-12-12 12:37:45,176 MambaPro.train INFO: history_mAP:{59.0 , 44.6 , 64.1 , 70.0 , 78.0 , 77.2 , 78.6 , 78.8 , 78.5 , 78.2 , 79.1 , 78.9}
2025-12-12 12:37:45,176 MambaPro.train INFO: best_mAP:{79.1}
2025-12-12 12:37:45,176 MambaPro.train INFO: history_Rank-1:{62.3 , 45.6 , 67.7 , 72.8 , 82.5 , 81.1 , 82.4 , 82.9 , 82.3 , 83.1 , 82.8}
2025-12-12 12:37:45,176 MambaPro.train INFO: best_Rank-1:{83.1}
2025-12-12 12:37:45,176 MambaPro.train INFO: history_Rank-5:{74.4 , 65.2 , 80.0 , 86.6 , 90.0 , 88.5 , 88.4 , 89.0 , 88.9 , 89.6 , 89.5}
2025-12-12 12:37:45,176 MambaPro.train INFO: best_Rank-5:{90.0}
2025-12-12 12:37:45,176 MambaPro.train INFO: history_Rank-10:{79.9 , 74.3 , 86.7 , 91.0 , 92.9 , 91.4 , 91.6 , 92.5 , 92.1 , 92.6}
2025-12-12 12:37:45,177 MambaPro.train INFO: best_Rank-10:{92.9}
2025-12-12 12:37:45,177 MambaPro.train INFO: history_Experts:{[0.36 , 0.34 , 0.31] , [0.37 , 0.34 , 0.29] , [0.41 , 0.34 , 0.25] , [0.64 , 0.22 , 0.15] , [0.82 , 0.10 , 0.08] , [0.88 , 0.07 , 0.05] , [0.91 , 0.05 , 0.04] , [0.92 , 0.04 , 0.03] , [0.93 , 0.04 , 0.03] , [0.94 , 0.03 , 0.03] , [0.95 , 0.03 , 0.02] , [0.95 , 0.03 , 0.02]}
2025-12-12 12:37:45,177 MambaPro.train INFO: best_Experts:{[0.95 , 0.03 , 0.02]}
2025-12-12 12:37:45,177 MambaPro.train INFO: 🔥 MoE损失(Val): 平衡=1.0635, 稀疏性=0.1430, 多样性=0.1405, 总=0.0012 (权重: 平衡=0.001, 稀疏性=0.000, 多样性=0.001)
2025-12-12 12:37:45,177 MambaPro.train INFO:    📊 专家权重分布(Val): [0.95 , 0.03 , 0.02]
2025-12-12 12:37:45,314 MambaPro.train INFO: ============================================================
