2025-12-12 11:49:07,840 MambaPro INFO: ================================================================================
2025-12-12 11:49:07,841 MambaPro INFO: 🧾 实验参数快照（命令行 + 最终配置）
2025-12-12 11:49:07,841 MambaPro INFO: ================================================================================
2025-12-12 11:49:07,841 MambaPro INFO: 【复现实验命令】
2025-12-12 11:49:07,841 MambaPro INFO: /home/zubuntu/miniconda/envs/MambaPro/bin/python train_net.py --config_file mybest_model/experiment_20251013_110028/configs/experiment_config.yml OUTPUT_DIR ./outputs/replay_best_tml
2025-12-12 11:49:07,841 MambaPro INFO: 【命令行参数（args）】
2025-12-12 11:49:07,841 MambaPro INFO: {
2025-12-12 11:49:07,841 MambaPro INFO:   "config_file": "mybest_model/experiment_20251013_110028/configs/experiment_config.yml",
2025-12-12 11:49:07,841 MambaPro INFO:   "fea_cft": 0,
2025-12-12 11:49:07,841 MambaPro INFO:   "opts": [
2025-12-12 11:49:07,841 MambaPro INFO:     "OUTPUT_DIR",
2025-12-12 11:49:07,841 MambaPro INFO:     "./outputs/replay_best_tml"
2025-12-12 11:49:07,841 MambaPro INFO:   ],
2025-12-12 11:49:07,841 MambaPro INFO:   "local_rank": 0,
2025-12-12 11:49:07,841 MambaPro INFO:   "use_multi_scale": false,
2025-12-12 11:49:07,841 MambaPro INFO:   "no_multi_scale": false,
2025-12-12 11:49:07,841 MambaPro INFO:   "use_moe": false,
2025-12-12 11:49:07,841 MambaPro INFO:   "disable_moe": false,
2025-12-12 11:49:07,841 MambaPro INFO:   "no_moe": false,
2025-12-12 11:49:07,841 MambaPro INFO:   "use_attention": false,
2025-12-12 11:49:07,841 MambaPro INFO:   "disable_attention": false,
2025-12-12 11:49:07,841 MambaPro INFO:   "attention_heads": 8,
2025-12-12 11:49:07,841 MambaPro INFO:   "attention_dropout": 0.1
2025-12-12 11:49:07,841 MambaPro INFO: }
2025-12-12 11:49:07,841 MambaPro INFO: 【工作目录】/home/zubuntu/workspace/yzy/MambaPro
2025-12-12 11:49:07,841 MambaPro INFO: 【最终配置（YAML）】
2025-12-12 11:49:07,844 MambaPro INFO: DATALOADER:
2025-12-12 11:49:07,844 MambaPro INFO:   NUM_INSTANCE: 8
2025-12-12 11:49:07,844 MambaPro INFO:   NUM_WORKERS: 8
2025-12-12 11:49:07,844 MambaPro INFO:   SAMPLER: softmax_triplet
2025-12-12 11:49:07,844 MambaPro INFO: DATASETS:
2025-12-12 11:49:07,844 MambaPro INFO:   NAMES: RGBNT201
2025-12-12 11:49:07,844 MambaPro INFO:   ROOT_DIR: /home/zubuntu/workspace/yzy/MambaPro/data/
2025-12-12 11:49:07,844 MambaPro INFO: INPUT:
2025-12-12 11:49:07,844 MambaPro INFO:   PADDING: 10
2025-12-12 11:49:07,844 MambaPro INFO:   PIXEL_MEAN:
2025-12-12 11:49:07,844 MambaPro INFO:   - 0.5
2025-12-12 11:49:07,844 MambaPro INFO:   - 0.5
2025-12-12 11:49:07,844 MambaPro INFO:   - 0.5
2025-12-12 11:49:07,844 MambaPro INFO:   PIXEL_STD:
2025-12-12 11:49:07,844 MambaPro INFO:   - 0.5
2025-12-12 11:49:07,844 MambaPro INFO:   - 0.5
2025-12-12 11:49:07,844 MambaPro INFO:   - 0.5
2025-12-12 11:49:07,844 MambaPro INFO:   PROB: 0.5
2025-12-12 11:49:07,844 MambaPro INFO:   RE_PROB: 0.5
2025-12-12 11:49:07,844 MambaPro INFO:   SIZE_TEST:
2025-12-12 11:49:07,844 MambaPro INFO:   - 256
2025-12-12 11:49:07,844 MambaPro INFO:   - 128
2025-12-12 11:49:07,844 MambaPro INFO:   SIZE_TRAIN:
2025-12-12 11:49:07,844 MambaPro INFO:   - 256
2025-12-12 11:49:07,844 MambaPro INFO:   - 128
2025-12-12 11:49:07,844 MambaPro INFO: MODEL:
2025-12-12 11:49:07,844 MambaPro INFO:   ADAPTER: true
2025-12-12 11:49:07,844 MambaPro INFO:   ATTENTION_DIM: 512
2025-12-12 11:49:07,844 MambaPro INFO:   ATTENTION_DROPOUT: 0.1
2025-12-12 11:49:07,844 MambaPro INFO:   ATTENTION_NUM_HEADS: 8
2025-12-12 11:49:07,844 MambaPro INFO:   ATT_DROP_RATE: 0.0
2025-12-12 11:49:07,844 MambaPro INFO:   CLIP_MULTI_SCALE_SCALES:
2025-12-12 11:49:07,844 MambaPro INFO:   - 4
2025-12-12 11:49:07,844 MambaPro INFO:   - 8
2025-12-12 11:49:07,844 MambaPro INFO:   - 16
2025-12-12 11:49:07,844 MambaPro INFO:   DEVICE: cuda
2025-12-12 11:49:07,844 MambaPro INFO:   DEVICE_ID: '0'
2025-12-12 11:49:07,844 MambaPro INFO:   DIRECT: 1
2025-12-12 11:49:07,844 MambaPro INFO:   DIST_TRAIN: false
2025-12-12 11:49:07,844 MambaPro INFO:   DROP_OUT: 0.0
2025-12-12 11:49:07,844 MambaPro INFO:   DROP_PATH: 0.1
2025-12-12 11:49:07,844 MambaPro INFO:   FLOPS_TEST: false
2025-12-12 11:49:07,844 MambaPro INFO:   FROZEN: true
2025-12-12 11:49:07,844 MambaPro INFO:   GATE_DROPOUT: 0.1
2025-12-12 11:49:07,844 MambaPro INFO:   ID_LOSS_TYPE: softmax
2025-12-12 11:49:07,844 MambaPro INFO:   ID_LOSS_WEIGHT: 0.25
2025-12-12 11:49:07,844 MambaPro INFO:   IF_LABELSMOOTH: 'on'
2025-12-12 11:49:07,844 MambaPro INFO:   IF_WITH_CENTER: 'no'
2025-12-12 11:49:07,844 MambaPro INFO:   LAYER: -1
2025-12-12 11:49:07,844 MambaPro INFO:   MAMBA: true
2025-12-12 11:49:07,844 MambaPro INFO:   MAMBA_BI: false
2025-12-12 11:49:07,844 MambaPro INFO:   METRIC_LOSS_TYPE: triplet
2025-12-12 11:49:07,844 MambaPro INFO:   MOE_BALANCE_LOSS_WEIGHT: 0.01
2025-12-12 11:49:07,844 MambaPro INFO:   MOE_DIVERSITY_LOSS_WEIGHT: 0.01
2025-12-12 11:49:07,844 MambaPro INFO:   MOE_EXPERT_DROPOUT: 0.1
2025-12-12 11:49:07,844 MambaPro INFO:   MOE_EXPERT_HIDDEN_DIM: 1024
2025-12-12 11:49:07,844 MambaPro INFO:   MOE_EXPERT_LAYERS: 2
2025-12-12 11:49:07,844 MambaPro INFO:   MOE_EXPERT_THRESHOLD: 0.1
2025-12-12 11:49:07,844 MambaPro INFO:   MOE_FIXED_WEIGHTS:
2025-12-12 11:49:07,844 MambaPro INFO:   - 0.33
2025-12-12 11:49:07,844 MambaPro INFO:   - 0.33
2025-12-12 11:49:07,844 MambaPro INFO:   - 0.34
2025-12-12 11:49:07,844 MambaPro INFO:   MOE_GATE_DROPOUT: 0.1
2025-12-12 11:49:07,844 MambaPro INFO:   MOE_GATE_LAYERS: 2
2025-12-12 11:49:07,844 MambaPro INFO:   MOE_INIT_WEIGHTS: null
2025-12-12 11:49:07,844 MambaPro INFO:   MOE_NUM_EXPERTS: 3
2025-12-12 11:49:07,844 MambaPro INFO:   MOE_RESIDUAL_WEIGHT: 1.0
2025-12-12 11:49:07,844 MambaPro INFO:   MOE_SCALES:
2025-12-12 11:49:07,844 MambaPro INFO:   - 4
2025-12-12 11:49:07,844 MambaPro INFO:   - 8
2025-12-12 11:49:07,844 MambaPro INFO:   - 16
2025-12-12 11:49:07,844 MambaPro INFO:   MOE_SPARSITY_LOSS_WEIGHT: 0.001
2025-12-12 11:49:07,845 MambaPro INFO:   MOE_TEMPERATURE: 0.7
2025-12-12 11:49:07,845 MambaPro INFO:   MOE_TOP_K: 2
2025-12-12 11:49:07,845 MambaPro INFO:   MOE_TOP_K_MODE: soft
2025-12-12 11:49:07,845 MambaPro INFO:   MOE_USE_FIXED_WEIGHTS: false
2025-12-12 11:49:07,845 MambaPro INFO:   MOE_USE_TOP_K_ROUTING: false
2025-12-12 11:49:07,845 MambaPro INFO:   MULTI_SCALE_SCALES:
2025-12-12 11:49:07,845 MambaPro INFO:   - 4
2025-12-12 11:49:07,845 MambaPro INFO:   - 8
2025-12-12 11:49:07,845 MambaPro INFO:   - 16
2025-12-12 11:49:07,845 MambaPro INFO:   NAME: MambaPro
2025-12-12 11:49:07,845 MambaPro INFO:   NECK: bnneck
2025-12-12 11:49:07,845 MambaPro INFO:   NO_MARGIN: true
2025-12-12 11:49:07,845 MambaPro INFO:   PREFIX_NUM: 1
2025-12-12 11:49:07,845 MambaPro INFO:   PRETRAIN_PATH_T: /home/zubuntu/workspace/yzy/MambaPro/pths/ViT-B-16.pt
2025-12-12 11:49:07,845 MambaPro INFO:   PROMPT: true
2025-12-12 11:49:07,845 MambaPro INFO:   SIE_CAMERA: true
2025-12-12 11:49:07,845 MambaPro INFO:   SIE_COE: 1.0
2025-12-12 11:49:07,845 MambaPro INFO:   SIE_VIEW: false
2025-12-12 11:49:07,845 MambaPro INFO:   STRIDE_SIZE:
2025-12-12 11:49:07,845 MambaPro INFO:   - 16
2025-12-12 11:49:07,845 MambaPro INFO:   - 16
2025-12-12 11:49:07,845 MambaPro INFO:   TRANSFORMER_TYPE: ViT-B-16
2025-12-12 11:49:07,845 MambaPro INFO:   TRIPLET_LOSS_WEIGHT: 1.0
2025-12-12 11:49:07,845 MambaPro INFO:   USE_ATTENTION_FUSION: false
2025-12-12 11:49:07,845 MambaPro INFO:   USE_CLIP_MULTI_SCALE: true
2025-12-12 11:49:07,845 MambaPro INFO:   USE_GATE_FUSION: false
2025-12-12 11:49:07,845 MambaPro INFO:   USE_MULTI_SCALE: false
2025-12-12 11:49:07,845 MambaPro INFO:   USE_MULTI_SCALE_MOE: true
2025-12-12 11:49:07,845 MambaPro INFO: OUTPUT_DIR: ./outputs/replay_best_tml/run_20251212_114907
2025-12-12 11:49:07,845 MambaPro INFO: SOLVER:
2025-12-12 11:49:07,845 MambaPro INFO:   BASE_LR: 0.0005
2025-12-12 11:49:07,845 MambaPro INFO:   BIAS_LR_FACTOR: 2
2025-12-12 11:49:07,845 MambaPro INFO:   CENTER_LOSS_WEIGHT: 0.0005
2025-12-12 11:49:07,845 MambaPro INFO:   CENTER_LR: 0.5
2025-12-12 11:49:07,845 MambaPro INFO:   CHECKPOINT_PERIOD: 10
2025-12-12 11:49:07,845 MambaPro INFO:   CLUSTER_MARGIN: 0.3
2025-12-12 11:49:07,845 MambaPro INFO:   COSINE_MARGIN: 0.5
2025-12-12 11:49:07,845 MambaPro INFO:   COSINE_SCALE: 30
2025-12-12 11:49:07,845 MambaPro INFO:   EVAL_PERIOD: 5
2025-12-12 11:49:07,845 MambaPro INFO:   GAMMA: 0.1
2025-12-12 11:49:07,845 MambaPro INFO:   IMS_PER_BATCH: 32
2025-12-12 11:49:07,845 MambaPro INFO:   LARGE_FC_LR: false
2025-12-12 11:49:07,845 MambaPro INFO:   LOG_PERIOD: 10
2025-12-12 11:49:07,845 MambaPro INFO:   MARGIN: 0.3
2025-12-12 11:49:07,845 MambaPro INFO:   MAX_EPOCHS: 60
2025-12-12 11:49:07,845 MambaPro INFO:   MOE_BALANCE_LOSS_WEIGHT: 0.001
2025-12-12 11:49:07,845 MambaPro INFO:   MOE_BALANCE_LOSS_WEIGHT_END: 0.1
2025-12-12 11:49:07,845 MambaPro INFO:   MOE_BALANCE_LOSS_WEIGHT_START: 0.001
2025-12-12 11:49:07,845 MambaPro INFO:   MOE_BALANCE_THRESHOLD: 0.3
2025-12-12 11:49:07,845 MambaPro INFO:   MOE_DIVERSITY_LOSS_WEIGHT: 0.001
2025-12-12 11:49:07,845 MambaPro INFO:   MOE_DIVERSITY_LOSS_WEIGHT_END: 0.1
2025-12-12 11:49:07,845 MambaPro INFO:   MOE_DIVERSITY_LOSS_WEIGHT_START: 0.001
2025-12-12 11:49:07,845 MambaPro INFO:   MOE_GATE_LR_FACTOR: 0.01
2025-12-12 11:49:07,845 MambaPro INFO:   MOE_LOSS_WEIGHT_SCHEDULE_TYPE: cosine
2025-12-12 11:49:07,845 MambaPro INFO:   MOE_LOSS_WEIGHT_WARMUP_EPOCHS: 5
2025-12-12 11:49:07,845 MambaPro INFO:   MOE_SPARSITY_LOSS_WEIGHT: 0.0001
2025-12-12 11:49:07,845 MambaPro INFO:   MOE_USE_DYNAMIC_LOSS_WEIGHT: false
2025-12-12 11:49:07,845 MambaPro INFO:   MOMENTUM: 0.9
2025-12-12 11:49:07,845 MambaPro INFO:   OPTIMIZER_NAME: Adam
2025-12-12 11:49:07,845 MambaPro INFO:   RANGE_ALPHA: 0
2025-12-12 11:49:07,845 MambaPro INFO:   RANGE_BETA: 1
2025-12-12 11:49:07,845 MambaPro INFO:   RANGE_K: 2
2025-12-12 11:49:07,845 MambaPro INFO:   RANGE_LOSS_WEIGHT: 1
2025-12-12 11:49:07,845 MambaPro INFO:   RANGE_MARGIN: 0.3
2025-12-12 11:49:07,845 MambaPro INFO:   SEED: 42
2025-12-12 11:49:07,845 MambaPro INFO:   STEPS:
2025-12-12 11:49:07,845 MambaPro INFO:   - 30
2025-12-12 11:49:07,845 MambaPro INFO:   - 50
2025-12-12 11:49:07,845 MambaPro INFO:   WARMUP_FACTOR: 0.01
2025-12-12 11:49:07,845 MambaPro INFO:   WARMUP_ITERS: 20
2025-12-12 11:49:07,845 MambaPro INFO:   WARMUP_METHOD: linear
2025-12-12 11:49:07,845 MambaPro INFO:   WEIGHT_DECAY: 0.0005
2025-12-12 11:49:07,845 MambaPro INFO:   WEIGHT_DECAY_BIAS: 0.0005
2025-12-12 11:49:07,845 MambaPro INFO: TEST:
2025-12-12 11:49:07,845 MambaPro INFO:   FEAT: 0
2025-12-12 11:49:07,845 MambaPro INFO:   FEAT_NORM: 'yes'
2025-12-12 11:49:07,845 MambaPro INFO:   IMS_PER_BATCH: 64
2025-12-12 11:49:07,845 MambaPro INFO:   MISS: nothing
2025-12-12 11:49:07,845 MambaPro INFO:   NECK_FEAT: after
2025-12-12 11:49:07,845 MambaPro INFO:   RE_RANKING: 'no'
2025-12-12 11:49:07,845 MambaPro INFO:   WEIGHT: /home/zubuntu/workspace/yzy/MambaPro/pths/MambaProbest.pth
2025-12-12 11:49:07,845 MambaPro INFO: ================================================================================
2025-12-12 11:49:10,093 MambaPro.train INFO: start training
2025-12-12 11:49:30,418 MambaPro.train INFO: Epoch 1 done. Time per batch: 0.190[s] Speed: 168.6[samples/s]
2025-12-12 11:49:50,358 MambaPro.train INFO: Epoch 2 done. Time per batch: 0.186[s] Speed: 171.7[samples/s]
2025-12-12 11:50:10,373 MambaPro.train INFO: Epoch 3 done. Time per batch: 0.187[s] Speed: 171.1[samples/s]
2025-12-12 11:50:30,391 MambaPro.train INFO: Epoch 4 done. Time per batch: 0.187[s] Speed: 171.1[samples/s]
2025-12-12 11:50:50,380 MambaPro.train INFO: Epoch 5 done. Time per batch: 0.187[s] Speed: 171.3[samples/s]
2025-12-12 11:50:57,989 MambaPro.train INFO: Validation Results - Epoch: 5
2025-12-12 11:50:57,989 MambaPro.train INFO: Current mAP: 48.3%
2025-12-12 11:50:57,989 MambaPro.train INFO: CMC curve, Rank-1  :53.1%
2025-12-12 11:50:57,989 MambaPro.train INFO: CMC curve, Rank-5  :66.5%
2025-12-12 11:50:57,989 MambaPro.train INFO: CMC curve, Rank-10 :73.6%
2025-12-12 11:50:57,990 MambaPro.train INFO: 🎯 New Best! Saving model...
2025-12-12 11:50:58,396 MambaPro.train INFO: [Epoch 5] 指标集合列表（历史）
2025-12-12 11:50:58,396 MambaPro.train INFO: history_mAP:{48.3}
2025-12-12 11:50:58,396 MambaPro.train INFO: best_mAP:{48.3}
2025-12-12 11:50:58,396 MambaPro.train INFO: history_Rank-1:{53.1}
2025-12-12 11:50:58,396 MambaPro.train INFO: best_Rank-1:{53.1}
2025-12-12 11:50:58,396 MambaPro.train INFO: history_Rank-5:{66.5}
2025-12-12 11:50:58,396 MambaPro.train INFO: best_Rank-5:{66.5}
2025-12-12 11:50:58,396 MambaPro.train INFO: history_Rank-10:{73.6}
2025-12-12 11:50:58,396 MambaPro.train INFO: best_Rank-10:{73.6}
2025-12-12 11:50:58,396 MambaPro.train INFO: history_Experts:{[0.35 , 0.34 , 0.31]}
2025-12-12 11:50:58,396 MambaPro.train INFO: best_Experts:{[0.35 , 0.34 , 0.31]}
2025-12-12 11:50:58,396 MambaPro.train INFO: 🔥 MoE损失(Val): 平衡=0.0000, 稀疏性=0.9986, 多样性=2.6557, 总=0.0028 (权重: 平衡=0.001, 稀疏性=0.000, 多样性=0.001)
2025-12-12 11:50:58,396 MambaPro.train INFO:    📊 专家权重分布(Val): [0.35 , 0.34 , 0.31]
2025-12-12 11:51:18,521 MambaPro.train INFO: Epoch 6 done. Time per batch: 0.187[s] Speed: 171.3[samples/s]
2025-12-12 11:51:38,515 MambaPro.train INFO: Epoch 7 done. Time per batch: 0.187[s] Speed: 171.2[samples/s]
2025-12-12 11:51:58,509 MambaPro.train INFO: Epoch 8 done. Time per batch: 0.187[s] Speed: 171.3[samples/s]
2025-12-12 11:52:18,516 MambaPro.train INFO: Epoch 9 done. Time per batch: 0.187[s] Speed: 171.1[samples/s]
2025-12-12 11:52:38,494 MambaPro.train INFO: Epoch 10 done. Time per batch: 0.187[s] Speed: 171.4[samples/s]
2025-12-12 11:52:46,499 MambaPro.train INFO: Validation Results - Epoch: 10
2025-12-12 11:52:46,499 MambaPro.train INFO: Current mAP: 55.2%
2025-12-12 11:52:46,499 MambaPro.train INFO: CMC curve, Rank-1  :59.0%
2025-12-12 11:52:46,499 MambaPro.train INFO: CMC curve, Rank-5  :73.2%
2025-12-12 11:52:46,499 MambaPro.train INFO: CMC curve, Rank-10 :79.7%
2025-12-12 11:52:46,500 MambaPro.train INFO: 🎯 New Best! Saving model...
2025-12-12 11:52:47,174 MambaPro.train INFO: [Epoch 10] 指标集合列表（历史）
2025-12-12 11:52:47,174 MambaPro.train INFO: history_mAP:{48.3 , 55.2}
2025-12-12 11:52:47,174 MambaPro.train INFO: best_mAP:{55.2}
2025-12-12 11:52:47,174 MambaPro.train INFO: history_Rank-1:{53.1 , 59.0}
2025-12-12 11:52:47,174 MambaPro.train INFO: best_Rank-1:{59.0}
2025-12-12 11:52:47,174 MambaPro.train INFO: history_Rank-5:{66.5 , 73.2}
2025-12-12 11:52:47,174 MambaPro.train INFO: best_Rank-5:{73.2}
2025-12-12 11:52:47,174 MambaPro.train INFO: history_Rank-10:{73.6 , 79.7}
2025-12-12 11:52:47,174 MambaPro.train INFO: best_Rank-10:{79.7}
2025-12-12 11:52:47,174 MambaPro.train INFO: history_Experts:{[0.35 , 0.34 , 0.31] , [0.36 , 0.35 , 0.29]}
2025-12-12 11:52:47,174 MambaPro.train INFO: best_Experts:{[0.36 , 0.35 , 0.29]}
2025-12-12 11:52:47,174 MambaPro.train INFO: 🔥 MoE损失(Val): 平衡=0.0000, 稀疏性=0.9965, 多样性=2.6386, 总=0.0027 (权重: 平衡=0.001, 稀疏性=0.000, 多样性=0.001)
2025-12-12 11:52:47,174 MambaPro.train INFO:    📊 专家权重分布(Val): [0.36 , 0.35 , 0.29]
2025-12-12 11:53:07,212 MambaPro.train INFO: Epoch 11 done. Time per batch: 0.188[s] Speed: 170.5[samples/s]
2025-12-12 11:53:27,419 MambaPro.train INFO: Epoch 12 done. Time per batch: 0.189[s] Speed: 169.5[samples/s]
2025-12-12 11:53:47,506 MambaPro.train INFO: Epoch 13 done. Time per batch: 0.188[s] Speed: 170.5[samples/s]
2025-12-12 11:54:07,611 MambaPro.train INFO: Epoch 14 done. Time per batch: 0.188[s] Speed: 170.3[samples/s]
2025-12-12 11:54:27,713 MambaPro.train INFO: Epoch 15 done. Time per batch: 0.188[s] Speed: 170.3[samples/s]
2025-12-12 11:54:35,250 MambaPro.train INFO: Validation Results - Epoch: 15
2025-12-12 11:54:35,250 MambaPro.train INFO: Current mAP: 59.5%
2025-12-12 11:54:35,250 MambaPro.train INFO: CMC curve, Rank-1  :65.2%
2025-12-12 11:54:35,250 MambaPro.train INFO: CMC curve, Rank-5  :76.0%
2025-12-12 11:54:35,250 MambaPro.train INFO: CMC curve, Rank-10 :83.6%
2025-12-12 11:54:35,251 MambaPro.train INFO: 🎯 New Best! Saving model...
2025-12-12 11:54:35,918 MambaPro.train INFO: [Epoch 15] 指标集合列表（历史）
2025-12-12 11:54:35,918 MambaPro.train INFO: history_mAP:{48.3 , 55.2 , 59.5}
2025-12-12 11:54:35,918 MambaPro.train INFO: best_mAP:{59.5}
2025-12-12 11:54:35,918 MambaPro.train INFO: history_Rank-1:{53.1 , 59.0 , 65.2}
2025-12-12 11:54:35,918 MambaPro.train INFO: best_Rank-1:{65.2}
2025-12-12 11:54:35,918 MambaPro.train INFO: history_Rank-5:{66.5 , 73.2 , 76.0}
2025-12-12 11:54:35,918 MambaPro.train INFO: best_Rank-5:{76.0}
2025-12-12 11:54:35,918 MambaPro.train INFO: history_Rank-10:{73.6 , 79.7 , 83.6}
2025-12-12 11:54:35,918 MambaPro.train INFO: best_Rank-10:{83.6}
2025-12-12 11:54:35,918 MambaPro.train INFO: history_Experts:{[0.35 , 0.34 , 0.31] , [0.36 , 0.35 , 0.29] , [0.38 , 0.35 , 0.27]}
2025-12-12 11:54:35,918 MambaPro.train INFO: best_Experts:{[0.38 , 0.35 , 0.27]}
2025-12-12 11:54:35,918 MambaPro.train INFO: 🔥 MoE损失(Val): 平衡=0.0000, 稀疏性=0.9899, 多样性=2.5878, 总=0.0027 (权重: 平衡=0.001, 稀疏性=0.000, 多样性=0.001)
2025-12-12 11:54:35,918 MambaPro.train INFO:    📊 专家权重分布(Val): [0.38 , 0.35 , 0.27]
2025-12-12 11:54:56,183 MambaPro.train INFO: Epoch 16 done. Time per batch: 0.188[s] Speed: 170.1[samples/s]
2025-12-12 11:55:16,292 MambaPro.train INFO: Epoch 17 done. Time per batch: 0.188[s] Speed: 170.3[samples/s]
2025-12-12 11:55:36,306 MambaPro.train INFO: Epoch 18 done. Time per batch: 0.189[s] Speed: 169.5[samples/s]
2025-12-12 11:55:56,409 MambaPro.train INFO: Epoch 19 done. Time per batch: 0.188[s] Speed: 170.3[samples/s]
2025-12-12 11:56:16,581 MambaPro.train INFO: Epoch 20 done. Time per batch: 0.189[s] Speed: 169.7[samples/s]
2025-12-12 11:56:24,575 MambaPro.train INFO: Validation Results - Epoch: 20
2025-12-12 11:56:24,575 MambaPro.train INFO: Current mAP: 55.6%
2025-12-12 11:56:24,575 MambaPro.train INFO: CMC curve, Rank-1  :58.7%
2025-12-12 11:56:24,575 MambaPro.train INFO: CMC curve, Rank-5  :74.8%
2025-12-12 11:56:24,575 MambaPro.train INFO: CMC curve, Rank-10 :81.8%
2025-12-12 11:56:24,576 MambaPro.train INFO: [Epoch 20] 指标集合列表（历史）
2025-12-12 11:56:24,576 MambaPro.train INFO: history_mAP:{48.3 , 55.2 , 59.5 , 55.6}
2025-12-12 11:56:24,576 MambaPro.train INFO: best_mAP:{59.5}
2025-12-12 11:56:24,576 MambaPro.train INFO: history_Rank-1:{53.1 , 59.0 , 65.2 , 58.7}
2025-12-12 11:56:24,576 MambaPro.train INFO: best_Rank-1:{65.2}
2025-12-12 11:56:24,576 MambaPro.train INFO: history_Rank-5:{66.5 , 73.2 , 76.0 , 74.8}
2025-12-12 11:56:24,576 MambaPro.train INFO: best_Rank-5:{76.0}
2025-12-12 11:56:24,576 MambaPro.train INFO: history_Rank-10:{73.6 , 79.7 , 83.6 , 81.8}
2025-12-12 11:56:24,576 MambaPro.train INFO: best_Rank-10:{83.6}
2025-12-12 11:56:24,576 MambaPro.train INFO: history_Experts:{[0.35 , 0.34 , 0.31] , [0.36 , 0.35 , 0.29] , [0.38 , 0.35 , 0.27] , [0.50 , 0.32 , 0.18]}
2025-12-12 11:56:24,576 MambaPro.train INFO: best_Experts:{[0.38 , 0.35 , 0.27]}
2025-12-12 11:56:24,576 MambaPro.train INFO: 🔥 MoE损失(Val): 平衡=0.0220, 稀疏性=0.9226, 多样性=2.1304, 总=0.0022 (权重: 平衡=0.001, 稀疏性=0.000, 多样性=0.001)
2025-12-12 11:56:24,576 MambaPro.train INFO:    📊 专家权重分布(Val): [0.50 , 0.32 , 0.18]
2025-12-12 11:56:44,651 MambaPro.train INFO: Epoch 21 done. Time per batch: 0.188[s] Speed: 170.1[samples/s]
2025-12-12 11:57:04,720 MambaPro.train INFO: Epoch 22 done. Time per batch: 0.188[s] Speed: 170.6[samples/s]
2025-12-12 11:57:24,814 MambaPro.train INFO: Epoch 23 done. Time per batch: 0.188[s] Speed: 170.4[samples/s]
2025-12-12 11:57:44,904 MambaPro.train INFO: Epoch 24 done. Time per batch: 0.188[s] Speed: 170.4[samples/s]
2025-12-12 11:58:04,826 MambaPro.train INFO: Epoch 25 done. Time per batch: 0.188[s] Speed: 170.3[samples/s]
2025-12-12 11:58:12,384 MambaPro.train INFO: Validation Results - Epoch: 25
2025-12-12 11:58:12,384 MambaPro.train INFO: Current mAP: 73.1%
2025-12-12 11:58:12,384 MambaPro.train INFO: CMC curve, Rank-1  :79.1%
2025-12-12 11:58:12,384 MambaPro.train INFO: CMC curve, Rank-5  :89.4%
2025-12-12 11:58:12,384 MambaPro.train INFO: CMC curve, Rank-10 :92.6%
2025-12-12 11:58:12,384 MambaPro.train INFO: 🎯 New Best! Saving model...
2025-12-12 11:58:13,047 MambaPro.train INFO: [Epoch 25] 指标集合列表（历史）
2025-12-12 11:58:13,048 MambaPro.train INFO: history_mAP:{48.3 , 55.2 , 59.5 , 55.6 , 73.1}
2025-12-12 11:58:13,048 MambaPro.train INFO: best_mAP:{73.1}
2025-12-12 11:58:13,048 MambaPro.train INFO: history_Rank-1:{53.1 , 59.0 , 65.2 , 58.7 , 79.1}
2025-12-12 11:58:13,048 MambaPro.train INFO: best_Rank-1:{79.1}
2025-12-12 11:58:13,048 MambaPro.train INFO: history_Rank-5:{66.5 , 73.2 , 76.0 , 74.8 , 89.4}
2025-12-12 11:58:13,048 MambaPro.train INFO: best_Rank-5:{89.4}
2025-12-12 11:58:13,048 MambaPro.train INFO: history_Rank-10:{73.6 , 79.7 , 83.6 , 81.8 , 92.6}
2025-12-12 11:58:13,048 MambaPro.train INFO: best_Rank-10:{92.6}
2025-12-12 11:58:13,048 MambaPro.train INFO: history_Experts:{[0.35 , 0.34 , 0.31] , [0.36 , 0.35 , 0.29] , [0.38 , 0.35 , 0.27] , [0.50 , 0.32 , 0.18] , [0.76 , 0.15 , 0.09]}
2025-12-12 11:58:13,048 MambaPro.train INFO: best_Experts:{[0.76 , 0.15 , 0.09]}
2025-12-12 11:58:13,049 MambaPro.train INFO: 🔥 MoE损失(Val): 平衡=0.4095, 稀疏性=0.5825, 多样性=0.8465, 总=0.0013 (权重: 平衡=0.001, 稀疏性=0.000, 多样性=0.001)
2025-12-12 11:58:13,049 MambaPro.train INFO:    📊 专家权重分布(Val): [0.76 , 0.15 , 0.09]
2025-12-12 11:58:33,256 MambaPro.train INFO: Epoch 26 done. Time per batch: 0.187[s] Speed: 170.7[samples/s]
2025-12-12 11:58:53,446 MambaPro.train INFO: Epoch 27 done. Time per batch: 0.189[s] Speed: 169.6[samples/s]
2025-12-12 11:59:13,742 MambaPro.train INFO: Epoch 28 done. Time per batch: 0.190[s] Speed: 168.7[samples/s]
2025-12-12 11:59:33,887 MambaPro.train INFO: Epoch 29 done. Time per batch: 0.188[s] Speed: 170.0[samples/s]
2025-12-12 11:59:54,089 MambaPro.train INFO: Epoch 30 done. Time per batch: 0.189[s] Speed: 169.5[samples/s]
2025-12-12 12:00:02,022 MambaPro.train INFO: Validation Results - Epoch: 30
2025-12-12 12:00:02,022 MambaPro.train INFO: Current mAP: 77.6%
2025-12-12 12:00:02,022 MambaPro.train INFO: CMC curve, Rank-1  :81.3%
2025-12-12 12:00:02,022 MambaPro.train INFO: CMC curve, Rank-5  :88.9%
2025-12-12 12:00:02,022 MambaPro.train INFO: CMC curve, Rank-10 :92.5%
2025-12-12 12:00:02,023 MambaPro.train INFO: 🎯 New Best! Saving model...
2025-12-12 12:00:02,786 MambaPro.train INFO: [Epoch 30] 指标集合列表（历史）
2025-12-12 12:00:02,786 MambaPro.train INFO: history_mAP:{48.3 , 55.2 , 59.5 , 55.6 , 73.1 , 77.6}
2025-12-12 12:00:02,786 MambaPro.train INFO: best_mAP:{77.6}
2025-12-12 12:00:02,786 MambaPro.train INFO: history_Rank-1:{53.1 , 59.0 , 65.2 , 58.7 , 79.1 , 81.3}
2025-12-12 12:00:02,786 MambaPro.train INFO: best_Rank-1:{81.3}
2025-12-12 12:00:02,786 MambaPro.train INFO: history_Rank-5:{66.5 , 73.2 , 76.0 , 74.8 , 89.4 , 88.9}
2025-12-12 12:00:02,786 MambaPro.train INFO: best_Rank-5:{89.4}
2025-12-12 12:00:02,786 MambaPro.train INFO: history_Rank-10:{73.6 , 79.7 , 83.6 , 81.8 , 92.6 , 92.5}
2025-12-12 12:00:02,786 MambaPro.train INFO: best_Rank-10:{92.6}
2025-12-12 12:00:02,786 MambaPro.train INFO: history_Experts:{[0.35 , 0.34 , 0.31] , [0.36 , 0.35 , 0.29] , [0.38 , 0.35 , 0.27] , [0.50 , 0.32 , 0.18] , [0.76 , 0.15 , 0.09] , [0.85 , 0.09 , 0.06]}
2025-12-12 12:00:02,786 MambaPro.train INFO: best_Experts:{[0.85 , 0.09 , 0.06]}
2025-12-12 12:00:02,786 MambaPro.train INFO: 🔥 MoE损失(Val): 平衡=0.6786, 稀疏性=0.3947, 多样性=0.4761, 总=0.0012 (权重: 平衡=0.001, 稀疏性=0.000, 多样性=0.001)
2025-12-12 12:00:02,787 MambaPro.train INFO:    📊 专家权重分布(Val): [0.85 , 0.09 , 0.06]
2025-12-12 12:00:23,146 MambaPro.train INFO: Epoch 31 done. Time per batch: 0.189[s] Speed: 169.4[samples/s]
2025-12-12 12:00:43,071 MambaPro.train INFO: Epoch 32 done. Time per batch: 0.188[s] Speed: 170.2[samples/s]
2025-12-12 12:01:03,223 MambaPro.train INFO: Epoch 33 done. Time per batch: 0.188[s] Speed: 169.9[samples/s]
2025-12-12 12:01:23,184 MambaPro.train INFO: Epoch 34 done. Time per batch: 0.188[s] Speed: 169.9[samples/s]
2025-12-12 12:01:43,284 MambaPro.train INFO: Epoch 35 done. Time per batch: 0.188[s] Speed: 170.4[samples/s]
2025-12-12 12:01:50,845 MambaPro.train INFO: Validation Results - Epoch: 35
2025-12-12 12:01:50,845 MambaPro.train INFO: Current mAP: 77.0%
2025-12-12 12:01:50,845 MambaPro.train INFO: CMC curve, Rank-1  :80.3%
2025-12-12 12:01:50,845 MambaPro.train INFO: CMC curve, Rank-5  :88.6%
2025-12-12 12:01:50,845 MambaPro.train INFO: CMC curve, Rank-10 :91.4%
2025-12-12 12:01:50,846 MambaPro.train INFO: [Epoch 35] 指标集合列表（历史）
2025-12-12 12:01:50,846 MambaPro.train INFO: history_mAP:{48.3 , 55.2 , 59.5 , 55.6 , 73.1 , 77.6 , 77.0}
2025-12-12 12:01:50,846 MambaPro.train INFO: best_mAP:{77.6}
2025-12-12 12:01:50,846 MambaPro.train INFO: history_Rank-1:{53.1 , 59.0 , 65.2 , 58.7 , 79.1 , 81.3 , 80.3}
2025-12-12 12:01:50,846 MambaPro.train INFO: best_Rank-1:{81.3}
2025-12-12 12:01:50,846 MambaPro.train INFO: history_Rank-5:{66.5 , 73.2 , 76.0 , 74.8 , 89.4 , 88.9 , 88.6}
2025-12-12 12:01:50,846 MambaPro.train INFO: best_Rank-5:{89.4}
2025-12-12 12:01:50,846 MambaPro.train INFO: history_Rank-10:{73.6 , 79.7 , 83.6 , 81.8 , 92.6 , 92.5 , 91.4}
2025-12-12 12:01:50,846 MambaPro.train INFO: best_Rank-10:{92.6}
2025-12-12 12:01:50,846 MambaPro.train INFO: history_Experts:{[0.35 , 0.34 , 0.31] , [0.36 , 0.35 , 0.29] , [0.38 , 0.35 , 0.27] , [0.50 , 0.32 , 0.18] , [0.76 , 0.15 , 0.09] , [0.85 , 0.09 , 0.06] , [0.89 , 0.06 , 0.04]}
2025-12-12 12:01:50,846 MambaPro.train INFO: best_Experts:{[0.85 , 0.09 , 0.06]}
2025-12-12 12:01:50,846 MambaPro.train INFO: 🔥 MoE损失(Val): 平衡=0.8265, 稀疏性=0.2963, 多样性=0.3282, 总=0.0012 (权重: 平衡=0.001, 稀疏性=0.000, 多样性=0.001)
2025-12-12 12:01:50,846 MambaPro.train INFO:    📊 专家权重分布(Val): [0.89 , 0.06 , 0.04]
2025-12-12 12:02:11,064 MambaPro.train INFO: Epoch 36 done. Time per batch: 0.188[s] Speed: 170.5[samples/s]
2025-12-12 12:02:31,187 MambaPro.train INFO: Epoch 37 done. Time per batch: 0.188[s] Speed: 170.2[samples/s]
2025-12-12 12:02:51,145 MambaPro.train INFO: Epoch 38 done. Time per batch: 0.188[s] Speed: 170.0[samples/s]
2025-12-12 12:03:11,250 MambaPro.train INFO: Epoch 39 done. Time per batch: 0.188[s] Speed: 170.3[samples/s]
2025-12-12 12:03:31,186 MambaPro.train INFO: Epoch 40 done. Time per batch: 0.188[s] Speed: 170.1[samples/s]
2025-12-12 12:03:39,152 MambaPro.train INFO: Validation Results - Epoch: 40
2025-12-12 12:03:39,152 MambaPro.train INFO: Current mAP: 78.0%
2025-12-12 12:03:39,152 MambaPro.train INFO: CMC curve, Rank-1  :82.8%
2025-12-12 12:03:39,152 MambaPro.train INFO: CMC curve, Rank-5  :89.1%
2025-12-12 12:03:39,152 MambaPro.train INFO: CMC curve, Rank-10 :91.9%
2025-12-12 12:03:39,153 MambaPro.train INFO: 🎯 New Best! Saving model...
2025-12-12 12:03:39,928 MambaPro.train INFO: [Epoch 40] 指标集合列表（历史）
2025-12-12 12:03:39,928 MambaPro.train INFO: history_mAP:{48.3 , 55.2 , 59.5 , 55.6 , 73.1 , 77.6 , 77.0 , 78.0}
2025-12-12 12:03:39,929 MambaPro.train INFO: best_mAP:{78.0}
2025-12-12 12:03:39,929 MambaPro.train INFO: history_Rank-1:{53.1 , 59.0 , 65.2 , 58.7 , 79.1 , 81.3 , 80.3 , 82.8}
2025-12-12 12:03:39,929 MambaPro.train INFO: best_Rank-1:{82.8}
2025-12-12 12:03:39,929 MambaPro.train INFO: history_Rank-5:{66.5 , 73.2 , 76.0 , 74.8 , 89.4 , 88.9 , 88.6 , 89.1}
2025-12-12 12:03:39,929 MambaPro.train INFO: best_Rank-5:{89.4}
2025-12-12 12:03:39,929 MambaPro.train INFO: history_Rank-10:{73.6 , 79.7 , 83.6 , 81.8 , 92.6 , 92.5 , 91.4 , 91.9}
2025-12-12 12:03:39,929 MambaPro.train INFO: best_Rank-10:{92.6}
2025-12-12 12:03:39,929 MambaPro.train INFO: history_Experts:{[0.35 , 0.34 , 0.31] , [0.36 , 0.35 , 0.29] , [0.38 , 0.35 , 0.27] , [0.50 , 0.32 , 0.18] , [0.76 , 0.15 , 0.09] , [0.85 , 0.09 , 0.06] , [0.89 , 0.06 , 0.04] , [0.91 , 0.05 , 0.04]}
2025-12-12 12:03:39,929 MambaPro.train INFO: best_Experts:{[0.91 , 0.05 , 0.04]}
2025-12-12 12:03:39,929 MambaPro.train INFO: 🔥 MoE损失(Val): 平衡=0.9083, 稀疏性=0.2428, 多样性=0.2575, 总=0.0012 (权重: 平衡=0.001, 稀疏性=0.000, 多样性=0.001)
2025-12-12 12:03:39,929 MambaPro.train INFO:    📊 专家权重分布(Val): [0.91 , 0.05 , 0.04]
2025-12-12 12:04:00,280 MambaPro.train INFO: Epoch 41 done. Time per batch: 0.189[s] Speed: 169.4[samples/s]
2025-12-12 12:04:20,404 MambaPro.train INFO: Epoch 42 done. Time per batch: 0.188[s] Speed: 170.1[samples/s]
2025-12-12 12:04:40,473 MambaPro.train INFO: Epoch 43 done. Time per batch: 0.188[s] Speed: 170.6[samples/s]
2025-12-12 12:05:00,597 MambaPro.train INFO: Epoch 44 done. Time per batch: 0.188[s] Speed: 170.1[samples/s]
2025-12-12 12:05:20,856 MambaPro.train INFO: Epoch 45 done. Time per batch: 0.189[s] Speed: 169.0[samples/s]
2025-12-12 12:05:28,441 MambaPro.train INFO: Validation Results - Epoch: 45
2025-12-12 12:05:28,441 MambaPro.train INFO: Current mAP: 77.5%
2025-12-12 12:05:28,441 MambaPro.train INFO: CMC curve, Rank-1  :81.2%
2025-12-12 12:05:28,441 MambaPro.train INFO: CMC curve, Rank-5  :87.7%
2025-12-12 12:05:28,441 MambaPro.train INFO: CMC curve, Rank-10 :91.9%
2025-12-12 12:05:28,442 MambaPro.train INFO: [Epoch 45] 指标集合列表（历史）
2025-12-12 12:05:28,442 MambaPro.train INFO: history_mAP:{48.3 , 55.2 , 59.5 , 55.6 , 73.1 , 77.6 , 77.0 , 78.0 , 77.5}
2025-12-12 12:05:28,442 MambaPro.train INFO: best_mAP:{78.0}
2025-12-12 12:05:28,442 MambaPro.train INFO: history_Rank-1:{53.1 , 59.0 , 65.2 , 58.7 , 79.1 , 81.3 , 80.3 , 82.8 , 81.2}
2025-12-12 12:05:28,442 MambaPro.train INFO: best_Rank-1:{82.8}
2025-12-12 12:05:28,442 MambaPro.train INFO: history_Rank-5:{66.5 , 73.2 , 76.0 , 74.8 , 89.4 , 88.9 , 88.6 , 89.1 , 87.7}
2025-12-12 12:05:28,442 MambaPro.train INFO: best_Rank-5:{89.4}
2025-12-12 12:05:28,442 MambaPro.train INFO: history_Rank-10:{73.6 , 79.7 , 83.6 , 81.8 , 92.6 , 92.5 , 91.4 , 91.9}
2025-12-12 12:05:28,442 MambaPro.train INFO: best_Rank-10:{92.6}
2025-12-12 12:05:28,442 MambaPro.train INFO: history_Experts:{[0.35 , 0.34 , 0.31] , [0.36 , 0.35 , 0.29] , [0.38 , 0.35 , 0.27] , [0.50 , 0.32 , 0.18] , [0.76 , 0.15 , 0.09] , [0.85 , 0.09 , 0.06] , [0.89 , 0.06 , 0.04] , [0.91 , 0.05 , 0.04] , [0.93 , 0.04 , 0.03]}
2025-12-12 12:05:28,442 MambaPro.train INFO: best_Experts:{[0.91 , 0.05 , 0.04]}
2025-12-12 12:05:28,442 MambaPro.train INFO: 🔥 MoE损失(Val): 平衡=0.9595, 稀疏性=0.2097, 多样性=0.2167, 总=0.0012 (权重: 平衡=0.001, 稀疏性=0.000, 多样性=0.001)
2025-12-12 12:05:28,442 MambaPro.train INFO:    📊 专家权重分布(Val): [0.93 , 0.04 , 0.03]
2025-12-12 12:05:48,741 MambaPro.train INFO: Epoch 46 done. Time per batch: 0.188[s] Speed: 169.8[samples/s]
2025-12-12 12:06:08,967 MambaPro.train INFO: Epoch 47 done. Time per batch: 0.189[s] Speed: 169.3[samples/s]
2025-12-12 12:06:28,915 MambaPro.train INFO: Epoch 48 done. Time per batch: 0.188[s] Speed: 170.0[samples/s]
2025-12-12 12:06:49,066 MambaPro.train INFO: Epoch 49 done. Time per batch: 0.188[s] Speed: 169.9[samples/s]
2025-12-12 12:07:09,221 MambaPro.train INFO: Epoch 50 done. Time per batch: 0.188[s] Speed: 169.9[samples/s]
2025-12-12 12:07:17,197 MambaPro.train INFO: Validation Results - Epoch: 50
2025-12-12 12:07:17,197 MambaPro.train INFO: Current mAP: 76.9%
2025-12-12 12:07:17,197 MambaPro.train INFO: CMC curve, Rank-1  :81.2%
2025-12-12 12:07:17,197 MambaPro.train INFO: CMC curve, Rank-5  :88.4%
2025-12-12 12:07:17,197 MambaPro.train INFO: CMC curve, Rank-10 :91.6%
2025-12-12 12:07:17,198 MambaPro.train INFO: [Epoch 50] 指标集合列表（历史）
2025-12-12 12:07:17,198 MambaPro.train INFO: history_mAP:{48.3 , 55.2 , 59.5 , 55.6 , 73.1 , 77.6 , 77.0 , 78.0 , 77.5 , 76.9}
2025-12-12 12:07:17,198 MambaPro.train INFO: best_mAP:{78.0}
2025-12-12 12:07:17,198 MambaPro.train INFO: history_Rank-1:{53.1 , 59.0 , 65.2 , 58.7 , 79.1 , 81.3 , 80.3 , 82.8 , 81.2}
2025-12-12 12:07:17,198 MambaPro.train INFO: best_Rank-1:{82.8}
2025-12-12 12:07:17,198 MambaPro.train INFO: history_Rank-5:{66.5 , 73.2 , 76.0 , 74.8 , 89.4 , 88.9 , 88.6 , 89.1 , 87.7 , 88.4}
2025-12-12 12:07:17,198 MambaPro.train INFO: best_Rank-5:{89.4}
2025-12-12 12:07:17,198 MambaPro.train INFO: history_Rank-10:{73.6 , 79.7 , 83.6 , 81.8 , 92.6 , 92.5 , 91.4 , 91.9 , 91.6}
2025-12-12 12:07:17,198 MambaPro.train INFO: best_Rank-10:{92.6}
2025-12-12 12:07:17,198 MambaPro.train INFO: history_Experts:{[0.35 , 0.34 , 0.31] , [0.36 , 0.35 , 0.29] , [0.38 , 0.35 , 0.27] , [0.50 , 0.32 , 0.18] , [0.76 , 0.15 , 0.09] , [0.85 , 0.09 , 0.06] , [0.89 , 0.06 , 0.04] , [0.91 , 0.05 , 0.04] , [0.93 , 0.04 , 0.03] , [0.93 , 0.04 , 0.03]}
2025-12-12 12:07:17,198 MambaPro.train INFO: best_Experts:{[0.91 , 0.05 , 0.04]}
2025-12-12 12:07:17,198 MambaPro.train INFO: 🔥 MoE损失(Val): 平衡=0.9947, 稀疏性=0.1870, 多样性=0.1899, 总=0.0012 (权重: 平衡=0.001, 稀疏性=0.000, 多样性=0.001)
2025-12-12 12:07:17,198 MambaPro.train INFO:    📊 专家权重分布(Val): [0.93 , 0.04 , 0.03]
2025-12-12 12:07:37,402 MambaPro.train INFO: Epoch 51 done. Time per batch: 0.189[s] Speed: 169.0[samples/s]
2025-12-12 12:07:57,366 MambaPro.train INFO: Epoch 52 done. Time per batch: 0.188[s] Speed: 169.9[samples/s]
2025-12-12 12:08:17,499 MambaPro.train INFO: Epoch 53 done. Time per batch: 0.188[s] Speed: 170.1[samples/s]
2025-12-12 12:08:37,706 MambaPro.train INFO: Epoch 54 done. Time per batch: 0.189[s] Speed: 169.5[samples/s]
2025-12-12 12:08:57,888 MambaPro.train INFO: Epoch 55 done. Time per batch: 0.189[s] Speed: 169.7[samples/s]
2025-12-12 12:09:05,483 MambaPro.train INFO: Validation Results - Epoch: 55
2025-12-12 12:09:05,483 MambaPro.train INFO: Current mAP: 77.8%
2025-12-12 12:09:05,483 MambaPro.train INFO: CMC curve, Rank-1  :82.1%
2025-12-12 12:09:05,483 MambaPro.train INFO: CMC curve, Rank-5  :88.6%
2025-12-12 12:09:05,483 MambaPro.train INFO: CMC curve, Rank-10 :92.0%
2025-12-12 12:09:05,484 MambaPro.train INFO: [Epoch 55] 指标集合列表（历史）
2025-12-12 12:09:05,484 MambaPro.train INFO: history_mAP:{48.3 , 55.2 , 59.5 , 55.6 , 73.1 , 77.6 , 77.0 , 78.0 , 77.5 , 76.9 , 77.8}
2025-12-12 12:09:05,484 MambaPro.train INFO: best_mAP:{78.0}
2025-12-12 12:09:05,484 MambaPro.train INFO: history_Rank-1:{53.1 , 59.0 , 65.2 , 58.7 , 79.1 , 81.3 , 80.3 , 82.8 , 81.2 , 82.1}
2025-12-12 12:09:05,484 MambaPro.train INFO: best_Rank-1:{82.8}
2025-12-12 12:09:05,484 MambaPro.train INFO: history_Rank-5:{66.5 , 73.2 , 76.0 , 74.8 , 89.4 , 88.9 , 88.6 , 89.1 , 87.7 , 88.4}
2025-12-12 12:09:05,484 MambaPro.train INFO: best_Rank-5:{89.4}
2025-12-12 12:09:05,484 MambaPro.train INFO: history_Rank-10:{73.6 , 79.7 , 83.6 , 81.8 , 92.6 , 92.5 , 91.4 , 91.9 , 91.6 , 92.0}
2025-12-12 12:09:05,484 MambaPro.train INFO: best_Rank-10:{92.6}
2025-12-12 12:09:05,484 MambaPro.train INFO: history_Experts:{[0.35 , 0.34 , 0.31] , [0.36 , 0.35 , 0.29] , [0.38 , 0.35 , 0.27] , [0.50 , 0.32 , 0.18] , [0.76 , 0.15 , 0.09] , [0.85 , 0.09 , 0.06] , [0.89 , 0.06 , 0.04] , [0.91 , 0.05 , 0.04] , [0.93 , 0.04 , 0.03] , [0.93 , 0.04 , 0.03] , [0.94 , 0.03 , 0.03]}
2025-12-12 12:09:05,484 MambaPro.train INFO: best_Experts:{[0.91 , 0.05 , 0.04]}
2025-12-12 12:09:05,484 MambaPro.train INFO: 🔥 MoE损失(Val): 平衡=1.0213, 稀疏性=0.1699, 多样性=0.1704, 总=0.0012 (权重: 平衡=0.001, 稀疏性=0.000, 多样性=0.001)
2025-12-12 12:09:05,484 MambaPro.train INFO:    📊 专家权重分布(Val): [0.94 , 0.03 , 0.03]
2025-12-12 12:09:25,591 MambaPro.train INFO: Epoch 56 done. Time per batch: 0.188[s] Speed: 169.8[samples/s]
2025-12-12 12:09:45,806 MambaPro.train INFO: Epoch 57 done. Time per batch: 0.189[s] Speed: 169.4[samples/s]
2025-12-12 12:10:05,996 MambaPro.train INFO: Epoch 58 done. Time per batch: 0.189[s] Speed: 169.6[samples/s]
2025-12-12 12:10:25,962 MambaPro.train INFO: Epoch 59 done. Time per batch: 0.188[s] Speed: 169.9[samples/s]
2025-12-12 12:10:46,125 MambaPro.train INFO: Epoch 60 done. Time per batch: 0.188[s] Speed: 169.8[samples/s]
2025-12-12 12:10:54,075 MambaPro.train INFO: Validation Results - Epoch: 60
2025-12-12 12:10:54,075 MambaPro.train INFO: Current mAP: 77.7%
2025-12-12 12:10:54,075 MambaPro.train INFO: CMC curve, Rank-1  :81.7%
2025-12-12 12:10:54,075 MambaPro.train INFO: CMC curve, Rank-5  :88.6%
2025-12-12 12:10:54,075 MambaPro.train INFO: CMC curve, Rank-10 :91.7%
2025-12-12 12:10:54,076 MambaPro.train INFO: [Epoch 60] 指标集合列表（历史）
2025-12-12 12:10:54,076 MambaPro.train INFO: history_mAP:{48.3 , 55.2 , 59.5 , 55.6 , 73.1 , 77.6 , 77.0 , 78.0 , 77.5 , 76.9 , 77.8 , 77.7}
2025-12-12 12:10:54,076 MambaPro.train INFO: best_mAP:{78.0}
2025-12-12 12:10:54,076 MambaPro.train INFO: history_Rank-1:{53.1 , 59.0 , 65.2 , 58.7 , 79.1 , 81.3 , 80.3 , 82.8 , 81.2 , 82.1 , 81.7}
2025-12-12 12:10:54,076 MambaPro.train INFO: best_Rank-1:{82.8}
2025-12-12 12:10:54,076 MambaPro.train INFO: history_Rank-5:{66.5 , 73.2 , 76.0 , 74.8 , 89.4 , 88.9 , 88.6 , 89.1 , 87.7 , 88.4}
2025-12-12 12:10:54,076 MambaPro.train INFO: best_Rank-5:{89.4}
2025-12-12 12:10:54,076 MambaPro.train INFO: history_Rank-10:{73.6 , 79.7 , 83.6 , 81.8 , 92.6 , 92.5 , 91.4 , 91.9 , 91.6 , 92.0 , 91.7}
2025-12-12 12:10:54,076 MambaPro.train INFO: best_Rank-10:{92.6}
2025-12-12 12:10:54,076 MambaPro.train INFO: history_Experts:{[0.35 , 0.34 , 0.31] , [0.36 , 0.35 , 0.29] , [0.38 , 0.35 , 0.27] , [0.50 , 0.32 , 0.18] , [0.76 , 0.15 , 0.09] , [0.85 , 0.09 , 0.06] , [0.89 , 0.06 , 0.04] , [0.91 , 0.05 , 0.04] , [0.93 , 0.04 , 0.03] , [0.93 , 0.04 , 0.03] , [0.94 , 0.03 , 0.03] , [0.95 , 0.03 , 0.02]}
2025-12-12 12:10:54,076 MambaPro.train INFO: best_Experts:{[0.91 , 0.05 , 0.04]}
2025-12-12 12:10:54,076 MambaPro.train INFO: 🔥 MoE损失(Val): 平衡=1.0421, 稀疏性=0.1566, 多样性=0.1555, 总=0.0012 (权重: 平衡=0.001, 稀疏性=0.000, 多样性=0.001)
2025-12-12 12:10:54,076 MambaPro.train INFO:    📊 专家权重分布(Val): [0.95 , 0.03 , 0.02]
2025-12-12 12:10:54,211 MambaPro.train INFO: ============================================================
