2025-12-22 05:30:18,790 MambaPro INFO: 🔥 窗口配置：16x16 ([16]), MoE专家数量：1
2025-12-22 05:30:18,791 MambaPro INFO: ================================================================================
2025-12-22 05:30:18,791 MambaPro INFO: 🧾 实验参数快照（命令行 + 最终配置）
2025-12-22 05:30:18,791 MambaPro INFO: ================================================================================
2025-12-22 05:30:18,791 MambaPro INFO: 【复现实验命令】
2025-12-22 05:30:18,791 MambaPro INFO: /home/zhanghaoyang/.conda/envs/MambaPro/bin/python train_net.py --use_multi_scale --use_moe --config_file configs/RGBNT100/jzb_baseline_optimize.yml OUTPUT_DIR ./outputs/rgbnt100_multiscale/16x16_20251222_053016 MODEL.CLIP_MULTI_SCALE_SCALES [16] MODEL.MOE_SCALES [16] MODEL.MOE_NUM_EXPERTS 1
2025-12-22 05:30:18,791 MambaPro INFO: 【命令行参数（args）】
2025-12-22 05:30:18,791 MambaPro INFO: {
2025-12-22 05:30:18,791 MambaPro INFO:   "config_file": "configs/RGBNT100/jzb_baseline_optimize.yml",
2025-12-22 05:30:18,791 MambaPro INFO:   "fea_cft": 0,
2025-12-22 05:30:18,791 MambaPro INFO:   "opts": [
2025-12-22 05:30:18,791 MambaPro INFO:     "OUTPUT_DIR",
2025-12-22 05:30:18,791 MambaPro INFO:     "./outputs/rgbnt100_multiscale/16x16_20251222_053016",
2025-12-22 05:30:18,791 MambaPro INFO:     "MODEL.CLIP_MULTI_SCALE_SCALES",
2025-12-22 05:30:18,791 MambaPro INFO:     "[16]",
2025-12-22 05:30:18,791 MambaPro INFO:     "MODEL.MOE_SCALES",
2025-12-22 05:30:18,791 MambaPro INFO:     "[16]",
2025-12-22 05:30:18,791 MambaPro INFO:     "MODEL.MOE_NUM_EXPERTS",
2025-12-22 05:30:18,791 MambaPro INFO:     "1"
2025-12-22 05:30:18,791 MambaPro INFO:   ],
2025-12-22 05:30:18,791 MambaPro INFO:   "local_rank": 0,
2025-12-22 05:30:18,791 MambaPro INFO:   "use_multi_scale": true,
2025-12-22 05:30:18,791 MambaPro INFO:   "no_multi_scale": false,
2025-12-22 05:30:18,791 MambaPro INFO:   "use_moe": true,
2025-12-22 05:30:18,791 MambaPro INFO:   "disable_moe": false,
2025-12-22 05:30:18,791 MambaPro INFO:   "no_moe": false,
2025-12-22 05:30:18,791 MambaPro INFO:   "use_attention": false,
2025-12-22 05:30:18,791 MambaPro INFO:   "disable_attention": false,
2025-12-22 05:30:18,791 MambaPro INFO:   "attention_heads": 8,
2025-12-22 05:30:18,791 MambaPro INFO:   "attention_dropout": 0.1,
2025-12-22 05:30:18,791 MambaPro INFO:   "resume": ""
2025-12-22 05:30:18,791 MambaPro INFO: }
2025-12-22 05:30:18,791 MambaPro INFO: 【工作目录】/home/zhanghaoyang/Desktop/yzy/AboutReid
2025-12-22 05:30:18,791 MambaPro INFO: 【最终配置（YAML）】
2025-12-22 05:30:18,794 MambaPro INFO: DATALOADER:
2025-12-22 05:30:18,794 MambaPro INFO:   NUM_INSTANCE: 16
2025-12-22 05:30:18,794 MambaPro INFO:   NUM_WORKERS: 8
2025-12-22 05:30:18,794 MambaPro INFO:   SAMPLER: softmax_triplet
2025-12-22 05:30:18,794 MambaPro INFO: DATASETS:
2025-12-22 05:30:18,794 MambaPro INFO:   NAMES: RGBNT100
2025-12-22 05:30:18,794 MambaPro INFO:   ROOT_DIR: /home/zhanghaoyang/Desktop/yzy/MambaPro/data/datasets
2025-12-22 05:30:18,794 MambaPro INFO: INPUT:
2025-12-22 05:30:18,794 MambaPro INFO:   PADDING: 10
2025-12-22 05:30:18,794 MambaPro INFO:   PIXEL_MEAN:
2025-12-22 05:30:18,794 MambaPro INFO:   - 0.5
2025-12-22 05:30:18,794 MambaPro INFO:   - 0.5
2025-12-22 05:30:18,794 MambaPro INFO:   - 0.5
2025-12-22 05:30:18,794 MambaPro INFO:   PIXEL_STD:
2025-12-22 05:30:18,794 MambaPro INFO:   - 0.5
2025-12-22 05:30:18,794 MambaPro INFO:   - 0.5
2025-12-22 05:30:18,794 MambaPro INFO:   - 0.5
2025-12-22 05:30:18,794 MambaPro INFO:   PROB: 0.5
2025-12-22 05:30:18,794 MambaPro INFO:   RE_PROB: 0.5
2025-12-22 05:30:18,794 MambaPro INFO:   SIZE_TEST:
2025-12-22 05:30:18,794 MambaPro INFO:   - 128
2025-12-22 05:30:18,794 MambaPro INFO:   - 256
2025-12-22 05:30:18,794 MambaPro INFO:   SIZE_TRAIN:
2025-12-22 05:30:18,794 MambaPro INFO:   - 128
2025-12-22 05:30:18,794 MambaPro INFO:   - 256
2025-12-22 05:30:18,794 MambaPro INFO: MODEL:
2025-12-22 05:30:18,794 MambaPro INFO:   ADAPTER: true
2025-12-22 05:30:18,794 MambaPro INFO:   ATTENTION_DIM: 512
2025-12-22 05:30:18,794 MambaPro INFO:   ATTENTION_DROPOUT: 0.1
2025-12-22 05:30:18,794 MambaPro INFO:   ATTENTION_NUM_HEADS: 8
2025-12-22 05:30:18,794 MambaPro INFO:   ATT_DROP_RATE: 0.0
2025-12-22 05:30:18,794 MambaPro INFO:   CLIP_MULTI_SCALE_SCALES:
2025-12-22 05:30:18,794 MambaPro INFO:   - 16
2025-12-22 05:30:18,794 MambaPro INFO:   DEVICE: cuda
2025-12-22 05:30:18,794 MambaPro INFO:   DEVICE_ID: '0'
2025-12-22 05:30:18,794 MambaPro INFO:   DIRECT: 0
2025-12-22 05:30:18,794 MambaPro INFO:   DIST_TRAIN: false
2025-12-22 05:30:18,794 MambaPro INFO:   DROP_OUT: 0.0
2025-12-22 05:30:18,794 MambaPro INFO:   DROP_PATH: 0.1
2025-12-22 05:30:18,794 MambaPro INFO:   FLOPS_TEST: false
2025-12-22 05:30:18,794 MambaPro INFO:   FROZEN: true
2025-12-22 05:30:18,794 MambaPro INFO:   GATE_DROPOUT: 0.1
2025-12-22 05:30:18,794 MambaPro INFO:   ID_LOSS_TYPE: softmax
2025-12-22 05:30:18,794 MambaPro INFO:   ID_LOSS_WEIGHT: 0.25
2025-12-22 05:30:18,794 MambaPro INFO:   IF_LABELSMOOTH: 'on'
2025-12-22 05:30:18,794 MambaPro INFO:   IF_WITH_CENTER: 'no'
2025-12-22 05:30:18,794 MambaPro INFO:   LAYER: -1
2025-12-22 05:30:18,794 MambaPro INFO:   MAMBA: true
2025-12-22 05:30:18,794 MambaPro INFO:   MAMBA_BI: false
2025-12-22 05:30:18,794 MambaPro INFO:   METRIC_LOSS_TYPE: triplet
2025-12-22 05:30:18,794 MambaPro INFO:   MOE_BALANCE_LOSS_WEIGHT: 0.01
2025-12-22 05:30:18,794 MambaPro INFO:   MOE_DIVERSITY_LOSS_WEIGHT: 0.01
2025-12-22 05:30:18,794 MambaPro INFO:   MOE_EXPERT_DROPOUT: 0.1
2025-12-22 05:30:18,794 MambaPro INFO:   MOE_EXPERT_HIDDEN_DIM: 1024
2025-12-22 05:30:18,794 MambaPro INFO:   MOE_EXPERT_LAYERS: 2
2025-12-22 05:30:18,794 MambaPro INFO:   MOE_EXPERT_THRESHOLD: 0.1
2025-12-22 05:30:18,794 MambaPro INFO:   MOE_FIXED_WEIGHTS:
2025-12-22 05:30:18,794 MambaPro INFO:   - 0.33
2025-12-22 05:30:18,794 MambaPro INFO:   - 0.33
2025-12-22 05:30:18,794 MambaPro INFO:   - 0.34
2025-12-22 05:30:18,794 MambaPro INFO:   MOE_GATE_DROPOUT: 0.1
2025-12-22 05:30:18,794 MambaPro INFO:   MOE_GATE_LAYERS: 2
2025-12-22 05:30:18,794 MambaPro INFO:   MOE_INIT_WEIGHTS: null
2025-12-22 05:30:18,794 MambaPro INFO:   MOE_NUM_EXPERTS: 1
2025-12-22 05:30:18,794 MambaPro INFO:   MOE_RESIDUAL_WEIGHT: 1.0
2025-12-22 05:30:18,794 MambaPro INFO:   MOE_SCALES:
2025-12-22 05:30:18,794 MambaPro INFO:   - 16
2025-12-22 05:30:18,794 MambaPro INFO:   MOE_SPARSITY_LOSS_WEIGHT: 0.001
2025-12-22 05:30:18,794 MambaPro INFO:   MOE_TEMPERATURE: 1.0
2025-12-22 05:30:18,794 MambaPro INFO:   MOE_TOP_K: 2
2025-12-22 05:30:18,794 MambaPro INFO:   MOE_TOP_K_MODE: soft
2025-12-22 05:30:18,794 MambaPro INFO:   MOE_USE_FIXED_WEIGHTS: false
2025-12-22 05:30:18,794 MambaPro INFO:   MOE_USE_TOP_K_ROUTING: false
2025-12-22 05:30:18,794 MambaPro INFO:   MULTI_SCALE_SCALES:
2025-12-22 05:30:18,794 MambaPro INFO:   - 4
2025-12-22 05:30:18,794 MambaPro INFO:   - 8
2025-12-22 05:30:18,794 MambaPro INFO:   - 16
2025-12-22 05:30:18,794 MambaPro INFO:   NAME: MambaPro
2025-12-22 05:30:18,794 MambaPro INFO:   NECK: bnneck
2025-12-22 05:30:18,794 MambaPro INFO:   NO_MARGIN: true
2025-12-22 05:30:18,794 MambaPro INFO:   PREFIX_NUM: 1
2025-12-22 05:30:18,794 MambaPro INFO:   PRETRAIN_PATH_T: AboutReid/pths/ViT-B-16.pt
2025-12-22 05:30:18,794 MambaPro INFO:   PROMPT: true
2025-12-22 05:30:18,794 MambaPro INFO:   SIE_CAMERA: true
2025-12-22 05:30:18,794 MambaPro INFO:   SIE_COE: 1.0
2025-12-22 05:30:18,794 MambaPro INFO:   SIE_VIEW: false
2025-12-22 05:30:18,794 MambaPro INFO:   STRIDE_SIZE:
2025-12-22 05:30:18,794 MambaPro INFO:   - 16
2025-12-22 05:30:18,794 MambaPro INFO:   - 16
2025-12-22 05:30:18,794 MambaPro INFO:   TRANSFORMER_TYPE: ViT-B-16
2025-12-22 05:30:18,794 MambaPro INFO:   TRIPLET_LOSS_WEIGHT: 1.0
2025-12-22 05:30:18,794 MambaPro INFO:   USE_ATTENTION_FUSION: false
2025-12-22 05:30:18,794 MambaPro INFO:   USE_CLIP_MULTI_SCALE: true
2025-12-22 05:30:18,794 MambaPro INFO:   USE_GATE_FUSION: false
2025-12-22 05:30:18,794 MambaPro INFO:   USE_MULTI_SCALE: false
2025-12-22 05:30:18,794 MambaPro INFO:   USE_MULTI_SCALE_MOE: true
2025-12-22 05:30:18,794 MambaPro INFO: OUTPUT_DIR: outputs/rgbnt100_multiscale/16x16_20251222_053016
2025-12-22 05:30:18,794 MambaPro INFO: SOLVER:
2025-12-22 05:30:18,794 MambaPro INFO:   BASE_LR: 0.000175
2025-12-22 05:30:18,794 MambaPro INFO:   BIAS_LR_FACTOR: 2
2025-12-22 05:30:18,794 MambaPro INFO:   CENTER_LOSS_WEIGHT: 0.0005
2025-12-22 05:30:18,794 MambaPro INFO:   CENTER_LR: 0.5
2025-12-22 05:30:18,794 MambaPro INFO:   CHECKPOINT_PERIOD: 60
2025-12-22 05:30:18,794 MambaPro INFO:   CLUSTER_MARGIN: 0.3
2025-12-22 05:30:18,794 MambaPro INFO:   COSINE_MARGIN: 0.5
2025-12-22 05:30:18,795 MambaPro INFO:   COSINE_SCALE: 30
2025-12-22 05:30:18,795 MambaPro INFO:   EVAL_PERIOD: 1
2025-12-22 05:30:18,795 MambaPro INFO:   GAMMA: 0.1
2025-12-22 05:30:18,795 MambaPro INFO:   IMS_PER_BATCH: 64
2025-12-22 05:30:18,795 MambaPro INFO:   LARGE_FC_LR: false
2025-12-22 05:30:18,795 MambaPro INFO:   LOG_PERIOD: 10
2025-12-22 05:30:18,795 MambaPro INFO:   MARGIN: 0.3
2025-12-22 05:30:18,795 MambaPro INFO:   MAX_EPOCHS: 30
2025-12-22 05:30:18,795 MambaPro INFO:   MOE_BALANCE_LOSS_WEIGHT: 0.01
2025-12-22 05:30:18,795 MambaPro INFO:   MOE_BALANCE_LOSS_WEIGHT_END: 0.1
2025-12-22 05:30:18,795 MambaPro INFO:   MOE_BALANCE_LOSS_WEIGHT_START: 0.001
2025-12-22 05:30:18,795 MambaPro INFO:   MOE_BALANCE_THRESHOLD: 0.3
2025-12-22 05:30:18,795 MambaPro INFO:   MOE_DIVERSITY_LOSS_WEIGHT: 0.01
2025-12-22 05:30:18,795 MambaPro INFO:   MOE_DIVERSITY_LOSS_WEIGHT_END: 0.1
2025-12-22 05:30:18,795 MambaPro INFO:   MOE_DIVERSITY_LOSS_WEIGHT_START: 0.001
2025-12-22 05:30:18,795 MambaPro INFO:   MOE_GATE_LR_FACTOR: 0.01
2025-12-22 05:30:18,795 MambaPro INFO:   MOE_LOSS_WEIGHT_SCHEDULE_TYPE: cosine
2025-12-22 05:30:18,795 MambaPro INFO:   MOE_LOSS_WEIGHT_WARMUP_EPOCHS: 5
2025-12-22 05:30:18,795 MambaPro INFO:   MOE_SPARSITY_LOSS_WEIGHT: 0.001
2025-12-22 05:30:18,795 MambaPro INFO:   MOE_USE_DYNAMIC_LOSS_WEIGHT: false
2025-12-22 05:30:18,795 MambaPro INFO:   MOMENTUM: 0.9
2025-12-22 05:30:18,795 MambaPro INFO:   OPTIMIZER_NAME: Adam
2025-12-22 05:30:18,795 MambaPro INFO:   RANGE_ALPHA: 0
2025-12-22 05:30:18,795 MambaPro INFO:   RANGE_BETA: 1
2025-12-22 05:30:18,795 MambaPro INFO:   RANGE_K: 2
2025-12-22 05:30:18,795 MambaPro INFO:   RANGE_LOSS_WEIGHT: 1
2025-12-22 05:30:18,795 MambaPro INFO:   RANGE_MARGIN: 0.3
2025-12-22 05:30:18,795 MambaPro INFO:   SEED: 1111
2025-12-22 05:30:18,795 MambaPro INFO:   STEPS:
2025-12-22 05:30:18,795 MambaPro INFO:   - 40
2025-12-22 05:30:18,795 MambaPro INFO:   - 70
2025-12-22 05:30:18,795 MambaPro INFO:   WARMUP_FACTOR: 0.01
2025-12-22 05:30:18,795 MambaPro INFO:   WARMUP_ITERS: 5
2025-12-22 05:30:18,795 MambaPro INFO:   WARMUP_METHOD: linear
2025-12-22 05:30:18,795 MambaPro INFO:   WEIGHT_DECAY: 0.0001
2025-12-22 05:30:18,795 MambaPro INFO:   WEIGHT_DECAY_BIAS: 0.0001
2025-12-22 05:30:18,795 MambaPro INFO: TEST:
2025-12-22 05:30:18,795 MambaPro INFO:   FEAT: 0
2025-12-22 05:30:18,795 MambaPro INFO:   FEAT_NORM: 'yes'
2025-12-22 05:30:18,795 MambaPro INFO:   IMS_PER_BATCH: 64
2025-12-22 05:30:18,795 MambaPro INFO:   MISS: nothing
2025-12-22 05:30:18,795 MambaPro INFO:   NECK_FEAT: before
2025-12-22 05:30:18,795 MambaPro INFO:   RE_RANKING: 'no'
2025-12-22 05:30:18,795 MambaPro INFO:   WEIGHT: /home/zubuntu/workspace/MambaPro/MambaPro/pths/MambaProbest.pth
2025-12-22 05:30:18,795 MambaPro INFO: ================================================================================
2025-12-22 05:30:21,734 MambaPro.train INFO: start training
2025-12-22 05:31:53,701 MambaPro.train INFO: Epoch 1 done. Time per batch: 0.783[s] Speed: 81.8[samples/s]
2025-12-22 05:33:29,360 MambaPro.train INFO: Validation Results - Epoch: 1
2025-12-22 05:33:29,360 MambaPro.train INFO: Current mAP: 48.9%
2025-12-22 05:33:29,360 MambaPro.train INFO: CMC curve, Rank-1  :69.0%
2025-12-22 05:33:29,360 MambaPro.train INFO: CMC curve, Rank-5  :74.0%
2025-12-22 05:33:29,360 MambaPro.train INFO: CMC curve, Rank-10 :76.8%
2025-12-22 05:33:29,367 MambaPro.train INFO: 🎯 New Best! Saving model...
2025-12-22 05:33:29,703 MambaPro.train INFO: [Epoch 1] 指标集合列表（历史）
2025-12-22 05:33:29,704 MambaPro.train INFO: history_mAP:{48.9}
2025-12-22 05:33:29,704 MambaPro.train INFO: best_mAP:{48.9}
2025-12-22 05:33:29,704 MambaPro.train INFO: history_Rank-1:{69.0}
2025-12-22 05:33:29,704 MambaPro.train INFO: best_Rank-1:{69.0}
2025-12-22 05:33:29,704 MambaPro.train INFO: history_Rank-5:{74.0}
2025-12-22 05:33:29,704 MambaPro.train INFO: best_Rank-5:{74.0}
2025-12-22 05:33:29,704 MambaPro.train INFO: history_Rank-10:{76.8}
2025-12-22 05:33:29,704 MambaPro.train INFO: best_Rank-10:{76.8}
2025-12-22 05:33:29,704 MambaPro.train INFO: history_Experts:{[1.00]}
2025-12-22 05:33:29,704 MambaPro.train INFO: best_Experts:{[1.00]}
2025-12-22 05:33:29,704 MambaPro.train INFO: 🔥 MoE损失(Val): 平衡=0.0000, 稀疏性=0.0000, 多样性=0.0000, 总=0.0000 (权重: 平衡=0.010, 稀疏性=0.001, 多样性=0.010)
2025-12-22 05:33:29,704 MambaPro.train INFO:    📊 专家权重分布(Val, 1个专家): [1.00]
2025-12-22 05:35:00,284 MambaPro.train INFO: Epoch 2 done. Time per batch: 0.779[s] Speed: 82.2[samples/s]
2025-12-22 05:36:35,724 MambaPro.train INFO: Validation Results - Epoch: 2
2025-12-22 05:36:35,724 MambaPro.train INFO: Current mAP: 60.8%
2025-12-22 05:36:35,724 MambaPro.train INFO: CMC curve, Rank-1  :75.9%
2025-12-22 05:36:35,724 MambaPro.train INFO: CMC curve, Rank-5  :78.2%
2025-12-22 05:36:35,724 MambaPro.train INFO: CMC curve, Rank-10 :80.1%
2025-12-22 05:36:35,732 MambaPro.train INFO: 🎯 New Best! Saving model...
2025-12-22 05:36:36,239 MambaPro.train INFO: [Epoch 2] 指标集合列表（历史）
2025-12-22 05:36:36,240 MambaPro.train INFO: history_mAP:{48.9 , 60.8}
2025-12-22 05:36:36,240 MambaPro.train INFO: best_mAP:{60.8}
2025-12-22 05:36:36,240 MambaPro.train INFO: history_Rank-1:{69.0 , 75.9}
2025-12-22 05:36:36,240 MambaPro.train INFO: best_Rank-1:{75.9}
2025-12-22 05:36:36,240 MambaPro.train INFO: history_Rank-5:{74.0 , 78.2}
2025-12-22 05:36:36,240 MambaPro.train INFO: best_Rank-5:{78.2}
2025-12-22 05:36:36,240 MambaPro.train INFO: history_Rank-10:{76.8 , 80.1}
2025-12-22 05:36:36,240 MambaPro.train INFO: best_Rank-10:{80.1}
2025-12-22 05:36:36,240 MambaPro.train INFO: history_Experts:{[1.00] , [1.00]}
2025-12-22 05:36:36,240 MambaPro.train INFO: best_Experts:{[1.00]}
2025-12-22 05:36:36,240 MambaPro.train INFO: 🔥 MoE损失(Val): 平衡=0.0000, 稀疏性=0.0000, 多样性=0.0000, 总=0.0000 (权重: 平衡=0.010, 稀疏性=0.001, 多样性=0.010)
2025-12-22 05:36:36,240 MambaPro.train INFO:    📊 专家权重分布(Val, 1个专家): [1.00]
2025-12-22 05:38:06,713 MambaPro.train INFO: Epoch 3 done. Time per batch: 0.778[s] Speed: 82.3[samples/s]
2025-12-22 05:39:42,192 MambaPro.train INFO: Validation Results - Epoch: 3
2025-12-22 05:39:42,193 MambaPro.train INFO: Current mAP: 67.7%
2025-12-22 05:39:42,193 MambaPro.train INFO: CMC curve, Rank-1  :81.3%
2025-12-22 05:39:42,193 MambaPro.train INFO: CMC curve, Rank-5  :83.4%
2025-12-22 05:39:42,193 MambaPro.train INFO: CMC curve, Rank-10 :85.1%
2025-12-22 05:39:42,200 MambaPro.train INFO: 🎯 New Best! Saving model...
2025-12-22 05:39:42,704 MambaPro.train INFO: [Epoch 3] 指标集合列表（历史）
2025-12-22 05:39:42,704 MambaPro.train INFO: history_mAP:{48.9 , 60.8 , 67.7}
2025-12-22 05:39:42,704 MambaPro.train INFO: best_mAP:{67.7}
2025-12-22 05:39:42,704 MambaPro.train INFO: history_Rank-1:{69.0 , 75.9 , 81.3}
2025-12-22 05:39:42,704 MambaPro.train INFO: best_Rank-1:{81.3}
2025-12-22 05:39:42,704 MambaPro.train INFO: history_Rank-5:{74.0 , 78.2 , 83.4}
2025-12-22 05:39:42,704 MambaPro.train INFO: best_Rank-5:{83.4}
2025-12-22 05:39:42,704 MambaPro.train INFO: history_Rank-10:{76.8 , 80.1 , 85.1}
2025-12-22 05:39:42,704 MambaPro.train INFO: best_Rank-10:{85.1}
2025-12-22 05:39:42,704 MambaPro.train INFO: history_Experts:{[1.00] , [1.00] , [1.00]}
2025-12-22 05:39:42,704 MambaPro.train INFO: best_Experts:{[1.00]}
2025-12-22 05:39:42,704 MambaPro.train INFO: 🔥 MoE损失(Val): 平衡=0.0000, 稀疏性=0.0000, 多样性=0.0000, 总=0.0000 (权重: 平衡=0.010, 稀疏性=0.001, 多样性=0.010)
2025-12-22 05:39:42,704 MambaPro.train INFO:    📊 专家权重分布(Val, 1个专家): [1.00]
2025-12-22 05:41:13,192 MambaPro.train INFO: Epoch 4 done. Time per batch: 0.778[s] Speed: 82.3[samples/s]
2025-12-22 05:42:48,660 MambaPro.train INFO: Validation Results - Epoch: 4
2025-12-22 05:42:48,660 MambaPro.train INFO: Current mAP: 68.4%
2025-12-22 05:42:48,660 MambaPro.train INFO: CMC curve, Rank-1  :83.0%
2025-12-22 05:42:48,660 MambaPro.train INFO: CMC curve, Rank-5  :86.4%
2025-12-22 05:42:48,660 MambaPro.train INFO: CMC curve, Rank-10 :87.9%
2025-12-22 05:42:48,669 MambaPro.train INFO: 🎯 New Best! Saving model...
2025-12-22 05:42:49,179 MambaPro.train INFO: [Epoch 4] 指标集合列表（历史）
2025-12-22 05:42:49,179 MambaPro.train INFO: history_mAP:{48.9 , 60.8 , 67.7 , 68.4}
2025-12-22 05:42:49,179 MambaPro.train INFO: best_mAP:{68.4}
2025-12-22 05:42:49,179 MambaPro.train INFO: history_Rank-1:{69.0 , 75.9 , 81.3 , 83.0}
2025-12-22 05:42:49,179 MambaPro.train INFO: best_Rank-1:{83.0}
2025-12-22 05:42:49,179 MambaPro.train INFO: history_Rank-5:{74.0 , 78.2 , 83.4 , 86.4}
2025-12-22 05:42:49,179 MambaPro.train INFO: best_Rank-5:{86.4}
2025-12-22 05:42:49,179 MambaPro.train INFO: history_Rank-10:{76.8 , 80.1 , 85.1 , 87.9}
2025-12-22 05:42:49,179 MambaPro.train INFO: best_Rank-10:{87.9}
2025-12-22 05:42:49,179 MambaPro.train INFO: history_Experts:{[1.00] , [1.00] , [1.00] , [1.00]}
2025-12-22 05:42:49,179 MambaPro.train INFO: best_Experts:{[1.00]}
2025-12-22 05:42:49,179 MambaPro.train INFO: 🔥 MoE损失(Val): 平衡=0.0000, 稀疏性=0.0000, 多样性=0.0000, 总=0.0000 (权重: 平衡=0.010, 稀疏性=0.001, 多样性=0.010)
2025-12-22 05:42:49,179 MambaPro.train INFO:    📊 专家权重分布(Val, 1个专家): [1.00]
2025-12-22 05:44:18,092 MambaPro.train INFO: Epoch 5 done. Time per batch: 0.778[s] Speed: 82.3[samples/s]
2025-12-22 05:45:53,573 MambaPro.train INFO: Validation Results - Epoch: 5
2025-12-22 05:45:53,573 MambaPro.train INFO: Current mAP: 72.8%
2025-12-22 05:45:53,574 MambaPro.train INFO: CMC curve, Rank-1  :87.7%
2025-12-22 05:45:53,574 MambaPro.train INFO: CMC curve, Rank-5  :89.4%
2025-12-22 05:45:53,574 MambaPro.train INFO: CMC curve, Rank-10 :91.3%
2025-12-22 05:45:53,582 MambaPro.train INFO: 🎯 New Best! Saving model...
2025-12-22 05:45:54,088 MambaPro.train INFO: [Epoch 5] 指标集合列表（历史）
2025-12-22 05:45:54,088 MambaPro.train INFO: history_mAP:{48.9 , 60.8 , 67.7 , 68.4 , 72.8}
2025-12-22 05:45:54,088 MambaPro.train INFO: best_mAP:{72.8}
2025-12-22 05:45:54,088 MambaPro.train INFO: history_Rank-1:{69.0 , 75.9 , 81.3 , 83.0 , 87.7}
2025-12-22 05:45:54,088 MambaPro.train INFO: best_Rank-1:{87.7}
2025-12-22 05:45:54,088 MambaPro.train INFO: history_Rank-5:{74.0 , 78.2 , 83.4 , 86.4 , 89.4}
2025-12-22 05:45:54,088 MambaPro.train INFO: best_Rank-5:{89.4}
2025-12-22 05:45:54,088 MambaPro.train INFO: history_Rank-10:{76.8 , 80.1 , 85.1 , 87.9 , 91.3}
2025-12-22 05:45:54,088 MambaPro.train INFO: best_Rank-10:{91.3}
2025-12-22 05:45:54,088 MambaPro.train INFO: history_Experts:{[1.00] , [1.00] , [1.00] , [1.00] , [1.00]}
2025-12-22 05:45:54,088 MambaPro.train INFO: best_Experts:{[1.00]}
2025-12-22 05:45:54,088 MambaPro.train INFO: 🔥 MoE损失(Val): 平衡=0.0000, 稀疏性=0.0000, 多样性=0.0000, 总=0.0000 (权重: 平衡=0.010, 稀疏性=0.001, 多样性=0.010)
2025-12-22 05:45:54,088 MambaPro.train INFO:    📊 专家权重分布(Val, 1个专家): [1.00]
2025-12-22 05:47:24,736 MambaPro.train INFO: Epoch 6 done. Time per batch: 0.779[s] Speed: 82.1[samples/s]
2025-12-22 05:49:00,168 MambaPro.train INFO: Validation Results - Epoch: 6
2025-12-22 05:49:00,169 MambaPro.train INFO: Current mAP: 71.6%
2025-12-22 05:49:00,169 MambaPro.train INFO: CMC curve, Rank-1  :87.8%
2025-12-22 05:49:00,169 MambaPro.train INFO: CMC curve, Rank-5  :89.7%
2025-12-22 05:49:00,169 MambaPro.train INFO: CMC curve, Rank-10 :91.0%
2025-12-22 05:49:00,175 MambaPro.train INFO: [Epoch 6] 指标集合列表（历史）
2025-12-22 05:49:00,175 MambaPro.train INFO: history_mAP:{48.9 , 60.8 , 67.7 , 68.4 , 72.8 , 71.6}
2025-12-22 05:49:00,175 MambaPro.train INFO: best_mAP:{72.8}
2025-12-22 05:49:00,175 MambaPro.train INFO: history_Rank-1:{69.0 , 75.9 , 81.3 , 83.0 , 87.7 , 87.8}
2025-12-22 05:49:00,175 MambaPro.train INFO: best_Rank-1:{87.7}
2025-12-22 05:49:00,175 MambaPro.train INFO: history_Rank-5:{74.0 , 78.2 , 83.4 , 86.4 , 89.4 , 89.7}
2025-12-22 05:49:00,175 MambaPro.train INFO: best_Rank-5:{89.4}
2025-12-22 05:49:00,175 MambaPro.train INFO: history_Rank-10:{76.8 , 80.1 , 85.1 , 87.9 , 91.3 , 91.0}
2025-12-22 05:49:00,175 MambaPro.train INFO: best_Rank-10:{91.3}
2025-12-22 05:49:00,175 MambaPro.train INFO: history_Experts:{[1.00] , [1.00] , [1.00] , [1.00] , [1.00] , [1.00]}
2025-12-22 05:49:00,175 MambaPro.train INFO: best_Experts:{[1.00]}
2025-12-22 05:49:00,175 MambaPro.train INFO: 🔥 MoE损失(Val): 平衡=0.0000, 稀疏性=0.0000, 多样性=0.0000, 总=0.0000 (权重: 平衡=0.010, 稀疏性=0.001, 多样性=0.010)
2025-12-22 05:49:00,176 MambaPro.train INFO:    📊 专家权重分布(Val, 1个专家): [1.00]
2025-12-22 05:50:31,458 MambaPro.train INFO: Epoch 7 done. Time per batch: 0.778[s] Speed: 82.3[samples/s]
2025-12-22 05:52:06,975 MambaPro.train INFO: Validation Results - Epoch: 7
2025-12-22 05:52:06,975 MambaPro.train INFO: Current mAP: 71.5%
2025-12-22 05:52:06,975 MambaPro.train INFO: CMC curve, Rank-1  :88.1%
2025-12-22 05:52:06,975 MambaPro.train INFO: CMC curve, Rank-5  :89.9%
2025-12-22 05:52:06,975 MambaPro.train INFO: CMC curve, Rank-10 :90.8%
2025-12-22 05:52:06,983 MambaPro.train INFO: [Epoch 7] 指标集合列表（历史）
2025-12-22 05:52:06,983 MambaPro.train INFO: history_mAP:{48.9 , 60.8 , 67.7 , 68.4 , 72.8 , 71.6 , 71.5}
2025-12-22 05:52:06,983 MambaPro.train INFO: best_mAP:{72.8}
2025-12-22 05:52:06,983 MambaPro.train INFO: history_Rank-1:{69.0 , 75.9 , 81.3 , 83.0 , 87.7 , 87.8 , 88.1}
2025-12-22 05:52:06,983 MambaPro.train INFO: best_Rank-1:{87.7}
2025-12-22 05:52:06,983 MambaPro.train INFO: history_Rank-5:{74.0 , 78.2 , 83.4 , 86.4 , 89.4 , 89.7 , 89.9}
2025-12-22 05:52:06,983 MambaPro.train INFO: best_Rank-5:{89.4}
2025-12-22 05:52:06,983 MambaPro.train INFO: history_Rank-10:{76.8 , 80.1 , 85.1 , 87.9 , 91.3 , 91.0 , 90.8}
2025-12-22 05:52:06,983 MambaPro.train INFO: best_Rank-10:{91.3}
2025-12-22 05:52:06,983 MambaPro.train INFO: history_Experts:{[1.00] , [1.00] , [1.00] , [1.00] , [1.00] , [1.00] , [1.00]}
2025-12-22 05:52:06,983 MambaPro.train INFO: best_Experts:{[1.00]}
2025-12-22 05:52:06,983 MambaPro.train INFO: 🔥 MoE损失(Val): 平衡=0.0000, 稀疏性=0.0000, 多样性=0.0000, 总=0.0000 (权重: 平衡=0.010, 稀疏性=0.001, 多样性=0.010)
2025-12-22 05:52:06,983 MambaPro.train INFO:    📊 专家权重分布(Val, 1个专家): [1.00]
2025-12-22 05:53:38,219 MambaPro.train INFO: Epoch 8 done. Time per batch: 0.778[s] Speed: 82.3[samples/s]
2025-12-22 05:55:13,739 MambaPro.train INFO: Validation Results - Epoch: 8
2025-12-22 05:55:13,739 MambaPro.train INFO: Current mAP: 74.7%
2025-12-22 05:55:13,739 MambaPro.train INFO: CMC curve, Rank-1  :90.4%
2025-12-22 05:55:13,739 MambaPro.train INFO: CMC curve, Rank-5  :91.5%
2025-12-22 05:55:13,739 MambaPro.train INFO: CMC curve, Rank-10 :92.2%
2025-12-22 05:55:13,747 MambaPro.train INFO: 🎯 New Best! Saving model...
2025-12-22 05:55:14,322 MambaPro.train INFO: [Epoch 8] 指标集合列表（历史）
2025-12-22 05:55:14,322 MambaPro.train INFO: history_mAP:{48.9 , 60.8 , 67.7 , 68.4 , 72.8 , 71.6 , 71.5 , 74.7}
2025-12-22 05:55:14,322 MambaPro.train INFO: best_mAP:{74.7}
2025-12-22 05:55:14,322 MambaPro.train INFO: history_Rank-1:{69.0 , 75.9 , 81.3 , 83.0 , 87.7 , 87.8 , 88.1 , 90.4}
2025-12-22 05:55:14,322 MambaPro.train INFO: best_Rank-1:{90.4}
2025-12-22 05:55:14,322 MambaPro.train INFO: history_Rank-5:{74.0 , 78.2 , 83.4 , 86.4 , 89.4 , 89.7 , 89.9 , 91.5}
2025-12-22 05:55:14,322 MambaPro.train INFO: best_Rank-5:{91.5}
2025-12-22 05:55:14,322 MambaPro.train INFO: history_Rank-10:{76.8 , 80.1 , 85.1 , 87.9 , 91.3 , 91.0 , 90.8 , 92.2}
2025-12-22 05:55:14,322 MambaPro.train INFO: best_Rank-10:{92.2}
2025-12-22 05:55:14,322 MambaPro.train INFO: history_Experts:{[1.00] , [1.00] , [1.00] , [1.00] , [1.00] , [1.00] , [1.00] , [1.00]}
2025-12-22 05:55:14,322 MambaPro.train INFO: best_Experts:{[1.00]}
2025-12-22 05:55:14,322 MambaPro.train INFO: 🔥 MoE损失(Val): 平衡=0.0000, 稀疏性=0.0000, 多样性=0.0000, 总=0.0000 (权重: 平衡=0.010, 稀疏性=0.001, 多样性=0.010)
2025-12-22 05:55:14,322 MambaPro.train INFO:    📊 专家权重分布(Val, 1个专家): [1.00]
2025-12-22 05:56:44,764 MambaPro.train INFO: Epoch 9 done. Time per batch: 0.777[s] Speed: 82.3[samples/s]
2025-12-22 05:58:20,233 MambaPro.train INFO: Validation Results - Epoch: 9
2025-12-22 05:58:20,233 MambaPro.train INFO: Current mAP: 75.0%
2025-12-22 05:58:20,233 MambaPro.train INFO: CMC curve, Rank-1  :88.9%
2025-12-22 05:58:20,233 MambaPro.train INFO: CMC curve, Rank-5  :90.1%
2025-12-22 05:58:20,233 MambaPro.train INFO: CMC curve, Rank-10 :91.1%
2025-12-22 05:58:20,240 MambaPro.train INFO: 🎯 New Best! Saving model...
2025-12-22 05:58:20,748 MambaPro.train INFO: [Epoch 9] 指标集合列表（历史）
2025-12-22 05:58:20,748 MambaPro.train INFO: history_mAP:{48.9 , 60.8 , 67.7 , 68.4 , 72.8 , 71.6 , 71.5 , 74.7 , 75.0}
2025-12-22 05:58:20,748 MambaPro.train INFO: best_mAP:{75.0}
2025-12-22 05:58:20,748 MambaPro.train INFO: history_Rank-1:{69.0 , 75.9 , 81.3 , 83.0 , 87.7 , 87.8 , 88.1 , 90.4 , 88.9}
2025-12-22 05:58:20,748 MambaPro.train INFO: best_Rank-1:{90.4}
2025-12-22 05:58:20,748 MambaPro.train INFO: history_Rank-5:{74.0 , 78.2 , 83.4 , 86.4 , 89.4 , 89.7 , 89.9 , 91.5 , 90.1}
2025-12-22 05:58:20,748 MambaPro.train INFO: best_Rank-5:{91.5}
2025-12-22 05:58:20,748 MambaPro.train INFO: history_Rank-10:{76.8 , 80.1 , 85.1 , 87.9 , 91.3 , 91.0 , 90.8 , 92.2 , 91.1}
2025-12-22 05:58:20,748 MambaPro.train INFO: best_Rank-10:{92.2}
2025-12-22 05:58:20,748 MambaPro.train INFO: history_Experts:{[1.00] , [1.00] , [1.00] , [1.00] , [1.00] , [1.00] , [1.00] , [1.00] , [1.00]}
2025-12-22 05:58:20,748 MambaPro.train INFO: best_Experts:{[1.00]}
2025-12-22 05:58:20,748 MambaPro.train INFO: 🔥 MoE损失(Val): 平衡=0.0000, 稀疏性=0.0000, 多样性=0.0000, 总=0.0000 (权重: 平衡=0.010, 稀疏性=0.001, 多样性=0.010)
2025-12-22 05:58:20,748 MambaPro.train INFO:    📊 专家权重分布(Val, 1个专家): [1.00]
2025-12-22 05:59:51,204 MambaPro.train INFO: Epoch 10 done. Time per batch: 0.778[s] Speed: 82.3[samples/s]
2025-12-22 06:01:26,714 MambaPro.train INFO: Validation Results - Epoch: 10
2025-12-22 06:01:26,714 MambaPro.train INFO: Current mAP: 72.7%
2025-12-22 06:01:26,714 MambaPro.train INFO: CMC curve, Rank-1  :89.9%
2025-12-22 06:01:26,714 MambaPro.train INFO: CMC curve, Rank-5  :91.3%
2025-12-22 06:01:26,714 MambaPro.train INFO: CMC curve, Rank-10 :92.7%
2025-12-22 06:01:26,721 MambaPro.train INFO: [Epoch 10] 指标集合列表（历史）
2025-12-22 06:01:26,721 MambaPro.train INFO: history_mAP:{48.9 , 60.8 , 67.7 , 68.4 , 72.8 , 71.6 , 71.5 , 74.7 , 75.0 , 72.7}
2025-12-22 06:01:26,721 MambaPro.train INFO: best_mAP:{75.0}
2025-12-22 06:01:26,721 MambaPro.train INFO: history_Rank-1:{69.0 , 75.9 , 81.3 , 83.0 , 87.7 , 87.8 , 88.1 , 90.4 , 88.9 , 89.9}
2025-12-22 06:01:26,721 MambaPro.train INFO: best_Rank-1:{90.4}
2025-12-22 06:01:26,721 MambaPro.train INFO: history_Rank-5:{74.0 , 78.2 , 83.4 , 86.4 , 89.4 , 89.7 , 89.9 , 91.5 , 90.1 , 91.3}
2025-12-22 06:01:26,721 MambaPro.train INFO: best_Rank-5:{91.5}
2025-12-22 06:01:26,721 MambaPro.train INFO: history_Rank-10:{76.8 , 80.1 , 85.1 , 87.9 , 91.3 , 91.0 , 90.8 , 92.2 , 91.1 , 92.7}
2025-12-22 06:01:26,721 MambaPro.train INFO: best_Rank-10:{92.2}
2025-12-22 06:01:26,721 MambaPro.train INFO: history_Experts:{[1.00] , [1.00] , [1.00] , [1.00] , [1.00] , [1.00] , [1.00] , [1.00] , [1.00] , [1.00]}
2025-12-22 06:01:26,721 MambaPro.train INFO: best_Experts:{[1.00]}
2025-12-22 06:01:26,721 MambaPro.train INFO: 🔥 MoE损失(Val): 平衡=0.0000, 稀疏性=0.0000, 多样性=0.0000, 总=0.0000 (权重: 平衡=0.010, 稀疏性=0.001, 多样性=0.010)
2025-12-22 06:01:26,721 MambaPro.train INFO:    📊 专家权重分布(Val, 1个专家): [1.00]
2025-12-22 06:02:56,321 MambaPro.train INFO: Epoch 11 done. Time per batch: 0.777[s] Speed: 82.4[samples/s]
2025-12-22 06:04:31,814 MambaPro.train INFO: Validation Results - Epoch: 11
2025-12-22 06:04:31,814 MambaPro.train INFO: Current mAP: 75.7%
2025-12-22 06:04:31,814 MambaPro.train INFO: CMC curve, Rank-1  :92.0%
2025-12-22 06:04:31,814 MambaPro.train INFO: CMC curve, Rank-5  :93.3%
2025-12-22 06:04:31,814 MambaPro.train INFO: CMC curve, Rank-10 :94.2%
2025-12-22 06:04:31,821 MambaPro.train INFO: 🎯 New Best! Saving model...
2025-12-22 06:04:32,354 MambaPro.train INFO: [Epoch 11] 指标集合列表（历史）
2025-12-22 06:04:32,354 MambaPro.train INFO: history_mAP:{48.9 , 60.8 , 67.7 , 68.4 , 72.8 , 71.6 , 71.5 , 74.7 , 75.0 , 72.7 , 75.7}
2025-12-22 06:04:32,354 MambaPro.train INFO: best_mAP:{75.7}
2025-12-22 06:04:32,354 MambaPro.train INFO: history_Rank-1:{69.0 , 75.9 , 81.3 , 83.0 , 87.7 , 87.8 , 88.1 , 90.4 , 88.9 , 89.9 , 92.0}
2025-12-22 06:04:32,354 MambaPro.train INFO: best_Rank-1:{92.0}
2025-12-22 06:04:32,354 MambaPro.train INFO: history_Rank-5:{74.0 , 78.2 , 83.4 , 86.4 , 89.4 , 89.7 , 89.9 , 91.5 , 90.1 , 91.3 , 93.3}
2025-12-22 06:04:32,354 MambaPro.train INFO: best_Rank-5:{93.3}
2025-12-22 06:04:32,355 MambaPro.train INFO: history_Rank-10:{76.8 , 80.1 , 85.1 , 87.9 , 91.3 , 91.0 , 90.8 , 92.2 , 91.1 , 92.7 , 94.2}
2025-12-22 06:04:32,355 MambaPro.train INFO: best_Rank-10:{94.2}
2025-12-22 06:04:32,355 MambaPro.train INFO: history_Experts:{[1.00] , [1.00] , [1.00] , [1.00] , [1.00] , [1.00] , [1.00] , [1.00] , [1.00] , [1.00] , [1.00]}
2025-12-22 06:04:32,355 MambaPro.train INFO: best_Experts:{[1.00]}
2025-12-22 06:04:32,355 MambaPro.train INFO: 🔥 MoE损失(Val): 平衡=0.0000, 稀疏性=0.0000, 多样性=0.0000, 总=0.0000 (权重: 平衡=0.010, 稀疏性=0.001, 多样性=0.010)
2025-12-22 06:04:32,355 MambaPro.train INFO:    📊 专家权重分布(Val, 1个专家): [1.00]
2025-12-22 06:06:03,551 MambaPro.train INFO: Epoch 12 done. Time per batch: 0.777[s] Speed: 82.3[samples/s]
2025-12-22 06:07:39,013 MambaPro.train INFO: Validation Results - Epoch: 12
2025-12-22 06:07:39,013 MambaPro.train INFO: Current mAP: 77.9%
2025-12-22 06:07:39,013 MambaPro.train INFO: CMC curve, Rank-1  :92.7%
2025-12-22 06:07:39,013 MambaPro.train INFO: CMC curve, Rank-5  :94.0%
2025-12-22 06:07:39,013 MambaPro.train INFO: CMC curve, Rank-10 :94.7%
2025-12-22 06:07:39,020 MambaPro.train INFO: 🎯 New Best! Saving model...
2025-12-22 06:07:39,548 MambaPro.train INFO: [Epoch 12] 指标集合列表（历史）
2025-12-22 06:07:39,548 MambaPro.train INFO: history_mAP:{48.9 , 60.8 , 67.7 , 68.4 , 72.8 , 71.6 , 71.5 , 74.7 , 75.0 , 72.7 , 75.7 , 77.9}
2025-12-22 06:07:39,548 MambaPro.train INFO: best_mAP:{77.9}
2025-12-22 06:07:39,548 MambaPro.train INFO: history_Rank-1:{69.0 , 75.9 , 81.3 , 83.0 , 87.7 , 87.8 , 88.1 , 90.4 , 88.9 , 89.9 , 92.0 , 92.7}
2025-12-22 06:07:39,548 MambaPro.train INFO: best_Rank-1:{92.7}
2025-12-22 06:07:39,548 MambaPro.train INFO: history_Rank-5:{74.0 , 78.2 , 83.4 , 86.4 , 89.4 , 89.7 , 89.9 , 91.5 , 90.1 , 91.3 , 93.3 , 94.0}
2025-12-22 06:07:39,548 MambaPro.train INFO: best_Rank-5:{94.0}
2025-12-22 06:07:39,548 MambaPro.train INFO: history_Rank-10:{76.8 , 80.1 , 85.1 , 87.9 , 91.3 , 91.0 , 90.8 , 92.2 , 91.1 , 92.7 , 94.2 , 94.7}
2025-12-22 06:07:39,548 MambaPro.train INFO: best_Rank-10:{94.7}
2025-12-22 06:07:39,548 MambaPro.train INFO: history_Experts:{[1.00] , [1.00] , [1.00] , [1.00] , [1.00] , [1.00] , [1.00] , [1.00] , [1.00] , [1.00] , [1.00] , [1.00]}
2025-12-22 06:07:39,548 MambaPro.train INFO: best_Experts:{[1.00]}
2025-12-22 06:07:39,548 MambaPro.train INFO: 🔥 MoE损失(Val): 平衡=0.0000, 稀疏性=0.0000, 多样性=0.0000, 总=0.0000 (权重: 平衡=0.010, 稀疏性=0.001, 多样性=0.010)
2025-12-22 06:07:39,548 MambaPro.train INFO:    📊 专家权重分布(Val, 1个专家): [1.00]
2025-12-22 06:09:10,017 MambaPro.train INFO: Epoch 13 done. Time per batch: 0.778[s] Speed: 82.3[samples/s]
2025-12-22 06:10:45,467 MambaPro.train INFO: Validation Results - Epoch: 13
2025-12-22 06:10:45,467 MambaPro.train INFO: Current mAP: 77.2%
2025-12-22 06:10:45,467 MambaPro.train INFO: CMC curve, Rank-1  :92.0%
2025-12-22 06:10:45,467 MambaPro.train INFO: CMC curve, Rank-5  :93.3%
2025-12-22 06:10:45,467 MambaPro.train INFO: CMC curve, Rank-10 :93.9%
2025-12-22 06:10:45,474 MambaPro.train INFO: [Epoch 13] 指标集合列表（历史）
2025-12-22 06:10:45,474 MambaPro.train INFO: history_mAP:{48.9 , 60.8 , 67.7 , 68.4 , 72.8 , 71.6 , 71.5 , 74.7 , 75.0 , 72.7 , 75.7 , 77.9 , 77.2}
2025-12-22 06:10:45,474 MambaPro.train INFO: best_mAP:{77.9}
2025-12-22 06:10:45,474 MambaPro.train INFO: history_Rank-1:{69.0 , 75.9 , 81.3 , 83.0 , 87.7 , 87.8 , 88.1 , 90.4 , 88.9 , 89.9 , 92.0 , 92.7}
2025-12-22 06:10:45,474 MambaPro.train INFO: best_Rank-1:{92.7}
2025-12-22 06:10:45,474 MambaPro.train INFO: history_Rank-5:{74.0 , 78.2 , 83.4 , 86.4 , 89.4 , 89.7 , 89.9 , 91.5 , 90.1 , 91.3 , 93.3 , 94.0}
2025-12-22 06:10:45,474 MambaPro.train INFO: best_Rank-5:{94.0}
2025-12-22 06:10:45,474 MambaPro.train INFO: history_Rank-10:{76.8 , 80.1 , 85.1 , 87.9 , 91.3 , 91.0 , 90.8 , 92.2 , 91.1 , 92.7 , 94.2 , 94.7 , 93.9}
2025-12-22 06:10:45,474 MambaPro.train INFO: best_Rank-10:{94.7}
2025-12-22 06:10:45,474 MambaPro.train INFO: history_Experts:{[1.00] , [1.00] , [1.00] , [1.00] , [1.00] , [1.00] , [1.00] , [1.00] , [1.00] , [1.00] , [1.00] , [1.00] , [1.00]}
2025-12-22 06:10:45,474 MambaPro.train INFO: best_Experts:{[1.00]}
2025-12-22 06:10:45,475 MambaPro.train INFO: 🔥 MoE损失(Val): 平衡=0.0000, 稀疏性=0.0000, 多样性=0.0000, 总=0.0000 (权重: 平衡=0.010, 稀疏性=0.001, 多样性=0.010)
2025-12-22 06:10:45,475 MambaPro.train INFO:    📊 专家权重分布(Val, 1个专家): [1.00]
2025-12-22 06:12:15,962 MambaPro.train INFO: Epoch 14 done. Time per batch: 0.778[s] Speed: 82.3[samples/s]
2025-12-22 06:13:51,477 MambaPro.train INFO: Validation Results - Epoch: 14
2025-12-22 06:13:51,478 MambaPro.train INFO: Current mAP: 78.3%
2025-12-22 06:13:51,478 MambaPro.train INFO: CMC curve, Rank-1  :92.6%
2025-12-22 06:13:51,478 MambaPro.train INFO: CMC curve, Rank-5  :93.6%
2025-12-22 06:13:51,478 MambaPro.train INFO: CMC curve, Rank-10 :94.2%
2025-12-22 06:13:51,486 MambaPro.train INFO: 🎯 New Best! Saving model...
2025-12-22 06:13:51,997 MambaPro.train INFO: [Epoch 14] 指标集合列表（历史）
2025-12-22 06:13:51,997 MambaPro.train INFO: history_mAP:{48.9 , 60.8 , 67.7 , 68.4 , 72.8 , 71.6 , 71.5 , 74.7 , 75.0 , 72.7 , 75.7 , 77.9 , 77.2 , 78.3}
2025-12-22 06:13:51,997 MambaPro.train INFO: best_mAP:{78.3}
2025-12-22 06:13:51,997 MambaPro.train INFO: history_Rank-1:{69.0 , 75.9 , 81.3 , 83.0 , 87.7 , 87.8 , 88.1 , 90.4 , 88.9 , 89.9 , 92.0 , 92.7 , 92.6}
2025-12-22 06:13:51,997 MambaPro.train INFO: best_Rank-1:{92.7}
2025-12-22 06:13:51,997 MambaPro.train INFO: history_Rank-5:{74.0 , 78.2 , 83.4 , 86.4 , 89.4 , 89.7 , 89.9 , 91.5 , 90.1 , 91.3 , 93.3 , 94.0 , 93.6}
2025-12-22 06:13:51,997 MambaPro.train INFO: best_Rank-5:{94.0}
2025-12-22 06:13:51,997 MambaPro.train INFO: history_Rank-10:{76.8 , 80.1 , 85.1 , 87.9 , 91.3 , 91.0 , 90.8 , 92.2 , 91.1 , 92.7 , 94.2 , 94.7 , 93.9}
2025-12-22 06:13:51,997 MambaPro.train INFO: best_Rank-10:{94.7}
2025-12-22 06:13:51,997 MambaPro.train INFO: history_Experts:{[1.00] , [1.00] , [1.00] , [1.00] , [1.00] , [1.00] , [1.00] , [1.00] , [1.00] , [1.00] , [1.00] , [1.00] , [1.00] , [1.00]}
2025-12-22 06:13:51,997 MambaPro.train INFO: best_Experts:{[1.00]}
2025-12-22 06:13:51,997 MambaPro.train INFO: 🔥 MoE损失(Val): 平衡=0.0000, 稀疏性=0.0000, 多样性=0.0000, 总=0.0000 (权重: 平衡=0.010, 稀疏性=0.001, 多样性=0.010)
2025-12-22 06:13:51,997 MambaPro.train INFO:    📊 专家权重分布(Val, 1个专家): [1.00]
2025-12-22 06:15:22,496 MambaPro.train INFO: Epoch 15 done. Time per batch: 0.778[s] Speed: 82.3[samples/s]
2025-12-22 06:16:58,015 MambaPro.train INFO: Validation Results - Epoch: 15
2025-12-22 06:16:58,016 MambaPro.train INFO: Current mAP: 77.4%
2025-12-22 06:16:58,016 MambaPro.train INFO: CMC curve, Rank-1  :91.7%
2025-12-22 06:16:58,016 MambaPro.train INFO: CMC curve, Rank-5  :92.5%
2025-12-22 06:16:58,016 MambaPro.train INFO: CMC curve, Rank-10 :93.3%
2025-12-22 06:16:58,023 MambaPro.train INFO: [Epoch 15] 指标集合列表（历史）
2025-12-22 06:16:58,023 MambaPro.train INFO: history_mAP:{48.9 , 60.8 , 67.7 , 68.4 , 72.8 , 71.6 , 71.5 , 74.7 , 75.0 , 72.7 , 75.7 , 77.9 , 77.2 , 78.3 , 77.4}
2025-12-22 06:16:58,023 MambaPro.train INFO: best_mAP:{78.3}
2025-12-22 06:16:58,024 MambaPro.train INFO: history_Rank-1:{69.0 , 75.9 , 81.3 , 83.0 , 87.7 , 87.8 , 88.1 , 90.4 , 88.9 , 89.9 , 92.0 , 92.7 , 92.6 , 91.7}
2025-12-22 06:16:58,024 MambaPro.train INFO: best_Rank-1:{92.7}
2025-12-22 06:16:58,024 MambaPro.train INFO: history_Rank-5:{74.0 , 78.2 , 83.4 , 86.4 , 89.4 , 89.7 , 89.9 , 91.5 , 90.1 , 91.3 , 93.3 , 94.0 , 93.6 , 92.5}
2025-12-22 06:16:58,024 MambaPro.train INFO: best_Rank-5:{94.0}
2025-12-22 06:16:58,024 MambaPro.train INFO: history_Rank-10:{76.8 , 80.1 , 85.1 , 87.9 , 91.3 , 91.0 , 90.8 , 92.2 , 91.1 , 92.7 , 94.2 , 94.7 , 93.9 , 93.3}
2025-12-22 06:16:58,024 MambaPro.train INFO: best_Rank-10:{94.7}
2025-12-22 06:16:58,024 MambaPro.train INFO: history_Experts:{[1.00] , [1.00] , [1.00] , [1.00] , [1.00] , [1.00] , [1.00] , [1.00] , [1.00] , [1.00] , [1.00] , [1.00] , [1.00] , [1.00] , [1.00]}
2025-12-22 06:16:58,024 MambaPro.train INFO: best_Experts:{[1.00]}
2025-12-22 06:16:58,024 MambaPro.train INFO: 🔥 MoE损失(Val): 平衡=0.0000, 稀疏性=0.0000, 多样性=0.0000, 总=0.0000 (权重: 平衡=0.010, 稀疏性=0.001, 多样性=0.010)
2025-12-22 06:16:58,024 MambaPro.train INFO:    📊 专家权重分布(Val, 1个专家): [1.00]
2025-12-22 06:18:29,276 MambaPro.train INFO: Epoch 16 done. Time per batch: 0.778[s] Speed: 82.3[samples/s]
2025-12-22 06:20:04,733 MambaPro.train INFO: Validation Results - Epoch: 16
2025-12-22 06:20:04,733 MambaPro.train INFO: Current mAP: 78.2%
2025-12-22 06:20:04,733 MambaPro.train INFO: CMC curve, Rank-1  :93.0%
2025-12-22 06:20:04,733 MambaPro.train INFO: CMC curve, Rank-5  :93.9%
2025-12-22 06:20:04,733 MambaPro.train INFO: CMC curve, Rank-10 :94.1%
2025-12-22 06:20:04,740 MambaPro.train INFO: [Epoch 16] 指标集合列表（历史）
2025-12-22 06:20:04,740 MambaPro.train INFO: history_mAP:{48.9 , 60.8 , 67.7 , 68.4 , 72.8 , 71.6 , 71.5 , 74.7 , 75.0 , 72.7 , 75.7 , 77.9 , 77.2 , 78.3 , 77.4 , 78.2}
2025-12-22 06:20:04,740 MambaPro.train INFO: best_mAP:{78.3}
2025-12-22 06:20:04,740 MambaPro.train INFO: history_Rank-1:{69.0 , 75.9 , 81.3 , 83.0 , 87.7 , 87.8 , 88.1 , 90.4 , 88.9 , 89.9 , 92.0 , 92.7 , 92.6 , 91.7 , 93.0}
2025-12-22 06:20:04,740 MambaPro.train INFO: best_Rank-1:{92.7}
2025-12-22 06:20:04,740 MambaPro.train INFO: history_Rank-5:{74.0 , 78.2 , 83.4 , 86.4 , 89.4 , 89.7 , 89.9 , 91.5 , 90.1 , 91.3 , 93.3 , 94.0 , 93.6 , 92.5 , 93.9}
2025-12-22 06:20:04,740 MambaPro.train INFO: best_Rank-5:{94.0}
2025-12-22 06:20:04,740 MambaPro.train INFO: history_Rank-10:{76.8 , 80.1 , 85.1 , 87.9 , 91.3 , 91.0 , 90.8 , 92.2 , 91.1 , 92.7 , 94.2 , 94.7 , 93.9 , 93.3 , 94.1}
2025-12-22 06:20:04,740 MambaPro.train INFO: best_Rank-10:{94.7}
2025-12-22 06:20:04,740 MambaPro.train INFO: history_Experts:{[1.00] , [1.00] , [1.00] , [1.00] , [1.00] , [1.00] , [1.00] , [1.00] , [1.00] , [1.00] , [1.00] , [1.00] , [1.00] , [1.00] , [1.00] , [1.00]}
2025-12-22 06:20:04,740 MambaPro.train INFO: best_Experts:{[1.00]}
2025-12-22 06:20:04,740 MambaPro.train INFO: 🔥 MoE损失(Val): 平衡=0.0000, 稀疏性=0.0000, 多样性=0.0000, 总=0.0000 (权重: 平衡=0.010, 稀疏性=0.001, 多样性=0.010)
2025-12-22 06:20:04,740 MambaPro.train INFO:    📊 专家权重分布(Val, 1个专家): [1.00]
2025-12-22 06:21:35,230 MambaPro.train INFO: Epoch 17 done. Time per batch: 0.778[s] Speed: 82.3[samples/s]
2025-12-22 06:23:10,749 MambaPro.train INFO: Validation Results - Epoch: 17
2025-12-22 06:23:10,749 MambaPro.train INFO: Current mAP: 78.6%
2025-12-22 06:23:10,749 MambaPro.train INFO: CMC curve, Rank-1  :92.5%
2025-12-22 06:23:10,749 MambaPro.train INFO: CMC curve, Rank-5  :93.4%
2025-12-22 06:23:10,749 MambaPro.train INFO: CMC curve, Rank-10 :94.5%
2025-12-22 06:23:10,758 MambaPro.train INFO: 🎯 New Best! Saving model...
2025-12-22 06:23:11,268 MambaPro.train INFO: [Epoch 17] 指标集合列表（历史）
2025-12-22 06:23:11,268 MambaPro.train INFO: history_mAP:{48.9 , 60.8 , 67.7 , 68.4 , 72.8 , 71.6 , 71.5 , 74.7 , 75.0 , 72.7 , 75.7 , 77.9 , 77.2 , 78.3 , 77.4 , 78.2 , 78.6}
2025-12-22 06:23:11,268 MambaPro.train INFO: best_mAP:{78.6}
2025-12-22 06:23:11,268 MambaPro.train INFO: history_Rank-1:{69.0 , 75.9 , 81.3 , 83.0 , 87.7 , 87.8 , 88.1 , 90.4 , 88.9 , 89.9 , 92.0 , 92.7 , 92.6 , 91.7 , 93.0 , 92.5}
2025-12-22 06:23:11,268 MambaPro.train INFO: best_Rank-1:{92.7}
2025-12-22 06:23:11,268 MambaPro.train INFO: history_Rank-5:{74.0 , 78.2 , 83.4 , 86.4 , 89.4 , 89.7 , 89.9 , 91.5 , 90.1 , 91.3 , 93.3 , 94.0 , 93.6 , 92.5 , 93.9 , 93.4}
2025-12-22 06:23:11,268 MambaPro.train INFO: best_Rank-5:{94.0}
2025-12-22 06:23:11,268 MambaPro.train INFO: history_Rank-10:{76.8 , 80.1 , 85.1 , 87.9 , 91.3 , 91.0 , 90.8 , 92.2 , 91.1 , 92.7 , 94.2 , 94.7 , 93.9 , 93.3 , 94.1 , 94.5}
2025-12-22 06:23:11,268 MambaPro.train INFO: best_Rank-10:{94.7}
2025-12-22 06:23:11,268 MambaPro.train INFO: history_Experts:{[1.00] , [1.00] , [1.00] , [1.00] , [1.00] , [1.00] , [1.00] , [1.00] , [1.00] , [1.00] , [1.00] , [1.00] , [1.00] , [1.00] , [1.00] , [1.00] , [1.00]}
2025-12-22 06:23:11,268 MambaPro.train INFO: best_Experts:{[1.00]}
2025-12-22 06:23:11,268 MambaPro.train INFO: 🔥 MoE损失(Val): 平衡=0.0000, 稀疏性=0.0000, 多样性=0.0000, 总=0.0000 (权重: 平衡=0.010, 稀疏性=0.001, 多样性=0.010)
2025-12-22 06:23:11,268 MambaPro.train INFO:    📊 专家权重分布(Val, 1个专家): [1.00]
2025-12-22 06:24:41,013 MambaPro.train INFO: Epoch 18 done. Time per batch: 0.778[s] Speed: 82.3[samples/s]
2025-12-22 06:26:16,690 MambaPro.train INFO: Validation Results - Epoch: 18
2025-12-22 06:26:16,691 MambaPro.train INFO: Current mAP: 78.2%
2025-12-22 06:26:16,691 MambaPro.train INFO: CMC curve, Rank-1  :91.8%
2025-12-22 06:26:16,691 MambaPro.train INFO: CMC curve, Rank-5  :92.8%
2025-12-22 06:26:16,691 MambaPro.train INFO: CMC curve, Rank-10 :93.5%
2025-12-22 06:26:16,698 MambaPro.train INFO: [Epoch 18] 指标集合列表（历史）
2025-12-22 06:26:16,698 MambaPro.train INFO: history_mAP:{48.9 , 60.8 , 67.7 , 68.4 , 72.8 , 71.6 , 71.5 , 74.7 , 75.0 , 72.7 , 75.7 , 77.9 , 77.2 , 78.3 , 77.4 , 78.2 , 78.6 , 78.2}
2025-12-22 06:26:16,698 MambaPro.train INFO: best_mAP:{78.6}
2025-12-22 06:26:16,698 MambaPro.train INFO: history_Rank-1:{69.0 , 75.9 , 81.3 , 83.0 , 87.7 , 87.8 , 88.1 , 90.4 , 88.9 , 89.9 , 92.0 , 92.7 , 92.6 , 91.7 , 93.0 , 92.5 , 91.8}
2025-12-22 06:26:16,698 MambaPro.train INFO: best_Rank-1:{92.7}
2025-12-22 06:26:16,698 MambaPro.train INFO: history_Rank-5:{74.0 , 78.2 , 83.4 , 86.4 , 89.4 , 89.7 , 89.9 , 91.5 , 90.1 , 91.3 , 93.3 , 94.0 , 93.6 , 92.5 , 93.9 , 93.4 , 92.8}
2025-12-22 06:26:16,698 MambaPro.train INFO: best_Rank-5:{94.0}
2025-12-22 06:26:16,698 MambaPro.train INFO: history_Rank-10:{76.8 , 80.1 , 85.1 , 87.9 , 91.3 , 91.0 , 90.8 , 92.2 , 91.1 , 92.7 , 94.2 , 94.7 , 93.9 , 93.3 , 94.1 , 94.5 , 93.5}
2025-12-22 06:26:16,698 MambaPro.train INFO: best_Rank-10:{94.7}
2025-12-22 06:26:16,698 MambaPro.train INFO: history_Experts:{[1.00] , [1.00] , [1.00] , [1.00] , [1.00] , [1.00] , [1.00] , [1.00] , [1.00] , [1.00] , [1.00] , [1.00] , [1.00] , [1.00] , [1.00] , [1.00] , [1.00] , [1.00]}
2025-12-22 06:26:16,698 MambaPro.train INFO: best_Experts:{[1.00]}
2025-12-22 06:26:16,698 MambaPro.train INFO: 🔥 MoE损失(Val): 平衡=0.0000, 稀疏性=0.0000, 多样性=0.0000, 总=0.0000 (权重: 平衡=0.010, 稀疏性=0.001, 多样性=0.010)
2025-12-22 06:26:16,698 MambaPro.train INFO:    📊 专家权重分布(Val, 1个专家): [1.00]
2025-12-22 06:27:47,973 MambaPro.train INFO: Epoch 19 done. Time per batch: 0.778[s] Speed: 82.3[samples/s]
2025-12-22 06:29:23,462 MambaPro.train INFO: Validation Results - Epoch: 19
2025-12-22 06:29:23,462 MambaPro.train INFO: Current mAP: 78.2%
2025-12-22 06:29:23,462 MambaPro.train INFO: CMC curve, Rank-1  :91.8%
2025-12-22 06:29:23,462 MambaPro.train INFO: CMC curve, Rank-5  :93.2%
2025-12-22 06:29:23,462 MambaPro.train INFO: CMC curve, Rank-10 :93.9%
2025-12-22 06:29:23,470 MambaPro.train INFO: [Epoch 19] 指标集合列表（历史）
2025-12-22 06:29:23,470 MambaPro.train INFO: history_mAP:{48.9 , 60.8 , 67.7 , 68.4 , 72.8 , 71.6 , 71.5 , 74.7 , 75.0 , 72.7 , 75.7 , 77.9 , 77.2 , 78.3 , 77.4 , 78.2 , 78.6 , 78.2 , 78.2}
2025-12-22 06:29:23,470 MambaPro.train INFO: best_mAP:{78.6}
2025-12-22 06:29:23,471 MambaPro.train INFO: history_Rank-1:{69.0 , 75.9 , 81.3 , 83.0 , 87.7 , 87.8 , 88.1 , 90.4 , 88.9 , 89.9 , 92.0 , 92.7 , 92.6 , 91.7 , 93.0 , 92.5 , 91.8 , 91.8}
2025-12-22 06:29:23,471 MambaPro.train INFO: best_Rank-1:{92.7}
2025-12-22 06:29:23,471 MambaPro.train INFO: history_Rank-5:{74.0 , 78.2 , 83.4 , 86.4 , 89.4 , 89.7 , 89.9 , 91.5 , 90.1 , 91.3 , 93.3 , 94.0 , 93.6 , 92.5 , 93.9 , 93.4 , 92.8 , 93.2}
2025-12-22 06:29:23,471 MambaPro.train INFO: best_Rank-5:{94.0}
2025-12-22 06:29:23,471 MambaPro.train INFO: history_Rank-10:{76.8 , 80.1 , 85.1 , 87.9 , 91.3 , 91.0 , 90.8 , 92.2 , 91.1 , 92.7 , 94.2 , 94.7 , 93.9 , 93.3 , 94.1 , 94.5 , 93.5}
2025-12-22 06:29:23,471 MambaPro.train INFO: best_Rank-10:{94.7}
2025-12-22 06:29:23,471 MambaPro.train INFO: history_Experts:{[1.00] , [1.00] , [1.00] , [1.00] , [1.00] , [1.00] , [1.00] , [1.00] , [1.00] , [1.00] , [1.00] , [1.00] , [1.00] , [1.00] , [1.00] , [1.00] , [1.00] , [1.00] , [1.00]}
2025-12-22 06:29:23,471 MambaPro.train INFO: best_Experts:{[1.00]}
2025-12-22 06:29:23,471 MambaPro.train INFO: 🔥 MoE损失(Val): 平衡=0.0000, 稀疏性=0.0000, 多样性=0.0000, 总=0.0000 (权重: 平衡=0.010, 稀疏性=0.001, 多样性=0.010)
2025-12-22 06:29:23,471 MambaPro.train INFO:    📊 专家权重分布(Val, 1个专家): [1.00]
2025-12-22 06:30:54,064 MambaPro.train INFO: Epoch 20 done. Time per batch: 0.779[s] Speed: 82.2[samples/s]
2025-12-22 06:32:29,687 MambaPro.train INFO: Validation Results - Epoch: 20
2025-12-22 06:32:29,687 MambaPro.train INFO: Current mAP: 78.4%
2025-12-22 06:32:29,687 MambaPro.train INFO: CMC curve, Rank-1  :92.2%
2025-12-22 06:32:29,687 MambaPro.train INFO: CMC curve, Rank-5  :93.4%
2025-12-22 06:32:29,687 MambaPro.train INFO: CMC curve, Rank-10 :94.1%
2025-12-22 06:32:29,694 MambaPro.train INFO: [Epoch 20] 指标集合列表（历史）
2025-12-22 06:32:29,694 MambaPro.train INFO: history_mAP:{48.9 , 60.8 , 67.7 , 68.4 , 72.8 , 71.6 , 71.5 , 74.7 , 75.0 , 72.7 , 75.7 , 77.9 , 77.2 , 78.3 , 77.4 , 78.2 , 78.6 , 78.2 , 78.2 , 78.4}
2025-12-22 06:32:29,694 MambaPro.train INFO: best_mAP:{78.6}
2025-12-22 06:32:29,695 MambaPro.train INFO: history_Rank-1:{69.0 , 75.9 , 81.3 , 83.0 , 87.7 , 87.8 , 88.1 , 90.4 , 88.9 , 89.9 , 92.0 , 92.7 , 92.6 , 91.7 , 93.0 , 92.5 , 91.8 , 91.8 , 92.2}
2025-12-22 06:32:29,695 MambaPro.train INFO: best_Rank-1:{92.7}
2025-12-22 06:32:29,695 MambaPro.train INFO: history_Rank-5:{74.0 , 78.2 , 83.4 , 86.4 , 89.4 , 89.7 , 89.9 , 91.5 , 90.1 , 91.3 , 93.3 , 94.0 , 93.6 , 92.5 , 93.9 , 93.4 , 92.8 , 93.2}
2025-12-22 06:32:29,695 MambaPro.train INFO: best_Rank-5:{94.0}
2025-12-22 06:32:29,695 MambaPro.train INFO: history_Rank-10:{76.8 , 80.1 , 85.1 , 87.9 , 91.3 , 91.0 , 90.8 , 92.2 , 91.1 , 92.7 , 94.2 , 94.7 , 93.9 , 93.3 , 94.1 , 94.5 , 93.5 , 94.1}
2025-12-22 06:32:29,695 MambaPro.train INFO: best_Rank-10:{94.7}
2025-12-22 06:32:29,695 MambaPro.train INFO: history_Experts:{[1.00] , [1.00] , [1.00] , [1.00] , [1.00] , [1.00] , [1.00] , [1.00] , [1.00] , [1.00] , [1.00] , [1.00] , [1.00] , [1.00] , [1.00] , [1.00] , [1.00] , [1.00] , [1.00] , [1.00]}
2025-12-22 06:32:29,695 MambaPro.train INFO: best_Experts:{[1.00]}
2025-12-22 06:32:29,695 MambaPro.train INFO: 🔥 MoE损失(Val): 平衡=0.0000, 稀疏性=0.0000, 多样性=0.0000, 总=0.0000 (权重: 平衡=0.010, 稀疏性=0.001, 多样性=0.010)
2025-12-22 06:32:29,695 MambaPro.train INFO:    📊 专家权重分布(Val, 1个专家): [1.00]
2025-12-22 06:34:00,204 MambaPro.train INFO: Epoch 21 done. Time per batch: 0.778[s] Speed: 82.3[samples/s]
2025-12-22 06:35:35,720 MambaPro.train INFO: Validation Results - Epoch: 21
2025-12-22 06:35:35,720 MambaPro.train INFO: Current mAP: 78.2%
2025-12-22 06:35:35,720 MambaPro.train INFO: CMC curve, Rank-1  :91.8%
2025-12-22 06:35:35,720 MambaPro.train INFO: CMC curve, Rank-5  :93.4%
2025-12-22 06:35:35,720 MambaPro.train INFO: CMC curve, Rank-10 :93.9%
2025-12-22 06:35:35,729 MambaPro.train INFO: [Epoch 21] 指标集合列表（历史）
2025-12-22 06:35:35,729 MambaPro.train INFO: history_mAP:{48.9 , 60.8 , 67.7 , 68.4 , 72.8 , 71.6 , 71.5 , 74.7 , 75.0 , 72.7 , 75.7 , 77.9 , 77.2 , 78.3 , 77.4 , 78.2 , 78.6 , 78.2 , 78.2 , 78.4 , 78.2}
2025-12-22 06:35:35,729 MambaPro.train INFO: best_mAP:{78.6}
2025-12-22 06:35:35,729 MambaPro.train INFO: history_Rank-1:{69.0 , 75.9 , 81.3 , 83.0 , 87.7 , 87.8 , 88.1 , 90.4 , 88.9 , 89.9 , 92.0 , 92.7 , 92.6 , 91.7 , 93.0 , 92.5 , 91.8 , 91.8 , 92.2}
2025-12-22 06:35:35,729 MambaPro.train INFO: best_Rank-1:{92.7}
2025-12-22 06:35:35,729 MambaPro.train INFO: history_Rank-5:{74.0 , 78.2 , 83.4 , 86.4 , 89.4 , 89.7 , 89.9 , 91.5 , 90.1 , 91.3 , 93.3 , 94.0 , 93.6 , 92.5 , 93.9 , 93.4 , 92.8 , 93.2}
2025-12-22 06:35:35,729 MambaPro.train INFO: best_Rank-5:{94.0}
2025-12-22 06:35:35,729 MambaPro.train INFO: history_Rank-10:{76.8 , 80.1 , 85.1 , 87.9 , 91.3 , 91.0 , 90.8 , 92.2 , 91.1 , 92.7 , 94.2 , 94.7 , 93.9 , 93.3 , 94.1 , 94.5 , 93.5 , 94.1 , 93.9}
2025-12-22 06:35:35,729 MambaPro.train INFO: best_Rank-10:{94.7}
2025-12-22 06:35:35,729 MambaPro.train INFO: history_Experts:{[1.00] , [1.00] , [1.00] , [1.00] , [1.00] , [1.00] , [1.00] , [1.00] , [1.00] , [1.00] , [1.00] , [1.00] , [1.00] , [1.00] , [1.00] , [1.00] , [1.00] , [1.00] , [1.00] , [1.00] , [1.00]}
2025-12-22 06:35:35,729 MambaPro.train INFO: best_Experts:{[1.00]}
2025-12-22 06:35:35,729 MambaPro.train INFO: 🔥 MoE损失(Val): 平衡=0.0000, 稀疏性=0.0000, 多样性=0.0000, 总=0.0000 (权重: 平衡=0.010, 稀疏性=0.001, 多样性=0.010)
2025-12-22 06:35:35,729 MambaPro.train INFO:    📊 专家权重分布(Val, 1个专家): [1.00]
2025-12-22 06:37:06,188 MambaPro.train INFO: Epoch 22 done. Time per batch: 0.778[s] Speed: 82.3[samples/s]
2025-12-22 06:38:41,672 MambaPro.train INFO: Validation Results - Epoch: 22
2025-12-22 06:38:41,672 MambaPro.train INFO: Current mAP: 78.3%
2025-12-22 06:38:41,672 MambaPro.train INFO: CMC curve, Rank-1  :92.1%
2025-12-22 06:38:41,672 MambaPro.train INFO: CMC curve, Rank-5  :93.3%
2025-12-22 06:38:41,672 MambaPro.train INFO: CMC curve, Rank-10 :93.7%
2025-12-22 06:38:41,681 MambaPro.train INFO: [Epoch 22] 指标集合列表（历史）
2025-12-22 06:38:41,681 MambaPro.train INFO: history_mAP:{48.9 , 60.8 , 67.7 , 68.4 , 72.8 , 71.6 , 71.5 , 74.7 , 75.0 , 72.7 , 75.7 , 77.9 , 77.2 , 78.3 , 77.4 , 78.2 , 78.6 , 78.2 , 78.2 , 78.4 , 78.2 , 78.3}
2025-12-22 06:38:41,681 MambaPro.train INFO: best_mAP:{78.6}
2025-12-22 06:38:41,681 MambaPro.train INFO: history_Rank-1:{69.0 , 75.9 , 81.3 , 83.0 , 87.7 , 87.8 , 88.1 , 90.4 , 88.9 , 89.9 , 92.0 , 92.7 , 92.6 , 91.7 , 93.0 , 92.5 , 91.8 , 91.8 , 92.2 , 92.1}
2025-12-22 06:38:41,681 MambaPro.train INFO: best_Rank-1:{92.7}
2025-12-22 06:38:41,681 MambaPro.train INFO: history_Rank-5:{74.0 , 78.2 , 83.4 , 86.4 , 89.4 , 89.7 , 89.9 , 91.5 , 90.1 , 91.3 , 93.3 , 94.0 , 93.6 , 92.5 , 93.9 , 93.4 , 92.8 , 93.2}
2025-12-22 06:38:41,681 MambaPro.train INFO: best_Rank-5:{94.0}
2025-12-22 06:38:41,681 MambaPro.train INFO: history_Rank-10:{76.8 , 80.1 , 85.1 , 87.9 , 91.3 , 91.0 , 90.8 , 92.2 , 91.1 , 92.7 , 94.2 , 94.7 , 93.9 , 93.3 , 94.1 , 94.5 , 93.5 , 94.1 , 93.9 , 93.7}
2025-12-22 06:38:41,681 MambaPro.train INFO: best_Rank-10:{94.7}
2025-12-22 06:38:41,681 MambaPro.train INFO: history_Experts:{[1.00] , [1.00] , [1.00] , [1.00] , [1.00] , [1.00] , [1.00] , [1.00] , [1.00] , [1.00] , [1.00] , [1.00] , [1.00] , [1.00] , [1.00] , [1.00] , [1.00] , [1.00] , [1.00] , [1.00] , [1.00] , [1.00]}
2025-12-22 06:38:41,681 MambaPro.train INFO: best_Experts:{[1.00]}
2025-12-22 06:38:41,681 MambaPro.train INFO: 🔥 MoE损失(Val): 平衡=0.0000, 稀疏性=0.0000, 多样性=0.0000, 总=0.0000 (权重: 平衡=0.010, 稀疏性=0.001, 多样性=0.010)
2025-12-22 06:38:41,681 MambaPro.train INFO:    📊 专家权重分布(Val, 1个专家): [1.00]
2025-12-22 06:40:12,200 MambaPro.train INFO: Epoch 23 done. Time per batch: 0.778[s] Speed: 82.3[samples/s]
2025-12-22 06:41:47,751 MambaPro.train INFO: Validation Results - Epoch: 23
2025-12-22 06:41:47,751 MambaPro.train INFO: Current mAP: 78.2%
2025-12-22 06:41:47,751 MambaPro.train INFO: CMC curve, Rank-1  :91.4%
2025-12-22 06:41:47,751 MambaPro.train INFO: CMC curve, Rank-5  :92.8%
2025-12-22 06:41:47,751 MambaPro.train INFO: CMC curve, Rank-10 :93.6%
2025-12-22 06:41:47,758 MambaPro.train INFO: [Epoch 23] 指标集合列表（历史）
2025-12-22 06:41:47,759 MambaPro.train INFO: history_mAP:{48.9 , 60.8 , 67.7 , 68.4 , 72.8 , 71.6 , 71.5 , 74.7 , 75.0 , 72.7 , 75.7 , 77.9 , 77.2 , 78.3 , 77.4 , 78.2 , 78.6 , 78.2 , 78.2 , 78.4 , 78.2 , 78.3 , 78.2}
2025-12-22 06:41:47,759 MambaPro.train INFO: best_mAP:{78.6}
2025-12-22 06:41:47,759 MambaPro.train INFO: history_Rank-1:{69.0 , 75.9 , 81.3 , 83.0 , 87.7 , 87.8 , 88.1 , 90.4 , 88.9 , 89.9 , 92.0 , 92.7 , 92.6 , 91.7 , 93.0 , 92.5 , 91.8 , 91.8 , 92.2 , 92.1 , 91.4}
2025-12-22 06:41:47,759 MambaPro.train INFO: best_Rank-1:{92.7}
2025-12-22 06:41:47,759 MambaPro.train INFO: history_Rank-5:{74.0 , 78.2 , 83.4 , 86.4 , 89.4 , 89.7 , 89.9 , 91.5 , 90.1 , 91.3 , 93.3 , 94.0 , 93.6 , 92.5 , 93.9 , 93.4 , 92.8 , 93.2}
2025-12-22 06:41:47,759 MambaPro.train INFO: best_Rank-5:{94.0}
2025-12-22 06:41:47,759 MambaPro.train INFO: history_Rank-10:{76.8 , 80.1 , 85.1 , 87.9 , 91.3 , 91.0 , 90.8 , 92.2 , 91.1 , 92.7 , 94.2 , 94.7 , 93.9 , 93.3 , 94.1 , 94.5 , 93.5 , 94.1 , 93.9 , 93.7 , 93.6}
2025-12-22 06:41:47,759 MambaPro.train INFO: best_Rank-10:{94.7}
2025-12-22 06:41:47,759 MambaPro.train INFO: history_Experts:{[1.00] , [1.00] , [1.00] , [1.00] , [1.00] , [1.00] , [1.00] , [1.00] , [1.00] , [1.00] , [1.00] , [1.00] , [1.00] , [1.00] , [1.00] , [1.00] , [1.00] , [1.00] , [1.00] , [1.00] , [1.00] , [1.00] , [1.00]}
2025-12-22 06:41:47,759 MambaPro.train INFO: best_Experts:{[1.00]}
2025-12-22 06:41:47,759 MambaPro.train INFO: 🔥 MoE损失(Val): 平衡=0.0000, 稀疏性=0.0000, 多样性=0.0000, 总=0.0000 (权重: 平衡=0.010, 稀疏性=0.001, 多样性=0.010)
2025-12-22 06:41:47,759 MambaPro.train INFO:    📊 专家权重分布(Val, 1个专家): [1.00]
2025-12-22 06:43:18,326 MambaPro.train INFO: Epoch 24 done. Time per batch: 0.779[s] Speed: 82.2[samples/s]
2025-12-22 06:44:53,889 MambaPro.train INFO: Validation Results - Epoch: 24
2025-12-22 06:44:53,889 MambaPro.train INFO: Current mAP: 77.9%
2025-12-22 06:44:53,889 MambaPro.train INFO: CMC curve, Rank-1  :91.1%
2025-12-22 06:44:53,890 MambaPro.train INFO: CMC curve, Rank-5  :92.3%
2025-12-22 06:44:53,890 MambaPro.train INFO: CMC curve, Rank-10 :93.2%
2025-12-22 06:44:53,897 MambaPro.train INFO: [Epoch 24] 指标集合列表（历史）
2025-12-22 06:44:53,897 MambaPro.train INFO: history_mAP:{48.9 , 60.8 , 67.7 , 68.4 , 72.8 , 71.6 , 71.5 , 74.7 , 75.0 , 72.7 , 75.7 , 77.9 , 77.2 , 78.3 , 77.4 , 78.2 , 78.6 , 78.2 , 78.2 , 78.4 , 78.2 , 78.3 , 78.2 , 77.9}
2025-12-22 06:44:53,897 MambaPro.train INFO: best_mAP:{78.6}
2025-12-22 06:44:53,897 MambaPro.train INFO: history_Rank-1:{69.0 , 75.9 , 81.3 , 83.0 , 87.7 , 87.8 , 88.1 , 90.4 , 88.9 , 89.9 , 92.0 , 92.7 , 92.6 , 91.7 , 93.0 , 92.5 , 91.8 , 91.8 , 92.2 , 92.1 , 91.4 , 91.1}
2025-12-22 06:44:53,897 MambaPro.train INFO: best_Rank-1:{92.7}
2025-12-22 06:44:53,897 MambaPro.train INFO: history_Rank-5:{74.0 , 78.2 , 83.4 , 86.4 , 89.4 , 89.7 , 89.9 , 91.5 , 90.1 , 91.3 , 93.3 , 94.0 , 93.6 , 92.5 , 93.9 , 93.4 , 92.8 , 93.2 , 92.3}
2025-12-22 06:44:53,897 MambaPro.train INFO: best_Rank-5:{94.0}
2025-12-22 06:44:53,897 MambaPro.train INFO: history_Rank-10:{76.8 , 80.1 , 85.1 , 87.9 , 91.3 , 91.0 , 90.8 , 92.2 , 91.1 , 92.7 , 94.2 , 94.7 , 93.9 , 93.3 , 94.1 , 94.5 , 93.5 , 94.1 , 93.9 , 93.7 , 93.6 , 93.2}
2025-12-22 06:44:53,897 MambaPro.train INFO: best_Rank-10:{94.7}
2025-12-22 06:44:53,897 MambaPro.train INFO: history_Experts:{[1.00] , [1.00] , [1.00] , [1.00] , [1.00] , [1.00] , [1.00] , [1.00] , [1.00] , [1.00] , [1.00] , [1.00] , [1.00] , [1.00] , [1.00] , [1.00] , [1.00] , [1.00] , [1.00] , [1.00] , [1.00] , [1.00] , [1.00] , [1.00]}
2025-12-22 06:44:53,897 MambaPro.train INFO: best_Experts:{[1.00]}
2025-12-22 06:44:53,897 MambaPro.train INFO: 🔥 MoE损失(Val): 平衡=0.0000, 稀疏性=0.0000, 多样性=0.0000, 总=0.0000 (权重: 平衡=0.010, 稀疏性=0.001, 多样性=0.010)
2025-12-22 06:44:53,897 MambaPro.train INFO:    📊 专家权重分布(Val, 1个专家): [1.00]
2025-12-22 06:46:25,218 MambaPro.train INFO: Epoch 25 done. Time per batch: 0.778[s] Speed: 82.2[samples/s]
2025-12-22 06:48:00,725 MambaPro.train INFO: Validation Results - Epoch: 25
2025-12-22 06:48:00,725 MambaPro.train INFO: Current mAP: 78.2%
2025-12-22 06:48:00,726 MambaPro.train INFO: CMC curve, Rank-1  :91.5%
2025-12-22 06:48:00,726 MambaPro.train INFO: CMC curve, Rank-5  :92.8%
2025-12-22 06:48:00,726 MambaPro.train INFO: CMC curve, Rank-10 :93.6%
2025-12-22 06:48:00,733 MambaPro.train INFO: [Epoch 25] 指标集合列表（历史）
2025-12-22 06:48:00,733 MambaPro.train INFO: history_mAP:{48.9 , 60.8 , 67.7 , 68.4 , 72.8 , 71.6 , 71.5 , 74.7 , 75.0 , 72.7 , 75.7 , 77.9 , 77.2 , 78.3 , 77.4 , 78.2 , 78.6 , 78.2 , 78.2 , 78.4 , 78.2 , 78.3 , 78.2 , 77.9 , 78.2}
2025-12-22 06:48:00,733 MambaPro.train INFO: best_mAP:{78.6}
2025-12-22 06:48:00,733 MambaPro.train INFO: history_Rank-1:{69.0 , 75.9 , 81.3 , 83.0 , 87.7 , 87.8 , 88.1 , 90.4 , 88.9 , 89.9 , 92.0 , 92.7 , 92.6 , 91.7 , 93.0 , 92.5 , 91.8 , 91.8 , 92.2 , 92.1 , 91.4 , 91.1 , 91.5}
2025-12-22 06:48:00,733 MambaPro.train INFO: best_Rank-1:{92.7}
2025-12-22 06:48:00,733 MambaPro.train INFO: history_Rank-5:{74.0 , 78.2 , 83.4 , 86.4 , 89.4 , 89.7 , 89.9 , 91.5 , 90.1 , 91.3 , 93.3 , 94.0 , 93.6 , 92.5 , 93.9 , 93.4 , 92.8 , 93.2 , 92.3}
2025-12-22 06:48:00,733 MambaPro.train INFO: best_Rank-5:{94.0}
2025-12-22 06:48:00,733 MambaPro.train INFO: history_Rank-10:{76.8 , 80.1 , 85.1 , 87.9 , 91.3 , 91.0 , 90.8 , 92.2 , 91.1 , 92.7 , 94.2 , 94.7 , 93.9 , 93.3 , 94.1 , 94.5 , 93.5 , 94.1 , 93.9 , 93.7 , 93.6 , 93.2 , 93.6}
2025-12-22 06:48:00,733 MambaPro.train INFO: best_Rank-10:{94.7}
2025-12-22 06:48:00,733 MambaPro.train INFO: history_Experts:{[1.00] , [1.00] , [1.00] , [1.00] , [1.00] , [1.00] , [1.00] , [1.00] , [1.00] , [1.00] , [1.00] , [1.00] , [1.00] , [1.00] , [1.00] , [1.00] , [1.00] , [1.00] , [1.00] , [1.00] , [1.00] , [1.00] , [1.00] , [1.00] , [1.00]}
2025-12-22 06:48:00,733 MambaPro.train INFO: best_Experts:{[1.00]}
2025-12-22 06:48:00,733 MambaPro.train INFO: 🔥 MoE损失(Val): 平衡=0.0000, 稀疏性=0.0000, 多样性=0.0000, 总=0.0000 (权重: 平衡=0.010, 稀疏性=0.001, 多样性=0.010)
2025-12-22 06:48:00,733 MambaPro.train INFO:    📊 专家权重分布(Val, 1个专家): [1.00]
2025-12-22 06:49:31,422 MambaPro.train INFO: Epoch 26 done. Time per batch: 0.780[s] Speed: 82.1[samples/s]
2025-12-22 06:51:06,982 MambaPro.train INFO: Validation Results - Epoch: 26
2025-12-22 06:51:06,982 MambaPro.train INFO: Current mAP: 78.2%
2025-12-22 06:51:06,982 MambaPro.train INFO: CMC curve, Rank-1  :91.5%
2025-12-22 06:51:06,982 MambaPro.train INFO: CMC curve, Rank-5  :92.8%
2025-12-22 06:51:06,982 MambaPro.train INFO: CMC curve, Rank-10 :93.6%
2025-12-22 06:51:06,990 MambaPro.train INFO: [Epoch 26] 指标集合列表（历史）
2025-12-22 06:51:06,990 MambaPro.train INFO: history_mAP:{48.9 , 60.8 , 67.7 , 68.4 , 72.8 , 71.6 , 71.5 , 74.7 , 75.0 , 72.7 , 75.7 , 77.9 , 77.2 , 78.3 , 77.4 , 78.2 , 78.6 , 78.2 , 78.2 , 78.4 , 78.2 , 78.3 , 78.2 , 77.9 , 78.2 , 78.2}
2025-12-22 06:51:06,990 MambaPro.train INFO: best_mAP:{78.6}
2025-12-22 06:51:06,990 MambaPro.train INFO: history_Rank-1:{69.0 , 75.9 , 81.3 , 83.0 , 87.7 , 87.8 , 88.1 , 90.4 , 88.9 , 89.9 , 92.0 , 92.7 , 92.6 , 91.7 , 93.0 , 92.5 , 91.8 , 91.8 , 92.2 , 92.1 , 91.4 , 91.1 , 91.5}
2025-12-22 06:51:06,990 MambaPro.train INFO: best_Rank-1:{92.7}
2025-12-22 06:51:06,990 MambaPro.train INFO: history_Rank-5:{74.0 , 78.2 , 83.4 , 86.4 , 89.4 , 89.7 , 89.9 , 91.5 , 90.1 , 91.3 , 93.3 , 94.0 , 93.6 , 92.5 , 93.9 , 93.4 , 92.8 , 93.2 , 92.3 , 92.8}
2025-12-22 06:51:06,990 MambaPro.train INFO: best_Rank-5:{94.0}
2025-12-22 06:51:06,990 MambaPro.train INFO: history_Rank-10:{76.8 , 80.1 , 85.1 , 87.9 , 91.3 , 91.0 , 90.8 , 92.2 , 91.1 , 92.7 , 94.2 , 94.7 , 93.9 , 93.3 , 94.1 , 94.5 , 93.5 , 94.1 , 93.9 , 93.7 , 93.6 , 93.2 , 93.6}
2025-12-22 06:51:06,990 MambaPro.train INFO: best_Rank-10:{94.7}
2025-12-22 06:51:06,990 MambaPro.train INFO: history_Experts:{[1.00] , [1.00] , [1.00] , [1.00] , [1.00] , [1.00] , [1.00] , [1.00] , [1.00] , [1.00] , [1.00] , [1.00] , [1.00] , [1.00] , [1.00] , [1.00] , [1.00] , [1.00] , [1.00] , [1.00] , [1.00] , [1.00] , [1.00] , [1.00] , [1.00] , [1.00]}
2025-12-22 06:51:06,990 MambaPro.train INFO: best_Experts:{[1.00]}
2025-12-22 06:51:06,990 MambaPro.train INFO: 🔥 MoE损失(Val): 平衡=0.0000, 稀疏性=0.0000, 多样性=0.0000, 总=0.0000 (权重: 平衡=0.010, 稀疏性=0.001, 多样性=0.010)
2025-12-22 06:51:06,990 MambaPro.train INFO:    📊 专家权重分布(Val, 1个专家): [1.00]
2025-12-22 06:52:37,836 MambaPro.train INFO: Epoch 27 done. Time per batch: 0.781[s] Speed: 82.0[samples/s]
2025-12-22 06:54:13,367 MambaPro.train INFO: Validation Results - Epoch: 27
2025-12-22 06:54:13,367 MambaPro.train INFO: Current mAP: 78.1%
2025-12-22 06:54:13,367 MambaPro.train INFO: CMC curve, Rank-1  :91.7%
2025-12-22 06:54:13,367 MambaPro.train INFO: CMC curve, Rank-5  :92.9%
2025-12-22 06:54:13,367 MambaPro.train INFO: CMC curve, Rank-10 :93.4%
2025-12-22 06:54:13,374 MambaPro.train INFO: [Epoch 27] 指标集合列表（历史）
2025-12-22 06:54:13,374 MambaPro.train INFO: history_mAP:{48.9 , 60.8 , 67.7 , 68.4 , 72.8 , 71.6 , 71.5 , 74.7 , 75.0 , 72.7 , 75.7 , 77.9 , 77.2 , 78.3 , 77.4 , 78.2 , 78.6 , 78.2 , 78.2 , 78.4 , 78.2 , 78.3 , 78.2 , 77.9 , 78.2 , 78.2 , 78.1}
2025-12-22 06:54:13,374 MambaPro.train INFO: best_mAP:{78.6}
2025-12-22 06:54:13,375 MambaPro.train INFO: history_Rank-1:{69.0 , 75.9 , 81.3 , 83.0 , 87.7 , 87.8 , 88.1 , 90.4 , 88.9 , 89.9 , 92.0 , 92.7 , 92.6 , 91.7 , 93.0 , 92.5 , 91.8 , 91.8 , 92.2 , 92.1 , 91.4 , 91.1 , 91.5}
2025-12-22 06:54:13,375 MambaPro.train INFO: best_Rank-1:{92.7}
2025-12-22 06:54:13,375 MambaPro.train INFO: history_Rank-5:{74.0 , 78.2 , 83.4 , 86.4 , 89.4 , 89.7 , 89.9 , 91.5 , 90.1 , 91.3 , 93.3 , 94.0 , 93.6 , 92.5 , 93.9 , 93.4 , 92.8 , 93.2 , 92.3 , 92.8 , 92.9}
2025-12-22 06:54:13,375 MambaPro.train INFO: best_Rank-5:{94.0}
2025-12-22 06:54:13,375 MambaPro.train INFO: history_Rank-10:{76.8 , 80.1 , 85.1 , 87.9 , 91.3 , 91.0 , 90.8 , 92.2 , 91.1 , 92.7 , 94.2 , 94.7 , 93.9 , 93.3 , 94.1 , 94.5 , 93.5 , 94.1 , 93.9 , 93.7 , 93.6 , 93.2 , 93.6 , 93.4}
2025-12-22 06:54:13,375 MambaPro.train INFO: best_Rank-10:{94.7}
2025-12-22 06:54:13,375 MambaPro.train INFO: history_Experts:{[1.00] , [1.00] , [1.00] , [1.00] , [1.00] , [1.00] , [1.00] , [1.00] , [1.00] , [1.00] , [1.00] , [1.00] , [1.00] , [1.00] , [1.00] , [1.00] , [1.00] , [1.00] , [1.00] , [1.00] , [1.00] , [1.00] , [1.00] , [1.00] , [1.00] , [1.00] , [1.00]}
2025-12-22 06:54:13,375 MambaPro.train INFO: best_Experts:{[1.00]}
2025-12-22 06:54:13,375 MambaPro.train INFO: 🔥 MoE损失(Val): 平衡=0.0000, 稀疏性=0.0000, 多样性=0.0000, 总=0.0000 (权重: 平衡=0.010, 稀疏性=0.001, 多样性=0.010)
2025-12-22 06:54:13,375 MambaPro.train INFO:    📊 专家权重分布(Val, 1个专家): [1.00]
2025-12-22 06:55:44,824 MambaPro.train INFO: Epoch 28 done. Time per batch: 0.779[s] Speed: 82.1[samples/s]
2025-12-22 06:57:20,315 MambaPro.train INFO: Validation Results - Epoch: 28
2025-12-22 06:57:20,315 MambaPro.train INFO: Current mAP: 78.1%
2025-12-22 06:57:20,315 MambaPro.train INFO: CMC curve, Rank-1  :91.7%
2025-12-22 06:57:20,315 MambaPro.train INFO: CMC curve, Rank-5  :92.9%
2025-12-22 06:57:20,315 MambaPro.train INFO: CMC curve, Rank-10 :93.6%
2025-12-22 06:57:20,323 MambaPro.train INFO: [Epoch 28] 指标集合列表（历史）
2025-12-22 06:57:20,323 MambaPro.train INFO: history_mAP:{48.9 , 60.8 , 67.7 , 68.4 , 72.8 , 71.6 , 71.5 , 74.7 , 75.0 , 72.7 , 75.7 , 77.9 , 77.2 , 78.3 , 77.4 , 78.2 , 78.6 , 78.2 , 78.2 , 78.4 , 78.2 , 78.3 , 78.2 , 77.9 , 78.2 , 78.2 , 78.1 , 78.1}
2025-12-22 06:57:20,323 MambaPro.train INFO: best_mAP:{78.6}
2025-12-22 06:57:20,323 MambaPro.train INFO: history_Rank-1:{69.0 , 75.9 , 81.3 , 83.0 , 87.7 , 87.8 , 88.1 , 90.4 , 88.9 , 89.9 , 92.0 , 92.7 , 92.6 , 91.7 , 93.0 , 92.5 , 91.8 , 91.8 , 92.2 , 92.1 , 91.4 , 91.1 , 91.5 , 91.7}
2025-12-22 06:57:20,323 MambaPro.train INFO: best_Rank-1:{92.7}
2025-12-22 06:57:20,323 MambaPro.train INFO: history_Rank-5:{74.0 , 78.2 , 83.4 , 86.4 , 89.4 , 89.7 , 89.9 , 91.5 , 90.1 , 91.3 , 93.3 , 94.0 , 93.6 , 92.5 , 93.9 , 93.4 , 92.8 , 93.2 , 92.3 , 92.8 , 92.9}
2025-12-22 06:57:20,323 MambaPro.train INFO: best_Rank-5:{94.0}
2025-12-22 06:57:20,323 MambaPro.train INFO: history_Rank-10:{76.8 , 80.1 , 85.1 , 87.9 , 91.3 , 91.0 , 90.8 , 92.2 , 91.1 , 92.7 , 94.2 , 94.7 , 93.9 , 93.3 , 94.1 , 94.5 , 93.5 , 94.1 , 93.9 , 93.7 , 93.6 , 93.2 , 93.6 , 93.4}
2025-12-22 06:57:20,323 MambaPro.train INFO: best_Rank-10:{94.7}
2025-12-22 06:57:20,323 MambaPro.train INFO: history_Experts:{[1.00] , [1.00] , [1.00] , [1.00] , [1.00] , [1.00] , [1.00] , [1.00] , [1.00] , [1.00] , [1.00] , [1.00] , [1.00] , [1.00] , [1.00] , [1.00] , [1.00] , [1.00] , [1.00] , [1.00] , [1.00] , [1.00] , [1.00] , [1.00] , [1.00] , [1.00] , [1.00] , [1.00]}
2025-12-22 06:57:20,323 MambaPro.train INFO: best_Experts:{[1.00]}
2025-12-22 06:57:20,323 MambaPro.train INFO: 🔥 MoE损失(Val): 平衡=0.0000, 稀疏性=0.0000, 多样性=0.0000, 总=0.0000 (权重: 平衡=0.010, 稀疏性=0.001, 多样性=0.010)
2025-12-22 06:57:20,323 MambaPro.train INFO:    📊 专家权重分布(Val, 1个专家): [1.00]
2025-12-22 06:58:51,762 MambaPro.train INFO: Epoch 29 done. Time per batch: 0.779[s] Speed: 82.1[samples/s]
2025-12-22 07:00:27,254 MambaPro.train INFO: Validation Results - Epoch: 29
2025-12-22 07:00:27,254 MambaPro.train INFO: Current mAP: 78.1%
2025-12-22 07:00:27,254 MambaPro.train INFO: CMC curve, Rank-1  :91.7%
2025-12-22 07:00:27,254 MambaPro.train INFO: CMC curve, Rank-5  :92.9%
2025-12-22 07:00:27,254 MambaPro.train INFO: CMC curve, Rank-10 :93.5%
2025-12-22 07:00:27,261 MambaPro.train INFO: [Epoch 29] 指标集合列表（历史）
2025-12-22 07:00:27,261 MambaPro.train INFO: history_mAP:{48.9 , 60.8 , 67.7 , 68.4 , 72.8 , 71.6 , 71.5 , 74.7 , 75.0 , 72.7 , 75.7 , 77.9 , 77.2 , 78.3 , 77.4 , 78.2 , 78.6 , 78.2 , 78.2 , 78.4 , 78.2 , 78.3 , 78.2 , 77.9 , 78.2 , 78.2 , 78.1 , 78.1 , 78.1}
2025-12-22 07:00:27,261 MambaPro.train INFO: best_mAP:{78.6}
2025-12-22 07:00:27,261 MambaPro.train INFO: history_Rank-1:{69.0 , 75.9 , 81.3 , 83.0 , 87.7 , 87.8 , 88.1 , 90.4 , 88.9 , 89.9 , 92.0 , 92.7 , 92.6 , 91.7 , 93.0 , 92.5 , 91.8 , 91.8 , 92.2 , 92.1 , 91.4 , 91.1 , 91.5 , 91.7}
2025-12-22 07:00:27,261 MambaPro.train INFO: best_Rank-1:{92.7}
2025-12-22 07:00:27,261 MambaPro.train INFO: history_Rank-5:{74.0 , 78.2 , 83.4 , 86.4 , 89.4 , 89.7 , 89.9 , 91.5 , 90.1 , 91.3 , 93.3 , 94.0 , 93.6 , 92.5 , 93.9 , 93.4 , 92.8 , 93.2 , 92.3 , 92.8 , 92.9}
2025-12-22 07:00:27,261 MambaPro.train INFO: best_Rank-5:{94.0}
2025-12-22 07:00:27,261 MambaPro.train INFO: history_Rank-10:{76.8 , 80.1 , 85.1 , 87.9 , 91.3 , 91.0 , 90.8 , 92.2 , 91.1 , 92.7 , 94.2 , 94.7 , 93.9 , 93.3 , 94.1 , 94.5 , 93.5 , 94.1 , 93.9 , 93.7 , 93.6 , 93.2 , 93.6 , 93.4 , 93.5}
2025-12-22 07:00:27,261 MambaPro.train INFO: best_Rank-10:{94.7}
2025-12-22 07:00:27,261 MambaPro.train INFO: history_Experts:{[1.00] , [1.00] , [1.00] , [1.00] , [1.00] , [1.00] , [1.00] , [1.00] , [1.00] , [1.00] , [1.00] , [1.00] , [1.00] , [1.00] , [1.00] , [1.00] , [1.00] , [1.00] , [1.00] , [1.00] , [1.00] , [1.00] , [1.00] , [1.00] , [1.00] , [1.00] , [1.00] , [1.00] , [1.00]}
2025-12-22 07:00:27,261 MambaPro.train INFO: best_Experts:{[1.00]}
2025-12-22 07:00:27,261 MambaPro.train INFO: 🔥 MoE损失(Val): 平衡=0.0000, 稀疏性=0.0000, 多样性=0.0000, 总=0.0000 (权重: 平衡=0.010, 稀疏性=0.001, 多样性=0.010)
2025-12-22 07:00:27,261 MambaPro.train INFO:    📊 专家权重分布(Val, 1个专家): [1.00]
2025-12-22 07:01:57,964 MambaPro.train INFO: Epoch 30 done. Time per batch: 0.780[s] Speed: 82.1[samples/s]
2025-12-22 07:03:33,532 MambaPro.train INFO: Validation Results - Epoch: 30
2025-12-22 07:03:33,532 MambaPro.train INFO: Current mAP: 78.1%
2025-12-22 07:03:33,532 MambaPro.train INFO: CMC curve, Rank-1  :91.6%
2025-12-22 07:03:33,532 MambaPro.train INFO: CMC curve, Rank-5  :92.8%
2025-12-22 07:03:33,532 MambaPro.train INFO: CMC curve, Rank-10 :93.5%
2025-12-22 07:03:33,539 MambaPro.train INFO: [Epoch 30] 指标集合列表（历史）
2025-12-22 07:03:33,539 MambaPro.train INFO: history_mAP:{48.9 , 60.8 , 67.7 , 68.4 , 72.8 , 71.6 , 71.5 , 74.7 , 75.0 , 72.7 , 75.7 , 77.9 , 77.2 , 78.3 , 77.4 , 78.2 , 78.6 , 78.2 , 78.2 , 78.4 , 78.2 , 78.3 , 78.2 , 77.9 , 78.2 , 78.2 , 78.1 , 78.1 , 78.1 , 78.1}
2025-12-22 07:03:33,539 MambaPro.train INFO: best_mAP:{78.6}
2025-12-22 07:03:33,539 MambaPro.train INFO: history_Rank-1:{69.0 , 75.9 , 81.3 , 83.0 , 87.7 , 87.8 , 88.1 , 90.4 , 88.9 , 89.9 , 92.0 , 92.7 , 92.6 , 91.7 , 93.0 , 92.5 , 91.8 , 91.8 , 92.2 , 92.1 , 91.4 , 91.1 , 91.5 , 91.7 , 91.6}
2025-12-22 07:03:33,539 MambaPro.train INFO: best_Rank-1:{92.7}
2025-12-22 07:03:33,539 MambaPro.train INFO: history_Rank-5:{74.0 , 78.2 , 83.4 , 86.4 , 89.4 , 89.7 , 89.9 , 91.5 , 90.1 , 91.3 , 93.3 , 94.0 , 93.6 , 92.5 , 93.9 , 93.4 , 92.8 , 93.2 , 92.3 , 92.8 , 92.9}
2025-12-22 07:03:33,539 MambaPro.train INFO: best_Rank-5:{94.0}
2025-12-22 07:03:33,539 MambaPro.train INFO: history_Rank-10:{76.8 , 80.1 , 85.1 , 87.9 , 91.3 , 91.0 , 90.8 , 92.2 , 91.1 , 92.7 , 94.2 , 94.7 , 93.9 , 93.3 , 94.1 , 94.5 , 93.5 , 94.1 , 93.9 , 93.7 , 93.6 , 93.2 , 93.6 , 93.4 , 93.5}
2025-12-22 07:03:33,539 MambaPro.train INFO: best_Rank-10:{94.7}
2025-12-22 07:03:33,539 MambaPro.train INFO: history_Experts:{[1.00] , [1.00] , [1.00] , [1.00] , [1.00] , [1.00] , [1.00] , [1.00] , [1.00] , [1.00] , [1.00] , [1.00] , [1.00] , [1.00] , [1.00] , [1.00] , [1.00] , [1.00] , [1.00] , [1.00] , [1.00] , [1.00] , [1.00] , [1.00] , [1.00] , [1.00] , [1.00] , [1.00] , [1.00] , [1.00]}
2025-12-22 07:03:33,539 MambaPro.train INFO: best_Experts:{[1.00]}
2025-12-22 07:03:33,539 MambaPro.train INFO: 🔥 MoE损失(Val): 平衡=0.0000, 稀疏性=0.0000, 多样性=0.0000, 总=0.0000 (权重: 平衡=0.010, 稀疏性=0.001, 多样性=0.010)
2025-12-22 07:03:33,539 MambaPro.train INFO:    📊 专家权重分布(Val, 1个专家): [1.00]
2025-12-22 07:03:33,801 MambaPro.train INFO: ============================================================
