2025-12-12 06:01:55,347 MambaPro INFO: ================================================================================
2025-12-12 06:01:55,347 MambaPro INFO: 🧾 实验参数快照（命令行 + 最终配置）
2025-12-12 06:01:55,347 MambaPro INFO: ================================================================================
2025-12-12 06:01:55,347 MambaPro INFO: 【复现实验命令】
2025-12-12 06:01:55,347 MambaPro INFO: /home/zubuntu/miniconda/envs/MambaPro/bin/python train_net.py --config_file mybest_model/experiment_20251013_110028/configs/experiment_config.yml OUTPUT_DIR ./outputs/replay_best_tml
2025-12-12 06:01:55,347 MambaPro INFO: 【命令行参数（args）】
2025-12-12 06:01:55,347 MambaPro INFO: {
2025-12-12 06:01:55,348 MambaPro INFO:   "config_file": "mybest_model/experiment_20251013_110028/configs/experiment_config.yml",
2025-12-12 06:01:55,348 MambaPro INFO:   "fea_cft": 0,
2025-12-12 06:01:55,348 MambaPro INFO:   "opts": [
2025-12-12 06:01:55,348 MambaPro INFO:     "OUTPUT_DIR",
2025-12-12 06:01:55,348 MambaPro INFO:     "./outputs/replay_best_tml"
2025-12-12 06:01:55,348 MambaPro INFO:   ],
2025-12-12 06:01:55,348 MambaPro INFO:   "local_rank": 0,
2025-12-12 06:01:55,348 MambaPro INFO:   "use_multi_scale": false,
2025-12-12 06:01:55,348 MambaPro INFO:   "no_multi_scale": false,
2025-12-12 06:01:55,348 MambaPro INFO:   "use_moe": false,
2025-12-12 06:01:55,348 MambaPro INFO:   "disable_moe": false,
2025-12-12 06:01:55,348 MambaPro INFO:   "no_moe": false,
2025-12-12 06:01:55,348 MambaPro INFO:   "use_attention": false,
2025-12-12 06:01:55,348 MambaPro INFO:   "disable_attention": false,
2025-12-12 06:01:55,348 MambaPro INFO:   "attention_heads": 8,
2025-12-12 06:01:55,349 MambaPro INFO:   "attention_dropout": 0.1
2025-12-12 06:01:55,349 MambaPro INFO: }
2025-12-12 06:01:55,349 MambaPro INFO: 【工作目录】/home/zubuntu/workspace/yzy/MambaPro
2025-12-12 06:01:55,349 MambaPro INFO: 【最终配置（YAML）】
2025-12-12 06:01:55,358 MambaPro INFO: DATALOADER:
2025-12-12 06:01:55,358 MambaPro INFO:   NUM_INSTANCE: 8
2025-12-12 06:01:55,358 MambaPro INFO:   NUM_WORKERS: 8
2025-12-12 06:01:55,358 MambaPro INFO:   SAMPLER: softmax_triplet
2025-12-12 06:01:55,358 MambaPro INFO: DATASETS:
2025-12-12 06:01:55,358 MambaPro INFO:   NAMES: RGBNT201
2025-12-12 06:01:55,358 MambaPro INFO:   ROOT_DIR: /home/zubuntu/workspace/yzy/MambaPro/data/
2025-12-12 06:01:55,358 MambaPro INFO: INPUT:
2025-12-12 06:01:55,358 MambaPro INFO:   PADDING: 10
2025-12-12 06:01:55,358 MambaPro INFO:   PIXEL_MEAN:
2025-12-12 06:01:55,358 MambaPro INFO:   - 0.5
2025-12-12 06:01:55,358 MambaPro INFO:   - 0.5
2025-12-12 06:01:55,358 MambaPro INFO:   - 0.5
2025-12-12 06:01:55,358 MambaPro INFO:   PIXEL_STD:
2025-12-12 06:01:55,358 MambaPro INFO:   - 0.5
2025-12-12 06:01:55,358 MambaPro INFO:   - 0.5
2025-12-12 06:01:55,358 MambaPro INFO:   - 0.5
2025-12-12 06:01:55,358 MambaPro INFO:   PROB: 0.5
2025-12-12 06:01:55,358 MambaPro INFO:   RE_PROB: 0.5
2025-12-12 06:01:55,358 MambaPro INFO:   SIZE_TEST:
2025-12-12 06:01:55,358 MambaPro INFO:   - 256
2025-12-12 06:01:55,358 MambaPro INFO:   - 128
2025-12-12 06:01:55,358 MambaPro INFO:   SIZE_TRAIN:
2025-12-12 06:01:55,358 MambaPro INFO:   - 256
2025-12-12 06:01:55,358 MambaPro INFO:   - 128
2025-12-12 06:01:55,358 MambaPro INFO: MODEL:
2025-12-12 06:01:55,358 MambaPro INFO:   ADAPTER: true
2025-12-12 06:01:55,358 MambaPro INFO:   ATTENTION_DIM: 512
2025-12-12 06:01:55,359 MambaPro INFO:   ATTENTION_DROPOUT: 0.1
2025-12-12 06:01:55,359 MambaPro INFO:   ATTENTION_NUM_HEADS: 8
2025-12-12 06:01:55,359 MambaPro INFO:   ATT_DROP_RATE: 0.0
2025-12-12 06:01:55,359 MambaPro INFO:   CLIP_MULTI_SCALE_SCALES:
2025-12-12 06:01:55,359 MambaPro INFO:   - 4
2025-12-12 06:01:55,359 MambaPro INFO:   - 8
2025-12-12 06:01:55,359 MambaPro INFO:   - 16
2025-12-12 06:01:55,359 MambaPro INFO:   DEVICE: cuda
2025-12-12 06:01:55,359 MambaPro INFO:   DEVICE_ID: '0'
2025-12-12 06:01:55,359 MambaPro INFO:   DIRECT: 1
2025-12-12 06:01:55,359 MambaPro INFO:   DIST_TRAIN: false
2025-12-12 06:01:55,359 MambaPro INFO:   DROP_OUT: 0.0
2025-12-12 06:01:55,359 MambaPro INFO:   DROP_PATH: 0.1
2025-12-12 06:01:55,359 MambaPro INFO:   FLOPS_TEST: false
2025-12-12 06:01:55,359 MambaPro INFO:   FROZEN: true
2025-12-12 06:01:55,359 MambaPro INFO:   GATE_DROPOUT: 0.1
2025-12-12 06:01:55,359 MambaPro INFO:   ID_LOSS_TYPE: softmax
2025-12-12 06:01:55,359 MambaPro INFO:   ID_LOSS_WEIGHT: 0.25
2025-12-12 06:01:55,359 MambaPro INFO:   IF_LABELSMOOTH: 'on'
2025-12-12 06:01:55,359 MambaPro INFO:   IF_WITH_CENTER: 'no'
2025-12-12 06:01:55,359 MambaPro INFO:   LAYER: -1
2025-12-12 06:01:55,359 MambaPro INFO:   MAMBA: true
2025-12-12 06:01:55,359 MambaPro INFO:   MAMBA_BI: false
2025-12-12 06:01:55,359 MambaPro INFO:   METRIC_LOSS_TYPE: triplet
2025-12-12 06:01:55,359 MambaPro INFO:   MOE_BALANCE_LOSS_WEIGHT: 0.01
2025-12-12 06:01:55,359 MambaPro INFO:   MOE_DIVERSITY_LOSS_WEIGHT: 0.01
2025-12-12 06:01:55,359 MambaPro INFO:   MOE_EXPERT_DROPOUT: 0.1
2025-12-12 06:01:55,359 MambaPro INFO:   MOE_EXPERT_HIDDEN_DIM: 1024
2025-12-12 06:01:55,359 MambaPro INFO:   MOE_EXPERT_LAYERS: 2
2025-12-12 06:01:55,359 MambaPro INFO:   MOE_EXPERT_THRESHOLD: 0.1
2025-12-12 06:01:55,359 MambaPro INFO:   MOE_FIXED_WEIGHTS:
2025-12-12 06:01:55,359 MambaPro INFO:   - 0.33
2025-12-12 06:01:55,359 MambaPro INFO:   - 0.33
2025-12-12 06:01:55,359 MambaPro INFO:   - 0.34
2025-12-12 06:01:55,359 MambaPro INFO:   MOE_GATE_DROPOUT: 0.1
2025-12-12 06:01:55,359 MambaPro INFO:   MOE_GATE_LAYERS: 2
2025-12-12 06:01:55,359 MambaPro INFO:   MOE_INIT_WEIGHTS: null
2025-12-12 06:01:55,359 MambaPro INFO:   MOE_NUM_EXPERTS: 3
2025-12-12 06:01:55,359 MambaPro INFO:   MOE_RESIDUAL_WEIGHT: 1.0
2025-12-12 06:01:55,359 MambaPro INFO:   MOE_SCALES:
2025-12-12 06:01:55,360 MambaPro INFO:   - 4
2025-12-12 06:01:55,360 MambaPro INFO:   - 8
2025-12-12 06:01:55,360 MambaPro INFO:   - 16
2025-12-12 06:01:55,360 MambaPro INFO:   MOE_SPARSITY_LOSS_WEIGHT: 0.001
2025-12-12 06:01:55,360 MambaPro INFO:   MOE_TEMPERATURE: 0.7
2025-12-12 06:01:55,360 MambaPro INFO:   MOE_TOP_K: 2
2025-12-12 06:01:55,360 MambaPro INFO:   MOE_TOP_K_MODE: soft
2025-12-12 06:01:55,360 MambaPro INFO:   MOE_USE_FIXED_WEIGHTS: false
2025-12-12 06:01:55,360 MambaPro INFO:   MOE_USE_TOP_K_ROUTING: false
2025-12-12 06:01:55,360 MambaPro INFO:   MULTI_SCALE_SCALES:
2025-12-12 06:01:55,360 MambaPro INFO:   - 4
2025-12-12 06:01:55,360 MambaPro INFO:   - 8
2025-12-12 06:01:55,360 MambaPro INFO:   - 16
2025-12-12 06:01:55,360 MambaPro INFO:   NAME: MambaPro
2025-12-12 06:01:55,360 MambaPro INFO:   NECK: bnneck
2025-12-12 06:01:55,360 MambaPro INFO:   NO_MARGIN: true
2025-12-12 06:01:55,360 MambaPro INFO:   PREFIX_NUM: 1
2025-12-12 06:01:55,360 MambaPro INFO:   PRETRAIN_PATH_T: /home/zubuntu/workspace/yzy/MambaPro/pths/ViT-B-16.pt
2025-12-12 06:01:55,360 MambaPro INFO:   PROMPT: true
2025-12-12 06:01:55,360 MambaPro INFO:   SIE_CAMERA: true
2025-12-12 06:01:55,360 MambaPro INFO:   SIE_COE: 1.0
2025-12-12 06:01:55,360 MambaPro INFO:   SIE_VIEW: false
2025-12-12 06:01:55,360 MambaPro INFO:   STRIDE_SIZE:
2025-12-12 06:01:55,360 MambaPro INFO:   - 16
2025-12-12 06:01:55,360 MambaPro INFO:   - 16
2025-12-12 06:01:55,360 MambaPro INFO:   TRANSFORMER_TYPE: ViT-B-16
2025-12-12 06:01:55,360 MambaPro INFO:   TRIPLET_LOSS_WEIGHT: 1.0
2025-12-12 06:01:55,360 MambaPro INFO:   USE_ATTENTION_FUSION: false
2025-12-12 06:01:55,360 MambaPro INFO:   USE_CLIP_MULTI_SCALE: true
2025-12-12 06:01:55,360 MambaPro INFO:   USE_GATE_FUSION: false
2025-12-12 06:01:55,360 MambaPro INFO:   USE_MULTI_SCALE: false
2025-12-12 06:01:55,360 MambaPro INFO:   USE_MULTI_SCALE_MOE: true
2025-12-12 06:01:55,360 MambaPro INFO: OUTPUT_DIR: ./outputs/replay_best_tml/run_20251212_060155
2025-12-12 06:01:55,360 MambaPro INFO: SOLVER:
2025-12-12 06:01:55,360 MambaPro INFO:   BASE_LR: 0.0005
2025-12-12 06:01:55,360 MambaPro INFO:   BIAS_LR_FACTOR: 2
2025-12-12 06:01:55,360 MambaPro INFO:   CENTER_LOSS_WEIGHT: 0.0005
2025-12-12 06:01:55,360 MambaPro INFO:   CENTER_LR: 0.5
2025-12-12 06:01:55,360 MambaPro INFO:   CHECKPOINT_PERIOD: 10
2025-12-12 06:01:55,360 MambaPro INFO:   CLUSTER_MARGIN: 0.3
2025-12-12 06:01:55,360 MambaPro INFO:   COSINE_MARGIN: 0.5
2025-12-12 06:01:55,361 MambaPro INFO:   COSINE_SCALE: 30
2025-12-12 06:01:55,361 MambaPro INFO:   EVAL_PERIOD: 5
2025-12-12 06:01:55,361 MambaPro INFO:   GAMMA: 0.1
2025-12-12 06:01:55,361 MambaPro INFO:   IMS_PER_BATCH: 32
2025-12-12 06:01:55,361 MambaPro INFO:   LARGE_FC_LR: false
2025-12-12 06:01:55,361 MambaPro INFO:   LOG_PERIOD: 10
2025-12-12 06:01:55,361 MambaPro INFO:   MARGIN: 0.3
2025-12-12 06:01:55,361 MambaPro INFO:   MAX_EPOCHS: 60
2025-12-12 06:01:55,361 MambaPro INFO:   MOE_BALANCE_LOSS_WEIGHT: 0.001
2025-12-12 06:01:55,361 MambaPro INFO:   MOE_BALANCE_LOSS_WEIGHT_END: 0.1
2025-12-12 06:01:55,361 MambaPro INFO:   MOE_BALANCE_LOSS_WEIGHT_START: 0.001
2025-12-12 06:01:55,361 MambaPro INFO:   MOE_BALANCE_THRESHOLD: 0.3
2025-12-12 06:01:55,361 MambaPro INFO:   MOE_DIVERSITY_LOSS_WEIGHT: 0.001
2025-12-12 06:01:55,361 MambaPro INFO:   MOE_DIVERSITY_LOSS_WEIGHT_END: 0.1
2025-12-12 06:01:55,361 MambaPro INFO:   MOE_DIVERSITY_LOSS_WEIGHT_START: 0.001
2025-12-12 06:01:55,361 MambaPro INFO:   MOE_GATE_LR_FACTOR: 0.01
2025-12-12 06:01:55,361 MambaPro INFO:   MOE_LOSS_WEIGHT_SCHEDULE_TYPE: cosine
2025-12-12 06:01:55,361 MambaPro INFO:   MOE_LOSS_WEIGHT_WARMUP_EPOCHS: 5
2025-12-12 06:01:55,361 MambaPro INFO:   MOE_SPARSITY_LOSS_WEIGHT: 0.0001
2025-12-12 06:01:55,361 MambaPro INFO:   MOE_USE_DYNAMIC_LOSS_WEIGHT: false
2025-12-12 06:01:55,361 MambaPro INFO:   MOMENTUM: 0.9
2025-12-12 06:01:55,361 MambaPro INFO:   OPTIMIZER_NAME: Adam
2025-12-12 06:01:55,361 MambaPro INFO:   RANGE_ALPHA: 0
2025-12-12 06:01:55,361 MambaPro INFO:   RANGE_BETA: 1
2025-12-12 06:01:55,361 MambaPro INFO:   RANGE_K: 2
2025-12-12 06:01:55,361 MambaPro INFO:   RANGE_LOSS_WEIGHT: 1
2025-12-12 06:01:55,361 MambaPro INFO:   RANGE_MARGIN: 0.3
2025-12-12 06:01:55,361 MambaPro INFO:   SEED: 42
2025-12-12 06:01:55,361 MambaPro INFO:   STEPS:
2025-12-12 06:01:55,361 MambaPro INFO:   - 30
2025-12-12 06:01:55,361 MambaPro INFO:   - 50
2025-12-12 06:01:55,361 MambaPro INFO:   WARMUP_FACTOR: 0.01
2025-12-12 06:01:55,361 MambaPro INFO:   WARMUP_ITERS: 20
2025-12-12 06:01:55,361 MambaPro INFO:   WARMUP_METHOD: linear
2025-12-12 06:01:55,361 MambaPro INFO:   WEIGHT_DECAY: 0.0005
2025-12-12 06:01:55,361 MambaPro INFO:   WEIGHT_DECAY_BIAS: 0.0005
2025-12-12 06:01:55,361 MambaPro INFO: TEST:
2025-12-12 06:01:55,361 MambaPro INFO:   FEAT: 0
2025-12-12 06:01:55,361 MambaPro INFO:   FEAT_NORM: 'yes'
2025-12-12 06:01:55,361 MambaPro INFO:   IMS_PER_BATCH: 64
2025-12-12 06:01:55,361 MambaPro INFO:   MISS: nothing
2025-12-12 06:01:55,362 MambaPro INFO:   NECK_FEAT: after
2025-12-12 06:01:55,362 MambaPro INFO:   RE_RANKING: 'no'
2025-12-12 06:01:55,362 MambaPro INFO:   WEIGHT: /home/zubuntu/workspace/yzy/MambaPro/pths/MambaProbest.pth
2025-12-12 06:01:55,362 MambaPro INFO: ================================================================================
2025-12-12 06:01:57,445 MambaPro.train INFO: start training
2025-12-12 06:02:17,748 MambaPro.train INFO: Epoch 1 done. Time per batch: 0.190[s] Speed: 168.8[samples/s]
2025-12-12 06:02:37,722 MambaPro.train INFO: Epoch 2 done. Time per batch: 0.187[s] Speed: 171.4[samples/s]
2025-12-12 06:02:57,721 MambaPro.train INFO: Epoch 3 done. Time per batch: 0.187[s] Speed: 171.2[samples/s]
2025-12-12 06:03:17,596 MambaPro.train INFO: Epoch 4 done. Time per batch: 0.186[s] Speed: 172.3[samples/s]
2025-12-12 06:03:37,454 MambaPro.train INFO: Epoch 5 done. Time per batch: 0.186[s] Speed: 172.4[samples/s]
2025-12-12 06:03:45,043 MambaPro.train INFO: Validation Results - Epoch: 5
2025-12-12 06:03:45,043 MambaPro.train INFO: Current mAP: 56.1%
2025-12-12 06:03:45,043 MambaPro.train INFO: CMC curve, Rank-1  :59.0%
2025-12-12 06:03:45,043 MambaPro.train INFO: CMC curve, Rank-5  :73.0%
2025-12-12 06:03:45,043 MambaPro.train INFO: CMC curve, Rank-10 :79.8%
2025-12-12 06:03:45,044 MambaPro.train INFO: 🎯 New Best! Saving model...
2025-12-12 06:03:45,433 MambaPro.train INFO: [Epoch 5] 指标集合列表（历史）
2025-12-12 06:03:45,433 MambaPro.train INFO: history_mAP:{56.1}
2025-12-12 06:03:45,433 MambaPro.train INFO: best_mAP:{56.1}
2025-12-12 06:03:45,433 MambaPro.train INFO: history_Rank-1:{59.0}
2025-12-12 06:03:45,434 MambaPro.train INFO: best_Rank-1:{59.0}
2025-12-12 06:03:45,434 MambaPro.train INFO: history_Rank-5:{73.0}
2025-12-12 06:03:45,434 MambaPro.train INFO: best_Rank-5:{73.0}
2025-12-12 06:03:45,434 MambaPro.train INFO: history_Rank-10:{79.8}
2025-12-12 06:03:45,434 MambaPro.train INFO: best_Rank-10:{79.8}
2025-12-12 06:03:45,434 MambaPro.train INFO: history_Experts:{[0.35 , 0.34 , 0.31]}
2025-12-12 06:03:45,434 MambaPro.train INFO: best_Experts:{[0.35 , 0.34 , 0.31]}
2025-12-12 06:03:45,434 MambaPro.train INFO: 🔥 MoE损失(Val): 平衡=0.0000, 稀疏性=0.9985, 多样性=2.6549, 总=0.0028 (权重: 平衡=0.001, 稀疏性=0.000, 多样性=0.001)
2025-12-12 06:03:45,434 MambaPro.train INFO:    📊 专家权重分布(Val): [0.35 , 0.34 , 0.31]
2025-12-12 06:04:05,553 MambaPro.train INFO: Epoch 6 done. Time per batch: 0.187[s] Speed: 171.3[samples/s]
2025-12-12 06:04:25,456 MambaPro.train INFO: Epoch 7 done. Time per batch: 0.186[s] Speed: 172.0[samples/s]
2025-12-12 06:04:45,385 MambaPro.train INFO: Epoch 8 done. Time per batch: 0.186[s] Speed: 171.8[samples/s]
2025-12-12 06:05:05,332 MambaPro.train INFO: Epoch 9 done. Time per batch: 0.186[s] Speed: 171.7[samples/s]
2025-12-12 06:05:25,258 MambaPro.train INFO: Epoch 10 done. Time per batch: 0.186[s] Speed: 171.8[samples/s]
2025-12-12 06:05:33,248 MambaPro.train INFO: Validation Results - Epoch: 10
2025-12-12 06:05:33,248 MambaPro.train INFO: Current mAP: 62.8%
2025-12-12 06:05:33,248 MambaPro.train INFO: CMC curve, Rank-1  :66.5%
2025-12-12 06:05:33,248 MambaPro.train INFO: CMC curve, Rank-5  :80.0%
2025-12-12 06:05:33,248 MambaPro.train INFO: CMC curve, Rank-10 :86.2%
2025-12-12 06:05:33,249 MambaPro.train INFO: 🎯 New Best! Saving model...
2025-12-12 06:05:33,858 MambaPro.train INFO: [Epoch 10] 指标集合列表（历史）
2025-12-12 06:05:33,858 MambaPro.train INFO: history_mAP:{56.1 , 62.8}
2025-12-12 06:05:33,858 MambaPro.train INFO: best_mAP:{62.8}
2025-12-12 06:05:33,858 MambaPro.train INFO: history_Rank-1:{59.0 , 66.5}
2025-12-12 06:05:33,858 MambaPro.train INFO: best_Rank-1:{66.5}
2025-12-12 06:05:33,858 MambaPro.train INFO: history_Rank-5:{73.0 , 80.0}
2025-12-12 06:05:33,858 MambaPro.train INFO: best_Rank-5:{80.0}
2025-12-12 06:05:33,858 MambaPro.train INFO: history_Rank-10:{79.8 , 86.2}
2025-12-12 06:05:33,858 MambaPro.train INFO: best_Rank-10:{86.2}
2025-12-12 06:05:33,858 MambaPro.train INFO: history_Experts:{[0.35 , 0.34 , 0.31] , [0.37 , 0.34 , 0.29]}
2025-12-12 06:05:33,858 MambaPro.train INFO: best_Experts:{[0.37 , 0.34 , 0.29]}
2025-12-12 06:05:33,858 MambaPro.train INFO: 🔥 MoE损失(Val): 平衡=0.0000, 稀疏性=0.9954, 多样性=2.6304, 总=0.0027 (权重: 平衡=0.001, 稀疏性=0.000, 多样性=0.001)
2025-12-12 06:05:33,858 MambaPro.train INFO:    📊 专家权重分布(Val): [0.37 , 0.34 , 0.29]
2025-12-12 06:05:53,832 MambaPro.train INFO: Epoch 11 done. Time per batch: 0.187[s] Speed: 171.0[samples/s]
2025-12-12 06:06:13,890 MambaPro.train INFO: Epoch 12 done. Time per batch: 0.187[s] Speed: 170.7[samples/s]
2025-12-12 06:06:33,839 MambaPro.train INFO: Epoch 13 done. Time per batch: 0.186[s] Speed: 171.6[samples/s]
2025-12-12 06:06:53,756 MambaPro.train INFO: Epoch 14 done. Time per batch: 0.186[s] Speed: 171.9[samples/s]
2025-12-12 06:07:13,800 MambaPro.train INFO: Epoch 15 done. Time per batch: 0.187[s] Speed: 170.8[samples/s]
2025-12-12 06:07:21,381 MambaPro.train INFO: Validation Results - Epoch: 15
2025-12-12 06:07:21,381 MambaPro.train INFO: Current mAP: 54.5%
2025-12-12 06:07:21,381 MambaPro.train INFO: CMC curve, Rank-1  :61.0%
2025-12-12 06:07:21,381 MambaPro.train INFO: CMC curve, Rank-5  :73.2%
2025-12-12 06:07:21,381 MambaPro.train INFO: CMC curve, Rank-10 :79.9%
2025-12-12 06:07:21,381 MambaPro.train INFO: [Epoch 15] 指标集合列表（历史）
2025-12-12 06:07:21,381 MambaPro.train INFO: history_mAP:{56.1 , 62.8 , 54.5}
2025-12-12 06:07:21,381 MambaPro.train INFO: best_mAP:{62.8}
2025-12-12 06:07:21,381 MambaPro.train INFO: history_Rank-1:{59.0 , 66.5 , 61.0}
2025-12-12 06:07:21,381 MambaPro.train INFO: best_Rank-1:{66.5}
2025-12-12 06:07:21,381 MambaPro.train INFO: history_Rank-5:{73.0 , 80.0 , 73.2}
2025-12-12 06:07:21,381 MambaPro.train INFO: best_Rank-5:{80.0}
2025-12-12 06:07:21,381 MambaPro.train INFO: history_Rank-10:{79.8 , 86.2 , 79.9}
2025-12-12 06:07:21,382 MambaPro.train INFO: best_Rank-10:{86.2}
2025-12-12 06:07:21,382 MambaPro.train INFO: history_Experts:{[0.35 , 0.34 , 0.31] , [0.37 , 0.34 , 0.29] , [0.41 , 0.34 , 0.25]}
2025-12-12 06:07:21,382 MambaPro.train INFO: best_Experts:{[0.37 , 0.34 , 0.29]}
2025-12-12 06:07:21,382 MambaPro.train INFO: 🔥 MoE损失(Val): 平衡=0.0000, 稀疏性=0.9823, 多样性=2.5297, 总=0.0026 (权重: 平衡=0.001, 稀疏性=0.000, 多样性=0.001)
2025-12-12 06:07:21,382 MambaPro.train INFO:    📊 专家权重分布(Val): [0.41 , 0.34 , 0.25]
2025-12-12 06:07:41,548 MambaPro.train INFO: Epoch 16 done. Time per batch: 0.187[s] Speed: 170.9[samples/s]
2025-12-12 06:08:01,540 MambaPro.train INFO: Epoch 17 done. Time per batch: 0.187[s] Speed: 171.3[samples/s]
2025-12-12 06:08:21,409 MambaPro.train INFO: Epoch 18 done. Time per batch: 0.187[s] Speed: 170.7[samples/s]
2025-12-12 06:08:41,368 MambaPro.train INFO: Epoch 19 done. Time per batch: 0.187[s] Speed: 171.5[samples/s]
2025-12-12 06:09:01,323 MambaPro.train INFO: Epoch 20 done. Time per batch: 0.186[s] Speed: 171.6[samples/s]
2025-12-12 06:09:09,256 MambaPro.train INFO: Validation Results - Epoch: 20
2025-12-12 06:09:09,256 MambaPro.train INFO: Current mAP: 54.4%
2025-12-12 06:09:09,256 MambaPro.train INFO: CMC curve, Rank-1  :59.2%
2025-12-12 06:09:09,256 MambaPro.train INFO: CMC curve, Rank-5  :74.8%
2025-12-12 06:09:09,256 MambaPro.train INFO: CMC curve, Rank-10 :81.9%
2025-12-12 06:09:09,256 MambaPro.train INFO: [Epoch 20] 指标集合列表（历史）
2025-12-12 06:09:09,256 MambaPro.train INFO: history_mAP:{56.1 , 62.8 , 54.5 , 54.4}
2025-12-12 06:09:09,256 MambaPro.train INFO: best_mAP:{62.8}
2025-12-12 06:09:09,256 MambaPro.train INFO: history_Rank-1:{59.0 , 66.5 , 61.0 , 59.2}
2025-12-12 06:09:09,256 MambaPro.train INFO: best_Rank-1:{66.5}
2025-12-12 06:09:09,256 MambaPro.train INFO: history_Rank-5:{73.0 , 80.0 , 73.2 , 74.8}
2025-12-12 06:09:09,256 MambaPro.train INFO: best_Rank-5:{80.0}
2025-12-12 06:09:09,257 MambaPro.train INFO: history_Rank-10:{79.8 , 86.2 , 79.9 , 81.9}
2025-12-12 06:09:09,257 MambaPro.train INFO: best_Rank-10:{86.2}
2025-12-12 06:09:09,257 MambaPro.train INFO: history_Experts:{[0.35 , 0.34 , 0.31] , [0.37 , 0.34 , 0.29] , [0.41 , 0.34 , 0.25] , [0.58 , 0.25 , 0.17]}
2025-12-12 06:09:09,257 MambaPro.train INFO: best_Experts:{[0.37 , 0.34 , 0.29]}
2025-12-12 06:09:09,257 MambaPro.train INFO: 🔥 MoE损失(Val): 平衡=0.0782, 稀疏性=0.8570, 多样性=1.7772, 总=0.0019 (权重: 平衡=0.001, 稀疏性=0.000, 多样性=0.001)
2025-12-12 06:09:09,257 MambaPro.train INFO:    📊 专家权重分布(Val): [0.58 , 0.25 , 0.17]
2025-12-12 06:09:29,211 MambaPro.train INFO: Epoch 21 done. Time per batch: 0.187[s] Speed: 171.1[samples/s]
2025-12-12 06:09:49,249 MambaPro.train INFO: Epoch 22 done. Time per batch: 0.187[s] Speed: 170.9[samples/s]
2025-12-12 06:10:09,167 MambaPro.train INFO: Epoch 23 done. Time per batch: 0.186[s] Speed: 171.9[samples/s]
2025-12-12 06:10:29,085 MambaPro.train INFO: Epoch 24 done. Time per batch: 0.186[s] Speed: 171.9[samples/s]
2025-12-12 06:10:48,862 MambaPro.train INFO: Epoch 25 done. Time per batch: 0.187[s] Speed: 171.5[samples/s]
2025-12-12 06:10:56,388 MambaPro.train INFO: Validation Results - Epoch: 25
2025-12-12 06:10:56,388 MambaPro.train INFO: Current mAP: 66.6%
2025-12-12 06:10:56,388 MambaPro.train INFO: CMC curve, Rank-1  :69.5%
2025-12-12 06:10:56,388 MambaPro.train INFO: CMC curve, Rank-5  :79.3%
2025-12-12 06:10:56,388 MambaPro.train INFO: CMC curve, Rank-10 :85.0%
2025-12-12 06:10:56,389 MambaPro.train INFO: 🎯 New Best! Saving model...
2025-12-12 06:10:57,009 MambaPro.train INFO: [Epoch 25] 指标集合列表（历史）
2025-12-12 06:10:57,010 MambaPro.train INFO: history_mAP:{56.1 , 62.8 , 54.5 , 54.4 , 66.6}
2025-12-12 06:10:57,010 MambaPro.train INFO: best_mAP:{66.6}
2025-12-12 06:10:57,010 MambaPro.train INFO: history_Rank-1:{59.0 , 66.5 , 61.0 , 59.2 , 69.5}
2025-12-12 06:10:57,010 MambaPro.train INFO: best_Rank-1:{69.5}
2025-12-12 06:10:57,010 MambaPro.train INFO: history_Rank-5:{73.0 , 80.0 , 73.2 , 74.8 , 79.3}
2025-12-12 06:10:57,010 MambaPro.train INFO: best_Rank-5:{80.0}
2025-12-12 06:10:57,010 MambaPro.train INFO: history_Rank-10:{79.8 , 86.2 , 79.9 , 81.9 , 85.0}
2025-12-12 06:10:57,010 MambaPro.train INFO: best_Rank-10:{86.2}
2025-12-12 06:10:57,010 MambaPro.train INFO: history_Experts:{[0.35 , 0.34 , 0.31] , [0.37 , 0.34 , 0.29] , [0.41 , 0.34 , 0.25] , [0.58 , 0.25 , 0.17] , [0.79 , 0.12 , 0.09]}
2025-12-12 06:10:57,010 MambaPro.train INFO: best_Experts:{[0.79 , 0.12 , 0.09]}
2025-12-12 06:10:57,010 MambaPro.train INFO: 🔥 MoE损失(Val): 平衡=0.4772, 稀疏性=0.5334, 多样性=0.7359, 总=0.0013 (权重: 平衡=0.001, 稀疏性=0.000, 多样性=0.001)
2025-12-12 06:10:57,010 MambaPro.train INFO:    📊 专家权重分布(Val): [0.79 , 0.12 , 0.09]
2025-12-12 06:11:17,148 MambaPro.train INFO: Epoch 26 done. Time per batch: 0.187[s] Speed: 171.2[samples/s]
2025-12-12 06:11:37,135 MambaPro.train INFO: Epoch 27 done. Time per batch: 0.187[s] Speed: 171.3[samples/s]
2025-12-12 06:11:57,139 MambaPro.train INFO: Epoch 28 done. Time per batch: 0.187[s] Speed: 171.2[samples/s]
2025-12-12 06:12:17,435 MambaPro.train INFO: Epoch 29 done. Time per batch: 0.190[s] Speed: 168.7[samples/s]
2025-12-12 06:12:37,467 MambaPro.train INFO: Epoch 30 done. Time per batch: 0.187[s] Speed: 170.9[samples/s]
2025-12-12 06:12:45,350 MambaPro.train INFO: Validation Results - Epoch: 30
2025-12-12 06:12:45,350 MambaPro.train INFO: Current mAP: 72.2%
2025-12-12 06:12:45,350 MambaPro.train INFO: CMC curve, Rank-1  :75.4%
2025-12-12 06:12:45,350 MambaPro.train INFO: CMC curve, Rank-5  :83.5%
2025-12-12 06:12:45,350 MambaPro.train INFO: CMC curve, Rank-10 :88.9%
2025-12-12 06:12:45,351 MambaPro.train INFO: 🎯 New Best! Saving model...
2025-12-12 06:12:45,969 MambaPro.train INFO: [Epoch 30] 指标集合列表（历史）
2025-12-12 06:12:45,970 MambaPro.train INFO: history_mAP:{56.1 , 62.8 , 54.5 , 54.4 , 66.6 , 72.2}
2025-12-12 06:12:45,970 MambaPro.train INFO: best_mAP:{72.2}
2025-12-12 06:12:45,970 MambaPro.train INFO: history_Rank-1:{59.0 , 66.5 , 61.0 , 59.2 , 69.5 , 75.4}
2025-12-12 06:12:45,970 MambaPro.train INFO: best_Rank-1:{75.4}
2025-12-12 06:12:45,970 MambaPro.train INFO: history_Rank-5:{73.0 , 80.0 , 73.2 , 74.8 , 79.3 , 83.5}
2025-12-12 06:12:45,970 MambaPro.train INFO: best_Rank-5:{83.5}
2025-12-12 06:12:45,970 MambaPro.train INFO: history_Rank-10:{79.8 , 86.2 , 79.9 , 81.9 , 85.0 , 88.9}
2025-12-12 06:12:45,970 MambaPro.train INFO: best_Rank-10:{88.9}
2025-12-12 06:12:45,970 MambaPro.train INFO: history_Experts:{[0.35 , 0.34 , 0.31] , [0.37 , 0.34 , 0.29] , [0.41 , 0.34 , 0.25] , [0.58 , 0.25 , 0.17] , [0.79 , 0.12 , 0.09] , [0.86 , 0.08 , 0.06]}
2025-12-12 06:12:45,970 MambaPro.train INFO: best_Experts:{[0.86 , 0.08 , 0.06]}
2025-12-12 06:12:45,970 MambaPro.train INFO: 🔥 MoE损失(Val): 平衡=0.7072, 稀疏性=0.3753, 多样性=0.4449, 总=0.0012 (权重: 平衡=0.001, 稀疏性=0.000, 多样性=0.001)
2025-12-12 06:12:45,970 MambaPro.train INFO:    📊 专家权重分布(Val): [0.86 , 0.08 , 0.06]
2025-12-12 06:13:06,078 MambaPro.train INFO: Epoch 31 done. Time per batch: 0.187[s] Speed: 171.5[samples/s]
2025-12-12 06:13:25,939 MambaPro.train INFO: Epoch 32 done. Time per batch: 0.187[s] Speed: 170.8[samples/s]
2025-12-12 06:13:45,904 MambaPro.train INFO: Epoch 33 done. Time per batch: 0.187[s] Speed: 171.5[samples/s]
2025-12-12 06:14:05,734 MambaPro.train INFO: Epoch 34 done. Time per batch: 0.187[s] Speed: 171.1[samples/s]
2025-12-12 06:14:25,805 MambaPro.train INFO: Epoch 35 done. Time per batch: 0.188[s] Speed: 170.6[samples/s]
2025-12-12 06:14:33,361 MambaPro.train INFO: Validation Results - Epoch: 35
2025-12-12 06:14:33,361 MambaPro.train INFO: Current mAP: 72.1%
2025-12-12 06:14:33,361 MambaPro.train INFO: CMC curve, Rank-1  :75.0%
2025-12-12 06:14:33,361 MambaPro.train INFO: CMC curve, Rank-5  :82.3%
2025-12-12 06:14:33,361 MambaPro.train INFO: CMC curve, Rank-10 :87.3%
2025-12-12 06:14:33,362 MambaPro.train INFO: [Epoch 35] 指标集合列表（历史）
2025-12-12 06:14:33,362 MambaPro.train INFO: history_mAP:{56.1 , 62.8 , 54.5 , 54.4 , 66.6 , 72.2 , 72.1}
2025-12-12 06:14:33,362 MambaPro.train INFO: best_mAP:{72.2}
2025-12-12 06:14:33,362 MambaPro.train INFO: history_Rank-1:{59.0 , 66.5 , 61.0 , 59.2 , 69.5 , 75.4 , 75.0}
2025-12-12 06:14:33,362 MambaPro.train INFO: best_Rank-1:{75.4}
2025-12-12 06:14:33,362 MambaPro.train INFO: history_Rank-5:{73.0 , 80.0 , 73.2 , 74.8 , 79.3 , 83.5 , 82.3}
2025-12-12 06:14:33,362 MambaPro.train INFO: best_Rank-5:{83.5}
2025-12-12 06:14:33,362 MambaPro.train INFO: history_Rank-10:{79.8 , 86.2 , 79.9 , 81.9 , 85.0 , 88.9 , 87.3}
2025-12-12 06:14:33,362 MambaPro.train INFO: best_Rank-10:{88.9}
2025-12-12 06:14:33,362 MambaPro.train INFO: history_Experts:{[0.35 , 0.34 , 0.31] , [0.37 , 0.34 , 0.29] , [0.41 , 0.34 , 0.25] , [0.58 , 0.25 , 0.17] , [0.79 , 0.12 , 0.09] , [0.86 , 0.08 , 0.06] , [0.90 , 0.06 , 0.05]}
2025-12-12 06:14:33,362 MambaPro.train INFO: best_Experts:{[0.86 , 0.08 , 0.06]}
2025-12-12 06:14:33,362 MambaPro.train INFO: 🔥 MoE损失(Val): 平衡=0.8409, 稀疏性=0.2868, 多样性=0.3152, 总=0.0012 (权重: 平衡=0.001, 稀疏性=0.000, 多样性=0.001)
2025-12-12 06:14:33,362 MambaPro.train INFO:    📊 专家权重分布(Val): [0.90 , 0.06 , 0.05]
2025-12-12 06:14:53,496 MambaPro.train INFO: Epoch 36 done. Time per batch: 0.187[s] Speed: 171.2[samples/s]
2025-12-12 06:15:13,531 MambaPro.train INFO: Epoch 37 done. Time per batch: 0.187[s] Speed: 170.9[samples/s]
2025-12-12 06:15:33,366 MambaPro.train INFO: Epoch 38 done. Time per batch: 0.187[s] Speed: 171.0[samples/s]
2025-12-12 06:15:53,379 MambaPro.train INFO: Epoch 39 done. Time per batch: 0.187[s] Speed: 171.1[samples/s]
2025-12-12 06:16:13,202 MambaPro.train INFO: Epoch 40 done. Time per batch: 0.187[s] Speed: 171.1[samples/s]
2025-12-12 06:16:21,155 MambaPro.train INFO: Validation Results - Epoch: 40
2025-12-12 06:16:21,155 MambaPro.train INFO: Current mAP: 73.9%
2025-12-12 06:16:21,155 MambaPro.train INFO: CMC curve, Rank-1  :77.8%
2025-12-12 06:16:21,155 MambaPro.train INFO: CMC curve, Rank-5  :83.9%
2025-12-12 06:16:21,155 MambaPro.train INFO: CMC curve, Rank-10 :87.4%
2025-12-12 06:16:21,156 MambaPro.train INFO: 🎯 New Best! Saving model...
2025-12-12 06:16:21,750 MambaPro.train INFO: [Epoch 40] 指标集合列表（历史）
2025-12-12 06:16:21,750 MambaPro.train INFO: history_mAP:{56.1 , 62.8 , 54.5 , 54.4 , 66.6 , 72.2 , 72.1 , 73.9}
2025-12-12 06:16:21,750 MambaPro.train INFO: best_mAP:{73.9}
2025-12-12 06:16:21,750 MambaPro.train INFO: history_Rank-1:{59.0 , 66.5 , 61.0 , 59.2 , 69.5 , 75.4 , 75.0 , 77.8}
2025-12-12 06:16:21,750 MambaPro.train INFO: best_Rank-1:{77.8}
2025-12-12 06:16:21,750 MambaPro.train INFO: history_Rank-5:{73.0 , 80.0 , 73.2 , 74.8 , 79.3 , 83.5 , 82.3 , 83.9}
2025-12-12 06:16:21,750 MambaPro.train INFO: best_Rank-5:{83.9}
2025-12-12 06:16:21,750 MambaPro.train INFO: history_Rank-10:{79.8 , 86.2 , 79.9 , 81.9 , 85.0 , 88.9 , 87.3 , 87.4}
2025-12-12 06:16:21,750 MambaPro.train INFO: best_Rank-10:{88.9}
2025-12-12 06:16:21,750 MambaPro.train INFO: history_Experts:{[0.35 , 0.34 , 0.31] , [0.37 , 0.34 , 0.29] , [0.41 , 0.34 , 0.25] , [0.58 , 0.25 , 0.17] , [0.79 , 0.12 , 0.09] , [0.86 , 0.08 , 0.06] , [0.90 , 0.06 , 0.05] , [0.92 , 0.05 , 0.04]}
2025-12-12 06:16:21,750 MambaPro.train INFO: best_Experts:{[0.92 , 0.05 , 0.04]}
2025-12-12 06:16:21,750 MambaPro.train INFO: 🔥 MoE损失(Val): 平衡=0.9171, 稀疏性=0.2371, 多样性=0.2503, 总=0.0012 (权重: 平衡=0.001, 稀疏性=0.000, 多样性=0.001)
2025-12-12 06:16:21,750 MambaPro.train INFO:    📊 专家权重分布(Val): [0.92 , 0.05 , 0.04]
2025-12-12 06:16:42,001 MambaPro.train INFO: Epoch 41 done. Time per batch: 0.188[s] Speed: 170.2[samples/s]
2025-12-12 06:17:02,050 MambaPro.train INFO: Epoch 42 done. Time per batch: 0.187[s] Speed: 170.8[samples/s]
2025-12-12 06:17:22,133 MambaPro.train INFO: Epoch 43 done. Time per batch: 0.188[s] Speed: 170.5[samples/s]
2025-12-12 06:17:42,175 MambaPro.train INFO: Epoch 44 done. Time per batch: 0.187[s] Speed: 170.8[samples/s]
2025-12-12 06:18:02,237 MambaPro.train INFO: Epoch 45 done. Time per batch: 0.187[s] Speed: 170.7[samples/s]
2025-12-12 06:18:09,803 MambaPro.train INFO: Validation Results - Epoch: 45
2025-12-12 06:18:09,804 MambaPro.train INFO: Current mAP: 72.5%
2025-12-12 06:18:09,804 MambaPro.train INFO: CMC curve, Rank-1  :75.7%
2025-12-12 06:18:09,804 MambaPro.train INFO: CMC curve, Rank-5  :82.8%
2025-12-12 06:18:09,804 MambaPro.train INFO: CMC curve, Rank-10 :85.9%
2025-12-12 06:18:09,804 MambaPro.train INFO: [Epoch 45] 指标集合列表（历史）
2025-12-12 06:18:09,804 MambaPro.train INFO: history_mAP:{56.1 , 62.8 , 54.5 , 54.4 , 66.6 , 72.2 , 72.1 , 73.9 , 72.5}
2025-12-12 06:18:09,804 MambaPro.train INFO: best_mAP:{73.9}
2025-12-12 06:18:09,804 MambaPro.train INFO: history_Rank-1:{59.0 , 66.5 , 61.0 , 59.2 , 69.5 , 75.4 , 75.0 , 77.8 , 75.7}
2025-12-12 06:18:09,804 MambaPro.train INFO: best_Rank-1:{77.8}
2025-12-12 06:18:09,804 MambaPro.train INFO: history_Rank-5:{73.0 , 80.0 , 73.2 , 74.8 , 79.3 , 83.5 , 82.3 , 83.9 , 82.8}
2025-12-12 06:18:09,804 MambaPro.train INFO: best_Rank-5:{83.9}
2025-12-12 06:18:09,804 MambaPro.train INFO: history_Rank-10:{79.8 , 86.2 , 79.9 , 81.9 , 85.0 , 88.9 , 87.3 , 87.4 , 85.9}
2025-12-12 06:18:09,804 MambaPro.train INFO: best_Rank-10:{88.9}
2025-12-12 06:18:09,804 MambaPro.train INFO: history_Experts:{[0.35 , 0.34 , 0.31] , [0.37 , 0.34 , 0.29] , [0.41 , 0.34 , 0.25] , [0.58 , 0.25 , 0.17] , [0.79 , 0.12 , 0.09] , [0.86 , 0.08 , 0.06] , [0.90 , 0.06 , 0.05] , [0.92 , 0.05 , 0.04] , [0.93 , 0.04 , 0.03]}
2025-12-12 06:18:09,804 MambaPro.train INFO: best_Experts:{[0.92 , 0.05 , 0.04]}
2025-12-12 06:18:09,804 MambaPro.train INFO: 🔥 MoE损失(Val): 平衡=0.9666, 稀疏性=0.2050, 多样性=0.2111, 总=0.0012 (权重: 平衡=0.001, 稀疏性=0.000, 多样性=0.001)
2025-12-12 06:18:09,804 MambaPro.train INFO:    📊 专家权重分布(Val): [0.93 , 0.04 , 0.03]
2025-12-12 06:18:29,960 MambaPro.train INFO: Epoch 46 done. Time per batch: 0.187[s] Speed: 171.0[samples/s]
2025-12-12 06:18:49,938 MambaPro.train INFO: Epoch 47 done. Time per batch: 0.187[s] Speed: 171.4[samples/s]
2025-12-12 06:19:09,812 MambaPro.train INFO: Epoch 48 done. Time per batch: 0.187[s] Speed: 170.7[samples/s]
2025-12-12 06:19:29,816 MambaPro.train INFO: Epoch 49 done. Time per batch: 0.187[s] Speed: 171.2[samples/s]
2025-12-12 06:19:49,997 MambaPro.train INFO: Epoch 50 done. Time per batch: 0.189[s] Speed: 169.7[samples/s]
2025-12-12 06:19:57,945 MambaPro.train INFO: Validation Results - Epoch: 50
2025-12-12 06:19:57,945 MambaPro.train INFO: Current mAP: 72.4%
2025-12-12 06:19:57,945 MambaPro.train INFO: CMC curve, Rank-1  :74.3%
2025-12-12 06:19:57,945 MambaPro.train INFO: CMC curve, Rank-5  :82.1%
2025-12-12 06:19:57,945 MambaPro.train INFO: CMC curve, Rank-10 :85.5%
2025-12-12 06:19:57,946 MambaPro.train INFO: [Epoch 50] 指标集合列表（历史）
2025-12-12 06:19:57,946 MambaPro.train INFO: history_mAP:{56.1 , 62.8 , 54.5 , 54.4 , 66.6 , 72.2 , 72.1 , 73.9 , 72.5 , 72.4}
2025-12-12 06:19:57,946 MambaPro.train INFO: best_mAP:{73.9}
2025-12-12 06:19:57,946 MambaPro.train INFO: history_Rank-1:{59.0 , 66.5 , 61.0 , 59.2 , 69.5 , 75.4 , 75.0 , 77.8 , 75.7 , 74.3}
2025-12-12 06:19:57,946 MambaPro.train INFO: best_Rank-1:{77.8}
2025-12-12 06:19:57,946 MambaPro.train INFO: history_Rank-5:{73.0 , 80.0 , 73.2 , 74.8 , 79.3 , 83.5 , 82.3 , 83.9 , 82.8 , 82.1}
2025-12-12 06:19:57,946 MambaPro.train INFO: best_Rank-5:{83.9}
2025-12-12 06:19:57,946 MambaPro.train INFO: history_Rank-10:{79.8 , 86.2 , 79.9 , 81.9 , 85.0 , 88.9 , 87.3 , 87.4 , 85.9 , 85.5}
2025-12-12 06:19:57,946 MambaPro.train INFO: best_Rank-10:{88.9}
2025-12-12 06:19:57,946 MambaPro.train INFO: history_Experts:{[0.35 , 0.34 , 0.31] , [0.37 , 0.34 , 0.29] , [0.41 , 0.34 , 0.25] , [0.58 , 0.25 , 0.17] , [0.79 , 0.12 , 0.09] , [0.86 , 0.08 , 0.06] , [0.90 , 0.06 , 0.05] , [0.92 , 0.05 , 0.04] , [0.93 , 0.04 , 0.03] , [0.94 , 0.04 , 0.03]}
2025-12-12 06:19:57,946 MambaPro.train INFO: best_Experts:{[0.92 , 0.05 , 0.04]}
2025-12-12 06:19:57,946 MambaPro.train INFO: 🔥 MoE损失(Val): 平衡=0.9994, 稀疏性=0.1840, 多样性=0.1864, 总=0.0012 (权重: 平衡=0.001, 稀疏性=0.000, 多样性=0.001)
2025-12-12 06:19:57,946 MambaPro.train INFO:    📊 专家权重分布(Val): [0.94 , 0.04 , 0.03]
2025-12-12 06:20:18,037 MambaPro.train INFO: Epoch 51 done. Time per batch: 0.188[s] Speed: 170.0[samples/s]
2025-12-12 06:20:37,894 MambaPro.train INFO: Epoch 52 done. Time per batch: 0.187[s] Speed: 170.8[samples/s]
2025-12-12 06:20:57,933 MambaPro.train INFO: Epoch 53 done. Time per batch: 0.187[s] Speed: 170.9[samples/s]
2025-12-12 06:21:18,248 MambaPro.train INFO: Epoch 54 done. Time per batch: 0.190[s] Speed: 168.5[samples/s]
2025-12-12 06:21:38,289 MambaPro.train INFO: Epoch 55 done. Time per batch: 0.187[s] Speed: 170.9[samples/s]
2025-12-12 06:21:45,894 MambaPro.train INFO: Validation Results - Epoch: 55
2025-12-12 06:21:45,894 MambaPro.train INFO: Current mAP: 73.8%
2025-12-12 06:21:45,894 MambaPro.train INFO: CMC curve, Rank-1  :77.2%
2025-12-12 06:21:45,894 MambaPro.train INFO: CMC curve, Rank-5  :83.7%
2025-12-12 06:21:45,894 MambaPro.train INFO: CMC curve, Rank-10 :87.7%
2025-12-12 06:21:45,895 MambaPro.train INFO: [Epoch 55] 指标集合列表（历史）
2025-12-12 06:21:45,895 MambaPro.train INFO: history_mAP:{56.1 , 62.8 , 54.5 , 54.4 , 66.6 , 72.2 , 72.1 , 73.9 , 72.5 , 72.4 , 73.8}
2025-12-12 06:21:45,895 MambaPro.train INFO: best_mAP:{73.9}
2025-12-12 06:21:45,895 MambaPro.train INFO: history_Rank-1:{59.0 , 66.5 , 61.0 , 59.2 , 69.5 , 75.4 , 75.0 , 77.8 , 75.7 , 74.3 , 77.2}
2025-12-12 06:21:45,895 MambaPro.train INFO: best_Rank-1:{77.8}
2025-12-12 06:21:45,895 MambaPro.train INFO: history_Rank-5:{73.0 , 80.0 , 73.2 , 74.8 , 79.3 , 83.5 , 82.3 , 83.9 , 82.8 , 82.1 , 83.7}
2025-12-12 06:21:45,895 MambaPro.train INFO: best_Rank-5:{83.9}
2025-12-12 06:21:45,895 MambaPro.train INFO: history_Rank-10:{79.8 , 86.2 , 79.9 , 81.9 , 85.0 , 88.9 , 87.3 , 87.4 , 85.9 , 85.5 , 87.7}
2025-12-12 06:21:45,895 MambaPro.train INFO: best_Rank-10:{88.9}
2025-12-12 06:21:45,895 MambaPro.train INFO: history_Experts:{[0.35 , 0.34 , 0.31] , [0.37 , 0.34 , 0.29] , [0.41 , 0.34 , 0.25] , [0.58 , 0.25 , 0.17] , [0.79 , 0.12 , 0.09] , [0.86 , 0.08 , 0.06] , [0.90 , 0.06 , 0.05] , [0.92 , 0.05 , 0.04] , [0.93 , 0.04 , 0.03] , [0.94 , 0.04 , 0.03] , [0.94 , 0.03 , 0.03]}
2025-12-12 06:21:45,895 MambaPro.train INFO: best_Experts:{[0.92 , 0.05 , 0.04]}
2025-12-12 06:21:45,895 MambaPro.train INFO: 🔥 MoE损失(Val): 平衡=1.0259, 稀疏性=0.1670, 多样性=0.1670, 总=0.0012 (权重: 平衡=0.001, 稀疏性=0.000, 多样性=0.001)
2025-12-12 06:21:45,895 MambaPro.train INFO:    📊 专家权重分布(Val): [0.94 , 0.03 , 0.03]
2025-12-12 06:22:05,917 MambaPro.train INFO: Epoch 56 done. Time per batch: 0.188[s] Speed: 170.6[samples/s]
2025-12-12 06:22:25,961 MambaPro.train INFO: Epoch 57 done. Time per batch: 0.187[s] Speed: 170.8[samples/s]
2025-12-12 06:22:46,096 MambaPro.train INFO: Epoch 58 done. Time per batch: 0.188[s] Speed: 170.1[samples/s]
2025-12-12 06:23:06,270 MambaPro.train INFO: Epoch 59 done. Time per batch: 0.190[s] Speed: 168.1[samples/s]
2025-12-12 06:23:26,399 MambaPro.train INFO: Epoch 60 done. Time per batch: 0.188[s] Speed: 170.1[samples/s]
2025-12-12 06:23:34,343 MambaPro.train INFO: Validation Results - Epoch: 60
2025-12-12 06:23:34,343 MambaPro.train INFO: Current mAP: 73.9%
2025-12-12 06:23:34,343 MambaPro.train INFO: CMC curve, Rank-1  :77.3%
2025-12-12 06:23:34,343 MambaPro.train INFO: CMC curve, Rank-5  :83.9%
2025-12-12 06:23:34,343 MambaPro.train INFO: CMC curve, Rank-10 :87.9%
2025-12-12 06:23:34,343 MambaPro.train INFO: [Epoch 60] 指标集合列表（历史）
2025-12-12 06:23:34,344 MambaPro.train INFO: history_mAP:{56.1 , 62.8 , 54.5 , 54.4 , 66.6 , 72.2 , 72.1 , 73.9 , 72.5 , 72.4 , 73.8 , 73.9}
2025-12-12 06:23:34,344 MambaPro.train INFO: best_mAP:{73.9}
2025-12-12 06:23:34,344 MambaPro.train INFO: history_Rank-1:{59.0 , 66.5 , 61.0 , 59.2 , 69.5 , 75.4 , 75.0 , 77.8 , 75.7 , 74.3 , 77.2 , 77.3}
2025-12-12 06:23:34,344 MambaPro.train INFO: best_Rank-1:{77.8}
2025-12-12 06:23:34,344 MambaPro.train INFO: history_Rank-5:{73.0 , 80.0 , 73.2 , 74.8 , 79.3 , 83.5 , 82.3 , 83.9 , 82.8 , 82.1 , 83.7}
2025-12-12 06:23:34,344 MambaPro.train INFO: best_Rank-5:{83.9}
2025-12-12 06:23:34,344 MambaPro.train INFO: history_Rank-10:{79.8 , 86.2 , 79.9 , 81.9 , 85.0 , 88.9 , 87.3 , 87.4 , 85.9 , 85.5 , 87.7 , 87.9}
2025-12-12 06:23:34,344 MambaPro.train INFO: best_Rank-10:{88.9}
2025-12-12 06:23:34,344 MambaPro.train INFO: history_Experts:{[0.35 , 0.34 , 0.31] , [0.37 , 0.34 , 0.29] , [0.41 , 0.34 , 0.25] , [0.58 , 0.25 , 0.17] , [0.79 , 0.12 , 0.09] , [0.86 , 0.08 , 0.06] , [0.90 , 0.06 , 0.05] , [0.92 , 0.05 , 0.04] , [0.93 , 0.04 , 0.03] , [0.94 , 0.04 , 0.03] , [0.94 , 0.03 , 0.03] , [0.95 , 0.03 , 0.02]}
2025-12-12 06:23:34,344 MambaPro.train INFO: best_Experts:{[0.92 , 0.05 , 0.04]}
2025-12-12 06:23:34,344 MambaPro.train INFO: 🔥 MoE损失(Val): 平衡=1.0458, 稀疏性=0.1542, 多样性=0.1528, 总=0.0012 (权重: 平衡=0.001, 稀疏性=0.000, 多样性=0.001)
2025-12-12 06:23:34,344 MambaPro.train INFO:    📊 专家权重分布(Val): [0.95 , 0.03 , 0.02]
2025-12-12 06:23:34,480 MambaPro.train INFO: ============================================================
