2025-12-12 00:11:47,000 MambaPro INFO: ================================================================================
2025-12-12 00:11:47,000 MambaPro INFO: 🧾 实验参数快照（命令行 + 最终配置）
2025-12-12 00:11:47,000 MambaPro INFO: ================================================================================
2025-12-12 00:11:47,000 MambaPro INFO: 【复现实验命令】
2025-12-12 00:11:47,000 MambaPro INFO: /home/zubuntu/miniconda/envs/MambaPro/bin/python train_net.py --config_file mybest_model/experiment_20251013_110028/configs/experiment_config.yml OUTPUT_DIR ./outputs/replay_best_tml
2025-12-12 00:11:47,000 MambaPro INFO: 【命令行参数（args）】
2025-12-12 00:11:47,000 MambaPro INFO: {
2025-12-12 00:11:47,000 MambaPro INFO:   "config_file": "mybest_model/experiment_20251013_110028/configs/experiment_config.yml",
2025-12-12 00:11:47,000 MambaPro INFO:   "fea_cft": 0,
2025-12-12 00:11:47,000 MambaPro INFO:   "opts": [
2025-12-12 00:11:47,000 MambaPro INFO:     "OUTPUT_DIR",
2025-12-12 00:11:47,000 MambaPro INFO:     "./outputs/replay_best_tml"
2025-12-12 00:11:47,000 MambaPro INFO:   ],
2025-12-12 00:11:47,000 MambaPro INFO:   "local_rank": 0,
2025-12-12 00:11:47,000 MambaPro INFO:   "use_multi_scale": false,
2025-12-12 00:11:47,000 MambaPro INFO:   "no_multi_scale": false,
2025-12-12 00:11:47,000 MambaPro INFO:   "use_moe": false,
2025-12-12 00:11:47,000 MambaPro INFO:   "disable_moe": false,
2025-12-12 00:11:47,000 MambaPro INFO:   "no_moe": false,
2025-12-12 00:11:47,000 MambaPro INFO:   "use_attention": false,
2025-12-12 00:11:47,000 MambaPro INFO:   "disable_attention": false,
2025-12-12 00:11:47,000 MambaPro INFO:   "attention_heads": 8,
2025-12-12 00:11:47,000 MambaPro INFO:   "attention_dropout": 0.1
2025-12-12 00:11:47,000 MambaPro INFO: }
2025-12-12 00:11:47,000 MambaPro INFO: 【工作目录】/home/zubuntu/workspace/yzy/MambaPro
2025-12-12 00:11:47,000 MambaPro INFO: 【最终配置（YAML）】
2025-12-12 00:11:47,005 MambaPro INFO: DATALOADER:
2025-12-12 00:11:47,005 MambaPro INFO:   NUM_INSTANCE: 8
2025-12-12 00:11:47,005 MambaPro INFO:   NUM_WORKERS: 8
2025-12-12 00:11:47,005 MambaPro INFO:   SAMPLER: softmax_triplet
2025-12-12 00:11:47,005 MambaPro INFO: DATASETS:
2025-12-12 00:11:47,005 MambaPro INFO:   NAMES: RGBNT201
2025-12-12 00:11:47,005 MambaPro INFO:   ROOT_DIR: /home/zubuntu/workspace/yzy/MambaPro/data/
2025-12-12 00:11:47,006 MambaPro INFO: INPUT:
2025-12-12 00:11:47,006 MambaPro INFO:   PADDING: 10
2025-12-12 00:11:47,006 MambaPro INFO:   PIXEL_MEAN:
2025-12-12 00:11:47,006 MambaPro INFO:   - 0.5
2025-12-12 00:11:47,006 MambaPro INFO:   - 0.5
2025-12-12 00:11:47,006 MambaPro INFO:   - 0.5
2025-12-12 00:11:47,006 MambaPro INFO:   PIXEL_STD:
2025-12-12 00:11:47,006 MambaPro INFO:   - 0.5
2025-12-12 00:11:47,006 MambaPro INFO:   - 0.5
2025-12-12 00:11:47,006 MambaPro INFO:   - 0.5
2025-12-12 00:11:47,006 MambaPro INFO:   PROB: 0.5
2025-12-12 00:11:47,006 MambaPro INFO:   RE_PROB: 0.5
2025-12-12 00:11:47,006 MambaPro INFO:   SIZE_TEST:
2025-12-12 00:11:47,006 MambaPro INFO:   - 256
2025-12-12 00:11:47,006 MambaPro INFO:   - 128
2025-12-12 00:11:47,006 MambaPro INFO:   SIZE_TRAIN:
2025-12-12 00:11:47,006 MambaPro INFO:   - 256
2025-12-12 00:11:47,006 MambaPro INFO:   - 128
2025-12-12 00:11:47,006 MambaPro INFO: MODEL:
2025-12-12 00:11:47,006 MambaPro INFO:   ADAPTER: true
2025-12-12 00:11:47,006 MambaPro INFO:   ATTENTION_DIM: 512
2025-12-12 00:11:47,006 MambaPro INFO:   ATTENTION_DROPOUT: 0.1
2025-12-12 00:11:47,006 MambaPro INFO:   ATTENTION_NUM_HEADS: 8
2025-12-12 00:11:47,006 MambaPro INFO:   ATT_DROP_RATE: 0.0
2025-12-12 00:11:47,006 MambaPro INFO:   CLIP_MULTI_SCALE_SCALES:
2025-12-12 00:11:47,006 MambaPro INFO:   - 4
2025-12-12 00:11:47,006 MambaPro INFO:   - 8
2025-12-12 00:11:47,006 MambaPro INFO:   - 16
2025-12-12 00:11:47,006 MambaPro INFO:   DEVICE: cuda
2025-12-12 00:11:47,006 MambaPro INFO:   DEVICE_ID: '0'
2025-12-12 00:11:47,006 MambaPro INFO:   DIRECT: 1
2025-12-12 00:11:47,006 MambaPro INFO:   DIST_TRAIN: false
2025-12-12 00:11:47,006 MambaPro INFO:   DROP_OUT: 0.0
2025-12-12 00:11:47,006 MambaPro INFO:   DROP_PATH: 0.1
2025-12-12 00:11:47,006 MambaPro INFO:   FLOPS_TEST: false
2025-12-12 00:11:47,006 MambaPro INFO:   FROZEN: true
2025-12-12 00:11:47,006 MambaPro INFO:   GATE_DROPOUT: 0.1
2025-12-12 00:11:47,006 MambaPro INFO:   ID_LOSS_TYPE: softmax
2025-12-12 00:11:47,006 MambaPro INFO:   ID_LOSS_WEIGHT: 0.25
2025-12-12 00:11:47,006 MambaPro INFO:   IF_LABELSMOOTH: 'on'
2025-12-12 00:11:47,006 MambaPro INFO:   IF_WITH_CENTER: 'no'
2025-12-12 00:11:47,006 MambaPro INFO:   LAYER: -1
2025-12-12 00:11:47,006 MambaPro INFO:   MAMBA: true
2025-12-12 00:11:47,006 MambaPro INFO:   MAMBA_BI: false
2025-12-12 00:11:47,006 MambaPro INFO:   METRIC_LOSS_TYPE: triplet
2025-12-12 00:11:47,006 MambaPro INFO:   MOE_BALANCE_LOSS_WEIGHT: 0.01
2025-12-12 00:11:47,006 MambaPro INFO:   MOE_DIVERSITY_LOSS_WEIGHT: 0.01
2025-12-12 00:11:47,006 MambaPro INFO:   MOE_EXPERT_DROPOUT: 0.1
2025-12-12 00:11:47,006 MambaPro INFO:   MOE_EXPERT_HIDDEN_DIM: 1024
2025-12-12 00:11:47,006 MambaPro INFO:   MOE_EXPERT_LAYERS: 2
2025-12-12 00:11:47,006 MambaPro INFO:   MOE_EXPERT_THRESHOLD: 0.1
2025-12-12 00:11:47,006 MambaPro INFO:   MOE_FIXED_WEIGHTS:
2025-12-12 00:11:47,006 MambaPro INFO:   - 0.33
2025-12-12 00:11:47,006 MambaPro INFO:   - 0.33
2025-12-12 00:11:47,006 MambaPro INFO:   - 0.34
2025-12-12 00:11:47,006 MambaPro INFO:   MOE_GATE_DROPOUT: 0.1
2025-12-12 00:11:47,006 MambaPro INFO:   MOE_GATE_LAYERS: 2
2025-12-12 00:11:47,006 MambaPro INFO:   MOE_INIT_WEIGHTS: null
2025-12-12 00:11:47,006 MambaPro INFO:   MOE_NUM_EXPERTS: 3
2025-12-12 00:11:47,006 MambaPro INFO:   MOE_RESIDUAL_WEIGHT: 1.0
2025-12-12 00:11:47,006 MambaPro INFO:   MOE_SCALES:
2025-12-12 00:11:47,006 MambaPro INFO:   - 4
2025-12-12 00:11:47,006 MambaPro INFO:   - 8
2025-12-12 00:11:47,006 MambaPro INFO:   - 16
2025-12-12 00:11:47,006 MambaPro INFO:   MOE_SPARSITY_LOSS_WEIGHT: 0.001
2025-12-12 00:11:47,006 MambaPro INFO:   MOE_TEMPERATURE: 0.7
2025-12-12 00:11:47,006 MambaPro INFO:   MOE_TOP_K: 2
2025-12-12 00:11:47,006 MambaPro INFO:   MOE_TOP_K_MODE: soft
2025-12-12 00:11:47,006 MambaPro INFO:   MOE_USE_FIXED_WEIGHTS: false
2025-12-12 00:11:47,006 MambaPro INFO:   MOE_USE_TOP_K_ROUTING: false
2025-12-12 00:11:47,006 MambaPro INFO:   MULTI_SCALE_SCALES:
2025-12-12 00:11:47,006 MambaPro INFO:   - 4
2025-12-12 00:11:47,006 MambaPro INFO:   - 8
2025-12-12 00:11:47,006 MambaPro INFO:   - 16
2025-12-12 00:11:47,006 MambaPro INFO:   NAME: MambaPro
2025-12-12 00:11:47,006 MambaPro INFO:   NECK: bnneck
2025-12-12 00:11:47,006 MambaPro INFO:   NO_MARGIN: true
2025-12-12 00:11:47,006 MambaPro INFO:   PREFIX_NUM: 1
2025-12-12 00:11:47,006 MambaPro INFO:   PRETRAIN_PATH_T: /home/zubuntu/workspace/yzy/MambaPro/pths/ViT-B-16.pt
2025-12-12 00:11:47,006 MambaPro INFO:   PROMPT: true
2025-12-12 00:11:47,006 MambaPro INFO:   SIE_CAMERA: true
2025-12-12 00:11:47,006 MambaPro INFO:   SIE_COE: 1.0
2025-12-12 00:11:47,006 MambaPro INFO:   SIE_VIEW: false
2025-12-12 00:11:47,006 MambaPro INFO:   STRIDE_SIZE:
2025-12-12 00:11:47,006 MambaPro INFO:   - 16
2025-12-12 00:11:47,006 MambaPro INFO:   - 16
2025-12-12 00:11:47,006 MambaPro INFO:   TRANSFORMER_TYPE: ViT-B-16
2025-12-12 00:11:47,006 MambaPro INFO:   TRIPLET_LOSS_WEIGHT: 1.0
2025-12-12 00:11:47,006 MambaPro INFO:   USE_ATTENTION_FUSION: false
2025-12-12 00:11:47,006 MambaPro INFO:   USE_CLIP_MULTI_SCALE: true
2025-12-12 00:11:47,006 MambaPro INFO:   USE_GATE_FUSION: false
2025-12-12 00:11:47,006 MambaPro INFO:   USE_MULTI_SCALE: false
2025-12-12 00:11:47,006 MambaPro INFO:   USE_MULTI_SCALE_MOE: true
2025-12-12 00:11:47,006 MambaPro INFO: OUTPUT_DIR: ./outputs/replay_best_tml/run_20251212_001146
2025-12-12 00:11:47,006 MambaPro INFO: SOLVER:
2025-12-12 00:11:47,006 MambaPro INFO:   BASE_LR: 0.0005
2025-12-12 00:11:47,006 MambaPro INFO:   BIAS_LR_FACTOR: 2
2025-12-12 00:11:47,006 MambaPro INFO:   CENTER_LOSS_WEIGHT: 0.0005
2025-12-12 00:11:47,006 MambaPro INFO:   CENTER_LR: 0.5
2025-12-12 00:11:47,006 MambaPro INFO:   CHECKPOINT_PERIOD: 10
2025-12-12 00:11:47,007 MambaPro INFO:   CLUSTER_MARGIN: 0.3
2025-12-12 00:11:47,007 MambaPro INFO:   COSINE_MARGIN: 0.5
2025-12-12 00:11:47,007 MambaPro INFO:   COSINE_SCALE: 30
2025-12-12 00:11:47,007 MambaPro INFO:   EVAL_PERIOD: 5
2025-12-12 00:11:47,007 MambaPro INFO:   GAMMA: 0.1
2025-12-12 00:11:47,007 MambaPro INFO:   IMS_PER_BATCH: 32
2025-12-12 00:11:47,007 MambaPro INFO:   LARGE_FC_LR: false
2025-12-12 00:11:47,007 MambaPro INFO:   LOG_PERIOD: 10
2025-12-12 00:11:47,007 MambaPro INFO:   MARGIN: 0.3
2025-12-12 00:11:47,007 MambaPro INFO:   MAX_EPOCHS: 60
2025-12-12 00:11:47,007 MambaPro INFO:   MOE_BALANCE_LOSS_WEIGHT: 0.001
2025-12-12 00:11:47,007 MambaPro INFO:   MOE_BALANCE_LOSS_WEIGHT_END: 0.1
2025-12-12 00:11:47,007 MambaPro INFO:   MOE_BALANCE_LOSS_WEIGHT_START: 0.001
2025-12-12 00:11:47,007 MambaPro INFO:   MOE_BALANCE_THRESHOLD: 0.3
2025-12-12 00:11:47,007 MambaPro INFO:   MOE_DIVERSITY_LOSS_WEIGHT: 0.001
2025-12-12 00:11:47,007 MambaPro INFO:   MOE_DIVERSITY_LOSS_WEIGHT_END: 0.1
2025-12-12 00:11:47,007 MambaPro INFO:   MOE_DIVERSITY_LOSS_WEIGHT_START: 0.001
2025-12-12 00:11:47,007 MambaPro INFO:   MOE_GATE_LR_FACTOR: 0.01
2025-12-12 00:11:47,007 MambaPro INFO:   MOE_LOSS_WEIGHT_SCHEDULE_TYPE: cosine
2025-12-12 00:11:47,007 MambaPro INFO:   MOE_LOSS_WEIGHT_WARMUP_EPOCHS: 5
2025-12-12 00:11:47,007 MambaPro INFO:   MOE_SPARSITY_LOSS_WEIGHT: 0.0001
2025-12-12 00:11:47,007 MambaPro INFO:   MOE_USE_DYNAMIC_LOSS_WEIGHT: false
2025-12-12 00:11:47,007 MambaPro INFO:   MOMENTUM: 0.9
2025-12-12 00:11:47,007 MambaPro INFO:   OPTIMIZER_NAME: Adam
2025-12-12 00:11:47,007 MambaPro INFO:   RANGE_ALPHA: 0
2025-12-12 00:11:47,007 MambaPro INFO:   RANGE_BETA: 1
2025-12-12 00:11:47,007 MambaPro INFO:   RANGE_K: 2
2025-12-12 00:11:47,007 MambaPro INFO:   RANGE_LOSS_WEIGHT: 1
2025-12-12 00:11:47,007 MambaPro INFO:   RANGE_MARGIN: 0.3
2025-12-12 00:11:47,007 MambaPro INFO:   SEED: 42
2025-12-12 00:11:47,007 MambaPro INFO:   STEPS:
2025-12-12 00:11:47,007 MambaPro INFO:   - 30
2025-12-12 00:11:47,007 MambaPro INFO:   - 50
2025-12-12 00:11:47,007 MambaPro INFO:   WARMUP_FACTOR: 0.01
2025-12-12 00:11:47,007 MambaPro INFO:   WARMUP_ITERS: 20
2025-12-12 00:11:47,007 MambaPro INFO:   WARMUP_METHOD: linear
2025-12-12 00:11:47,007 MambaPro INFO:   WEIGHT_DECAY: 0.0005
2025-12-12 00:11:47,007 MambaPro INFO:   WEIGHT_DECAY_BIAS: 0.0005
2025-12-12 00:11:47,007 MambaPro INFO: TEST:
2025-12-12 00:11:47,007 MambaPro INFO:   FEAT: 0
2025-12-12 00:11:47,007 MambaPro INFO:   FEAT_NORM: 'yes'
2025-12-12 00:11:47,007 MambaPro INFO:   IMS_PER_BATCH: 64
2025-12-12 00:11:47,007 MambaPro INFO:   MISS: nothing
2025-12-12 00:11:47,007 MambaPro INFO:   NECK_FEAT: after
2025-12-12 00:11:47,007 MambaPro INFO:   RE_RANKING: 'no'
2025-12-12 00:11:47,007 MambaPro INFO:   WEIGHT: /home/zubuntu/workspace/yzy/MambaPro/pths/MambaProbest.pth
2025-12-12 00:11:47,007 MambaPro INFO: ================================================================================
2025-12-12 00:11:49,319 MambaPro.train INFO: start training
2025-12-12 00:12:09,672 MambaPro.train INFO: Epoch 1 done. Time per batch: 0.190[s] Speed: 168.4[samples/s]
2025-12-12 00:12:29,599 MambaPro.train INFO: Epoch 2 done. Time per batch: 0.186[s] Speed: 171.8[samples/s]
2025-12-12 00:12:49,706 MambaPro.train INFO: Epoch 3 done. Time per batch: 0.188[s] Speed: 170.3[samples/s]
2025-12-12 00:13:09,679 MambaPro.train INFO: Epoch 4 done. Time per batch: 0.187[s] Speed: 171.4[samples/s]
2025-12-12 00:13:29,723 MambaPro.train INFO: Epoch 5 done. Time per batch: 0.187[s] Speed: 170.8[samples/s]
2025-12-12 00:13:37,306 MambaPro.train INFO: Validation Results - Epoch: 5
2025-12-12 00:13:37,306 MambaPro.train INFO: Current mAP: 57.3%
2025-12-12 00:13:37,306 MambaPro.train INFO: CMC curve, Rank-1  :60.9%
2025-12-12 00:13:37,306 MambaPro.train INFO: CMC curve, Rank-5  :77.6%
2025-12-12 00:13:37,306 MambaPro.train INFO: CMC curve, Rank-10 :86.0%
2025-12-12 00:13:37,307 MambaPro.train INFO: 🎯 New Best! Saving model...
2025-12-12 00:13:37,711 MambaPro.train INFO: [Epoch 5] 指标集合列表（历史）
2025-12-12 00:13:37,711 MambaPro.train INFO: history_mAP:{57.3}
2025-12-12 00:13:37,711 MambaPro.train INFO: best_mAP:{57.3}
2025-12-12 00:13:37,711 MambaPro.train INFO: history_Rank-1:{60.9}
2025-12-12 00:13:37,711 MambaPro.train INFO: best_Rank-1:{60.9}
2025-12-12 00:13:37,711 MambaPro.train INFO: history_Rank-5:{77.6}
2025-12-12 00:13:37,712 MambaPro.train INFO: best_Rank-5:{77.6}
2025-12-12 00:13:37,712 MambaPro.train INFO: history_Rank-10:{86.0}
2025-12-12 00:13:37,712 MambaPro.train INFO: best_Rank-10:{86.0}
2025-12-12 00:13:37,712 MambaPro.train INFO: history_Experts:{[0.35 , 0.34 , 0.31]}
2025-12-12 00:13:37,712 MambaPro.train INFO: best_Experts:{[0.35 , 0.34 , 0.31]}
2025-12-12 00:13:37,712 MambaPro.train INFO: 🔥 MoE损失(Val): 平衡=0.0000, 稀疏性=0.9987, 多样性=2.6564, 总=0.0028 (权重: 平衡=0.001, 稀疏性=0.000, 多样性=0.001)
2025-12-12 00:13:37,712 MambaPro.train INFO:    📊 专家权重分布(Val): [0.35 , 0.34 , 0.31]
2025-12-12 00:13:57,928 MambaPro.train INFO: Epoch 6 done. Time per batch: 0.188[s] Speed: 170.6[samples/s]
2025-12-12 00:14:17,978 MambaPro.train INFO: Epoch 7 done. Time per batch: 0.187[s] Speed: 170.8[samples/s]
2025-12-12 00:14:37,845 MambaPro.train INFO: Epoch 8 done. Time per batch: 0.186[s] Speed: 172.3[samples/s]
2025-12-12 00:14:57,736 MambaPro.train INFO: Epoch 9 done. Time per batch: 0.186[s] Speed: 172.1[samples/s]
2025-12-12 00:15:17,637 MambaPro.train INFO: Epoch 10 done. Time per batch: 0.186[s] Speed: 172.1[samples/s]
2025-12-12 00:15:25,529 MambaPro.train INFO: Validation Results - Epoch: 10
2025-12-12 00:15:25,529 MambaPro.train INFO: Current mAP: 56.4%
2025-12-12 00:15:25,530 MambaPro.train INFO: CMC curve, Rank-1  :61.8%
2025-12-12 00:15:25,530 MambaPro.train INFO: CMC curve, Rank-5  :75.2%
2025-12-12 00:15:25,530 MambaPro.train INFO: CMC curve, Rank-10 :80.7%
2025-12-12 00:15:25,530 MambaPro.train INFO: [Epoch 10] 指标集合列表（历史）
2025-12-12 00:15:25,530 MambaPro.train INFO: history_mAP:{57.3 , 56.4}
2025-12-12 00:15:25,531 MambaPro.train INFO: best_mAP:{57.3}
2025-12-12 00:15:25,531 MambaPro.train INFO: history_Rank-1:{60.9 , 61.8}
2025-12-12 00:15:25,531 MambaPro.train INFO: best_Rank-1:{60.9}
2025-12-12 00:15:25,531 MambaPro.train INFO: history_Rank-5:{77.6 , 75.2}
2025-12-12 00:15:25,531 MambaPro.train INFO: best_Rank-5:{77.6}
2025-12-12 00:15:25,531 MambaPro.train INFO: history_Rank-10:{86.0 , 80.7}
2025-12-12 00:15:25,531 MambaPro.train INFO: best_Rank-10:{86.0}
2025-12-12 00:15:25,531 MambaPro.train INFO: history_Experts:{[0.35 , 0.34 , 0.31] , [0.36 , 0.34 , 0.30]}
2025-12-12 00:15:25,531 MambaPro.train INFO: best_Experts:{[0.35 , 0.34 , 0.31]}
2025-12-12 00:15:25,531 MambaPro.train INFO: 🔥 MoE损失(Val): 平衡=0.0000, 稀疏性=0.9965, 多样性=2.6387, 总=0.0027 (权重: 平衡=0.001, 稀疏性=0.000, 多样性=0.001)
2025-12-12 00:15:25,531 MambaPro.train INFO:    📊 专家权重分布(Val): [0.36 , 0.34 , 0.30]
2025-12-12 00:15:45,405 MambaPro.train INFO: Epoch 11 done. Time per batch: 0.186[s] Speed: 171.8[samples/s]
2025-12-12 00:16:05,329 MambaPro.train INFO: Epoch 12 done. Time per batch: 0.186[s] Speed: 171.9[samples/s]
2025-12-12 00:16:25,250 MambaPro.train INFO: Epoch 13 done. Time per batch: 0.186[s] Speed: 171.9[samples/s]
2025-12-12 00:16:45,223 MambaPro.train INFO: Epoch 14 done. Time per batch: 0.187[s] Speed: 171.4[samples/s]
2025-12-12 00:17:05,149 MambaPro.train INFO: Epoch 15 done. Time per batch: 0.186[s] Speed: 171.8[samples/s]
2025-12-12 00:17:12,657 MambaPro.train INFO: Validation Results - Epoch: 15
2025-12-12 00:17:12,657 MambaPro.train INFO: Current mAP: 58.2%
2025-12-12 00:17:12,657 MambaPro.train INFO: CMC curve, Rank-1  :63.0%
2025-12-12 00:17:12,657 MambaPro.train INFO: CMC curve, Rank-5  :76.4%
2025-12-12 00:17:12,657 MambaPro.train INFO: CMC curve, Rank-10 :85.5%
2025-12-12 00:17:12,658 MambaPro.train INFO: 🎯 New Best! Saving model...
2025-12-12 00:17:13,264 MambaPro.train INFO: [Epoch 15] 指标集合列表（历史）
2025-12-12 00:17:13,264 MambaPro.train INFO: history_mAP:{57.3 , 56.4 , 58.2}
2025-12-12 00:17:13,264 MambaPro.train INFO: best_mAP:{58.2}
2025-12-12 00:17:13,264 MambaPro.train INFO: history_Rank-1:{60.9 , 61.8 , 63.0}
2025-12-12 00:17:13,264 MambaPro.train INFO: best_Rank-1:{63.0}
2025-12-12 00:17:13,264 MambaPro.train INFO: history_Rank-5:{77.6 , 75.2 , 76.4}
2025-12-12 00:17:13,264 MambaPro.train INFO: best_Rank-5:{77.6}
2025-12-12 00:17:13,264 MambaPro.train INFO: history_Rank-10:{86.0 , 80.7 , 85.5}
2025-12-12 00:17:13,264 MambaPro.train INFO: best_Rank-10:{86.0}
2025-12-12 00:17:13,264 MambaPro.train INFO: history_Experts:{[0.35 , 0.34 , 0.31] , [0.36 , 0.34 , 0.30] , [0.40 , 0.34 , 0.26]}
2025-12-12 00:17:13,264 MambaPro.train INFO: best_Experts:{[0.40 , 0.34 , 0.26]}
2025-12-12 00:17:13,264 MambaPro.train INFO: 🔥 MoE损失(Val): 平衡=0.0000, 稀疏性=0.9849, 多样性=2.5495, 总=0.0026 (权重: 平衡=0.001, 稀疏性=0.000, 多样性=0.001)
2025-12-12 00:17:13,264 MambaPro.train INFO:    📊 专家权重分布(Val): [0.40 , 0.34 , 0.26]
2025-12-12 00:17:33,378 MambaPro.train INFO: Epoch 16 done. Time per batch: 0.187[s] Speed: 171.4[samples/s]
2025-12-12 00:17:53,589 MambaPro.train INFO: Epoch 17 done. Time per batch: 0.189[s] Speed: 169.4[samples/s]
2025-12-12 00:18:15,605 MambaPro.train INFO: Epoch 18 done. Time per batch: 0.208[s] Speed: 154.1[samples/s]
2025-12-12 00:18:36,174 MambaPro.train INFO: Epoch 19 done. Time per batch: 0.192[s] Speed: 166.5[samples/s]
2025-12-12 00:18:56,725 MambaPro.train INFO: Epoch 20 done. Time per batch: 0.192[s] Speed: 166.6[samples/s]
2025-12-12 00:19:04,913 MambaPro.train INFO: Validation Results - Epoch: 20
2025-12-12 00:19:04,913 MambaPro.train INFO: Current mAP: 52.0%
2025-12-12 00:19:04,913 MambaPro.train INFO: CMC curve, Rank-1  :54.4%
2025-12-12 00:19:04,913 MambaPro.train INFO: CMC curve, Rank-5  :71.2%
2025-12-12 00:19:04,913 MambaPro.train INFO: CMC curve, Rank-10 :80.6%
2025-12-12 00:19:04,914 MambaPro.train INFO: [Epoch 20] 指标集合列表（历史）
2025-12-12 00:19:04,914 MambaPro.train INFO: history_mAP:{57.3 , 56.4 , 58.2 , 52.0}
2025-12-12 00:19:04,914 MambaPro.train INFO: best_mAP:{58.2}
2025-12-12 00:19:04,914 MambaPro.train INFO: history_Rank-1:{60.9 , 61.8 , 63.0 , 54.4}
2025-12-12 00:19:04,914 MambaPro.train INFO: best_Rank-1:{63.0}
2025-12-12 00:19:04,914 MambaPro.train INFO: history_Rank-5:{77.6 , 75.2 , 76.4 , 71.2}
2025-12-12 00:19:04,914 MambaPro.train INFO: best_Rank-5:{77.6}
2025-12-12 00:19:04,914 MambaPro.train INFO: history_Rank-10:{86.0 , 80.7 , 85.5 , 80.6}
2025-12-12 00:19:04,914 MambaPro.train INFO: best_Rank-10:{86.0}
2025-12-12 00:19:04,914 MambaPro.train INFO: history_Experts:{[0.35 , 0.34 , 0.31] , [0.36 , 0.34 , 0.30] , [0.40 , 0.34 , 0.26] , [0.61 , 0.24 , 0.15]}
2025-12-12 00:19:04,914 MambaPro.train INFO: best_Experts:{[0.40 , 0.34 , 0.26]}
2025-12-12 00:19:04,914 MambaPro.train INFO: 🔥 MoE损失(Val): 平衡=0.1092, 稀疏性=0.8265, 多样性=1.6364, 总=0.0018 (权重: 平衡=0.001, 稀疏性=0.000, 多样性=0.001)
2025-12-12 00:19:04,914 MambaPro.train INFO:    📊 专家权重分布(Val): [0.61 , 0.24 , 0.15]
2025-12-12 00:19:25,302 MambaPro.train INFO: Epoch 21 done. Time per batch: 0.191[s] Speed: 167.6[samples/s]
2025-12-12 00:19:45,750 MambaPro.train INFO: Epoch 22 done. Time per batch: 0.191[s] Speed: 167.5[samples/s]
2025-12-12 00:20:06,399 MambaPro.train INFO: Epoch 23 done. Time per batch: 0.193[s] Speed: 165.8[samples/s]
2025-12-12 00:20:26,857 MambaPro.train INFO: Epoch 24 done. Time per batch: 0.191[s] Speed: 167.4[samples/s]
2025-12-12 00:20:47,144 MambaPro.train INFO: Epoch 25 done. Time per batch: 0.191[s] Speed: 167.2[samples/s]
2025-12-12 00:20:54,716 MambaPro.train INFO: Validation Results - Epoch: 25
2025-12-12 00:20:54,716 MambaPro.train INFO: Current mAP: 74.9%
2025-12-12 00:20:54,716 MambaPro.train INFO: CMC curve, Rank-1  :77.8%
2025-12-12 00:20:54,716 MambaPro.train INFO: CMC curve, Rank-5  :89.4%
2025-12-12 00:20:54,716 MambaPro.train INFO: CMC curve, Rank-10 :92.2%
2025-12-12 00:20:54,717 MambaPro.train INFO: 🎯 New Best! Saving model...
2025-12-12 00:20:55,515 MambaPro.train INFO: [Epoch 25] 指标集合列表（历史）
2025-12-12 00:20:55,515 MambaPro.train INFO: history_mAP:{57.3 , 56.4 , 58.2 , 52.0 , 74.9}
2025-12-12 00:20:55,515 MambaPro.train INFO: best_mAP:{74.9}
2025-12-12 00:20:55,515 MambaPro.train INFO: history_Rank-1:{60.9 , 61.8 , 63.0 , 54.4 , 77.8}
2025-12-12 00:20:55,515 MambaPro.train INFO: best_Rank-1:{77.8}
2025-12-12 00:20:55,515 MambaPro.train INFO: history_Rank-5:{77.6 , 75.2 , 76.4 , 71.2 , 89.4}
2025-12-12 00:20:55,515 MambaPro.train INFO: best_Rank-5:{89.4}
2025-12-12 00:20:55,515 MambaPro.train INFO: history_Rank-10:{86.0 , 80.7 , 85.5 , 80.6 , 92.2}
2025-12-12 00:20:55,515 MambaPro.train INFO: best_Rank-10:{92.2}
2025-12-12 00:20:55,515 MambaPro.train INFO: history_Experts:{[0.35 , 0.34 , 0.31] , [0.36 , 0.34 , 0.30] , [0.40 , 0.34 , 0.26] , [0.61 , 0.24 , 0.15] , [0.81 , 0.11 , 0.08]}
2025-12-12 00:20:55,515 MambaPro.train INFO: best_Experts:{[0.81 , 0.11 , 0.08]}
2025-12-12 00:20:55,515 MambaPro.train INFO: 🔥 MoE损失(Val): 平衡=0.5446, 稀疏性=0.4862, 多样性=0.6394, 总=0.0012 (权重: 平衡=0.001, 稀疏性=0.000, 多样性=0.001)
2025-12-12 00:20:55,515 MambaPro.train INFO:    📊 专家权重分布(Val): [0.81 , 0.11 , 0.08]
2025-12-12 00:21:16,102 MambaPro.train INFO: Epoch 26 done. Time per batch: 0.191[s] Speed: 167.5[samples/s]
2025-12-12 00:21:36,730 MambaPro.train INFO: Epoch 27 done. Time per batch: 0.193[s] Speed: 166.0[samples/s]
2025-12-12 00:21:57,129 MambaPro.train INFO: Epoch 28 done. Time per batch: 0.191[s] Speed: 167.9[samples/s]
2025-12-12 00:22:17,810 MambaPro.train INFO: Epoch 29 done. Time per batch: 0.193[s] Speed: 165.6[samples/s]
2025-12-12 00:22:38,281 MambaPro.train INFO: Epoch 30 done. Time per batch: 0.191[s] Speed: 167.3[samples/s]
2025-12-12 00:22:46,397 MambaPro.train INFO: Validation Results - Epoch: 30
2025-12-12 00:22:46,397 MambaPro.train INFO: Current mAP: 78.7%
2025-12-12 00:22:46,397 MambaPro.train INFO: CMC curve, Rank-1  :82.1%
2025-12-12 00:22:46,397 MambaPro.train INFO: CMC curve, Rank-5  :91.6%
2025-12-12 00:22:46,397 MambaPro.train INFO: CMC curve, Rank-10 :93.4%
2025-12-12 00:22:46,398 MambaPro.train INFO: 🎯 New Best! Saving model...
2025-12-12 00:22:47,087 MambaPro.train INFO: [Epoch 30] 指标集合列表（历史）
2025-12-12 00:22:47,087 MambaPro.train INFO: history_mAP:{57.3 , 56.4 , 58.2 , 52.0 , 74.9 , 78.7}
2025-12-12 00:22:47,087 MambaPro.train INFO: best_mAP:{78.7}
2025-12-12 00:22:47,087 MambaPro.train INFO: history_Rank-1:{60.9 , 61.8 , 63.0 , 54.4 , 77.8 , 82.1}
2025-12-12 00:22:47,087 MambaPro.train INFO: best_Rank-1:{82.1}
2025-12-12 00:22:47,087 MambaPro.train INFO: history_Rank-5:{77.6 , 75.2 , 76.4 , 71.2 , 89.4 , 91.6}
2025-12-12 00:22:47,087 MambaPro.train INFO: best_Rank-5:{91.6}
2025-12-12 00:22:47,087 MambaPro.train INFO: history_Rank-10:{86.0 , 80.7 , 85.5 , 80.6 , 92.2 , 93.4}
2025-12-12 00:22:47,087 MambaPro.train INFO: best_Rank-10:{93.4}
2025-12-12 00:22:47,087 MambaPro.train INFO: history_Experts:{[0.35 , 0.34 , 0.31] , [0.36 , 0.34 , 0.30] , [0.40 , 0.34 , 0.26] , [0.61 , 0.24 , 0.15] , [0.81 , 0.11 , 0.08] , [0.87 , 0.07 , 0.05]}
2025-12-12 00:22:47,088 MambaPro.train INFO: best_Experts:{[0.87 , 0.07 , 0.05]}
2025-12-12 00:22:47,088 MambaPro.train INFO: 🔥 MoE损失(Val): 平衡=0.7597, 稀疏性=0.3404, 多样性=0.3913, 总=0.0012 (权重: 平衡=0.001, 稀疏性=0.000, 多样性=0.001)
2025-12-12 00:22:47,088 MambaPro.train INFO:    📊 专家权重分布(Val): [0.87 , 0.07 , 0.05]
2025-12-12 00:23:07,972 MambaPro.train INFO: Epoch 31 done. Time per batch: 0.194[s] Speed: 165.1[samples/s]
2025-12-12 00:23:28,351 MambaPro.train INFO: Epoch 32 done. Time per batch: 0.192[s] Speed: 166.4[samples/s]
2025-12-12 00:23:48,853 MambaPro.train INFO: Epoch 33 done. Time per batch: 0.192[s] Speed: 167.0[samples/s]
2025-12-12 00:24:09,287 MambaPro.train INFO: Epoch 34 done. Time per batch: 0.193[s] Speed: 166.0[samples/s]
2025-12-12 00:24:29,870 MambaPro.train INFO: Epoch 35 done. Time per batch: 0.192[s] Speed: 166.3[samples/s]
2025-12-12 00:24:37,437 MambaPro.train INFO: Validation Results - Epoch: 35
2025-12-12 00:24:37,437 MambaPro.train INFO: Current mAP: 77.6%
2025-12-12 00:24:37,437 MambaPro.train INFO: CMC curve, Rank-1  :79.4%
2025-12-12 00:24:37,437 MambaPro.train INFO: CMC curve, Rank-5  :88.6%
2025-12-12 00:24:37,437 MambaPro.train INFO: CMC curve, Rank-10 :92.0%
2025-12-12 00:24:37,438 MambaPro.train INFO: [Epoch 35] 指标集合列表（历史）
2025-12-12 00:24:37,438 MambaPro.train INFO: history_mAP:{57.3 , 56.4 , 58.2 , 52.0 , 74.9 , 78.7 , 77.6}
2025-12-12 00:24:37,438 MambaPro.train INFO: best_mAP:{78.7}
2025-12-12 00:24:37,438 MambaPro.train INFO: history_Rank-1:{60.9 , 61.8 , 63.0 , 54.4 , 77.8 , 82.1 , 79.4}
2025-12-12 00:24:37,438 MambaPro.train INFO: best_Rank-1:{82.1}
2025-12-12 00:24:37,438 MambaPro.train INFO: history_Rank-5:{77.6 , 75.2 , 76.4 , 71.2 , 89.4 , 91.6 , 88.6}
2025-12-12 00:24:37,438 MambaPro.train INFO: best_Rank-5:{91.6}
2025-12-12 00:24:37,438 MambaPro.train INFO: history_Rank-10:{86.0 , 80.7 , 85.5 , 80.6 , 92.2 , 93.4 , 92.0}
2025-12-12 00:24:37,438 MambaPro.train INFO: best_Rank-10:{93.4}
2025-12-12 00:24:37,438 MambaPro.train INFO: history_Experts:{[0.35 , 0.34 , 0.31] , [0.36 , 0.34 , 0.30] , [0.40 , 0.34 , 0.26] , [0.61 , 0.24 , 0.15] , [0.81 , 0.11 , 0.08] , [0.87 , 0.07 , 0.05] , [0.91 , 0.05 , 0.04]}
2025-12-12 00:24:37,438 MambaPro.train INFO: best_Experts:{[0.87 , 0.07 , 0.05]}
2025-12-12 00:24:37,438 MambaPro.train INFO: 🔥 MoE损失(Val): 平衡=0.8802, 稀疏性=0.2611, 多样性=0.2810, 总=0.0012 (权重: 平衡=0.001, 稀疏性=0.000, 多样性=0.001)
2025-12-12 00:24:37,438 MambaPro.train INFO:    📊 专家权重分布(Val): [0.91 , 0.05 , 0.04]
2025-12-12 00:24:58,032 MambaPro.train INFO: Epoch 36 done. Time per batch: 0.191[s] Speed: 167.4[samples/s]
2025-12-12 00:25:18,544 MambaPro.train INFO: Epoch 37 done. Time per batch: 0.192[s] Speed: 166.9[samples/s]
2025-12-12 00:25:38,887 MambaPro.train INFO: Epoch 38 done. Time per batch: 0.192[s] Speed: 166.7[samples/s]
2025-12-12 00:25:59,386 MambaPro.train INFO: Epoch 39 done. Time per batch: 0.192[s] Speed: 167.0[samples/s]
2025-12-12 00:26:19,670 MambaPro.train INFO: Epoch 40 done. Time per batch: 0.191[s] Speed: 167.2[samples/s]
2025-12-12 00:26:27,827 MambaPro.train INFO: Validation Results - Epoch: 40
2025-12-12 00:26:27,827 MambaPro.train INFO: Current mAP: 78.5%
2025-12-12 00:26:27,827 MambaPro.train INFO: CMC curve, Rank-1  :82.4%
2025-12-12 00:26:27,827 MambaPro.train INFO: CMC curve, Rank-5  :89.0%
2025-12-12 00:26:27,827 MambaPro.train INFO: CMC curve, Rank-10 :92.7%
2025-12-12 00:26:27,828 MambaPro.train INFO: [Epoch 40] 指标集合列表（历史）
2025-12-12 00:26:27,828 MambaPro.train INFO: history_mAP:{57.3 , 56.4 , 58.2 , 52.0 , 74.9 , 78.7 , 77.6 , 78.5}
2025-12-12 00:26:27,828 MambaPro.train INFO: best_mAP:{78.7}
2025-12-12 00:26:27,828 MambaPro.train INFO: history_Rank-1:{60.9 , 61.8 , 63.0 , 54.4 , 77.8 , 82.1 , 79.4 , 82.4}
2025-12-12 00:26:27,828 MambaPro.train INFO: best_Rank-1:{82.1}
2025-12-12 00:26:27,828 MambaPro.train INFO: history_Rank-5:{77.6 , 75.2 , 76.4 , 71.2 , 89.4 , 91.6 , 88.6 , 89.0}
2025-12-12 00:26:27,828 MambaPro.train INFO: best_Rank-5:{91.6}
2025-12-12 00:26:27,828 MambaPro.train INFO: history_Rank-10:{86.0 , 80.7 , 85.5 , 80.6 , 92.2 , 93.4 , 92.0 , 92.7}
2025-12-12 00:26:27,828 MambaPro.train INFO: best_Rank-10:{93.4}
2025-12-12 00:26:27,828 MambaPro.train INFO: history_Experts:{[0.35 , 0.34 , 0.31] , [0.36 , 0.34 , 0.30] , [0.40 , 0.34 , 0.26] , [0.61 , 0.24 , 0.15] , [0.81 , 0.11 , 0.08] , [0.87 , 0.07 , 0.05] , [0.91 , 0.05 , 0.04] , [0.92 , 0.04 , 0.03]}
2025-12-12 00:26:27,828 MambaPro.train INFO: best_Experts:{[0.87 , 0.07 , 0.05]}
2025-12-12 00:26:27,828 MambaPro.train INFO: 🔥 MoE损失(Val): 平衡=0.9492, 稀疏性=0.2163, 多样性=0.2247, 总=0.0012 (权重: 平衡=0.001, 稀疏性=0.000, 多样性=0.001)
2025-12-12 00:26:27,828 MambaPro.train INFO:    📊 专家权重分布(Val): [0.92 , 0.04 , 0.03]
2025-12-12 00:26:48,591 MambaPro.train INFO: Epoch 41 done. Time per batch: 0.193[s] Speed: 166.0[samples/s]
2025-12-12 00:27:09,165 MambaPro.train INFO: Epoch 42 done. Time per batch: 0.192[s] Speed: 166.4[samples/s]
2025-12-12 00:27:29,621 MambaPro.train INFO: Epoch 43 done. Time per batch: 0.191[s] Speed: 167.4[samples/s]
2025-12-12 00:27:50,108 MambaPro.train INFO: Epoch 44 done. Time per batch: 0.191[s] Speed: 167.1[samples/s]
2025-12-12 00:28:10,736 MambaPro.train INFO: Epoch 45 done. Time per batch: 0.193[s] Speed: 166.0[samples/s]
2025-12-12 00:28:18,293 MambaPro.train INFO: Validation Results - Epoch: 45
2025-12-12 00:28:18,293 MambaPro.train INFO: Current mAP: 78.3%
2025-12-12 00:28:18,293 MambaPro.train INFO: CMC curve, Rank-1  :82.4%
2025-12-12 00:28:18,293 MambaPro.train INFO: CMC curve, Rank-5  :89.7%
2025-12-12 00:28:18,293 MambaPro.train INFO: CMC curve, Rank-10 :92.2%
2025-12-12 00:28:18,294 MambaPro.train INFO: [Epoch 45] 指标集合列表（历史）
2025-12-12 00:28:18,294 MambaPro.train INFO: history_mAP:{57.3 , 56.4 , 58.2 , 52.0 , 74.9 , 78.7 , 77.6 , 78.5 , 78.3}
2025-12-12 00:28:18,294 MambaPro.train INFO: best_mAP:{78.7}
2025-12-12 00:28:18,294 MambaPro.train INFO: history_Rank-1:{60.9 , 61.8 , 63.0 , 54.4 , 77.8 , 82.1 , 79.4 , 82.4}
2025-12-12 00:28:18,294 MambaPro.train INFO: best_Rank-1:{82.1}
2025-12-12 00:28:18,294 MambaPro.train INFO: history_Rank-5:{77.6 , 75.2 , 76.4 , 71.2 , 89.4 , 91.6 , 88.6 , 89.0 , 89.7}
2025-12-12 00:28:18,294 MambaPro.train INFO: best_Rank-5:{91.6}
2025-12-12 00:28:18,294 MambaPro.train INFO: history_Rank-10:{86.0 , 80.7 , 85.5 , 80.6 , 92.2 , 93.4 , 92.0 , 92.7}
2025-12-12 00:28:18,294 MambaPro.train INFO: best_Rank-10:{93.4}
2025-12-12 00:28:18,294 MambaPro.train INFO: history_Experts:{[0.35 , 0.34 , 0.31] , [0.36 , 0.34 , 0.30] , [0.40 , 0.34 , 0.26] , [0.61 , 0.24 , 0.15] , [0.81 , 0.11 , 0.08] , [0.87 , 0.07 , 0.05] , [0.91 , 0.05 , 0.04] , [0.92 , 0.04 , 0.03] , [0.93 , 0.04 , 0.03]}
2025-12-12 00:28:18,294 MambaPro.train INFO: best_Experts:{[0.87 , 0.07 , 0.05]}
2025-12-12 00:28:18,294 MambaPro.train INFO: 🔥 MoE损失(Val): 平衡=0.9935, 稀疏性=0.1877, 多样性=0.1908, 总=0.0012 (权重: 平衡=0.001, 稀疏性=0.000, 多样性=0.001)
2025-12-12 00:28:18,294 MambaPro.train INFO:    📊 专家权重分布(Val): [0.93 , 0.04 , 0.03]
2025-12-12 00:28:39,048 MambaPro.train INFO: Epoch 46 done. Time per batch: 0.193[s] Speed: 166.1[samples/s]
2025-12-12 00:28:59,626 MambaPro.train INFO: Epoch 47 done. Time per batch: 0.192[s] Speed: 166.4[samples/s]
2025-12-12 00:29:19,852 MambaPro.train INFO: Epoch 48 done. Time per batch: 0.191[s] Speed: 167.7[samples/s]
2025-12-12 00:29:40,428 MambaPro.train INFO: Epoch 49 done. Time per batch: 0.192[s] Speed: 166.4[samples/s]
2025-12-12 00:30:01,020 MambaPro.train INFO: Epoch 50 done. Time per batch: 0.192[s] Speed: 166.3[samples/s]
2025-12-12 00:30:09,267 MambaPro.train INFO: Validation Results - Epoch: 50
2025-12-12 00:30:09,267 MambaPro.train INFO: Current mAP: 77.2%
2025-12-12 00:30:09,267 MambaPro.train INFO: CMC curve, Rank-1  :80.6%
2025-12-12 00:30:09,267 MambaPro.train INFO: CMC curve, Rank-5  :88.5%
2025-12-12 00:30:09,267 MambaPro.train INFO: CMC curve, Rank-10 :91.7%
2025-12-12 00:30:09,268 MambaPro.train INFO: [Epoch 50] 指标集合列表（历史）
2025-12-12 00:30:09,268 MambaPro.train INFO: history_mAP:{57.3 , 56.4 , 58.2 , 52.0 , 74.9 , 78.7 , 77.6 , 78.5 , 78.3 , 77.2}
2025-12-12 00:30:09,268 MambaPro.train INFO: best_mAP:{78.7}
2025-12-12 00:30:09,268 MambaPro.train INFO: history_Rank-1:{60.9 , 61.8 , 63.0 , 54.4 , 77.8 , 82.1 , 79.4 , 82.4 , 80.6}
2025-12-12 00:30:09,268 MambaPro.train INFO: best_Rank-1:{82.1}
2025-12-12 00:30:09,269 MambaPro.train INFO: history_Rank-5:{77.6 , 75.2 , 76.4 , 71.2 , 89.4 , 91.6 , 88.6 , 89.0 , 89.7 , 88.5}
2025-12-12 00:30:09,269 MambaPro.train INFO: best_Rank-5:{91.6}
2025-12-12 00:30:09,269 MambaPro.train INFO: history_Rank-10:{86.0 , 80.7 , 85.5 , 80.6 , 92.2 , 93.4 , 92.0 , 92.7 , 91.7}
2025-12-12 00:30:09,269 MambaPro.train INFO: best_Rank-10:{93.4}
2025-12-12 00:30:09,269 MambaPro.train INFO: history_Experts:{[0.35 , 0.34 , 0.31] , [0.36 , 0.34 , 0.30] , [0.40 , 0.34 , 0.26] , [0.61 , 0.24 , 0.15] , [0.81 , 0.11 , 0.08] , [0.87 , 0.07 , 0.05] , [0.91 , 0.05 , 0.04] , [0.92 , 0.04 , 0.03] , [0.93 , 0.04 , 0.03] , [0.94 , 0.03 , 0.03]}
2025-12-12 00:30:09,269 MambaPro.train INFO: best_Experts:{[0.87 , 0.07 , 0.05]}
2025-12-12 00:30:09,269 MambaPro.train INFO: 🔥 MoE损失(Val): 平衡=1.0246, 稀疏性=0.1678, 多样性=0.1679, 总=0.0012 (权重: 平衡=0.001, 稀疏性=0.000, 多样性=0.001)
2025-12-12 00:30:09,269 MambaPro.train INFO:    📊 专家权重分布(Val): [0.94 , 0.03 , 0.03]
2025-12-12 00:30:29,828 MambaPro.train INFO: Epoch 51 done. Time per batch: 0.193[s] Speed: 166.1[samples/s]
2025-12-12 00:30:50,183 MambaPro.train INFO: Epoch 52 done. Time per batch: 0.192[s] Speed: 166.6[samples/s]
2025-12-12 00:31:10,618 MambaPro.train INFO: Epoch 53 done. Time per batch: 0.191[s] Speed: 167.6[samples/s]
2025-12-12 00:31:31,144 MambaPro.train INFO: Epoch 54 done. Time per batch: 0.192[s] Speed: 166.8[samples/s]
2025-12-12 00:31:51,575 MambaPro.train INFO: Epoch 55 done. Time per batch: 0.191[s] Speed: 167.6[samples/s]
2025-12-12 00:31:59,071 MambaPro.train INFO: Validation Results - Epoch: 55
2025-12-12 00:31:59,071 MambaPro.train INFO: Current mAP: 78.3%
2025-12-12 00:31:59,071 MambaPro.train INFO: CMC curve, Rank-1  :83.4%
2025-12-12 00:31:59,071 MambaPro.train INFO: CMC curve, Rank-5  :89.5%
2025-12-12 00:31:59,071 MambaPro.train INFO: CMC curve, Rank-10 :92.1%
2025-12-12 00:31:59,072 MambaPro.train INFO: [Epoch 55] 指标集合列表（历史）
2025-12-12 00:31:59,072 MambaPro.train INFO: history_mAP:{57.3 , 56.4 , 58.2 , 52.0 , 74.9 , 78.7 , 77.6 , 78.5 , 78.3 , 77.2 , 78.3}
2025-12-12 00:31:59,072 MambaPro.train INFO: best_mAP:{78.7}
2025-12-12 00:31:59,072 MambaPro.train INFO: history_Rank-1:{60.9 , 61.8 , 63.0 , 54.4 , 77.8 , 82.1 , 79.4 , 82.4 , 80.6 , 83.4}
2025-12-12 00:31:59,072 MambaPro.train INFO: best_Rank-1:{82.1}
2025-12-12 00:31:59,072 MambaPro.train INFO: history_Rank-5:{77.6 , 75.2 , 76.4 , 71.2 , 89.4 , 91.6 , 88.6 , 89.0 , 89.7 , 88.5 , 89.5}
2025-12-12 00:31:59,072 MambaPro.train INFO: best_Rank-5:{91.6}
2025-12-12 00:31:59,072 MambaPro.train INFO: history_Rank-10:{86.0 , 80.7 , 85.5 , 80.6 , 92.2 , 93.4 , 92.0 , 92.7 , 91.7 , 92.1}
2025-12-12 00:31:59,072 MambaPro.train INFO: best_Rank-10:{93.4}
2025-12-12 00:31:59,072 MambaPro.train INFO: history_Experts:{[0.35 , 0.34 , 0.31] , [0.36 , 0.34 , 0.30] , [0.40 , 0.34 , 0.26] , [0.61 , 0.24 , 0.15] , [0.81 , 0.11 , 0.08] , [0.87 , 0.07 , 0.05] , [0.91 , 0.05 , 0.04] , [0.92 , 0.04 , 0.03] , [0.93 , 0.04 , 0.03] , [0.94 , 0.03 , 0.03] , [0.95 , 0.03 , 0.02]}
2025-12-12 00:31:59,072 MambaPro.train INFO: best_Experts:{[0.87 , 0.07 , 0.05]}
2025-12-12 00:31:59,072 MambaPro.train INFO: 🔥 MoE损失(Val): 平衡=1.0477, 稀疏性=0.1530, 多样性=0.1515, 总=0.0012 (权重: 平衡=0.001, 稀疏性=0.000, 多样性=0.001)
2025-12-12 00:31:59,072 MambaPro.train INFO:    📊 专家权重分布(Val): [0.95 , 0.03 , 0.02]
2025-12-12 00:32:19,059 MambaPro.train INFO: Epoch 56 done. Time per batch: 0.187[s] Speed: 170.9[samples/s]
2025-12-12 00:32:39,289 MambaPro.train INFO: Epoch 57 done. Time per batch: 0.189[s] Speed: 169.3[samples/s]
2025-12-12 00:32:59,323 MambaPro.train INFO: Epoch 58 done. Time per batch: 0.187[s] Speed: 170.9[samples/s]
2025-12-12 00:33:19,240 MambaPro.train INFO: Epoch 59 done. Time per batch: 0.188[s] Speed: 170.3[samples/s]
2025-12-12 00:33:40,159 MambaPro.train INFO: Epoch 60 done. Time per batch: 0.196[s] Speed: 163.7[samples/s]
2025-12-12 00:33:48,249 MambaPro.train INFO: Validation Results - Epoch: 60
2025-12-12 00:33:48,249 MambaPro.train INFO: Current mAP: 78.3%
2025-12-12 00:33:48,249 MambaPro.train INFO: CMC curve, Rank-1  :82.7%
2025-12-12 00:33:48,249 MambaPro.train INFO: CMC curve, Rank-5  :89.5%
2025-12-12 00:33:48,249 MambaPro.train INFO: CMC curve, Rank-10 :92.3%
2025-12-12 00:33:48,250 MambaPro.train INFO: [Epoch 60] 指标集合列表（历史）
2025-12-12 00:33:48,250 MambaPro.train INFO: history_mAP:{57.3 , 56.4 , 58.2 , 52.0 , 74.9 , 78.7 , 77.6 , 78.5 , 78.3 , 77.2 , 78.3 , 78.3}
2025-12-12 00:33:48,250 MambaPro.train INFO: best_mAP:{78.7}
2025-12-12 00:33:48,250 MambaPro.train INFO: history_Rank-1:{60.9 , 61.8 , 63.0 , 54.4 , 77.8 , 82.1 , 79.4 , 82.4 , 80.6 , 83.4 , 82.7}
2025-12-12 00:33:48,250 MambaPro.train INFO: best_Rank-1:{82.1}
2025-12-12 00:33:48,250 MambaPro.train INFO: history_Rank-5:{77.6 , 75.2 , 76.4 , 71.2 , 89.4 , 91.6 , 88.6 , 89.0 , 89.7 , 88.5 , 89.5}
2025-12-12 00:33:48,250 MambaPro.train INFO: best_Rank-5:{91.6}
2025-12-12 00:33:48,250 MambaPro.train INFO: history_Rank-10:{86.0 , 80.7 , 85.5 , 80.6 , 92.2 , 93.4 , 92.0 , 92.7 , 91.7 , 92.1 , 92.3}
2025-12-12 00:33:48,250 MambaPro.train INFO: best_Rank-10:{93.4}
2025-12-12 00:33:48,250 MambaPro.train INFO: history_Experts:{[0.35 , 0.34 , 0.31] , [0.36 , 0.34 , 0.30] , [0.40 , 0.34 , 0.26] , [0.61 , 0.24 , 0.15] , [0.81 , 0.11 , 0.08] , [0.87 , 0.07 , 0.05] , [0.91 , 0.05 , 0.04] , [0.92 , 0.04 , 0.03] , [0.93 , 0.04 , 0.03] , [0.94 , 0.03 , 0.03] , [0.95 , 0.03 , 0.02] , [0.95 , 0.03 , 0.02]}
2025-12-12 00:33:48,250 MambaPro.train INFO: best_Experts:{[0.87 , 0.07 , 0.05]}
2025-12-12 00:33:48,250 MambaPro.train INFO: 🔥 MoE损失(Val): 平衡=1.0656, 稀疏性=0.1416, 多样性=0.1390, 总=0.0012 (权重: 平衡=0.001, 稀疏性=0.000, 多样性=0.001)
2025-12-12 00:33:48,250 MambaPro.train INFO:    📊 专家权重分布(Val): [0.95 , 0.03 , 0.02]
2025-12-12 00:33:48,387 MambaPro.train INFO: ============================================================
