2025-12-22 21:41:53,858 MambaPro INFO: ================================================================================
2025-12-22 21:41:53,858 MambaPro INFO: 🧾 实验参数快照（命令行 + 最终配置）
2025-12-22 21:41:53,858 MambaPro INFO: ================================================================================
2025-12-22 21:41:53,858 MambaPro INFO: 【复现实验命令】
2025-12-22 21:41:53,858 MambaPro INFO: /home/zhanghaoyang/.conda/envs/MambaPro/bin/python train_net.py --config_file configs/RGBNT100/baseline.yml
2025-12-22 21:41:53,858 MambaPro INFO: 【命令行参数（args）】
2025-12-22 21:41:53,858 MambaPro INFO: {
2025-12-22 21:41:53,858 MambaPro INFO:   "config_file": "configs/RGBNT100/baseline.yml",
2025-12-22 21:41:53,858 MambaPro INFO:   "fea_cft": 0,
2025-12-22 21:41:53,858 MambaPro INFO:   "local_rank": 0,
2025-12-22 21:41:53,858 MambaPro INFO:   "use_multi_scale": false,
2025-12-22 21:41:53,858 MambaPro INFO:   "no_multi_scale": false,
2025-12-22 21:41:53,858 MambaPro INFO:   "use_moe": false,
2025-12-22 21:41:53,858 MambaPro INFO:   "disable_moe": false,
2025-12-22 21:41:53,858 MambaPro INFO:   "no_moe": false,
2025-12-22 21:41:53,858 MambaPro INFO:   "use_attention": false,
2025-12-22 21:41:53,858 MambaPro INFO:   "disable_attention": false,
2025-12-22 21:41:53,858 MambaPro INFO:   "attention_heads": 8,
2025-12-22 21:41:53,858 MambaPro INFO:   "attention_dropout": 0.1,
2025-12-22 21:41:53,858 MambaPro INFO:   "resume": "",
2025-12-22 21:41:53,858 MambaPro INFO:   "opts": []
2025-12-22 21:41:53,858 MambaPro INFO: }
2025-12-22 21:41:53,858 MambaPro INFO: 【工作目录】/home/zhanghaoyang/Desktop/yzy/AboutReid
2025-12-22 21:41:53,858 MambaPro INFO: 【最终配置（YAML）】
2025-12-22 21:41:53,861 MambaPro INFO: DATALOADER:
2025-12-22 21:41:53,861 MambaPro INFO:   NUM_INSTANCE: 16
2025-12-22 21:41:53,861 MambaPro INFO:   NUM_WORKERS: 8
2025-12-22 21:41:53,861 MambaPro INFO:   SAMPLER: softmax_triplet
2025-12-22 21:41:53,861 MambaPro INFO: DATASETS:
2025-12-22 21:41:53,861 MambaPro INFO:   NAMES: RGBNT100
2025-12-22 21:41:53,861 MambaPro INFO:   ROOT_DIR: /home/zhanghaoyang/Desktop/yzy/MambaPro/data/datasets
2025-12-22 21:41:53,861 MambaPro INFO: INPUT:
2025-12-22 21:41:53,861 MambaPro INFO:   PADDING: 10
2025-12-22 21:41:53,861 MambaPro INFO:   PIXEL_MEAN:
2025-12-22 21:41:53,861 MambaPro INFO:   - 0.5
2025-12-22 21:41:53,861 MambaPro INFO:   - 0.5
2025-12-22 21:41:53,861 MambaPro INFO:   - 0.5
2025-12-22 21:41:53,861 MambaPro INFO:   PIXEL_STD:
2025-12-22 21:41:53,861 MambaPro INFO:   - 0.5
2025-12-22 21:41:53,861 MambaPro INFO:   - 0.5
2025-12-22 21:41:53,861 MambaPro INFO:   - 0.5
2025-12-22 21:41:53,861 MambaPro INFO:   PROB: 0.5
2025-12-22 21:41:53,861 MambaPro INFO:   RE_PROB: 0.5
2025-12-22 21:41:53,861 MambaPro INFO:   SIZE_TEST:
2025-12-22 21:41:53,861 MambaPro INFO:   - 128
2025-12-22 21:41:53,861 MambaPro INFO:   - 256
2025-12-22 21:41:53,861 MambaPro INFO:   SIZE_TRAIN:
2025-12-22 21:41:53,861 MambaPro INFO:   - 128
2025-12-22 21:41:53,861 MambaPro INFO:   - 256
2025-12-22 21:41:53,861 MambaPro INFO: MODEL:
2025-12-22 21:41:53,861 MambaPro INFO:   ADAPTER: true
2025-12-22 21:41:53,861 MambaPro INFO:   ATTENTION_DIM: 512
2025-12-22 21:41:53,861 MambaPro INFO:   ATTENTION_DROPOUT: 0.1
2025-12-22 21:41:53,861 MambaPro INFO:   ATTENTION_NUM_HEADS: 8
2025-12-22 21:41:53,861 MambaPro INFO:   ATT_DROP_RATE: 0.0
2025-12-22 21:41:53,861 MambaPro INFO:   CLIP_MULTI_SCALE_SCALES:
2025-12-22 21:41:53,861 MambaPro INFO:   - 4
2025-12-22 21:41:53,861 MambaPro INFO:   - 8
2025-12-22 21:41:53,861 MambaPro INFO:   - 16
2025-12-22 21:41:53,861 MambaPro INFO:   DEVICE: cuda
2025-12-22 21:41:53,861 MambaPro INFO:   DEVICE_ID: '0'
2025-12-22 21:41:53,861 MambaPro INFO:   DIRECT: 0
2025-12-22 21:41:53,861 MambaPro INFO:   DIST_TRAIN: false
2025-12-22 21:41:53,861 MambaPro INFO:   DROP_OUT: 0.0
2025-12-22 21:41:53,861 MambaPro INFO:   DROP_PATH: 0.1
2025-12-22 21:41:53,861 MambaPro INFO:   FLOPS_TEST: false
2025-12-22 21:41:53,861 MambaPro INFO:   FROZEN: true
2025-12-22 21:41:53,861 MambaPro INFO:   GATE_DROPOUT: 0.1
2025-12-22 21:41:53,861 MambaPro INFO:   ID_LOSS_TYPE: softmax
2025-12-22 21:41:53,861 MambaPro INFO:   ID_LOSS_WEIGHT: 0.25
2025-12-22 21:41:53,861 MambaPro INFO:   IF_LABELSMOOTH: 'on'
2025-12-22 21:41:53,861 MambaPro INFO:   IF_WITH_CENTER: 'no'
2025-12-22 21:41:53,861 MambaPro INFO:   LAYER: -1
2025-12-22 21:41:53,861 MambaPro INFO:   MAMBA: true
2025-12-22 21:41:53,861 MambaPro INFO:   MAMBA_BI: false
2025-12-22 21:41:53,861 MambaPro INFO:   METRIC_LOSS_TYPE: triplet
2025-12-22 21:41:53,861 MambaPro INFO:   MOE_BALANCE_LOSS_WEIGHT: 0.01
2025-12-22 21:41:53,861 MambaPro INFO:   MOE_DIVERSITY_LOSS_WEIGHT: 0.01
2025-12-22 21:41:53,861 MambaPro INFO:   MOE_EXPERT_DROPOUT: 0.1
2025-12-22 21:41:53,861 MambaPro INFO:   MOE_EXPERT_HIDDEN_DIM: 1024
2025-12-22 21:41:53,861 MambaPro INFO:   MOE_EXPERT_LAYERS: 2
2025-12-22 21:41:53,861 MambaPro INFO:   MOE_EXPERT_THRESHOLD: 0.1
2025-12-22 21:41:53,861 MambaPro INFO:   MOE_FIXED_WEIGHTS:
2025-12-22 21:41:53,861 MambaPro INFO:   - 0.33
2025-12-22 21:41:53,861 MambaPro INFO:   - 0.33
2025-12-22 21:41:53,861 MambaPro INFO:   - 0.34
2025-12-22 21:41:53,861 MambaPro INFO:   MOE_GATE_DROPOUT: 0.1
2025-12-22 21:41:53,861 MambaPro INFO:   MOE_GATE_LAYERS: 2
2025-12-22 21:41:53,861 MambaPro INFO:   MOE_INIT_WEIGHTS: null
2025-12-22 21:41:53,861 MambaPro INFO:   MOE_NUM_EXPERTS: 3
2025-12-22 21:41:53,861 MambaPro INFO:   MOE_RESIDUAL_WEIGHT: 1.0
2025-12-22 21:41:53,861 MambaPro INFO:   MOE_SCALES:
2025-12-22 21:41:53,861 MambaPro INFO:   - 4
2025-12-22 21:41:53,861 MambaPro INFO:   - 8
2025-12-22 21:41:53,861 MambaPro INFO:   - 16
2025-12-22 21:41:53,861 MambaPro INFO:   MOE_SPARSITY_LOSS_WEIGHT: 0.001
2025-12-22 21:41:53,861 MambaPro INFO:   MOE_TEMPERATURE: 1.0
2025-12-22 21:41:53,861 MambaPro INFO:   MOE_TOP_K: 2
2025-12-22 21:41:53,861 MambaPro INFO:   MOE_TOP_K_MODE: soft
2025-12-22 21:41:53,861 MambaPro INFO:   MOE_USE_FIXED_WEIGHTS: false
2025-12-22 21:41:53,861 MambaPro INFO:   MOE_USE_TOP_K_ROUTING: false
2025-12-22 21:41:53,861 MambaPro INFO:   MULTI_SCALE_SCALES:
2025-12-22 21:41:53,861 MambaPro INFO:   - 4
2025-12-22 21:41:53,861 MambaPro INFO:   - 8
2025-12-22 21:41:53,861 MambaPro INFO:   - 16
2025-12-22 21:41:53,861 MambaPro INFO:   NAME: MambaPro
2025-12-22 21:41:53,861 MambaPro INFO:   NECK: bnneck
2025-12-22 21:41:53,861 MambaPro INFO:   NO_MARGIN: true
2025-12-22 21:41:53,861 MambaPro INFO:   PREFIX_NUM: 1
2025-12-22 21:41:53,861 MambaPro INFO:   PRETRAIN_PATH_T: AboutReid/pths/ViT-B-16.pt
2025-12-22 21:41:53,861 MambaPro INFO:   PROMPT: true
2025-12-22 21:41:53,861 MambaPro INFO:   SIE_CAMERA: true
2025-12-22 21:41:53,861 MambaPro INFO:   SIE_COE: 1.0
2025-12-22 21:41:53,861 MambaPro INFO:   SIE_VIEW: false
2025-12-22 21:41:53,861 MambaPro INFO:   STRIDE_SIZE:
2025-12-22 21:41:53,861 MambaPro INFO:   - 16
2025-12-22 21:41:53,861 MambaPro INFO:   - 16
2025-12-22 21:41:53,861 MambaPro INFO:   TRANSFORMER_TYPE: ViT-B-16
2025-12-22 21:41:53,861 MambaPro INFO:   TRIPLET_LOSS_WEIGHT: 1.0
2025-12-22 21:41:53,861 MambaPro INFO:   USE_ATTENTION_FUSION: false
2025-12-22 21:41:53,861 MambaPro INFO:   USE_CLIP_MULTI_SCALE: false
2025-12-22 21:41:53,861 MambaPro INFO:   USE_GATE_FUSION: false
2025-12-22 21:41:53,861 MambaPro INFO:   USE_MULTI_SCALE: false
2025-12-22 21:41:53,862 MambaPro INFO:   USE_MULTI_SCALE_MOE: false
2025-12-22 21:41:53,862 MambaPro INFO: OUTPUT_DIR: outputs/run_20251222_214153
2025-12-22 21:41:53,862 MambaPro INFO: SOLVER:
2025-12-22 21:41:53,862 MambaPro INFO:   BASE_LR: 0.000175
2025-12-22 21:41:53,862 MambaPro INFO:   BIAS_LR_FACTOR: 2
2025-12-22 21:41:53,862 MambaPro INFO:   CENTER_LOSS_WEIGHT: 0.0005
2025-12-22 21:41:53,862 MambaPro INFO:   CENTER_LR: 0.5
2025-12-22 21:41:53,862 MambaPro INFO:   CHECKPOINT_PERIOD: 60
2025-12-22 21:41:53,862 MambaPro INFO:   CLUSTER_MARGIN: 0.3
2025-12-22 21:41:53,862 MambaPro INFO:   COSINE_MARGIN: 0.5
2025-12-22 21:41:53,862 MambaPro INFO:   COSINE_SCALE: 30
2025-12-22 21:41:53,862 MambaPro INFO:   EVAL_PERIOD: 1
2025-12-22 21:41:53,862 MambaPro INFO:   GAMMA: 0.1
2025-12-22 21:41:53,862 MambaPro INFO:   IMS_PER_BATCH: 64
2025-12-22 21:41:53,862 MambaPro INFO:   LARGE_FC_LR: false
2025-12-22 21:41:53,862 MambaPro INFO:   LOG_PERIOD: 10
2025-12-22 21:41:53,862 MambaPro INFO:   MARGIN: 0.3
2025-12-22 21:41:53,862 MambaPro INFO:   MAX_EPOCHS: 30
2025-12-22 21:41:53,862 MambaPro INFO:   MOE_BALANCE_LOSS_WEIGHT: 0.01
2025-12-22 21:41:53,862 MambaPro INFO:   MOE_BALANCE_LOSS_WEIGHT_END: 0.1
2025-12-22 21:41:53,862 MambaPro INFO:   MOE_BALANCE_LOSS_WEIGHT_START: 0.001
2025-12-22 21:41:53,862 MambaPro INFO:   MOE_BALANCE_THRESHOLD: 0.3
2025-12-22 21:41:53,862 MambaPro INFO:   MOE_DIVERSITY_LOSS_WEIGHT: 0.01
2025-12-22 21:41:53,862 MambaPro INFO:   MOE_DIVERSITY_LOSS_WEIGHT_END: 0.1
2025-12-22 21:41:53,862 MambaPro INFO:   MOE_DIVERSITY_LOSS_WEIGHT_START: 0.001
2025-12-22 21:41:53,862 MambaPro INFO:   MOE_GATE_LR_FACTOR: 0.01
2025-12-22 21:41:53,862 MambaPro INFO:   MOE_LOSS_WEIGHT_SCHEDULE_TYPE: cosine
2025-12-22 21:41:53,862 MambaPro INFO:   MOE_LOSS_WEIGHT_WARMUP_EPOCHS: 5
2025-12-22 21:41:53,862 MambaPro INFO:   MOE_SPARSITY_LOSS_WEIGHT: 0.001
2025-12-22 21:41:53,862 MambaPro INFO:   MOE_USE_DYNAMIC_LOSS_WEIGHT: false
2025-12-22 21:41:53,862 MambaPro INFO:   MOMENTUM: 0.9
2025-12-22 21:41:53,862 MambaPro INFO:   OPTIMIZER_NAME: Adam
2025-12-22 21:41:53,862 MambaPro INFO:   RANGE_ALPHA: 0
2025-12-22 21:41:53,862 MambaPro INFO:   RANGE_BETA: 1
2025-12-22 21:41:53,862 MambaPro INFO:   RANGE_K: 2
2025-12-22 21:41:53,862 MambaPro INFO:   RANGE_LOSS_WEIGHT: 1
2025-12-22 21:41:53,862 MambaPro INFO:   RANGE_MARGIN: 0.3
2025-12-22 21:41:53,862 MambaPro INFO:   SEED: 1111
2025-12-22 21:41:53,862 MambaPro INFO:   STEPS:
2025-12-22 21:41:53,862 MambaPro INFO:   - 40
2025-12-22 21:41:53,862 MambaPro INFO:   - 70
2025-12-22 21:41:53,862 MambaPro INFO:   WARMUP_FACTOR: 0.01
2025-12-22 21:41:53,862 MambaPro INFO:   WARMUP_ITERS: 5
2025-12-22 21:41:53,862 MambaPro INFO:   WARMUP_METHOD: linear
2025-12-22 21:41:53,862 MambaPro INFO:   WEIGHT_DECAY: 0.0001
2025-12-22 21:41:53,862 MambaPro INFO:   WEIGHT_DECAY_BIAS: 0.0001
2025-12-22 21:41:53,862 MambaPro INFO: TEST:
2025-12-22 21:41:53,862 MambaPro INFO:   FEAT: 0
2025-12-22 21:41:53,862 MambaPro INFO:   FEAT_NORM: 'yes'
2025-12-22 21:41:53,862 MambaPro INFO:   IMS_PER_BATCH: 64
2025-12-22 21:41:53,862 MambaPro INFO:   MISS: nothing
2025-12-22 21:41:53,862 MambaPro INFO:   NECK_FEAT: before
2025-12-22 21:41:53,862 MambaPro INFO:   RE_RANKING: 'no'
2025-12-22 21:41:53,862 MambaPro INFO:   WEIGHT: ''
2025-12-22 21:41:53,862 MambaPro INFO: ================================================================================
2025-12-22 21:41:56,775 MambaPro.train INFO: start training
2025-12-22 21:43:26,358 MambaPro.train INFO: Epoch 1 done. Time per batch: 0.763[s] Speed: 83.9[samples/s]
2025-12-22 21:45:00,903 MambaPro.train INFO: Validation Results - Epoch: 1
2025-12-22 21:45:00,903 MambaPro.train INFO: Current mAP: 52.7%
2025-12-22 21:45:00,903 MambaPro.train INFO: CMC curve, Rank-1  :73.6%
2025-12-22 21:45:00,903 MambaPro.train INFO: CMC curve, Rank-5  :78.1%
2025-12-22 21:45:00,903 MambaPro.train INFO: CMC curve, Rank-10 :80.0%
2025-12-22 21:45:00,903 MambaPro.train INFO: 🎯 New Best! Saving model...
2025-12-22 21:45:01,217 MambaPro.train INFO: [Epoch 1] 指标集合列表（历史）
2025-12-22 21:45:01,217 MambaPro.train INFO: history_mAP:{52.7}
2025-12-22 21:45:01,217 MambaPro.train INFO: best_mAP:{52.7}
2025-12-22 21:45:01,217 MambaPro.train INFO: history_Rank-1:{73.6}
2025-12-22 21:45:01,217 MambaPro.train INFO: best_Rank-1:{73.6}
2025-12-22 21:45:01,217 MambaPro.train INFO: history_Rank-5:{78.1}
2025-12-22 21:45:01,217 MambaPro.train INFO: best_Rank-5:{78.1}
2025-12-22 21:45:01,217 MambaPro.train INFO: history_Rank-10:{80.0}
2025-12-22 21:45:01,217 MambaPro.train INFO: best_Rank-10:{80.0}
2025-12-22 21:45:01,217 MambaPro.train INFO: history_Experts:{[0.00 , 0.00 , 0.00]}
2025-12-22 21:46:29,601 MambaPro.train INFO: Epoch 2 done. Time per batch: 0.760[s] Speed: 84.2[samples/s]
2025-12-22 21:48:03,909 MambaPro.train INFO: Validation Results - Epoch: 2
2025-12-22 21:48:03,909 MambaPro.train INFO: Current mAP: 65.8%
2025-12-22 21:48:03,909 MambaPro.train INFO: CMC curve, Rank-1  :84.9%
2025-12-22 21:48:03,909 MambaPro.train INFO: CMC curve, Rank-5  :87.2%
2025-12-22 21:48:03,909 MambaPro.train INFO: CMC curve, Rank-10 :88.7%
2025-12-22 21:48:03,909 MambaPro.train INFO: 🎯 New Best! Saving model...
2025-12-22 21:48:04,409 MambaPro.train INFO: [Epoch 2] 指标集合列表（历史）
2025-12-22 21:48:04,410 MambaPro.train INFO: history_mAP:{52.7 , 65.8}
2025-12-22 21:48:04,410 MambaPro.train INFO: best_mAP:{65.8}
2025-12-22 21:48:04,410 MambaPro.train INFO: history_Rank-1:{73.6 , 84.9}
2025-12-22 21:48:04,410 MambaPro.train INFO: best_Rank-1:{84.9}
2025-12-22 21:48:04,410 MambaPro.train INFO: history_Rank-5:{78.1 , 87.2}
2025-12-22 21:48:04,410 MambaPro.train INFO: best_Rank-5:{87.2}
2025-12-22 21:48:04,410 MambaPro.train INFO: history_Rank-10:{80.0 , 88.7}
2025-12-22 21:48:04,410 MambaPro.train INFO: best_Rank-10:{88.7}
2025-12-22 21:48:04,410 MambaPro.train INFO: history_Experts:{[0.00 , 0.00 , 0.00] , [0.00 , 0.00 , 0.00]}
2025-12-22 21:49:32,761 MambaPro.train INFO: Epoch 3 done. Time per batch: 0.759[s] Speed: 84.3[samples/s]
2025-12-22 21:51:07,098 MambaPro.train INFO: Validation Results - Epoch: 3
2025-12-22 21:51:07,098 MambaPro.train INFO: Current mAP: 64.8%
2025-12-22 21:51:07,098 MambaPro.train INFO: CMC curve, Rank-1  :82.2%
2025-12-22 21:51:07,098 MambaPro.train INFO: CMC curve, Rank-5  :85.1%
2025-12-22 21:51:07,098 MambaPro.train INFO: CMC curve, Rank-10 :86.6%
2025-12-22 21:51:07,098 MambaPro.train INFO: [Epoch 3] 指标集合列表（历史）
2025-12-22 21:51:07,098 MambaPro.train INFO: history_mAP:{52.7 , 65.8 , 64.8}
2025-12-22 21:51:07,098 MambaPro.train INFO: best_mAP:{65.8}
2025-12-22 21:51:07,098 MambaPro.train INFO: history_Rank-1:{73.6 , 84.9 , 82.2}
2025-12-22 21:51:07,098 MambaPro.train INFO: best_Rank-1:{84.9}
2025-12-22 21:51:07,098 MambaPro.train INFO: history_Rank-5:{78.1 , 87.2 , 85.1}
2025-12-22 21:51:07,098 MambaPro.train INFO: best_Rank-5:{87.2}
2025-12-22 21:51:07,098 MambaPro.train INFO: history_Rank-10:{80.0 , 88.7 , 86.6}
2025-12-22 21:51:07,098 MambaPro.train INFO: best_Rank-10:{88.7}
2025-12-22 21:51:07,098 MambaPro.train INFO: history_Experts:{[0.00 , 0.00 , 0.00] , [0.00 , 0.00 , 0.00] , [0.00 , 0.00 , 0.00]}
2025-12-22 21:52:35,559 MambaPro.train INFO: Epoch 4 done. Time per batch: 0.760[s] Speed: 84.2[samples/s]
2025-12-22 21:54:09,998 MambaPro.train INFO: Validation Results - Epoch: 4
2025-12-22 21:54:09,998 MambaPro.train INFO: Current mAP: 71.1%
2025-12-22 21:54:09,998 MambaPro.train INFO: CMC curve, Rank-1  :84.3%
2025-12-22 21:54:09,998 MambaPro.train INFO: CMC curve, Rank-5  :86.6%
2025-12-22 21:54:09,998 MambaPro.train INFO: CMC curve, Rank-10 :88.4%
2025-12-22 21:54:09,998 MambaPro.train INFO: 🎯 New Best! Saving model...
2025-12-22 21:54:10,473 MambaPro.train INFO: [Epoch 4] 指标集合列表（历史）
2025-12-22 21:54:10,473 MambaPro.train INFO: history_mAP:{52.7 , 65.8 , 64.8 , 71.1}
2025-12-22 21:54:10,473 MambaPro.train INFO: best_mAP:{71.1}
2025-12-22 21:54:10,473 MambaPro.train INFO: history_Rank-1:{73.6 , 84.9 , 82.2 , 84.3}
2025-12-22 21:54:10,473 MambaPro.train INFO: best_Rank-1:{84.9}
2025-12-22 21:54:10,473 MambaPro.train INFO: history_Rank-5:{78.1 , 87.2 , 85.1 , 86.6}
2025-12-22 21:54:10,473 MambaPro.train INFO: best_Rank-5:{87.2}
2025-12-22 21:54:10,473 MambaPro.train INFO: history_Rank-10:{80.0 , 88.7 , 86.6 , 88.4}
2025-12-22 21:54:10,473 MambaPro.train INFO: best_Rank-10:{88.7}
2025-12-22 21:54:10,473 MambaPro.train INFO: history_Experts:{[0.00 , 0.00 , 0.00] , [0.00 , 0.00 , 0.00] , [0.00 , 0.00 , 0.00] , [0.00 , 0.00 , 0.00]}
2025-12-22 21:55:37,289 MambaPro.train INFO: Epoch 5 done. Time per batch: 0.759[s] Speed: 84.3[samples/s]
2025-12-22 21:57:11,625 MambaPro.train INFO: Validation Results - Epoch: 5
2025-12-22 21:57:11,625 MambaPro.train INFO: Current mAP: 70.8%
2025-12-22 21:57:11,625 MambaPro.train INFO: CMC curve, Rank-1  :87.0%
2025-12-22 21:57:11,625 MambaPro.train INFO: CMC curve, Rank-5  :88.7%
2025-12-22 21:57:11,625 MambaPro.train INFO: CMC curve, Rank-10 :89.7%
2025-12-22 21:57:11,626 MambaPro.train INFO: [Epoch 5] 指标集合列表（历史）
2025-12-22 21:57:11,626 MambaPro.train INFO: history_mAP:{52.7 , 65.8 , 64.8 , 71.1 , 70.8}
2025-12-22 21:57:11,626 MambaPro.train INFO: best_mAP:{71.1}
2025-12-22 21:57:11,626 MambaPro.train INFO: history_Rank-1:{73.6 , 84.9 , 82.2 , 84.3 , 87.0}
2025-12-22 21:57:11,626 MambaPro.train INFO: best_Rank-1:{84.9}
2025-12-22 21:57:11,626 MambaPro.train INFO: history_Rank-5:{78.1 , 87.2 , 85.1 , 86.6 , 88.7}
2025-12-22 21:57:11,626 MambaPro.train INFO: best_Rank-5:{87.2}
2025-12-22 21:57:11,626 MambaPro.train INFO: history_Rank-10:{80.0 , 88.7 , 86.6 , 88.4 , 89.7}
2025-12-22 21:57:11,626 MambaPro.train INFO: best_Rank-10:{88.7}
2025-12-22 21:57:11,626 MambaPro.train INFO: history_Experts:{[0.00 , 0.00 , 0.00] , [0.00 , 0.00 , 0.00] , [0.00 , 0.00 , 0.00] , [0.00 , 0.00 , 0.00] , [0.00 , 0.00 , 0.00]}
2025-12-22 21:58:39,996 MambaPro.train INFO: Epoch 6 done. Time per batch: 0.760[s] Speed: 84.3[samples/s]
2025-12-22 22:00:14,312 MambaPro.train INFO: Validation Results - Epoch: 6
2025-12-22 22:00:14,312 MambaPro.train INFO: Current mAP: 70.0%
2025-12-22 22:00:14,312 MambaPro.train INFO: CMC curve, Rank-1  :86.9%
2025-12-22 22:00:14,312 MambaPro.train INFO: CMC curve, Rank-5  :88.9%
2025-12-22 22:00:14,312 MambaPro.train INFO: CMC curve, Rank-10 :90.2%
2025-12-22 22:00:14,312 MambaPro.train INFO: [Epoch 6] 指标集合列表（历史）
2025-12-22 22:00:14,312 MambaPro.train INFO: history_mAP:{52.7 , 65.8 , 64.8 , 71.1 , 70.8 , 70.0}
2025-12-22 22:00:14,312 MambaPro.train INFO: best_mAP:{71.1}
2025-12-22 22:00:14,312 MambaPro.train INFO: history_Rank-1:{73.6 , 84.9 , 82.2 , 84.3 , 87.0 , 86.9}
2025-12-22 22:00:14,312 MambaPro.train INFO: best_Rank-1:{84.9}
2025-12-22 22:00:14,312 MambaPro.train INFO: history_Rank-5:{78.1 , 87.2 , 85.1 , 86.6 , 88.7 , 88.9}
2025-12-22 22:00:14,312 MambaPro.train INFO: best_Rank-5:{87.2}
2025-12-22 22:00:14,312 MambaPro.train INFO: history_Rank-10:{80.0 , 88.7 , 86.6 , 88.4 , 89.7 , 90.2}
2025-12-22 22:00:14,312 MambaPro.train INFO: best_Rank-10:{88.7}
2025-12-22 22:00:14,312 MambaPro.train INFO: history_Experts:{[0.00 , 0.00 , 0.00] , [0.00 , 0.00 , 0.00] , [0.00 , 0.00 , 0.00] , [0.00 , 0.00 , 0.00] , [0.00 , 0.00 , 0.00] , [0.00 , 0.00 , 0.00]}
2025-12-22 22:01:43,427 MambaPro.train INFO: Epoch 7 done. Time per batch: 0.759[s] Speed: 84.3[samples/s]
2025-12-22 22:03:17,762 MambaPro.train INFO: Validation Results - Epoch: 7
2025-12-22 22:03:17,762 MambaPro.train INFO: Current mAP: 74.3%
2025-12-22 22:03:17,762 MambaPro.train INFO: CMC curve, Rank-1  :86.5%
2025-12-22 22:03:17,762 MambaPro.train INFO: CMC curve, Rank-5  :88.9%
2025-12-22 22:03:17,762 MambaPro.train INFO: CMC curve, Rank-10 :90.6%
2025-12-22 22:03:17,762 MambaPro.train INFO: 🎯 New Best! Saving model...
2025-12-22 22:03:18,241 MambaPro.train INFO: [Epoch 7] 指标集合列表（历史）
2025-12-22 22:03:18,241 MambaPro.train INFO: history_mAP:{52.7 , 65.8 , 64.8 , 71.1 , 70.8 , 70.0 , 74.3}
2025-12-22 22:03:18,241 MambaPro.train INFO: best_mAP:{74.3}
2025-12-22 22:03:18,241 MambaPro.train INFO: history_Rank-1:{73.6 , 84.9 , 82.2 , 84.3 , 87.0 , 86.9 , 86.5}
2025-12-22 22:03:18,241 MambaPro.train INFO: best_Rank-1:{86.5}
2025-12-22 22:03:18,241 MambaPro.train INFO: history_Rank-5:{78.1 , 87.2 , 85.1 , 86.6 , 88.7 , 88.9}
2025-12-22 22:03:18,241 MambaPro.train INFO: best_Rank-5:{88.9}
2025-12-22 22:03:18,241 MambaPro.train INFO: history_Rank-10:{80.0 , 88.7 , 86.6 , 88.4 , 89.7 , 90.2 , 90.6}
2025-12-22 22:03:18,241 MambaPro.train INFO: best_Rank-10:{90.6}
2025-12-22 22:03:18,241 MambaPro.train INFO: history_Experts:{[0.00 , 0.00 , 0.00] , [0.00 , 0.00 , 0.00] , [0.00 , 0.00 , 0.00] , [0.00 , 0.00 , 0.00] , [0.00 , 0.00 , 0.00] , [0.00 , 0.00 , 0.00] , [0.00 , 0.00 , 0.00]}
2025-12-22 22:04:47,349 MambaPro.train INFO: Epoch 8 done. Time per batch: 0.759[s] Speed: 84.3[samples/s]
2025-12-22 22:06:21,675 MambaPro.train INFO: Validation Results - Epoch: 8
2025-12-22 22:06:21,675 MambaPro.train INFO: Current mAP: 73.5%
2025-12-22 22:06:21,675 MambaPro.train INFO: CMC curve, Rank-1  :86.4%
2025-12-22 22:06:21,675 MambaPro.train INFO: CMC curve, Rank-5  :88.4%
2025-12-22 22:06:21,675 MambaPro.train INFO: CMC curve, Rank-10 :89.8%
2025-12-22 22:06:21,675 MambaPro.train INFO: [Epoch 8] 指标集合列表（历史）
2025-12-22 22:06:21,675 MambaPro.train INFO: history_mAP:{52.7 , 65.8 , 64.8 , 71.1 , 70.8 , 70.0 , 74.3 , 73.5}
2025-12-22 22:06:21,675 MambaPro.train INFO: best_mAP:{74.3}
2025-12-22 22:06:21,675 MambaPro.train INFO: history_Rank-1:{73.6 , 84.9 , 82.2 , 84.3 , 87.0 , 86.9 , 86.5 , 86.4}
2025-12-22 22:06:21,675 MambaPro.train INFO: best_Rank-1:{86.5}
2025-12-22 22:06:21,675 MambaPro.train INFO: history_Rank-5:{78.1 , 87.2 , 85.1 , 86.6 , 88.7 , 88.9 , 88.4}
2025-12-22 22:06:21,675 MambaPro.train INFO: best_Rank-5:{88.9}
2025-12-22 22:06:21,675 MambaPro.train INFO: history_Rank-10:{80.0 , 88.7 , 86.6 , 88.4 , 89.7 , 90.2 , 90.6 , 89.8}
2025-12-22 22:06:21,675 MambaPro.train INFO: best_Rank-10:{90.6}
2025-12-22 22:06:21,675 MambaPro.train INFO: history_Experts:{[0.00 , 0.00 , 0.00] , [0.00 , 0.00 , 0.00] , [0.00 , 0.00 , 0.00] , [0.00 , 0.00 , 0.00] , [0.00 , 0.00 , 0.00] , [0.00 , 0.00 , 0.00] , [0.00 , 0.00 , 0.00] , [0.00 , 0.00 , 0.00]}
2025-12-22 22:07:50,014 MambaPro.train INFO: Epoch 9 done. Time per batch: 0.759[s] Speed: 84.3[samples/s]
2025-12-22 22:09:24,371 MambaPro.train INFO: Validation Results - Epoch: 9
2025-12-22 22:09:24,371 MambaPro.train INFO: Current mAP: 75.7%
2025-12-22 22:09:24,371 MambaPro.train INFO: CMC curve, Rank-1  :88.5%
2025-12-22 22:09:24,371 MambaPro.train INFO: CMC curve, Rank-5  :90.0%
2025-12-22 22:09:24,371 MambaPro.train INFO: CMC curve, Rank-10 :91.4%
2025-12-22 22:09:24,371 MambaPro.train INFO: 🎯 New Best! Saving model...
2025-12-22 22:09:24,935 MambaPro.train INFO: [Epoch 9] 指标集合列表（历史）
2025-12-22 22:09:24,935 MambaPro.train INFO: history_mAP:{52.7 , 65.8 , 64.8 , 71.1 , 70.8 , 70.0 , 74.3 , 73.5 , 75.7}
2025-12-22 22:09:24,935 MambaPro.train INFO: best_mAP:{75.7}
2025-12-22 22:09:24,935 MambaPro.train INFO: history_Rank-1:{73.6 , 84.9 , 82.2 , 84.3 , 87.0 , 86.9 , 86.5 , 86.4 , 88.5}
2025-12-22 22:09:24,935 MambaPro.train INFO: best_Rank-1:{88.5}
2025-12-22 22:09:24,935 MambaPro.train INFO: history_Rank-5:{78.1 , 87.2 , 85.1 , 86.6 , 88.7 , 88.9 , 88.4 , 90.0}
2025-12-22 22:09:24,935 MambaPro.train INFO: best_Rank-5:{90.0}
2025-12-22 22:09:24,935 MambaPro.train INFO: history_Rank-10:{80.0 , 88.7 , 86.6 , 88.4 , 89.7 , 90.2 , 90.6 , 89.8 , 91.4}
2025-12-22 22:09:24,935 MambaPro.train INFO: best_Rank-10:{91.4}
2025-12-22 22:09:24,935 MambaPro.train INFO: history_Experts:{[0.00 , 0.00 , 0.00] , [0.00 , 0.00 , 0.00] , [0.00 , 0.00 , 0.00] , [0.00 , 0.00 , 0.00] , [0.00 , 0.00 , 0.00] , [0.00 , 0.00 , 0.00] , [0.00 , 0.00 , 0.00] , [0.00 , 0.00 , 0.00] , [0.00 , 0.00 , 0.00]}
2025-12-22 22:10:53,272 MambaPro.train INFO: Epoch 10 done. Time per batch: 0.759[s] Speed: 84.3[samples/s]
2025-12-22 22:12:27,623 MambaPro.train INFO: Validation Results - Epoch: 10
2025-12-22 22:12:27,623 MambaPro.train INFO: Current mAP: 76.0%
2025-12-22 22:12:27,623 MambaPro.train INFO: CMC curve, Rank-1  :91.0%
2025-12-22 22:12:27,623 MambaPro.train INFO: CMC curve, Rank-5  :92.2%
2025-12-22 22:12:27,623 MambaPro.train INFO: CMC curve, Rank-10 :93.2%
2025-12-22 22:12:27,623 MambaPro.train INFO: 🎯 New Best! Saving model...
2025-12-22 22:12:28,098 MambaPro.train INFO: [Epoch 10] 指标集合列表（历史）
2025-12-22 22:12:28,099 MambaPro.train INFO: history_mAP:{52.7 , 65.8 , 64.8 , 71.1 , 70.8 , 70.0 , 74.3 , 73.5 , 75.7 , 76.0}
2025-12-22 22:12:28,099 MambaPro.train INFO: best_mAP:{76.0}
2025-12-22 22:12:28,099 MambaPro.train INFO: history_Rank-1:{73.6 , 84.9 , 82.2 , 84.3 , 87.0 , 86.9 , 86.5 , 86.4 , 88.5 , 91.0}
2025-12-22 22:12:28,099 MambaPro.train INFO: best_Rank-1:{91.0}
2025-12-22 22:12:28,099 MambaPro.train INFO: history_Rank-5:{78.1 , 87.2 , 85.1 , 86.6 , 88.7 , 88.9 , 88.4 , 90.0 , 92.2}
2025-12-22 22:12:28,099 MambaPro.train INFO: best_Rank-5:{92.2}
2025-12-22 22:12:28,099 MambaPro.train INFO: history_Rank-10:{80.0 , 88.7 , 86.6 , 88.4 , 89.7 , 90.2 , 90.6 , 89.8 , 91.4 , 93.2}
2025-12-22 22:12:28,099 MambaPro.train INFO: best_Rank-10:{93.2}
2025-12-22 22:12:28,099 MambaPro.train INFO: history_Experts:{[0.00 , 0.00 , 0.00] , [0.00 , 0.00 , 0.00] , [0.00 , 0.00 , 0.00] , [0.00 , 0.00 , 0.00] , [0.00 , 0.00 , 0.00] , [0.00 , 0.00 , 0.00] , [0.00 , 0.00 , 0.00] , [0.00 , 0.00 , 0.00] , [0.00 , 0.00 , 0.00] , [0.00 , 0.00 , 0.00]}
2025-12-22 22:13:55,677 MambaPro.train INFO: Epoch 11 done. Time per batch: 0.759[s] Speed: 84.3[samples/s]
2025-12-22 22:15:30,027 MambaPro.train INFO: Validation Results - Epoch: 11
2025-12-22 22:15:30,027 MambaPro.train INFO: Current mAP: 76.7%
2025-12-22 22:15:30,027 MambaPro.train INFO: CMC curve, Rank-1  :90.7%
2025-12-22 22:15:30,027 MambaPro.train INFO: CMC curve, Rank-5  :91.5%
2025-12-22 22:15:30,027 MambaPro.train INFO: CMC curve, Rank-10 :93.0%
2025-12-22 22:15:30,027 MambaPro.train INFO: 🎯 New Best! Saving model...
2025-12-22 22:15:30,507 MambaPro.train INFO: [Epoch 11] 指标集合列表（历史）
2025-12-22 22:15:30,507 MambaPro.train INFO: history_mAP:{52.7 , 65.8 , 64.8 , 71.1 , 70.8 , 70.0 , 74.3 , 73.5 , 75.7 , 76.0 , 76.7}
2025-12-22 22:15:30,507 MambaPro.train INFO: best_mAP:{76.7}
2025-12-22 22:15:30,508 MambaPro.train INFO: history_Rank-1:{73.6 , 84.9 , 82.2 , 84.3 , 87.0 , 86.9 , 86.5 , 86.4 , 88.5 , 91.0 , 90.7}
2025-12-22 22:15:30,508 MambaPro.train INFO: best_Rank-1:{91.0}
2025-12-22 22:15:30,508 MambaPro.train INFO: history_Rank-5:{78.1 , 87.2 , 85.1 , 86.6 , 88.7 , 88.9 , 88.4 , 90.0 , 92.2 , 91.5}
2025-12-22 22:15:30,508 MambaPro.train INFO: best_Rank-5:{92.2}
2025-12-22 22:15:30,508 MambaPro.train INFO: history_Rank-10:{80.0 , 88.7 , 86.6 , 88.4 , 89.7 , 90.2 , 90.6 , 89.8 , 91.4 , 93.2 , 93.0}
2025-12-22 22:15:30,508 MambaPro.train INFO: best_Rank-10:{93.2}
2025-12-22 22:15:30,508 MambaPro.train INFO: history_Experts:{[0.00 , 0.00 , 0.00] , [0.00 , 0.00 , 0.00] , [0.00 , 0.00 , 0.00] , [0.00 , 0.00 , 0.00] , [0.00 , 0.00 , 0.00] , [0.00 , 0.00 , 0.00] , [0.00 , 0.00 , 0.00] , [0.00 , 0.00 , 0.00] , [0.00 , 0.00 , 0.00] , [0.00 , 0.00 , 0.00] , [0.00 , 0.00 , 0.00]}
2025-12-22 22:16:59,477 MambaPro.train INFO: Epoch 12 done. Time per batch: 0.758[s] Speed: 84.4[samples/s]
2025-12-22 22:18:33,980 MambaPro.train INFO: Validation Results - Epoch: 12
2025-12-22 22:18:33,980 MambaPro.train INFO: Current mAP: 76.8%
2025-12-22 22:18:33,980 MambaPro.train INFO: CMC curve, Rank-1  :89.6%
2025-12-22 22:18:33,980 MambaPro.train INFO: CMC curve, Rank-5  :91.1%
2025-12-22 22:18:33,980 MambaPro.train INFO: CMC curve, Rank-10 :92.2%
2025-12-22 22:18:33,980 MambaPro.train INFO: 🎯 New Best! Saving model...
2025-12-22 22:18:34,457 MambaPro.train INFO: [Epoch 12] 指标集合列表（历史）
2025-12-22 22:18:34,458 MambaPro.train INFO: history_mAP:{52.7 , 65.8 , 64.8 , 71.1 , 70.8 , 70.0 , 74.3 , 73.5 , 75.7 , 76.0 , 76.7 , 76.8}
2025-12-22 22:18:34,458 MambaPro.train INFO: best_mAP:{76.8}
2025-12-22 22:18:34,458 MambaPro.train INFO: history_Rank-1:{73.6 , 84.9 , 82.2 , 84.3 , 87.0 , 86.9 , 86.5 , 86.4 , 88.5 , 91.0 , 90.7 , 89.6}
2025-12-22 22:18:34,458 MambaPro.train INFO: best_Rank-1:{91.0}
2025-12-22 22:18:34,458 MambaPro.train INFO: history_Rank-5:{78.1 , 87.2 , 85.1 , 86.6 , 88.7 , 88.9 , 88.4 , 90.0 , 92.2 , 91.5 , 91.1}
2025-12-22 22:18:34,458 MambaPro.train INFO: best_Rank-5:{92.2}
2025-12-22 22:18:34,458 MambaPro.train INFO: history_Rank-10:{80.0 , 88.7 , 86.6 , 88.4 , 89.7 , 90.2 , 90.6 , 89.8 , 91.4 , 93.2 , 93.0 , 92.2}
2025-12-22 22:18:34,458 MambaPro.train INFO: best_Rank-10:{93.2}
2025-12-22 22:18:34,458 MambaPro.train INFO: history_Experts:{[0.00 , 0.00 , 0.00] , [0.00 , 0.00 , 0.00] , [0.00 , 0.00 , 0.00] , [0.00 , 0.00 , 0.00] , [0.00 , 0.00 , 0.00] , [0.00 , 0.00 , 0.00] , [0.00 , 0.00 , 0.00] , [0.00 , 0.00 , 0.00] , [0.00 , 0.00 , 0.00] , [0.00 , 0.00 , 0.00] , [0.00 , 0.00 , 0.00] , [0.00 , 0.00 , 0.00]}
2025-12-22 22:20:02,971 MambaPro.train INFO: Epoch 13 done. Time per batch: 0.761[s] Speed: 84.1[samples/s]
2025-12-22 22:21:37,416 MambaPro.train INFO: Validation Results - Epoch: 13
2025-12-22 22:21:37,416 MambaPro.train INFO: Current mAP: 76.6%
2025-12-22 22:21:37,416 MambaPro.train INFO: CMC curve, Rank-1  :90.0%
2025-12-22 22:21:37,416 MambaPro.train INFO: CMC curve, Rank-5  :92.2%
2025-12-22 22:21:37,416 MambaPro.train INFO: CMC curve, Rank-10 :93.5%
2025-12-22 22:21:37,416 MambaPro.train INFO: [Epoch 13] 指标集合列表（历史）
2025-12-22 22:21:37,416 MambaPro.train INFO: history_mAP:{52.7 , 65.8 , 64.8 , 71.1 , 70.8 , 70.0 , 74.3 , 73.5 , 75.7 , 76.0 , 76.7 , 76.8 , 76.6}
2025-12-22 22:21:37,416 MambaPro.train INFO: best_mAP:{76.8}
2025-12-22 22:21:37,416 MambaPro.train INFO: history_Rank-1:{73.6 , 84.9 , 82.2 , 84.3 , 87.0 , 86.9 , 86.5 , 86.4 , 88.5 , 91.0 , 90.7 , 89.6 , 90.0}
2025-12-22 22:21:37,416 MambaPro.train INFO: best_Rank-1:{91.0}
2025-12-22 22:21:37,416 MambaPro.train INFO: history_Rank-5:{78.1 , 87.2 , 85.1 , 86.6 , 88.7 , 88.9 , 88.4 , 90.0 , 92.2 , 91.5 , 91.1}
2025-12-22 22:21:37,416 MambaPro.train INFO: best_Rank-5:{92.2}
2025-12-22 22:21:37,416 MambaPro.train INFO: history_Rank-10:{80.0 , 88.7 , 86.6 , 88.4 , 89.7 , 90.2 , 90.6 , 89.8 , 91.4 , 93.2 , 93.0 , 92.2 , 93.5}
2025-12-22 22:21:37,416 MambaPro.train INFO: best_Rank-10:{93.2}
2025-12-22 22:21:37,416 MambaPro.train INFO: history_Experts:{[0.00 , 0.00 , 0.00] , [0.00 , 0.00 , 0.00] , [0.00 , 0.00 , 0.00] , [0.00 , 0.00 , 0.00] , [0.00 , 0.00 , 0.00] , [0.00 , 0.00 , 0.00] , [0.00 , 0.00 , 0.00] , [0.00 , 0.00 , 0.00] , [0.00 , 0.00 , 0.00] , [0.00 , 0.00 , 0.00] , [0.00 , 0.00 , 0.00] , [0.00 , 0.00 , 0.00] , [0.00 , 0.00 , 0.00]}
2025-12-22 22:23:05,707 MambaPro.train INFO: Epoch 14 done. Time per batch: 0.759[s] Speed: 84.3[samples/s]
2025-12-22 22:24:40,150 MambaPro.train INFO: Validation Results - Epoch: 14
2025-12-22 22:24:40,150 MambaPro.train INFO: Current mAP: 77.9%
2025-12-22 22:24:40,150 MambaPro.train INFO: CMC curve, Rank-1  :90.4%
2025-12-22 22:24:40,150 MambaPro.train INFO: CMC curve, Rank-5  :91.2%
2025-12-22 22:24:40,150 MambaPro.train INFO: CMC curve, Rank-10 :92.2%
2025-12-22 22:24:40,150 MambaPro.train INFO: 🎯 New Best! Saving model...
2025-12-22 22:24:40,629 MambaPro.train INFO: [Epoch 14] 指标集合列表（历史）
2025-12-22 22:24:40,629 MambaPro.train INFO: history_mAP:{52.7 , 65.8 , 64.8 , 71.1 , 70.8 , 70.0 , 74.3 , 73.5 , 75.7 , 76.0 , 76.7 , 76.8 , 76.6 , 77.9}
2025-12-22 22:24:40,629 MambaPro.train INFO: best_mAP:{77.9}
2025-12-22 22:24:40,629 MambaPro.train INFO: history_Rank-1:{73.6 , 84.9 , 82.2 , 84.3 , 87.0 , 86.9 , 86.5 , 86.4 , 88.5 , 91.0 , 90.7 , 89.6 , 90.0 , 90.4}
2025-12-22 22:24:40,630 MambaPro.train INFO: best_Rank-1:{91.0}
2025-12-22 22:24:40,630 MambaPro.train INFO: history_Rank-5:{78.1 , 87.2 , 85.1 , 86.6 , 88.7 , 88.9 , 88.4 , 90.0 , 92.2 , 91.5 , 91.1 , 91.2}
2025-12-22 22:24:40,630 MambaPro.train INFO: best_Rank-5:{92.2}
2025-12-22 22:24:40,630 MambaPro.train INFO: history_Rank-10:{80.0 , 88.7 , 86.6 , 88.4 , 89.7 , 90.2 , 90.6 , 89.8 , 91.4 , 93.2 , 93.0 , 92.2 , 93.5}
2025-12-22 22:24:40,630 MambaPro.train INFO: best_Rank-10:{93.2}
2025-12-22 22:24:40,630 MambaPro.train INFO: history_Experts:{[0.00 , 0.00 , 0.00] , [0.00 , 0.00 , 0.00] , [0.00 , 0.00 , 0.00] , [0.00 , 0.00 , 0.00] , [0.00 , 0.00 , 0.00] , [0.00 , 0.00 , 0.00] , [0.00 , 0.00 , 0.00] , [0.00 , 0.00 , 0.00] , [0.00 , 0.00 , 0.00] , [0.00 , 0.00 , 0.00] , [0.00 , 0.00 , 0.00] , [0.00 , 0.00 , 0.00] , [0.00 , 0.00 , 0.00] , [0.00 , 0.00 , 0.00]}
2025-12-22 22:26:08,981 MambaPro.train INFO: Epoch 15 done. Time per batch: 0.759[s] Speed: 84.3[samples/s]
2025-12-22 22:27:43,393 MambaPro.train INFO: Validation Results - Epoch: 15
2025-12-22 22:27:43,393 MambaPro.train INFO: Current mAP: 78.0%
2025-12-22 22:27:43,393 MambaPro.train INFO: CMC curve, Rank-1  :90.1%
2025-12-22 22:27:43,393 MambaPro.train INFO: CMC curve, Rank-5  :91.4%
2025-12-22 22:27:43,393 MambaPro.train INFO: CMC curve, Rank-10 :92.1%
2025-12-22 22:27:43,393 MambaPro.train INFO: 🎯 New Best! Saving model...
2025-12-22 22:27:43,870 MambaPro.train INFO: [Epoch 15] 指标集合列表（历史）
2025-12-22 22:27:43,870 MambaPro.train INFO: history_mAP:{52.7 , 65.8 , 64.8 , 71.1 , 70.8 , 70.0 , 74.3 , 73.5 , 75.7 , 76.0 , 76.7 , 76.8 , 76.6 , 77.9 , 78.0}
2025-12-22 22:27:43,870 MambaPro.train INFO: best_mAP:{78.0}
2025-12-22 22:27:43,870 MambaPro.train INFO: history_Rank-1:{73.6 , 84.9 , 82.2 , 84.3 , 87.0 , 86.9 , 86.5 , 86.4 , 88.5 , 91.0 , 90.7 , 89.6 , 90.0 , 90.4 , 90.1}
2025-12-22 22:27:43,870 MambaPro.train INFO: best_Rank-1:{91.0}
2025-12-22 22:27:43,870 MambaPro.train INFO: history_Rank-5:{78.1 , 87.2 , 85.1 , 86.6 , 88.7 , 88.9 , 88.4 , 90.0 , 92.2 , 91.5 , 91.1 , 91.2 , 91.4}
2025-12-22 22:27:43,870 MambaPro.train INFO: best_Rank-5:{92.2}
2025-12-22 22:27:43,870 MambaPro.train INFO: history_Rank-10:{80.0 , 88.7 , 86.6 , 88.4 , 89.7 , 90.2 , 90.6 , 89.8 , 91.4 , 93.2 , 93.0 , 92.2 , 93.5 , 92.1}
2025-12-22 22:27:43,870 MambaPro.train INFO: best_Rank-10:{93.2}
2025-12-22 22:27:43,870 MambaPro.train INFO: history_Experts:{[0.00 , 0.00 , 0.00] , [0.00 , 0.00 , 0.00] , [0.00 , 0.00 , 0.00] , [0.00 , 0.00 , 0.00] , [0.00 , 0.00 , 0.00] , [0.00 , 0.00 , 0.00] , [0.00 , 0.00 , 0.00] , [0.00 , 0.00 , 0.00] , [0.00 , 0.00 , 0.00] , [0.00 , 0.00 , 0.00] , [0.00 , 0.00 , 0.00] , [0.00 , 0.00 , 0.00] , [0.00 , 0.00 , 0.00] , [0.00 , 0.00 , 0.00] , [0.00 , 0.00 , 0.00]}
2025-12-22 22:29:12,917 MambaPro.train INFO: Epoch 16 done. Time per batch: 0.759[s] Speed: 84.3[samples/s]
2025-12-22 22:30:47,307 MambaPro.train INFO: Validation Results - Epoch: 16
2025-12-22 22:30:47,307 MambaPro.train INFO: Current mAP: 77.7%
2025-12-22 22:30:47,307 MambaPro.train INFO: CMC curve, Rank-1  :91.3%
2025-12-22 22:30:47,307 MambaPro.train INFO: CMC curve, Rank-5  :92.8%
2025-12-22 22:30:47,307 MambaPro.train INFO: CMC curve, Rank-10 :93.4%
2025-12-22 22:30:47,307 MambaPro.train INFO: [Epoch 16] 指标集合列表（历史）
2025-12-22 22:30:47,307 MambaPro.train INFO: history_mAP:{52.7 , 65.8 , 64.8 , 71.1 , 70.8 , 70.0 , 74.3 , 73.5 , 75.7 , 76.0 , 76.7 , 76.8 , 76.6 , 77.9 , 78.0 , 77.7}
2025-12-22 22:30:47,307 MambaPro.train INFO: best_mAP:{78.0}
2025-12-22 22:30:47,307 MambaPro.train INFO: history_Rank-1:{73.6 , 84.9 , 82.2 , 84.3 , 87.0 , 86.9 , 86.5 , 86.4 , 88.5 , 91.0 , 90.7 , 89.6 , 90.0 , 90.4 , 90.1 , 91.3}
2025-12-22 22:30:47,307 MambaPro.train INFO: best_Rank-1:{91.0}
2025-12-22 22:30:47,307 MambaPro.train INFO: history_Rank-5:{78.1 , 87.2 , 85.1 , 86.6 , 88.7 , 88.9 , 88.4 , 90.0 , 92.2 , 91.5 , 91.1 , 91.2 , 91.4 , 92.8}
2025-12-22 22:30:47,307 MambaPro.train INFO: best_Rank-5:{92.2}
2025-12-22 22:30:47,307 MambaPro.train INFO: history_Rank-10:{80.0 , 88.7 , 86.6 , 88.4 , 89.7 , 90.2 , 90.6 , 89.8 , 91.4 , 93.2 , 93.0 , 92.2 , 93.5 , 92.1 , 93.4}
2025-12-22 22:30:47,307 MambaPro.train INFO: best_Rank-10:{93.2}
2025-12-22 22:30:47,307 MambaPro.train INFO: history_Experts:{[0.00 , 0.00 , 0.00] , [0.00 , 0.00 , 0.00] , [0.00 , 0.00 , 0.00] , [0.00 , 0.00 , 0.00] , [0.00 , 0.00 , 0.00] , [0.00 , 0.00 , 0.00] , [0.00 , 0.00 , 0.00] , [0.00 , 0.00 , 0.00] , [0.00 , 0.00 , 0.00] , [0.00 , 0.00 , 0.00] , [0.00 , 0.00 , 0.00] , [0.00 , 0.00 , 0.00] , [0.00 , 0.00 , 0.00] , [0.00 , 0.00 , 0.00] , [0.00 , 0.00 , 0.00] , [0.00 , 0.00 , 0.00]}
2025-12-22 22:32:15,587 MambaPro.train INFO: Epoch 17 done. Time per batch: 0.759[s] Speed: 84.3[samples/s]
2025-12-22 22:33:50,059 MambaPro.train INFO: Validation Results - Epoch: 17
2025-12-22 22:33:50,059 MambaPro.train INFO: Current mAP: 78.3%
2025-12-22 22:33:50,059 MambaPro.train INFO: CMC curve, Rank-1  :90.8%
2025-12-22 22:33:50,059 MambaPro.train INFO: CMC curve, Rank-5  :92.5%
2025-12-22 22:33:50,059 MambaPro.train INFO: CMC curve, Rank-10 :92.9%
2025-12-22 22:33:50,059 MambaPro.train INFO: 🎯 New Best! Saving model...
2025-12-22 22:33:50,533 MambaPro.train INFO: [Epoch 17] 指标集合列表（历史）
2025-12-22 22:33:50,533 MambaPro.train INFO: history_mAP:{52.7 , 65.8 , 64.8 , 71.1 , 70.8 , 70.0 , 74.3 , 73.5 , 75.7 , 76.0 , 76.7 , 76.8 , 76.6 , 77.9 , 78.0 , 77.7 , 78.3}
2025-12-22 22:33:50,533 MambaPro.train INFO: best_mAP:{78.3}
2025-12-22 22:33:50,533 MambaPro.train INFO: history_Rank-1:{73.6 , 84.9 , 82.2 , 84.3 , 87.0 , 86.9 , 86.5 , 86.4 , 88.5 , 91.0 , 90.7 , 89.6 , 90.0 , 90.4 , 90.1 , 91.3 , 90.8}
2025-12-22 22:33:50,533 MambaPro.train INFO: best_Rank-1:{91.0}
2025-12-22 22:33:50,533 MambaPro.train INFO: history_Rank-5:{78.1 , 87.2 , 85.1 , 86.6 , 88.7 , 88.9 , 88.4 , 90.0 , 92.2 , 91.5 , 91.1 , 91.2 , 91.4 , 92.8 , 92.5}
2025-12-22 22:33:50,533 MambaPro.train INFO: best_Rank-5:{92.5}
2025-12-22 22:33:50,533 MambaPro.train INFO: history_Rank-10:{80.0 , 88.7 , 86.6 , 88.4 , 89.7 , 90.2 , 90.6 , 89.8 , 91.4 , 93.2 , 93.0 , 92.2 , 93.5 , 92.1 , 93.4 , 92.9}
2025-12-22 22:33:50,533 MambaPro.train INFO: best_Rank-10:{93.2}
2025-12-22 22:33:50,533 MambaPro.train INFO: history_Experts:{[0.00 , 0.00 , 0.00] , [0.00 , 0.00 , 0.00] , [0.00 , 0.00 , 0.00] , [0.00 , 0.00 , 0.00] , [0.00 , 0.00 , 0.00] , [0.00 , 0.00 , 0.00] , [0.00 , 0.00 , 0.00] , [0.00 , 0.00 , 0.00] , [0.00 , 0.00 , 0.00] , [0.00 , 0.00 , 0.00] , [0.00 , 0.00 , 0.00] , [0.00 , 0.00 , 0.00] , [0.00 , 0.00 , 0.00] , [0.00 , 0.00 , 0.00] , [0.00 , 0.00 , 0.00] , [0.00 , 0.00 , 0.00] , [0.00 , 0.00 , 0.00]}
2025-12-22 22:35:18,036 MambaPro.train INFO: Epoch 18 done. Time per batch: 0.759[s] Speed: 84.4[samples/s]
2025-12-22 22:36:52,378 MambaPro.train INFO: Validation Results - Epoch: 18
2025-12-22 22:36:52,378 MambaPro.train INFO: Current mAP: 78.4%
2025-12-22 22:36:52,378 MambaPro.train INFO: CMC curve, Rank-1  :90.4%
2025-12-22 22:36:52,378 MambaPro.train INFO: CMC curve, Rank-5  :91.5%
2025-12-22 22:36:52,378 MambaPro.train INFO: CMC curve, Rank-10 :92.2%
2025-12-22 22:36:52,378 MambaPro.train INFO: 🎯 New Best! Saving model...
2025-12-22 22:36:52,861 MambaPro.train INFO: [Epoch 18] 指标集合列表（历史）
2025-12-22 22:36:52,861 MambaPro.train INFO: history_mAP:{52.7 , 65.8 , 64.8 , 71.1 , 70.8 , 70.0 , 74.3 , 73.5 , 75.7 , 76.0 , 76.7 , 76.8 , 76.6 , 77.9 , 78.0 , 77.7 , 78.3 , 78.4}
2025-12-22 22:36:52,861 MambaPro.train INFO: best_mAP:{78.4}
2025-12-22 22:36:52,861 MambaPro.train INFO: history_Rank-1:{73.6 , 84.9 , 82.2 , 84.3 , 87.0 , 86.9 , 86.5 , 86.4 , 88.5 , 91.0 , 90.7 , 89.6 , 90.0 , 90.4 , 90.1 , 91.3 , 90.8 , 90.4}
2025-12-22 22:36:52,861 MambaPro.train INFO: best_Rank-1:{91.0}
2025-12-22 22:36:52,861 MambaPro.train INFO: history_Rank-5:{78.1 , 87.2 , 85.1 , 86.6 , 88.7 , 88.9 , 88.4 , 90.0 , 92.2 , 91.5 , 91.1 , 91.2 , 91.4 , 92.8 , 92.5 , 91.5}
2025-12-22 22:36:52,861 MambaPro.train INFO: best_Rank-5:{92.5}
2025-12-22 22:36:52,861 MambaPro.train INFO: history_Rank-10:{80.0 , 88.7 , 86.6 , 88.4 , 89.7 , 90.2 , 90.6 , 89.8 , 91.4 , 93.2 , 93.0 , 92.2 , 93.5 , 92.1 , 93.4 , 92.9}
2025-12-22 22:36:52,861 MambaPro.train INFO: best_Rank-10:{93.2}
2025-12-22 22:36:52,861 MambaPro.train INFO: history_Experts:{[0.00 , 0.00 , 0.00] , [0.00 , 0.00 , 0.00] , [0.00 , 0.00 , 0.00] , [0.00 , 0.00 , 0.00] , [0.00 , 0.00 , 0.00] , [0.00 , 0.00 , 0.00] , [0.00 , 0.00 , 0.00] , [0.00 , 0.00 , 0.00] , [0.00 , 0.00 , 0.00] , [0.00 , 0.00 , 0.00] , [0.00 , 0.00 , 0.00] , [0.00 , 0.00 , 0.00] , [0.00 , 0.00 , 0.00] , [0.00 , 0.00 , 0.00] , [0.00 , 0.00 , 0.00] , [0.00 , 0.00 , 0.00] , [0.00 , 0.00 , 0.00] , [0.00 , 0.00 , 0.00]}
2025-12-22 22:38:21,915 MambaPro.train INFO: Epoch 19 done. Time per batch: 0.759[s] Speed: 84.3[samples/s]
2025-12-22 22:39:56,268 MambaPro.train INFO: Validation Results - Epoch: 19
2025-12-22 22:39:56,269 MambaPro.train INFO: Current mAP: 78.5%
2025-12-22 22:39:56,269 MambaPro.train INFO: CMC curve, Rank-1  :90.3%
2025-12-22 22:39:56,269 MambaPro.train INFO: CMC curve, Rank-5  :91.3%
2025-12-22 22:39:56,269 MambaPro.train INFO: CMC curve, Rank-10 :92.7%
2025-12-22 22:39:56,269 MambaPro.train INFO: 🎯 New Best! Saving model...
2025-12-22 22:39:56,743 MambaPro.train INFO: [Epoch 19] 指标集合列表（历史）
2025-12-22 22:39:56,743 MambaPro.train INFO: history_mAP:{52.7 , 65.8 , 64.8 , 71.1 , 70.8 , 70.0 , 74.3 , 73.5 , 75.7 , 76.0 , 76.7 , 76.8 , 76.6 , 77.9 , 78.0 , 77.7 , 78.3 , 78.4 , 78.5}
2025-12-22 22:39:56,743 MambaPro.train INFO: best_mAP:{78.5}
2025-12-22 22:39:56,743 MambaPro.train INFO: history_Rank-1:{73.6 , 84.9 , 82.2 , 84.3 , 87.0 , 86.9 , 86.5 , 86.4 , 88.5 , 91.0 , 90.7 , 89.6 , 90.0 , 90.4 , 90.1 , 91.3 , 90.8 , 90.4 , 90.3}
2025-12-22 22:39:56,743 MambaPro.train INFO: best_Rank-1:{91.0}
2025-12-22 22:39:56,743 MambaPro.train INFO: history_Rank-5:{78.1 , 87.2 , 85.1 , 86.6 , 88.7 , 88.9 , 88.4 , 90.0 , 92.2 , 91.5 , 91.1 , 91.2 , 91.4 , 92.8 , 92.5 , 91.5 , 91.3}
2025-12-22 22:39:56,743 MambaPro.train INFO: best_Rank-5:{92.5}
2025-12-22 22:39:56,743 MambaPro.train INFO: history_Rank-10:{80.0 , 88.7 , 86.6 , 88.4 , 89.7 , 90.2 , 90.6 , 89.8 , 91.4 , 93.2 , 93.0 , 92.2 , 93.5 , 92.1 , 93.4 , 92.9 , 92.7}
2025-12-22 22:39:56,743 MambaPro.train INFO: best_Rank-10:{93.2}
2025-12-22 22:39:56,743 MambaPro.train INFO: history_Experts:{[0.00 , 0.00 , 0.00] , [0.00 , 0.00 , 0.00] , [0.00 , 0.00 , 0.00] , [0.00 , 0.00 , 0.00] , [0.00 , 0.00 , 0.00] , [0.00 , 0.00 , 0.00] , [0.00 , 0.00 , 0.00] , [0.00 , 0.00 , 0.00] , [0.00 , 0.00 , 0.00] , [0.00 , 0.00 , 0.00] , [0.00 , 0.00 , 0.00] , [0.00 , 0.00 , 0.00] , [0.00 , 0.00 , 0.00] , [0.00 , 0.00 , 0.00] , [0.00 , 0.00 , 0.00] , [0.00 , 0.00 , 0.00] , [0.00 , 0.00 , 0.00] , [0.00 , 0.00 , 0.00] , [0.00 , 0.00 , 0.00]}
2025-12-22 22:41:25,022 MambaPro.train INFO: Epoch 20 done. Time per batch: 0.759[s] Speed: 84.3[samples/s]
2025-12-22 22:42:59,410 MambaPro.train INFO: Validation Results - Epoch: 20
2025-12-22 22:42:59,410 MambaPro.train INFO: Current mAP: 78.5%
2025-12-22 22:42:59,410 MambaPro.train INFO: CMC curve, Rank-1  :90.8%
2025-12-22 22:42:59,410 MambaPro.train INFO: CMC curve, Rank-5  :92.2%
2025-12-22 22:42:59,410 MambaPro.train INFO: CMC curve, Rank-10 :92.9%
2025-12-22 22:42:59,410 MambaPro.train INFO: 🎯 New Best! Saving model...
2025-12-22 22:42:59,911 MambaPro.train INFO: [Epoch 20] 指标集合列表（历史）
2025-12-22 22:42:59,911 MambaPro.train INFO: history_mAP:{52.7 , 65.8 , 64.8 , 71.1 , 70.8 , 70.0 , 74.3 , 73.5 , 75.7 , 76.0 , 76.7 , 76.8 , 76.6 , 77.9 , 78.0 , 77.7 , 78.3 , 78.4 , 78.5 , 78.5}
2025-12-22 22:42:59,911 MambaPro.train INFO: best_mAP:{78.5}
2025-12-22 22:42:59,911 MambaPro.train INFO: history_Rank-1:{73.6 , 84.9 , 82.2 , 84.3 , 87.0 , 86.9 , 86.5 , 86.4 , 88.5 , 91.0 , 90.7 , 89.6 , 90.0 , 90.4 , 90.1 , 91.3 , 90.8 , 90.4 , 90.3 , 90.8}
2025-12-22 22:42:59,911 MambaPro.train INFO: best_Rank-1:{91.0}
2025-12-22 22:42:59,911 MambaPro.train INFO: history_Rank-5:{78.1 , 87.2 , 85.1 , 86.6 , 88.7 , 88.9 , 88.4 , 90.0 , 92.2 , 91.5 , 91.1 , 91.2 , 91.4 , 92.8 , 92.5 , 91.5 , 91.3}
2025-12-22 22:42:59,911 MambaPro.train INFO: best_Rank-5:{92.5}
2025-12-22 22:42:59,911 MambaPro.train INFO: history_Rank-10:{80.0 , 88.7 , 86.6 , 88.4 , 89.7 , 90.2 , 90.6 , 89.8 , 91.4 , 93.2 , 93.0 , 92.2 , 93.5 , 92.1 , 93.4 , 92.9 , 92.7}
2025-12-22 22:42:59,911 MambaPro.train INFO: best_Rank-10:{93.2}
2025-12-22 22:42:59,911 MambaPro.train INFO: history_Experts:{[0.00 , 0.00 , 0.00] , [0.00 , 0.00 , 0.00] , [0.00 , 0.00 , 0.00] , [0.00 , 0.00 , 0.00] , [0.00 , 0.00 , 0.00] , [0.00 , 0.00 , 0.00] , [0.00 , 0.00 , 0.00] , [0.00 , 0.00 , 0.00] , [0.00 , 0.00 , 0.00] , [0.00 , 0.00 , 0.00] , [0.00 , 0.00 , 0.00] , [0.00 , 0.00 , 0.00] , [0.00 , 0.00 , 0.00] , [0.00 , 0.00 , 0.00] , [0.00 , 0.00 , 0.00] , [0.00 , 0.00 , 0.00] , [0.00 , 0.00 , 0.00] , [0.00 , 0.00 , 0.00] , [0.00 , 0.00 , 0.00] , [0.00 , 0.00 , 0.00]}
2025-12-22 22:44:28,303 MambaPro.train INFO: Epoch 21 done. Time per batch: 0.760[s] Speed: 84.2[samples/s]
2025-12-22 22:46:02,722 MambaPro.train INFO: Validation Results - Epoch: 21
2025-12-22 22:46:02,722 MambaPro.train INFO: Current mAP: 78.2%
2025-12-22 22:46:02,723 MambaPro.train INFO: CMC curve, Rank-1  :90.1%
2025-12-22 22:46:02,723 MambaPro.train INFO: CMC curve, Rank-5  :91.1%
2025-12-22 22:46:02,723 MambaPro.train INFO: CMC curve, Rank-10 :91.8%
2025-12-22 22:46:02,723 MambaPro.train INFO: [Epoch 21] 指标集合列表（历史）
2025-12-22 22:46:02,723 MambaPro.train INFO: history_mAP:{52.7 , 65.8 , 64.8 , 71.1 , 70.8 , 70.0 , 74.3 , 73.5 , 75.7 , 76.0 , 76.7 , 76.8 , 76.6 , 77.9 , 78.0 , 77.7 , 78.3 , 78.4 , 78.5 , 78.5 , 78.2}
2025-12-22 22:46:02,723 MambaPro.train INFO: best_mAP:{78.5}
2025-12-22 22:46:02,723 MambaPro.train INFO: history_Rank-1:{73.6 , 84.9 , 82.2 , 84.3 , 87.0 , 86.9 , 86.5 , 86.4 , 88.5 , 91.0 , 90.7 , 89.6 , 90.0 , 90.4 , 90.1 , 91.3 , 90.8 , 90.4 , 90.3 , 90.8 , 90.1}
2025-12-22 22:46:02,723 MambaPro.train INFO: best_Rank-1:{91.0}
2025-12-22 22:46:02,723 MambaPro.train INFO: history_Rank-5:{78.1 , 87.2 , 85.1 , 86.6 , 88.7 , 88.9 , 88.4 , 90.0 , 92.2 , 91.5 , 91.1 , 91.2 , 91.4 , 92.8 , 92.5 , 91.5 , 91.3}
2025-12-22 22:46:02,723 MambaPro.train INFO: best_Rank-5:{92.5}
2025-12-22 22:46:02,723 MambaPro.train INFO: history_Rank-10:{80.0 , 88.7 , 86.6 , 88.4 , 89.7 , 90.2 , 90.6 , 89.8 , 91.4 , 93.2 , 93.0 , 92.2 , 93.5 , 92.1 , 93.4 , 92.9 , 92.7 , 91.8}
2025-12-22 22:46:02,723 MambaPro.train INFO: best_Rank-10:{93.2}
2025-12-22 22:46:02,723 MambaPro.train INFO: history_Experts:{[0.00 , 0.00 , 0.00] , [0.00 , 0.00 , 0.00] , [0.00 , 0.00 , 0.00] , [0.00 , 0.00 , 0.00] , [0.00 , 0.00 , 0.00] , [0.00 , 0.00 , 0.00] , [0.00 , 0.00 , 0.00] , [0.00 , 0.00 , 0.00] , [0.00 , 0.00 , 0.00] , [0.00 , 0.00 , 0.00] , [0.00 , 0.00 , 0.00] , [0.00 , 0.00 , 0.00] , [0.00 , 0.00 , 0.00] , [0.00 , 0.00 , 0.00] , [0.00 , 0.00 , 0.00] , [0.00 , 0.00 , 0.00] , [0.00 , 0.00 , 0.00] , [0.00 , 0.00 , 0.00] , [0.00 , 0.00 , 0.00] , [0.00 , 0.00 , 0.00] , [0.00 , 0.00 , 0.00]}
2025-12-22 22:47:31,114 MambaPro.train INFO: Epoch 22 done. Time per batch: 0.760[s] Speed: 84.2[samples/s]
2025-12-22 22:49:05,536 MambaPro.train INFO: Validation Results - Epoch: 22
2025-12-22 22:49:05,536 MambaPro.train INFO: Current mAP: 78.4%
2025-12-22 22:49:05,536 MambaPro.train INFO: CMC curve, Rank-1  :90.6%
2025-12-22 22:49:05,536 MambaPro.train INFO: CMC curve, Rank-5  :91.5%
2025-12-22 22:49:05,536 MambaPro.train INFO: CMC curve, Rank-10 :91.8%
2025-12-22 22:49:05,536 MambaPro.train INFO: [Epoch 22] 指标集合列表（历史）
2025-12-22 22:49:05,536 MambaPro.train INFO: history_mAP:{52.7 , 65.8 , 64.8 , 71.1 , 70.8 , 70.0 , 74.3 , 73.5 , 75.7 , 76.0 , 76.7 , 76.8 , 76.6 , 77.9 , 78.0 , 77.7 , 78.3 , 78.4 , 78.5 , 78.5 , 78.2 , 78.4}
2025-12-22 22:49:05,536 MambaPro.train INFO: best_mAP:{78.5}
2025-12-22 22:49:05,536 MambaPro.train INFO: history_Rank-1:{73.6 , 84.9 , 82.2 , 84.3 , 87.0 , 86.9 , 86.5 , 86.4 , 88.5 , 91.0 , 90.7 , 89.6 , 90.0 , 90.4 , 90.1 , 91.3 , 90.8 , 90.4 , 90.3 , 90.8 , 90.1 , 90.6}
2025-12-22 22:49:05,536 MambaPro.train INFO: best_Rank-1:{91.0}
2025-12-22 22:49:05,536 MambaPro.train INFO: history_Rank-5:{78.1 , 87.2 , 85.1 , 86.6 , 88.7 , 88.9 , 88.4 , 90.0 , 92.2 , 91.5 , 91.1 , 91.2 , 91.4 , 92.8 , 92.5 , 91.5 , 91.3}
2025-12-22 22:49:05,536 MambaPro.train INFO: best_Rank-5:{92.5}
2025-12-22 22:49:05,536 MambaPro.train INFO: history_Rank-10:{80.0 , 88.7 , 86.6 , 88.4 , 89.7 , 90.2 , 90.6 , 89.8 , 91.4 , 93.2 , 93.0 , 92.2 , 93.5 , 92.1 , 93.4 , 92.9 , 92.7 , 91.8}
2025-12-22 22:49:05,536 MambaPro.train INFO: best_Rank-10:{93.2}
2025-12-22 22:49:05,536 MambaPro.train INFO: history_Experts:{[0.00 , 0.00 , 0.00] , [0.00 , 0.00 , 0.00] , [0.00 , 0.00 , 0.00] , [0.00 , 0.00 , 0.00] , [0.00 , 0.00 , 0.00] , [0.00 , 0.00 , 0.00] , [0.00 , 0.00 , 0.00] , [0.00 , 0.00 , 0.00] , [0.00 , 0.00 , 0.00] , [0.00 , 0.00 , 0.00] , [0.00 , 0.00 , 0.00] , [0.00 , 0.00 , 0.00] , [0.00 , 0.00 , 0.00] , [0.00 , 0.00 , 0.00] , [0.00 , 0.00 , 0.00] , [0.00 , 0.00 , 0.00] , [0.00 , 0.00 , 0.00] , [0.00 , 0.00 , 0.00] , [0.00 , 0.00 , 0.00] , [0.00 , 0.00 , 0.00] , [0.00 , 0.00 , 0.00] , [0.00 , 0.00 , 0.00]}
2025-12-22 22:50:33,872 MambaPro.train INFO: Epoch 23 done. Time per batch: 0.759[s] Speed: 84.3[samples/s]
2025-12-22 22:52:08,344 MambaPro.train INFO: Validation Results - Epoch: 23
2025-12-22 22:52:08,344 MambaPro.train INFO: Current mAP: 78.5%
2025-12-22 22:52:08,344 MambaPro.train INFO: CMC curve, Rank-1  :90.6%
2025-12-22 22:52:08,344 MambaPro.train INFO: CMC curve, Rank-5  :91.4%
2025-12-22 22:52:08,344 MambaPro.train INFO: CMC curve, Rank-10 :92.3%
2025-12-22 22:52:08,344 MambaPro.train INFO: 🎯 New Best! Saving model...
2025-12-22 22:52:08,821 MambaPro.train INFO: [Epoch 23] 指标集合列表（历史）
2025-12-22 22:52:08,821 MambaPro.train INFO: history_mAP:{52.7 , 65.8 , 64.8 , 71.1 , 70.8 , 70.0 , 74.3 , 73.5 , 75.7 , 76.0 , 76.7 , 76.8 , 76.6 , 77.9 , 78.0 , 77.7 , 78.3 , 78.4 , 78.5 , 78.5 , 78.2 , 78.4 , 78.5}
2025-12-22 22:52:08,821 MambaPro.train INFO: best_mAP:{78.5}
2025-12-22 22:52:08,821 MambaPro.train INFO: history_Rank-1:{73.6 , 84.9 , 82.2 , 84.3 , 87.0 , 86.9 , 86.5 , 86.4 , 88.5 , 91.0 , 90.7 , 89.6 , 90.0 , 90.4 , 90.1 , 91.3 , 90.8 , 90.4 , 90.3 , 90.8 , 90.1 , 90.6 , 90.6}
2025-12-22 22:52:08,821 MambaPro.train INFO: best_Rank-1:{91.0}
2025-12-22 22:52:08,822 MambaPro.train INFO: history_Rank-5:{78.1 , 87.2 , 85.1 , 86.6 , 88.7 , 88.9 , 88.4 , 90.0 , 92.2 , 91.5 , 91.1 , 91.2 , 91.4 , 92.8 , 92.5 , 91.5 , 91.3 , 91.4}
2025-12-22 22:52:08,822 MambaPro.train INFO: best_Rank-5:{92.5}
2025-12-22 22:52:08,822 MambaPro.train INFO: history_Rank-10:{80.0 , 88.7 , 86.6 , 88.4 , 89.7 , 90.2 , 90.6 , 89.8 , 91.4 , 93.2 , 93.0 , 92.2 , 93.5 , 92.1 , 93.4 , 92.9 , 92.7 , 91.8 , 92.3}
2025-12-22 22:52:08,822 MambaPro.train INFO: best_Rank-10:{93.2}
2025-12-22 22:52:08,822 MambaPro.train INFO: history_Experts:{[0.00 , 0.00 , 0.00] , [0.00 , 0.00 , 0.00] , [0.00 , 0.00 , 0.00] , [0.00 , 0.00 , 0.00] , [0.00 , 0.00 , 0.00] , [0.00 , 0.00 , 0.00] , [0.00 , 0.00 , 0.00] , [0.00 , 0.00 , 0.00] , [0.00 , 0.00 , 0.00] , [0.00 , 0.00 , 0.00] , [0.00 , 0.00 , 0.00] , [0.00 , 0.00 , 0.00] , [0.00 , 0.00 , 0.00] , [0.00 , 0.00 , 0.00] , [0.00 , 0.00 , 0.00] , [0.00 , 0.00 , 0.00] , [0.00 , 0.00 , 0.00] , [0.00 , 0.00 , 0.00] , [0.00 , 0.00 , 0.00] , [0.00 , 0.00 , 0.00] , [0.00 , 0.00 , 0.00] , [0.00 , 0.00 , 0.00] , [0.00 , 0.00 , 0.00]}
2025-12-22 22:53:37,085 MambaPro.train INFO: Epoch 24 done. Time per batch: 0.759[s] Speed: 84.4[samples/s]
2025-12-22 22:55:11,397 MambaPro.train INFO: Validation Results - Epoch: 24
2025-12-22 22:55:11,397 MambaPro.train INFO: Current mAP: 78.7%
2025-12-22 22:55:11,397 MambaPro.train INFO: CMC curve, Rank-1  :90.6%
2025-12-22 22:55:11,397 MambaPro.train INFO: CMC curve, Rank-5  :91.5%
2025-12-22 22:55:11,397 MambaPro.train INFO: CMC curve, Rank-10 :92.3%
2025-12-22 22:55:11,397 MambaPro.train INFO: 🎯 New Best! Saving model...
2025-12-22 22:55:11,875 MambaPro.train INFO: [Epoch 24] 指标集合列表（历史）
2025-12-22 22:55:11,875 MambaPro.train INFO: history_mAP:{52.7 , 65.8 , 64.8 , 71.1 , 70.8 , 70.0 , 74.3 , 73.5 , 75.7 , 76.0 , 76.7 , 76.8 , 76.6 , 77.9 , 78.0 , 77.7 , 78.3 , 78.4 , 78.5 , 78.5 , 78.2 , 78.4 , 78.5 , 78.7}
2025-12-22 22:55:11,875 MambaPro.train INFO: best_mAP:{78.7}
2025-12-22 22:55:11,875 MambaPro.train INFO: history_Rank-1:{73.6 , 84.9 , 82.2 , 84.3 , 87.0 , 86.9 , 86.5 , 86.4 , 88.5 , 91.0 , 90.7 , 89.6 , 90.0 , 90.4 , 90.1 , 91.3 , 90.8 , 90.4 , 90.3 , 90.8 , 90.1 , 90.6 , 90.6}
2025-12-22 22:55:11,875 MambaPro.train INFO: best_Rank-1:{91.0}
2025-12-22 22:55:11,875 MambaPro.train INFO: history_Rank-5:{78.1 , 87.2 , 85.1 , 86.6 , 88.7 , 88.9 , 88.4 , 90.0 , 92.2 , 91.5 , 91.1 , 91.2 , 91.4 , 92.8 , 92.5 , 91.5 , 91.3 , 91.4}
2025-12-22 22:55:11,875 MambaPro.train INFO: best_Rank-5:{92.5}
2025-12-22 22:55:11,875 MambaPro.train INFO: history_Rank-10:{80.0 , 88.7 , 86.6 , 88.4 , 89.7 , 90.2 , 90.6 , 89.8 , 91.4 , 93.2 , 93.0 , 92.2 , 93.5 , 92.1 , 93.4 , 92.9 , 92.7 , 91.8 , 92.3}
2025-12-22 22:55:11,875 MambaPro.train INFO: best_Rank-10:{93.2}
2025-12-22 22:55:11,875 MambaPro.train INFO: history_Experts:{[0.00 , 0.00 , 0.00] , [0.00 , 0.00 , 0.00] , [0.00 , 0.00 , 0.00] , [0.00 , 0.00 , 0.00] , [0.00 , 0.00 , 0.00] , [0.00 , 0.00 , 0.00] , [0.00 , 0.00 , 0.00] , [0.00 , 0.00 , 0.00] , [0.00 , 0.00 , 0.00] , [0.00 , 0.00 , 0.00] , [0.00 , 0.00 , 0.00] , [0.00 , 0.00 , 0.00] , [0.00 , 0.00 , 0.00] , [0.00 , 0.00 , 0.00] , [0.00 , 0.00 , 0.00] , [0.00 , 0.00 , 0.00] , [0.00 , 0.00 , 0.00] , [0.00 , 0.00 , 0.00] , [0.00 , 0.00 , 0.00] , [0.00 , 0.00 , 0.00] , [0.00 , 0.00 , 0.00] , [0.00 , 0.00 , 0.00] , [0.00 , 0.00 , 0.00] , [0.00 , 0.00 , 0.00]}
2025-12-22 22:56:40,943 MambaPro.train INFO: Epoch 25 done. Time per batch: 0.759[s] Speed: 84.3[samples/s]
2025-12-22 22:58:15,398 MambaPro.train INFO: Validation Results - Epoch: 25
2025-12-22 22:58:15,398 MambaPro.train INFO: Current mAP: 78.6%
2025-12-22 22:58:15,398 MambaPro.train INFO: CMC curve, Rank-1  :90.7%
2025-12-22 22:58:15,398 MambaPro.train INFO: CMC curve, Rank-5  :91.7%
2025-12-22 22:58:15,398 MambaPro.train INFO: CMC curve, Rank-10 :92.6%
2025-12-22 22:58:15,399 MambaPro.train INFO: [Epoch 25] 指标集合列表（历史）
2025-12-22 22:58:15,399 MambaPro.train INFO: history_mAP:{52.7 , 65.8 , 64.8 , 71.1 , 70.8 , 70.0 , 74.3 , 73.5 , 75.7 , 76.0 , 76.7 , 76.8 , 76.6 , 77.9 , 78.0 , 77.7 , 78.3 , 78.4 , 78.5 , 78.5 , 78.2 , 78.4 , 78.5 , 78.7 , 78.6}
2025-12-22 22:58:15,399 MambaPro.train INFO: best_mAP:{78.7}
2025-12-22 22:58:15,399 MambaPro.train INFO: history_Rank-1:{73.6 , 84.9 , 82.2 , 84.3 , 87.0 , 86.9 , 86.5 , 86.4 , 88.5 , 91.0 , 90.7 , 89.6 , 90.0 , 90.4 , 90.1 , 91.3 , 90.8 , 90.4 , 90.3 , 90.8 , 90.1 , 90.6 , 90.6 , 90.7}
2025-12-22 22:58:15,399 MambaPro.train INFO: best_Rank-1:{91.0}
2025-12-22 22:58:15,399 MambaPro.train INFO: history_Rank-5:{78.1 , 87.2 , 85.1 , 86.6 , 88.7 , 88.9 , 88.4 , 90.0 , 92.2 , 91.5 , 91.1 , 91.2 , 91.4 , 92.8 , 92.5 , 91.5 , 91.3 , 91.4 , 91.7}
2025-12-22 22:58:15,399 MambaPro.train INFO: best_Rank-5:{92.5}
2025-12-22 22:58:15,399 MambaPro.train INFO: history_Rank-10:{80.0 , 88.7 , 86.6 , 88.4 , 89.7 , 90.2 , 90.6 , 89.8 , 91.4 , 93.2 , 93.0 , 92.2 , 93.5 , 92.1 , 93.4 , 92.9 , 92.7 , 91.8 , 92.3 , 92.6}
2025-12-22 22:58:15,399 MambaPro.train INFO: best_Rank-10:{93.2}
2025-12-22 22:58:15,399 MambaPro.train INFO: history_Experts:{[0.00 , 0.00 , 0.00] , [0.00 , 0.00 , 0.00] , [0.00 , 0.00 , 0.00] , [0.00 , 0.00 , 0.00] , [0.00 , 0.00 , 0.00] , [0.00 , 0.00 , 0.00] , [0.00 , 0.00 , 0.00] , [0.00 , 0.00 , 0.00] , [0.00 , 0.00 , 0.00] , [0.00 , 0.00 , 0.00] , [0.00 , 0.00 , 0.00] , [0.00 , 0.00 , 0.00] , [0.00 , 0.00 , 0.00] , [0.00 , 0.00 , 0.00] , [0.00 , 0.00 , 0.00] , [0.00 , 0.00 , 0.00] , [0.00 , 0.00 , 0.00] , [0.00 , 0.00 , 0.00] , [0.00 , 0.00 , 0.00] , [0.00 , 0.00 , 0.00] , [0.00 , 0.00 , 0.00] , [0.00 , 0.00 , 0.00] , [0.00 , 0.00 , 0.00] , [0.00 , 0.00 , 0.00] , [0.00 , 0.00 , 0.00]}
2025-12-22 22:59:43,634 MambaPro.train INFO: Epoch 26 done. Time per batch: 0.758[s] Speed: 84.4[samples/s]
2025-12-22 23:01:17,911 MambaPro.train INFO: Validation Results - Epoch: 26
2025-12-22 23:01:17,911 MambaPro.train INFO: Current mAP: 78.5%
2025-12-22 23:01:17,911 MambaPro.train INFO: CMC curve, Rank-1  :90.8%
2025-12-22 23:01:17,911 MambaPro.train INFO: CMC curve, Rank-5  :91.7%
2025-12-22 23:01:17,911 MambaPro.train INFO: CMC curve, Rank-10 :92.7%
2025-12-22 23:01:17,911 MambaPro.train INFO: [Epoch 26] 指标集合列表（历史）
2025-12-22 23:01:17,911 MambaPro.train INFO: history_mAP:{52.7 , 65.8 , 64.8 , 71.1 , 70.8 , 70.0 , 74.3 , 73.5 , 75.7 , 76.0 , 76.7 , 76.8 , 76.6 , 77.9 , 78.0 , 77.7 , 78.3 , 78.4 , 78.5 , 78.5 , 78.2 , 78.4 , 78.5 , 78.7 , 78.6 , 78.5}
2025-12-22 23:01:17,911 MambaPro.train INFO: best_mAP:{78.7}
2025-12-22 23:01:17,911 MambaPro.train INFO: history_Rank-1:{73.6 , 84.9 , 82.2 , 84.3 , 87.0 , 86.9 , 86.5 , 86.4 , 88.5 , 91.0 , 90.7 , 89.6 , 90.0 , 90.4 , 90.1 , 91.3 , 90.8 , 90.4 , 90.3 , 90.8 , 90.1 , 90.6 , 90.6 , 90.7}
2025-12-22 23:01:17,911 MambaPro.train INFO: best_Rank-1:{91.0}
2025-12-22 23:01:17,911 MambaPro.train INFO: history_Rank-5:{78.1 , 87.2 , 85.1 , 86.6 , 88.7 , 88.9 , 88.4 , 90.0 , 92.2 , 91.5 , 91.1 , 91.2 , 91.4 , 92.8 , 92.5 , 91.5 , 91.3 , 91.4 , 91.7 , 91.7}
2025-12-22 23:01:17,911 MambaPro.train INFO: best_Rank-5:{92.5}
2025-12-22 23:01:17,911 MambaPro.train INFO: history_Rank-10:{80.0 , 88.7 , 86.6 , 88.4 , 89.7 , 90.2 , 90.6 , 89.8 , 91.4 , 93.2 , 93.0 , 92.2 , 93.5 , 92.1 , 93.4 , 92.9 , 92.7 , 91.8 , 92.3 , 92.6}
2025-12-22 23:01:17,911 MambaPro.train INFO: best_Rank-10:{93.2}
2025-12-22 23:01:17,911 MambaPro.train INFO: history_Experts:{[0.00 , 0.00 , 0.00] , [0.00 , 0.00 , 0.00] , [0.00 , 0.00 , 0.00] , [0.00 , 0.00 , 0.00] , [0.00 , 0.00 , 0.00] , [0.00 , 0.00 , 0.00] , [0.00 , 0.00 , 0.00] , [0.00 , 0.00 , 0.00] , [0.00 , 0.00 , 0.00] , [0.00 , 0.00 , 0.00] , [0.00 , 0.00 , 0.00] , [0.00 , 0.00 , 0.00] , [0.00 , 0.00 , 0.00] , [0.00 , 0.00 , 0.00] , [0.00 , 0.00 , 0.00] , [0.00 , 0.00 , 0.00] , [0.00 , 0.00 , 0.00] , [0.00 , 0.00 , 0.00] , [0.00 , 0.00 , 0.00] , [0.00 , 0.00 , 0.00] , [0.00 , 0.00 , 0.00] , [0.00 , 0.00 , 0.00] , [0.00 , 0.00 , 0.00] , [0.00 , 0.00 , 0.00] , [0.00 , 0.00 , 0.00] , [0.00 , 0.00 , 0.00]}
2025-12-22 23:02:46,203 MambaPro.train INFO: Epoch 27 done. Time per batch: 0.759[s] Speed: 84.3[samples/s]
2025-12-22 23:04:20,654 MambaPro.train INFO: Validation Results - Epoch: 27
2025-12-22 23:04:20,654 MambaPro.train INFO: Current mAP: 78.6%
2025-12-22 23:04:20,654 MambaPro.train INFO: CMC curve, Rank-1  :90.3%
2025-12-22 23:04:20,654 MambaPro.train INFO: CMC curve, Rank-5  :91.5%
2025-12-22 23:04:20,654 MambaPro.train INFO: CMC curve, Rank-10 :92.2%
2025-12-22 23:04:20,654 MambaPro.train INFO: [Epoch 27] 指标集合列表（历史）
2025-12-22 23:04:20,654 MambaPro.train INFO: history_mAP:{52.7 , 65.8 , 64.8 , 71.1 , 70.8 , 70.0 , 74.3 , 73.5 , 75.7 , 76.0 , 76.7 , 76.8 , 76.6 , 77.9 , 78.0 , 77.7 , 78.3 , 78.4 , 78.5 , 78.5 , 78.2 , 78.4 , 78.5 , 78.7 , 78.6 , 78.5 , 78.6}
2025-12-22 23:04:20,654 MambaPro.train INFO: best_mAP:{78.7}
2025-12-22 23:04:20,654 MambaPro.train INFO: history_Rank-1:{73.6 , 84.9 , 82.2 , 84.3 , 87.0 , 86.9 , 86.5 , 86.4 , 88.5 , 91.0 , 90.7 , 89.6 , 90.0 , 90.4 , 90.1 , 91.3 , 90.8 , 90.4 , 90.3 , 90.8 , 90.1 , 90.6 , 90.6 , 90.7 , 90.3}
2025-12-22 23:04:20,654 MambaPro.train INFO: best_Rank-1:{91.0}
2025-12-22 23:04:20,654 MambaPro.train INFO: history_Rank-5:{78.1 , 87.2 , 85.1 , 86.6 , 88.7 , 88.9 , 88.4 , 90.0 , 92.2 , 91.5 , 91.1 , 91.2 , 91.4 , 92.8 , 92.5 , 91.5 , 91.3 , 91.4 , 91.7 , 91.7}
2025-12-22 23:04:20,654 MambaPro.train INFO: best_Rank-5:{92.5}
2025-12-22 23:04:20,654 MambaPro.train INFO: history_Rank-10:{80.0 , 88.7 , 86.6 , 88.4 , 89.7 , 90.2 , 90.6 , 89.8 , 91.4 , 93.2 , 93.0 , 92.2 , 93.5 , 92.1 , 93.4 , 92.9 , 92.7 , 91.8 , 92.3 , 92.6 , 92.2}
2025-12-22 23:04:20,654 MambaPro.train INFO: best_Rank-10:{93.2}
2025-12-22 23:04:20,654 MambaPro.train INFO: history_Experts:{[0.00 , 0.00 , 0.00] , [0.00 , 0.00 , 0.00] , [0.00 , 0.00 , 0.00] , [0.00 , 0.00 , 0.00] , [0.00 , 0.00 , 0.00] , [0.00 , 0.00 , 0.00] , [0.00 , 0.00 , 0.00] , [0.00 , 0.00 , 0.00] , [0.00 , 0.00 , 0.00] , [0.00 , 0.00 , 0.00] , [0.00 , 0.00 , 0.00] , [0.00 , 0.00 , 0.00] , [0.00 , 0.00 , 0.00] , [0.00 , 0.00 , 0.00] , [0.00 , 0.00 , 0.00] , [0.00 , 0.00 , 0.00] , [0.00 , 0.00 , 0.00] , [0.00 , 0.00 , 0.00] , [0.00 , 0.00 , 0.00] , [0.00 , 0.00 , 0.00] , [0.00 , 0.00 , 0.00] , [0.00 , 0.00 , 0.00] , [0.00 , 0.00 , 0.00] , [0.00 , 0.00 , 0.00] , [0.00 , 0.00 , 0.00] , [0.00 , 0.00 , 0.00] , [0.00 , 0.00 , 0.00]}
2025-12-22 23:05:49,709 MambaPro.train INFO: Epoch 28 done. Time per batch: 0.759[s] Speed: 84.3[samples/s]
2025-12-22 23:07:24,081 MambaPro.train INFO: Validation Results - Epoch: 28
2025-12-22 23:07:24,081 MambaPro.train INFO: Current mAP: 78.6%
2025-12-22 23:07:24,081 MambaPro.train INFO: CMC curve, Rank-1  :90.6%
2025-12-22 23:07:24,081 MambaPro.train INFO: CMC curve, Rank-5  :91.5%
2025-12-22 23:07:24,081 MambaPro.train INFO: CMC curve, Rank-10 :92.4%
2025-12-22 23:07:24,081 MambaPro.train INFO: [Epoch 28] 指标集合列表（历史）
2025-12-22 23:07:24,081 MambaPro.train INFO: history_mAP:{52.7 , 65.8 , 64.8 , 71.1 , 70.8 , 70.0 , 74.3 , 73.5 , 75.7 , 76.0 , 76.7 , 76.8 , 76.6 , 77.9 , 78.0 , 77.7 , 78.3 , 78.4 , 78.5 , 78.5 , 78.2 , 78.4 , 78.5 , 78.7 , 78.6 , 78.5 , 78.6 , 78.6}
2025-12-22 23:07:24,081 MambaPro.train INFO: best_mAP:{78.7}
2025-12-22 23:07:24,081 MambaPro.train INFO: history_Rank-1:{73.6 , 84.9 , 82.2 , 84.3 , 87.0 , 86.9 , 86.5 , 86.4 , 88.5 , 91.0 , 90.7 , 89.6 , 90.0 , 90.4 , 90.1 , 91.3 , 90.8 , 90.4 , 90.3 , 90.8 , 90.1 , 90.6 , 90.6 , 90.7 , 90.3}
2025-12-22 23:07:24,082 MambaPro.train INFO: best_Rank-1:{91.0}
2025-12-22 23:07:24,082 MambaPro.train INFO: history_Rank-5:{78.1 , 87.2 , 85.1 , 86.6 , 88.7 , 88.9 , 88.4 , 90.0 , 92.2 , 91.5 , 91.1 , 91.2 , 91.4 , 92.8 , 92.5 , 91.5 , 91.3 , 91.4 , 91.7 , 91.7}
2025-12-22 23:07:24,082 MambaPro.train INFO: best_Rank-5:{92.5}
2025-12-22 23:07:24,082 MambaPro.train INFO: history_Rank-10:{80.0 , 88.7 , 86.6 , 88.4 , 89.7 , 90.2 , 90.6 , 89.8 , 91.4 , 93.2 , 93.0 , 92.2 , 93.5 , 92.1 , 93.4 , 92.9 , 92.7 , 91.8 , 92.3 , 92.6 , 92.2 , 92.4}
2025-12-22 23:07:24,082 MambaPro.train INFO: best_Rank-10:{93.2}
2025-12-22 23:07:24,082 MambaPro.train INFO: history_Experts:{[0.00 , 0.00 , 0.00] , [0.00 , 0.00 , 0.00] , [0.00 , 0.00 , 0.00] , [0.00 , 0.00 , 0.00] , [0.00 , 0.00 , 0.00] , [0.00 , 0.00 , 0.00] , [0.00 , 0.00 , 0.00] , [0.00 , 0.00 , 0.00] , [0.00 , 0.00 , 0.00] , [0.00 , 0.00 , 0.00] , [0.00 , 0.00 , 0.00] , [0.00 , 0.00 , 0.00] , [0.00 , 0.00 , 0.00] , [0.00 , 0.00 , 0.00] , [0.00 , 0.00 , 0.00] , [0.00 , 0.00 , 0.00] , [0.00 , 0.00 , 0.00] , [0.00 , 0.00 , 0.00] , [0.00 , 0.00 , 0.00] , [0.00 , 0.00 , 0.00] , [0.00 , 0.00 , 0.00] , [0.00 , 0.00 , 0.00] , [0.00 , 0.00 , 0.00] , [0.00 , 0.00 , 0.00] , [0.00 , 0.00 , 0.00] , [0.00 , 0.00 , 0.00] , [0.00 , 0.00 , 0.00] , [0.00 , 0.00 , 0.00]}
2025-12-22 23:08:53,234 MambaPro.train INFO: Epoch 29 done. Time per batch: 0.760[s] Speed: 84.2[samples/s]
2025-12-22 23:10:27,646 MambaPro.train INFO: Validation Results - Epoch: 29
2025-12-22 23:10:27,647 MambaPro.train INFO: Current mAP: 78.6%
2025-12-22 23:10:27,647 MambaPro.train INFO: CMC curve, Rank-1  :90.5%
2025-12-22 23:10:27,647 MambaPro.train INFO: CMC curve, Rank-5  :91.6%
2025-12-22 23:10:27,647 MambaPro.train INFO: CMC curve, Rank-10 :92.4%
2025-12-22 23:10:27,647 MambaPro.train INFO: [Epoch 29] 指标集合列表（历史）
2025-12-22 23:10:27,647 MambaPro.train INFO: history_mAP:{52.7 , 65.8 , 64.8 , 71.1 , 70.8 , 70.0 , 74.3 , 73.5 , 75.7 , 76.0 , 76.7 , 76.8 , 76.6 , 77.9 , 78.0 , 77.7 , 78.3 , 78.4 , 78.5 , 78.5 , 78.2 , 78.4 , 78.5 , 78.7 , 78.6 , 78.5 , 78.6 , 78.6 , 78.6}
2025-12-22 23:10:27,647 MambaPro.train INFO: best_mAP:{78.7}
2025-12-22 23:10:27,647 MambaPro.train INFO: history_Rank-1:{73.6 , 84.9 , 82.2 , 84.3 , 87.0 , 86.9 , 86.5 , 86.4 , 88.5 , 91.0 , 90.7 , 89.6 , 90.0 , 90.4 , 90.1 , 91.3 , 90.8 , 90.4 , 90.3 , 90.8 , 90.1 , 90.6 , 90.6 , 90.7 , 90.3 , 90.5}
2025-12-22 23:10:27,647 MambaPro.train INFO: best_Rank-1:{91.0}
2025-12-22 23:10:27,647 MambaPro.train INFO: history_Rank-5:{78.1 , 87.2 , 85.1 , 86.6 , 88.7 , 88.9 , 88.4 , 90.0 , 92.2 , 91.5 , 91.1 , 91.2 , 91.4 , 92.8 , 92.5 , 91.5 , 91.3 , 91.4 , 91.7 , 91.7 , 91.6}
2025-12-22 23:10:27,647 MambaPro.train INFO: best_Rank-5:{92.5}
2025-12-22 23:10:27,647 MambaPro.train INFO: history_Rank-10:{80.0 , 88.7 , 86.6 , 88.4 , 89.7 , 90.2 , 90.6 , 89.8 , 91.4 , 93.2 , 93.0 , 92.2 , 93.5 , 92.1 , 93.4 , 92.9 , 92.7 , 91.8 , 92.3 , 92.6 , 92.2 , 92.4}
2025-12-22 23:10:27,647 MambaPro.train INFO: best_Rank-10:{93.2}
2025-12-22 23:10:27,647 MambaPro.train INFO: history_Experts:{[0.00 , 0.00 , 0.00] , [0.00 , 0.00 , 0.00] , [0.00 , 0.00 , 0.00] , [0.00 , 0.00 , 0.00] , [0.00 , 0.00 , 0.00] , [0.00 , 0.00 , 0.00] , [0.00 , 0.00 , 0.00] , [0.00 , 0.00 , 0.00] , [0.00 , 0.00 , 0.00] , [0.00 , 0.00 , 0.00] , [0.00 , 0.00 , 0.00] , [0.00 , 0.00 , 0.00] , [0.00 , 0.00 , 0.00] , [0.00 , 0.00 , 0.00] , [0.00 , 0.00 , 0.00] , [0.00 , 0.00 , 0.00] , [0.00 , 0.00 , 0.00] , [0.00 , 0.00 , 0.00] , [0.00 , 0.00 , 0.00] , [0.00 , 0.00 , 0.00] , [0.00 , 0.00 , 0.00] , [0.00 , 0.00 , 0.00] , [0.00 , 0.00 , 0.00] , [0.00 , 0.00 , 0.00] , [0.00 , 0.00 , 0.00] , [0.00 , 0.00 , 0.00] , [0.00 , 0.00 , 0.00] , [0.00 , 0.00 , 0.00] , [0.00 , 0.00 , 0.00]}
2025-12-22 23:11:56,059 MambaPro.train INFO: Epoch 30 done. Time per batch: 0.760[s] Speed: 84.2[samples/s]
2025-12-22 23:13:30,677 MambaPro.train INFO: Validation Results - Epoch: 30
2025-12-22 23:13:30,677 MambaPro.train INFO: Current mAP: 78.6%
2025-12-22 23:13:30,677 MambaPro.train INFO: CMC curve, Rank-1  :90.6%
2025-12-22 23:13:30,677 MambaPro.train INFO: CMC curve, Rank-5  :91.7%
2025-12-22 23:13:30,677 MambaPro.train INFO: CMC curve, Rank-10 :92.4%
2025-12-22 23:13:30,677 MambaPro.train INFO: [Epoch 30] 指标集合列表（历史）
2025-12-22 23:13:30,677 MambaPro.train INFO: history_mAP:{52.7 , 65.8 , 64.8 , 71.1 , 70.8 , 70.0 , 74.3 , 73.5 , 75.7 , 76.0 , 76.7 , 76.8 , 76.6 , 77.9 , 78.0 , 77.7 , 78.3 , 78.4 , 78.5 , 78.5 , 78.2 , 78.4 , 78.5 , 78.7 , 78.6 , 78.5 , 78.6 , 78.6 , 78.6 , 78.6}
2025-12-22 23:13:30,677 MambaPro.train INFO: best_mAP:{78.7}
2025-12-22 23:13:30,677 MambaPro.train INFO: history_Rank-1:{73.6 , 84.9 , 82.2 , 84.3 , 87.0 , 86.9 , 86.5 , 86.4 , 88.5 , 91.0 , 90.7 , 89.6 , 90.0 , 90.4 , 90.1 , 91.3 , 90.8 , 90.4 , 90.3 , 90.8 , 90.1 , 90.6 , 90.6 , 90.7 , 90.3 , 90.5}
2025-12-22 23:13:30,677 MambaPro.train INFO: best_Rank-1:{91.0}
2025-12-22 23:13:30,677 MambaPro.train INFO: history_Rank-5:{78.1 , 87.2 , 85.1 , 86.6 , 88.7 , 88.9 , 88.4 , 90.0 , 92.2 , 91.5 , 91.1 , 91.2 , 91.4 , 92.8 , 92.5 , 91.5 , 91.3 , 91.4 , 91.7 , 91.7 , 91.6}
2025-12-22 23:13:30,677 MambaPro.train INFO: best_Rank-5:{92.5}
2025-12-22 23:13:30,677 MambaPro.train INFO: history_Rank-10:{80.0 , 88.7 , 86.6 , 88.4 , 89.7 , 90.2 , 90.6 , 89.8 , 91.4 , 93.2 , 93.0 , 92.2 , 93.5 , 92.1 , 93.4 , 92.9 , 92.7 , 91.8 , 92.3 , 92.6 , 92.2 , 92.4}
2025-12-22 23:13:30,677 MambaPro.train INFO: best_Rank-10:{93.2}
2025-12-22 23:13:30,677 MambaPro.train INFO: history_Experts:{[0.00 , 0.00 , 0.00] , [0.00 , 0.00 , 0.00] , [0.00 , 0.00 , 0.00] , [0.00 , 0.00 , 0.00] , [0.00 , 0.00 , 0.00] , [0.00 , 0.00 , 0.00] , [0.00 , 0.00 , 0.00] , [0.00 , 0.00 , 0.00] , [0.00 , 0.00 , 0.00] , [0.00 , 0.00 , 0.00] , [0.00 , 0.00 , 0.00] , [0.00 , 0.00 , 0.00] , [0.00 , 0.00 , 0.00] , [0.00 , 0.00 , 0.00] , [0.00 , 0.00 , 0.00] , [0.00 , 0.00 , 0.00] , [0.00 , 0.00 , 0.00] , [0.00 , 0.00 , 0.00] , [0.00 , 0.00 , 0.00] , [0.00 , 0.00 , 0.00] , [0.00 , 0.00 , 0.00] , [0.00 , 0.00 , 0.00] , [0.00 , 0.00 , 0.00] , [0.00 , 0.00 , 0.00] , [0.00 , 0.00 , 0.00] , [0.00 , 0.00 , 0.00] , [0.00 , 0.00 , 0.00] , [0.00 , 0.00 , 0.00] , [0.00 , 0.00 , 0.00] , [0.00 , 0.00 , 0.00]}
2025-12-22 23:13:30,932 MambaPro.train INFO: ============================================================
