2025-12-12 10:02:14,683 MambaPro INFO: ================================================================================
2025-12-12 10:02:14,683 MambaPro INFO: 🧾 实验参数快照（命令行 + 最终配置）
2025-12-12 10:02:14,683 MambaPro INFO: ================================================================================
2025-12-12 10:02:14,683 MambaPro INFO: 【复现实验命令】
2025-12-12 10:02:14,683 MambaPro INFO: /home/zubuntu/miniconda/envs/MambaPro/bin/python train_net.py --config_file mybest_model/experiment_20251013_110028/configs/experiment_config.yml OUTPUT_DIR ./outputs/replay_best_tml
2025-12-12 10:02:14,683 MambaPro INFO: 【命令行参数（args）】
2025-12-12 10:02:14,683 MambaPro INFO: {
2025-12-12 10:02:14,683 MambaPro INFO:   "config_file": "mybest_model/experiment_20251013_110028/configs/experiment_config.yml",
2025-12-12 10:02:14,683 MambaPro INFO:   "fea_cft": 0,
2025-12-12 10:02:14,683 MambaPro INFO:   "opts": [
2025-12-12 10:02:14,683 MambaPro INFO:     "OUTPUT_DIR",
2025-12-12 10:02:14,683 MambaPro INFO:     "./outputs/replay_best_tml"
2025-12-12 10:02:14,683 MambaPro INFO:   ],
2025-12-12 10:02:14,683 MambaPro INFO:   "local_rank": 0,
2025-12-12 10:02:14,683 MambaPro INFO:   "use_multi_scale": false,
2025-12-12 10:02:14,683 MambaPro INFO:   "no_multi_scale": false,
2025-12-12 10:02:14,683 MambaPro INFO:   "use_moe": false,
2025-12-12 10:02:14,683 MambaPro INFO:   "disable_moe": false,
2025-12-12 10:02:14,683 MambaPro INFO:   "no_moe": false,
2025-12-12 10:02:14,683 MambaPro INFO:   "use_attention": false,
2025-12-12 10:02:14,683 MambaPro INFO:   "disable_attention": false,
2025-12-12 10:02:14,683 MambaPro INFO:   "attention_heads": 8,
2025-12-12 10:02:14,683 MambaPro INFO:   "attention_dropout": 0.1
2025-12-12 10:02:14,683 MambaPro INFO: }
2025-12-12 10:02:14,683 MambaPro INFO: 【工作目录】/home/zubuntu/workspace/yzy/MambaPro
2025-12-12 10:02:14,683 MambaPro INFO: 【最终配置（YAML）】
2025-12-12 10:02:14,686 MambaPro INFO: DATALOADER:
2025-12-12 10:02:14,686 MambaPro INFO:   NUM_INSTANCE: 8
2025-12-12 10:02:14,686 MambaPro INFO:   NUM_WORKERS: 8
2025-12-12 10:02:14,686 MambaPro INFO:   SAMPLER: softmax_triplet
2025-12-12 10:02:14,686 MambaPro INFO: DATASETS:
2025-12-12 10:02:14,686 MambaPro INFO:   NAMES: RGBNT201
2025-12-12 10:02:14,686 MambaPro INFO:   ROOT_DIR: /home/zubuntu/workspace/yzy/MambaPro/data/
2025-12-12 10:02:14,686 MambaPro INFO: INPUT:
2025-12-12 10:02:14,686 MambaPro INFO:   PADDING: 10
2025-12-12 10:02:14,686 MambaPro INFO:   PIXEL_MEAN:
2025-12-12 10:02:14,686 MambaPro INFO:   - 0.5
2025-12-12 10:02:14,686 MambaPro INFO:   - 0.5
2025-12-12 10:02:14,686 MambaPro INFO:   - 0.5
2025-12-12 10:02:14,686 MambaPro INFO:   PIXEL_STD:
2025-12-12 10:02:14,686 MambaPro INFO:   - 0.5
2025-12-12 10:02:14,686 MambaPro INFO:   - 0.5
2025-12-12 10:02:14,686 MambaPro INFO:   - 0.5
2025-12-12 10:02:14,686 MambaPro INFO:   PROB: 0.5
2025-12-12 10:02:14,686 MambaPro INFO:   RE_PROB: 0.5
2025-12-12 10:02:14,686 MambaPro INFO:   SIZE_TEST:
2025-12-12 10:02:14,686 MambaPro INFO:   - 256
2025-12-12 10:02:14,686 MambaPro INFO:   - 128
2025-12-12 10:02:14,686 MambaPro INFO:   SIZE_TRAIN:
2025-12-12 10:02:14,686 MambaPro INFO:   - 256
2025-12-12 10:02:14,686 MambaPro INFO:   - 128
2025-12-12 10:02:14,687 MambaPro INFO: MODEL:
2025-12-12 10:02:14,687 MambaPro INFO:   ADAPTER: true
2025-12-12 10:02:14,687 MambaPro INFO:   ATTENTION_DIM: 512
2025-12-12 10:02:14,687 MambaPro INFO:   ATTENTION_DROPOUT: 0.1
2025-12-12 10:02:14,687 MambaPro INFO:   ATTENTION_NUM_HEADS: 8
2025-12-12 10:02:14,687 MambaPro INFO:   ATT_DROP_RATE: 0.0
2025-12-12 10:02:14,687 MambaPro INFO:   CLIP_MULTI_SCALE_SCALES:
2025-12-12 10:02:14,687 MambaPro INFO:   - 4
2025-12-12 10:02:14,687 MambaPro INFO:   - 8
2025-12-12 10:02:14,687 MambaPro INFO:   - 16
2025-12-12 10:02:14,687 MambaPro INFO:   DEVICE: cuda
2025-12-12 10:02:14,687 MambaPro INFO:   DEVICE_ID: '0'
2025-12-12 10:02:14,687 MambaPro INFO:   DIRECT: 1
2025-12-12 10:02:14,687 MambaPro INFO:   DIST_TRAIN: false
2025-12-12 10:02:14,687 MambaPro INFO:   DROP_OUT: 0.0
2025-12-12 10:02:14,687 MambaPro INFO:   DROP_PATH: 0.1
2025-12-12 10:02:14,687 MambaPro INFO:   FLOPS_TEST: false
2025-12-12 10:02:14,687 MambaPro INFO:   FROZEN: true
2025-12-12 10:02:14,687 MambaPro INFO:   GATE_DROPOUT: 0.1
2025-12-12 10:02:14,687 MambaPro INFO:   ID_LOSS_TYPE: softmax
2025-12-12 10:02:14,687 MambaPro INFO:   ID_LOSS_WEIGHT: 0.25
2025-12-12 10:02:14,687 MambaPro INFO:   IF_LABELSMOOTH: 'on'
2025-12-12 10:02:14,687 MambaPro INFO:   IF_WITH_CENTER: 'no'
2025-12-12 10:02:14,687 MambaPro INFO:   LAYER: -1
2025-12-12 10:02:14,687 MambaPro INFO:   MAMBA: true
2025-12-12 10:02:14,687 MambaPro INFO:   MAMBA_BI: false
2025-12-12 10:02:14,687 MambaPro INFO:   METRIC_LOSS_TYPE: triplet
2025-12-12 10:02:14,687 MambaPro INFO:   MOE_BALANCE_LOSS_WEIGHT: 0.01
2025-12-12 10:02:14,687 MambaPro INFO:   MOE_DIVERSITY_LOSS_WEIGHT: 0.01
2025-12-12 10:02:14,687 MambaPro INFO:   MOE_EXPERT_DROPOUT: 0.1
2025-12-12 10:02:14,687 MambaPro INFO:   MOE_EXPERT_HIDDEN_DIM: 1024
2025-12-12 10:02:14,687 MambaPro INFO:   MOE_EXPERT_LAYERS: 2
2025-12-12 10:02:14,687 MambaPro INFO:   MOE_EXPERT_THRESHOLD: 0.1
2025-12-12 10:02:14,687 MambaPro INFO:   MOE_FIXED_WEIGHTS:
2025-12-12 10:02:14,687 MambaPro INFO:   - 0.33
2025-12-12 10:02:14,687 MambaPro INFO:   - 0.33
2025-12-12 10:02:14,687 MambaPro INFO:   - 0.34
2025-12-12 10:02:14,687 MambaPro INFO:   MOE_GATE_DROPOUT: 0.1
2025-12-12 10:02:14,687 MambaPro INFO:   MOE_GATE_LAYERS: 2
2025-12-12 10:02:14,687 MambaPro INFO:   MOE_INIT_WEIGHTS: null
2025-12-12 10:02:14,687 MambaPro INFO:   MOE_NUM_EXPERTS: 3
2025-12-12 10:02:14,687 MambaPro INFO:   MOE_RESIDUAL_WEIGHT: 1.0
2025-12-12 10:02:14,687 MambaPro INFO:   MOE_SCALES:
2025-12-12 10:02:14,687 MambaPro INFO:   - 4
2025-12-12 10:02:14,687 MambaPro INFO:   - 8
2025-12-12 10:02:14,687 MambaPro INFO:   - 16
2025-12-12 10:02:14,687 MambaPro INFO:   MOE_SPARSITY_LOSS_WEIGHT: 0.001
2025-12-12 10:02:14,687 MambaPro INFO:   MOE_TEMPERATURE: 0.7
2025-12-12 10:02:14,687 MambaPro INFO:   MOE_TOP_K: 2
2025-12-12 10:02:14,687 MambaPro INFO:   MOE_TOP_K_MODE: soft
2025-12-12 10:02:14,687 MambaPro INFO:   MOE_USE_FIXED_WEIGHTS: false
2025-12-12 10:02:14,687 MambaPro INFO:   MOE_USE_TOP_K_ROUTING: false
2025-12-12 10:02:14,687 MambaPro INFO:   MULTI_SCALE_SCALES:
2025-12-12 10:02:14,687 MambaPro INFO:   - 4
2025-12-12 10:02:14,687 MambaPro INFO:   - 8
2025-12-12 10:02:14,687 MambaPro INFO:   - 16
2025-12-12 10:02:14,687 MambaPro INFO:   NAME: MambaPro
2025-12-12 10:02:14,687 MambaPro INFO:   NECK: bnneck
2025-12-12 10:02:14,687 MambaPro INFO:   NO_MARGIN: true
2025-12-12 10:02:14,687 MambaPro INFO:   PREFIX_NUM: 1
2025-12-12 10:02:14,687 MambaPro INFO:   PRETRAIN_PATH_T: /home/zubuntu/workspace/yzy/MambaPro/pths/ViT-B-16.pt
2025-12-12 10:02:14,687 MambaPro INFO:   PROMPT: true
2025-12-12 10:02:14,687 MambaPro INFO:   SIE_CAMERA: true
2025-12-12 10:02:14,687 MambaPro INFO:   SIE_COE: 1.0
2025-12-12 10:02:14,687 MambaPro INFO:   SIE_VIEW: false
2025-12-12 10:02:14,687 MambaPro INFO:   STRIDE_SIZE:
2025-12-12 10:02:14,687 MambaPro INFO:   - 16
2025-12-12 10:02:14,687 MambaPro INFO:   - 16
2025-12-12 10:02:14,687 MambaPro INFO:   TRANSFORMER_TYPE: ViT-B-16
2025-12-12 10:02:14,687 MambaPro INFO:   TRIPLET_LOSS_WEIGHT: 1.0
2025-12-12 10:02:14,687 MambaPro INFO:   USE_ATTENTION_FUSION: false
2025-12-12 10:02:14,687 MambaPro INFO:   USE_CLIP_MULTI_SCALE: true
2025-12-12 10:02:14,687 MambaPro INFO:   USE_GATE_FUSION: false
2025-12-12 10:02:14,687 MambaPro INFO:   USE_MULTI_SCALE: false
2025-12-12 10:02:14,687 MambaPro INFO:   USE_MULTI_SCALE_MOE: true
2025-12-12 10:02:14,687 MambaPro INFO: OUTPUT_DIR: ./outputs/replay_best_tml/run_20251212_100214
2025-12-12 10:02:14,687 MambaPro INFO: SOLVER:
2025-12-12 10:02:14,687 MambaPro INFO:   BASE_LR: 0.0005
2025-12-12 10:02:14,687 MambaPro INFO:   BIAS_LR_FACTOR: 2
2025-12-12 10:02:14,687 MambaPro INFO:   CENTER_LOSS_WEIGHT: 0.0005
2025-12-12 10:02:14,687 MambaPro INFO:   CENTER_LR: 0.5
2025-12-12 10:02:14,687 MambaPro INFO:   CHECKPOINT_PERIOD: 10
2025-12-12 10:02:14,687 MambaPro INFO:   CLUSTER_MARGIN: 0.3
2025-12-12 10:02:14,687 MambaPro INFO:   COSINE_MARGIN: 0.5
2025-12-12 10:02:14,687 MambaPro INFO:   COSINE_SCALE: 30
2025-12-12 10:02:14,687 MambaPro INFO:   EVAL_PERIOD: 5
2025-12-12 10:02:14,687 MambaPro INFO:   GAMMA: 0.1
2025-12-12 10:02:14,687 MambaPro INFO:   IMS_PER_BATCH: 32
2025-12-12 10:02:14,687 MambaPro INFO:   LARGE_FC_LR: false
2025-12-12 10:02:14,687 MambaPro INFO:   LOG_PERIOD: 10
2025-12-12 10:02:14,687 MambaPro INFO:   MARGIN: 0.3
2025-12-12 10:02:14,688 MambaPro INFO:   MAX_EPOCHS: 60
2025-12-12 10:02:14,688 MambaPro INFO:   MOE_BALANCE_LOSS_WEIGHT: 0.001
2025-12-12 10:02:14,688 MambaPro INFO:   MOE_BALANCE_LOSS_WEIGHT_END: 0.1
2025-12-12 10:02:14,688 MambaPro INFO:   MOE_BALANCE_LOSS_WEIGHT_START: 0.001
2025-12-12 10:02:14,688 MambaPro INFO:   MOE_BALANCE_THRESHOLD: 0.3
2025-12-12 10:02:14,688 MambaPro INFO:   MOE_DIVERSITY_LOSS_WEIGHT: 0.001
2025-12-12 10:02:14,688 MambaPro INFO:   MOE_DIVERSITY_LOSS_WEIGHT_END: 0.1
2025-12-12 10:02:14,688 MambaPro INFO:   MOE_DIVERSITY_LOSS_WEIGHT_START: 0.001
2025-12-12 10:02:14,688 MambaPro INFO:   MOE_GATE_LR_FACTOR: 0.01
2025-12-12 10:02:14,688 MambaPro INFO:   MOE_LOSS_WEIGHT_SCHEDULE_TYPE: cosine
2025-12-12 10:02:14,688 MambaPro INFO:   MOE_LOSS_WEIGHT_WARMUP_EPOCHS: 5
2025-12-12 10:02:14,688 MambaPro INFO:   MOE_SPARSITY_LOSS_WEIGHT: 0.0001
2025-12-12 10:02:14,688 MambaPro INFO:   MOE_USE_DYNAMIC_LOSS_WEIGHT: false
2025-12-12 10:02:14,688 MambaPro INFO:   MOMENTUM: 0.9
2025-12-12 10:02:14,688 MambaPro INFO:   OPTIMIZER_NAME: Adam
2025-12-12 10:02:14,688 MambaPro INFO:   RANGE_ALPHA: 0
2025-12-12 10:02:14,688 MambaPro INFO:   RANGE_BETA: 1
2025-12-12 10:02:14,688 MambaPro INFO:   RANGE_K: 2
2025-12-12 10:02:14,688 MambaPro INFO:   RANGE_LOSS_WEIGHT: 1
2025-12-12 10:02:14,688 MambaPro INFO:   RANGE_MARGIN: 0.3
2025-12-12 10:02:14,688 MambaPro INFO:   SEED: 42
2025-12-12 10:02:14,688 MambaPro INFO:   STEPS:
2025-12-12 10:02:14,688 MambaPro INFO:   - 30
2025-12-12 10:02:14,688 MambaPro INFO:   - 50
2025-12-12 10:02:14,688 MambaPro INFO:   WARMUP_FACTOR: 0.01
2025-12-12 10:02:14,688 MambaPro INFO:   WARMUP_ITERS: 20
2025-12-12 10:02:14,688 MambaPro INFO:   WARMUP_METHOD: linear
2025-12-12 10:02:14,688 MambaPro INFO:   WEIGHT_DECAY: 0.0005
2025-12-12 10:02:14,688 MambaPro INFO:   WEIGHT_DECAY_BIAS: 0.0005
2025-12-12 10:02:14,688 MambaPro INFO: TEST:
2025-12-12 10:02:14,688 MambaPro INFO:   FEAT: 0
2025-12-12 10:02:14,688 MambaPro INFO:   FEAT_NORM: 'yes'
2025-12-12 10:02:14,688 MambaPro INFO:   IMS_PER_BATCH: 64
2025-12-12 10:02:14,688 MambaPro INFO:   MISS: nothing
2025-12-12 10:02:14,688 MambaPro INFO:   NECK_FEAT: after
2025-12-12 10:02:14,688 MambaPro INFO:   RE_RANKING: 'no'
2025-12-12 10:02:14,688 MambaPro INFO:   WEIGHT: /home/zubuntu/workspace/yzy/MambaPro/pths/MambaProbest.pth
2025-12-12 10:02:14,688 MambaPro INFO: ================================================================================
2025-12-12 10:02:16,770 MambaPro.train INFO: start training
2025-12-12 10:02:36,994 MambaPro.train INFO: Epoch 1 done. Time per batch: 0.189[s] Speed: 169.4[samples/s]
2025-12-12 10:02:56,802 MambaPro.train INFO: Epoch 2 done. Time per batch: 0.185[s] Speed: 172.9[samples/s]
2025-12-12 10:03:16,752 MambaPro.train INFO: Epoch 3 done. Time per batch: 0.186[s] Speed: 171.6[samples/s]
2025-12-12 10:03:36,590 MambaPro.train INFO: Epoch 4 done. Time per batch: 0.185[s] Speed: 172.6[samples/s]
2025-12-12 10:03:56,458 MambaPro.train INFO: Epoch 5 done. Time per batch: 0.186[s] Speed: 172.3[samples/s]
2025-12-12 10:04:04,022 MambaPro.train INFO: Validation Results - Epoch: 5
2025-12-12 10:04:04,023 MambaPro.train INFO: Current mAP: 49.0%
2025-12-12 10:04:04,023 MambaPro.train INFO: CMC curve, Rank-1  :53.2%
2025-12-12 10:04:04,023 MambaPro.train INFO: CMC curve, Rank-5  :67.0%
2025-12-12 10:04:04,023 MambaPro.train INFO: CMC curve, Rank-10 :72.6%
2025-12-12 10:04:04,024 MambaPro.train INFO: 🎯 New Best! Saving model...
2025-12-12 10:04:04,437 MambaPro.train INFO: [Epoch 5] 指标集合列表（历史）
2025-12-12 10:04:04,437 MambaPro.train INFO: history_mAP:{49.0}
2025-12-12 10:04:04,437 MambaPro.train INFO: best_mAP:{49.0}
2025-12-12 10:04:04,437 MambaPro.train INFO: history_Rank-1:{53.2}
2025-12-12 10:04:04,437 MambaPro.train INFO: best_Rank-1:{53.2}
2025-12-12 10:04:04,437 MambaPro.train INFO: history_Rank-5:{67.0}
2025-12-12 10:04:04,437 MambaPro.train INFO: best_Rank-5:{67.0}
2025-12-12 10:04:04,437 MambaPro.train INFO: history_Rank-10:{72.6}
2025-12-12 10:04:04,437 MambaPro.train INFO: best_Rank-10:{72.6}
2025-12-12 10:04:04,437 MambaPro.train INFO: history_Experts:{[0.35 , 0.34 , 0.31]}
2025-12-12 10:04:04,437 MambaPro.train INFO: best_Experts:{[0.35 , 0.34 , 0.31]}
2025-12-12 10:04:04,437 MambaPro.train INFO: 🔥 MoE损失(Val): 平衡=0.0000, 稀疏性=0.9988, 多样性=2.6570, 总=0.0028 (权重: 平衡=0.001, 稀疏性=0.000, 多样性=0.001)
2025-12-12 10:04:04,437 MambaPro.train INFO:    📊 专家权重分布(Val): [0.35 , 0.34 , 0.31]
2025-12-12 10:04:24,501 MambaPro.train INFO: Epoch 6 done. Time per batch: 0.186[s] Speed: 171.8[samples/s]
2025-12-12 10:04:44,523 MambaPro.train INFO: Epoch 7 done. Time per batch: 0.187[s] Speed: 171.0[samples/s]
2025-12-12 10:05:04,381 MambaPro.train INFO: Epoch 8 done. Time per batch: 0.186[s] Speed: 172.4[samples/s]
2025-12-12 10:05:24,291 MambaPro.train INFO: Epoch 9 done. Time per batch: 0.186[s] Speed: 172.0[samples/s]
2025-12-12 10:05:44,181 MambaPro.train INFO: Epoch 10 done. Time per batch: 0.186[s] Speed: 172.1[samples/s]
2025-12-12 10:05:52,102 MambaPro.train INFO: Validation Results - Epoch: 10
2025-12-12 10:05:52,102 MambaPro.train INFO: Current mAP: 54.4%
2025-12-12 10:05:52,102 MambaPro.train INFO: CMC curve, Rank-1  :60.3%
2025-12-12 10:05:52,102 MambaPro.train INFO: CMC curve, Rank-5  :75.4%
2025-12-12 10:05:52,102 MambaPro.train INFO: CMC curve, Rank-10 :80.0%
2025-12-12 10:05:52,103 MambaPro.train INFO: 🎯 New Best! Saving model...
2025-12-12 10:05:52,768 MambaPro.train INFO: [Epoch 10] 指标集合列表（历史）
2025-12-12 10:05:52,769 MambaPro.train INFO: history_mAP:{49.0 , 54.4}
2025-12-12 10:05:52,769 MambaPro.train INFO: best_mAP:{54.4}
2025-12-12 10:05:52,769 MambaPro.train INFO: history_Rank-1:{53.2 , 60.3}
2025-12-12 10:05:52,769 MambaPro.train INFO: best_Rank-1:{60.3}
2025-12-12 10:05:52,769 MambaPro.train INFO: history_Rank-5:{67.0 , 75.4}
2025-12-12 10:05:52,769 MambaPro.train INFO: best_Rank-5:{75.4}
2025-12-12 10:05:52,769 MambaPro.train INFO: history_Rank-10:{72.6 , 80.0}
2025-12-12 10:05:52,769 MambaPro.train INFO: best_Rank-10:{80.0}
2025-12-12 10:05:52,769 MambaPro.train INFO: history_Experts:{[0.35 , 0.34 , 0.31] , [0.37 , 0.34 , 0.29]}
2025-12-12 10:05:52,769 MambaPro.train INFO: best_Experts:{[0.37 , 0.34 , 0.29]}
2025-12-12 10:05:52,769 MambaPro.train INFO: 🔥 MoE损失(Val): 平衡=0.0000, 稀疏性=0.9955, 多样性=2.6310, 总=0.0027 (权重: 平衡=0.001, 稀疏性=0.000, 多样性=0.001)
2025-12-12 10:05:52,769 MambaPro.train INFO:    📊 专家权重分布(Val): [0.37 , 0.34 , 0.29]
2025-12-12 10:06:12,636 MambaPro.train INFO: Epoch 11 done. Time per batch: 0.186[s] Speed: 171.9[samples/s]
2025-12-12 10:06:32,612 MambaPro.train INFO: Epoch 12 done. Time per batch: 0.187[s] Speed: 171.4[samples/s]
2025-12-12 10:06:52,553 MambaPro.train INFO: Epoch 13 done. Time per batch: 0.186[s] Speed: 171.7[samples/s]
2025-12-12 10:07:12,440 MambaPro.train INFO: Epoch 14 done. Time per batch: 0.186[s] Speed: 172.2[samples/s]
2025-12-12 10:07:32,411 MambaPro.train INFO: Epoch 15 done. Time per batch: 0.187[s] Speed: 171.4[samples/s]
2025-12-12 10:07:39,957 MambaPro.train INFO: Validation Results - Epoch: 15
2025-12-12 10:07:39,957 MambaPro.train INFO: Current mAP: 57.6%
2025-12-12 10:07:39,957 MambaPro.train INFO: CMC curve, Rank-1  :62.6%
2025-12-12 10:07:39,957 MambaPro.train INFO: CMC curve, Rank-5  :78.0%
2025-12-12 10:07:39,957 MambaPro.train INFO: CMC curve, Rank-10 :86.0%
2025-12-12 10:07:39,958 MambaPro.train INFO: 🎯 New Best! Saving model...
2025-12-12 10:07:40,564 MambaPro.train INFO: [Epoch 15] 指标集合列表（历史）
2025-12-12 10:07:40,564 MambaPro.train INFO: history_mAP:{49.0 , 54.4 , 57.6}
2025-12-12 10:07:40,564 MambaPro.train INFO: best_mAP:{57.6}
2025-12-12 10:07:40,564 MambaPro.train INFO: history_Rank-1:{53.2 , 60.3 , 62.6}
2025-12-12 10:07:40,564 MambaPro.train INFO: best_Rank-1:{62.6}
2025-12-12 10:07:40,564 MambaPro.train INFO: history_Rank-5:{67.0 , 75.4 , 78.0}
2025-12-12 10:07:40,564 MambaPro.train INFO: best_Rank-5:{78.0}
2025-12-12 10:07:40,564 MambaPro.train INFO: history_Rank-10:{72.6 , 80.0 , 86.0}
2025-12-12 10:07:40,564 MambaPro.train INFO: best_Rank-10:{86.0}
2025-12-12 10:07:40,565 MambaPro.train INFO: history_Experts:{[0.35 , 0.34 , 0.31] , [0.37 , 0.34 , 0.29] , [0.39 , 0.34 , 0.26]}
2025-12-12 10:07:40,565 MambaPro.train INFO: best_Experts:{[0.39 , 0.34 , 0.26]}
2025-12-12 10:07:40,565 MambaPro.train INFO: 🔥 MoE损失(Val): 平衡=0.0000, 稀疏性=0.9869, 多样性=2.5649, 总=0.0027 (权重: 平衡=0.001, 稀疏性=0.000, 多样性=0.001)
2025-12-12 10:07:40,565 MambaPro.train INFO:    📊 专家权重分布(Val): [0.39 , 0.34 , 0.26]
2025-12-12 10:08:00,630 MambaPro.train INFO: Epoch 16 done. Time per batch: 0.186[s] Speed: 171.8[samples/s]
2025-12-12 10:08:20,550 MambaPro.train INFO: Epoch 17 done. Time per batch: 0.186[s] Speed: 171.9[samples/s]
2025-12-12 10:08:40,281 MambaPro.train INFO: Epoch 18 done. Time per batch: 0.186[s] Speed: 171.9[samples/s]
2025-12-12 10:09:00,193 MambaPro.train INFO: Epoch 19 done. Time per batch: 0.186[s] Speed: 172.0[samples/s]
2025-12-12 10:09:20,141 MambaPro.train INFO: Epoch 20 done. Time per batch: 0.186[s] Speed: 171.6[samples/s]
2025-12-12 10:09:28,113 MambaPro.train INFO: Validation Results - Epoch: 20
2025-12-12 10:09:28,113 MambaPro.train INFO: Current mAP: 52.1%
2025-12-12 10:09:28,113 MambaPro.train INFO: CMC curve, Rank-1  :55.9%
2025-12-12 10:09:28,113 MambaPro.train INFO: CMC curve, Rank-5  :73.0%
2025-12-12 10:09:28,113 MambaPro.train INFO: CMC curve, Rank-10 :81.0%
2025-12-12 10:09:28,114 MambaPro.train INFO: [Epoch 20] 指标集合列表（历史）
2025-12-12 10:09:28,114 MambaPro.train INFO: history_mAP:{49.0 , 54.4 , 57.6 , 52.1}
2025-12-12 10:09:28,114 MambaPro.train INFO: best_mAP:{57.6}
2025-12-12 10:09:28,114 MambaPro.train INFO: history_Rank-1:{53.2 , 60.3 , 62.6 , 55.9}
2025-12-12 10:09:28,114 MambaPro.train INFO: best_Rank-1:{62.6}
2025-12-12 10:09:28,114 MambaPro.train INFO: history_Rank-5:{67.0 , 75.4 , 78.0 , 73.0}
2025-12-12 10:09:28,114 MambaPro.train INFO: best_Rank-5:{78.0}
2025-12-12 10:09:28,114 MambaPro.train INFO: history_Rank-10:{72.6 , 80.0 , 86.0 , 81.0}
2025-12-12 10:09:28,114 MambaPro.train INFO: best_Rank-10:{86.0}
2025-12-12 10:09:28,114 MambaPro.train INFO: history_Experts:{[0.35 , 0.34 , 0.31] , [0.37 , 0.34 , 0.29] , [0.39 , 0.34 , 0.26] , [0.55 , 0.28 , 0.18]}
2025-12-12 10:09:28,114 MambaPro.train INFO: best_Experts:{[0.39 , 0.34 , 0.26]}
2025-12-12 10:09:28,114 MambaPro.train INFO: 🔥 MoE损失(Val): 平衡=0.0478, 稀疏性=0.8906, 多样性=1.9487, 总=0.0021 (权重: 平衡=0.001, 稀疏性=0.000, 多样性=0.001)
2025-12-12 10:09:28,114 MambaPro.train INFO:    📊 专家权重分布(Val): [0.55 , 0.28 , 0.18]
2025-12-12 10:09:48,038 MambaPro.train INFO: Epoch 21 done. Time per batch: 0.187[s] Speed: 171.4[samples/s]
2025-12-12 10:10:08,015 MambaPro.train INFO: Epoch 22 done. Time per batch: 0.187[s] Speed: 171.4[samples/s]
2025-12-12 10:10:28,138 MambaPro.train INFO: Epoch 23 done. Time per batch: 0.188[s] Speed: 170.2[samples/s]
2025-12-12 10:10:48,189 MambaPro.train INFO: Epoch 24 done. Time per batch: 0.187[s] Speed: 170.8[samples/s]
2025-12-12 10:11:08,013 MambaPro.train INFO: Epoch 25 done. Time per batch: 0.187[s] Speed: 171.1[samples/s]
2025-12-12 10:11:15,570 MambaPro.train INFO: Validation Results - Epoch: 25
2025-12-12 10:11:15,570 MambaPro.train INFO: Current mAP: 71.1%
2025-12-12 10:11:15,570 MambaPro.train INFO: CMC curve, Rank-1  :74.0%
2025-12-12 10:11:15,570 MambaPro.train INFO: CMC curve, Rank-5  :84.7%
2025-12-12 10:11:15,570 MambaPro.train INFO: CMC curve, Rank-10 :89.5%
2025-12-12 10:11:15,571 MambaPro.train INFO: 🎯 New Best! Saving model...
2025-12-12 10:11:16,204 MambaPro.train INFO: [Epoch 25] 指标集合列表（历史）
2025-12-12 10:11:16,204 MambaPro.train INFO: history_mAP:{49.0 , 54.4 , 57.6 , 52.1 , 71.1}
2025-12-12 10:11:16,204 MambaPro.train INFO: best_mAP:{71.1}
2025-12-12 10:11:16,204 MambaPro.train INFO: history_Rank-1:{53.2 , 60.3 , 62.6 , 55.9 , 74.0}
2025-12-12 10:11:16,204 MambaPro.train INFO: best_Rank-1:{74.0}
2025-12-12 10:11:16,204 MambaPro.train INFO: history_Rank-5:{67.0 , 75.4 , 78.0 , 73.0 , 84.7}
2025-12-12 10:11:16,204 MambaPro.train INFO: best_Rank-5:{84.7}
2025-12-12 10:11:16,204 MambaPro.train INFO: history_Rank-10:{72.6 , 80.0 , 86.0 , 81.0 , 89.5}
2025-12-12 10:11:16,204 MambaPro.train INFO: best_Rank-10:{89.5}
2025-12-12 10:11:16,205 MambaPro.train INFO: history_Experts:{[0.35 , 0.34 , 0.31] , [0.37 , 0.34 , 0.29] , [0.39 , 0.34 , 0.26] , [0.55 , 0.28 , 0.18] , [0.78 , 0.13 , 0.09]}
2025-12-12 10:11:16,205 MambaPro.train INFO: best_Experts:{[0.78 , 0.13 , 0.09]}
2025-12-12 10:11:16,205 MambaPro.train INFO: 🔥 MoE损失(Val): 平衡=0.4518, 稀疏性=0.5516, 多样性=0.7755, 总=0.0013 (权重: 平衡=0.001, 稀疏性=0.000, 多样性=0.001)
2025-12-12 10:11:16,205 MambaPro.train INFO:    📊 专家权重分布(Val): [0.78 , 0.13 , 0.09]
2025-12-12 10:11:36,344 MambaPro.train INFO: Epoch 26 done. Time per batch: 0.187[s] Speed: 171.2[samples/s]
2025-12-12 10:11:56,324 MambaPro.train INFO: Epoch 27 done. Time per batch: 0.187[s] Speed: 171.4[samples/s]
2025-12-12 10:12:16,315 MambaPro.train INFO: Epoch 28 done. Time per batch: 0.187[s] Speed: 171.3[samples/s]
2025-12-12 10:12:36,327 MambaPro.train INFO: Epoch 29 done. Time per batch: 0.187[s] Speed: 171.1[samples/s]
2025-12-12 10:12:56,390 MambaPro.train INFO: Epoch 30 done. Time per batch: 0.187[s] Speed: 170.7[samples/s]
2025-12-12 10:13:04,328 MambaPro.train INFO: Validation Results - Epoch: 30
2025-12-12 10:13:04,328 MambaPro.train INFO: Current mAP: 76.7%
2025-12-12 10:13:04,328 MambaPro.train INFO: CMC curve, Rank-1  :79.4%
2025-12-12 10:13:04,328 MambaPro.train INFO: CMC curve, Rank-5  :89.4%
2025-12-12 10:13:04,328 MambaPro.train INFO: CMC curve, Rank-10 :92.8%
2025-12-12 10:13:04,329 MambaPro.train INFO: 🎯 New Best! Saving model...
2025-12-12 10:13:04,958 MambaPro.train INFO: [Epoch 30] 指标集合列表（历史）
2025-12-12 10:13:04,959 MambaPro.train INFO: history_mAP:{49.0 , 54.4 , 57.6 , 52.1 , 71.1 , 76.7}
2025-12-12 10:13:04,959 MambaPro.train INFO: best_mAP:{76.7}
2025-12-12 10:13:04,959 MambaPro.train INFO: history_Rank-1:{53.2 , 60.3 , 62.6 , 55.9 , 74.0 , 79.4}
2025-12-12 10:13:04,959 MambaPro.train INFO: best_Rank-1:{79.4}
2025-12-12 10:13:04,960 MambaPro.train INFO: history_Rank-5:{67.0 , 75.4 , 78.0 , 73.0 , 84.7 , 89.4}
2025-12-12 10:13:04,960 MambaPro.train INFO: best_Rank-5:{89.4}
2025-12-12 10:13:04,960 MambaPro.train INFO: history_Rank-10:{72.6 , 80.0 , 86.0 , 81.0 , 89.5 , 92.8}
2025-12-12 10:13:04,960 MambaPro.train INFO: best_Rank-10:{92.8}
2025-12-12 10:13:04,960 MambaPro.train INFO: history_Experts:{[0.35 , 0.34 , 0.31] , [0.37 , 0.34 , 0.29] , [0.39 , 0.34 , 0.26] , [0.55 , 0.28 , 0.18] , [0.78 , 0.13 , 0.09] , [0.86 , 0.08 , 0.06]}
2025-12-12 10:13:04,960 MambaPro.train INFO: best_Experts:{[0.86 , 0.08 , 0.06]}
2025-12-12 10:13:04,961 MambaPro.train INFO: 🔥 MoE损失(Val): 平衡=0.6944, 稀疏性=0.3839, 多样性=0.4586, 总=0.0012 (权重: 平衡=0.001, 稀疏性=0.000, 多样性=0.001)
2025-12-12 10:13:04,961 MambaPro.train INFO:    📊 专家权重分布(Val): [0.86 , 0.08 , 0.06]
2025-12-12 10:13:25,326 MambaPro.train INFO: Epoch 31 done. Time per batch: 0.189[s] Speed: 169.3[samples/s]
2025-12-12 10:13:45,312 MambaPro.train INFO: Epoch 32 done. Time per batch: 0.189[s] Speed: 169.7[samples/s]
2025-12-12 10:14:05,422 MambaPro.train INFO: Epoch 33 done. Time per batch: 0.188[s] Speed: 170.3[samples/s]
2025-12-12 10:14:25,282 MambaPro.train INFO: Epoch 34 done. Time per batch: 0.187[s] Speed: 170.8[samples/s]
2025-12-12 10:14:45,322 MambaPro.train INFO: Epoch 35 done. Time per batch: 0.187[s] Speed: 170.9[samples/s]
2025-12-12 10:14:52,857 MambaPro.train INFO: Validation Results - Epoch: 35
2025-12-12 10:14:52,857 MambaPro.train INFO: Current mAP: 75.2%
2025-12-12 10:14:52,857 MambaPro.train INFO: CMC curve, Rank-1  :77.3%
2025-12-12 10:14:52,857 MambaPro.train INFO: CMC curve, Rank-5  :86.4%
2025-12-12 10:14:52,857 MambaPro.train INFO: CMC curve, Rank-10 :90.0%
2025-12-12 10:14:52,858 MambaPro.train INFO: [Epoch 35] 指标集合列表（历史）
2025-12-12 10:14:52,858 MambaPro.train INFO: history_mAP:{49.0 , 54.4 , 57.6 , 52.1 , 71.1 , 76.7 , 75.2}
2025-12-12 10:14:52,858 MambaPro.train INFO: best_mAP:{76.7}
2025-12-12 10:14:52,858 MambaPro.train INFO: history_Rank-1:{53.2 , 60.3 , 62.6 , 55.9 , 74.0 , 79.4 , 77.3}
2025-12-12 10:14:52,858 MambaPro.train INFO: best_Rank-1:{79.4}
2025-12-12 10:14:52,858 MambaPro.train INFO: history_Rank-5:{67.0 , 75.4 , 78.0 , 73.0 , 84.7 , 89.4 , 86.4}
2025-12-12 10:14:52,858 MambaPro.train INFO: best_Rank-5:{89.4}
2025-12-12 10:14:52,858 MambaPro.train INFO: history_Rank-10:{72.6 , 80.0 , 86.0 , 81.0 , 89.5 , 92.8 , 90.0}
2025-12-12 10:14:52,858 MambaPro.train INFO: best_Rank-10:{92.8}
2025-12-12 10:14:52,858 MambaPro.train INFO: history_Experts:{[0.35 , 0.34 , 0.31] , [0.37 , 0.34 , 0.29] , [0.39 , 0.34 , 0.26] , [0.55 , 0.28 , 0.18] , [0.78 , 0.13 , 0.09] , [0.86 , 0.08 , 0.06] , [0.89 , 0.06 , 0.05]}
2025-12-12 10:14:52,858 MambaPro.train INFO: best_Experts:{[0.86 , 0.08 , 0.06]}
2025-12-12 10:14:52,858 MambaPro.train INFO: 🔥 MoE损失(Val): 平衡=0.8320, 稀疏性=0.2926, 多样性=0.3231, 总=0.0012 (权重: 平衡=0.001, 稀疏性=0.000, 多样性=0.001)
2025-12-12 10:14:52,858 MambaPro.train INFO:    📊 专家权重分布(Val): [0.89 , 0.06 , 0.05]
2025-12-12 10:15:13,072 MambaPro.train INFO: Epoch 36 done. Time per batch: 0.188[s] Speed: 170.5[samples/s]
2025-12-12 10:15:33,164 MambaPro.train INFO: Epoch 37 done. Time per batch: 0.188[s] Speed: 170.4[samples/s]
2025-12-12 10:15:53,038 MambaPro.train INFO: Epoch 38 done. Time per batch: 0.187[s] Speed: 170.7[samples/s]
2025-12-12 10:16:13,103 MambaPro.train INFO: Epoch 39 done. Time per batch: 0.188[s] Speed: 170.7[samples/s]
2025-12-12 10:16:32,997 MambaPro.train INFO: Epoch 40 done. Time per batch: 0.188[s] Speed: 170.5[samples/s]
2025-12-12 10:16:40,903 MambaPro.train INFO: Validation Results - Epoch: 40
2025-12-12 10:16:40,903 MambaPro.train INFO: Current mAP: 76.2%
2025-12-12 10:16:40,903 MambaPro.train INFO: CMC curve, Rank-1  :78.5%
2025-12-12 10:16:40,903 MambaPro.train INFO: CMC curve, Rank-5  :87.8%
2025-12-12 10:16:40,903 MambaPro.train INFO: CMC curve, Rank-10 :92.0%
2025-12-12 10:16:40,904 MambaPro.train INFO: [Epoch 40] 指标集合列表（历史）
2025-12-12 10:16:40,904 MambaPro.train INFO: history_mAP:{49.0 , 54.4 , 57.6 , 52.1 , 71.1 , 76.7 , 75.2 , 76.2}
2025-12-12 10:16:40,904 MambaPro.train INFO: best_mAP:{76.7}
2025-12-12 10:16:40,904 MambaPro.train INFO: history_Rank-1:{53.2 , 60.3 , 62.6 , 55.9 , 74.0 , 79.4 , 77.3 , 78.5}
2025-12-12 10:16:40,904 MambaPro.train INFO: best_Rank-1:{79.4}
2025-12-12 10:16:40,904 MambaPro.train INFO: history_Rank-5:{67.0 , 75.4 , 78.0 , 73.0 , 84.7 , 89.4 , 86.4 , 87.8}
2025-12-12 10:16:40,904 MambaPro.train INFO: best_Rank-5:{89.4}
2025-12-12 10:16:40,904 MambaPro.train INFO: history_Rank-10:{72.6 , 80.0 , 86.0 , 81.0 , 89.5 , 92.8 , 90.0 , 92.0}
2025-12-12 10:16:40,904 MambaPro.train INFO: best_Rank-10:{92.8}
2025-12-12 10:16:40,904 MambaPro.train INFO: history_Experts:{[0.35 , 0.34 , 0.31] , [0.37 , 0.34 , 0.29] , [0.39 , 0.34 , 0.26] , [0.55 , 0.28 , 0.18] , [0.78 , 0.13 , 0.09] , [0.86 , 0.08 , 0.06] , [0.89 , 0.06 , 0.05] , [0.91 , 0.05 , 0.04]}
2025-12-12 10:16:40,904 MambaPro.train INFO: best_Experts:{[0.86 , 0.08 , 0.06]}
2025-12-12 10:16:40,904 MambaPro.train INFO: 🔥 MoE损失(Val): 平衡=0.9089, 稀疏性=0.2424, 多样性=0.2570, 总=0.0012 (权重: 平衡=0.001, 稀疏性=0.000, 多样性=0.001)
2025-12-12 10:16:40,904 MambaPro.train INFO:    📊 专家权重分布(Val): [0.91 , 0.05 , 0.04]
2025-12-12 10:17:01,145 MambaPro.train INFO: Epoch 41 done. Time per batch: 0.188[s] Speed: 170.3[samples/s]
2025-12-12 10:17:21,172 MambaPro.train INFO: Epoch 42 done. Time per batch: 0.187[s] Speed: 171.0[samples/s]
2025-12-12 10:17:41,165 MambaPro.train INFO: Epoch 43 done. Time per batch: 0.187[s] Speed: 171.3[samples/s]
2025-12-12 10:18:01,293 MambaPro.train INFO: Epoch 44 done. Time per batch: 0.188[s] Speed: 170.1[samples/s]
2025-12-12 10:18:21,367 MambaPro.train INFO: Epoch 45 done. Time per batch: 0.188[s] Speed: 170.6[samples/s]
2025-12-12 10:18:28,886 MambaPro.train INFO: Validation Results - Epoch: 45
2025-12-12 10:18:28,886 MambaPro.train INFO: Current mAP: 76.6%
2025-12-12 10:18:28,886 MambaPro.train INFO: CMC curve, Rank-1  :79.5%
2025-12-12 10:18:28,886 MambaPro.train INFO: CMC curve, Rank-5  :87.7%
2025-12-12 10:18:28,886 MambaPro.train INFO: CMC curve, Rank-10 :92.1%
2025-12-12 10:18:28,887 MambaPro.train INFO: [Epoch 45] 指标集合列表（历史）
2025-12-12 10:18:28,887 MambaPro.train INFO: history_mAP:{49.0 , 54.4 , 57.6 , 52.1 , 71.1 , 76.7 , 75.2 , 76.2 , 76.6}
2025-12-12 10:18:28,887 MambaPro.train INFO: best_mAP:{76.7}
2025-12-12 10:18:28,887 MambaPro.train INFO: history_Rank-1:{53.2 , 60.3 , 62.6 , 55.9 , 74.0 , 79.4 , 77.3 , 78.5 , 79.5}
2025-12-12 10:18:28,887 MambaPro.train INFO: best_Rank-1:{79.4}
2025-12-12 10:18:28,887 MambaPro.train INFO: history_Rank-5:{67.0 , 75.4 , 78.0 , 73.0 , 84.7 , 89.4 , 86.4 , 87.8 , 87.7}
2025-12-12 10:18:28,887 MambaPro.train INFO: best_Rank-5:{89.4}
2025-12-12 10:18:28,887 MambaPro.train INFO: history_Rank-10:{72.6 , 80.0 , 86.0 , 81.0 , 89.5 , 92.8 , 90.0 , 92.0 , 92.1}
2025-12-12 10:18:28,887 MambaPro.train INFO: best_Rank-10:{92.8}
2025-12-12 10:18:28,887 MambaPro.train INFO: history_Experts:{[0.35 , 0.34 , 0.31] , [0.37 , 0.34 , 0.29] , [0.39 , 0.34 , 0.26] , [0.55 , 0.28 , 0.18] , [0.78 , 0.13 , 0.09] , [0.86 , 0.08 , 0.06] , [0.89 , 0.06 , 0.05] , [0.91 , 0.05 , 0.04] , [0.93 , 0.04 , 0.03]}
2025-12-12 10:18:28,887 MambaPro.train INFO: best_Experts:{[0.86 , 0.08 , 0.06]}
2025-12-12 10:18:28,887 MambaPro.train INFO: 🔥 MoE损失(Val): 平衡=0.9591, 稀疏性=0.2099, 多样性=0.2169, 总=0.0012 (权重: 平衡=0.001, 稀疏性=0.000, 多样性=0.001)
2025-12-12 10:18:28,887 MambaPro.train INFO:    📊 专家权重分布(Val): [0.93 , 0.04 , 0.03]
2025-12-12 10:18:49,127 MambaPro.train INFO: Epoch 46 done. Time per batch: 0.188[s] Speed: 170.3[samples/s]
2025-12-12 10:19:09,146 MambaPro.train INFO: Epoch 47 done. Time per batch: 0.187[s] Speed: 171.0[samples/s]
2025-12-12 10:19:29,055 MambaPro.train INFO: Epoch 48 done. Time per batch: 0.188[s] Speed: 170.4[samples/s]
2025-12-12 10:19:49,140 MambaPro.train INFO: Epoch 49 done. Time per batch: 0.188[s] Speed: 170.5[samples/s]
2025-12-12 10:20:09,166 MambaPro.train INFO: Epoch 50 done. Time per batch: 0.187[s] Speed: 171.0[samples/s]
2025-12-12 10:20:17,104 MambaPro.train INFO: Validation Results - Epoch: 50
2025-12-12 10:20:17,104 MambaPro.train INFO: Current mAP: 77.5%
2025-12-12 10:20:17,104 MambaPro.train INFO: CMC curve, Rank-1  :79.9%
2025-12-12 10:20:17,104 MambaPro.train INFO: CMC curve, Rank-5  :88.0%
2025-12-12 10:20:17,104 MambaPro.train INFO: CMC curve, Rank-10 :91.9%
2025-12-12 10:20:17,105 MambaPro.train INFO: 🎯 New Best! Saving model...
2025-12-12 10:20:17,752 MambaPro.train INFO: [Epoch 50] 指标集合列表（历史）
2025-12-12 10:20:17,752 MambaPro.train INFO: history_mAP:{49.0 , 54.4 , 57.6 , 52.1 , 71.1 , 76.7 , 75.2 , 76.2 , 76.6 , 77.5}
2025-12-12 10:20:17,752 MambaPro.train INFO: best_mAP:{77.5}
2025-12-12 10:20:17,752 MambaPro.train INFO: history_Rank-1:{53.2 , 60.3 , 62.6 , 55.9 , 74.0 , 79.4 , 77.3 , 78.5 , 79.5 , 79.9}
2025-12-12 10:20:17,752 MambaPro.train INFO: best_Rank-1:{79.9}
2025-12-12 10:20:17,752 MambaPro.train INFO: history_Rank-5:{67.0 , 75.4 , 78.0 , 73.0 , 84.7 , 89.4 , 86.4 , 87.8 , 87.7 , 88.0}
2025-12-12 10:20:17,752 MambaPro.train INFO: best_Rank-5:{89.4}
2025-12-12 10:20:17,752 MambaPro.train INFO: history_Rank-10:{72.6 , 80.0 , 86.0 , 81.0 , 89.5 , 92.8 , 90.0 , 92.0 , 92.1 , 91.9}
2025-12-12 10:20:17,752 MambaPro.train INFO: best_Rank-10:{92.8}
2025-12-12 10:20:17,752 MambaPro.train INFO: history_Experts:{[0.35 , 0.34 , 0.31] , [0.37 , 0.34 , 0.29] , [0.39 , 0.34 , 0.26] , [0.55 , 0.28 , 0.18] , [0.78 , 0.13 , 0.09] , [0.86 , 0.08 , 0.06] , [0.89 , 0.06 , 0.05] , [0.91 , 0.05 , 0.04] , [0.93 , 0.04 , 0.03] , [0.93 , 0.04 , 0.03]}
2025-12-12 10:20:17,752 MambaPro.train INFO: best_Experts:{[0.93 , 0.04 , 0.03]}
2025-12-12 10:20:17,752 MambaPro.train INFO: 🔥 MoE损失(Val): 平衡=0.9944, 稀疏性=0.1872, 多样性=0.1901, 总=0.0012 (权重: 平衡=0.001, 稀疏性=0.000, 多样性=0.001)
2025-12-12 10:20:17,752 MambaPro.train INFO:    📊 专家权重分布(Val): [0.93 , 0.04 , 0.03]
2025-12-12 10:20:37,885 MambaPro.train INFO: Epoch 51 done. Time per batch: 0.189[s] Speed: 169.6[samples/s]
2025-12-12 10:20:57,840 MambaPro.train INFO: Epoch 52 done. Time per batch: 0.188[s] Speed: 170.0[samples/s]
2025-12-12 10:21:18,057 MambaPro.train INFO: Epoch 53 done. Time per batch: 0.189[s] Speed: 169.4[samples/s]
2025-12-12 10:21:38,166 MambaPro.train INFO: Epoch 54 done. Time per batch: 0.188[s] Speed: 170.3[samples/s]
2025-12-12 10:21:58,271 MambaPro.train INFO: Epoch 55 done. Time per batch: 0.188[s] Speed: 170.3[samples/s]
2025-12-12 10:22:05,823 MambaPro.train INFO: Validation Results - Epoch: 55
2025-12-12 10:22:05,823 MambaPro.train INFO: Current mAP: 77.3%
2025-12-12 10:22:05,823 MambaPro.train INFO: CMC curve, Rank-1  :80.0%
2025-12-12 10:22:05,823 MambaPro.train INFO: CMC curve, Rank-5  :89.0%
2025-12-12 10:22:05,823 MambaPro.train INFO: CMC curve, Rank-10 :92.5%
2025-12-12 10:22:05,824 MambaPro.train INFO: [Epoch 55] 指标集合列表（历史）
2025-12-12 10:22:05,824 MambaPro.train INFO: history_mAP:{49.0 , 54.4 , 57.6 , 52.1 , 71.1 , 76.7 , 75.2 , 76.2 , 76.6 , 77.5 , 77.3}
2025-12-12 10:22:05,824 MambaPro.train INFO: best_mAP:{77.5}
2025-12-12 10:22:05,824 MambaPro.train INFO: history_Rank-1:{53.2 , 60.3 , 62.6 , 55.9 , 74.0 , 79.4 , 77.3 , 78.5 , 79.5 , 79.9 , 80.0}
2025-12-12 10:22:05,824 MambaPro.train INFO: best_Rank-1:{79.9}
2025-12-12 10:22:05,824 MambaPro.train INFO: history_Rank-5:{67.0 , 75.4 , 78.0 , 73.0 , 84.7 , 89.4 , 86.4 , 87.8 , 87.7 , 88.0 , 89.0}
2025-12-12 10:22:05,824 MambaPro.train INFO: best_Rank-5:{89.4}
2025-12-12 10:22:05,824 MambaPro.train INFO: history_Rank-10:{72.6 , 80.0 , 86.0 , 81.0 , 89.5 , 92.8 , 90.0 , 92.0 , 92.1 , 91.9 , 92.5}
2025-12-12 10:22:05,824 MambaPro.train INFO: best_Rank-10:{92.8}
2025-12-12 10:22:05,824 MambaPro.train INFO: history_Experts:{[0.35 , 0.34 , 0.31] , [0.37 , 0.34 , 0.29] , [0.39 , 0.34 , 0.26] , [0.55 , 0.28 , 0.18] , [0.78 , 0.13 , 0.09] , [0.86 , 0.08 , 0.06] , [0.89 , 0.06 , 0.05] , [0.91 , 0.05 , 0.04] , [0.93 , 0.04 , 0.03] , [0.93 , 0.04 , 0.03] , [0.94 , 0.03 , 0.03]}
2025-12-12 10:22:05,824 MambaPro.train INFO: best_Experts:{[0.93 , 0.04 , 0.03]}
2025-12-12 10:22:05,824 MambaPro.train INFO: 🔥 MoE损失(Val): 平衡=1.0207, 稀疏性=0.1703, 多样性=0.1708, 总=0.0012 (权重: 平衡=0.001, 稀疏性=0.000, 多样性=0.001)
2025-12-12 10:22:05,824 MambaPro.train INFO:    📊 专家权重分布(Val): [0.94 , 0.03 , 0.03]
2025-12-12 10:22:25,848 MambaPro.train INFO: Epoch 56 done. Time per batch: 0.188[s] Speed: 170.6[samples/s]
2025-12-12 10:22:45,952 MambaPro.train INFO: Epoch 57 done. Time per batch: 0.188[s] Speed: 170.3[samples/s]
2025-12-12 10:23:06,104 MambaPro.train INFO: Epoch 58 done. Time per batch: 0.188[s] Speed: 169.9[samples/s]
2025-12-12 10:23:26,163 MambaPro.train INFO: Epoch 59 done. Time per batch: 0.189[s] Speed: 169.1[samples/s]
2025-12-12 10:23:46,290 MambaPro.train INFO: Epoch 60 done. Time per batch: 0.188[s] Speed: 170.1[samples/s]
2025-12-12 10:23:54,262 MambaPro.train INFO: Validation Results - Epoch: 60
2025-12-12 10:23:54,262 MambaPro.train INFO: Current mAP: 77.4%
2025-12-12 10:23:54,262 MambaPro.train INFO: CMC curve, Rank-1  :79.9%
2025-12-12 10:23:54,262 MambaPro.train INFO: CMC curve, Rank-5  :88.5%
2025-12-12 10:23:54,262 MambaPro.train INFO: CMC curve, Rank-10 :92.7%
2025-12-12 10:23:54,263 MambaPro.train INFO: [Epoch 60] 指标集合列表（历史）
2025-12-12 10:23:54,263 MambaPro.train INFO: history_mAP:{49.0 , 54.4 , 57.6 , 52.1 , 71.1 , 76.7 , 75.2 , 76.2 , 76.6 , 77.5 , 77.3 , 77.4}
2025-12-12 10:23:54,263 MambaPro.train INFO: best_mAP:{77.5}
2025-12-12 10:23:54,263 MambaPro.train INFO: history_Rank-1:{53.2 , 60.3 , 62.6 , 55.9 , 74.0 , 79.4 , 77.3 , 78.5 , 79.5 , 79.9 , 80.0}
2025-12-12 10:23:54,263 MambaPro.train INFO: best_Rank-1:{79.9}
2025-12-12 10:23:54,263 MambaPro.train INFO: history_Rank-5:{67.0 , 75.4 , 78.0 , 73.0 , 84.7 , 89.4 , 86.4 , 87.8 , 87.7 , 88.0 , 89.0 , 88.5}
2025-12-12 10:23:54,263 MambaPro.train INFO: best_Rank-5:{89.4}
2025-12-12 10:23:54,263 MambaPro.train INFO: history_Rank-10:{72.6 , 80.0 , 86.0 , 81.0 , 89.5 , 92.8 , 90.0 , 92.0 , 92.1 , 91.9 , 92.5 , 92.7}
2025-12-12 10:23:54,263 MambaPro.train INFO: best_Rank-10:{92.8}
2025-12-12 10:23:54,263 MambaPro.train INFO: history_Experts:{[0.35 , 0.34 , 0.31] , [0.37 , 0.34 , 0.29] , [0.39 , 0.34 , 0.26] , [0.55 , 0.28 , 0.18] , [0.78 , 0.13 , 0.09] , [0.86 , 0.08 , 0.06] , [0.89 , 0.06 , 0.05] , [0.91 , 0.05 , 0.04] , [0.93 , 0.04 , 0.03] , [0.93 , 0.04 , 0.03] , [0.94 , 0.03 , 0.03] , [0.95 , 0.03 , 0.02]}
2025-12-12 10:23:54,263 MambaPro.train INFO: best_Experts:{[0.93 , 0.04 , 0.03]}
2025-12-12 10:23:54,263 MambaPro.train INFO: 🔥 MoE损失(Val): 平衡=1.0405, 稀疏性=0.1576, 多样性=0.1566, 总=0.0012 (权重: 平衡=0.001, 稀疏性=0.000, 多样性=0.001)
2025-12-12 10:23:54,263 MambaPro.train INFO:    📊 专家权重分布(Val): [0.95 , 0.03 , 0.02]
2025-12-12 10:23:54,399 MambaPro.train INFO: ============================================================
