2025-12-12 01:08:37,975 MambaPro INFO: ================================================================================
2025-12-12 01:08:37,975 MambaPro INFO: 🧾 实验参数快照（命令行 + 最终配置）
2025-12-12 01:08:37,975 MambaPro INFO: ================================================================================
2025-12-12 01:08:37,975 MambaPro INFO: 【复现实验命令】
2025-12-12 01:08:37,975 MambaPro INFO: /home/zubuntu/miniconda/envs/MambaPro/bin/python train_net.py --config_file mybest_model/experiment_20251013_110028/configs/experiment_config.yml OUTPUT_DIR ./outputs/replay_best_tml
2025-12-12 01:08:37,976 MambaPro INFO: 【命令行参数（args）】
2025-12-12 01:08:37,976 MambaPro INFO: {
2025-12-12 01:08:37,976 MambaPro INFO:   "config_file": "mybest_model/experiment_20251013_110028/configs/experiment_config.yml",
2025-12-12 01:08:37,976 MambaPro INFO:   "fea_cft": 0,
2025-12-12 01:08:37,976 MambaPro INFO:   "opts": [
2025-12-12 01:08:37,976 MambaPro INFO:     "OUTPUT_DIR",
2025-12-12 01:08:37,976 MambaPro INFO:     "./outputs/replay_best_tml"
2025-12-12 01:08:37,976 MambaPro INFO:   ],
2025-12-12 01:08:37,976 MambaPro INFO:   "local_rank": 0,
2025-12-12 01:08:37,976 MambaPro INFO:   "use_multi_scale": false,
2025-12-12 01:08:37,976 MambaPro INFO:   "no_multi_scale": false,
2025-12-12 01:08:37,976 MambaPro INFO:   "use_moe": false,
2025-12-12 01:08:37,976 MambaPro INFO:   "disable_moe": false,
2025-12-12 01:08:37,976 MambaPro INFO:   "no_moe": false,
2025-12-12 01:08:37,976 MambaPro INFO:   "use_attention": false,
2025-12-12 01:08:37,976 MambaPro INFO:   "disable_attention": false,
2025-12-12 01:08:37,976 MambaPro INFO:   "attention_heads": 8,
2025-12-12 01:08:37,976 MambaPro INFO:   "attention_dropout": 0.1
2025-12-12 01:08:37,976 MambaPro INFO: }
2025-12-12 01:08:37,976 MambaPro INFO: 【工作目录】/home/zubuntu/workspace/yzy/MambaPro
2025-12-12 01:08:37,976 MambaPro INFO: 【最终配置（YAML）】
2025-12-12 01:08:37,978 MambaPro INFO: DATALOADER:
2025-12-12 01:08:37,978 MambaPro INFO:   NUM_INSTANCE: 8
2025-12-12 01:08:37,978 MambaPro INFO:   NUM_WORKERS: 8
2025-12-12 01:08:37,978 MambaPro INFO:   SAMPLER: softmax_triplet
2025-12-12 01:08:37,978 MambaPro INFO: DATASETS:
2025-12-12 01:08:37,978 MambaPro INFO:   NAMES: RGBNT201
2025-12-12 01:08:37,978 MambaPro INFO:   ROOT_DIR: /home/zubuntu/workspace/yzy/MambaPro/data/
2025-12-12 01:08:37,978 MambaPro INFO: INPUT:
2025-12-12 01:08:37,978 MambaPro INFO:   PADDING: 10
2025-12-12 01:08:37,979 MambaPro INFO:   PIXEL_MEAN:
2025-12-12 01:08:37,979 MambaPro INFO:   - 0.5
2025-12-12 01:08:37,979 MambaPro INFO:   - 0.5
2025-12-12 01:08:37,979 MambaPro INFO:   - 0.5
2025-12-12 01:08:37,979 MambaPro INFO:   PIXEL_STD:
2025-12-12 01:08:37,979 MambaPro INFO:   - 0.5
2025-12-12 01:08:37,979 MambaPro INFO:   - 0.5
2025-12-12 01:08:37,979 MambaPro INFO:   - 0.5
2025-12-12 01:08:37,979 MambaPro INFO:   PROB: 0.5
2025-12-12 01:08:37,979 MambaPro INFO:   RE_PROB: 0.5
2025-12-12 01:08:37,979 MambaPro INFO:   SIZE_TEST:
2025-12-12 01:08:37,979 MambaPro INFO:   - 256
2025-12-12 01:08:37,979 MambaPro INFO:   - 128
2025-12-12 01:08:37,979 MambaPro INFO:   SIZE_TRAIN:
2025-12-12 01:08:37,979 MambaPro INFO:   - 256
2025-12-12 01:08:37,979 MambaPro INFO:   - 128
2025-12-12 01:08:37,979 MambaPro INFO: MODEL:
2025-12-12 01:08:37,979 MambaPro INFO:   ADAPTER: true
2025-12-12 01:08:37,979 MambaPro INFO:   ATTENTION_DIM: 512
2025-12-12 01:08:37,979 MambaPro INFO:   ATTENTION_DROPOUT: 0.1
2025-12-12 01:08:37,979 MambaPro INFO:   ATTENTION_NUM_HEADS: 8
2025-12-12 01:08:37,979 MambaPro INFO:   ATT_DROP_RATE: 0.0
2025-12-12 01:08:37,979 MambaPro INFO:   CLIP_MULTI_SCALE_SCALES:
2025-12-12 01:08:37,979 MambaPro INFO:   - 4
2025-12-12 01:08:37,979 MambaPro INFO:   - 8
2025-12-12 01:08:37,979 MambaPro INFO:   - 16
2025-12-12 01:08:37,979 MambaPro INFO:   DEVICE: cuda
2025-12-12 01:08:37,979 MambaPro INFO:   DEVICE_ID: '0'
2025-12-12 01:08:37,979 MambaPro INFO:   DIRECT: 1
2025-12-12 01:08:37,979 MambaPro INFO:   DIST_TRAIN: false
2025-12-12 01:08:37,979 MambaPro INFO:   DROP_OUT: 0.0
2025-12-12 01:08:37,979 MambaPro INFO:   DROP_PATH: 0.1
2025-12-12 01:08:37,979 MambaPro INFO:   FLOPS_TEST: false
2025-12-12 01:08:37,979 MambaPro INFO:   FROZEN: true
2025-12-12 01:08:37,979 MambaPro INFO:   GATE_DROPOUT: 0.1
2025-12-12 01:08:37,979 MambaPro INFO:   ID_LOSS_TYPE: softmax
2025-12-12 01:08:37,979 MambaPro INFO:   ID_LOSS_WEIGHT: 0.25
2025-12-12 01:08:37,979 MambaPro INFO:   IF_LABELSMOOTH: 'on'
2025-12-12 01:08:37,979 MambaPro INFO:   IF_WITH_CENTER: 'no'
2025-12-12 01:08:37,979 MambaPro INFO:   LAYER: -1
2025-12-12 01:08:37,979 MambaPro INFO:   MAMBA: true
2025-12-12 01:08:37,979 MambaPro INFO:   MAMBA_BI: false
2025-12-12 01:08:37,979 MambaPro INFO:   METRIC_LOSS_TYPE: triplet
2025-12-12 01:08:37,979 MambaPro INFO:   MOE_BALANCE_LOSS_WEIGHT: 0.01
2025-12-12 01:08:37,979 MambaPro INFO:   MOE_DIVERSITY_LOSS_WEIGHT: 0.01
2025-12-12 01:08:37,979 MambaPro INFO:   MOE_EXPERT_DROPOUT: 0.1
2025-12-12 01:08:37,979 MambaPro INFO:   MOE_EXPERT_HIDDEN_DIM: 1024
2025-12-12 01:08:37,979 MambaPro INFO:   MOE_EXPERT_LAYERS: 2
2025-12-12 01:08:37,979 MambaPro INFO:   MOE_EXPERT_THRESHOLD: 0.1
2025-12-12 01:08:37,979 MambaPro INFO:   MOE_FIXED_WEIGHTS:
2025-12-12 01:08:37,979 MambaPro INFO:   - 0.33
2025-12-12 01:08:37,979 MambaPro INFO:   - 0.33
2025-12-12 01:08:37,979 MambaPro INFO:   - 0.34
2025-12-12 01:08:37,979 MambaPro INFO:   MOE_GATE_DROPOUT: 0.1
2025-12-12 01:08:37,979 MambaPro INFO:   MOE_GATE_LAYERS: 2
2025-12-12 01:08:37,979 MambaPro INFO:   MOE_INIT_WEIGHTS: null
2025-12-12 01:08:37,979 MambaPro INFO:   MOE_NUM_EXPERTS: 3
2025-12-12 01:08:37,979 MambaPro INFO:   MOE_RESIDUAL_WEIGHT: 1.0
2025-12-12 01:08:37,979 MambaPro INFO:   MOE_SCALES:
2025-12-12 01:08:37,979 MambaPro INFO:   - 4
2025-12-12 01:08:37,979 MambaPro INFO:   - 8
2025-12-12 01:08:37,979 MambaPro INFO:   - 16
2025-12-12 01:08:37,979 MambaPro INFO:   MOE_SPARSITY_LOSS_WEIGHT: 0.001
2025-12-12 01:08:37,979 MambaPro INFO:   MOE_TEMPERATURE: 0.7
2025-12-12 01:08:37,979 MambaPro INFO:   MOE_TOP_K: 2
2025-12-12 01:08:37,979 MambaPro INFO:   MOE_TOP_K_MODE: soft
2025-12-12 01:08:37,979 MambaPro INFO:   MOE_USE_FIXED_WEIGHTS: false
2025-12-12 01:08:37,979 MambaPro INFO:   MOE_USE_TOP_K_ROUTING: false
2025-12-12 01:08:37,979 MambaPro INFO:   MULTI_SCALE_SCALES:
2025-12-12 01:08:37,979 MambaPro INFO:   - 4
2025-12-12 01:08:37,979 MambaPro INFO:   - 8
2025-12-12 01:08:37,979 MambaPro INFO:   - 16
2025-12-12 01:08:37,979 MambaPro INFO:   NAME: MambaPro
2025-12-12 01:08:37,979 MambaPro INFO:   NECK: bnneck
2025-12-12 01:08:37,979 MambaPro INFO:   NO_MARGIN: true
2025-12-12 01:08:37,979 MambaPro INFO:   PREFIX_NUM: 1
2025-12-12 01:08:37,979 MambaPro INFO:   PRETRAIN_PATH_T: /home/zubuntu/workspace/yzy/MambaPro/pths/ViT-B-16.pt
2025-12-12 01:08:37,979 MambaPro INFO:   PROMPT: true
2025-12-12 01:08:37,979 MambaPro INFO:   SIE_CAMERA: true
2025-12-12 01:08:37,979 MambaPro INFO:   SIE_COE: 1.0
2025-12-12 01:08:37,979 MambaPro INFO:   SIE_VIEW: false
2025-12-12 01:08:37,979 MambaPro INFO:   STRIDE_SIZE:
2025-12-12 01:08:37,979 MambaPro INFO:   - 16
2025-12-12 01:08:37,979 MambaPro INFO:   - 16
2025-12-12 01:08:37,979 MambaPro INFO:   TRANSFORMER_TYPE: ViT-B-16
2025-12-12 01:08:37,979 MambaPro INFO:   TRIPLET_LOSS_WEIGHT: 1.0
2025-12-12 01:08:37,979 MambaPro INFO:   USE_ATTENTION_FUSION: false
2025-12-12 01:08:37,979 MambaPro INFO:   USE_CLIP_MULTI_SCALE: true
2025-12-12 01:08:37,979 MambaPro INFO:   USE_GATE_FUSION: false
2025-12-12 01:08:37,979 MambaPro INFO:   USE_MULTI_SCALE: false
2025-12-12 01:08:37,980 MambaPro INFO:   USE_MULTI_SCALE_MOE: true
2025-12-12 01:08:37,980 MambaPro INFO: OUTPUT_DIR: ./outputs/replay_best_tml/run_20251212_010837
2025-12-12 01:08:37,980 MambaPro INFO: SOLVER:
2025-12-12 01:08:37,980 MambaPro INFO:   BASE_LR: 0.0005
2025-12-12 01:08:37,980 MambaPro INFO:   BIAS_LR_FACTOR: 2
2025-12-12 01:08:37,980 MambaPro INFO:   CENTER_LOSS_WEIGHT: 0.0005
2025-12-12 01:08:37,980 MambaPro INFO:   CENTER_LR: 0.5
2025-12-12 01:08:37,980 MambaPro INFO:   CHECKPOINT_PERIOD: 10
2025-12-12 01:08:37,980 MambaPro INFO:   CLUSTER_MARGIN: 0.3
2025-12-12 01:08:37,980 MambaPro INFO:   COSINE_MARGIN: 0.5
2025-12-12 01:08:37,980 MambaPro INFO:   COSINE_SCALE: 30
2025-12-12 01:08:37,980 MambaPro INFO:   EVAL_PERIOD: 5
2025-12-12 01:08:37,980 MambaPro INFO:   GAMMA: 0.1
2025-12-12 01:08:37,980 MambaPro INFO:   IMS_PER_BATCH: 32
2025-12-12 01:08:37,980 MambaPro INFO:   LARGE_FC_LR: false
2025-12-12 01:08:37,980 MambaPro INFO:   LOG_PERIOD: 10
2025-12-12 01:08:37,980 MambaPro INFO:   MARGIN: 0.3
2025-12-12 01:08:37,980 MambaPro INFO:   MAX_EPOCHS: 60
2025-12-12 01:08:37,980 MambaPro INFO:   MOE_BALANCE_LOSS_WEIGHT: 0.001
2025-12-12 01:08:37,980 MambaPro INFO:   MOE_BALANCE_LOSS_WEIGHT_END: 0.1
2025-12-12 01:08:37,980 MambaPro INFO:   MOE_BALANCE_LOSS_WEIGHT_START: 0.001
2025-12-12 01:08:37,980 MambaPro INFO:   MOE_BALANCE_THRESHOLD: 0.3
2025-12-12 01:08:37,980 MambaPro INFO:   MOE_DIVERSITY_LOSS_WEIGHT: 0.001
2025-12-12 01:08:37,980 MambaPro INFO:   MOE_DIVERSITY_LOSS_WEIGHT_END: 0.1
2025-12-12 01:08:37,980 MambaPro INFO:   MOE_DIVERSITY_LOSS_WEIGHT_START: 0.001
2025-12-12 01:08:37,980 MambaPro INFO:   MOE_GATE_LR_FACTOR: 0.01
2025-12-12 01:08:37,980 MambaPro INFO:   MOE_LOSS_WEIGHT_SCHEDULE_TYPE: cosine
2025-12-12 01:08:37,980 MambaPro INFO:   MOE_LOSS_WEIGHT_WARMUP_EPOCHS: 5
2025-12-12 01:08:37,980 MambaPro INFO:   MOE_SPARSITY_LOSS_WEIGHT: 0.0001
2025-12-12 01:08:37,980 MambaPro INFO:   MOE_USE_DYNAMIC_LOSS_WEIGHT: false
2025-12-12 01:08:37,980 MambaPro INFO:   MOMENTUM: 0.9
2025-12-12 01:08:37,980 MambaPro INFO:   OPTIMIZER_NAME: Adam
2025-12-12 01:08:37,980 MambaPro INFO:   RANGE_ALPHA: 0
2025-12-12 01:08:37,980 MambaPro INFO:   RANGE_BETA: 1
2025-12-12 01:08:37,980 MambaPro INFO:   RANGE_K: 2
2025-12-12 01:08:37,980 MambaPro INFO:   RANGE_LOSS_WEIGHT: 1
2025-12-12 01:08:37,980 MambaPro INFO:   RANGE_MARGIN: 0.3
2025-12-12 01:08:37,980 MambaPro INFO:   SEED: 42
2025-12-12 01:08:37,980 MambaPro INFO:   STEPS:
2025-12-12 01:08:37,980 MambaPro INFO:   - 30
2025-12-12 01:08:37,980 MambaPro INFO:   - 50
2025-12-12 01:08:37,980 MambaPro INFO:   WARMUP_FACTOR: 0.01
2025-12-12 01:08:37,980 MambaPro INFO:   WARMUP_ITERS: 20
2025-12-12 01:08:37,980 MambaPro INFO:   WARMUP_METHOD: linear
2025-12-12 01:08:37,980 MambaPro INFO:   WEIGHT_DECAY: 0.0005
2025-12-12 01:08:37,980 MambaPro INFO:   WEIGHT_DECAY_BIAS: 0.0005
2025-12-12 01:08:37,980 MambaPro INFO: TEST:
2025-12-12 01:08:37,980 MambaPro INFO:   FEAT: 0
2025-12-12 01:08:37,980 MambaPro INFO:   FEAT_NORM: 'yes'
2025-12-12 01:08:37,980 MambaPro INFO:   IMS_PER_BATCH: 64
2025-12-12 01:08:37,980 MambaPro INFO:   MISS: nothing
2025-12-12 01:08:37,980 MambaPro INFO:   NECK_FEAT: after
2025-12-12 01:08:37,980 MambaPro INFO:   RE_RANKING: 'no'
2025-12-12 01:08:37,980 MambaPro INFO:   WEIGHT: /home/zubuntu/workspace/yzy/MambaPro/pths/MambaProbest.pth
2025-12-12 01:08:37,980 MambaPro INFO: ================================================================================
2025-12-12 01:08:40,099 MambaPro.train INFO: start training
2025-12-12 01:09:00,195 MambaPro.train INFO: Epoch 1 done. Time per batch: 0.188[s] Speed: 170.5[samples/s]
2025-12-12 01:09:20,060 MambaPro.train INFO: Epoch 2 done. Time per batch: 0.186[s] Speed: 172.4[samples/s]
2025-12-12 01:09:39,979 MambaPro.train INFO: Epoch 3 done. Time per batch: 0.186[s] Speed: 171.9[samples/s]
2025-12-12 01:09:59,794 MambaPro.train INFO: Epoch 4 done. Time per batch: 0.185[s] Speed: 172.8[samples/s]
2025-12-12 01:10:19,593 MambaPro.train INFO: Epoch 5 done. Time per batch: 0.185[s] Speed: 172.9[samples/s]
2025-12-12 01:10:27,135 MambaPro.train INFO: Validation Results - Epoch: 5
2025-12-12 01:10:27,135 MambaPro.train INFO: Current mAP: 41.8%
2025-12-12 01:10:27,136 MambaPro.train INFO: CMC curve, Rank-1  :45.1%
2025-12-12 01:10:27,136 MambaPro.train INFO: CMC curve, Rank-5  :58.7%
2025-12-12 01:10:27,136 MambaPro.train INFO: CMC curve, Rank-10 :67.8%
2025-12-12 01:10:27,137 MambaPro.train INFO: 🎯 New Best! Saving model...
2025-12-12 01:10:27,551 MambaPro.train INFO: [Epoch 5] 指标集合列表（历史）
2025-12-12 01:10:27,552 MambaPro.train INFO: history_mAP:{41.8}
2025-12-12 01:10:27,552 MambaPro.train INFO: best_mAP:{41.8}
2025-12-12 01:10:27,552 MambaPro.train INFO: history_Rank-1:{45.1}
2025-12-12 01:10:27,552 MambaPro.train INFO: best_Rank-1:{45.1}
2025-12-12 01:10:27,552 MambaPro.train INFO: history_Rank-5:{58.7}
2025-12-12 01:10:27,552 MambaPro.train INFO: best_Rank-5:{58.7}
2025-12-12 01:10:27,552 MambaPro.train INFO: history_Rank-10:{67.8}
2025-12-12 01:10:27,552 MambaPro.train INFO: best_Rank-10:{67.8}
2025-12-12 01:10:27,552 MambaPro.train INFO: history_Experts:{[0.35 , 0.34 , 0.31]}
2025-12-12 01:10:27,552 MambaPro.train INFO: best_Experts:{[0.35 , 0.34 , 0.31]}
2025-12-12 01:10:27,552 MambaPro.train INFO: 🔥 MoE损失(Val): 平衡=0.0000, 稀疏性=0.9985, 多样性=2.6548, 总=0.0028 (权重: 平衡=0.001, 稀疏性=0.000, 多样性=0.001)
2025-12-12 01:10:27,552 MambaPro.train INFO:    📊 专家权重分布(Val): [0.35 , 0.34 , 0.31]
2025-12-12 01:10:47,552 MambaPro.train INFO: Epoch 6 done. Time per batch: 0.186[s] Speed: 172.4[samples/s]
2025-12-12 01:11:07,440 MambaPro.train INFO: Epoch 7 done. Time per batch: 0.186[s] Speed: 172.2[samples/s]
2025-12-12 01:11:27,373 MambaPro.train INFO: Epoch 8 done. Time per batch: 0.186[s] Speed: 171.8[samples/s]
2025-12-12 01:11:47,319 MambaPro.train INFO: Epoch 9 done. Time per batch: 0.186[s] Speed: 171.7[samples/s]
2025-12-12 01:12:07,223 MambaPro.train INFO: Epoch 10 done. Time per batch: 0.186[s] Speed: 172.0[samples/s]
2025-12-12 01:12:15,175 MambaPro.train INFO: Validation Results - Epoch: 10
2025-12-12 01:12:15,176 MambaPro.train INFO: Current mAP: 45.3%
2025-12-12 01:12:15,176 MambaPro.train INFO: CMC curve, Rank-1  :49.5%
2025-12-12 01:12:15,176 MambaPro.train INFO: CMC curve, Rank-5  :63.0%
2025-12-12 01:12:15,176 MambaPro.train INFO: CMC curve, Rank-10 :73.1%
2025-12-12 01:12:15,176 MambaPro.train INFO: 🎯 New Best! Saving model...
2025-12-12 01:12:15,790 MambaPro.train INFO: [Epoch 10] 指标集合列表（历史）
2025-12-12 01:12:15,790 MambaPro.train INFO: history_mAP:{41.8 , 45.3}
2025-12-12 01:12:15,790 MambaPro.train INFO: best_mAP:{45.3}
2025-12-12 01:12:15,790 MambaPro.train INFO: history_Rank-1:{45.1 , 49.5}
2025-12-12 01:12:15,790 MambaPro.train INFO: best_Rank-1:{49.5}
2025-12-12 01:12:15,790 MambaPro.train INFO: history_Rank-5:{58.7 , 63.0}
2025-12-12 01:12:15,790 MambaPro.train INFO: best_Rank-5:{63.0}
2025-12-12 01:12:15,790 MambaPro.train INFO: history_Rank-10:{67.8 , 73.1}
2025-12-12 01:12:15,790 MambaPro.train INFO: best_Rank-10:{73.1}
2025-12-12 01:12:15,790 MambaPro.train INFO: history_Experts:{[0.35 , 0.34 , 0.31] , [0.37 , 0.34 , 0.29]}
2025-12-12 01:12:15,790 MambaPro.train INFO: best_Experts:{[0.37 , 0.34 , 0.29]}
2025-12-12 01:12:15,790 MambaPro.train INFO: 🔥 MoE损失(Val): 平衡=0.0000, 稀疏性=0.9959, 多样性=2.6341, 总=0.0027 (权重: 平衡=0.001, 稀疏性=0.000, 多样性=0.001)
2025-12-12 01:12:15,790 MambaPro.train INFO:    📊 专家权重分布(Val): [0.37 , 0.34 , 0.29]
2025-12-12 01:12:35,658 MambaPro.train INFO: Epoch 11 done. Time per batch: 0.186[s] Speed: 171.9[samples/s]
2025-12-12 01:12:55,623 MambaPro.train INFO: Epoch 12 done. Time per batch: 0.187[s] Speed: 171.5[samples/s]
2025-12-12 01:13:15,534 MambaPro.train INFO: Epoch 13 done. Time per batch: 0.186[s] Speed: 172.0[samples/s]
2025-12-12 01:13:35,400 MambaPro.train INFO: Epoch 14 done. Time per batch: 0.186[s] Speed: 172.4[samples/s]
2025-12-12 01:13:55,384 MambaPro.train INFO: Epoch 15 done. Time per batch: 0.187[s] Speed: 171.3[samples/s]
2025-12-12 01:14:02,876 MambaPro.train INFO: Validation Results - Epoch: 15
2025-12-12 01:14:02,876 MambaPro.train INFO: Current mAP: 59.9%
2025-12-12 01:14:02,876 MambaPro.train INFO: CMC curve, Rank-1  :63.8%
2025-12-12 01:14:02,876 MambaPro.train INFO: CMC curve, Rank-5  :77.2%
2025-12-12 01:14:02,876 MambaPro.train INFO: CMC curve, Rank-10 :81.8%
2025-12-12 01:14:02,877 MambaPro.train INFO: 🎯 New Best! Saving model...
2025-12-12 01:14:03,481 MambaPro.train INFO: [Epoch 15] 指标集合列表（历史）
2025-12-12 01:14:03,481 MambaPro.train INFO: history_mAP:{41.8 , 45.3 , 59.9}
2025-12-12 01:14:03,481 MambaPro.train INFO: best_mAP:{59.9}
2025-12-12 01:14:03,482 MambaPro.train INFO: history_Rank-1:{45.1 , 49.5 , 63.8}
2025-12-12 01:14:03,482 MambaPro.train INFO: best_Rank-1:{63.8}
2025-12-12 01:14:03,482 MambaPro.train INFO: history_Rank-5:{58.7 , 63.0 , 77.2}
2025-12-12 01:14:03,482 MambaPro.train INFO: best_Rank-5:{77.2}
2025-12-12 01:14:03,482 MambaPro.train INFO: history_Rank-10:{67.8 , 73.1 , 81.8}
2025-12-12 01:14:03,482 MambaPro.train INFO: best_Rank-10:{81.8}
2025-12-12 01:14:03,482 MambaPro.train INFO: history_Experts:{[0.35 , 0.34 , 0.31] , [0.37 , 0.34 , 0.29] , [0.40 , 0.34 , 0.26]}
2025-12-12 01:14:03,482 MambaPro.train INFO: best_Experts:{[0.40 , 0.34 , 0.26]}
2025-12-12 01:14:03,482 MambaPro.train INFO: 🔥 MoE损失(Val): 平衡=0.0000, 稀疏性=0.9865, 多样性=2.5611, 总=0.0027 (权重: 平衡=0.001, 稀疏性=0.000, 多样性=0.001)
2025-12-12 01:14:03,482 MambaPro.train INFO:    📊 专家权重分布(Val): [0.40 , 0.34 , 0.26]
2025-12-12 01:14:23,539 MambaPro.train INFO: Epoch 16 done. Time per batch: 0.186[s] Speed: 171.9[samples/s]
2025-12-12 01:14:43,435 MambaPro.train INFO: Epoch 17 done. Time per batch: 0.186[s] Speed: 172.1[samples/s]
2025-12-12 01:15:03,146 MambaPro.train INFO: Epoch 18 done. Time per batch: 0.186[s] Speed: 172.1[samples/s]
2025-12-12 01:15:23,196 MambaPro.train INFO: Epoch 19 done. Time per batch: 0.187[s] Speed: 170.8[samples/s]
2025-12-12 01:15:43,075 MambaPro.train INFO: Epoch 20 done. Time per batch: 0.186[s] Speed: 172.2[samples/s]
2025-12-12 01:15:50,952 MambaPro.train INFO: Validation Results - Epoch: 20
2025-12-12 01:15:50,952 MambaPro.train INFO: Current mAP: 58.8%
2025-12-12 01:15:50,952 MambaPro.train INFO: CMC curve, Rank-1  :63.4%
2025-12-12 01:15:50,952 MambaPro.train INFO: CMC curve, Rank-5  :76.9%
2025-12-12 01:15:50,952 MambaPro.train INFO: CMC curve, Rank-10 :83.7%
2025-12-12 01:15:50,953 MambaPro.train INFO: [Epoch 20] 指标集合列表（历史）
2025-12-12 01:15:50,953 MambaPro.train INFO: history_mAP:{41.8 , 45.3 , 59.9 , 58.8}
2025-12-12 01:15:50,953 MambaPro.train INFO: best_mAP:{59.9}
2025-12-12 01:15:50,953 MambaPro.train INFO: history_Rank-1:{45.1 , 49.5 , 63.8 , 63.4}
2025-12-12 01:15:50,953 MambaPro.train INFO: best_Rank-1:{63.8}
2025-12-12 01:15:50,953 MambaPro.train INFO: history_Rank-5:{58.7 , 63.0 , 77.2 , 76.9}
2025-12-12 01:15:50,953 MambaPro.train INFO: best_Rank-5:{77.2}
2025-12-12 01:15:50,953 MambaPro.train INFO: history_Rank-10:{67.8 , 73.1 , 81.8 , 83.7}
2025-12-12 01:15:50,953 MambaPro.train INFO: best_Rank-10:{81.8}
2025-12-12 01:15:50,953 MambaPro.train INFO: history_Experts:{[0.35 , 0.34 , 0.31] , [0.37 , 0.34 , 0.29] , [0.40 , 0.34 , 0.26] , [0.55 , 0.27 , 0.17]}
2025-12-12 01:15:50,953 MambaPro.train INFO: best_Experts:{[0.40 , 0.34 , 0.26]}
2025-12-12 01:15:50,953 MambaPro.train INFO: 🔥 MoE损失(Val): 平衡=0.0543, 稀疏性=0.8831, 多样性=1.9085, 总=0.0021 (权重: 平衡=0.001, 稀疏性=0.000, 多样性=0.001)
2025-12-12 01:15:50,953 MambaPro.train INFO:    📊 专家权重分布(Val): [0.55 , 0.27 , 0.17]
2025-12-12 01:16:10,858 MambaPro.train INFO: Epoch 21 done. Time per batch: 0.186[s] Speed: 171.6[samples/s]
2025-12-12 01:16:30,932 MambaPro.train INFO: Epoch 22 done. Time per batch: 0.188[s] Speed: 170.6[samples/s]
2025-12-12 01:16:50,880 MambaPro.train INFO: Epoch 23 done. Time per batch: 0.186[s] Speed: 171.6[samples/s]
2025-12-12 01:17:10,832 MambaPro.train INFO: Epoch 24 done. Time per batch: 0.186[s] Speed: 171.6[samples/s]
2025-12-12 01:17:30,616 MambaPro.train INFO: Epoch 25 done. Time per batch: 0.187[s] Speed: 171.5[samples/s]
2025-12-12 01:17:38,080 MambaPro.train INFO: Validation Results - Epoch: 25
2025-12-12 01:17:38,080 MambaPro.train INFO: Current mAP: 72.7%
2025-12-12 01:17:38,080 MambaPro.train INFO: CMC curve, Rank-1  :78.2%
2025-12-12 01:17:38,080 MambaPro.train INFO: CMC curve, Rank-5  :87.9%
2025-12-12 01:17:38,080 MambaPro.train INFO: CMC curve, Rank-10 :91.4%
2025-12-12 01:17:38,081 MambaPro.train INFO: 🎯 New Best! Saving model...
2025-12-12 01:17:38,685 MambaPro.train INFO: [Epoch 25] 指标集合列表（历史）
2025-12-12 01:17:38,685 MambaPro.train INFO: history_mAP:{41.8 , 45.3 , 59.9 , 58.8 , 72.7}
2025-12-12 01:17:38,685 MambaPro.train INFO: best_mAP:{72.7}
2025-12-12 01:17:38,685 MambaPro.train INFO: history_Rank-1:{45.1 , 49.5 , 63.8 , 63.4 , 78.2}
2025-12-12 01:17:38,685 MambaPro.train INFO: best_Rank-1:{78.2}
2025-12-12 01:17:38,685 MambaPro.train INFO: history_Rank-5:{58.7 , 63.0 , 77.2 , 76.9 , 87.9}
2025-12-12 01:17:38,685 MambaPro.train INFO: best_Rank-5:{87.9}
2025-12-12 01:17:38,685 MambaPro.train INFO: history_Rank-10:{67.8 , 73.1 , 81.8 , 83.7 , 91.4}
2025-12-12 01:17:38,685 MambaPro.train INFO: best_Rank-10:{91.4}
2025-12-12 01:17:38,685 MambaPro.train INFO: history_Experts:{[0.35 , 0.34 , 0.31] , [0.37 , 0.34 , 0.29] , [0.40 , 0.34 , 0.26] , [0.55 , 0.27 , 0.17] , [0.79 , 0.12 , 0.09]}
2025-12-12 01:17:38,685 MambaPro.train INFO: best_Experts:{[0.79 , 0.12 , 0.09]}
2025-12-12 01:17:38,685 MambaPro.train INFO: 🔥 MoE损失(Val): 平衡=0.4902, 稀疏性=0.5242, 多样性=0.7164, 总=0.0013 (权重: 平衡=0.001, 稀疏性=0.000, 多样性=0.001)
2025-12-12 01:17:38,685 MambaPro.train INFO:    📊 专家权重分布(Val): [0.79 , 0.12 , 0.09]
2025-12-12 01:17:58,834 MambaPro.train INFO: Epoch 26 done. Time per batch: 0.187[s] Speed: 171.1[samples/s]
2025-12-12 01:18:18,834 MambaPro.train INFO: Epoch 27 done. Time per batch: 0.187[s] Speed: 171.2[samples/s]
2025-12-12 01:18:38,760 MambaPro.train INFO: Epoch 28 done. Time per batch: 0.186[s] Speed: 171.8[samples/s]
2025-12-12 01:18:58,774 MambaPro.train INFO: Epoch 29 done. Time per batch: 0.187[s] Speed: 171.1[samples/s]
2025-12-12 01:19:18,770 MambaPro.train INFO: Epoch 30 done. Time per batch: 0.187[s] Speed: 171.2[samples/s]
2025-12-12 01:19:26,672 MambaPro.train INFO: Validation Results - Epoch: 30
2025-12-12 01:19:26,672 MambaPro.train INFO: Current mAP: 75.6%
2025-12-12 01:19:26,672 MambaPro.train INFO: CMC curve, Rank-1  :80.7%
2025-12-12 01:19:26,672 MambaPro.train INFO: CMC curve, Rank-5  :88.4%
2025-12-12 01:19:26,672 MambaPro.train INFO: CMC curve, Rank-10 :92.6%
2025-12-12 01:19:26,673 MambaPro.train INFO: 🎯 New Best! Saving model...
2025-12-12 01:19:27,261 MambaPro.train INFO: [Epoch 30] 指标集合列表（历史）
2025-12-12 01:19:27,262 MambaPro.train INFO: history_mAP:{41.8 , 45.3 , 59.9 , 58.8 , 72.7 , 75.6}
2025-12-12 01:19:27,262 MambaPro.train INFO: best_mAP:{75.6}
2025-12-12 01:19:27,262 MambaPro.train INFO: history_Rank-1:{45.1 , 49.5 , 63.8 , 63.4 , 78.2 , 80.7}
2025-12-12 01:19:27,262 MambaPro.train INFO: best_Rank-1:{80.7}
2025-12-12 01:19:27,262 MambaPro.train INFO: history_Rank-5:{58.7 , 63.0 , 77.2 , 76.9 , 87.9 , 88.4}
2025-12-12 01:19:27,262 MambaPro.train INFO: best_Rank-5:{88.4}
2025-12-12 01:19:27,262 MambaPro.train INFO: history_Rank-10:{67.8 , 73.1 , 81.8 , 83.7 , 91.4 , 92.6}
2025-12-12 01:19:27,262 MambaPro.train INFO: best_Rank-10:{92.6}
2025-12-12 01:19:27,262 MambaPro.train INFO: history_Experts:{[0.35 , 0.34 , 0.31] , [0.37 , 0.34 , 0.29] , [0.40 , 0.34 , 0.26] , [0.55 , 0.27 , 0.17] , [0.79 , 0.12 , 0.09] , [0.86 , 0.08 , 0.06]}
2025-12-12 01:19:27,262 MambaPro.train INFO: best_Experts:{[0.86 , 0.08 , 0.06]}
2025-12-12 01:19:27,262 MambaPro.train INFO: 🔥 MoE损失(Val): 平衡=0.7243, 稀疏性=0.3639, 多样性=0.4271, 总=0.0012 (权重: 平衡=0.001, 稀疏性=0.000, 多样性=0.001)
2025-12-12 01:19:27,262 MambaPro.train INFO:    📊 专家权重分布(Val): [0.86 , 0.08 , 0.06]
2025-12-12 01:19:47,475 MambaPro.train INFO: Epoch 31 done. Time per batch: 0.188[s] Speed: 170.5[samples/s]
2025-12-12 01:20:07,210 MambaPro.train INFO: Epoch 32 done. Time per batch: 0.186[s] Speed: 171.9[samples/s]
2025-12-12 01:20:27,175 MambaPro.train INFO: Epoch 33 done. Time per batch: 0.187[s] Speed: 171.5[samples/s]
2025-12-12 01:20:46,919 MambaPro.train INFO: Epoch 34 done. Time per batch: 0.186[s] Speed: 171.8[samples/s]
2025-12-12 01:21:06,932 MambaPro.train INFO: Epoch 35 done. Time per batch: 0.187[s] Speed: 171.1[samples/s]
2025-12-12 01:21:14,396 MambaPro.train INFO: Validation Results - Epoch: 35
2025-12-12 01:21:14,396 MambaPro.train INFO: Current mAP: 74.9%
2025-12-12 01:21:14,396 MambaPro.train INFO: CMC curve, Rank-1  :77.8%
2025-12-12 01:21:14,396 MambaPro.train INFO: CMC curve, Rank-5  :86.8%
2025-12-12 01:21:14,396 MambaPro.train INFO: CMC curve, Rank-10 :90.8%
2025-12-12 01:21:14,397 MambaPro.train INFO: [Epoch 35] 指标集合列表（历史）
2025-12-12 01:21:14,397 MambaPro.train INFO: history_mAP:{41.8 , 45.3 , 59.9 , 58.8 , 72.7 , 75.6 , 74.9}
2025-12-12 01:21:14,397 MambaPro.train INFO: best_mAP:{75.6}
2025-12-12 01:21:14,397 MambaPro.train INFO: history_Rank-1:{45.1 , 49.5 , 63.8 , 63.4 , 78.2 , 80.7 , 77.8}
2025-12-12 01:21:14,397 MambaPro.train INFO: best_Rank-1:{80.7}
2025-12-12 01:21:14,397 MambaPro.train INFO: history_Rank-5:{58.7 , 63.0 , 77.2 , 76.9 , 87.9 , 88.4 , 86.8}
2025-12-12 01:21:14,397 MambaPro.train INFO: best_Rank-5:{88.4}
2025-12-12 01:21:14,397 MambaPro.train INFO: history_Rank-10:{67.8 , 73.1 , 81.8 , 83.7 , 91.4 , 92.6 , 90.8}
2025-12-12 01:21:14,397 MambaPro.train INFO: best_Rank-10:{92.6}
2025-12-12 01:21:14,397 MambaPro.train INFO: history_Experts:{[0.35 , 0.34 , 0.31] , [0.37 , 0.34 , 0.29] , [0.40 , 0.34 , 0.26] , [0.55 , 0.27 , 0.17] , [0.79 , 0.12 , 0.09] , [0.86 , 0.08 , 0.06] , [0.90 , 0.06 , 0.04]}
2025-12-12 01:21:14,397 MambaPro.train INFO: best_Experts:{[0.86 , 0.08 , 0.06]}
2025-12-12 01:21:14,397 MambaPro.train INFO: 🔥 MoE损失(Val): 平衡=0.8551, 稀疏性=0.2775, 多样性=0.3026, 总=0.0012 (权重: 平衡=0.001, 稀疏性=0.000, 多样性=0.001)
2025-12-12 01:21:14,397 MambaPro.train INFO:    📊 专家权重分布(Val): [0.90 , 0.06 , 0.04]
2025-12-12 01:21:34,558 MambaPro.train INFO: Epoch 36 done. Time per batch: 0.187[s] Speed: 171.0[samples/s]
2025-12-12 01:21:54,536 MambaPro.train INFO: Epoch 37 done. Time per batch: 0.187[s] Speed: 171.4[samples/s]
2025-12-12 01:22:14,352 MambaPro.train INFO: Epoch 38 done. Time per batch: 0.187[s] Speed: 171.2[samples/s]
2025-12-12 01:22:34,364 MambaPro.train INFO: Epoch 39 done. Time per batch: 0.187[s] Speed: 171.1[samples/s]
2025-12-12 01:22:54,179 MambaPro.train INFO: Epoch 40 done. Time per batch: 0.187[s] Speed: 171.2[samples/s]
2025-12-12 01:23:02,076 MambaPro.train INFO: Validation Results - Epoch: 40
2025-12-12 01:23:02,077 MambaPro.train INFO: Current mAP: 77.3%
2025-12-12 01:23:02,077 MambaPro.train INFO: CMC curve, Rank-1  :80.4%
2025-12-12 01:23:02,077 MambaPro.train INFO: CMC curve, Rank-5  :87.0%
2025-12-12 01:23:02,077 MambaPro.train INFO: CMC curve, Rank-10 :92.1%
2025-12-12 01:23:02,077 MambaPro.train INFO: 🎯 New Best! Saving model...
2025-12-12 01:23:02,729 MambaPro.train INFO: [Epoch 40] 指标集合列表（历史）
2025-12-12 01:23:02,730 MambaPro.train INFO: history_mAP:{41.8 , 45.3 , 59.9 , 58.8 , 72.7 , 75.6 , 74.9 , 77.3}
2025-12-12 01:23:02,730 MambaPro.train INFO: best_mAP:{77.3}
2025-12-12 01:23:02,730 MambaPro.train INFO: history_Rank-1:{45.1 , 49.5 , 63.8 , 63.4 , 78.2 , 80.7 , 77.8 , 80.4}
2025-12-12 01:23:02,730 MambaPro.train INFO: best_Rank-1:{80.7}
2025-12-12 01:23:02,730 MambaPro.train INFO: history_Rank-5:{58.7 , 63.0 , 77.2 , 76.9 , 87.9 , 88.4 , 86.8 , 87.0}
2025-12-12 01:23:02,730 MambaPro.train INFO: best_Rank-5:{88.4}
2025-12-12 01:23:02,730 MambaPro.train INFO: history_Rank-10:{67.8 , 73.1 , 81.8 , 83.7 , 91.4 , 92.6 , 90.8 , 92.1}
2025-12-12 01:23:02,730 MambaPro.train INFO: best_Rank-10:{92.6}
2025-12-12 01:23:02,730 MambaPro.train INFO: history_Experts:{[0.35 , 0.34 , 0.31] , [0.37 , 0.34 , 0.29] , [0.40 , 0.34 , 0.26] , [0.55 , 0.27 , 0.17] , [0.79 , 0.12 , 0.09] , [0.86 , 0.08 , 0.06] , [0.90 , 0.06 , 0.04] , [0.92 , 0.04 , 0.04]}
2025-12-12 01:23:02,730 MambaPro.train INFO: best_Experts:{[0.92 , 0.04 , 0.04]}
2025-12-12 01:23:02,730 MambaPro.train INFO: 🔥 MoE损失(Val): 平衡=0.9294, 稀疏性=0.2291, 多样性=0.2404, 总=0.0012 (权重: 平衡=0.001, 稀疏性=0.000, 多样性=0.001)
2025-12-12 01:23:02,730 MambaPro.train INFO:    📊 专家权重分布(Val): [0.92 , 0.04 , 0.04]
2025-12-12 01:23:23,025 MambaPro.train INFO: Epoch 41 done. Time per batch: 0.188[s] Speed: 169.9[samples/s]
2025-12-12 01:23:43,014 MambaPro.train INFO: Epoch 42 done. Time per batch: 0.187[s] Speed: 171.3[samples/s]
2025-12-12 01:24:02,968 MambaPro.train INFO: Epoch 43 done. Time per batch: 0.186[s] Speed: 171.6[samples/s]
2025-12-12 01:24:23,064 MambaPro.train INFO: Epoch 44 done. Time per batch: 0.188[s] Speed: 170.4[samples/s]
2025-12-12 01:24:43,035 MambaPro.train INFO: Epoch 45 done. Time per batch: 0.187[s] Speed: 171.4[samples/s]
2025-12-12 01:24:50,534 MambaPro.train INFO: Validation Results - Epoch: 45
2025-12-12 01:24:50,534 MambaPro.train INFO: Current mAP: 77.0%
2025-12-12 01:24:50,534 MambaPro.train INFO: CMC curve, Rank-1  :79.9%
2025-12-12 01:24:50,534 MambaPro.train INFO: CMC curve, Rank-5  :88.3%
2025-12-12 01:24:50,534 MambaPro.train INFO: CMC curve, Rank-10 :90.9%
2025-12-12 01:24:50,534 MambaPro.train INFO: [Epoch 45] 指标集合列表（历史）
2025-12-12 01:24:50,534 MambaPro.train INFO: history_mAP:{41.8 , 45.3 , 59.9 , 58.8 , 72.7 , 75.6 , 74.9 , 77.3 , 77.0}
2025-12-12 01:24:50,535 MambaPro.train INFO: best_mAP:{77.3}
2025-12-12 01:24:50,535 MambaPro.train INFO: history_Rank-1:{45.1 , 49.5 , 63.8 , 63.4 , 78.2 , 80.7 , 77.8 , 80.4 , 79.9}
2025-12-12 01:24:50,535 MambaPro.train INFO: best_Rank-1:{80.7}
2025-12-12 01:24:50,535 MambaPro.train INFO: history_Rank-5:{58.7 , 63.0 , 77.2 , 76.9 , 87.9 , 88.4 , 86.8 , 87.0 , 88.3}
2025-12-12 01:24:50,535 MambaPro.train INFO: best_Rank-5:{88.4}
2025-12-12 01:24:50,535 MambaPro.train INFO: history_Rank-10:{67.8 , 73.1 , 81.8 , 83.7 , 91.4 , 92.6 , 90.8 , 92.1 , 90.9}
2025-12-12 01:24:50,535 MambaPro.train INFO: best_Rank-10:{92.6}
2025-12-12 01:24:50,535 MambaPro.train INFO: history_Experts:{[0.35 , 0.34 , 0.31] , [0.37 , 0.34 , 0.29] , [0.40 , 0.34 , 0.26] , [0.55 , 0.27 , 0.17] , [0.79 , 0.12 , 0.09] , [0.86 , 0.08 , 0.06] , [0.90 , 0.06 , 0.04] , [0.92 , 0.04 , 0.04] , [0.93 , 0.04 , 0.03]}
2025-12-12 01:24:50,535 MambaPro.train INFO: best_Experts:{[0.92 , 0.04 , 0.04]}
2025-12-12 01:24:50,535 MambaPro.train INFO: 🔥 MoE损失(Val): 平衡=0.9772, 稀疏性=0.1982, 多样性=0.2030, 总=0.0012 (权重: 平衡=0.001, 稀疏性=0.000, 多样性=0.001)
2025-12-12 01:24:50,535 MambaPro.train INFO:    📊 专家权重分布(Val): [0.93 , 0.04 , 0.03]
2025-12-12 01:25:10,730 MambaPro.train INFO: Epoch 46 done. Time per batch: 0.187[s] Speed: 170.7[samples/s]
2025-12-12 01:25:30,748 MambaPro.train INFO: Epoch 47 done. Time per batch: 0.187[s] Speed: 171.0[samples/s]
2025-12-12 01:25:50,627 MambaPro.train INFO: Epoch 48 done. Time per batch: 0.188[s] Speed: 170.6[samples/s]
2025-12-12 01:26:10,658 MambaPro.train INFO: Epoch 49 done. Time per batch: 0.187[s] Speed: 170.9[samples/s]
2025-12-12 01:26:30,695 MambaPro.train INFO: Epoch 50 done. Time per batch: 0.187[s] Speed: 170.9[samples/s]
2025-12-12 01:26:38,631 MambaPro.train INFO: Validation Results - Epoch: 50
2025-12-12 01:26:38,631 MambaPro.train INFO: Current mAP: 76.0%
2025-12-12 01:26:38,631 MambaPro.train INFO: CMC curve, Rank-1  :78.2%
2025-12-12 01:26:38,631 MambaPro.train INFO: CMC curve, Rank-5  :86.2%
2025-12-12 01:26:38,631 MambaPro.train INFO: CMC curve, Rank-10 :90.7%
2025-12-12 01:26:38,632 MambaPro.train INFO: [Epoch 50] 指标集合列表（历史）
2025-12-12 01:26:38,632 MambaPro.train INFO: history_mAP:{41.8 , 45.3 , 59.9 , 58.8 , 72.7 , 75.6 , 74.9 , 77.3 , 77.0 , 76.0}
2025-12-12 01:26:38,632 MambaPro.train INFO: best_mAP:{77.3}
2025-12-12 01:26:38,632 MambaPro.train INFO: history_Rank-1:{45.1 , 49.5 , 63.8 , 63.4 , 78.2 , 80.7 , 77.8 , 80.4 , 79.9}
2025-12-12 01:26:38,632 MambaPro.train INFO: best_Rank-1:{80.7}
2025-12-12 01:26:38,632 MambaPro.train INFO: history_Rank-5:{58.7 , 63.0 , 77.2 , 76.9 , 87.9 , 88.4 , 86.8 , 87.0 , 88.3 , 86.2}
2025-12-12 01:26:38,632 MambaPro.train INFO: best_Rank-5:{88.4}
2025-12-12 01:26:38,632 MambaPro.train INFO: history_Rank-10:{67.8 , 73.1 , 81.8 , 83.7 , 91.4 , 92.6 , 90.8 , 92.1 , 90.9 , 90.7}
2025-12-12 01:26:38,632 MambaPro.train INFO: best_Rank-10:{92.6}
2025-12-12 01:26:38,632 MambaPro.train INFO: history_Experts:{[0.35 , 0.34 , 0.31] , [0.37 , 0.34 , 0.29] , [0.40 , 0.34 , 0.26] , [0.55 , 0.27 , 0.17] , [0.79 , 0.12 , 0.09] , [0.86 , 0.08 , 0.06] , [0.90 , 0.06 , 0.04] , [0.92 , 0.04 , 0.04] , [0.93 , 0.04 , 0.03] , [0.94 , 0.03 , 0.03]}
2025-12-12 01:26:38,632 MambaPro.train INFO: best_Experts:{[0.92 , 0.04 , 0.04]}
2025-12-12 01:26:38,632 MambaPro.train INFO: 🔥 MoE损失(Val): 平衡=1.0102, 稀疏性=0.1771, 多样性=0.1785, 总=0.0012 (权重: 平衡=0.001, 稀疏性=0.000, 多样性=0.001)
2025-12-12 01:26:38,632 MambaPro.train INFO:    📊 专家权重分布(Val): [0.94 , 0.03 , 0.03]
2025-12-12 01:26:58,666 MambaPro.train INFO: Epoch 51 done. Time per batch: 0.188[s] Speed: 170.5[samples/s]
2025-12-12 01:27:18,503 MambaPro.train INFO: Epoch 52 done. Time per batch: 0.187[s] Speed: 171.0[samples/s]
2025-12-12 01:27:38,528 MambaPro.train INFO: Epoch 53 done. Time per batch: 0.187[s] Speed: 171.0[samples/s]
2025-12-12 01:27:58,562 MambaPro.train INFO: Epoch 54 done. Time per batch: 0.187[s] Speed: 170.9[samples/s]
2025-12-12 01:28:18,622 MambaPro.train INFO: Epoch 55 done. Time per batch: 0.187[s] Speed: 170.7[samples/s]
2025-12-12 01:28:26,144 MambaPro.train INFO: Validation Results - Epoch: 55
2025-12-12 01:28:26,144 MambaPro.train INFO: Current mAP: 77.2%
2025-12-12 01:28:26,144 MambaPro.train INFO: CMC curve, Rank-1  :80.3%
2025-12-12 01:28:26,144 MambaPro.train INFO: CMC curve, Rank-5  :88.3%
2025-12-12 01:28:26,144 MambaPro.train INFO: CMC curve, Rank-10 :92.0%
2025-12-12 01:28:26,145 MambaPro.train INFO: [Epoch 55] 指标集合列表（历史）
2025-12-12 01:28:26,145 MambaPro.train INFO: history_mAP:{41.8 , 45.3 , 59.9 , 58.8 , 72.7 , 75.6 , 74.9 , 77.3 , 77.0 , 76.0 , 77.2}
2025-12-12 01:28:26,145 MambaPro.train INFO: best_mAP:{77.3}
2025-12-12 01:28:26,145 MambaPro.train INFO: history_Rank-1:{45.1 , 49.5 , 63.8 , 63.4 , 78.2 , 80.7 , 77.8 , 80.4 , 79.9 , 80.3}
2025-12-12 01:28:26,145 MambaPro.train INFO: best_Rank-1:{80.7}
2025-12-12 01:28:26,145 MambaPro.train INFO: history_Rank-5:{58.7 , 63.0 , 77.2 , 76.9 , 87.9 , 88.4 , 86.8 , 87.0 , 88.3 , 86.2}
2025-12-12 01:28:26,145 MambaPro.train INFO: best_Rank-5:{88.4}
2025-12-12 01:28:26,145 MambaPro.train INFO: history_Rank-10:{67.8 , 73.1 , 81.8 , 83.7 , 91.4 , 92.6 , 90.8 , 92.1 , 90.9 , 90.7 , 92.0}
2025-12-12 01:28:26,145 MambaPro.train INFO: best_Rank-10:{92.6}
2025-12-12 01:28:26,145 MambaPro.train INFO: history_Experts:{[0.35 , 0.34 , 0.31] , [0.37 , 0.34 , 0.29] , [0.40 , 0.34 , 0.26] , [0.55 , 0.27 , 0.17] , [0.79 , 0.12 , 0.09] , [0.86 , 0.08 , 0.06] , [0.90 , 0.06 , 0.04] , [0.92 , 0.04 , 0.04] , [0.93 , 0.04 , 0.03] , [0.94 , 0.03 , 0.03] , [0.94 , 0.03 , 0.03]}
2025-12-12 01:28:26,145 MambaPro.train INFO: best_Experts:{[0.92 , 0.04 , 0.04]}
2025-12-12 01:28:26,145 MambaPro.train INFO: 🔥 MoE损失(Val): 平衡=1.0345, 稀疏性=0.1614, 多样性=0.1608, 总=0.0012 (权重: 平衡=0.001, 稀疏性=0.000, 多样性=0.001)
2025-12-12 01:28:26,145 MambaPro.train INFO:    📊 专家权重分布(Val): [0.94 , 0.03 , 0.03]
2025-12-12 01:28:46,216 MambaPro.train INFO: Epoch 56 done. Time per batch: 0.188[s] Speed: 170.2[samples/s]
2025-12-12 01:29:06,214 MambaPro.train INFO: Epoch 57 done. Time per batch: 0.187[s] Speed: 171.2[samples/s]
2025-12-12 01:29:26,311 MambaPro.train INFO: Epoch 58 done. Time per batch: 0.188[s] Speed: 170.4[samples/s]
2025-12-12 01:29:46,211 MambaPro.train INFO: Epoch 59 done. Time per batch: 0.188[s] Speed: 170.5[samples/s]
2025-12-12 01:30:06,284 MambaPro.train INFO: Epoch 60 done. Time per batch: 0.188[s] Speed: 170.6[samples/s]
2025-12-12 01:30:14,282 MambaPro.train INFO: Validation Results - Epoch: 60
2025-12-12 01:30:14,282 MambaPro.train INFO: Current mAP: 77.2%
2025-12-12 01:30:14,282 MambaPro.train INFO: CMC curve, Rank-1  :80.1%
2025-12-12 01:30:14,282 MambaPro.train INFO: CMC curve, Rank-5  :88.0%
2025-12-12 01:30:14,282 MambaPro.train INFO: CMC curve, Rank-10 :91.7%
2025-12-12 01:30:14,283 MambaPro.train INFO: [Epoch 60] 指标集合列表（历史）
2025-12-12 01:30:14,283 MambaPro.train INFO: history_mAP:{41.8 , 45.3 , 59.9 , 58.8 , 72.7 , 75.6 , 74.9 , 77.3 , 77.0 , 76.0 , 77.2 , 77.2}
2025-12-12 01:30:14,283 MambaPro.train INFO: best_mAP:{77.3}
2025-12-12 01:30:14,283 MambaPro.train INFO: history_Rank-1:{45.1 , 49.5 , 63.8 , 63.4 , 78.2 , 80.7 , 77.8 , 80.4 , 79.9 , 80.3 , 80.1}
2025-12-12 01:30:14,283 MambaPro.train INFO: best_Rank-1:{80.7}
2025-12-12 01:30:14,283 MambaPro.train INFO: history_Rank-5:{58.7 , 63.0 , 77.2 , 76.9 , 87.9 , 88.4 , 86.8 , 87.0 , 88.3 , 86.2 , 88.0}
2025-12-12 01:30:14,283 MambaPro.train INFO: best_Rank-5:{88.4}
2025-12-12 01:30:14,283 MambaPro.train INFO: history_Rank-10:{67.8 , 73.1 , 81.8 , 83.7 , 91.4 , 92.6 , 90.8 , 92.1 , 90.9 , 90.7 , 92.0 , 91.7}
2025-12-12 01:30:14,283 MambaPro.train INFO: best_Rank-10:{92.6}
2025-12-12 01:30:14,283 MambaPro.train INFO: history_Experts:{[0.35 , 0.34 , 0.31] , [0.37 , 0.34 , 0.29] , [0.40 , 0.34 , 0.26] , [0.55 , 0.27 , 0.17] , [0.79 , 0.12 , 0.09] , [0.86 , 0.08 , 0.06] , [0.90 , 0.06 , 0.04] , [0.92 , 0.04 , 0.04] , [0.93 , 0.04 , 0.03] , [0.94 , 0.03 , 0.03] , [0.94 , 0.03 , 0.03] , [0.95 , 0.03 , 0.02]}
2025-12-12 01:30:14,283 MambaPro.train INFO: best_Experts:{[0.92 , 0.04 , 0.04]}
2025-12-12 01:30:14,283 MambaPro.train INFO: 🔥 MoE损失(Val): 平衡=1.0538, 稀疏性=0.1491, 多样性=0.1472, 总=0.0012 (权重: 平衡=0.001, 稀疏性=0.000, 多样性=0.001)
2025-12-12 01:30:14,283 MambaPro.train INFO:    📊 专家权重分布(Val): [0.95 , 0.03 , 0.02]
2025-12-12 01:30:14,421 MambaPro.train INFO: ============================================================
