2025-12-12 07:21:59,157 MambaPro INFO: ================================================================================
2025-12-12 07:21:59,157 MambaPro INFO: 🧾 实验参数快照（命令行 + 最终配置）
2025-12-12 07:21:59,157 MambaPro INFO: ================================================================================
2025-12-12 07:21:59,157 MambaPro INFO: 【复现实验命令】
2025-12-12 07:21:59,157 MambaPro INFO: /home/zubuntu/miniconda/envs/MambaPro/bin/python train_net.py --config_file mybest_model/experiment_20251013_110028/configs/experiment_config.yml OUTPUT_DIR ./outputs/replay_best_tml
2025-12-12 07:21:59,157 MambaPro INFO: 【命令行参数（args）】
2025-12-12 07:21:59,157 MambaPro INFO: {
2025-12-12 07:21:59,157 MambaPro INFO:   "config_file": "mybest_model/experiment_20251013_110028/configs/experiment_config.yml",
2025-12-12 07:21:59,157 MambaPro INFO:   "fea_cft": 0,
2025-12-12 07:21:59,157 MambaPro INFO:   "opts": [
2025-12-12 07:21:59,157 MambaPro INFO:     "OUTPUT_DIR",
2025-12-12 07:21:59,157 MambaPro INFO:     "./outputs/replay_best_tml"
2025-12-12 07:21:59,157 MambaPro INFO:   ],
2025-12-12 07:21:59,157 MambaPro INFO:   "local_rank": 0,
2025-12-12 07:21:59,157 MambaPro INFO:   "use_multi_scale": false,
2025-12-12 07:21:59,157 MambaPro INFO:   "no_multi_scale": false,
2025-12-12 07:21:59,157 MambaPro INFO:   "use_moe": false,
2025-12-12 07:21:59,157 MambaPro INFO:   "disable_moe": false,
2025-12-12 07:21:59,157 MambaPro INFO:   "no_moe": false,
2025-12-12 07:21:59,157 MambaPro INFO:   "use_attention": false,
2025-12-12 07:21:59,157 MambaPro INFO:   "disable_attention": false,
2025-12-12 07:21:59,157 MambaPro INFO:   "attention_heads": 8,
2025-12-12 07:21:59,157 MambaPro INFO:   "attention_dropout": 0.1
2025-12-12 07:21:59,157 MambaPro INFO: }
2025-12-12 07:21:59,157 MambaPro INFO: 【工作目录】/home/zubuntu/workspace/yzy/MambaPro
2025-12-12 07:21:59,157 MambaPro INFO: 【最终配置（YAML）】
2025-12-12 07:21:59,160 MambaPro INFO: DATALOADER:
2025-12-12 07:21:59,160 MambaPro INFO:   NUM_INSTANCE: 8
2025-12-12 07:21:59,160 MambaPro INFO:   NUM_WORKERS: 8
2025-12-12 07:21:59,160 MambaPro INFO:   SAMPLER: softmax_triplet
2025-12-12 07:21:59,160 MambaPro INFO: DATASETS:
2025-12-12 07:21:59,160 MambaPro INFO:   NAMES: RGBNT201
2025-12-12 07:21:59,160 MambaPro INFO:   ROOT_DIR: /home/zubuntu/workspace/yzy/MambaPro/data/
2025-12-12 07:21:59,160 MambaPro INFO: INPUT:
2025-12-12 07:21:59,160 MambaPro INFO:   PADDING: 10
2025-12-12 07:21:59,160 MambaPro INFO:   PIXEL_MEAN:
2025-12-12 07:21:59,160 MambaPro INFO:   - 0.5
2025-12-12 07:21:59,160 MambaPro INFO:   - 0.5
2025-12-12 07:21:59,160 MambaPro INFO:   - 0.5
2025-12-12 07:21:59,160 MambaPro INFO:   PIXEL_STD:
2025-12-12 07:21:59,160 MambaPro INFO:   - 0.5
2025-12-12 07:21:59,160 MambaPro INFO:   - 0.5
2025-12-12 07:21:59,160 MambaPro INFO:   - 0.5
2025-12-12 07:21:59,160 MambaPro INFO:   PROB: 0.5
2025-12-12 07:21:59,160 MambaPro INFO:   RE_PROB: 0.5
2025-12-12 07:21:59,160 MambaPro INFO:   SIZE_TEST:
2025-12-12 07:21:59,160 MambaPro INFO:   - 256
2025-12-12 07:21:59,160 MambaPro INFO:   - 128
2025-12-12 07:21:59,160 MambaPro INFO:   SIZE_TRAIN:
2025-12-12 07:21:59,160 MambaPro INFO:   - 256
2025-12-12 07:21:59,160 MambaPro INFO:   - 128
2025-12-12 07:21:59,160 MambaPro INFO: MODEL:
2025-12-12 07:21:59,160 MambaPro INFO:   ADAPTER: true
2025-12-12 07:21:59,160 MambaPro INFO:   ATTENTION_DIM: 512
2025-12-12 07:21:59,160 MambaPro INFO:   ATTENTION_DROPOUT: 0.1
2025-12-12 07:21:59,160 MambaPro INFO:   ATTENTION_NUM_HEADS: 8
2025-12-12 07:21:59,160 MambaPro INFO:   ATT_DROP_RATE: 0.0
2025-12-12 07:21:59,160 MambaPro INFO:   CLIP_MULTI_SCALE_SCALES:
2025-12-12 07:21:59,160 MambaPro INFO:   - 4
2025-12-12 07:21:59,160 MambaPro INFO:   - 8
2025-12-12 07:21:59,160 MambaPro INFO:   - 16
2025-12-12 07:21:59,160 MambaPro INFO:   DEVICE: cuda
2025-12-12 07:21:59,160 MambaPro INFO:   DEVICE_ID: '0'
2025-12-12 07:21:59,160 MambaPro INFO:   DIRECT: 1
2025-12-12 07:21:59,160 MambaPro INFO:   DIST_TRAIN: false
2025-12-12 07:21:59,160 MambaPro INFO:   DROP_OUT: 0.0
2025-12-12 07:21:59,160 MambaPro INFO:   DROP_PATH: 0.1
2025-12-12 07:21:59,160 MambaPro INFO:   FLOPS_TEST: false
2025-12-12 07:21:59,160 MambaPro INFO:   FROZEN: true
2025-12-12 07:21:59,160 MambaPro INFO:   GATE_DROPOUT: 0.1
2025-12-12 07:21:59,160 MambaPro INFO:   ID_LOSS_TYPE: softmax
2025-12-12 07:21:59,160 MambaPro INFO:   ID_LOSS_WEIGHT: 0.25
2025-12-12 07:21:59,160 MambaPro INFO:   IF_LABELSMOOTH: 'on'
2025-12-12 07:21:59,160 MambaPro INFO:   IF_WITH_CENTER: 'no'
2025-12-12 07:21:59,160 MambaPro INFO:   LAYER: -1
2025-12-12 07:21:59,160 MambaPro INFO:   MAMBA: true
2025-12-12 07:21:59,160 MambaPro INFO:   MAMBA_BI: false
2025-12-12 07:21:59,160 MambaPro INFO:   METRIC_LOSS_TYPE: triplet
2025-12-12 07:21:59,160 MambaPro INFO:   MOE_BALANCE_LOSS_WEIGHT: 0.01
2025-12-12 07:21:59,160 MambaPro INFO:   MOE_DIVERSITY_LOSS_WEIGHT: 0.01
2025-12-12 07:21:59,160 MambaPro INFO:   MOE_EXPERT_DROPOUT: 0.1
2025-12-12 07:21:59,160 MambaPro INFO:   MOE_EXPERT_HIDDEN_DIM: 1024
2025-12-12 07:21:59,160 MambaPro INFO:   MOE_EXPERT_LAYERS: 2
2025-12-12 07:21:59,160 MambaPro INFO:   MOE_EXPERT_THRESHOLD: 0.1
2025-12-12 07:21:59,160 MambaPro INFO:   MOE_FIXED_WEIGHTS:
2025-12-12 07:21:59,160 MambaPro INFO:   - 0.33
2025-12-12 07:21:59,160 MambaPro INFO:   - 0.33
2025-12-12 07:21:59,160 MambaPro INFO:   - 0.34
2025-12-12 07:21:59,160 MambaPro INFO:   MOE_GATE_DROPOUT: 0.1
2025-12-12 07:21:59,160 MambaPro INFO:   MOE_GATE_LAYERS: 2
2025-12-12 07:21:59,160 MambaPro INFO:   MOE_INIT_WEIGHTS: null
2025-12-12 07:21:59,160 MambaPro INFO:   MOE_NUM_EXPERTS: 3
2025-12-12 07:21:59,160 MambaPro INFO:   MOE_RESIDUAL_WEIGHT: 1.0
2025-12-12 07:21:59,160 MambaPro INFO:   MOE_SCALES:
2025-12-12 07:21:59,160 MambaPro INFO:   - 4
2025-12-12 07:21:59,160 MambaPro INFO:   - 8
2025-12-12 07:21:59,160 MambaPro INFO:   - 16
2025-12-12 07:21:59,160 MambaPro INFO:   MOE_SPARSITY_LOSS_WEIGHT: 0.001
2025-12-12 07:21:59,160 MambaPro INFO:   MOE_TEMPERATURE: 0.7
2025-12-12 07:21:59,160 MambaPro INFO:   MOE_TOP_K: 2
2025-12-12 07:21:59,160 MambaPro INFO:   MOE_TOP_K_MODE: soft
2025-12-12 07:21:59,160 MambaPro INFO:   MOE_USE_FIXED_WEIGHTS: false
2025-12-12 07:21:59,160 MambaPro INFO:   MOE_USE_TOP_K_ROUTING: false
2025-12-12 07:21:59,160 MambaPro INFO:   MULTI_SCALE_SCALES:
2025-12-12 07:21:59,160 MambaPro INFO:   - 4
2025-12-12 07:21:59,160 MambaPro INFO:   - 8
2025-12-12 07:21:59,160 MambaPro INFO:   - 16
2025-12-12 07:21:59,160 MambaPro INFO:   NAME: MambaPro
2025-12-12 07:21:59,160 MambaPro INFO:   NECK: bnneck
2025-12-12 07:21:59,160 MambaPro INFO:   NO_MARGIN: true
2025-12-12 07:21:59,160 MambaPro INFO:   PREFIX_NUM: 1
2025-12-12 07:21:59,160 MambaPro INFO:   PRETRAIN_PATH_T: /home/zubuntu/workspace/yzy/MambaPro/pths/ViT-B-16.pt
2025-12-12 07:21:59,160 MambaPro INFO:   PROMPT: true
2025-12-12 07:21:59,160 MambaPro INFO:   SIE_CAMERA: true
2025-12-12 07:21:59,160 MambaPro INFO:   SIE_COE: 1.0
2025-12-12 07:21:59,160 MambaPro INFO:   SIE_VIEW: false
2025-12-12 07:21:59,160 MambaPro INFO:   STRIDE_SIZE:
2025-12-12 07:21:59,160 MambaPro INFO:   - 16
2025-12-12 07:21:59,160 MambaPro INFO:   - 16
2025-12-12 07:21:59,160 MambaPro INFO:   TRANSFORMER_TYPE: ViT-B-16
2025-12-12 07:21:59,160 MambaPro INFO:   TRIPLET_LOSS_WEIGHT: 1.0
2025-12-12 07:21:59,160 MambaPro INFO:   USE_ATTENTION_FUSION: false
2025-12-12 07:21:59,160 MambaPro INFO:   USE_CLIP_MULTI_SCALE: true
2025-12-12 07:21:59,160 MambaPro INFO:   USE_GATE_FUSION: false
2025-12-12 07:21:59,161 MambaPro INFO:   USE_MULTI_SCALE: false
2025-12-12 07:21:59,161 MambaPro INFO:   USE_MULTI_SCALE_MOE: true
2025-12-12 07:21:59,161 MambaPro INFO: OUTPUT_DIR: ./outputs/replay_best_tml/run_20251212_072159
2025-12-12 07:21:59,161 MambaPro INFO: SOLVER:
2025-12-12 07:21:59,161 MambaPro INFO:   BASE_LR: 0.0005
2025-12-12 07:21:59,161 MambaPro INFO:   BIAS_LR_FACTOR: 2
2025-12-12 07:21:59,161 MambaPro INFO:   CENTER_LOSS_WEIGHT: 0.0005
2025-12-12 07:21:59,161 MambaPro INFO:   CENTER_LR: 0.5
2025-12-12 07:21:59,161 MambaPro INFO:   CHECKPOINT_PERIOD: 10
2025-12-12 07:21:59,161 MambaPro INFO:   CLUSTER_MARGIN: 0.3
2025-12-12 07:21:59,161 MambaPro INFO:   COSINE_MARGIN: 0.5
2025-12-12 07:21:59,161 MambaPro INFO:   COSINE_SCALE: 30
2025-12-12 07:21:59,161 MambaPro INFO:   EVAL_PERIOD: 5
2025-12-12 07:21:59,161 MambaPro INFO:   GAMMA: 0.1
2025-12-12 07:21:59,161 MambaPro INFO:   IMS_PER_BATCH: 32
2025-12-12 07:21:59,161 MambaPro INFO:   LARGE_FC_LR: false
2025-12-12 07:21:59,161 MambaPro INFO:   LOG_PERIOD: 10
2025-12-12 07:21:59,161 MambaPro INFO:   MARGIN: 0.3
2025-12-12 07:21:59,161 MambaPro INFO:   MAX_EPOCHS: 60
2025-12-12 07:21:59,161 MambaPro INFO:   MOE_BALANCE_LOSS_WEIGHT: 0.001
2025-12-12 07:21:59,161 MambaPro INFO:   MOE_BALANCE_LOSS_WEIGHT_END: 0.1
2025-12-12 07:21:59,161 MambaPro INFO:   MOE_BALANCE_LOSS_WEIGHT_START: 0.001
2025-12-12 07:21:59,161 MambaPro INFO:   MOE_BALANCE_THRESHOLD: 0.3
2025-12-12 07:21:59,161 MambaPro INFO:   MOE_DIVERSITY_LOSS_WEIGHT: 0.001
2025-12-12 07:21:59,161 MambaPro INFO:   MOE_DIVERSITY_LOSS_WEIGHT_END: 0.1
2025-12-12 07:21:59,161 MambaPro INFO:   MOE_DIVERSITY_LOSS_WEIGHT_START: 0.001
2025-12-12 07:21:59,161 MambaPro INFO:   MOE_GATE_LR_FACTOR: 0.01
2025-12-12 07:21:59,161 MambaPro INFO:   MOE_LOSS_WEIGHT_SCHEDULE_TYPE: cosine
2025-12-12 07:21:59,161 MambaPro INFO:   MOE_LOSS_WEIGHT_WARMUP_EPOCHS: 5
2025-12-12 07:21:59,161 MambaPro INFO:   MOE_SPARSITY_LOSS_WEIGHT: 0.0001
2025-12-12 07:21:59,161 MambaPro INFO:   MOE_USE_DYNAMIC_LOSS_WEIGHT: false
2025-12-12 07:21:59,161 MambaPro INFO:   MOMENTUM: 0.9
2025-12-12 07:21:59,161 MambaPro INFO:   OPTIMIZER_NAME: Adam
2025-12-12 07:21:59,161 MambaPro INFO:   RANGE_ALPHA: 0
2025-12-12 07:21:59,161 MambaPro INFO:   RANGE_BETA: 1
2025-12-12 07:21:59,161 MambaPro INFO:   RANGE_K: 2
2025-12-12 07:21:59,161 MambaPro INFO:   RANGE_LOSS_WEIGHT: 1
2025-12-12 07:21:59,161 MambaPro INFO:   RANGE_MARGIN: 0.3
2025-12-12 07:21:59,161 MambaPro INFO:   SEED: 42
2025-12-12 07:21:59,161 MambaPro INFO:   STEPS:
2025-12-12 07:21:59,161 MambaPro INFO:   - 30
2025-12-12 07:21:59,161 MambaPro INFO:   - 50
2025-12-12 07:21:59,161 MambaPro INFO:   WARMUP_FACTOR: 0.01
2025-12-12 07:21:59,161 MambaPro INFO:   WARMUP_ITERS: 20
2025-12-12 07:21:59,161 MambaPro INFO:   WARMUP_METHOD: linear
2025-12-12 07:21:59,161 MambaPro INFO:   WEIGHT_DECAY: 0.0005
2025-12-12 07:21:59,161 MambaPro INFO:   WEIGHT_DECAY_BIAS: 0.0005
2025-12-12 07:21:59,161 MambaPro INFO: TEST:
2025-12-12 07:21:59,161 MambaPro INFO:   FEAT: 0
2025-12-12 07:21:59,161 MambaPro INFO:   FEAT_NORM: 'yes'
2025-12-12 07:21:59,161 MambaPro INFO:   IMS_PER_BATCH: 64
2025-12-12 07:21:59,161 MambaPro INFO:   MISS: nothing
2025-12-12 07:21:59,161 MambaPro INFO:   NECK_FEAT: after
2025-12-12 07:21:59,161 MambaPro INFO:   RE_RANKING: 'no'
2025-12-12 07:21:59,161 MambaPro INFO:   WEIGHT: /home/zubuntu/workspace/yzy/MambaPro/pths/MambaProbest.pth
2025-12-12 07:21:59,161 MambaPro INFO: ================================================================================
2025-12-12 07:22:01,229 MambaPro.train INFO: start training
2025-12-12 07:22:21,453 MambaPro.train INFO: Epoch 1 done. Time per batch: 0.189[s] Speed: 169.4[samples/s]
2025-12-12 07:22:41,305 MambaPro.train INFO: Epoch 2 done. Time per batch: 0.186[s] Speed: 172.5[samples/s]
2025-12-12 07:23:01,194 MambaPro.train INFO: Epoch 3 done. Time per batch: 0.186[s] Speed: 172.2[samples/s]
2025-12-12 07:23:21,010 MambaPro.train INFO: Epoch 4 done. Time per batch: 0.185[s] Speed: 172.8[samples/s]
2025-12-12 07:23:40,964 MambaPro.train INFO: Epoch 5 done. Time per batch: 0.186[s] Speed: 171.6[samples/s]
2025-12-12 07:23:48,478 MambaPro.train INFO: Validation Results - Epoch: 5
2025-12-12 07:23:48,478 MambaPro.train INFO: Current mAP: 51.4%
2025-12-12 07:23:48,478 MambaPro.train INFO: CMC curve, Rank-1  :57.9%
2025-12-12 07:23:48,478 MambaPro.train INFO: CMC curve, Rank-5  :68.9%
2025-12-12 07:23:48,478 MambaPro.train INFO: CMC curve, Rank-10 :75.7%
2025-12-12 07:23:48,480 MambaPro.train INFO: 🎯 New Best! Saving model...
2025-12-12 07:23:48,866 MambaPro.train INFO: [Epoch 5] 指标集合列表（历史）
2025-12-12 07:23:48,867 MambaPro.train INFO: history_mAP:{51.4}
2025-12-12 07:23:48,867 MambaPro.train INFO: best_mAP:{51.4}
2025-12-12 07:23:48,867 MambaPro.train INFO: history_Rank-1:{57.9}
2025-12-12 07:23:48,867 MambaPro.train INFO: best_Rank-1:{57.9}
2025-12-12 07:23:48,867 MambaPro.train INFO: history_Rank-5:{68.9}
2025-12-12 07:23:48,867 MambaPro.train INFO: best_Rank-5:{68.9}
2025-12-12 07:23:48,867 MambaPro.train INFO: history_Rank-10:{75.7}
2025-12-12 07:23:48,867 MambaPro.train INFO: best_Rank-10:{75.7}
2025-12-12 07:23:48,867 MambaPro.train INFO: history_Experts:{[0.35 , 0.34 , 0.31]}
2025-12-12 07:23:48,867 MambaPro.train INFO: best_Experts:{[0.35 , 0.34 , 0.31]}
2025-12-12 07:23:48,867 MambaPro.train INFO: 🔥 MoE损失(Val): 平衡=0.0000, 稀疏性=0.9982, 多样性=2.6525, 总=0.0028 (权重: 平衡=0.001, 稀疏性=0.000, 多样性=0.001)
2025-12-12 07:23:48,867 MambaPro.train INFO:    📊 专家权重分布(Val): [0.35 , 0.34 , 0.31]
2025-12-12 07:24:08,928 MambaPro.train INFO: Epoch 6 done. Time per batch: 0.186[s] Speed: 171.8[samples/s]
2025-12-12 07:24:28,783 MambaPro.train INFO: Epoch 7 done. Time per batch: 0.186[s] Speed: 172.5[samples/s]
2025-12-12 07:24:48,729 MambaPro.train INFO: Epoch 8 done. Time per batch: 0.186[s] Speed: 171.7[samples/s]
2025-12-12 07:25:08,648 MambaPro.train INFO: Epoch 9 done. Time per batch: 0.186[s] Speed: 171.9[samples/s]
2025-12-12 07:25:28,592 MambaPro.train INFO: Epoch 10 done. Time per batch: 0.186[s] Speed: 171.7[samples/s]
2025-12-12 07:25:36,504 MambaPro.train INFO: Validation Results - Epoch: 10
2025-12-12 07:25:36,504 MambaPro.train INFO: Current mAP: 44.2%
2025-12-12 07:25:36,504 MambaPro.train INFO: CMC curve, Rank-1  :46.4%
2025-12-12 07:25:36,504 MambaPro.train INFO: CMC curve, Rank-5  :60.6%
2025-12-12 07:25:36,504 MambaPro.train INFO: CMC curve, Rank-10 :69.1%
2025-12-12 07:25:36,505 MambaPro.train INFO: [Epoch 10] 指标集合列表（历史）
2025-12-12 07:25:36,505 MambaPro.train INFO: history_mAP:{51.4 , 44.2}
2025-12-12 07:25:36,505 MambaPro.train INFO: best_mAP:{51.4}
2025-12-12 07:25:36,505 MambaPro.train INFO: history_Rank-1:{57.9 , 46.4}
2025-12-12 07:25:36,505 MambaPro.train INFO: best_Rank-1:{57.9}
2025-12-12 07:25:36,505 MambaPro.train INFO: history_Rank-5:{68.9 , 60.6}
2025-12-12 07:25:36,505 MambaPro.train INFO: best_Rank-5:{68.9}
2025-12-12 07:25:36,505 MambaPro.train INFO: history_Rank-10:{75.7 , 69.1}
2025-12-12 07:25:36,505 MambaPro.train INFO: best_Rank-10:{75.7}
2025-12-12 07:25:36,505 MambaPro.train INFO: history_Experts:{[0.35 , 0.34 , 0.31] , [0.37 , 0.34 , 0.29]}
2025-12-12 07:25:36,505 MambaPro.train INFO: best_Experts:{[0.35 , 0.34 , 0.31]}
2025-12-12 07:25:36,505 MambaPro.train INFO: 🔥 MoE损失(Val): 平衡=0.0000, 稀疏性=0.9950, 多样性=2.6267, 总=0.0027 (权重: 平衡=0.001, 稀疏性=0.000, 多样性=0.001)
2025-12-12 07:25:36,505 MambaPro.train INFO:    📊 专家权重分布(Val): [0.37 , 0.34 , 0.29]
2025-12-12 07:25:56,427 MambaPro.train INFO: Epoch 11 done. Time per batch: 0.187[s] Speed: 171.4[samples/s]
2025-12-12 07:26:16,449 MambaPro.train INFO: Epoch 12 done. Time per batch: 0.187[s] Speed: 171.0[samples/s]
2025-12-12 07:26:36,350 MambaPro.train INFO: Epoch 13 done. Time per batch: 0.186[s] Speed: 172.1[samples/s]
2025-12-12 07:26:56,267 MambaPro.train INFO: Epoch 14 done. Time per batch: 0.186[s] Speed: 171.9[samples/s]
2025-12-12 07:27:16,148 MambaPro.train INFO: Epoch 15 done. Time per batch: 0.186[s] Speed: 172.2[samples/s]
2025-12-12 07:27:23,634 MambaPro.train INFO: Validation Results - Epoch: 15
2025-12-12 07:27:23,635 MambaPro.train INFO: Current mAP: 52.1%
2025-12-12 07:27:23,635 MambaPro.train INFO: CMC curve, Rank-1  :58.5%
2025-12-12 07:27:23,635 MambaPro.train INFO: CMC curve, Rank-5  :73.7%
2025-12-12 07:27:23,635 MambaPro.train INFO: CMC curve, Rank-10 :81.2%
2025-12-12 07:27:23,636 MambaPro.train INFO: 🎯 New Best! Saving model...
2025-12-12 07:27:24,225 MambaPro.train INFO: [Epoch 15] 指标集合列表（历史）
2025-12-12 07:27:24,226 MambaPro.train INFO: history_mAP:{51.4 , 44.2 , 52.1}
2025-12-12 07:27:24,226 MambaPro.train INFO: best_mAP:{52.1}
2025-12-12 07:27:24,226 MambaPro.train INFO: history_Rank-1:{57.9 , 46.4 , 58.5}
2025-12-12 07:27:24,226 MambaPro.train INFO: best_Rank-1:{58.5}
2025-12-12 07:27:24,226 MambaPro.train INFO: history_Rank-5:{68.9 , 60.6 , 73.7}
2025-12-12 07:27:24,226 MambaPro.train INFO: best_Rank-5:{73.7}
2025-12-12 07:27:24,226 MambaPro.train INFO: history_Rank-10:{75.7 , 69.1 , 81.2}
2025-12-12 07:27:24,226 MambaPro.train INFO: best_Rank-10:{81.2}
2025-12-12 07:27:24,226 MambaPro.train INFO: history_Experts:{[0.35 , 0.34 , 0.31] , [0.37 , 0.34 , 0.29] , [0.41 , 0.34 , 0.25]}
2025-12-12 07:27:24,226 MambaPro.train INFO: best_Experts:{[0.41 , 0.34 , 0.25]}
2025-12-12 07:27:24,226 MambaPro.train INFO: 🔥 MoE损失(Val): 平衡=0.0000, 稀疏性=0.9820, 多样性=2.5274, 总=0.0026 (权重: 平衡=0.001, 稀疏性=0.000, 多样性=0.001)
2025-12-12 07:27:24,226 MambaPro.train INFO:    📊 专家权重分布(Val): [0.41 , 0.34 , 0.25]
2025-12-12 07:27:44,240 MambaPro.train INFO: Epoch 16 done. Time per batch: 0.186[s] Speed: 172.3[samples/s]
2025-12-12 07:28:04,176 MambaPro.train INFO: Epoch 17 done. Time per batch: 0.186[s] Speed: 171.8[samples/s]
2025-12-12 07:28:23,916 MambaPro.train INFO: Epoch 18 done. Time per batch: 0.186[s] Speed: 171.8[samples/s]
2025-12-12 07:28:43,792 MambaPro.train INFO: Epoch 19 done. Time per batch: 0.186[s] Speed: 172.3[samples/s]
2025-12-12 07:29:03,723 MambaPro.train INFO: Epoch 20 done. Time per batch: 0.186[s] Speed: 171.8[samples/s]
2025-12-12 07:29:11,631 MambaPro.train INFO: Validation Results - Epoch: 20
2025-12-12 07:29:11,631 MambaPro.train INFO: Current mAP: 49.9%
2025-12-12 07:29:11,631 MambaPro.train INFO: CMC curve, Rank-1  :51.7%
2025-12-12 07:29:11,631 MambaPro.train INFO: CMC curve, Rank-5  :65.2%
2025-12-12 07:29:11,631 MambaPro.train INFO: CMC curve, Rank-10 :73.1%
2025-12-12 07:29:11,632 MambaPro.train INFO: [Epoch 20] 指标集合列表（历史）
2025-12-12 07:29:11,632 MambaPro.train INFO: history_mAP:{51.4 , 44.2 , 52.1 , 49.9}
2025-12-12 07:29:11,632 MambaPro.train INFO: best_mAP:{52.1}
2025-12-12 07:29:11,632 MambaPro.train INFO: history_Rank-1:{57.9 , 46.4 , 58.5 , 51.7}
2025-12-12 07:29:11,632 MambaPro.train INFO: best_Rank-1:{58.5}
2025-12-12 07:29:11,632 MambaPro.train INFO: history_Rank-5:{68.9 , 60.6 , 73.7 , 65.2}
2025-12-12 07:29:11,632 MambaPro.train INFO: best_Rank-5:{73.7}
2025-12-12 07:29:11,632 MambaPro.train INFO: history_Rank-10:{75.7 , 69.1 , 81.2 , 73.1}
2025-12-12 07:29:11,632 MambaPro.train INFO: best_Rank-10:{81.2}
2025-12-12 07:29:11,632 MambaPro.train INFO: history_Experts:{[0.35 , 0.34 , 0.31] , [0.37 , 0.34 , 0.29] , [0.41 , 0.34 , 0.25] , [0.62 , 0.23 , 0.15]}
2025-12-12 07:29:11,632 MambaPro.train INFO: best_Experts:{[0.41 , 0.34 , 0.25]}
2025-12-12 07:29:11,632 MambaPro.train INFO: 🔥 MoE损失(Val): 平衡=0.1228, 稀疏性=0.8128, 多样性=1.5772, 总=0.0018 (权重: 平衡=0.001, 稀疏性=0.000, 多样性=0.001)
2025-12-12 07:29:11,632 MambaPro.train INFO:    📊 专家权重分布(Val): [0.62 , 0.23 , 0.15]
2025-12-12 07:29:31,487 MambaPro.train INFO: Epoch 21 done. Time per batch: 0.186[s] Speed: 172.0[samples/s]
2025-12-12 07:29:51,584 MambaPro.train INFO: Epoch 22 done. Time per batch: 0.188[s] Speed: 170.4[samples/s]
2025-12-12 07:30:11,589 MambaPro.train INFO: Epoch 23 done. Time per batch: 0.187[s] Speed: 171.2[samples/s]
2025-12-12 07:30:31,558 MambaPro.train INFO: Epoch 24 done. Time per batch: 0.187[s] Speed: 171.5[samples/s]
2025-12-12 07:30:51,345 MambaPro.train INFO: Epoch 25 done. Time per batch: 0.187[s] Speed: 171.4[samples/s]
2025-12-12 07:30:58,830 MambaPro.train INFO: Validation Results - Epoch: 25
2025-12-12 07:30:58,830 MambaPro.train INFO: Current mAP: 71.8%
2025-12-12 07:30:58,830 MambaPro.train INFO: CMC curve, Rank-1  :76.9%
2025-12-12 07:30:58,830 MambaPro.train INFO: CMC curve, Rank-5  :88.5%
2025-12-12 07:30:58,830 MambaPro.train INFO: CMC curve, Rank-10 :91.4%
2025-12-12 07:30:58,831 MambaPro.train INFO: 🎯 New Best! Saving model...
2025-12-12 07:30:59,490 MambaPro.train INFO: [Epoch 25] 指标集合列表（历史）
2025-12-12 07:30:59,490 MambaPro.train INFO: history_mAP:{51.4 , 44.2 , 52.1 , 49.9 , 71.8}
2025-12-12 07:30:59,490 MambaPro.train INFO: best_mAP:{71.8}
2025-12-12 07:30:59,490 MambaPro.train INFO: history_Rank-1:{57.9 , 46.4 , 58.5 , 51.7 , 76.9}
2025-12-12 07:30:59,490 MambaPro.train INFO: best_Rank-1:{76.9}
2025-12-12 07:30:59,491 MambaPro.train INFO: history_Rank-5:{68.9 , 60.6 , 73.7 , 65.2 , 88.5}
2025-12-12 07:30:59,491 MambaPro.train INFO: best_Rank-5:{88.5}
2025-12-12 07:30:59,491 MambaPro.train INFO: history_Rank-10:{75.7 , 69.1 , 81.2 , 73.1 , 91.4}
2025-12-12 07:30:59,491 MambaPro.train INFO: best_Rank-10:{91.4}
2025-12-12 07:30:59,491 MambaPro.train INFO: history_Experts:{[0.35 , 0.34 , 0.31] , [0.37 , 0.34 , 0.29] , [0.41 , 0.34 , 0.25] , [0.62 , 0.23 , 0.15] , [0.81 , 0.11 , 0.08]}
2025-12-12 07:30:59,491 MambaPro.train INFO: best_Experts:{[0.81 , 0.11 , 0.08]}
2025-12-12 07:30:59,491 MambaPro.train INFO: 🔥 MoE损失(Val): 平衡=0.5437, 稀疏性=0.4868, 多样性=0.6406, 总=0.0012 (权重: 平衡=0.001, 稀疏性=0.000, 多样性=0.001)
2025-12-12 07:30:59,491 MambaPro.train INFO:    📊 专家权重分布(Val): [0.81 , 0.11 , 0.08]
2025-12-12 07:31:19,681 MambaPro.train INFO: Epoch 26 done. Time per batch: 0.187[s] Speed: 170.8[samples/s]
2025-12-12 07:31:39,647 MambaPro.train INFO: Epoch 27 done. Time per batch: 0.187[s] Speed: 171.5[samples/s]
2025-12-12 07:31:59,602 MambaPro.train INFO: Epoch 28 done. Time per batch: 0.186[s] Speed: 171.6[samples/s]
2025-12-12 07:32:19,542 MambaPro.train INFO: Epoch 29 done. Time per batch: 0.186[s] Speed: 171.7[samples/s]
2025-12-12 07:32:39,568 MambaPro.train INFO: Epoch 30 done. Time per batch: 0.187[s] Speed: 171.0[samples/s]
2025-12-12 07:32:47,478 MambaPro.train INFO: Validation Results - Epoch: 30
2025-12-12 07:32:47,478 MambaPro.train INFO: Current mAP: 75.8%
2025-12-12 07:32:47,478 MambaPro.train INFO: CMC curve, Rank-1  :82.3%
2025-12-12 07:32:47,478 MambaPro.train INFO: CMC curve, Rank-5  :89.5%
2025-12-12 07:32:47,478 MambaPro.train INFO: CMC curve, Rank-10 :92.2%
2025-12-12 07:32:47,479 MambaPro.train INFO: 🎯 New Best! Saving model...
2025-12-12 07:32:48,094 MambaPro.train INFO: [Epoch 30] 指标集合列表（历史）
2025-12-12 07:32:48,094 MambaPro.train INFO: history_mAP:{51.4 , 44.2 , 52.1 , 49.9 , 71.8 , 75.8}
2025-12-12 07:32:48,094 MambaPro.train INFO: best_mAP:{75.8}
2025-12-12 07:32:48,094 MambaPro.train INFO: history_Rank-1:{57.9 , 46.4 , 58.5 , 51.7 , 76.9 , 82.3}
2025-12-12 07:32:48,094 MambaPro.train INFO: best_Rank-1:{82.3}
2025-12-12 07:32:48,094 MambaPro.train INFO: history_Rank-5:{68.9 , 60.6 , 73.7 , 65.2 , 88.5 , 89.5}
2025-12-12 07:32:48,094 MambaPro.train INFO: best_Rank-5:{89.5}
2025-12-12 07:32:48,094 MambaPro.train INFO: history_Rank-10:{75.7 , 69.1 , 81.2 , 73.1 , 91.4 , 92.2}
2025-12-12 07:32:48,094 MambaPro.train INFO: best_Rank-10:{92.2}
2025-12-12 07:32:48,094 MambaPro.train INFO: history_Experts:{[0.35 , 0.34 , 0.31] , [0.37 , 0.34 , 0.29] , [0.41 , 0.34 , 0.25] , [0.62 , 0.23 , 0.15] , [0.81 , 0.11 , 0.08] , [0.87 , 0.07 , 0.05]}
2025-12-12 07:32:48,094 MambaPro.train INFO: best_Experts:{[0.87 , 0.07 , 0.05]}
2025-12-12 07:32:48,094 MambaPro.train INFO: 🔥 MoE损失(Val): 平衡=0.7566, 稀疏性=0.3424, 多样性=0.3944, 总=0.0012 (权重: 平衡=0.001, 稀疏性=0.000, 多样性=0.001)
2025-12-12 07:32:48,094 MambaPro.train INFO:    📊 专家权重分布(Val): [0.87 , 0.07 , 0.05]
2025-12-12 07:33:08,281 MambaPro.train INFO: Epoch 31 done. Time per batch: 0.187[s] Speed: 170.8[samples/s]
2025-12-12 07:33:28,076 MambaPro.train INFO: Epoch 32 done. Time per batch: 0.187[s] Speed: 171.4[samples/s]
2025-12-12 07:33:48,118 MambaPro.train INFO: Epoch 33 done. Time per batch: 0.187[s] Speed: 170.8[samples/s]
2025-12-12 07:34:07,975 MambaPro.train INFO: Epoch 34 done. Time per batch: 0.187[s] Speed: 170.8[samples/s]
2025-12-12 07:34:27,914 MambaPro.train INFO: Epoch 35 done. Time per batch: 0.186[s] Speed: 171.7[samples/s]
2025-12-12 07:34:35,431 MambaPro.train INFO: Validation Results - Epoch: 35
2025-12-12 07:34:35,432 MambaPro.train INFO: Current mAP: 76.0%
2025-12-12 07:34:35,432 MambaPro.train INFO: CMC curve, Rank-1  :80.9%
2025-12-12 07:34:35,432 MambaPro.train INFO: CMC curve, Rank-5  :87.8%
2025-12-12 07:34:35,432 MambaPro.train INFO: CMC curve, Rank-10 :92.6%
2025-12-12 07:34:35,432 MambaPro.train INFO: 🎯 New Best! Saving model...
2025-12-12 07:34:36,094 MambaPro.train INFO: [Epoch 35] 指标集合列表（历史）
2025-12-12 07:34:36,094 MambaPro.train INFO: history_mAP:{51.4 , 44.2 , 52.1 , 49.9 , 71.8 , 75.8 , 76.0}
2025-12-12 07:34:36,094 MambaPro.train INFO: best_mAP:{76.0}
2025-12-12 07:34:36,094 MambaPro.train INFO: history_Rank-1:{57.9 , 46.4 , 58.5 , 51.7 , 76.9 , 82.3 , 80.9}
2025-12-12 07:34:36,094 MambaPro.train INFO: best_Rank-1:{82.3}
2025-12-12 07:34:36,094 MambaPro.train INFO: history_Rank-5:{68.9 , 60.6 , 73.7 , 65.2 , 88.5 , 89.5 , 87.8}
2025-12-12 07:34:36,094 MambaPro.train INFO: best_Rank-5:{89.5}
2025-12-12 07:34:36,094 MambaPro.train INFO: history_Rank-10:{75.7 , 69.1 , 81.2 , 73.1 , 91.4 , 92.2 , 92.6}
2025-12-12 07:34:36,094 MambaPro.train INFO: best_Rank-10:{92.6}
2025-12-12 07:34:36,094 MambaPro.train INFO: history_Experts:{[0.35 , 0.34 , 0.31] , [0.37 , 0.34 , 0.29] , [0.41 , 0.34 , 0.25] , [0.62 , 0.23 , 0.15] , [0.81 , 0.11 , 0.08] , [0.87 , 0.07 , 0.05] , [0.91 , 0.05 , 0.04]}
2025-12-12 07:34:36,094 MambaPro.train INFO: best_Experts:{[0.91 , 0.05 , 0.04]}
2025-12-12 07:34:36,094 MambaPro.train INFO: 🔥 MoE损失(Val): 平衡=0.8757, 稀疏性=0.2640, 多样性=0.2848, 总=0.0012 (权重: 平衡=0.001, 稀疏性=0.000, 多样性=0.001)
2025-12-12 07:34:36,094 MambaPro.train INFO:    📊 专家权重分布(Val): [0.91 , 0.05 , 0.04]
2025-12-12 07:34:56,265 MambaPro.train INFO: Epoch 36 done. Time per batch: 0.187[s] Speed: 170.9[samples/s]
2025-12-12 07:35:16,254 MambaPro.train INFO: Epoch 37 done. Time per batch: 0.187[s] Speed: 171.3[samples/s]
2025-12-12 07:35:37,269 MambaPro.train INFO: Epoch 38 done. Time per batch: 0.198[s] Speed: 161.4[samples/s]
2025-12-12 07:35:57,216 MambaPro.train INFO: Epoch 39 done. Time per batch: 0.186[s] Speed: 171.7[samples/s]
2025-12-12 07:36:17,017 MambaPro.train INFO: Epoch 40 done. Time per batch: 0.187[s] Speed: 171.3[samples/s]
2025-12-12 07:36:24,923 MambaPro.train INFO: Validation Results - Epoch: 40
2025-12-12 07:36:24,924 MambaPro.train INFO: Current mAP: 76.9%
2025-12-12 07:36:24,924 MambaPro.train INFO: CMC curve, Rank-1  :82.3%
2025-12-12 07:36:24,924 MambaPro.train INFO: CMC curve, Rank-5  :88.0%
2025-12-12 07:36:24,924 MambaPro.train INFO: CMC curve, Rank-10 :91.7%
2025-12-12 07:36:24,924 MambaPro.train INFO: 🎯 New Best! Saving model...
2025-12-12 07:36:25,577 MambaPro.train INFO: [Epoch 40] 指标集合列表（历史）
2025-12-12 07:36:25,578 MambaPro.train INFO: history_mAP:{51.4 , 44.2 , 52.1 , 49.9 , 71.8 , 75.8 , 76.0 , 76.9}
2025-12-12 07:36:25,578 MambaPro.train INFO: best_mAP:{76.9}
2025-12-12 07:36:25,578 MambaPro.train INFO: history_Rank-1:{57.9 , 46.4 , 58.5 , 51.7 , 76.9 , 82.3 , 80.9}
2025-12-12 07:36:25,578 MambaPro.train INFO: best_Rank-1:{82.3}
2025-12-12 07:36:25,578 MambaPro.train INFO: history_Rank-5:{68.9 , 60.6 , 73.7 , 65.2 , 88.5 , 89.5 , 87.8 , 88.0}
2025-12-12 07:36:25,578 MambaPro.train INFO: best_Rank-5:{89.5}
2025-12-12 07:36:25,578 MambaPro.train INFO: history_Rank-10:{75.7 , 69.1 , 81.2 , 73.1 , 91.4 , 92.2 , 92.6 , 91.7}
2025-12-12 07:36:25,578 MambaPro.train INFO: best_Rank-10:{92.6}
2025-12-12 07:36:25,578 MambaPro.train INFO: history_Experts:{[0.35 , 0.34 , 0.31] , [0.37 , 0.34 , 0.29] , [0.41 , 0.34 , 0.25] , [0.62 , 0.23 , 0.15] , [0.81 , 0.11 , 0.08] , [0.87 , 0.07 , 0.05] , [0.91 , 0.05 , 0.04] , [0.92 , 0.04 , 0.03]}
2025-12-12 07:36:25,578 MambaPro.train INFO: best_Experts:{[0.92 , 0.04 , 0.03]}
2025-12-12 07:36:25,578 MambaPro.train INFO: 🔥 MoE损失(Val): 平衡=0.9441, 稀疏性=0.2196, 多样性=0.2287, 总=0.0012 (权重: 平衡=0.001, 稀疏性=0.000, 多样性=0.001)
2025-12-12 07:36:25,578 MambaPro.train INFO:    📊 专家权重分布(Val): [0.92 , 0.04 , 0.03]
2025-12-12 07:36:45,860 MambaPro.train INFO: Epoch 41 done. Time per batch: 0.188[s] Speed: 170.0[samples/s]
2025-12-12 07:37:05,873 MambaPro.train INFO: Epoch 42 done. Time per batch: 0.187[s] Speed: 171.1[samples/s]
2025-12-12 07:37:25,953 MambaPro.train INFO: Epoch 43 done. Time per batch: 0.188[s] Speed: 170.5[samples/s]
2025-12-12 07:37:45,957 MambaPro.train INFO: Epoch 44 done. Time per batch: 0.187[s] Speed: 171.2[samples/s]
2025-12-12 07:38:05,960 MambaPro.train INFO: Epoch 45 done. Time per batch: 0.187[s] Speed: 171.2[samples/s]
2025-12-12 07:38:13,457 MambaPro.train INFO: Validation Results - Epoch: 45
2025-12-12 07:38:13,457 MambaPro.train INFO: Current mAP: 77.2%
2025-12-12 07:38:13,457 MambaPro.train INFO: CMC curve, Rank-1  :82.2%
2025-12-12 07:38:13,457 MambaPro.train INFO: CMC curve, Rank-5  :87.7%
2025-12-12 07:38:13,457 MambaPro.train INFO: CMC curve, Rank-10 :91.9%
2025-12-12 07:38:13,458 MambaPro.train INFO: 🎯 New Best! Saving model...
2025-12-12 07:38:14,074 MambaPro.train INFO: [Epoch 45] 指标集合列表（历史）
2025-12-12 07:38:14,074 MambaPro.train INFO: history_mAP:{51.4 , 44.2 , 52.1 , 49.9 , 71.8 , 75.8 , 76.0 , 76.9 , 77.2}
2025-12-12 07:38:14,074 MambaPro.train INFO: best_mAP:{77.2}
2025-12-12 07:38:14,074 MambaPro.train INFO: history_Rank-1:{57.9 , 46.4 , 58.5 , 51.7 , 76.9 , 82.3 , 80.9 , 82.2}
2025-12-12 07:38:14,074 MambaPro.train INFO: best_Rank-1:{82.3}
2025-12-12 07:38:14,074 MambaPro.train INFO: history_Rank-5:{68.9 , 60.6 , 73.7 , 65.2 , 88.5 , 89.5 , 87.8 , 88.0 , 87.7}
2025-12-12 07:38:14,074 MambaPro.train INFO: best_Rank-5:{89.5}
2025-12-12 07:38:14,074 MambaPro.train INFO: history_Rank-10:{75.7 , 69.1 , 81.2 , 73.1 , 91.4 , 92.2 , 92.6 , 91.7 , 91.9}
2025-12-12 07:38:14,074 MambaPro.train INFO: best_Rank-10:{92.6}
2025-12-12 07:38:14,074 MambaPro.train INFO: history_Experts:{[0.35 , 0.34 , 0.31] , [0.37 , 0.34 , 0.29] , [0.41 , 0.34 , 0.25] , [0.62 , 0.23 , 0.15] , [0.81 , 0.11 , 0.08] , [0.87 , 0.07 , 0.05] , [0.91 , 0.05 , 0.04] , [0.92 , 0.04 , 0.03] , [0.93 , 0.04 , 0.03]}
2025-12-12 07:38:14,074 MambaPro.train INFO: best_Experts:{[0.93 , 0.04 , 0.03]}
2025-12-12 07:38:14,074 MambaPro.train INFO: 🔥 MoE损失(Val): 平衡=0.9900, 稀疏性=0.1900, 多样性=0.1934, 总=0.0012 (权重: 平衡=0.001, 稀疏性=0.000, 多样性=0.001)
2025-12-12 07:38:14,074 MambaPro.train INFO:    📊 专家权重分布(Val): [0.93 , 0.04 , 0.03]
2025-12-12 07:38:34,273 MambaPro.train INFO: Epoch 46 done. Time per batch: 0.187[s] Speed: 170.7[samples/s]
2025-12-12 07:38:54,397 MambaPro.train INFO: Epoch 47 done. Time per batch: 0.188[s] Speed: 170.1[samples/s]
2025-12-12 07:39:14,348 MambaPro.train INFO: Epoch 48 done. Time per batch: 0.188[s] Speed: 170.0[samples/s]
2025-12-12 07:39:34,401 MambaPro.train INFO: Epoch 49 done. Time per batch: 0.187[s] Speed: 170.8[samples/s]
2025-12-12 07:39:54,416 MambaPro.train INFO: Epoch 50 done. Time per batch: 0.187[s] Speed: 171.1[samples/s]
2025-12-12 07:40:02,344 MambaPro.train INFO: Validation Results - Epoch: 50
2025-12-12 07:40:02,344 MambaPro.train INFO: Current mAP: 76.9%
2025-12-12 07:40:02,344 MambaPro.train INFO: CMC curve, Rank-1  :81.9%
2025-12-12 07:40:02,344 MambaPro.train INFO: CMC curve, Rank-5  :86.6%
2025-12-12 07:40:02,344 MambaPro.train INFO: CMC curve, Rank-10 :91.6%
2025-12-12 07:40:02,345 MambaPro.train INFO: [Epoch 50] 指标集合列表（历史）
2025-12-12 07:40:02,345 MambaPro.train INFO: history_mAP:{51.4 , 44.2 , 52.1 , 49.9 , 71.8 , 75.8 , 76.0 , 76.9 , 77.2 , 76.9}
2025-12-12 07:40:02,345 MambaPro.train INFO: best_mAP:{77.2}
2025-12-12 07:40:02,345 MambaPro.train INFO: history_Rank-1:{57.9 , 46.4 , 58.5 , 51.7 , 76.9 , 82.3 , 80.9 , 82.2 , 81.9}
2025-12-12 07:40:02,345 MambaPro.train INFO: best_Rank-1:{82.3}
2025-12-12 07:40:02,345 MambaPro.train INFO: history_Rank-5:{68.9 , 60.6 , 73.7 , 65.2 , 88.5 , 89.5 , 87.8 , 88.0 , 87.7 , 86.6}
2025-12-12 07:40:02,345 MambaPro.train INFO: best_Rank-5:{89.5}
2025-12-12 07:40:02,345 MambaPro.train INFO: history_Rank-10:{75.7 , 69.1 , 81.2 , 73.1 , 91.4 , 92.2 , 92.6 , 91.7 , 91.9 , 91.6}
2025-12-12 07:40:02,345 MambaPro.train INFO: best_Rank-10:{92.6}
2025-12-12 07:40:02,345 MambaPro.train INFO: history_Experts:{[0.35 , 0.34 , 0.31] , [0.37 , 0.34 , 0.29] , [0.41 , 0.34 , 0.25] , [0.62 , 0.23 , 0.15] , [0.81 , 0.11 , 0.08] , [0.87 , 0.07 , 0.05] , [0.91 , 0.05 , 0.04] , [0.92 , 0.04 , 0.03] , [0.93 , 0.04 , 0.03] , [0.94 , 0.03 , 0.03]}
2025-12-12 07:40:02,345 MambaPro.train INFO: best_Experts:{[0.93 , 0.04 , 0.03]}
2025-12-12 07:40:02,345 MambaPro.train INFO: 🔥 MoE损失(Val): 平衡=1.0211, 稀疏性=0.1700, 多样性=0.1704, 总=0.0012 (权重: 平衡=0.001, 稀疏性=0.000, 多样性=0.001)
2025-12-12 07:40:02,345 MambaPro.train INFO:    📊 专家权重分布(Val): [0.94 , 0.03 , 0.03]
2025-12-12 07:40:22,445 MambaPro.train INFO: Epoch 51 done. Time per batch: 0.188[s] Speed: 169.9[samples/s]
2025-12-12 07:40:42,341 MambaPro.train INFO: Epoch 52 done. Time per batch: 0.188[s] Speed: 170.5[samples/s]
2025-12-12 07:41:02,372 MambaPro.train INFO: Epoch 53 done. Time per batch: 0.187[s] Speed: 170.9[samples/s]
2025-12-12 07:41:22,439 MambaPro.train INFO: Epoch 54 done. Time per batch: 0.188[s] Speed: 170.6[samples/s]
2025-12-12 07:41:42,516 MambaPro.train INFO: Epoch 55 done. Time per batch: 0.188[s] Speed: 170.5[samples/s]
2025-12-12 07:41:50,023 MambaPro.train INFO: Validation Results - Epoch: 55
2025-12-12 07:41:50,023 MambaPro.train INFO: Current mAP: 77.5%
2025-12-12 07:41:50,023 MambaPro.train INFO: CMC curve, Rank-1  :83.0%
2025-12-12 07:41:50,023 MambaPro.train INFO: CMC curve, Rank-5  :88.0%
2025-12-12 07:41:50,023 MambaPro.train INFO: CMC curve, Rank-10 :92.3%
2025-12-12 07:41:50,024 MambaPro.train INFO: 🎯 New Best! Saving model...
2025-12-12 07:41:50,589 MambaPro.train INFO: [Epoch 55] 指标集合列表（历史）
2025-12-12 07:41:50,590 MambaPro.train INFO: history_mAP:{51.4 , 44.2 , 52.1 , 49.9 , 71.8 , 75.8 , 76.0 , 76.9 , 77.2 , 76.9 , 77.5}
2025-12-12 07:41:50,590 MambaPro.train INFO: best_mAP:{77.5}
2025-12-12 07:41:50,590 MambaPro.train INFO: history_Rank-1:{57.9 , 46.4 , 58.5 , 51.7 , 76.9 , 82.3 , 80.9 , 82.2 , 81.9 , 83.0}
2025-12-12 07:41:50,590 MambaPro.train INFO: best_Rank-1:{83.0}
2025-12-12 07:41:50,590 MambaPro.train INFO: history_Rank-5:{68.9 , 60.6 , 73.7 , 65.2 , 88.5 , 89.5 , 87.8 , 88.0 , 87.7 , 86.6}
2025-12-12 07:41:50,590 MambaPro.train INFO: best_Rank-5:{89.5}
2025-12-12 07:41:50,590 MambaPro.train INFO: history_Rank-10:{75.7 , 69.1 , 81.2 , 73.1 , 91.4 , 92.2 , 92.6 , 91.7 , 91.9 , 91.6 , 92.3}
2025-12-12 07:41:50,590 MambaPro.train INFO: best_Rank-10:{92.6}
2025-12-12 07:41:50,590 MambaPro.train INFO: history_Experts:{[0.35 , 0.34 , 0.31] , [0.37 , 0.34 , 0.29] , [0.41 , 0.34 , 0.25] , [0.62 , 0.23 , 0.15] , [0.81 , 0.11 , 0.08] , [0.87 , 0.07 , 0.05] , [0.91 , 0.05 , 0.04] , [0.92 , 0.04 , 0.03] , [0.93 , 0.04 , 0.03] , [0.94 , 0.03 , 0.03] , [0.95 , 0.03 , 0.02]}
2025-12-12 07:41:50,590 MambaPro.train INFO: best_Experts:{[0.95 , 0.03 , 0.02]}
2025-12-12 07:41:50,590 MambaPro.train INFO: 🔥 MoE损失(Val): 平衡=1.0444, 稀疏性=0.1551, 多样性=0.1538, 总=0.0012 (权重: 平衡=0.001, 稀疏性=0.000, 多样性=0.001)
2025-12-12 07:41:50,590 MambaPro.train INFO:    📊 专家权重分布(Val): [0.95 , 0.03 , 0.02]
2025-12-12 07:42:10,828 MambaPro.train INFO: Epoch 56 done. Time per batch: 0.190[s] Speed: 168.7[samples/s]
2025-12-12 07:42:30,901 MambaPro.train INFO: Epoch 57 done. Time per batch: 0.188[s] Speed: 170.6[samples/s]
2025-12-12 07:42:51,003 MambaPro.train INFO: Epoch 58 done. Time per batch: 0.188[s] Speed: 170.3[samples/s]
2025-12-12 07:43:10,930 MambaPro.train INFO: Epoch 59 done. Time per batch: 0.188[s] Speed: 170.2[samples/s]
2025-12-12 07:43:30,974 MambaPro.train INFO: Epoch 60 done. Time per batch: 0.187[s] Speed: 170.8[samples/s]
2025-12-12 07:43:38,974 MambaPro.train INFO: Validation Results - Epoch: 60
2025-12-12 07:43:38,974 MambaPro.train INFO: Current mAP: 77.5%
2025-12-12 07:43:38,974 MambaPro.train INFO: CMC curve, Rank-1  :82.4%
2025-12-12 07:43:38,974 MambaPro.train INFO: CMC curve, Rank-5  :88.2%
2025-12-12 07:43:38,974 MambaPro.train INFO: CMC curve, Rank-10 :92.0%
2025-12-12 07:43:38,975 MambaPro.train INFO: 🎯 New Best! Saving model...
2025-12-12 07:43:39,597 MambaPro.train INFO: [Epoch 60] 指标集合列表（历史）
2025-12-12 07:43:39,598 MambaPro.train INFO: history_mAP:{51.4 , 44.2 , 52.1 , 49.9 , 71.8 , 75.8 , 76.0 , 76.9 , 77.2 , 76.9 , 77.5 , 77.5}
2025-12-12 07:43:39,598 MambaPro.train INFO: best_mAP:{77.5}
2025-12-12 07:43:39,598 MambaPro.train INFO: history_Rank-1:{57.9 , 46.4 , 58.5 , 51.7 , 76.9 , 82.3 , 80.9 , 82.2 , 81.9 , 83.0 , 82.4}
2025-12-12 07:43:39,598 MambaPro.train INFO: best_Rank-1:{83.0}
2025-12-12 07:43:39,598 MambaPro.train INFO: history_Rank-5:{68.9 , 60.6 , 73.7 , 65.2 , 88.5 , 89.5 , 87.8 , 88.0 , 87.7 , 86.6 , 88.2}
2025-12-12 07:43:39,598 MambaPro.train INFO: best_Rank-5:{89.5}
2025-12-12 07:43:39,598 MambaPro.train INFO: history_Rank-10:{75.7 , 69.1 , 81.2 , 73.1 , 91.4 , 92.2 , 92.6 , 91.7 , 91.9 , 91.6 , 92.3 , 92.0}
2025-12-12 07:43:39,598 MambaPro.train INFO: best_Rank-10:{92.6}
2025-12-12 07:43:39,598 MambaPro.train INFO: history_Experts:{[0.35 , 0.34 , 0.31] , [0.37 , 0.34 , 0.29] , [0.41 , 0.34 , 0.25] , [0.62 , 0.23 , 0.15] , [0.81 , 0.11 , 0.08] , [0.87 , 0.07 , 0.05] , [0.91 , 0.05 , 0.04] , [0.92 , 0.04 , 0.03] , [0.93 , 0.04 , 0.03] , [0.94 , 0.03 , 0.03] , [0.95 , 0.03 , 0.02] , [0.95 , 0.03 , 0.02]}
2025-12-12 07:43:39,598 MambaPro.train INFO: best_Experts:{[0.95 , 0.03 , 0.02]}
2025-12-12 07:43:39,598 MambaPro.train INFO: 🔥 MoE损失(Val): 平衡=1.0622, 稀疏性=0.1437, 多样性=0.1413, 总=0.0012 (权重: 平衡=0.001, 稀疏性=0.000, 多样性=0.001)
2025-12-12 07:43:39,598 MambaPro.train INFO:    📊 专家权重分布(Val): [0.95 , 0.03 , 0.02]
2025-12-12 07:43:39,739 MambaPro.train INFO: ============================================================
