2025-12-17 12:17:40,754 MambaPro INFO: 🔥 窗口配置：8x8 ([8]), MoE专家数量：1
2025-12-17 12:17:40,754 MambaPro INFO: ================================================================================
2025-12-17 12:17:40,754 MambaPro INFO: 🧾 实验参数快照（命令行 + 最终配置）
2025-12-17 12:17:40,754 MambaPro INFO: ================================================================================
2025-12-17 12:17:40,754 MambaPro INFO: 【复现实验命令】
2025-12-17 12:17:40,754 MambaPro INFO: /home/zhanghaoyang/.conda/envs/MambaPro/bin/python train_net.py --use_multi_scale --use_moe --config_file mybest_model/experiment_20251013_110028/configs/experiment_config.yml OUTPUT_DIR ./outputs/multiscale/8x8_20251217_121738 MODEL.CLIP_MULTI_SCALE_SCALES [8] MODEL.MOE_SCALES [8] MODEL.MOE_NUM_EXPERTS 1
2025-12-17 12:17:40,754 MambaPro INFO: 【命令行参数（args）】
2025-12-17 12:17:40,754 MambaPro INFO: {
2025-12-17 12:17:40,754 MambaPro INFO:   "config_file": "mybest_model/experiment_20251013_110028/configs/experiment_config.yml",
2025-12-17 12:17:40,754 MambaPro INFO:   "fea_cft": 0,
2025-12-17 12:17:40,754 MambaPro INFO:   "opts": [
2025-12-17 12:17:40,754 MambaPro INFO:     "OUTPUT_DIR",
2025-12-17 12:17:40,754 MambaPro INFO:     "./outputs/multiscale/8x8_20251217_121738",
2025-12-17 12:17:40,754 MambaPro INFO:     "MODEL.CLIP_MULTI_SCALE_SCALES",
2025-12-17 12:17:40,754 MambaPro INFO:     "[8]",
2025-12-17 12:17:40,754 MambaPro INFO:     "MODEL.MOE_SCALES",
2025-12-17 12:17:40,754 MambaPro INFO:     "[8]",
2025-12-17 12:17:40,754 MambaPro INFO:     "MODEL.MOE_NUM_EXPERTS",
2025-12-17 12:17:40,754 MambaPro INFO:     "1"
2025-12-17 12:17:40,754 MambaPro INFO:   ],
2025-12-17 12:17:40,754 MambaPro INFO:   "local_rank": 0,
2025-12-17 12:17:40,754 MambaPro INFO:   "use_multi_scale": true,
2025-12-17 12:17:40,754 MambaPro INFO:   "no_multi_scale": false,
2025-12-17 12:17:40,754 MambaPro INFO:   "use_moe": true,
2025-12-17 12:17:40,754 MambaPro INFO:   "disable_moe": false,
2025-12-17 12:17:40,754 MambaPro INFO:   "no_moe": false,
2025-12-17 12:17:40,754 MambaPro INFO:   "use_attention": false,
2025-12-17 12:17:40,754 MambaPro INFO:   "disable_attention": false,
2025-12-17 12:17:40,754 MambaPro INFO:   "attention_heads": 8,
2025-12-17 12:17:40,754 MambaPro INFO:   "attention_dropout": 0.1
2025-12-17 12:17:40,754 MambaPro INFO: }
2025-12-17 12:17:40,754 MambaPro INFO: 【工作目录】/home/zhanghaoyang/Desktop/yzy/AboutReid
2025-12-17 12:17:40,754 MambaPro INFO: 【最终配置（YAML）】
2025-12-17 12:17:40,757 MambaPro INFO: DATALOADER:
2025-12-17 12:17:40,757 MambaPro INFO:   NUM_INSTANCE: 8
2025-12-17 12:17:40,757 MambaPro INFO:   NUM_WORKERS: 8
2025-12-17 12:17:40,757 MambaPro INFO:   SAMPLER: softmax_triplet
2025-12-17 12:17:40,757 MambaPro INFO: DATASETS:
2025-12-17 12:17:40,757 MambaPro INFO:   NAMES: RGBNT201
2025-12-17 12:17:40,757 MambaPro INFO:   ROOT_DIR: data/datasets
2025-12-17 12:17:40,757 MambaPro INFO: INPUT:
2025-12-17 12:17:40,757 MambaPro INFO:   PADDING: 10
2025-12-17 12:17:40,757 MambaPro INFO:   PIXEL_MEAN:
2025-12-17 12:17:40,757 MambaPro INFO:   - 0.5
2025-12-17 12:17:40,757 MambaPro INFO:   - 0.5
2025-12-17 12:17:40,757 MambaPro INFO:   - 0.5
2025-12-17 12:17:40,757 MambaPro INFO:   PIXEL_STD:
2025-12-17 12:17:40,757 MambaPro INFO:   - 0.5
2025-12-17 12:17:40,757 MambaPro INFO:   - 0.5
2025-12-17 12:17:40,757 MambaPro INFO:   - 0.5
2025-12-17 12:17:40,757 MambaPro INFO:   PROB: 0.5
2025-12-17 12:17:40,757 MambaPro INFO:   RE_PROB: 0.5
2025-12-17 12:17:40,757 MambaPro INFO:   SIZE_TEST:
2025-12-17 12:17:40,757 MambaPro INFO:   - 256
2025-12-17 12:17:40,757 MambaPro INFO:   - 128
2025-12-17 12:17:40,757 MambaPro INFO:   SIZE_TRAIN:
2025-12-17 12:17:40,757 MambaPro INFO:   - 256
2025-12-17 12:17:40,757 MambaPro INFO:   - 128
2025-12-17 12:17:40,757 MambaPro INFO: MODEL:
2025-12-17 12:17:40,757 MambaPro INFO:   ADAPTER: true
2025-12-17 12:17:40,757 MambaPro INFO:   ATTENTION_DIM: 512
2025-12-17 12:17:40,757 MambaPro INFO:   ATTENTION_DROPOUT: 0.1
2025-12-17 12:17:40,757 MambaPro INFO:   ATTENTION_NUM_HEADS: 8
2025-12-17 12:17:40,757 MambaPro INFO:   ATT_DROP_RATE: 0.0
2025-12-17 12:17:40,757 MambaPro INFO:   CLIP_MULTI_SCALE_SCALES:
2025-12-17 12:17:40,757 MambaPro INFO:   - 8
2025-12-17 12:17:40,757 MambaPro INFO:   DEVICE: cuda
2025-12-17 12:17:40,757 MambaPro INFO:   DEVICE_ID: '0'
2025-12-17 12:17:40,757 MambaPro INFO:   DIRECT: 1
2025-12-17 12:17:40,757 MambaPro INFO:   DIST_TRAIN: false
2025-12-17 12:17:40,757 MambaPro INFO:   DROP_OUT: 0.0
2025-12-17 12:17:40,757 MambaPro INFO:   DROP_PATH: 0.1
2025-12-17 12:17:40,757 MambaPro INFO:   FLOPS_TEST: false
2025-12-17 12:17:40,757 MambaPro INFO:   FROZEN: true
2025-12-17 12:17:40,757 MambaPro INFO:   GATE_DROPOUT: 0.1
2025-12-17 12:17:40,757 MambaPro INFO:   ID_LOSS_TYPE: softmax
2025-12-17 12:17:40,757 MambaPro INFO:   ID_LOSS_WEIGHT: 0.25
2025-12-17 12:17:40,757 MambaPro INFO:   IF_LABELSMOOTH: 'on'
2025-12-17 12:17:40,757 MambaPro INFO:   IF_WITH_CENTER: 'no'
2025-12-17 12:17:40,757 MambaPro INFO:   LAYER: -1
2025-12-17 12:17:40,757 MambaPro INFO:   MAMBA: true
2025-12-17 12:17:40,757 MambaPro INFO:   MAMBA_BI: false
2025-12-17 12:17:40,757 MambaPro INFO:   METRIC_LOSS_TYPE: triplet
2025-12-17 12:17:40,757 MambaPro INFO:   MOE_BALANCE_LOSS_WEIGHT: 0.01
2025-12-17 12:17:40,757 MambaPro INFO:   MOE_DIVERSITY_LOSS_WEIGHT: 0.01
2025-12-17 12:17:40,758 MambaPro INFO:   MOE_EXPERT_DROPOUT: 0.1
2025-12-17 12:17:40,758 MambaPro INFO:   MOE_EXPERT_HIDDEN_DIM: 1024
2025-12-17 12:17:40,758 MambaPro INFO:   MOE_EXPERT_LAYERS: 2
2025-12-17 12:17:40,758 MambaPro INFO:   MOE_EXPERT_THRESHOLD: 0.1
2025-12-17 12:17:40,758 MambaPro INFO:   MOE_FIXED_WEIGHTS:
2025-12-17 12:17:40,758 MambaPro INFO:   - 0.33
2025-12-17 12:17:40,758 MambaPro INFO:   - 0.33
2025-12-17 12:17:40,758 MambaPro INFO:   - 0.34
2025-12-17 12:17:40,758 MambaPro INFO:   MOE_GATE_DROPOUT: 0.1
2025-12-17 12:17:40,758 MambaPro INFO:   MOE_GATE_LAYERS: 2
2025-12-17 12:17:40,758 MambaPro INFO:   MOE_INIT_WEIGHTS: null
2025-12-17 12:17:40,758 MambaPro INFO:   MOE_NUM_EXPERTS: 1
2025-12-17 12:17:40,758 MambaPro INFO:   MOE_RESIDUAL_WEIGHT: 1.0
2025-12-17 12:17:40,758 MambaPro INFO:   MOE_SCALES:
2025-12-17 12:17:40,758 MambaPro INFO:   - 8
2025-12-17 12:17:40,758 MambaPro INFO:   MOE_SPARSITY_LOSS_WEIGHT: 0.001
2025-12-17 12:17:40,758 MambaPro INFO:   MOE_TEMPERATURE: 0.7
2025-12-17 12:17:40,758 MambaPro INFO:   MOE_TOP_K: 2
2025-12-17 12:17:40,758 MambaPro INFO:   MOE_TOP_K_MODE: soft
2025-12-17 12:17:40,758 MambaPro INFO:   MOE_USE_FIXED_WEIGHTS: false
2025-12-17 12:17:40,758 MambaPro INFO:   MOE_USE_TOP_K_ROUTING: false
2025-12-17 12:17:40,758 MambaPro INFO:   MULTI_SCALE_SCALES:
2025-12-17 12:17:40,758 MambaPro INFO:   - 4
2025-12-17 12:17:40,758 MambaPro INFO:   - 8
2025-12-17 12:17:40,758 MambaPro INFO:   - 16
2025-12-17 12:17:40,758 MambaPro INFO:   NAME: MambaPro
2025-12-17 12:17:40,758 MambaPro INFO:   NECK: bnneck
2025-12-17 12:17:40,758 MambaPro INFO:   NO_MARGIN: true
2025-12-17 12:17:40,758 MambaPro INFO:   PREFIX_NUM: 1
2025-12-17 12:17:40,758 MambaPro INFO:   PRETRAIN_PATH_T: ../ViT-B-16.pt
2025-12-17 12:17:40,758 MambaPro INFO:   PROMPT: true
2025-12-17 12:17:40,758 MambaPro INFO:   SIE_CAMERA: true
2025-12-17 12:17:40,758 MambaPro INFO:   SIE_COE: 1.0
2025-12-17 12:17:40,758 MambaPro INFO:   SIE_VIEW: false
2025-12-17 12:17:40,758 MambaPro INFO:   STRIDE_SIZE:
2025-12-17 12:17:40,758 MambaPro INFO:   - 16
2025-12-17 12:17:40,758 MambaPro INFO:   - 16
2025-12-17 12:17:40,758 MambaPro INFO:   TRANSFORMER_TYPE: ViT-B-16
2025-12-17 12:17:40,758 MambaPro INFO:   TRIPLET_LOSS_WEIGHT: 1.0
2025-12-17 12:17:40,758 MambaPro INFO:   USE_ATTENTION_FUSION: false
2025-12-17 12:17:40,758 MambaPro INFO:   USE_CLIP_MULTI_SCALE: true
2025-12-17 12:17:40,758 MambaPro INFO:   USE_GATE_FUSION: false
2025-12-17 12:17:40,758 MambaPro INFO:   USE_MULTI_SCALE: false
2025-12-17 12:17:40,758 MambaPro INFO:   USE_MULTI_SCALE_MOE: true
2025-12-17 12:17:40,758 MambaPro INFO: OUTPUT_DIR: outputs/multiscale/8x8_20251217_121738
2025-12-17 12:17:40,758 MambaPro INFO: SOLVER:
2025-12-17 12:17:40,758 MambaPro INFO:   BASE_LR: 0.0005
2025-12-17 12:17:40,758 MambaPro INFO:   BIAS_LR_FACTOR: 2
2025-12-17 12:17:40,758 MambaPro INFO:   CENTER_LOSS_WEIGHT: 0.0005
2025-12-17 12:17:40,758 MambaPro INFO:   CENTER_LR: 0.5
2025-12-17 12:17:40,758 MambaPro INFO:   CHECKPOINT_PERIOD: 10
2025-12-17 12:17:40,758 MambaPro INFO:   CLUSTER_MARGIN: 0.3
2025-12-17 12:17:40,758 MambaPro INFO:   COSINE_MARGIN: 0.5
2025-12-17 12:17:40,758 MambaPro INFO:   COSINE_SCALE: 30
2025-12-17 12:17:40,758 MambaPro INFO:   EVAL_PERIOD: 5
2025-12-17 12:17:40,758 MambaPro INFO:   GAMMA: 0.1
2025-12-17 12:17:40,758 MambaPro INFO:   IMS_PER_BATCH: 32
2025-12-17 12:17:40,758 MambaPro INFO:   LARGE_FC_LR: false
2025-12-17 12:17:40,758 MambaPro INFO:   LOG_PERIOD: 10
2025-12-17 12:17:40,758 MambaPro INFO:   MARGIN: 0.3
2025-12-17 12:17:40,758 MambaPro INFO:   MAX_EPOCHS: 60
2025-12-17 12:17:40,758 MambaPro INFO:   MOE_BALANCE_LOSS_WEIGHT: 0.001
2025-12-17 12:17:40,758 MambaPro INFO:   MOE_BALANCE_LOSS_WEIGHT_END: 0.1
2025-12-17 12:17:40,758 MambaPro INFO:   MOE_BALANCE_LOSS_WEIGHT_START: 0.001
2025-12-17 12:17:40,758 MambaPro INFO:   MOE_BALANCE_THRESHOLD: 0.3
2025-12-17 12:17:40,758 MambaPro INFO:   MOE_DIVERSITY_LOSS_WEIGHT: 0.001
2025-12-17 12:17:40,758 MambaPro INFO:   MOE_DIVERSITY_LOSS_WEIGHT_END: 0.1
2025-12-17 12:17:40,758 MambaPro INFO:   MOE_DIVERSITY_LOSS_WEIGHT_START: 0.001
2025-12-17 12:17:40,758 MambaPro INFO:   MOE_GATE_LR_FACTOR: 0.01
2025-12-17 12:17:40,758 MambaPro INFO:   MOE_LOSS_WEIGHT_SCHEDULE_TYPE: cosine
2025-12-17 12:17:40,758 MambaPro INFO:   MOE_LOSS_WEIGHT_WARMUP_EPOCHS: 5
2025-12-17 12:17:40,758 MambaPro INFO:   MOE_SPARSITY_LOSS_WEIGHT: 0.0001
2025-12-17 12:17:40,758 MambaPro INFO:   MOE_USE_DYNAMIC_LOSS_WEIGHT: false
2025-12-17 12:17:40,758 MambaPro INFO:   MOMENTUM: 0.9
2025-12-17 12:17:40,758 MambaPro INFO:   OPTIMIZER_NAME: Adam
2025-12-17 12:17:40,758 MambaPro INFO:   RANGE_ALPHA: 0
2025-12-17 12:17:40,758 MambaPro INFO:   RANGE_BETA: 1
2025-12-17 12:17:40,758 MambaPro INFO:   RANGE_K: 2
2025-12-17 12:17:40,758 MambaPro INFO:   RANGE_LOSS_WEIGHT: 1
2025-12-17 12:17:40,758 MambaPro INFO:   RANGE_MARGIN: 0.3
2025-12-17 12:17:40,758 MambaPro INFO:   SEED: 42
2025-12-17 12:17:40,758 MambaPro INFO:   STEPS:
2025-12-17 12:17:40,758 MambaPro INFO:   - 30
2025-12-17 12:17:40,758 MambaPro INFO:   - 50
2025-12-17 12:17:40,758 MambaPro INFO:   WARMUP_FACTOR: 0.01
2025-12-17 12:17:40,758 MambaPro INFO:   WARMUP_ITERS: 20
2025-12-17 12:17:40,758 MambaPro INFO:   WARMUP_METHOD: linear
2025-12-17 12:17:40,758 MambaPro INFO:   WEIGHT_DECAY: 0.0005
2025-12-17 12:17:40,758 MambaPro INFO:   WEIGHT_DECAY_BIAS: 0.0005
2025-12-17 12:17:40,758 MambaPro INFO: TEST:
2025-12-17 12:17:40,758 MambaPro INFO:   FEAT: 0
2025-12-17 12:17:40,758 MambaPro INFO:   FEAT_NORM: 'yes'
2025-12-17 12:17:40,758 MambaPro INFO:   IMS_PER_BATCH: 64
2025-12-17 12:17:40,758 MambaPro INFO:   MISS: nothing
2025-12-17 12:17:40,758 MambaPro INFO:   NECK_FEAT: after
2025-12-17 12:17:40,758 MambaPro INFO:   RE_RANKING: 'no'
2025-12-17 12:17:40,758 MambaPro INFO:   WEIGHT: /home/zubuntu/workspace/yzy/MambaPro/pths/MambaProbest.pth
2025-12-17 12:17:40,758 MambaPro INFO: ================================================================================
2025-12-17 12:17:44,325 MambaPro.train INFO: start training
2025-12-17 12:18:41,152 MambaPro.train INFO: Epoch 1 done. Time per batch: 0.524[s] Speed: 61.0[samples/s]
2025-12-17 12:19:36,903 MambaPro.train INFO: Epoch 2 done. Time per batch: 0.521[s] Speed: 61.4[samples/s]
2025-12-17 12:20:32,581 MambaPro.train INFO: Epoch 3 done. Time per batch: 0.520[s] Speed: 61.5[samples/s]
2025-12-17 12:21:28,232 MambaPro.train INFO: Epoch 4 done. Time per batch: 0.520[s] Speed: 61.5[samples/s]
2025-12-17 12:22:23,603 MambaPro.train INFO: Epoch 5 done. Time per batch: 0.522[s] Speed: 61.3[samples/s]
2025-12-17 12:22:42,402 MambaPro.train INFO: Validation Results - Epoch: 5
2025-12-17 12:22:42,402 MambaPro.train INFO: Current mAP: 61.5%
2025-12-17 12:22:42,402 MambaPro.train INFO: CMC curve, Rank-1  :69.0%
2025-12-17 12:22:42,402 MambaPro.train INFO: CMC curve, Rank-5  :80.0%
2025-12-17 12:22:42,402 MambaPro.train INFO: CMC curve, Rank-10 :83.0%
2025-12-17 12:22:42,413 MambaPro.train INFO: 🎯 New Best! Saving model...
2025-12-17 12:22:42,767 MambaPro.train INFO: [Epoch 5] 指标集合列表（历史）
2025-12-17 12:22:42,767 MambaPro.train INFO: history_mAP:{61.5}
2025-12-17 12:22:42,767 MambaPro.train INFO: best_mAP:{61.5}
2025-12-17 12:22:42,767 MambaPro.train INFO: history_Rank-1:{69.0}
2025-12-17 12:22:42,767 MambaPro.train INFO: best_Rank-1:{69.0}
2025-12-17 12:22:42,767 MambaPro.train INFO: history_Rank-5:{80.0}
2025-12-17 12:22:42,767 MambaPro.train INFO: best_Rank-5:{80.0}
2025-12-17 12:22:42,767 MambaPro.train INFO: history_Rank-10:{83.0}
2025-12-17 12:22:42,767 MambaPro.train INFO: best_Rank-10:{83.0}
2025-12-17 12:22:42,767 MambaPro.train INFO: history_Experts:{[1.00]}
2025-12-17 12:22:42,767 MambaPro.train INFO: best_Experts:{[1.00]}
2025-12-17 12:22:42,767 MambaPro.train INFO: 🔥 MoE损失(Val): 平衡=0.0000, 稀疏性=0.0000, 多样性=0.0000, 总=0.0000 (权重: 平衡=0.001, 稀疏性=0.000, 多样性=0.001)
2025-12-17 12:22:42,767 MambaPro.train INFO:    📊 专家权重分布(Val, 1个专家): [1.00]
2025-12-17 12:23:38,970 MambaPro.train INFO: Epoch 6 done. Time per batch: 0.524[s] Speed: 61.1[samples/s]
2025-12-17 12:24:35,181 MambaPro.train INFO: Epoch 7 done. Time per batch: 0.525[s] Speed: 60.9[samples/s]
2025-12-17 12:25:31,270 MambaPro.train INFO: Epoch 8 done. Time per batch: 0.524[s] Speed: 61.0[samples/s]
2025-12-17 12:26:26,340 MambaPro.train INFO: Epoch 9 done. Time per batch: 0.515[s] Speed: 62.2[samples/s]
2025-12-17 12:27:22,131 MambaPro.train INFO: Epoch 10 done. Time per batch: 0.521[s] Speed: 61.4[samples/s]
2025-12-17 12:27:41,660 MambaPro.train INFO: Validation Results - Epoch: 10
2025-12-17 12:27:41,660 MambaPro.train INFO: Current mAP: 65.7%
2025-12-17 12:27:41,660 MambaPro.train INFO: CMC curve, Rank-1  :67.6%
2025-12-17 12:27:41,660 MambaPro.train INFO: CMC curve, Rank-5  :78.0%
2025-12-17 12:27:41,660 MambaPro.train INFO: CMC curve, Rank-10 :84.6%
2025-12-17 12:27:41,667 MambaPro.train INFO: 🎯 New Best! Saving model...
2025-12-17 12:27:42,162 MambaPro.train INFO: [Epoch 10] 指标集合列表（历史）
2025-12-17 12:27:42,163 MambaPro.train INFO: history_mAP:{61.5 , 65.7}
2025-12-17 12:27:42,163 MambaPro.train INFO: best_mAP:{65.7}
2025-12-17 12:27:42,163 MambaPro.train INFO: history_Rank-1:{69.0 , 67.6}
2025-12-17 12:27:42,163 MambaPro.train INFO: best_Rank-1:{69.0}
2025-12-17 12:27:42,163 MambaPro.train INFO: history_Rank-5:{80.0 , 78.0}
2025-12-17 12:27:42,163 MambaPro.train INFO: best_Rank-5:{80.0}
2025-12-17 12:27:42,163 MambaPro.train INFO: history_Rank-10:{83.0 , 84.6}
2025-12-17 12:27:42,163 MambaPro.train INFO: best_Rank-10:{84.6}
2025-12-17 12:27:42,163 MambaPro.train INFO: history_Experts:{[1.00] , [1.00]}
2025-12-17 12:27:42,163 MambaPro.train INFO: best_Experts:{[1.00]}
2025-12-17 12:27:42,163 MambaPro.train INFO: 🔥 MoE损失(Val): 平衡=0.0000, 稀疏性=0.0000, 多样性=0.0000, 总=0.0000 (权重: 平衡=0.001, 稀疏性=0.000, 多样性=0.001)
2025-12-17 12:27:42,163 MambaPro.train INFO:    📊 专家权重分布(Val, 1个专家): [1.00]
2025-12-17 12:28:42,151 MambaPro.train INFO: Epoch 11 done. Time per batch: 0.559[s] Speed: 57.2[samples/s]
2025-12-17 12:29:38,554 MambaPro.train INFO: Epoch 12 done. Time per batch: 0.527[s] Speed: 60.7[samples/s]
2025-12-17 12:30:34,208 MambaPro.train INFO: Epoch 13 done. Time per batch: 0.520[s] Speed: 61.5[samples/s]
2025-12-17 12:31:29,729 MambaPro.train INFO: Epoch 14 done. Time per batch: 0.519[s] Speed: 61.7[samples/s]
2025-12-17 12:32:24,972 MambaPro.train INFO: Epoch 15 done. Time per batch: 0.516[s] Speed: 62.0[samples/s]
2025-12-17 12:32:44,118 MambaPro.train INFO: Validation Results - Epoch: 15
2025-12-17 12:32:44,119 MambaPro.train INFO: Current mAP: 62.4%
2025-12-17 12:32:44,119 MambaPro.train INFO: CMC curve, Rank-1  :66.3%
2025-12-17 12:32:44,119 MambaPro.train INFO: CMC curve, Rank-5  :78.6%
2025-12-17 12:32:44,119 MambaPro.train INFO: CMC curve, Rank-10 :83.0%
2025-12-17 12:32:44,128 MambaPro.train INFO: [Epoch 15] 指标集合列表（历史）
2025-12-17 12:32:44,129 MambaPro.train INFO: history_mAP:{61.5 , 65.7 , 62.4}
2025-12-17 12:32:44,129 MambaPro.train INFO: best_mAP:{65.7}
2025-12-17 12:32:44,129 MambaPro.train INFO: history_Rank-1:{69.0 , 67.6 , 66.3}
2025-12-17 12:32:44,129 MambaPro.train INFO: best_Rank-1:{69.0}
2025-12-17 12:32:44,129 MambaPro.train INFO: history_Rank-5:{80.0 , 78.0 , 78.6}
2025-12-17 12:32:44,129 MambaPro.train INFO: best_Rank-5:{80.0}
2025-12-17 12:32:44,129 MambaPro.train INFO: history_Rank-10:{83.0 , 84.6}
2025-12-17 12:32:44,129 MambaPro.train INFO: best_Rank-10:{84.6}
2025-12-17 12:32:44,129 MambaPro.train INFO: history_Experts:{[1.00] , [1.00] , [1.00]}
2025-12-17 12:32:44,129 MambaPro.train INFO: best_Experts:{[1.00]}
2025-12-17 12:32:44,129 MambaPro.train INFO: 🔥 MoE损失(Val): 平衡=0.0000, 稀疏性=0.0000, 多样性=0.0000, 总=0.0000 (权重: 平衡=0.001, 稀疏性=0.000, 多样性=0.001)
2025-12-17 12:32:44,129 MambaPro.train INFO:    📊 专家权重分布(Val, 1个专家): [1.00]
2025-12-17 12:33:39,090 MambaPro.train INFO: Epoch 16 done. Time per batch: 0.512[s] Speed: 62.5[samples/s]
2025-12-17 12:34:35,077 MambaPro.train INFO: Epoch 17 done. Time per batch: 0.523[s] Speed: 61.2[samples/s]
2025-12-17 12:35:30,792 MambaPro.train INFO: Epoch 18 done. Time per batch: 0.521[s] Speed: 61.5[samples/s]
2025-12-17 12:36:26,499 MambaPro.train INFO: Epoch 19 done. Time per batch: 0.521[s] Speed: 61.5[samples/s]
2025-12-17 12:37:22,221 MambaPro.train INFO: Epoch 20 done. Time per batch: 0.521[s] Speed: 61.4[samples/s]
2025-12-17 12:37:42,141 MambaPro.train INFO: Validation Results - Epoch: 20
2025-12-17 12:37:42,141 MambaPro.train INFO: Current mAP: 60.4%
2025-12-17 12:37:42,141 MambaPro.train INFO: CMC curve, Rank-1  :63.8%
2025-12-17 12:37:42,141 MambaPro.train INFO: CMC curve, Rank-5  :73.4%
2025-12-17 12:37:42,141 MambaPro.train INFO: CMC curve, Rank-10 :79.4%
2025-12-17 12:37:42,148 MambaPro.train INFO: [Epoch 20] 指标集合列表（历史）
2025-12-17 12:37:42,148 MambaPro.train INFO: history_mAP:{61.5 , 65.7 , 62.4 , 60.4}
2025-12-17 12:37:42,148 MambaPro.train INFO: best_mAP:{65.7}
2025-12-17 12:37:42,148 MambaPro.train INFO: history_Rank-1:{69.0 , 67.6 , 66.3 , 63.8}
2025-12-17 12:37:42,148 MambaPro.train INFO: best_Rank-1:{69.0}
2025-12-17 12:37:42,148 MambaPro.train INFO: history_Rank-5:{80.0 , 78.0 , 78.6 , 73.4}
2025-12-17 12:37:42,148 MambaPro.train INFO: best_Rank-5:{80.0}
2025-12-17 12:37:42,148 MambaPro.train INFO: history_Rank-10:{83.0 , 84.6 , 79.4}
2025-12-17 12:37:42,148 MambaPro.train INFO: best_Rank-10:{84.6}
2025-12-17 12:37:42,148 MambaPro.train INFO: history_Experts:{[1.00] , [1.00] , [1.00] , [1.00]}
2025-12-17 12:37:42,148 MambaPro.train INFO: best_Experts:{[1.00]}
2025-12-17 12:37:42,148 MambaPro.train INFO: 🔥 MoE损失(Val): 平衡=0.0000, 稀疏性=0.0000, 多样性=0.0000, 总=0.0000 (权重: 平衡=0.001, 稀疏性=0.000, 多样性=0.001)
2025-12-17 12:37:42,148 MambaPro.train INFO:    📊 专家权重分布(Val, 1个专家): [1.00]
2025-12-17 12:38:39,993 MambaPro.train INFO: Epoch 21 done. Time per batch: 0.539[s] Speed: 59.3[samples/s]
2025-12-17 12:39:48,702 MambaPro.train INFO: Epoch 22 done. Time per batch: 0.642[s] Speed: 49.8[samples/s]
2025-12-17 12:40:48,624 MambaPro.train INFO: Epoch 23 done. Time per batch: 0.560[s] Speed: 57.1[samples/s]
2025-12-17 12:41:45,791 MambaPro.train INFO: Epoch 24 done. Time per batch: 0.534[s] Speed: 59.9[samples/s]
2025-12-17 12:42:41,107 MambaPro.train INFO: Epoch 25 done. Time per batch: 0.517[s] Speed: 61.9[samples/s]
2025-12-17 12:43:00,378 MambaPro.train INFO: Validation Results - Epoch: 25
2025-12-17 12:43:00,378 MambaPro.train INFO: Current mAP: 68.8%
2025-12-17 12:43:00,378 MambaPro.train INFO: CMC curve, Rank-1  :71.2%
2025-12-17 12:43:00,378 MambaPro.train INFO: CMC curve, Rank-5  :82.8%
2025-12-17 12:43:00,378 MambaPro.train INFO: CMC curve, Rank-10 :87.6%
2025-12-17 12:43:00,384 MambaPro.train INFO: 🎯 New Best! Saving model...
2025-12-17 12:43:00,899 MambaPro.train INFO: [Epoch 25] 指标集合列表（历史）
2025-12-17 12:43:00,900 MambaPro.train INFO: history_mAP:{61.5 , 65.7 , 62.4 , 60.4 , 68.8}
2025-12-17 12:43:00,900 MambaPro.train INFO: best_mAP:{68.8}
2025-12-17 12:43:00,900 MambaPro.train INFO: history_Rank-1:{69.0 , 67.6 , 66.3 , 63.8 , 71.2}
2025-12-17 12:43:00,900 MambaPro.train INFO: best_Rank-1:{71.2}
2025-12-17 12:43:00,900 MambaPro.train INFO: history_Rank-5:{80.0 , 78.0 , 78.6 , 73.4 , 82.8}
2025-12-17 12:43:00,900 MambaPro.train INFO: best_Rank-5:{82.8}
2025-12-17 12:43:00,900 MambaPro.train INFO: history_Rank-10:{83.0 , 84.6 , 79.4 , 87.6}
2025-12-17 12:43:00,900 MambaPro.train INFO: best_Rank-10:{87.6}
2025-12-17 12:43:00,900 MambaPro.train INFO: history_Experts:{[1.00] , [1.00] , [1.00] , [1.00] , [1.00]}
2025-12-17 12:43:00,900 MambaPro.train INFO: best_Experts:{[1.00]}
2025-12-17 12:43:00,900 MambaPro.train INFO: 🔥 MoE损失(Val): 平衡=0.0000, 稀疏性=0.0000, 多样性=0.0000, 总=0.0000 (权重: 平衡=0.001, 稀疏性=0.000, 多样性=0.001)
2025-12-17 12:43:00,900 MambaPro.train INFO:    📊 专家权重分布(Val, 1个专家): [1.00]
2025-12-17 12:43:56,802 MambaPro.train INFO: Epoch 26 done. Time per batch: 0.521[s] Speed: 61.4[samples/s]
2025-12-17 12:44:52,410 MambaPro.train INFO: Epoch 27 done. Time per batch: 0.520[s] Speed: 61.6[samples/s]
2025-12-17 12:45:47,471 MambaPro.train INFO: Epoch 28 done. Time per batch: 0.519[s] Speed: 61.6[samples/s]
2025-12-17 12:46:43,566 MambaPro.train INFO: Epoch 29 done. Time per batch: 0.524[s] Speed: 61.0[samples/s]
2025-12-17 12:47:39,466 MambaPro.train INFO: Epoch 30 done. Time per batch: 0.522[s] Speed: 61.3[samples/s]
2025-12-17 12:47:59,090 MambaPro.train INFO: Validation Results - Epoch: 30
2025-12-17 12:47:59,090 MambaPro.train INFO: Current mAP: 71.1%
2025-12-17 12:47:59,090 MambaPro.train INFO: CMC curve, Rank-1  :75.0%
2025-12-17 12:47:59,090 MambaPro.train INFO: CMC curve, Rank-5  :84.1%
2025-12-17 12:47:59,090 MambaPro.train INFO: CMC curve, Rank-10 :88.9%
2025-12-17 12:47:59,096 MambaPro.train INFO: 🎯 New Best! Saving model...
2025-12-17 12:47:59,579 MambaPro.train INFO: [Epoch 30] 指标集合列表（历史）
2025-12-17 12:47:59,579 MambaPro.train INFO: history_mAP:{61.5 , 65.7 , 62.4 , 60.4 , 68.8 , 71.1}
2025-12-17 12:47:59,579 MambaPro.train INFO: best_mAP:{71.1}
2025-12-17 12:47:59,579 MambaPro.train INFO: history_Rank-1:{69.0 , 67.6 , 66.3 , 63.8 , 71.2 , 75.0}
2025-12-17 12:47:59,580 MambaPro.train INFO: best_Rank-1:{75.0}
2025-12-17 12:47:59,580 MambaPro.train INFO: history_Rank-5:{80.0 , 78.0 , 78.6 , 73.4 , 82.8 , 84.1}
2025-12-17 12:47:59,580 MambaPro.train INFO: best_Rank-5:{84.1}
2025-12-17 12:47:59,580 MambaPro.train INFO: history_Rank-10:{83.0 , 84.6 , 79.4 , 87.6 , 88.9}
2025-12-17 12:47:59,580 MambaPro.train INFO: best_Rank-10:{88.9}
2025-12-17 12:47:59,580 MambaPro.train INFO: history_Experts:{[1.00] , [1.00] , [1.00] , [1.00] , [1.00] , [1.00]}
2025-12-17 12:47:59,580 MambaPro.train INFO: best_Experts:{[1.00]}
2025-12-17 12:47:59,580 MambaPro.train INFO: 🔥 MoE损失(Val): 平衡=0.0000, 稀疏性=0.0000, 多样性=0.0000, 总=0.0000 (权重: 平衡=0.001, 稀疏性=0.000, 多样性=0.001)
2025-12-17 12:47:59,580 MambaPro.train INFO:    📊 专家权重分布(Val, 1个专家): [1.00]
2025-12-17 12:48:55,220 MambaPro.train INFO: Epoch 31 done. Time per batch: 0.524[s] Speed: 61.1[samples/s]
2025-12-17 12:49:51,401 MambaPro.train INFO: Epoch 32 done. Time per batch: 0.525[s] Speed: 60.9[samples/s]
2025-12-17 12:50:47,455 MambaPro.train INFO: Epoch 33 done. Time per batch: 0.524[s] Speed: 61.1[samples/s]
2025-12-17 12:51:42,814 MambaPro.train INFO: Epoch 34 done. Time per batch: 0.517[s] Speed: 61.9[samples/s]
2025-12-17 12:52:40,458 MambaPro.train INFO: Epoch 35 done. Time per batch: 0.539[s] Speed: 59.4[samples/s]
2025-12-17 12:53:00,904 MambaPro.train INFO: Validation Results - Epoch: 35
2025-12-17 12:53:00,904 MambaPro.train INFO: Current mAP: 74.8%
2025-12-17 12:53:00,904 MambaPro.train INFO: CMC curve, Rank-1  :77.5%
2025-12-17 12:53:00,904 MambaPro.train INFO: CMC curve, Rank-5  :86.2%
2025-12-17 12:53:00,904 MambaPro.train INFO: CMC curve, Rank-10 :90.3%
2025-12-17 12:53:00,916 MambaPro.train INFO: 🎯 New Best! Saving model...
2025-12-17 12:53:01,398 MambaPro.train INFO: [Epoch 35] 指标集合列表（历史）
2025-12-17 12:53:01,398 MambaPro.train INFO: history_mAP:{61.5 , 65.7 , 62.4 , 60.4 , 68.8 , 71.1 , 74.8}
2025-12-17 12:53:01,398 MambaPro.train INFO: best_mAP:{74.8}
2025-12-17 12:53:01,398 MambaPro.train INFO: history_Rank-1:{69.0 , 67.6 , 66.3 , 63.8 , 71.2 , 75.0 , 77.5}
2025-12-17 12:53:01,398 MambaPro.train INFO: best_Rank-1:{77.5}
2025-12-17 12:53:01,398 MambaPro.train INFO: history_Rank-5:{80.0 , 78.0 , 78.6 , 73.4 , 82.8 , 84.1 , 86.2}
2025-12-17 12:53:01,398 MambaPro.train INFO: best_Rank-5:{86.2}
2025-12-17 12:53:01,398 MambaPro.train INFO: history_Rank-10:{83.0 , 84.6 , 79.4 , 87.6 , 88.9 , 90.3}
2025-12-17 12:53:01,398 MambaPro.train INFO: best_Rank-10:{90.3}
2025-12-17 12:53:01,398 MambaPro.train INFO: history_Experts:{[1.00] , [1.00] , [1.00] , [1.00] , [1.00] , [1.00] , [1.00]}
2025-12-17 12:53:01,398 MambaPro.train INFO: best_Experts:{[1.00]}
2025-12-17 12:53:01,398 MambaPro.train INFO: 🔥 MoE损失(Val): 平衡=0.0000, 稀疏性=0.0000, 多样性=0.0000, 总=0.0000 (权重: 平衡=0.001, 稀疏性=0.000, 多样性=0.001)
2025-12-17 12:53:01,398 MambaPro.train INFO:    📊 专家权重分布(Val, 1个专家): [1.00]
2025-12-17 12:53:58,721 MambaPro.train INFO: Epoch 36 done. Time per batch: 0.534[s] Speed: 59.9[samples/s]
2025-12-17 12:54:54,026 MambaPro.train INFO: Epoch 37 done. Time per batch: 0.517[s] Speed: 61.9[samples/s]
2025-12-17 12:55:49,148 MambaPro.train INFO: Epoch 38 done. Time per batch: 0.515[s] Speed: 62.1[samples/s]
2025-12-17 12:56:44,930 MambaPro.train INFO: Epoch 39 done. Time per batch: 0.521[s] Speed: 61.4[samples/s]
2025-12-17 12:57:40,653 MambaPro.train INFO: Epoch 40 done. Time per batch: 0.521[s] Speed: 61.4[samples/s]
2025-12-17 12:58:00,377 MambaPro.train INFO: Validation Results - Epoch: 40
2025-12-17 12:58:00,378 MambaPro.train INFO: Current mAP: 73.9%
2025-12-17 12:58:00,378 MambaPro.train INFO: CMC curve, Rank-1  :77.3%
2025-12-17 12:58:00,378 MambaPro.train INFO: CMC curve, Rank-5  :85.6%
2025-12-17 12:58:00,378 MambaPro.train INFO: CMC curve, Rank-10 :88.5%
2025-12-17 12:58:00,387 MambaPro.train INFO: [Epoch 40] 指标集合列表（历史）
2025-12-17 12:58:00,387 MambaPro.train INFO: history_mAP:{61.5 , 65.7 , 62.4 , 60.4 , 68.8 , 71.1 , 74.8 , 73.9}
2025-12-17 12:58:00,387 MambaPro.train INFO: best_mAP:{74.8}
2025-12-17 12:58:00,388 MambaPro.train INFO: history_Rank-1:{69.0 , 67.6 , 66.3 , 63.8 , 71.2 , 75.0 , 77.5 , 77.3}
2025-12-17 12:58:00,388 MambaPro.train INFO: best_Rank-1:{77.5}
2025-12-17 12:58:00,388 MambaPro.train INFO: history_Rank-5:{80.0 , 78.0 , 78.6 , 73.4 , 82.8 , 84.1 , 86.2 , 85.6}
2025-12-17 12:58:00,388 MambaPro.train INFO: best_Rank-5:{86.2}
2025-12-17 12:58:00,388 MambaPro.train INFO: history_Rank-10:{83.0 , 84.6 , 79.4 , 87.6 , 88.9 , 90.3 , 88.5}
2025-12-17 12:58:00,388 MambaPro.train INFO: best_Rank-10:{90.3}
2025-12-17 12:58:00,388 MambaPro.train INFO: history_Experts:{[1.00] , [1.00] , [1.00] , [1.00] , [1.00] , [1.00] , [1.00] , [1.00]}
2025-12-17 12:58:00,388 MambaPro.train INFO: best_Experts:{[1.00]}
2025-12-17 12:58:00,388 MambaPro.train INFO: 🔥 MoE损失(Val): 平衡=0.0000, 稀疏性=0.0000, 多样性=0.0000, 总=0.0000 (权重: 平衡=0.001, 稀疏性=0.000, 多样性=0.001)
2025-12-17 12:58:00,388 MambaPro.train INFO:    📊 专家权重分布(Val, 1个专家): [1.00]
2025-12-17 12:58:55,628 MambaPro.train INFO: Epoch 41 done. Time per batch: 0.520[s] Speed: 61.6[samples/s]
2025-12-17 12:59:50,831 MambaPro.train INFO: Epoch 42 done. Time per batch: 0.521[s] Speed: 61.4[samples/s]
2025-12-17 13:00:46,827 MambaPro.train INFO: Epoch 43 done. Time per batch: 0.523[s] Speed: 61.1[samples/s]
2025-12-17 13:01:42,241 MambaPro.train INFO: Epoch 44 done. Time per batch: 0.523[s] Speed: 61.2[samples/s]
2025-12-17 13:02:38,419 MambaPro.train INFO: Epoch 45 done. Time per batch: 0.525[s] Speed: 60.9[samples/s]
2025-12-17 13:02:57,601 MambaPro.train INFO: Validation Results - Epoch: 45
2025-12-17 13:02:57,601 MambaPro.train INFO: Current mAP: 74.4%
2025-12-17 13:02:57,601 MambaPro.train INFO: CMC curve, Rank-1  :77.4%
2025-12-17 13:02:57,601 MambaPro.train INFO: CMC curve, Rank-5  :84.9%
2025-12-17 13:02:57,601 MambaPro.train INFO: CMC curve, Rank-10 :88.9%
2025-12-17 13:02:57,608 MambaPro.train INFO: [Epoch 45] 指标集合列表（历史）
2025-12-17 13:02:57,608 MambaPro.train INFO: history_mAP:{61.5 , 65.7 , 62.4 , 60.4 , 68.8 , 71.1 , 74.8 , 73.9 , 74.4}
2025-12-17 13:02:57,608 MambaPro.train INFO: best_mAP:{74.8}
2025-12-17 13:02:57,608 MambaPro.train INFO: history_Rank-1:{69.0 , 67.6 , 66.3 , 63.8 , 71.2 , 75.0 , 77.5 , 77.3 , 77.4}
2025-12-17 13:02:57,608 MambaPro.train INFO: best_Rank-1:{77.5}
2025-12-17 13:02:57,608 MambaPro.train INFO: history_Rank-5:{80.0 , 78.0 , 78.6 , 73.4 , 82.8 , 84.1 , 86.2 , 85.6 , 84.9}
2025-12-17 13:02:57,608 MambaPro.train INFO: best_Rank-5:{86.2}
2025-12-17 13:02:57,608 MambaPro.train INFO: history_Rank-10:{83.0 , 84.6 , 79.4 , 87.6 , 88.9 , 90.3 , 88.5}
2025-12-17 13:02:57,608 MambaPro.train INFO: best_Rank-10:{90.3}
2025-12-17 13:02:57,608 MambaPro.train INFO: history_Experts:{[1.00] , [1.00] , [1.00] , [1.00] , [1.00] , [1.00] , [1.00] , [1.00] , [1.00]}
2025-12-17 13:02:57,608 MambaPro.train INFO: best_Experts:{[1.00]}
2025-12-17 13:02:57,608 MambaPro.train INFO: 🔥 MoE损失(Val): 平衡=0.0000, 稀疏性=0.0000, 多样性=0.0000, 总=0.0000 (权重: 平衡=0.001, 稀疏性=0.000, 多样性=0.001)
2025-12-17 13:02:57,608 MambaPro.train INFO:    📊 专家权重分布(Val, 1个专家): [1.00]
2025-12-17 13:03:53,910 MambaPro.train INFO: Epoch 46 done. Time per batch: 0.525[s] Speed: 61.0[samples/s]
2025-12-17 13:04:41,324 MambaPro.train INFO: Epoch 47 done. Time per batch: 0.443[s] Speed: 72.2[samples/s]
2025-12-17 13:05:26,089 MambaPro.train INFO: Epoch 48 done. Time per batch: 0.418[s] Speed: 76.5[samples/s]
2025-12-17 13:06:24,119 MambaPro.train INFO: Epoch 49 done. Time per batch: 0.547[s] Speed: 58.5[samples/s]
2025-12-17 13:07:21,300 MambaPro.train INFO: Epoch 50 done. Time per batch: 0.534[s] Speed: 59.9[samples/s]
2025-12-17 13:07:40,893 MambaPro.train INFO: Validation Results - Epoch: 50
2025-12-17 13:07:40,893 MambaPro.train INFO: Current mAP: 75.3%
2025-12-17 13:07:40,893 MambaPro.train INFO: CMC curve, Rank-1  :77.5%
2025-12-17 13:07:40,893 MambaPro.train INFO: CMC curve, Rank-5  :85.6%
2025-12-17 13:07:40,893 MambaPro.train INFO: CMC curve, Rank-10 :89.1%
2025-12-17 13:07:40,899 MambaPro.train INFO: 🎯 New Best! Saving model...
2025-12-17 13:07:41,374 MambaPro.train INFO: [Epoch 50] 指标集合列表（历史）
2025-12-17 13:07:41,374 MambaPro.train INFO: history_mAP:{61.5 , 65.7 , 62.4 , 60.4 , 68.8 , 71.1 , 74.8 , 73.9 , 74.4 , 75.3}
2025-12-17 13:07:41,374 MambaPro.train INFO: best_mAP:{75.3}
2025-12-17 13:07:41,374 MambaPro.train INFO: history_Rank-1:{69.0 , 67.6 , 66.3 , 63.8 , 71.2 , 75.0 , 77.5 , 77.3 , 77.4}
2025-12-17 13:07:41,374 MambaPro.train INFO: best_Rank-1:{77.5}
2025-12-17 13:07:41,374 MambaPro.train INFO: history_Rank-5:{80.0 , 78.0 , 78.6 , 73.4 , 82.8 , 84.1 , 86.2 , 85.6 , 84.9}
2025-12-17 13:07:41,374 MambaPro.train INFO: best_Rank-5:{86.2}
2025-12-17 13:07:41,374 MambaPro.train INFO: history_Rank-10:{83.0 , 84.6 , 79.4 , 87.6 , 88.9 , 90.3 , 88.5 , 89.1}
2025-12-17 13:07:41,374 MambaPro.train INFO: best_Rank-10:{90.3}
2025-12-17 13:07:41,374 MambaPro.train INFO: history_Experts:{[1.00] , [1.00] , [1.00] , [1.00] , [1.00] , [1.00] , [1.00] , [1.00] , [1.00] , [1.00]}
2025-12-17 13:07:41,374 MambaPro.train INFO: best_Experts:{[1.00]}
2025-12-17 13:07:41,374 MambaPro.train INFO: 🔥 MoE损失(Val): 平衡=0.0000, 稀疏性=0.0000, 多样性=0.0000, 总=0.0000 (权重: 平衡=0.001, 稀疏性=0.000, 多样性=0.001)
2025-12-17 13:07:41,374 MambaPro.train INFO:    📊 专家权重分布(Val, 1个专家): [1.00]
2025-12-17 13:08:37,209 MambaPro.train INFO: Epoch 51 done. Time per batch: 0.520[s] Speed: 61.5[samples/s]
2025-12-17 13:09:34,458 MambaPro.train INFO: Epoch 52 done. Time per batch: 0.540[s] Speed: 59.3[samples/s]
2025-12-17 13:10:43,229 MambaPro.train INFO: Epoch 53 done. Time per batch: 0.643[s] Speed: 49.8[samples/s]
2025-12-17 13:11:40,171 MambaPro.train INFO: Epoch 54 done. Time per batch: 0.532[s] Speed: 60.1[samples/s]
2025-12-17 13:12:36,928 MambaPro.train INFO: Epoch 55 done. Time per batch: 0.535[s] Speed: 59.8[samples/s]
2025-12-17 13:12:56,321 MambaPro.train INFO: Validation Results - Epoch: 55
2025-12-17 13:12:56,321 MambaPro.train INFO: Current mAP: 75.2%
2025-12-17 13:12:56,321 MambaPro.train INFO: CMC curve, Rank-1  :78.0%
2025-12-17 13:12:56,321 MambaPro.train INFO: CMC curve, Rank-5  :86.2%
2025-12-17 13:12:56,321 MambaPro.train INFO: CMC curve, Rank-10 :89.7%
2025-12-17 13:12:56,332 MambaPro.train INFO: [Epoch 55] 指标集合列表（历史）
2025-12-17 13:12:56,332 MambaPro.train INFO: history_mAP:{61.5 , 65.7 , 62.4 , 60.4 , 68.8 , 71.1 , 74.8 , 73.9 , 74.4 , 75.3 , 75.2}
2025-12-17 13:12:56,332 MambaPro.train INFO: best_mAP:{75.3}
2025-12-17 13:12:56,332 MambaPro.train INFO: history_Rank-1:{69.0 , 67.6 , 66.3 , 63.8 , 71.2 , 75.0 , 77.5 , 77.3 , 77.4 , 78.0}
2025-12-17 13:12:56,332 MambaPro.train INFO: best_Rank-1:{77.5}
2025-12-17 13:12:56,332 MambaPro.train INFO: history_Rank-5:{80.0 , 78.0 , 78.6 , 73.4 , 82.8 , 84.1 , 86.2 , 85.6 , 84.9}
2025-12-17 13:12:56,332 MambaPro.train INFO: best_Rank-5:{86.2}
2025-12-17 13:12:56,332 MambaPro.train INFO: history_Rank-10:{83.0 , 84.6 , 79.4 , 87.6 , 88.9 , 90.3 , 88.5 , 89.1 , 89.7}
2025-12-17 13:12:56,332 MambaPro.train INFO: best_Rank-10:{90.3}
2025-12-17 13:12:56,332 MambaPro.train INFO: history_Experts:{[1.00] , [1.00] , [1.00] , [1.00] , [1.00] , [1.00] , [1.00] , [1.00] , [1.00] , [1.00] , [1.00]}
2025-12-17 13:12:56,332 MambaPro.train INFO: best_Experts:{[1.00]}
2025-12-17 13:12:56,332 MambaPro.train INFO: 🔥 MoE损失(Val): 平衡=0.0000, 稀疏性=0.0000, 多样性=0.0000, 总=0.0000 (权重: 平衡=0.001, 稀疏性=0.000, 多样性=0.001)
2025-12-17 13:12:56,332 MambaPro.train INFO:    📊 专家权重分布(Val, 1个专家): [1.00]
2025-12-17 13:13:53,181 MambaPro.train INFO: Epoch 56 done. Time per batch: 0.535[s] Speed: 59.8[samples/s]
2025-12-17 13:14:50,522 MambaPro.train INFO: Epoch 57 done. Time per batch: 0.536[s] Speed: 59.7[samples/s]
2025-12-17 13:15:47,807 MambaPro.train INFO: Epoch 58 done. Time per batch: 0.535[s] Speed: 59.8[samples/s]
2025-12-17 13:16:44,744 MambaPro.train INFO: Epoch 59 done. Time per batch: 0.532[s] Speed: 60.1[samples/s]
2025-12-17 13:17:41,578 MambaPro.train INFO: Epoch 60 done. Time per batch: 0.536[s] Speed: 59.7[samples/s]
2025-12-17 13:18:01,867 MambaPro.train INFO: Validation Results - Epoch: 60
2025-12-17 13:18:01,867 MambaPro.train INFO: Current mAP: 75.1%
2025-12-17 13:18:01,867 MambaPro.train INFO: CMC curve, Rank-1  :78.0%
2025-12-17 13:18:01,867 MambaPro.train INFO: CMC curve, Rank-5  :86.2%
2025-12-17 13:18:01,867 MambaPro.train INFO: CMC curve, Rank-10 :89.4%
2025-12-17 13:18:01,874 MambaPro.train INFO: [Epoch 60] 指标集合列表（历史）
2025-12-17 13:18:01,874 MambaPro.train INFO: history_mAP:{61.5 , 65.7 , 62.4 , 60.4 , 68.8 , 71.1 , 74.8 , 73.9 , 74.4 , 75.3 , 75.2 , 75.1}
2025-12-17 13:18:01,874 MambaPro.train INFO: best_mAP:{75.3}
2025-12-17 13:18:01,874 MambaPro.train INFO: history_Rank-1:{69.0 , 67.6 , 66.3 , 63.8 , 71.2 , 75.0 , 77.5 , 77.3 , 77.4 , 78.0}
2025-12-17 13:18:01,874 MambaPro.train INFO: best_Rank-1:{77.5}
2025-12-17 13:18:01,874 MambaPro.train INFO: history_Rank-5:{80.0 , 78.0 , 78.6 , 73.4 , 82.8 , 84.1 , 86.2 , 85.6 , 84.9}
2025-12-17 13:18:01,874 MambaPro.train INFO: best_Rank-5:{86.2}
2025-12-17 13:18:01,874 MambaPro.train INFO: history_Rank-10:{83.0 , 84.6 , 79.4 , 87.6 , 88.9 , 90.3 , 88.5 , 89.1 , 89.7 , 89.4}
2025-12-17 13:18:01,874 MambaPro.train INFO: best_Rank-10:{90.3}
2025-12-17 13:18:01,874 MambaPro.train INFO: history_Experts:{[1.00] , [1.00] , [1.00] , [1.00] , [1.00] , [1.00] , [1.00] , [1.00] , [1.00] , [1.00] , [1.00] , [1.00]}
2025-12-17 13:18:01,874 MambaPro.train INFO: best_Experts:{[1.00]}
2025-12-17 13:18:01,874 MambaPro.train INFO: 🔥 MoE损失(Val): 平衡=0.0000, 稀疏性=0.0000, 多样性=0.0000, 总=0.0000 (权重: 平衡=0.001, 稀疏性=0.000, 多样性=0.001)
2025-12-17 13:18:01,874 MambaPro.train INFO:    📊 专家权重分布(Val, 1个专家): [1.00]
2025-12-17 13:18:02,023 MambaPro.train INFO: ============================================================
