2025-12-12 03:21:54,329 MambaPro INFO: ================================================================================
2025-12-12 03:21:54,329 MambaPro INFO: 🧾 实验参数快照（命令行 + 最终配置）
2025-12-12 03:21:54,330 MambaPro INFO: ================================================================================
2025-12-12 03:21:54,330 MambaPro INFO: 【复现实验命令】
2025-12-12 03:21:54,330 MambaPro INFO: /home/zubuntu/miniconda/envs/MambaPro/bin/python train_net.py --config_file mybest_model/experiment_20251013_110028/configs/experiment_config.yml OUTPUT_DIR ./outputs/replay_best_tml
2025-12-12 03:21:54,330 MambaPro INFO: 【命令行参数（args）】
2025-12-12 03:21:54,330 MambaPro INFO: {
2025-12-12 03:21:54,330 MambaPro INFO:   "config_file": "mybest_model/experiment_20251013_110028/configs/experiment_config.yml",
2025-12-12 03:21:54,330 MambaPro INFO:   "fea_cft": 0,
2025-12-12 03:21:54,330 MambaPro INFO:   "opts": [
2025-12-12 03:21:54,330 MambaPro INFO:     "OUTPUT_DIR",
2025-12-12 03:21:54,330 MambaPro INFO:     "./outputs/replay_best_tml"
2025-12-12 03:21:54,330 MambaPro INFO:   ],
2025-12-12 03:21:54,330 MambaPro INFO:   "local_rank": 0,
2025-12-12 03:21:54,330 MambaPro INFO:   "use_multi_scale": false,
2025-12-12 03:21:54,330 MambaPro INFO:   "no_multi_scale": false,
2025-12-12 03:21:54,330 MambaPro INFO:   "use_moe": false,
2025-12-12 03:21:54,330 MambaPro INFO:   "disable_moe": false,
2025-12-12 03:21:54,330 MambaPro INFO:   "no_moe": false,
2025-12-12 03:21:54,330 MambaPro INFO:   "use_attention": false,
2025-12-12 03:21:54,330 MambaPro INFO:   "disable_attention": false,
2025-12-12 03:21:54,330 MambaPro INFO:   "attention_heads": 8,
2025-12-12 03:21:54,330 MambaPro INFO:   "attention_dropout": 0.1
2025-12-12 03:21:54,330 MambaPro INFO: }
2025-12-12 03:21:54,330 MambaPro INFO: 【工作目录】/home/zubuntu/workspace/yzy/MambaPro
2025-12-12 03:21:54,330 MambaPro INFO: 【最终配置（YAML）】
2025-12-12 03:21:54,332 MambaPro INFO: DATALOADER:
2025-12-12 03:21:54,332 MambaPro INFO:   NUM_INSTANCE: 8
2025-12-12 03:21:54,332 MambaPro INFO:   NUM_WORKERS: 8
2025-12-12 03:21:54,332 MambaPro INFO:   SAMPLER: softmax_triplet
2025-12-12 03:21:54,332 MambaPro INFO: DATASETS:
2025-12-12 03:21:54,332 MambaPro INFO:   NAMES: RGBNT201
2025-12-12 03:21:54,332 MambaPro INFO:   ROOT_DIR: /home/zubuntu/workspace/yzy/MambaPro/data/
2025-12-12 03:21:54,332 MambaPro INFO: INPUT:
2025-12-12 03:21:54,332 MambaPro INFO:   PADDING: 10
2025-12-12 03:21:54,332 MambaPro INFO:   PIXEL_MEAN:
2025-12-12 03:21:54,333 MambaPro INFO:   - 0.5
2025-12-12 03:21:54,333 MambaPro INFO:   - 0.5
2025-12-12 03:21:54,333 MambaPro INFO:   - 0.5
2025-12-12 03:21:54,333 MambaPro INFO:   PIXEL_STD:
2025-12-12 03:21:54,333 MambaPro INFO:   - 0.5
2025-12-12 03:21:54,333 MambaPro INFO:   - 0.5
2025-12-12 03:21:54,333 MambaPro INFO:   - 0.5
2025-12-12 03:21:54,333 MambaPro INFO:   PROB: 0.5
2025-12-12 03:21:54,333 MambaPro INFO:   RE_PROB: 0.5
2025-12-12 03:21:54,333 MambaPro INFO:   SIZE_TEST:
2025-12-12 03:21:54,333 MambaPro INFO:   - 256
2025-12-12 03:21:54,333 MambaPro INFO:   - 128
2025-12-12 03:21:54,333 MambaPro INFO:   SIZE_TRAIN:
2025-12-12 03:21:54,333 MambaPro INFO:   - 256
2025-12-12 03:21:54,333 MambaPro INFO:   - 128
2025-12-12 03:21:54,333 MambaPro INFO: MODEL:
2025-12-12 03:21:54,333 MambaPro INFO:   ADAPTER: true
2025-12-12 03:21:54,333 MambaPro INFO:   ATTENTION_DIM: 512
2025-12-12 03:21:54,333 MambaPro INFO:   ATTENTION_DROPOUT: 0.1
2025-12-12 03:21:54,333 MambaPro INFO:   ATTENTION_NUM_HEADS: 8
2025-12-12 03:21:54,333 MambaPro INFO:   ATT_DROP_RATE: 0.0
2025-12-12 03:21:54,333 MambaPro INFO:   CLIP_MULTI_SCALE_SCALES:
2025-12-12 03:21:54,333 MambaPro INFO:   - 4
2025-12-12 03:21:54,333 MambaPro INFO:   - 8
2025-12-12 03:21:54,333 MambaPro INFO:   - 16
2025-12-12 03:21:54,333 MambaPro INFO:   DEVICE: cuda
2025-12-12 03:21:54,333 MambaPro INFO:   DEVICE_ID: '0'
2025-12-12 03:21:54,333 MambaPro INFO:   DIRECT: 1
2025-12-12 03:21:54,333 MambaPro INFO:   DIST_TRAIN: false
2025-12-12 03:21:54,333 MambaPro INFO:   DROP_OUT: 0.0
2025-12-12 03:21:54,333 MambaPro INFO:   DROP_PATH: 0.1
2025-12-12 03:21:54,333 MambaPro INFO:   FLOPS_TEST: false
2025-12-12 03:21:54,333 MambaPro INFO:   FROZEN: true
2025-12-12 03:21:54,333 MambaPro INFO:   GATE_DROPOUT: 0.1
2025-12-12 03:21:54,333 MambaPro INFO:   ID_LOSS_TYPE: softmax
2025-12-12 03:21:54,333 MambaPro INFO:   ID_LOSS_WEIGHT: 0.25
2025-12-12 03:21:54,333 MambaPro INFO:   IF_LABELSMOOTH: 'on'
2025-12-12 03:21:54,333 MambaPro INFO:   IF_WITH_CENTER: 'no'
2025-12-12 03:21:54,333 MambaPro INFO:   LAYER: -1
2025-12-12 03:21:54,333 MambaPro INFO:   MAMBA: true
2025-12-12 03:21:54,333 MambaPro INFO:   MAMBA_BI: false
2025-12-12 03:21:54,333 MambaPro INFO:   METRIC_LOSS_TYPE: triplet
2025-12-12 03:21:54,333 MambaPro INFO:   MOE_BALANCE_LOSS_WEIGHT: 0.01
2025-12-12 03:21:54,333 MambaPro INFO:   MOE_DIVERSITY_LOSS_WEIGHT: 0.01
2025-12-12 03:21:54,333 MambaPro INFO:   MOE_EXPERT_DROPOUT: 0.1
2025-12-12 03:21:54,333 MambaPro INFO:   MOE_EXPERT_HIDDEN_DIM: 1024
2025-12-12 03:21:54,333 MambaPro INFO:   MOE_EXPERT_LAYERS: 2
2025-12-12 03:21:54,333 MambaPro INFO:   MOE_EXPERT_THRESHOLD: 0.1
2025-12-12 03:21:54,333 MambaPro INFO:   MOE_FIXED_WEIGHTS:
2025-12-12 03:21:54,333 MambaPro INFO:   - 0.33
2025-12-12 03:21:54,333 MambaPro INFO:   - 0.33
2025-12-12 03:21:54,333 MambaPro INFO:   - 0.34
2025-12-12 03:21:54,333 MambaPro INFO:   MOE_GATE_DROPOUT: 0.1
2025-12-12 03:21:54,333 MambaPro INFO:   MOE_GATE_LAYERS: 2
2025-12-12 03:21:54,333 MambaPro INFO:   MOE_INIT_WEIGHTS: null
2025-12-12 03:21:54,333 MambaPro INFO:   MOE_NUM_EXPERTS: 3
2025-12-12 03:21:54,333 MambaPro INFO:   MOE_RESIDUAL_WEIGHT: 1.0
2025-12-12 03:21:54,333 MambaPro INFO:   MOE_SCALES:
2025-12-12 03:21:54,333 MambaPro INFO:   - 4
2025-12-12 03:21:54,333 MambaPro INFO:   - 8
2025-12-12 03:21:54,333 MambaPro INFO:   - 16
2025-12-12 03:21:54,333 MambaPro INFO:   MOE_SPARSITY_LOSS_WEIGHT: 0.001
2025-12-12 03:21:54,333 MambaPro INFO:   MOE_TEMPERATURE: 0.7
2025-12-12 03:21:54,333 MambaPro INFO:   MOE_TOP_K: 2
2025-12-12 03:21:54,333 MambaPro INFO:   MOE_TOP_K_MODE: soft
2025-12-12 03:21:54,333 MambaPro INFO:   MOE_USE_FIXED_WEIGHTS: false
2025-12-12 03:21:54,333 MambaPro INFO:   MOE_USE_TOP_K_ROUTING: false
2025-12-12 03:21:54,333 MambaPro INFO:   MULTI_SCALE_SCALES:
2025-12-12 03:21:54,333 MambaPro INFO:   - 4
2025-12-12 03:21:54,333 MambaPro INFO:   - 8
2025-12-12 03:21:54,333 MambaPro INFO:   - 16
2025-12-12 03:21:54,333 MambaPro INFO:   NAME: MambaPro
2025-12-12 03:21:54,333 MambaPro INFO:   NECK: bnneck
2025-12-12 03:21:54,333 MambaPro INFO:   NO_MARGIN: true
2025-12-12 03:21:54,333 MambaPro INFO:   PREFIX_NUM: 1
2025-12-12 03:21:54,333 MambaPro INFO:   PRETRAIN_PATH_T: /home/zubuntu/workspace/yzy/MambaPro/pths/ViT-B-16.pt
2025-12-12 03:21:54,333 MambaPro INFO:   PROMPT: true
2025-12-12 03:21:54,333 MambaPro INFO:   SIE_CAMERA: true
2025-12-12 03:21:54,333 MambaPro INFO:   SIE_COE: 1.0
2025-12-12 03:21:54,333 MambaPro INFO:   SIE_VIEW: false
2025-12-12 03:21:54,333 MambaPro INFO:   STRIDE_SIZE:
2025-12-12 03:21:54,333 MambaPro INFO:   - 16
2025-12-12 03:21:54,333 MambaPro INFO:   - 16
2025-12-12 03:21:54,333 MambaPro INFO:   TRANSFORMER_TYPE: ViT-B-16
2025-12-12 03:21:54,333 MambaPro INFO:   TRIPLET_LOSS_WEIGHT: 1.0
2025-12-12 03:21:54,333 MambaPro INFO:   USE_ATTENTION_FUSION: false
2025-12-12 03:21:54,333 MambaPro INFO:   USE_CLIP_MULTI_SCALE: true
2025-12-12 03:21:54,333 MambaPro INFO:   USE_GATE_FUSION: false
2025-12-12 03:21:54,333 MambaPro INFO:   USE_MULTI_SCALE: false
2025-12-12 03:21:54,333 MambaPro INFO:   USE_MULTI_SCALE_MOE: true
2025-12-12 03:21:54,333 MambaPro INFO: OUTPUT_DIR: ./outputs/replay_best_tml/run_20251212_032154
2025-12-12 03:21:54,333 MambaPro INFO: SOLVER:
2025-12-12 03:21:54,333 MambaPro INFO:   BASE_LR: 0.0005
2025-12-12 03:21:54,333 MambaPro INFO:   BIAS_LR_FACTOR: 2
2025-12-12 03:21:54,333 MambaPro INFO:   CENTER_LOSS_WEIGHT: 0.0005
2025-12-12 03:21:54,333 MambaPro INFO:   CENTER_LR: 0.5
2025-12-12 03:21:54,333 MambaPro INFO:   CHECKPOINT_PERIOD: 10
2025-12-12 03:21:54,333 MambaPro INFO:   CLUSTER_MARGIN: 0.3
2025-12-12 03:21:54,333 MambaPro INFO:   COSINE_MARGIN: 0.5
2025-12-12 03:21:54,334 MambaPro INFO:   COSINE_SCALE: 30
2025-12-12 03:21:54,334 MambaPro INFO:   EVAL_PERIOD: 5
2025-12-12 03:21:54,334 MambaPro INFO:   GAMMA: 0.1
2025-12-12 03:21:54,334 MambaPro INFO:   IMS_PER_BATCH: 32
2025-12-12 03:21:54,334 MambaPro INFO:   LARGE_FC_LR: false
2025-12-12 03:21:54,334 MambaPro INFO:   LOG_PERIOD: 10
2025-12-12 03:21:54,334 MambaPro INFO:   MARGIN: 0.3
2025-12-12 03:21:54,334 MambaPro INFO:   MAX_EPOCHS: 60
2025-12-12 03:21:54,334 MambaPro INFO:   MOE_BALANCE_LOSS_WEIGHT: 0.001
2025-12-12 03:21:54,334 MambaPro INFO:   MOE_BALANCE_LOSS_WEIGHT_END: 0.1
2025-12-12 03:21:54,334 MambaPro INFO:   MOE_BALANCE_LOSS_WEIGHT_START: 0.001
2025-12-12 03:21:54,334 MambaPro INFO:   MOE_BALANCE_THRESHOLD: 0.3
2025-12-12 03:21:54,334 MambaPro INFO:   MOE_DIVERSITY_LOSS_WEIGHT: 0.001
2025-12-12 03:21:54,334 MambaPro INFO:   MOE_DIVERSITY_LOSS_WEIGHT_END: 0.1
2025-12-12 03:21:54,334 MambaPro INFO:   MOE_DIVERSITY_LOSS_WEIGHT_START: 0.001
2025-12-12 03:21:54,334 MambaPro INFO:   MOE_GATE_LR_FACTOR: 0.01
2025-12-12 03:21:54,334 MambaPro INFO:   MOE_LOSS_WEIGHT_SCHEDULE_TYPE: cosine
2025-12-12 03:21:54,334 MambaPro INFO:   MOE_LOSS_WEIGHT_WARMUP_EPOCHS: 5
2025-12-12 03:21:54,334 MambaPro INFO:   MOE_SPARSITY_LOSS_WEIGHT: 0.0001
2025-12-12 03:21:54,334 MambaPro INFO:   MOE_USE_DYNAMIC_LOSS_WEIGHT: false
2025-12-12 03:21:54,334 MambaPro INFO:   MOMENTUM: 0.9
2025-12-12 03:21:54,334 MambaPro INFO:   OPTIMIZER_NAME: Adam
2025-12-12 03:21:54,334 MambaPro INFO:   RANGE_ALPHA: 0
2025-12-12 03:21:54,334 MambaPro INFO:   RANGE_BETA: 1
2025-12-12 03:21:54,334 MambaPro INFO:   RANGE_K: 2
2025-12-12 03:21:54,334 MambaPro INFO:   RANGE_LOSS_WEIGHT: 1
2025-12-12 03:21:54,334 MambaPro INFO:   RANGE_MARGIN: 0.3
2025-12-12 03:21:54,334 MambaPro INFO:   SEED: 42
2025-12-12 03:21:54,334 MambaPro INFO:   STEPS:
2025-12-12 03:21:54,334 MambaPro INFO:   - 30
2025-12-12 03:21:54,334 MambaPro INFO:   - 50
2025-12-12 03:21:54,334 MambaPro INFO:   WARMUP_FACTOR: 0.01
2025-12-12 03:21:54,334 MambaPro INFO:   WARMUP_ITERS: 20
2025-12-12 03:21:54,334 MambaPro INFO:   WARMUP_METHOD: linear
2025-12-12 03:21:54,334 MambaPro INFO:   WEIGHT_DECAY: 0.0005
2025-12-12 03:21:54,334 MambaPro INFO:   WEIGHT_DECAY_BIAS: 0.0005
2025-12-12 03:21:54,334 MambaPro INFO: TEST:
2025-12-12 03:21:54,334 MambaPro INFO:   FEAT: 0
2025-12-12 03:21:54,334 MambaPro INFO:   FEAT_NORM: 'yes'
2025-12-12 03:21:54,334 MambaPro INFO:   IMS_PER_BATCH: 64
2025-12-12 03:21:54,334 MambaPro INFO:   MISS: nothing
2025-12-12 03:21:54,334 MambaPro INFO:   NECK_FEAT: after
2025-12-12 03:21:54,334 MambaPro INFO:   RE_RANKING: 'no'
2025-12-12 03:21:54,334 MambaPro INFO:   WEIGHT: /home/zubuntu/workspace/yzy/MambaPro/pths/MambaProbest.pth
2025-12-12 03:21:54,334 MambaPro INFO: ================================================================================
2025-12-12 03:21:56,343 MambaPro.train INFO: start training
2025-12-12 03:22:16,504 MambaPro.train INFO: Epoch 1 done. Time per batch: 0.188[s] Speed: 170.0[samples/s]
2025-12-12 03:22:36,322 MambaPro.train INFO: Epoch 2 done. Time per batch: 0.185[s] Speed: 172.8[samples/s]
2025-12-12 03:22:56,283 MambaPro.train INFO: Epoch 3 done. Time per batch: 0.187[s] Speed: 171.5[samples/s]
2025-12-12 03:23:16,535 MambaPro.train INFO: Epoch 4 done. Time per batch: 0.189[s] Speed: 169.1[samples/s]
2025-12-12 03:23:36,356 MambaPro.train INFO: Epoch 5 done. Time per batch: 0.185[s] Speed: 172.8[samples/s]
2025-12-12 03:23:43,917 MambaPro.train INFO: Validation Results - Epoch: 5
2025-12-12 03:23:43,917 MambaPro.train INFO: Current mAP: 57.9%
2025-12-12 03:23:43,917 MambaPro.train INFO: CMC curve, Rank-1  :60.8%
2025-12-12 03:23:43,917 MambaPro.train INFO: CMC curve, Rank-5  :76.3%
2025-12-12 03:23:43,917 MambaPro.train INFO: CMC curve, Rank-10 :83.3%
2025-12-12 03:23:43,918 MambaPro.train INFO: 🎯 New Best! Saving model...
2025-12-12 03:23:44,333 MambaPro.train INFO: [Epoch 5] 指标集合列表（历史）
2025-12-12 03:23:44,333 MambaPro.train INFO: history_mAP:{57.9}
2025-12-12 03:23:44,333 MambaPro.train INFO: best_mAP:{57.9}
2025-12-12 03:23:44,333 MambaPro.train INFO: history_Rank-1:{60.8}
2025-12-12 03:23:44,333 MambaPro.train INFO: best_Rank-1:{60.8}
2025-12-12 03:23:44,333 MambaPro.train INFO: history_Rank-5:{76.3}
2025-12-12 03:23:44,333 MambaPro.train INFO: best_Rank-5:{76.3}
2025-12-12 03:23:44,333 MambaPro.train INFO: history_Rank-10:{83.3}
2025-12-12 03:23:44,333 MambaPro.train INFO: best_Rank-10:{83.3}
2025-12-12 03:23:44,333 MambaPro.train INFO: history_Experts:{[0.36 , 0.34 , 0.31]}
2025-12-12 03:23:44,333 MambaPro.train INFO: best_Experts:{[0.36 , 0.34 , 0.31]}
2025-12-12 03:23:44,333 MambaPro.train INFO: 🔥 MoE损失(Val): 平衡=0.0000, 稀疏性=0.9983, 多样性=2.6535, 总=0.0028 (权重: 平衡=0.001, 稀疏性=0.000, 多样性=0.001)
2025-12-12 03:23:44,333 MambaPro.train INFO:    📊 专家权重分布(Val): [0.36 , 0.34 , 0.31]
2025-12-12 03:24:04,401 MambaPro.train INFO: Epoch 6 done. Time per batch: 0.186[s] Speed: 171.8[samples/s]
2025-12-12 03:24:24,257 MambaPro.train INFO: Epoch 7 done. Time per batch: 0.186[s] Speed: 172.4[samples/s]
2025-12-12 03:24:44,192 MambaPro.train INFO: Epoch 8 done. Time per batch: 0.186[s] Speed: 171.8[samples/s]
2025-12-12 03:25:04,108 MambaPro.train INFO: Epoch 9 done. Time per batch: 0.186[s] Speed: 171.9[samples/s]
2025-12-12 03:25:24,024 MambaPro.train INFO: Epoch 10 done. Time per batch: 0.186[s] Speed: 171.9[samples/s]
2025-12-12 03:25:31,961 MambaPro.train INFO: Validation Results - Epoch: 10
2025-12-12 03:25:31,961 MambaPro.train INFO: Current mAP: 55.3%
2025-12-12 03:25:31,961 MambaPro.train INFO: CMC curve, Rank-1  :59.1%
2025-12-12 03:25:31,961 MambaPro.train INFO: CMC curve, Rank-5  :74.5%
2025-12-12 03:25:31,961 MambaPro.train INFO: CMC curve, Rank-10 :83.6%
2025-12-12 03:25:31,962 MambaPro.train INFO: [Epoch 10] 指标集合列表（历史）
2025-12-12 03:25:31,962 MambaPro.train INFO: history_mAP:{57.9 , 55.3}
2025-12-12 03:25:31,962 MambaPro.train INFO: best_mAP:{57.9}
2025-12-12 03:25:31,962 MambaPro.train INFO: history_Rank-1:{60.8 , 59.1}
2025-12-12 03:25:31,962 MambaPro.train INFO: best_Rank-1:{60.8}
2025-12-12 03:25:31,962 MambaPro.train INFO: history_Rank-5:{76.3 , 74.5}
2025-12-12 03:25:31,962 MambaPro.train INFO: best_Rank-5:{76.3}
2025-12-12 03:25:31,962 MambaPro.train INFO: history_Rank-10:{83.3 , 83.6}
2025-12-12 03:25:31,962 MambaPro.train INFO: best_Rank-10:{83.3}
2025-12-12 03:25:31,962 MambaPro.train INFO: history_Experts:{[0.36 , 0.34 , 0.31] , [0.37 , 0.34 , 0.29]}
2025-12-12 03:25:31,962 MambaPro.train INFO: best_Experts:{[0.36 , 0.34 , 0.31]}
2025-12-12 03:25:31,962 MambaPro.train INFO: 🔥 MoE损失(Val): 平衡=0.0000, 稀疏性=0.9958, 多样性=2.6332, 总=0.0027 (权重: 平衡=0.001, 稀疏性=0.000, 多样性=0.001)
2025-12-12 03:25:31,962 MambaPro.train INFO:    📊 专家权重分布(Val): [0.37 , 0.34 , 0.29]
2025-12-12 03:25:51,866 MambaPro.train INFO: Epoch 11 done. Time per batch: 0.187[s] Speed: 171.6[samples/s]
2025-12-12 03:26:11,892 MambaPro.train INFO: Epoch 12 done. Time per batch: 0.187[s] Speed: 171.0[samples/s]
2025-12-12 03:26:31,891 MambaPro.train INFO: Epoch 13 done. Time per batch: 0.187[s] Speed: 171.2[samples/s]
2025-12-12 03:26:51,803 MambaPro.train INFO: Epoch 14 done. Time per batch: 0.186[s] Speed: 172.0[samples/s]
2025-12-12 03:27:11,715 MambaPro.train INFO: Epoch 15 done. Time per batch: 0.186[s] Speed: 172.0[samples/s]
2025-12-12 03:27:19,175 MambaPro.train INFO: Validation Results - Epoch: 15
2025-12-12 03:27:19,175 MambaPro.train INFO: Current mAP: 62.0%
2025-12-12 03:27:19,175 MambaPro.train INFO: CMC curve, Rank-1  :62.9%
2025-12-12 03:27:19,175 MambaPro.train INFO: CMC curve, Rank-5  :75.5%
2025-12-12 03:27:19,175 MambaPro.train INFO: CMC curve, Rank-10 :81.6%
2025-12-12 03:27:19,176 MambaPro.train INFO: 🎯 New Best! Saving model...
2025-12-12 03:27:19,788 MambaPro.train INFO: [Epoch 15] 指标集合列表（历史）
2025-12-12 03:27:19,789 MambaPro.train INFO: history_mAP:{57.9 , 55.3 , 62.0}
2025-12-12 03:27:19,789 MambaPro.train INFO: best_mAP:{62.0}
2025-12-12 03:27:19,789 MambaPro.train INFO: history_Rank-1:{60.8 , 59.1 , 62.9}
2025-12-12 03:27:19,789 MambaPro.train INFO: best_Rank-1:{62.9}
2025-12-12 03:27:19,789 MambaPro.train INFO: history_Rank-5:{76.3 , 74.5 , 75.5}
2025-12-12 03:27:19,789 MambaPro.train INFO: best_Rank-5:{76.3}
2025-12-12 03:27:19,789 MambaPro.train INFO: history_Rank-10:{83.3 , 83.6 , 81.6}
2025-12-12 03:27:19,789 MambaPro.train INFO: best_Rank-10:{83.3}
2025-12-12 03:27:19,789 MambaPro.train INFO: history_Experts:{[0.36 , 0.34 , 0.31] , [0.37 , 0.34 , 0.29] , [0.41 , 0.33 , 0.25]}
2025-12-12 03:27:19,789 MambaPro.train INFO: best_Experts:{[0.41 , 0.33 , 0.25]}
2025-12-12 03:27:19,790 MambaPro.train INFO: 🔥 MoE损失(Val): 平衡=0.0000, 稀疏性=0.9808, 多样性=2.5186, 总=0.0026 (权重: 平衡=0.001, 稀疏性=0.000, 多样性=0.001)
2025-12-12 03:27:19,790 MambaPro.train INFO:    📊 专家权重分布(Val): [0.41 , 0.33 , 0.25]
2025-12-12 03:27:39,901 MambaPro.train INFO: Epoch 16 done. Time per batch: 0.187[s] Speed: 171.5[samples/s]
2025-12-12 03:27:59,866 MambaPro.train INFO: Epoch 17 done. Time per batch: 0.187[s] Speed: 171.5[samples/s]
2025-12-12 03:28:19,720 MambaPro.train INFO: Epoch 18 done. Time per batch: 0.187[s] Speed: 170.8[samples/s]
2025-12-12 03:28:39,686 MambaPro.train INFO: Epoch 19 done. Time per batch: 0.187[s] Speed: 171.5[samples/s]
2025-12-12 03:28:59,645 MambaPro.train INFO: Epoch 20 done. Time per batch: 0.187[s] Speed: 171.6[samples/s]
2025-12-12 03:29:07,601 MambaPro.train INFO: Validation Results - Epoch: 20
2025-12-12 03:29:07,601 MambaPro.train INFO: Current mAP: 54.9%
2025-12-12 03:29:07,601 MambaPro.train INFO: CMC curve, Rank-1  :58.7%
2025-12-12 03:29:07,601 MambaPro.train INFO: CMC curve, Rank-5  :76.0%
2025-12-12 03:29:07,601 MambaPro.train INFO: CMC curve, Rank-10 :84.7%
2025-12-12 03:29:07,601 MambaPro.train INFO: [Epoch 20] 指标集合列表（历史）
2025-12-12 03:29:07,601 MambaPro.train INFO: history_mAP:{57.9 , 55.3 , 62.0 , 54.9}
2025-12-12 03:29:07,601 MambaPro.train INFO: best_mAP:{62.0}
2025-12-12 03:29:07,601 MambaPro.train INFO: history_Rank-1:{60.8 , 59.1 , 62.9 , 58.7}
2025-12-12 03:29:07,601 MambaPro.train INFO: best_Rank-1:{62.9}
2025-12-12 03:29:07,602 MambaPro.train INFO: history_Rank-5:{76.3 , 74.5 , 75.5 , 76.0}
2025-12-12 03:29:07,602 MambaPro.train INFO: best_Rank-5:{76.3}
2025-12-12 03:29:07,602 MambaPro.train INFO: history_Rank-10:{83.3 , 83.6 , 81.6 , 84.7}
2025-12-12 03:29:07,602 MambaPro.train INFO: best_Rank-10:{83.3}
2025-12-12 03:29:07,602 MambaPro.train INFO: history_Experts:{[0.36 , 0.34 , 0.31] , [0.37 , 0.34 , 0.29] , [0.41 , 0.33 , 0.25] , [0.60 , 0.24 , 0.16]}
2025-12-12 03:29:07,602 MambaPro.train INFO: best_Experts:{[0.41 , 0.33 , 0.25]}
2025-12-12 03:29:07,602 MambaPro.train INFO: 🔥 MoE损失(Val): 平衡=0.1011, 稀疏性=0.8332, 多样性=1.6663, 总=0.0019 (权重: 平衡=0.001, 稀疏性=0.000, 多样性=0.001)
2025-12-12 03:29:07,602 MambaPro.train INFO:    📊 专家权重分布(Val): [0.60 , 0.24 , 0.16]
2025-12-12 03:29:27,523 MambaPro.train INFO: Epoch 21 done. Time per batch: 0.187[s] Speed: 171.4[samples/s]
2025-12-12 03:29:47,573 MambaPro.train INFO: Epoch 22 done. Time per batch: 0.187[s] Speed: 170.8[samples/s]
2025-12-12 03:30:07,499 MambaPro.train INFO: Epoch 23 done. Time per batch: 0.186[s] Speed: 171.8[samples/s]
2025-12-12 03:30:27,454 MambaPro.train INFO: Epoch 24 done. Time per batch: 0.186[s] Speed: 171.6[samples/s]
2025-12-12 03:30:47,158 MambaPro.train INFO: Epoch 25 done. Time per batch: 0.186[s] Speed: 172.2[samples/s]
2025-12-12 03:30:54,638 MambaPro.train INFO: Validation Results - Epoch: 25
2025-12-12 03:30:54,638 MambaPro.train INFO: Current mAP: 72.3%
2025-12-12 03:30:54,638 MambaPro.train INFO: CMC curve, Rank-1  :75.1%
2025-12-12 03:30:54,638 MambaPro.train INFO: CMC curve, Rank-5  :86.7%
2025-12-12 03:30:54,638 MambaPro.train INFO: CMC curve, Rank-10 :91.6%
2025-12-12 03:30:54,639 MambaPro.train INFO: 🎯 New Best! Saving model...
2025-12-12 03:30:55,240 MambaPro.train INFO: [Epoch 25] 指标集合列表（历史）
2025-12-12 03:30:55,240 MambaPro.train INFO: history_mAP:{57.9 , 55.3 , 62.0 , 54.9 , 72.3}
2025-12-12 03:30:55,240 MambaPro.train INFO: best_mAP:{72.3}
2025-12-12 03:30:55,240 MambaPro.train INFO: history_Rank-1:{60.8 , 59.1 , 62.9 , 58.7 , 75.1}
2025-12-12 03:30:55,240 MambaPro.train INFO: best_Rank-1:{75.1}
2025-12-12 03:30:55,240 MambaPro.train INFO: history_Rank-5:{76.3 , 74.5 , 75.5 , 76.0 , 86.7}
2025-12-12 03:30:55,241 MambaPro.train INFO: best_Rank-5:{86.7}
2025-12-12 03:30:55,241 MambaPro.train INFO: history_Rank-10:{83.3 , 83.6 , 81.6 , 84.7 , 91.6}
2025-12-12 03:30:55,241 MambaPro.train INFO: best_Rank-10:{91.6}
2025-12-12 03:30:55,241 MambaPro.train INFO: history_Experts:{[0.36 , 0.34 , 0.31] , [0.37 , 0.34 , 0.29] , [0.41 , 0.33 , 0.25] , [0.60 , 0.24 , 0.16] , [0.80 , 0.12 , 0.09]}
2025-12-12 03:30:55,241 MambaPro.train INFO: best_Experts:{[0.80 , 0.12 , 0.09]}
2025-12-12 03:30:55,241 MambaPro.train INFO: 🔥 MoE损失(Val): 平衡=0.5056, 稀疏性=0.5133, 多样性=0.6937, 总=0.0013 (权重: 平衡=0.001, 稀疏性=0.000, 多样性=0.001)
2025-12-12 03:30:55,241 MambaPro.train INFO:    📊 专家权重分布(Val): [0.80 , 0.12 , 0.09]
2025-12-12 03:31:15,272 MambaPro.train INFO: Epoch 26 done. Time per batch: 0.186[s] Speed: 172.1[samples/s]
2025-12-12 03:31:35,187 MambaPro.train INFO: Epoch 27 done. Time per batch: 0.186[s] Speed: 171.9[samples/s]
2025-12-12 03:31:55,150 MambaPro.train INFO: Epoch 28 done. Time per batch: 0.187[s] Speed: 171.5[samples/s]
2025-12-12 03:32:15,114 MambaPro.train INFO: Epoch 29 done. Time per batch: 0.187[s] Speed: 171.5[samples/s]
2025-12-12 03:32:35,080 MambaPro.train INFO: Epoch 30 done. Time per batch: 0.187[s] Speed: 171.5[samples/s]
2025-12-12 03:32:42,965 MambaPro.train INFO: Validation Results - Epoch: 30
2025-12-12 03:32:42,965 MambaPro.train INFO: Current mAP: 74.8%
2025-12-12 03:32:42,965 MambaPro.train INFO: CMC curve, Rank-1  :77.5%
2025-12-12 03:32:42,965 MambaPro.train INFO: CMC curve, Rank-5  :85.8%
2025-12-12 03:32:42,965 MambaPro.train INFO: CMC curve, Rank-10 :90.7%
2025-12-12 03:32:42,966 MambaPro.train INFO: 🎯 New Best! Saving model...
2025-12-12 03:32:43,558 MambaPro.train INFO: [Epoch 30] 指标集合列表（历史）
2025-12-12 03:32:43,558 MambaPro.train INFO: history_mAP:{57.9 , 55.3 , 62.0 , 54.9 , 72.3 , 74.8}
2025-12-12 03:32:43,558 MambaPro.train INFO: best_mAP:{74.8}
2025-12-12 03:32:43,558 MambaPro.train INFO: history_Rank-1:{60.8 , 59.1 , 62.9 , 58.7 , 75.1 , 77.5}
2025-12-12 03:32:43,558 MambaPro.train INFO: best_Rank-1:{77.5}
2025-12-12 03:32:43,558 MambaPro.train INFO: history_Rank-5:{76.3 , 74.5 , 75.5 , 76.0 , 86.7 , 85.8}
2025-12-12 03:32:43,558 MambaPro.train INFO: best_Rank-5:{86.7}
2025-12-12 03:32:43,558 MambaPro.train INFO: history_Rank-10:{83.3 , 83.6 , 81.6 , 84.7 , 91.6 , 90.7}
2025-12-12 03:32:43,558 MambaPro.train INFO: best_Rank-10:{91.6}
2025-12-12 03:32:43,558 MambaPro.train INFO: history_Experts:{[0.36 , 0.34 , 0.31] , [0.37 , 0.34 , 0.29] , [0.41 , 0.33 , 0.25] , [0.60 , 0.24 , 0.16] , [0.80 , 0.12 , 0.09] , [0.87 , 0.07 , 0.06]}
2025-12-12 03:32:43,558 MambaPro.train INFO: best_Experts:{[0.87 , 0.07 , 0.06]}
2025-12-12 03:32:43,558 MambaPro.train INFO: 🔥 MoE损失(Val): 平衡=0.7321, 稀疏性=0.3586, 多样性=0.4190, 总=0.0012 (权重: 平衡=0.001, 稀疏性=0.000, 多样性=0.001)
2025-12-12 03:32:43,558 MambaPro.train INFO:    📊 专家权重分布(Val): [0.87 , 0.07 , 0.06]
2025-12-12 03:33:03,697 MambaPro.train INFO: Epoch 31 done. Time per batch: 0.187[s] Speed: 171.2[samples/s]
2025-12-12 03:33:23,547 MambaPro.train INFO: Epoch 32 done. Time per batch: 0.187[s] Speed: 170.9[samples/s]
2025-12-12 03:33:43,518 MambaPro.train INFO: Epoch 33 done. Time per batch: 0.187[s] Speed: 171.5[samples/s]
2025-12-12 03:34:03,332 MambaPro.train INFO: Epoch 34 done. Time per batch: 0.187[s] Speed: 171.2[samples/s]
2025-12-12 03:34:23,283 MambaPro.train INFO: Epoch 35 done. Time per batch: 0.186[s] Speed: 171.6[samples/s]
2025-12-12 03:34:30,795 MambaPro.train INFO: Validation Results - Epoch: 35
2025-12-12 03:34:30,795 MambaPro.train INFO: Current mAP: 74.2%
2025-12-12 03:34:30,795 MambaPro.train INFO: CMC curve, Rank-1  :76.4%
2025-12-12 03:34:30,795 MambaPro.train INFO: CMC curve, Rank-5  :85.8%
2025-12-12 03:34:30,795 MambaPro.train INFO: CMC curve, Rank-10 :89.7%
2025-12-12 03:34:30,796 MambaPro.train INFO: [Epoch 35] 指标集合列表（历史）
2025-12-12 03:34:30,796 MambaPro.train INFO: history_mAP:{57.9 , 55.3 , 62.0 , 54.9 , 72.3 , 74.8 , 74.2}
2025-12-12 03:34:30,796 MambaPro.train INFO: best_mAP:{74.8}
2025-12-12 03:34:30,796 MambaPro.train INFO: history_Rank-1:{60.8 , 59.1 , 62.9 , 58.7 , 75.1 , 77.5 , 76.4}
2025-12-12 03:34:30,796 MambaPro.train INFO: best_Rank-1:{77.5}
2025-12-12 03:34:30,796 MambaPro.train INFO: history_Rank-5:{76.3 , 74.5 , 75.5 , 76.0 , 86.7 , 85.8}
2025-12-12 03:34:30,796 MambaPro.train INFO: best_Rank-5:{86.7}
2025-12-12 03:34:30,796 MambaPro.train INFO: history_Rank-10:{83.3 , 83.6 , 81.6 , 84.7 , 91.6 , 90.7 , 89.7}
2025-12-12 03:34:30,796 MambaPro.train INFO: best_Rank-10:{91.6}
2025-12-12 03:34:30,796 MambaPro.train INFO: history_Experts:{[0.36 , 0.34 , 0.31] , [0.37 , 0.34 , 0.29] , [0.41 , 0.33 , 0.25] , [0.60 , 0.24 , 0.16] , [0.80 , 0.12 , 0.09] , [0.87 , 0.07 , 0.06] , [0.90 , 0.05 , 0.04]}
2025-12-12 03:34:30,796 MambaPro.train INFO: best_Experts:{[0.87 , 0.07 , 0.06]}
2025-12-12 03:34:30,796 MambaPro.train INFO: 🔥 MoE损失(Val): 平衡=0.8614, 稀疏性=0.2733, 多样性=0.2971, 总=0.0012 (权重: 平衡=0.001, 稀疏性=0.000, 多样性=0.001)
2025-12-12 03:34:30,796 MambaPro.train INFO:    📊 专家权重分布(Val): [0.90 , 0.05 , 0.04]
2025-12-12 03:34:50,921 MambaPro.train INFO: Epoch 36 done. Time per batch: 0.187[s] Speed: 171.3[samples/s]
2025-12-12 03:35:10,912 MambaPro.train INFO: Epoch 37 done. Time per batch: 0.187[s] Speed: 171.3[samples/s]
2025-12-12 03:35:30,662 MambaPro.train INFO: Epoch 38 done. Time per batch: 0.186[s] Speed: 171.7[samples/s]
2025-12-12 03:35:50,620 MambaPro.train INFO: Epoch 39 done. Time per batch: 0.187[s] Speed: 171.6[samples/s]
2025-12-12 03:36:10,518 MambaPro.train INFO: Epoch 40 done. Time per batch: 0.188[s] Speed: 170.5[samples/s]
2025-12-12 03:36:18,389 MambaPro.train INFO: Validation Results - Epoch: 40
2025-12-12 03:36:18,389 MambaPro.train INFO: Current mAP: 76.6%
2025-12-12 03:36:18,389 MambaPro.train INFO: CMC curve, Rank-1  :80.5%
2025-12-12 03:36:18,389 MambaPro.train INFO: CMC curve, Rank-5  :88.9%
2025-12-12 03:36:18,389 MambaPro.train INFO: CMC curve, Rank-10 :92.6%
2025-12-12 03:36:18,389 MambaPro.train INFO: 🎯 New Best! Saving model...
2025-12-12 03:36:18,987 MambaPro.train INFO: [Epoch 40] 指标集合列表（历史）
2025-12-12 03:36:18,987 MambaPro.train INFO: history_mAP:{57.9 , 55.3 , 62.0 , 54.9 , 72.3 , 74.8 , 74.2 , 76.6}
2025-12-12 03:36:18,987 MambaPro.train INFO: best_mAP:{76.6}
2025-12-12 03:36:18,987 MambaPro.train INFO: history_Rank-1:{60.8 , 59.1 , 62.9 , 58.7 , 75.1 , 77.5 , 76.4 , 80.5}
2025-12-12 03:36:18,987 MambaPro.train INFO: best_Rank-1:{80.5}
2025-12-12 03:36:18,987 MambaPro.train INFO: history_Rank-5:{76.3 , 74.5 , 75.5 , 76.0 , 86.7 , 85.8 , 88.9}
2025-12-12 03:36:18,987 MambaPro.train INFO: best_Rank-5:{88.9}
2025-12-12 03:36:18,987 MambaPro.train INFO: history_Rank-10:{83.3 , 83.6 , 81.6 , 84.7 , 91.6 , 90.7 , 89.7 , 92.6}
2025-12-12 03:36:18,988 MambaPro.train INFO: best_Rank-10:{92.6}
2025-12-12 03:36:18,988 MambaPro.train INFO: history_Experts:{[0.36 , 0.34 , 0.31] , [0.37 , 0.34 , 0.29] , [0.41 , 0.33 , 0.25] , [0.60 , 0.24 , 0.16] , [0.80 , 0.12 , 0.09] , [0.87 , 0.07 , 0.06] , [0.90 , 0.05 , 0.04] , [0.92 , 0.04 , 0.04]}
2025-12-12 03:36:18,988 MambaPro.train INFO: best_Experts:{[0.92 , 0.04 , 0.04]}
2025-12-12 03:36:18,988 MambaPro.train INFO: 🔥 MoE损失(Val): 平衡=0.9353, 稀疏性=0.2253, 多样性=0.2356, 总=0.0012 (权重: 平衡=0.001, 稀疏性=0.000, 多样性=0.001)
2025-12-12 03:36:18,988 MambaPro.train INFO:    📊 专家权重分布(Val): [0.92 , 0.04 , 0.04]
2025-12-12 03:36:39,141 MambaPro.train INFO: Epoch 41 done. Time per batch: 0.187[s] Speed: 171.0[samples/s]
2025-12-12 03:36:59,148 MambaPro.train INFO: Epoch 42 done. Time per batch: 0.187[s] Speed: 171.1[samples/s]
2025-12-12 03:37:19,158 MambaPro.train INFO: Epoch 43 done. Time per batch: 0.187[s] Speed: 171.1[samples/s]
2025-12-12 03:37:39,149 MambaPro.train INFO: Epoch 44 done. Time per batch: 0.187[s] Speed: 171.3[samples/s]
2025-12-12 03:37:59,207 MambaPro.train INFO: Epoch 45 done. Time per batch: 0.187[s] Speed: 170.7[samples/s]
2025-12-12 03:38:06,697 MambaPro.train INFO: Validation Results - Epoch: 45
2025-12-12 03:38:06,697 MambaPro.train INFO: Current mAP: 76.6%
2025-12-12 03:38:06,697 MambaPro.train INFO: CMC curve, Rank-1  :79.9%
2025-12-12 03:38:06,697 MambaPro.train INFO: CMC curve, Rank-5  :87.1%
2025-12-12 03:38:06,697 MambaPro.train INFO: CMC curve, Rank-10 :91.0%
2025-12-12 03:38:06,698 MambaPro.train INFO: [Epoch 45] 指标集合列表（历史）
2025-12-12 03:38:06,698 MambaPro.train INFO: history_mAP:{57.9 , 55.3 , 62.0 , 54.9 , 72.3 , 74.8 , 74.2 , 76.6 , 76.6}
2025-12-12 03:38:06,698 MambaPro.train INFO: best_mAP:{76.6}
2025-12-12 03:38:06,698 MambaPro.train INFO: history_Rank-1:{60.8 , 59.1 , 62.9 , 58.7 , 75.1 , 77.5 , 76.4 , 80.5 , 79.9}
2025-12-12 03:38:06,698 MambaPro.train INFO: best_Rank-1:{80.5}
2025-12-12 03:38:06,698 MambaPro.train INFO: history_Rank-5:{76.3 , 74.5 , 75.5 , 76.0 , 86.7 , 85.8 , 88.9 , 87.1}
2025-12-12 03:38:06,698 MambaPro.train INFO: best_Rank-5:{88.9}
2025-12-12 03:38:06,698 MambaPro.train INFO: history_Rank-10:{83.3 , 83.6 , 81.6 , 84.7 , 91.6 , 90.7 , 89.7 , 92.6 , 91.0}
2025-12-12 03:38:06,698 MambaPro.train INFO: best_Rank-10:{92.6}
2025-12-12 03:38:06,698 MambaPro.train INFO: history_Experts:{[0.36 , 0.34 , 0.31] , [0.37 , 0.34 , 0.29] , [0.41 , 0.33 , 0.25] , [0.60 , 0.24 , 0.16] , [0.80 , 0.12 , 0.09] , [0.87 , 0.07 , 0.06] , [0.90 , 0.05 , 0.04] , [0.92 , 0.04 , 0.04] , [0.93 , 0.04 , 0.03]}
2025-12-12 03:38:06,698 MambaPro.train INFO: best_Experts:{[0.92 , 0.04 , 0.04]}
2025-12-12 03:38:06,698 MambaPro.train INFO: 🔥 MoE损失(Val): 平衡=0.9810, 稀疏性=0.1958, 多样性=0.2002, 总=0.0012 (权重: 平衡=0.001, 稀疏性=0.000, 多样性=0.001)
2025-12-12 03:38:06,698 MambaPro.train INFO:    📊 专家权重分布(Val): [0.93 , 0.04 , 0.03]
2025-12-12 03:38:26,881 MambaPro.train INFO: Epoch 46 done. Time per batch: 0.187[s] Speed: 170.8[samples/s]
2025-12-12 03:38:46,971 MambaPro.train INFO: Epoch 47 done. Time per batch: 0.188[s] Speed: 170.4[samples/s]
2025-12-12 03:39:06,773 MambaPro.train INFO: Epoch 48 done. Time per batch: 0.187[s] Speed: 171.3[samples/s]
2025-12-12 03:39:26,778 MambaPro.train INFO: Epoch 49 done. Time per batch: 0.187[s] Speed: 171.2[samples/s]
2025-12-12 03:39:46,871 MambaPro.train INFO: Epoch 50 done. Time per batch: 0.188[s] Speed: 170.4[samples/s]
2025-12-12 03:39:54,804 MambaPro.train INFO: Validation Results - Epoch: 50
2025-12-12 03:39:54,804 MambaPro.train INFO: Current mAP: 75.5%
2025-12-12 03:39:54,804 MambaPro.train INFO: CMC curve, Rank-1  :79.4%
2025-12-12 03:39:54,804 MambaPro.train INFO: CMC curve, Rank-5  :86.6%
2025-12-12 03:39:54,804 MambaPro.train INFO: CMC curve, Rank-10 :90.7%
2025-12-12 03:39:54,805 MambaPro.train INFO: [Epoch 50] 指标集合列表（历史）
2025-12-12 03:39:54,805 MambaPro.train INFO: history_mAP:{57.9 , 55.3 , 62.0 , 54.9 , 72.3 , 74.8 , 74.2 , 76.6 , 76.6 , 75.5}
2025-12-12 03:39:54,805 MambaPro.train INFO: best_mAP:{76.6}
2025-12-12 03:39:54,805 MambaPro.train INFO: history_Rank-1:{60.8 , 59.1 , 62.9 , 58.7 , 75.1 , 77.5 , 76.4 , 80.5 , 79.9 , 79.4}
2025-12-12 03:39:54,805 MambaPro.train INFO: best_Rank-1:{80.5}
2025-12-12 03:39:54,805 MambaPro.train INFO: history_Rank-5:{76.3 , 74.5 , 75.5 , 76.0 , 86.7 , 85.8 , 88.9 , 87.1 , 86.6}
2025-12-12 03:39:54,805 MambaPro.train INFO: best_Rank-5:{88.9}
2025-12-12 03:39:54,805 MambaPro.train INFO: history_Rank-10:{83.3 , 83.6 , 81.6 , 84.7 , 91.6 , 90.7 , 89.7 , 92.6 , 91.0}
2025-12-12 03:39:54,805 MambaPro.train INFO: best_Rank-10:{92.6}
2025-12-12 03:39:54,805 MambaPro.train INFO: history_Experts:{[0.36 , 0.34 , 0.31] , [0.37 , 0.34 , 0.29] , [0.41 , 0.33 , 0.25] , [0.60 , 0.24 , 0.16] , [0.80 , 0.12 , 0.09] , [0.87 , 0.07 , 0.06] , [0.90 , 0.05 , 0.04] , [0.92 , 0.04 , 0.04] , [0.93 , 0.04 , 0.03] , [0.94 , 0.03 , 0.03]}
2025-12-12 03:39:54,805 MambaPro.train INFO: best_Experts:{[0.92 , 0.04 , 0.04]}
2025-12-12 03:39:54,805 MambaPro.train INFO: 🔥 MoE损失(Val): 平衡=1.0142, 稀疏性=0.1745, 多样性=0.1755, 总=0.0012 (权重: 平衡=0.001, 稀疏性=0.000, 多样性=0.001)
2025-12-12 03:39:54,805 MambaPro.train INFO:    📊 专家权重分布(Val): [0.94 , 0.03 , 0.03]
2025-12-12 03:40:14,756 MambaPro.train INFO: Epoch 51 done. Time per batch: 0.187[s] Speed: 171.2[samples/s]
2025-12-12 03:40:34,666 MambaPro.train INFO: Epoch 52 done. Time per batch: 0.188[s] Speed: 170.4[samples/s]
2025-12-12 03:40:54,666 MambaPro.train INFO: Epoch 53 done. Time per batch: 0.187[s] Speed: 171.2[samples/s]
2025-12-12 03:41:14,646 MambaPro.train INFO: Epoch 54 done. Time per batch: 0.187[s] Speed: 171.4[samples/s]
2025-12-12 03:41:34,756 MambaPro.train INFO: Epoch 55 done. Time per batch: 0.188[s] Speed: 170.3[samples/s]
2025-12-12 03:41:42,283 MambaPro.train INFO: Validation Results - Epoch: 55
2025-12-12 03:41:42,283 MambaPro.train INFO: Current mAP: 76.6%
2025-12-12 03:41:42,284 MambaPro.train INFO: CMC curve, Rank-1  :80.3%
2025-12-12 03:41:42,284 MambaPro.train INFO: CMC curve, Rank-5  :87.6%
2025-12-12 03:41:42,284 MambaPro.train INFO: CMC curve, Rank-10 :91.6%
2025-12-12 03:41:42,284 MambaPro.train INFO: [Epoch 55] 指标集合列表（历史）
2025-12-12 03:41:42,284 MambaPro.train INFO: history_mAP:{57.9 , 55.3 , 62.0 , 54.9 , 72.3 , 74.8 , 74.2 , 76.6 , 76.6 , 75.5 , 76.6}
2025-12-12 03:41:42,284 MambaPro.train INFO: best_mAP:{76.6}
2025-12-12 03:41:42,284 MambaPro.train INFO: history_Rank-1:{60.8 , 59.1 , 62.9 , 58.7 , 75.1 , 77.5 , 76.4 , 80.5 , 79.9 , 79.4 , 80.3}
2025-12-12 03:41:42,284 MambaPro.train INFO: best_Rank-1:{80.5}
2025-12-12 03:41:42,284 MambaPro.train INFO: history_Rank-5:{76.3 , 74.5 , 75.5 , 76.0 , 86.7 , 85.8 , 88.9 , 87.1 , 86.6 , 87.6}
2025-12-12 03:41:42,284 MambaPro.train INFO: best_Rank-5:{88.9}
2025-12-12 03:41:42,284 MambaPro.train INFO: history_Rank-10:{83.3 , 83.6 , 81.6 , 84.7 , 91.6 , 90.7 , 89.7 , 92.6 , 91.0}
2025-12-12 03:41:42,284 MambaPro.train INFO: best_Rank-10:{92.6}
2025-12-12 03:41:42,284 MambaPro.train INFO: history_Experts:{[0.36 , 0.34 , 0.31] , [0.37 , 0.34 , 0.29] , [0.41 , 0.33 , 0.25] , [0.60 , 0.24 , 0.16] , [0.80 , 0.12 , 0.09] , [0.87 , 0.07 , 0.06] , [0.90 , 0.05 , 0.04] , [0.92 , 0.04 , 0.04] , [0.93 , 0.04 , 0.03] , [0.94 , 0.03 , 0.03] , [0.94 , 0.03 , 0.03]}
2025-12-12 03:41:42,284 MambaPro.train INFO: best_Experts:{[0.92 , 0.04 , 0.04]}
2025-12-12 03:41:42,284 MambaPro.train INFO: 🔥 MoE损失(Val): 平衡=1.0379, 稀疏性=0.1593, 多样性=0.1584, 总=0.0012 (权重: 平衡=0.001, 稀疏性=0.000, 多样性=0.001)
2025-12-12 03:41:42,284 MambaPro.train INFO:    📊 专家权重分布(Val): [0.94 , 0.03 , 0.03]
2025-12-12 03:42:02,271 MambaPro.train INFO: Epoch 56 done. Time per batch: 0.187[s] Speed: 170.9[samples/s]
2025-12-12 03:42:22,293 MambaPro.train INFO: Epoch 57 done. Time per batch: 0.187[s] Speed: 171.0[samples/s]
2025-12-12 03:42:42,289 MambaPro.train INFO: Epoch 58 done. Time per batch: 0.187[s] Speed: 171.2[samples/s]
2025-12-12 03:43:02,155 MambaPro.train INFO: Epoch 59 done. Time per batch: 0.187[s] Speed: 170.7[samples/s]
2025-12-12 03:43:22,202 MambaPro.train INFO: Epoch 60 done. Time per batch: 0.187[s] Speed: 170.8[samples/s]
2025-12-12 03:43:30,113 MambaPro.train INFO: Validation Results - Epoch: 60
2025-12-12 03:43:30,113 MambaPro.train INFO: Current mAP: 76.6%
2025-12-12 03:43:30,113 MambaPro.train INFO: CMC curve, Rank-1  :80.0%
2025-12-12 03:43:30,113 MambaPro.train INFO: CMC curve, Rank-5  :87.4%
2025-12-12 03:43:30,113 MambaPro.train INFO: CMC curve, Rank-10 :91.5%
2025-12-12 03:43:30,114 MambaPro.train INFO: [Epoch 60] 指标集合列表（历史）
2025-12-12 03:43:30,114 MambaPro.train INFO: history_mAP:{57.9 , 55.3 , 62.0 , 54.9 , 72.3 , 74.8 , 74.2 , 76.6 , 76.6 , 75.5 , 76.6 , 76.6}
2025-12-12 03:43:30,114 MambaPro.train INFO: best_mAP:{76.6}
2025-12-12 03:43:30,114 MambaPro.train INFO: history_Rank-1:{60.8 , 59.1 , 62.9 , 58.7 , 75.1 , 77.5 , 76.4 , 80.5 , 79.9 , 79.4 , 80.3 , 80.0}
2025-12-12 03:43:30,114 MambaPro.train INFO: best_Rank-1:{80.5}
2025-12-12 03:43:30,114 MambaPro.train INFO: history_Rank-5:{76.3 , 74.5 , 75.5 , 76.0 , 86.7 , 85.8 , 88.9 , 87.1 , 86.6 , 87.6 , 87.4}
2025-12-12 03:43:30,114 MambaPro.train INFO: best_Rank-5:{88.9}
2025-12-12 03:43:30,114 MambaPro.train INFO: history_Rank-10:{83.3 , 83.6 , 81.6 , 84.7 , 91.6 , 90.7 , 89.7 , 92.6 , 91.0 , 91.5}
2025-12-12 03:43:30,114 MambaPro.train INFO: best_Rank-10:{92.6}
2025-12-12 03:43:30,114 MambaPro.train INFO: history_Experts:{[0.36 , 0.34 , 0.31] , [0.37 , 0.34 , 0.29] , [0.41 , 0.33 , 0.25] , [0.60 , 0.24 , 0.16] , [0.80 , 0.12 , 0.09] , [0.87 , 0.07 , 0.06] , [0.90 , 0.05 , 0.04] , [0.92 , 0.04 , 0.04] , [0.93 , 0.04 , 0.03] , [0.94 , 0.03 , 0.03] , [0.94 , 0.03 , 0.03] , [0.95 , 0.03 , 0.02]}
2025-12-12 03:43:30,114 MambaPro.train INFO: best_Experts:{[0.92 , 0.04 , 0.04]}
2025-12-12 03:43:30,114 MambaPro.train INFO: 🔥 MoE损失(Val): 平衡=1.0563, 稀疏性=0.1475, 多样性=0.1454, 总=0.0012 (权重: 平衡=0.001, 稀疏性=0.000, 多样性=0.001)
2025-12-12 03:43:30,114 MambaPro.train INFO:    📊 专家权重分布(Val): [0.95 , 0.03 , 0.02]
2025-12-12 03:43:30,250 MambaPro.train INFO: ============================================================
