2025-12-17 15:16:23,941 MambaPro INFO: 🔥 窗口配置：4x4+16x16 ([4, 16]), MoE专家数量：2
2025-12-17 15:16:23,941 MambaPro INFO: ================================================================================
2025-12-17 15:16:23,941 MambaPro INFO: 🧾 实验参数快照（命令行 + 最终配置）
2025-12-17 15:16:23,941 MambaPro INFO: ================================================================================
2025-12-17 15:16:23,941 MambaPro INFO: 【复现实验命令】
2025-12-17 15:16:23,941 MambaPro INFO: /home/zhanghaoyang/.conda/envs/MambaPro/bin/python train_net.py --use_multi_scale --use_moe --config_file mybest_model/experiment_20251013_110028/configs/experiment_config.yml OUTPUT_DIR ./outputs/multiscale/4x4+16x16_20251217_151622 MODEL.CLIP_MULTI_SCALE_SCALES [4,16] MODEL.MOE_SCALES [4,16] MODEL.MOE_NUM_EXPERTS 2
2025-12-17 15:16:23,941 MambaPro INFO: 【命令行参数（args）】
2025-12-17 15:16:23,941 MambaPro INFO: {
2025-12-17 15:16:23,941 MambaPro INFO:   "config_file": "mybest_model/experiment_20251013_110028/configs/experiment_config.yml",
2025-12-17 15:16:23,941 MambaPro INFO:   "fea_cft": 0,
2025-12-17 15:16:23,941 MambaPro INFO:   "opts": [
2025-12-17 15:16:23,941 MambaPro INFO:     "OUTPUT_DIR",
2025-12-17 15:16:23,941 MambaPro INFO:     "./outputs/multiscale/4x4+16x16_20251217_151622",
2025-12-17 15:16:23,941 MambaPro INFO:     "MODEL.CLIP_MULTI_SCALE_SCALES",
2025-12-17 15:16:23,941 MambaPro INFO:     "[4,16]",
2025-12-17 15:16:23,941 MambaPro INFO:     "MODEL.MOE_SCALES",
2025-12-17 15:16:23,941 MambaPro INFO:     "[4,16]",
2025-12-17 15:16:23,941 MambaPro INFO:     "MODEL.MOE_NUM_EXPERTS",
2025-12-17 15:16:23,941 MambaPro INFO:     "2"
2025-12-17 15:16:23,941 MambaPro INFO:   ],
2025-12-17 15:16:23,941 MambaPro INFO:   "local_rank": 0,
2025-12-17 15:16:23,941 MambaPro INFO:   "use_multi_scale": true,
2025-12-17 15:16:23,941 MambaPro INFO:   "no_multi_scale": false,
2025-12-17 15:16:23,941 MambaPro INFO:   "use_moe": true,
2025-12-17 15:16:23,941 MambaPro INFO:   "disable_moe": false,
2025-12-17 15:16:23,941 MambaPro INFO:   "no_moe": false,
2025-12-17 15:16:23,941 MambaPro INFO:   "use_attention": false,
2025-12-17 15:16:23,941 MambaPro INFO:   "disable_attention": false,
2025-12-17 15:16:23,941 MambaPro INFO:   "attention_heads": 8,
2025-12-17 15:16:23,941 MambaPro INFO:   "attention_dropout": 0.1
2025-12-17 15:16:23,941 MambaPro INFO: }
2025-12-17 15:16:23,941 MambaPro INFO: 【工作目录】/home/zhanghaoyang/Desktop/yzy/AboutReid
2025-12-17 15:16:23,941 MambaPro INFO: 【最终配置（YAML）】
2025-12-17 15:16:23,944 MambaPro INFO: DATALOADER:
2025-12-17 15:16:23,944 MambaPro INFO:   NUM_INSTANCE: 8
2025-12-17 15:16:23,944 MambaPro INFO:   NUM_WORKERS: 8
2025-12-17 15:16:23,944 MambaPro INFO:   SAMPLER: softmax_triplet
2025-12-17 15:16:23,944 MambaPro INFO: DATASETS:
2025-12-17 15:16:23,944 MambaPro INFO:   NAMES: RGBNT201
2025-12-17 15:16:23,944 MambaPro INFO:   ROOT_DIR: data/datasets
2025-12-17 15:16:23,944 MambaPro INFO: INPUT:
2025-12-17 15:16:23,944 MambaPro INFO:   PADDING: 10
2025-12-17 15:16:23,944 MambaPro INFO:   PIXEL_MEAN:
2025-12-17 15:16:23,944 MambaPro INFO:   - 0.5
2025-12-17 15:16:23,944 MambaPro INFO:   - 0.5
2025-12-17 15:16:23,944 MambaPro INFO:   - 0.5
2025-12-17 15:16:23,944 MambaPro INFO:   PIXEL_STD:
2025-12-17 15:16:23,944 MambaPro INFO:   - 0.5
2025-12-17 15:16:23,944 MambaPro INFO:   - 0.5
2025-12-17 15:16:23,944 MambaPro INFO:   - 0.5
2025-12-17 15:16:23,944 MambaPro INFO:   PROB: 0.5
2025-12-17 15:16:23,944 MambaPro INFO:   RE_PROB: 0.5
2025-12-17 15:16:23,944 MambaPro INFO:   SIZE_TEST:
2025-12-17 15:16:23,944 MambaPro INFO:   - 256
2025-12-17 15:16:23,944 MambaPro INFO:   - 128
2025-12-17 15:16:23,944 MambaPro INFO:   SIZE_TRAIN:
2025-12-17 15:16:23,944 MambaPro INFO:   - 256
2025-12-17 15:16:23,944 MambaPro INFO:   - 128
2025-12-17 15:16:23,944 MambaPro INFO: MODEL:
2025-12-17 15:16:23,944 MambaPro INFO:   ADAPTER: true
2025-12-17 15:16:23,944 MambaPro INFO:   ATTENTION_DIM: 512
2025-12-17 15:16:23,944 MambaPro INFO:   ATTENTION_DROPOUT: 0.1
2025-12-17 15:16:23,944 MambaPro INFO:   ATTENTION_NUM_HEADS: 8
2025-12-17 15:16:23,944 MambaPro INFO:   ATT_DROP_RATE: 0.0
2025-12-17 15:16:23,944 MambaPro INFO:   CLIP_MULTI_SCALE_SCALES:
2025-12-17 15:16:23,944 MambaPro INFO:   - 4
2025-12-17 15:16:23,944 MambaPro INFO:   - 16
2025-12-17 15:16:23,944 MambaPro INFO:   DEVICE: cuda
2025-12-17 15:16:23,944 MambaPro INFO:   DEVICE_ID: '0'
2025-12-17 15:16:23,944 MambaPro INFO:   DIRECT: 1
2025-12-17 15:16:23,944 MambaPro INFO:   DIST_TRAIN: false
2025-12-17 15:16:23,944 MambaPro INFO:   DROP_OUT: 0.0
2025-12-17 15:16:23,944 MambaPro INFO:   DROP_PATH: 0.1
2025-12-17 15:16:23,944 MambaPro INFO:   FLOPS_TEST: false
2025-12-17 15:16:23,944 MambaPro INFO:   FROZEN: true
2025-12-17 15:16:23,944 MambaPro INFO:   GATE_DROPOUT: 0.1
2025-12-17 15:16:23,944 MambaPro INFO:   ID_LOSS_TYPE: softmax
2025-12-17 15:16:23,944 MambaPro INFO:   ID_LOSS_WEIGHT: 0.25
2025-12-17 15:16:23,945 MambaPro INFO:   IF_LABELSMOOTH: 'on'
2025-12-17 15:16:23,945 MambaPro INFO:   IF_WITH_CENTER: 'no'
2025-12-17 15:16:23,945 MambaPro INFO:   LAYER: -1
2025-12-17 15:16:23,945 MambaPro INFO:   MAMBA: true
2025-12-17 15:16:23,945 MambaPro INFO:   MAMBA_BI: false
2025-12-17 15:16:23,945 MambaPro INFO:   METRIC_LOSS_TYPE: triplet
2025-12-17 15:16:23,945 MambaPro INFO:   MOE_BALANCE_LOSS_WEIGHT: 0.01
2025-12-17 15:16:23,945 MambaPro INFO:   MOE_DIVERSITY_LOSS_WEIGHT: 0.01
2025-12-17 15:16:23,945 MambaPro INFO:   MOE_EXPERT_DROPOUT: 0.1
2025-12-17 15:16:23,945 MambaPro INFO:   MOE_EXPERT_HIDDEN_DIM: 1024
2025-12-17 15:16:23,945 MambaPro INFO:   MOE_EXPERT_LAYERS: 2
2025-12-17 15:16:23,945 MambaPro INFO:   MOE_EXPERT_THRESHOLD: 0.1
2025-12-17 15:16:23,945 MambaPro INFO:   MOE_FIXED_WEIGHTS:
2025-12-17 15:16:23,945 MambaPro INFO:   - 0.33
2025-12-17 15:16:23,945 MambaPro INFO:   - 0.33
2025-12-17 15:16:23,945 MambaPro INFO:   - 0.34
2025-12-17 15:16:23,945 MambaPro INFO:   MOE_GATE_DROPOUT: 0.1
2025-12-17 15:16:23,945 MambaPro INFO:   MOE_GATE_LAYERS: 2
2025-12-17 15:16:23,945 MambaPro INFO:   MOE_INIT_WEIGHTS: null
2025-12-17 15:16:23,945 MambaPro INFO:   MOE_NUM_EXPERTS: 2
2025-12-17 15:16:23,945 MambaPro INFO:   MOE_RESIDUAL_WEIGHT: 1.0
2025-12-17 15:16:23,945 MambaPro INFO:   MOE_SCALES:
2025-12-17 15:16:23,945 MambaPro INFO:   - 4
2025-12-17 15:16:23,945 MambaPro INFO:   - 16
2025-12-17 15:16:23,945 MambaPro INFO:   MOE_SPARSITY_LOSS_WEIGHT: 0.001
2025-12-17 15:16:23,945 MambaPro INFO:   MOE_TEMPERATURE: 0.7
2025-12-17 15:16:23,945 MambaPro INFO:   MOE_TOP_K: 2
2025-12-17 15:16:23,945 MambaPro INFO:   MOE_TOP_K_MODE: soft
2025-12-17 15:16:23,945 MambaPro INFO:   MOE_USE_FIXED_WEIGHTS: false
2025-12-17 15:16:23,945 MambaPro INFO:   MOE_USE_TOP_K_ROUTING: false
2025-12-17 15:16:23,945 MambaPro INFO:   MULTI_SCALE_SCALES:
2025-12-17 15:16:23,945 MambaPro INFO:   - 4
2025-12-17 15:16:23,945 MambaPro INFO:   - 8
2025-12-17 15:16:23,945 MambaPro INFO:   - 16
2025-12-17 15:16:23,945 MambaPro INFO:   NAME: MambaPro
2025-12-17 15:16:23,945 MambaPro INFO:   NECK: bnneck
2025-12-17 15:16:23,945 MambaPro INFO:   NO_MARGIN: true
2025-12-17 15:16:23,945 MambaPro INFO:   PREFIX_NUM: 1
2025-12-17 15:16:23,945 MambaPro INFO:   PRETRAIN_PATH_T: ../ViT-B-16.pt
2025-12-17 15:16:23,945 MambaPro INFO:   PROMPT: true
2025-12-17 15:16:23,945 MambaPro INFO:   SIE_CAMERA: true
2025-12-17 15:16:23,945 MambaPro INFO:   SIE_COE: 1.0
2025-12-17 15:16:23,945 MambaPro INFO:   SIE_VIEW: false
2025-12-17 15:16:23,945 MambaPro INFO:   STRIDE_SIZE:
2025-12-17 15:16:23,945 MambaPro INFO:   - 16
2025-12-17 15:16:23,945 MambaPro INFO:   - 16
2025-12-17 15:16:23,945 MambaPro INFO:   TRANSFORMER_TYPE: ViT-B-16
2025-12-17 15:16:23,945 MambaPro INFO:   TRIPLET_LOSS_WEIGHT: 1.0
2025-12-17 15:16:23,945 MambaPro INFO:   USE_ATTENTION_FUSION: false
2025-12-17 15:16:23,945 MambaPro INFO:   USE_CLIP_MULTI_SCALE: true
2025-12-17 15:16:23,945 MambaPro INFO:   USE_GATE_FUSION: false
2025-12-17 15:16:23,945 MambaPro INFO:   USE_MULTI_SCALE: false
2025-12-17 15:16:23,945 MambaPro INFO:   USE_MULTI_SCALE_MOE: true
2025-12-17 15:16:23,945 MambaPro INFO: OUTPUT_DIR: outputs/multiscale/4x4+16x16_20251217_151622
2025-12-17 15:16:23,945 MambaPro INFO: SOLVER:
2025-12-17 15:16:23,945 MambaPro INFO:   BASE_LR: 0.0005
2025-12-17 15:16:23,945 MambaPro INFO:   BIAS_LR_FACTOR: 2
2025-12-17 15:16:23,945 MambaPro INFO:   CENTER_LOSS_WEIGHT: 0.0005
2025-12-17 15:16:23,945 MambaPro INFO:   CENTER_LR: 0.5
2025-12-17 15:16:23,945 MambaPro INFO:   CHECKPOINT_PERIOD: 10
2025-12-17 15:16:23,945 MambaPro INFO:   CLUSTER_MARGIN: 0.3
2025-12-17 15:16:23,945 MambaPro INFO:   COSINE_MARGIN: 0.5
2025-12-17 15:16:23,945 MambaPro INFO:   COSINE_SCALE: 30
2025-12-17 15:16:23,945 MambaPro INFO:   EVAL_PERIOD: 5
2025-12-17 15:16:23,945 MambaPro INFO:   GAMMA: 0.1
2025-12-17 15:16:23,945 MambaPro INFO:   IMS_PER_BATCH: 32
2025-12-17 15:16:23,945 MambaPro INFO:   LARGE_FC_LR: false
2025-12-17 15:16:23,945 MambaPro INFO:   LOG_PERIOD: 10
2025-12-17 15:16:23,945 MambaPro INFO:   MARGIN: 0.3
2025-12-17 15:16:23,945 MambaPro INFO:   MAX_EPOCHS: 60
2025-12-17 15:16:23,945 MambaPro INFO:   MOE_BALANCE_LOSS_WEIGHT: 0.001
2025-12-17 15:16:23,945 MambaPro INFO:   MOE_BALANCE_LOSS_WEIGHT_END: 0.1
2025-12-17 15:16:23,945 MambaPro INFO:   MOE_BALANCE_LOSS_WEIGHT_START: 0.001
2025-12-17 15:16:23,945 MambaPro INFO:   MOE_BALANCE_THRESHOLD: 0.3
2025-12-17 15:16:23,945 MambaPro INFO:   MOE_DIVERSITY_LOSS_WEIGHT: 0.001
2025-12-17 15:16:23,945 MambaPro INFO:   MOE_DIVERSITY_LOSS_WEIGHT_END: 0.1
2025-12-17 15:16:23,945 MambaPro INFO:   MOE_DIVERSITY_LOSS_WEIGHT_START: 0.001
2025-12-17 15:16:23,945 MambaPro INFO:   MOE_GATE_LR_FACTOR: 0.01
2025-12-17 15:16:23,945 MambaPro INFO:   MOE_LOSS_WEIGHT_SCHEDULE_TYPE: cosine
2025-12-17 15:16:23,945 MambaPro INFO:   MOE_LOSS_WEIGHT_WARMUP_EPOCHS: 5
2025-12-17 15:16:23,945 MambaPro INFO:   MOE_SPARSITY_LOSS_WEIGHT: 0.0001
2025-12-17 15:16:23,945 MambaPro INFO:   MOE_USE_DYNAMIC_LOSS_WEIGHT: false
2025-12-17 15:16:23,945 MambaPro INFO:   MOMENTUM: 0.9
2025-12-17 15:16:23,945 MambaPro INFO:   OPTIMIZER_NAME: Adam
2025-12-17 15:16:23,945 MambaPro INFO:   RANGE_ALPHA: 0
2025-12-17 15:16:23,945 MambaPro INFO:   RANGE_BETA: 1
2025-12-17 15:16:23,945 MambaPro INFO:   RANGE_K: 2
2025-12-17 15:16:23,945 MambaPro INFO:   RANGE_LOSS_WEIGHT: 1
2025-12-17 15:16:23,945 MambaPro INFO:   RANGE_MARGIN: 0.3
2025-12-17 15:16:23,945 MambaPro INFO:   SEED: 42
2025-12-17 15:16:23,945 MambaPro INFO:   STEPS:
2025-12-17 15:16:23,945 MambaPro INFO:   - 30
2025-12-17 15:16:23,945 MambaPro INFO:   - 50
2025-12-17 15:16:23,945 MambaPro INFO:   WARMUP_FACTOR: 0.01
2025-12-17 15:16:23,945 MambaPro INFO:   WARMUP_ITERS: 20
2025-12-17 15:16:23,945 MambaPro INFO:   WARMUP_METHOD: linear
2025-12-17 15:16:23,945 MambaPro INFO:   WEIGHT_DECAY: 0.0005
2025-12-17 15:16:23,945 MambaPro INFO:   WEIGHT_DECAY_BIAS: 0.0005
2025-12-17 15:16:23,945 MambaPro INFO: TEST:
2025-12-17 15:16:23,945 MambaPro INFO:   FEAT: 0
2025-12-17 15:16:23,945 MambaPro INFO:   FEAT_NORM: 'yes'
2025-12-17 15:16:23,945 MambaPro INFO:   IMS_PER_BATCH: 64
2025-12-17 15:16:23,945 MambaPro INFO:   MISS: nothing
2025-12-17 15:16:23,946 MambaPro INFO:   NECK_FEAT: after
2025-12-17 15:16:23,946 MambaPro INFO:   RE_RANKING: 'no'
2025-12-17 15:16:23,946 MambaPro INFO:   WEIGHT: /home/zubuntu/workspace/yzy/MambaPro/pths/MambaProbest.pth
2025-12-17 15:16:23,946 MambaPro INFO: ================================================================================
2025-12-17 15:16:27,058 MambaPro.train INFO: start training
2025-12-17 15:17:12,772 MambaPro.train INFO: Epoch 1 done. Time per batch: 0.424[s] Speed: 75.5[samples/s]
2025-12-17 15:17:57,797 MambaPro.train INFO: Epoch 2 done. Time per batch: 0.421[s] Speed: 76.0[samples/s]
2025-12-17 15:18:42,676 MambaPro.train INFO: Epoch 3 done. Time per batch: 0.419[s] Speed: 76.3[samples/s]
2025-12-17 15:19:28,360 MambaPro.train INFO: Epoch 4 done. Time per batch: 0.427[s] Speed: 74.9[samples/s]
2025-12-17 15:20:13,449 MambaPro.train INFO: Epoch 5 done. Time per batch: 0.425[s] Speed: 75.2[samples/s]
2025-12-17 15:20:29,304 MambaPro.train INFO: Validation Results - Epoch: 5
2025-12-17 15:20:29,304 MambaPro.train INFO: Current mAP: 50.1%
2025-12-17 15:20:29,304 MambaPro.train INFO: CMC curve, Rank-1  :51.6%
2025-12-17 15:20:29,304 MambaPro.train INFO: CMC curve, Rank-5  :68.4%
2025-12-17 15:20:29,304 MambaPro.train INFO: CMC curve, Rank-10 :76.6%
2025-12-17 15:20:29,307 MambaPro.train INFO: 🎯 New Best! Saving model...
2025-12-17 15:20:29,667 MambaPro.train INFO: [Epoch 5] 指标集合列表（历史）
2025-12-17 15:20:29,668 MambaPro.train INFO: history_mAP:{50.1}
2025-12-17 15:20:29,668 MambaPro.train INFO: best_mAP:{50.1}
2025-12-17 15:20:29,668 MambaPro.train INFO: history_Rank-1:{51.6}
2025-12-17 15:20:29,668 MambaPro.train INFO: best_Rank-1:{51.6}
2025-12-17 15:20:29,668 MambaPro.train INFO: history_Rank-5:{68.4}
2025-12-17 15:20:29,668 MambaPro.train INFO: best_Rank-5:{68.4}
2025-12-17 15:20:29,668 MambaPro.train INFO: history_Rank-10:{76.6}
2025-12-17 15:20:29,668 MambaPro.train INFO: best_Rank-10:{76.6}
2025-12-17 15:20:29,668 MambaPro.train INFO: history_Experts:{[0.52 , 0.48]}
2025-12-17 15:20:29,668 MambaPro.train INFO: best_Experts:{[0.52 , 0.48]}
2025-12-17 15:20:29,668 MambaPro.train INFO: 🔥 MoE损失(Val): 平衡=0.0000, 稀疏性=0.9987, 多样性=3.9894, 总=0.0041 (权重: 平衡=0.001, 稀疏性=0.000, 多样性=0.001)
2025-12-17 15:20:29,668 MambaPro.train INFO:    📊 专家权重分布(Val, 2个专家): [0.52 , 0.48]
2025-12-17 15:21:15,310 MambaPro.train INFO: Epoch 6 done. Time per batch: 0.425[s] Speed: 75.3[samples/s]
2025-12-17 15:22:01,871 MambaPro.train INFO: Epoch 7 done. Time per batch: 0.435[s] Speed: 73.5[samples/s]
2025-12-17 15:22:52,411 MambaPro.train INFO: Epoch 8 done. Time per batch: 0.472[s] Speed: 67.7[samples/s]
2025-12-17 15:23:48,066 MambaPro.train INFO: Epoch 9 done. Time per batch: 0.520[s] Speed: 61.5[samples/s]
2025-12-17 15:24:43,767 MambaPro.train INFO: Epoch 10 done. Time per batch: 0.521[s] Speed: 61.5[samples/s]
2025-12-17 15:25:03,299 MambaPro.train INFO: Validation Results - Epoch: 10
2025-12-17 15:25:03,299 MambaPro.train INFO: Current mAP: 77.5%
2025-12-17 15:25:03,299 MambaPro.train INFO: CMC curve, Rank-1  :81.3%
2025-12-17 15:25:03,299 MambaPro.train INFO: CMC curve, Rank-5  :87.2%
2025-12-17 15:25:03,299 MambaPro.train INFO: CMC curve, Rank-10 :91.9%
2025-12-17 15:25:03,303 MambaPro.train INFO: 🎯 New Best! Saving model...
2025-12-17 15:25:03,842 MambaPro.train INFO: [Epoch 10] 指标集合列表（历史）
2025-12-17 15:25:03,843 MambaPro.train INFO: history_mAP:{50.1 , 77.5}
2025-12-17 15:25:03,843 MambaPro.train INFO: best_mAP:{77.5}
2025-12-17 15:25:03,843 MambaPro.train INFO: history_Rank-1:{51.6 , 81.3}
2025-12-17 15:25:03,843 MambaPro.train INFO: best_Rank-1:{81.3}
2025-12-17 15:25:03,843 MambaPro.train INFO: history_Rank-5:{68.4 , 87.2}
2025-12-17 15:25:03,843 MambaPro.train INFO: best_Rank-5:{87.2}
2025-12-17 15:25:03,843 MambaPro.train INFO: history_Rank-10:{76.6 , 91.9}
2025-12-17 15:25:03,843 MambaPro.train INFO: best_Rank-10:{91.9}
2025-12-17 15:25:03,843 MambaPro.train INFO: history_Experts:{[0.52 , 0.48] , [0.55 , 0.45]}
2025-12-17 15:25:03,843 MambaPro.train INFO: best_Experts:{[0.55 , 0.45]}
2025-12-17 15:25:03,843 MambaPro.train INFO: 🔥 MoE损失(Val): 平衡=0.0000, 稀疏性=0.9887, 多样性=3.9103, 总=0.0040 (权重: 平衡=0.001, 稀疏性=0.000, 多样性=0.001)
2025-12-17 15:25:03,843 MambaPro.train INFO:    📊 专家权重分布(Val, 2个专家): [0.55 , 0.45]
2025-12-17 15:25:58,226 MambaPro.train INFO: Epoch 11 done. Time per batch: 0.507[s] Speed: 63.1[samples/s]
2025-12-17 15:26:53,662 MambaPro.train INFO: Epoch 12 done. Time per batch: 0.518[s] Speed: 61.8[samples/s]
2025-12-17 15:27:49,298 MambaPro.train INFO: Epoch 13 done. Time per batch: 0.520[s] Speed: 61.5[samples/s]
2025-12-17 15:28:44,302 MambaPro.train INFO: Epoch 14 done. Time per batch: 0.514[s] Speed: 62.3[samples/s]
2025-12-17 15:29:39,498 MambaPro.train INFO: Epoch 15 done. Time per batch: 0.516[s] Speed: 62.0[samples/s]
2025-12-17 15:29:59,036 MambaPro.train INFO: Validation Results - Epoch: 15
2025-12-17 15:29:59,036 MambaPro.train INFO: Current mAP: 67.1%
2025-12-17 15:29:59,036 MambaPro.train INFO: CMC curve, Rank-1  :71.2%
2025-12-17 15:29:59,036 MambaPro.train INFO: CMC curve, Rank-5  :82.4%
2025-12-17 15:29:59,036 MambaPro.train INFO: CMC curve, Rank-10 :85.8%
2025-12-17 15:29:59,039 MambaPro.train INFO: [Epoch 15] 指标集合列表（历史）
2025-12-17 15:29:59,039 MambaPro.train INFO: history_mAP:{50.1 , 77.5 , 67.1}
2025-12-17 15:29:59,039 MambaPro.train INFO: best_mAP:{77.5}
2025-12-17 15:29:59,039 MambaPro.train INFO: history_Rank-1:{51.6 , 81.3 , 71.2}
2025-12-17 15:29:59,039 MambaPro.train INFO: best_Rank-1:{81.3}
2025-12-17 15:29:59,039 MambaPro.train INFO: history_Rank-5:{68.4 , 87.2 , 82.4}
2025-12-17 15:29:59,039 MambaPro.train INFO: best_Rank-5:{87.2}
2025-12-17 15:29:59,039 MambaPro.train INFO: history_Rank-10:{76.6 , 91.9 , 85.8}
2025-12-17 15:29:59,039 MambaPro.train INFO: best_Rank-10:{91.9}
2025-12-17 15:29:59,039 MambaPro.train INFO: history_Experts:{[0.52 , 0.48] , [0.55 , 0.45] , [0.73 , 0.27]}
2025-12-17 15:29:59,039 MambaPro.train INFO: best_Experts:{[0.55 , 0.45]}
2025-12-17 15:29:59,039 MambaPro.train INFO: 🔥 MoE损失(Val): 平衡=0.0284, 稀疏性=0.7805, 多样性=2.5600, 总=0.0027 (权重: 平衡=0.001, 稀疏性=0.000, 多样性=0.001)
2025-12-17 15:29:59,039 MambaPro.train INFO:    📊 专家权重分布(Val, 2个专家): [0.73 , 0.27]
2025-12-17 15:30:55,085 MambaPro.train INFO: Epoch 16 done. Time per batch: 0.522[s] Speed: 61.3[samples/s]
2025-12-17 15:31:49,937 MambaPro.train INFO: Epoch 17 done. Time per batch: 0.513[s] Speed: 62.4[samples/s]
2025-12-17 15:32:36,387 MambaPro.train INFO: Epoch 18 done. Time per batch: 0.434[s] Speed: 73.7[samples/s]
2025-12-17 15:33:23,961 MambaPro.train INFO: Epoch 19 done. Time per batch: 0.445[s] Speed: 72.0[samples/s]
2025-12-17 15:34:08,913 MambaPro.train INFO: Epoch 20 done. Time per batch: 0.420[s] Speed: 76.2[samples/s]
2025-12-17 15:34:25,153 MambaPro.train INFO: Validation Results - Epoch: 20
2025-12-17 15:34:25,153 MambaPro.train INFO: Current mAP: 59.3%
2025-12-17 15:34:25,153 MambaPro.train INFO: CMC curve, Rank-1  :63.3%
2025-12-17 15:34:25,153 MambaPro.train INFO: CMC curve, Rank-5  :72.5%
2025-12-17 15:34:25,153 MambaPro.train INFO: CMC curve, Rank-10 :80.1%
2025-12-17 15:34:25,157 MambaPro.train INFO: [Epoch 20] 指标集合列表（历史）
2025-12-17 15:34:25,157 MambaPro.train INFO: history_mAP:{50.1 , 77.5 , 67.1 , 59.3}
2025-12-17 15:34:25,157 MambaPro.train INFO: best_mAP:{77.5}
2025-12-17 15:34:25,157 MambaPro.train INFO: history_Rank-1:{51.6 , 81.3 , 71.2 , 63.3}
2025-12-17 15:34:25,157 MambaPro.train INFO: best_Rank-1:{81.3}
2025-12-17 15:34:25,157 MambaPro.train INFO: history_Rank-5:{68.4 , 87.2 , 82.4 , 72.5}
2025-12-17 15:34:25,157 MambaPro.train INFO: best_Rank-5:{87.2}
2025-12-17 15:34:25,157 MambaPro.train INFO: history_Rank-10:{76.6 , 91.9 , 85.8 , 80.1}
2025-12-17 15:34:25,157 MambaPro.train INFO: best_Rank-10:{91.9}
2025-12-17 15:34:25,158 MambaPro.train INFO: history_Experts:{[0.52 , 0.48] , [0.55 , 0.45] , [0.73 , 0.27] , [0.87 , 0.13]}
2025-12-17 15:34:25,158 MambaPro.train INFO: best_Experts:{[0.55 , 0.45]}
2025-12-17 15:34:25,158 MambaPro.train INFO: 🔥 MoE损失(Val): 平衡=0.1875, 稀疏性=0.4627, 多样性=1.2041, 总=0.0014 (权重: 平衡=0.001, 稀疏性=0.000, 多样性=0.001)
2025-12-17 15:34:25,158 MambaPro.train INFO:    📊 专家权重分布(Val, 2个专家): [0.87 , 0.13]
2025-12-17 15:35:12,969 MambaPro.train INFO: Epoch 21 done. Time per batch: 0.445[s] Speed: 71.8[samples/s]
2025-12-17 15:36:00,608 MambaPro.train INFO: Epoch 22 done. Time per batch: 0.445[s] Speed: 71.9[samples/s]
2025-12-17 15:36:45,769 MambaPro.train INFO: Epoch 23 done. Time per batch: 0.422[s] Speed: 75.8[samples/s]
2025-12-17 15:37:34,160 MambaPro.train INFO: Epoch 24 done. Time per batch: 0.452[s] Speed: 70.8[samples/s]
2025-12-17 15:38:19,749 MambaPro.train INFO: Epoch 25 done. Time per batch: 0.426[s] Speed: 75.1[samples/s]
2025-12-17 15:38:36,720 MambaPro.train INFO: Validation Results - Epoch: 25
2025-12-17 15:38:36,720 MambaPro.train INFO: Current mAP: 68.6%
2025-12-17 15:38:36,720 MambaPro.train INFO: CMC curve, Rank-1  :72.2%
2025-12-17 15:38:36,720 MambaPro.train INFO: CMC curve, Rank-5  :81.1%
2025-12-17 15:38:36,720 MambaPro.train INFO: CMC curve, Rank-10 :85.5%
2025-12-17 15:38:36,729 MambaPro.train INFO: [Epoch 25] 指标集合列表（历史）
2025-12-17 15:38:36,729 MambaPro.train INFO: history_mAP:{50.1 , 77.5 , 67.1 , 59.3 , 68.6}
2025-12-17 15:38:36,729 MambaPro.train INFO: best_mAP:{77.5}
2025-12-17 15:38:36,729 MambaPro.train INFO: history_Rank-1:{51.6 , 81.3 , 71.2 , 63.3 , 72.2}
2025-12-17 15:38:36,729 MambaPro.train INFO: best_Rank-1:{81.3}
2025-12-17 15:38:36,729 MambaPro.train INFO: history_Rank-5:{68.4 , 87.2 , 82.4 , 72.5 , 81.1}
2025-12-17 15:38:36,729 MambaPro.train INFO: best_Rank-5:{87.2}
2025-12-17 15:38:36,729 MambaPro.train INFO: history_Rank-10:{76.6 , 91.9 , 85.8 , 80.1 , 85.5}
2025-12-17 15:38:36,729 MambaPro.train INFO: best_Rank-10:{91.9}
2025-12-17 15:38:36,730 MambaPro.train INFO: history_Experts:{[0.52 , 0.48] , [0.55 , 0.45] , [0.73 , 0.27] , [0.87 , 0.13] , [0.92 , 0.08]}
2025-12-17 15:38:36,730 MambaPro.train INFO: best_Experts:{[0.55 , 0.45]}
2025-12-17 15:38:36,730 MambaPro.train INFO: 🔥 MoE损失(Val): 平衡=0.2978, 稀疏性=0.2848, 多样性=0.6643, 总=0.0010 (权重: 平衡=0.001, 稀疏性=0.000, 多样性=0.001)
2025-12-17 15:38:36,730 MambaPro.train INFO:    📊 专家权重分布(Val, 2个专家): [0.92 , 0.08]
2025-12-17 15:39:25,650 MambaPro.train INFO: Epoch 26 done. Time per batch: 0.456[s] Speed: 70.2[samples/s]
2025-12-17 15:40:10,843 MambaPro.train INFO: Epoch 27 done. Time per batch: 0.422[s] Speed: 75.8[samples/s]
2025-12-17 15:40:55,649 MambaPro.train INFO: Epoch 28 done. Time per batch: 0.423[s] Speed: 75.7[samples/s]
2025-12-17 15:41:40,907 MambaPro.train INFO: Epoch 29 done. Time per batch: 0.423[s] Speed: 75.7[samples/s]
2025-12-17 15:42:26,831 MambaPro.train INFO: Epoch 30 done. Time per batch: 0.429[s] Speed: 74.6[samples/s]
2025-12-17 15:42:44,345 MambaPro.train INFO: Validation Results - Epoch: 30
2025-12-17 15:42:44,345 MambaPro.train INFO: Current mAP: 67.6%
2025-12-17 15:42:44,345 MambaPro.train INFO: CMC curve, Rank-1  :73.3%
2025-12-17 15:42:44,345 MambaPro.train INFO: CMC curve, Rank-5  :80.4%
2025-12-17 15:42:44,345 MambaPro.train INFO: CMC curve, Rank-10 :84.7%
2025-12-17 15:42:44,348 MambaPro.train INFO: [Epoch 30] 指标集合列表（历史）
2025-12-17 15:42:44,349 MambaPro.train INFO: history_mAP:{50.1 , 77.5 , 67.1 , 59.3 , 68.6 , 67.6}
2025-12-17 15:42:44,349 MambaPro.train INFO: best_mAP:{77.5}
2025-12-17 15:42:44,349 MambaPro.train INFO: history_Rank-1:{51.6 , 81.3 , 71.2 , 63.3 , 72.2 , 73.3}
2025-12-17 15:42:44,349 MambaPro.train INFO: best_Rank-1:{81.3}
2025-12-17 15:42:44,349 MambaPro.train INFO: history_Rank-5:{68.4 , 87.2 , 82.4 , 72.5 , 81.1 , 80.4}
2025-12-17 15:42:44,349 MambaPro.train INFO: best_Rank-5:{87.2}
2025-12-17 15:42:44,349 MambaPro.train INFO: history_Rank-10:{76.6 , 91.9 , 85.8 , 80.1 , 85.5 , 84.7}
2025-12-17 15:42:44,349 MambaPro.train INFO: best_Rank-10:{91.9}
2025-12-17 15:42:44,349 MambaPro.train INFO: history_Experts:{[0.52 , 0.48] , [0.55 , 0.45] , [0.73 , 0.27] , [0.87 , 0.13] , [0.92 , 0.08] , [0.95 , 0.05]}
2025-12-17 15:42:44,349 MambaPro.train INFO: best_Experts:{[0.55 , 0.45]}
2025-12-17 15:42:44,349 MambaPro.train INFO: 🔥 MoE损失(Val): 平衡=0.3519, 稀疏性=0.2022, 多样性=0.4500, 总=0.0008 (权重: 平衡=0.001, 稀疏性=0.000, 多样性=0.001)
2025-12-17 15:42:44,349 MambaPro.train INFO:    📊 专家权重分布(Val, 2个专家): [0.95 , 0.05]
2025-12-17 15:43:32,441 MambaPro.train INFO: Epoch 31 done. Time per batch: 0.452[s] Speed: 70.7[samples/s]
2025-12-17 15:44:19,201 MambaPro.train INFO: Epoch 32 done. Time per batch: 0.437[s] Speed: 73.2[samples/s]
2025-12-17 15:45:06,669 MambaPro.train INFO: Epoch 33 done. Time per batch: 0.444[s] Speed: 72.1[samples/s]
2025-12-17 15:45:51,834 MambaPro.train INFO: Epoch 34 done. Time per batch: 0.422[s] Speed: 75.8[samples/s]
2025-12-17 15:46:37,042 MambaPro.train INFO: Epoch 35 done. Time per batch: 0.423[s] Speed: 75.7[samples/s]
2025-12-17 15:46:52,865 MambaPro.train INFO: Validation Results - Epoch: 35
2025-12-17 15:46:52,865 MambaPro.train INFO: Current mAP: 76.7%
2025-12-17 15:46:52,865 MambaPro.train INFO: CMC curve, Rank-1  :78.9%
2025-12-17 15:46:52,865 MambaPro.train INFO: CMC curve, Rank-5  :88.6%
2025-12-17 15:46:52,865 MambaPro.train INFO: CMC curve, Rank-10 :91.3%
2025-12-17 15:46:52,869 MambaPro.train INFO: [Epoch 35] 指标集合列表（历史）
2025-12-17 15:46:52,869 MambaPro.train INFO: history_mAP:{50.1 , 77.5 , 67.1 , 59.3 , 68.6 , 67.6 , 76.7}
2025-12-17 15:46:52,869 MambaPro.train INFO: best_mAP:{77.5}
2025-12-17 15:46:52,869 MambaPro.train INFO: history_Rank-1:{51.6 , 81.3 , 71.2 , 63.3 , 72.2 , 73.3 , 78.9}
2025-12-17 15:46:52,869 MambaPro.train INFO: best_Rank-1:{81.3}
2025-12-17 15:46:52,869 MambaPro.train INFO: history_Rank-5:{68.4 , 87.2 , 82.4 , 72.5 , 81.1 , 80.4 , 88.6}
2025-12-17 15:46:52,869 MambaPro.train INFO: best_Rank-5:{87.2}
2025-12-17 15:46:52,869 MambaPro.train INFO: history_Rank-10:{76.6 , 91.9 , 85.8 , 80.1 , 85.5 , 84.7 , 91.3}
2025-12-17 15:46:52,869 MambaPro.train INFO: best_Rank-10:{91.9}
2025-12-17 15:46:52,869 MambaPro.train INFO: history_Experts:{[0.52 , 0.48] , [0.55 , 0.45] , [0.73 , 0.27] , [0.87 , 0.13] , [0.92 , 0.08] , [0.95 , 0.05] , [0.96 , 0.04]}
2025-12-17 15:46:52,869 MambaPro.train INFO: best_Experts:{[0.55 , 0.45]}
2025-12-17 15:46:52,869 MambaPro.train INFO: 🔥 MoE损失(Val): 平衡=0.3856, 稀疏性=0.1518, 多样性=0.3285, 总=0.0007 (权重: 平衡=0.001, 稀疏性=0.000, 多样性=0.001)
2025-12-17 15:46:52,869 MambaPro.train INFO:    📊 专家权重分布(Val, 2个专家): [0.96 , 0.04]
2025-12-17 15:47:38,182 MambaPro.train INFO: Epoch 36 done. Time per batch: 0.422[s] Speed: 75.8[samples/s]
2025-12-17 15:48:23,340 MambaPro.train INFO: Epoch 37 done. Time per batch: 0.422[s] Speed: 75.8[samples/s]
2025-12-17 15:49:08,524 MambaPro.train INFO: Epoch 38 done. Time per batch: 0.422[s] Speed: 75.8[samples/s]
2025-12-17 15:49:53,683 MambaPro.train INFO: Epoch 39 done. Time per batch: 0.422[s] Speed: 75.8[samples/s]
2025-12-17 15:50:38,831 MambaPro.train INFO: Epoch 40 done. Time per batch: 0.422[s] Speed: 75.8[samples/s]
2025-12-17 15:50:55,002 MambaPro.train INFO: Validation Results - Epoch: 40
2025-12-17 15:50:55,002 MambaPro.train INFO: Current mAP: 76.2%
2025-12-17 15:50:55,002 MambaPro.train INFO: CMC curve, Rank-1  :80.0%
2025-12-17 15:50:55,002 MambaPro.train INFO: CMC curve, Rank-5  :86.6%
2025-12-17 15:50:55,002 MambaPro.train INFO: CMC curve, Rank-10 :89.1%
2025-12-17 15:50:55,005 MambaPro.train INFO: [Epoch 40] 指标集合列表（历史）
2025-12-17 15:50:55,005 MambaPro.train INFO: history_mAP:{50.1 , 77.5 , 67.1 , 59.3 , 68.6 , 67.6 , 76.7 , 76.2}
2025-12-17 15:50:55,005 MambaPro.train INFO: best_mAP:{77.5}
2025-12-17 15:50:55,005 MambaPro.train INFO: history_Rank-1:{51.6 , 81.3 , 71.2 , 63.3 , 72.2 , 73.3 , 78.9 , 80.0}
2025-12-17 15:50:55,005 MambaPro.train INFO: best_Rank-1:{81.3}
2025-12-17 15:50:55,005 MambaPro.train INFO: history_Rank-5:{68.4 , 87.2 , 82.4 , 72.5 , 81.1 , 80.4 , 88.6 , 86.6}
2025-12-17 15:50:55,005 MambaPro.train INFO: best_Rank-5:{87.2}
2025-12-17 15:50:55,005 MambaPro.train INFO: history_Rank-10:{76.6 , 91.9 , 85.8 , 80.1 , 85.5 , 84.7 , 91.3 , 89.1}
2025-12-17 15:50:55,005 MambaPro.train INFO: best_Rank-10:{91.9}
2025-12-17 15:50:55,005 MambaPro.train INFO: history_Experts:{[0.52 , 0.48] , [0.55 , 0.45] , [0.73 , 0.27] , [0.87 , 0.13] , [0.92 , 0.08] , [0.95 , 0.05] , [0.96 , 0.04] , [0.97 , 0.03]}
2025-12-17 15:50:55,005 MambaPro.train INFO: best_Experts:{[0.55 , 0.45]}
2025-12-17 15:50:55,005 MambaPro.train INFO: 🔥 MoE损失(Val): 平衡=0.4043, 稀疏性=0.1242, 多样性=0.2648, 总=0.0007 (权重: 平衡=0.001, 稀疏性=0.000, 多样性=0.001)
2025-12-17 15:50:55,005 MambaPro.train INFO:    📊 专家权重分布(Val, 2个专家): [0.97 , 0.03]
2025-12-17 15:51:39,879 MambaPro.train INFO: Epoch 41 done. Time per batch: 0.422[s] Speed: 75.8[samples/s]
2025-12-17 15:52:24,633 MambaPro.train INFO: Epoch 42 done. Time per batch: 0.422[s] Speed: 75.8[samples/s]
2025-12-17 15:53:09,769 MambaPro.train INFO: Epoch 43 done. Time per batch: 0.422[s] Speed: 75.9[samples/s]
2025-12-17 15:53:54,474 MambaPro.train INFO: Epoch 44 done. Time per batch: 0.422[s] Speed: 75.9[samples/s]
2025-12-17 15:54:39,603 MambaPro.train INFO: Epoch 45 done. Time per batch: 0.422[s] Speed: 75.9[samples/s]
2025-12-17 15:54:55,425 MambaPro.train INFO: Validation Results - Epoch: 45
2025-12-17 15:54:55,425 MambaPro.train INFO: Current mAP: 77.8%
2025-12-17 15:54:55,425 MambaPro.train INFO: CMC curve, Rank-1  :81.6%
2025-12-17 15:54:55,425 MambaPro.train INFO: CMC curve, Rank-5  :88.4%
2025-12-17 15:54:55,425 MambaPro.train INFO: CMC curve, Rank-10 :91.3%
2025-12-17 15:54:55,430 MambaPro.train INFO: 🎯 New Best! Saving model...
2025-12-17 15:54:55,963 MambaPro.train INFO: [Epoch 45] 指标集合列表（历史）
2025-12-17 15:54:55,963 MambaPro.train INFO: history_mAP:{50.1 , 77.5 , 67.1 , 59.3 , 68.6 , 67.6 , 76.7 , 76.2 , 77.8}
2025-12-17 15:54:55,963 MambaPro.train INFO: best_mAP:{77.8}
2025-12-17 15:54:55,963 MambaPro.train INFO: history_Rank-1:{51.6 , 81.3 , 71.2 , 63.3 , 72.2 , 73.3 , 78.9 , 80.0 , 81.6}
2025-12-17 15:54:55,963 MambaPro.train INFO: best_Rank-1:{81.6}
2025-12-17 15:54:55,963 MambaPro.train INFO: history_Rank-5:{68.4 , 87.2 , 82.4 , 72.5 , 81.1 , 80.4 , 88.6 , 86.6 , 88.4}
2025-12-17 15:54:55,963 MambaPro.train INFO: best_Rank-5:{88.4}
2025-12-17 15:54:55,963 MambaPro.train INFO: history_Rank-10:{76.6 , 91.9 , 85.8 , 80.1 , 85.5 , 84.7 , 91.3 , 89.1}
2025-12-17 15:54:55,963 MambaPro.train INFO: best_Rank-10:{91.9}
2025-12-17 15:54:55,963 MambaPro.train INFO: history_Experts:{[0.52 , 0.48] , [0.55 , 0.45] , [0.73 , 0.27] , [0.87 , 0.13] , [0.92 , 0.08] , [0.95 , 0.05] , [0.96 , 0.04] , [0.97 , 0.03] , [0.97 , 0.03]}
2025-12-17 15:54:55,963 MambaPro.train INFO: best_Experts:{[0.97 , 0.03]}
2025-12-17 15:54:55,963 MambaPro.train INFO: 🔥 MoE损失(Val): 平衡=0.4161, 稀疏性=0.1069, 多样性=0.2259, 总=0.0007 (权重: 平衡=0.001, 稀疏性=0.000, 多样性=0.001)
2025-12-17 15:54:55,963 MambaPro.train INFO:    📊 专家权重分布(Val, 2个专家): [0.97 , 0.03]
2025-12-17 15:55:41,245 MambaPro.train INFO: Epoch 46 done. Time per batch: 0.422[s] Speed: 75.9[samples/s]
2025-12-17 15:56:26,394 MambaPro.train INFO: Epoch 47 done. Time per batch: 0.422[s] Speed: 75.8[samples/s]
2025-12-17 15:57:11,569 MambaPro.train INFO: Epoch 48 done. Time per batch: 0.422[s] Speed: 75.8[samples/s]
2025-12-17 15:57:56,303 MambaPro.train INFO: Epoch 49 done. Time per batch: 0.422[s] Speed: 75.8[samples/s]
2025-12-17 15:58:41,508 MambaPro.train INFO: Epoch 50 done. Time per batch: 0.422[s] Speed: 75.7[samples/s]
2025-12-17 15:58:57,669 MambaPro.train INFO: Validation Results - Epoch: 50
2025-12-17 15:58:57,669 MambaPro.train INFO: Current mAP: 77.5%
2025-12-17 15:58:57,669 MambaPro.train INFO: CMC curve, Rank-1  :81.8%
2025-12-17 15:58:57,669 MambaPro.train INFO: CMC curve, Rank-5  :87.8%
2025-12-17 15:58:57,669 MambaPro.train INFO: CMC curve, Rank-10 :91.1%
2025-12-17 15:58:57,674 MambaPro.train INFO: [Epoch 50] 指标集合列表（历史）
2025-12-17 15:58:57,674 MambaPro.train INFO: history_mAP:{50.1 , 77.5 , 67.1 , 59.3 , 68.6 , 67.6 , 76.7 , 76.2 , 77.8 , 77.5}
2025-12-17 15:58:57,674 MambaPro.train INFO: best_mAP:{77.8}
2025-12-17 15:58:57,674 MambaPro.train INFO: history_Rank-1:{51.6 , 81.3 , 71.2 , 63.3 , 72.2 , 73.3 , 78.9 , 80.0 , 81.6 , 81.8}
2025-12-17 15:58:57,674 MambaPro.train INFO: best_Rank-1:{81.6}
2025-12-17 15:58:57,674 MambaPro.train INFO: history_Rank-5:{68.4 , 87.2 , 82.4 , 72.5 , 81.1 , 80.4 , 88.6 , 86.6 , 88.4 , 87.8}
2025-12-17 15:58:57,674 MambaPro.train INFO: best_Rank-5:{88.4}
2025-12-17 15:58:57,674 MambaPro.train INFO: history_Rank-10:{76.6 , 91.9 , 85.8 , 80.1 , 85.5 , 84.7 , 91.3 , 89.1 , 91.1}
2025-12-17 15:58:57,674 MambaPro.train INFO: best_Rank-10:{91.9}
2025-12-17 15:58:57,674 MambaPro.train INFO: history_Experts:{[0.52 , 0.48] , [0.55 , 0.45] , [0.73 , 0.27] , [0.87 , 0.13] , [0.92 , 0.08] , [0.95 , 0.05] , [0.96 , 0.04] , [0.97 , 0.03] , [0.97 , 0.03] , [0.98 , 0.02]}
2025-12-17 15:58:57,674 MambaPro.train INFO: best_Experts:{[0.97 , 0.03]}
2025-12-17 15:58:57,674 MambaPro.train INFO: 🔥 MoE损失(Val): 平衡=0.4236, 稀疏性=0.0959, 多样性=0.2015, 总=0.0006 (权重: 平衡=0.001, 稀疏性=0.000, 多样性=0.001)
2025-12-17 15:58:57,674 MambaPro.train INFO:    📊 专家权重分布(Val, 2个专家): [0.98 , 0.02]
2025-12-17 15:59:43,016 MambaPro.train INFO: Epoch 51 done. Time per batch: 0.422[s] Speed: 75.8[samples/s]
2025-12-17 16:00:27,830 MambaPro.train INFO: Epoch 52 done. Time per batch: 0.423[s] Speed: 75.7[samples/s]
2025-12-17 16:01:13,007 MambaPro.train INFO: Epoch 53 done. Time per batch: 0.422[s] Speed: 75.8[samples/s]
2025-12-17 16:01:58,235 MambaPro.train INFO: Epoch 54 done. Time per batch: 0.423[s] Speed: 75.7[samples/s]
2025-12-17 16:02:42,991 MambaPro.train INFO: Epoch 55 done. Time per batch: 0.422[s] Speed: 75.8[samples/s]
2025-12-17 16:02:58,861 MambaPro.train INFO: Validation Results - Epoch: 55
2025-12-17 16:02:58,861 MambaPro.train INFO: Current mAP: 77.1%
2025-12-17 16:02:58,861 MambaPro.train INFO: CMC curve, Rank-1  :80.9%
2025-12-17 16:02:58,861 MambaPro.train INFO: CMC curve, Rank-5  :87.8%
2025-12-17 16:02:58,861 MambaPro.train INFO: CMC curve, Rank-10 :90.8%
2025-12-17 16:02:58,865 MambaPro.train INFO: [Epoch 55] 指标集合列表（历史）
2025-12-17 16:02:58,865 MambaPro.train INFO: history_mAP:{50.1 , 77.5 , 67.1 , 59.3 , 68.6 , 67.6 , 76.7 , 76.2 , 77.8 , 77.5 , 77.1}
2025-12-17 16:02:58,865 MambaPro.train INFO: best_mAP:{77.8}
2025-12-17 16:02:58,865 MambaPro.train INFO: history_Rank-1:{51.6 , 81.3 , 71.2 , 63.3 , 72.2 , 73.3 , 78.9 , 80.0 , 81.6 , 81.8 , 80.9}
2025-12-17 16:02:58,865 MambaPro.train INFO: best_Rank-1:{81.6}
2025-12-17 16:02:58,865 MambaPro.train INFO: history_Rank-5:{68.4 , 87.2 , 82.4 , 72.5 , 81.1 , 80.4 , 88.6 , 86.6 , 88.4 , 87.8}
2025-12-17 16:02:58,865 MambaPro.train INFO: best_Rank-5:{88.4}
2025-12-17 16:02:58,865 MambaPro.train INFO: history_Rank-10:{76.6 , 91.9 , 85.8 , 80.1 , 85.5 , 84.7 , 91.3 , 89.1 , 91.1 , 90.8}
2025-12-17 16:02:58,865 MambaPro.train INFO: best_Rank-10:{91.9}
2025-12-17 16:02:58,865 MambaPro.train INFO: history_Experts:{[0.52 , 0.48] , [0.55 , 0.45] , [0.73 , 0.27] , [0.87 , 0.13] , [0.92 , 0.08] , [0.95 , 0.05] , [0.96 , 0.04] , [0.97 , 0.03] , [0.97 , 0.03] , [0.98 , 0.02] , [0.98 , 0.02]}
2025-12-17 16:02:58,865 MambaPro.train INFO: best_Experts:{[0.97 , 0.03]}
2025-12-17 16:02:58,865 MambaPro.train INFO: 🔥 MoE损失(Val): 平衡=0.4297, 稀疏性=0.0869, 多样性=0.1818, 总=0.0006 (权重: 平衡=0.001, 稀疏性=0.000, 多样性=0.001)
2025-12-17 16:02:58,865 MambaPro.train INFO:    📊 专家权重分布(Val, 2个专家): [0.98 , 0.02]
2025-12-17 16:03:43,826 MambaPro.train INFO: Epoch 56 done. Time per batch: 0.423[s] Speed: 75.7[samples/s]
2025-12-17 16:04:28,993 MambaPro.train INFO: Epoch 57 done. Time per batch: 0.422[s] Speed: 75.8[samples/s]
2025-12-17 16:05:14,251 MambaPro.train INFO: Epoch 58 done. Time per batch: 0.423[s] Speed: 75.7[samples/s]
2025-12-17 16:05:59,437 MambaPro.train INFO: Epoch 59 done. Time per batch: 0.422[s] Speed: 75.8[samples/s]
2025-12-17 16:06:44,310 MambaPro.train INFO: Epoch 60 done. Time per batch: 0.423[s] Speed: 75.6[samples/s]
2025-12-17 16:07:00,502 MambaPro.train INFO: Validation Results - Epoch: 60
2025-12-17 16:07:00,502 MambaPro.train INFO: Current mAP: 77.3%
2025-12-17 16:07:00,502 MambaPro.train INFO: CMC curve, Rank-1  :81.2%
2025-12-17 16:07:00,502 MambaPro.train INFO: CMC curve, Rank-5  :88.3%
2025-12-17 16:07:00,503 MambaPro.train INFO: CMC curve, Rank-10 :91.4%
2025-12-17 16:07:00,507 MambaPro.train INFO: [Epoch 60] 指标集合列表（历史）
2025-12-17 16:07:00,507 MambaPro.train INFO: history_mAP:{50.1 , 77.5 , 67.1 , 59.3 , 68.6 , 67.6 , 76.7 , 76.2 , 77.8 , 77.5 , 77.1 , 77.3}
2025-12-17 16:07:00,507 MambaPro.train INFO: best_mAP:{77.8}
2025-12-17 16:07:00,507 MambaPro.train INFO: history_Rank-1:{51.6 , 81.3 , 71.2 , 63.3 , 72.2 , 73.3 , 78.9 , 80.0 , 81.6 , 81.8 , 80.9 , 81.2}
2025-12-17 16:07:00,507 MambaPro.train INFO: best_Rank-1:{81.6}
2025-12-17 16:07:00,507 MambaPro.train INFO: history_Rank-5:{68.4 , 87.2 , 82.4 , 72.5 , 81.1 , 80.4 , 88.6 , 86.6 , 88.4 , 87.8 , 88.3}
2025-12-17 16:07:00,507 MambaPro.train INFO: best_Rank-5:{88.4}
2025-12-17 16:07:00,507 MambaPro.train INFO: history_Rank-10:{76.6 , 91.9 , 85.8 , 80.1 , 85.5 , 84.7 , 91.3 , 89.1 , 91.1 , 90.8 , 91.4}
2025-12-17 16:07:00,507 MambaPro.train INFO: best_Rank-10:{91.9}
2025-12-17 16:07:00,507 MambaPro.train INFO: history_Experts:{[0.52 , 0.48] , [0.55 , 0.45] , [0.73 , 0.27] , [0.87 , 0.13] , [0.92 , 0.08] , [0.95 , 0.05] , [0.96 , 0.04] , [0.97 , 0.03] , [0.97 , 0.03] , [0.98 , 0.02] , [0.98 , 0.02] , [0.98 , 0.02]}
2025-12-17 16:07:00,507 MambaPro.train INFO: best_Experts:{[0.97 , 0.03]}
2025-12-17 16:07:00,507 MambaPro.train INFO: 🔥 MoE损失(Val): 平衡=0.4342, 稀疏性=0.0804, 多样性=0.1676, 总=0.0006 (权重: 平衡=0.001, 稀疏性=0.000, 多样性=0.001)
2025-12-17 16:07:00,507 MambaPro.train INFO:    📊 专家权重分布(Val, 2个专家): [0.98 , 0.02]
2025-12-17 16:07:00,659 MambaPro.train INFO: ============================================================
