2025-12-12 02:55:14,902 MambaPro INFO: ================================================================================
2025-12-12 02:55:14,902 MambaPro INFO: 🧾 实验参数快照（命令行 + 最终配置）
2025-12-12 02:55:14,902 MambaPro INFO: ================================================================================
2025-12-12 02:55:14,902 MambaPro INFO: 【复现实验命令】
2025-12-12 02:55:14,903 MambaPro INFO: /home/zubuntu/miniconda/envs/MambaPro/bin/python train_net.py --config_file mybest_model/experiment_20251013_110028/configs/experiment_config.yml OUTPUT_DIR ./outputs/replay_best_tml
2025-12-12 02:55:14,903 MambaPro INFO: 【命令行参数（args）】
2025-12-12 02:55:14,903 MambaPro INFO: {
2025-12-12 02:55:14,903 MambaPro INFO:   "config_file": "mybest_model/experiment_20251013_110028/configs/experiment_config.yml",
2025-12-12 02:55:14,903 MambaPro INFO:   "fea_cft": 0,
2025-12-12 02:55:14,903 MambaPro INFO:   "opts": [
2025-12-12 02:55:14,903 MambaPro INFO:     "OUTPUT_DIR",
2025-12-12 02:55:14,903 MambaPro INFO:     "./outputs/replay_best_tml"
2025-12-12 02:55:14,903 MambaPro INFO:   ],
2025-12-12 02:55:14,903 MambaPro INFO:   "local_rank": 0,
2025-12-12 02:55:14,903 MambaPro INFO:   "use_multi_scale": false,
2025-12-12 02:55:14,903 MambaPro INFO:   "no_multi_scale": false,
2025-12-12 02:55:14,903 MambaPro INFO:   "use_moe": false,
2025-12-12 02:55:14,903 MambaPro INFO:   "disable_moe": false,
2025-12-12 02:55:14,903 MambaPro INFO:   "no_moe": false,
2025-12-12 02:55:14,903 MambaPro INFO:   "use_attention": false,
2025-12-12 02:55:14,903 MambaPro INFO:   "disable_attention": false,
2025-12-12 02:55:14,903 MambaPro INFO:   "attention_heads": 8,
2025-12-12 02:55:14,903 MambaPro INFO:   "attention_dropout": 0.1
2025-12-12 02:55:14,903 MambaPro INFO: }
2025-12-12 02:55:14,903 MambaPro INFO: 【工作目录】/home/zubuntu/workspace/yzy/MambaPro
2025-12-12 02:55:14,903 MambaPro INFO: 【最终配置（YAML）】
2025-12-12 02:55:14,906 MambaPro INFO: DATALOADER:
2025-12-12 02:55:14,906 MambaPro INFO:   NUM_INSTANCE: 8
2025-12-12 02:55:14,906 MambaPro INFO:   NUM_WORKERS: 8
2025-12-12 02:55:14,906 MambaPro INFO:   SAMPLER: softmax_triplet
2025-12-12 02:55:14,906 MambaPro INFO: DATASETS:
2025-12-12 02:55:14,906 MambaPro INFO:   NAMES: RGBNT201
2025-12-12 02:55:14,906 MambaPro INFO:   ROOT_DIR: /home/zubuntu/workspace/yzy/MambaPro/data/
2025-12-12 02:55:14,906 MambaPro INFO: INPUT:
2025-12-12 02:55:14,906 MambaPro INFO:   PADDING: 10
2025-12-12 02:55:14,906 MambaPro INFO:   PIXEL_MEAN:
2025-12-12 02:55:14,906 MambaPro INFO:   - 0.5
2025-12-12 02:55:14,906 MambaPro INFO:   - 0.5
2025-12-12 02:55:14,906 MambaPro INFO:   - 0.5
2025-12-12 02:55:14,906 MambaPro INFO:   PIXEL_STD:
2025-12-12 02:55:14,906 MambaPro INFO:   - 0.5
2025-12-12 02:55:14,906 MambaPro INFO:   - 0.5
2025-12-12 02:55:14,906 MambaPro INFO:   - 0.5
2025-12-12 02:55:14,906 MambaPro INFO:   PROB: 0.5
2025-12-12 02:55:14,906 MambaPro INFO:   RE_PROB: 0.5
2025-12-12 02:55:14,906 MambaPro INFO:   SIZE_TEST:
2025-12-12 02:55:14,906 MambaPro INFO:   - 256
2025-12-12 02:55:14,906 MambaPro INFO:   - 128
2025-12-12 02:55:14,906 MambaPro INFO:   SIZE_TRAIN:
2025-12-12 02:55:14,906 MambaPro INFO:   - 256
2025-12-12 02:55:14,906 MambaPro INFO:   - 128
2025-12-12 02:55:14,906 MambaPro INFO: MODEL:
2025-12-12 02:55:14,906 MambaPro INFO:   ADAPTER: true
2025-12-12 02:55:14,906 MambaPro INFO:   ATTENTION_DIM: 512
2025-12-12 02:55:14,906 MambaPro INFO:   ATTENTION_DROPOUT: 0.1
2025-12-12 02:55:14,906 MambaPro INFO:   ATTENTION_NUM_HEADS: 8
2025-12-12 02:55:14,906 MambaPro INFO:   ATT_DROP_RATE: 0.0
2025-12-12 02:55:14,906 MambaPro INFO:   CLIP_MULTI_SCALE_SCALES:
2025-12-12 02:55:14,906 MambaPro INFO:   - 4
2025-12-12 02:55:14,906 MambaPro INFO:   - 8
2025-12-12 02:55:14,906 MambaPro INFO:   - 16
2025-12-12 02:55:14,906 MambaPro INFO:   DEVICE: cuda
2025-12-12 02:55:14,906 MambaPro INFO:   DEVICE_ID: '0'
2025-12-12 02:55:14,906 MambaPro INFO:   DIRECT: 1
2025-12-12 02:55:14,906 MambaPro INFO:   DIST_TRAIN: false
2025-12-12 02:55:14,906 MambaPro INFO:   DROP_OUT: 0.0
2025-12-12 02:55:14,906 MambaPro INFO:   DROP_PATH: 0.1
2025-12-12 02:55:14,906 MambaPro INFO:   FLOPS_TEST: false
2025-12-12 02:55:14,906 MambaPro INFO:   FROZEN: true
2025-12-12 02:55:14,906 MambaPro INFO:   GATE_DROPOUT: 0.1
2025-12-12 02:55:14,906 MambaPro INFO:   ID_LOSS_TYPE: softmax
2025-12-12 02:55:14,906 MambaPro INFO:   ID_LOSS_WEIGHT: 0.25
2025-12-12 02:55:14,906 MambaPro INFO:   IF_LABELSMOOTH: 'on'
2025-12-12 02:55:14,906 MambaPro INFO:   IF_WITH_CENTER: 'no'
2025-12-12 02:55:14,906 MambaPro INFO:   LAYER: -1
2025-12-12 02:55:14,906 MambaPro INFO:   MAMBA: true
2025-12-12 02:55:14,906 MambaPro INFO:   MAMBA_BI: false
2025-12-12 02:55:14,906 MambaPro INFO:   METRIC_LOSS_TYPE: triplet
2025-12-12 02:55:14,906 MambaPro INFO:   MOE_BALANCE_LOSS_WEIGHT: 0.01
2025-12-12 02:55:14,906 MambaPro INFO:   MOE_DIVERSITY_LOSS_WEIGHT: 0.01
2025-12-12 02:55:14,906 MambaPro INFO:   MOE_EXPERT_DROPOUT: 0.1
2025-12-12 02:55:14,906 MambaPro INFO:   MOE_EXPERT_HIDDEN_DIM: 1024
2025-12-12 02:55:14,906 MambaPro INFO:   MOE_EXPERT_LAYERS: 2
2025-12-12 02:55:14,906 MambaPro INFO:   MOE_EXPERT_THRESHOLD: 0.1
2025-12-12 02:55:14,906 MambaPro INFO:   MOE_FIXED_WEIGHTS:
2025-12-12 02:55:14,906 MambaPro INFO:   - 0.33
2025-12-12 02:55:14,906 MambaPro INFO:   - 0.33
2025-12-12 02:55:14,906 MambaPro INFO:   - 0.34
2025-12-12 02:55:14,906 MambaPro INFO:   MOE_GATE_DROPOUT: 0.1
2025-12-12 02:55:14,906 MambaPro INFO:   MOE_GATE_LAYERS: 2
2025-12-12 02:55:14,906 MambaPro INFO:   MOE_INIT_WEIGHTS: null
2025-12-12 02:55:14,906 MambaPro INFO:   MOE_NUM_EXPERTS: 3
2025-12-12 02:55:14,906 MambaPro INFO:   MOE_RESIDUAL_WEIGHT: 1.0
2025-12-12 02:55:14,906 MambaPro INFO:   MOE_SCALES:
2025-12-12 02:55:14,906 MambaPro INFO:   - 4
2025-12-12 02:55:14,906 MambaPro INFO:   - 8
2025-12-12 02:55:14,906 MambaPro INFO:   - 16
2025-12-12 02:55:14,907 MambaPro INFO:   MOE_SPARSITY_LOSS_WEIGHT: 0.001
2025-12-12 02:55:14,907 MambaPro INFO:   MOE_TEMPERATURE: 0.7
2025-12-12 02:55:14,907 MambaPro INFO:   MOE_TOP_K: 2
2025-12-12 02:55:14,907 MambaPro INFO:   MOE_TOP_K_MODE: soft
2025-12-12 02:55:14,907 MambaPro INFO:   MOE_USE_FIXED_WEIGHTS: false
2025-12-12 02:55:14,907 MambaPro INFO:   MOE_USE_TOP_K_ROUTING: false
2025-12-12 02:55:14,907 MambaPro INFO:   MULTI_SCALE_SCALES:
2025-12-12 02:55:14,907 MambaPro INFO:   - 4
2025-12-12 02:55:14,907 MambaPro INFO:   - 8
2025-12-12 02:55:14,907 MambaPro INFO:   - 16
2025-12-12 02:55:14,907 MambaPro INFO:   NAME: MambaPro
2025-12-12 02:55:14,907 MambaPro INFO:   NECK: bnneck
2025-12-12 02:55:14,907 MambaPro INFO:   NO_MARGIN: true
2025-12-12 02:55:14,907 MambaPro INFO:   PREFIX_NUM: 1
2025-12-12 02:55:14,907 MambaPro INFO:   PRETRAIN_PATH_T: /home/zubuntu/workspace/yzy/MambaPro/pths/ViT-B-16.pt
2025-12-12 02:55:14,907 MambaPro INFO:   PROMPT: true
2025-12-12 02:55:14,907 MambaPro INFO:   SIE_CAMERA: true
2025-12-12 02:55:14,907 MambaPro INFO:   SIE_COE: 1.0
2025-12-12 02:55:14,907 MambaPro INFO:   SIE_VIEW: false
2025-12-12 02:55:14,907 MambaPro INFO:   STRIDE_SIZE:
2025-12-12 02:55:14,907 MambaPro INFO:   - 16
2025-12-12 02:55:14,907 MambaPro INFO:   - 16
2025-12-12 02:55:14,907 MambaPro INFO:   TRANSFORMER_TYPE: ViT-B-16
2025-12-12 02:55:14,907 MambaPro INFO:   TRIPLET_LOSS_WEIGHT: 1.0
2025-12-12 02:55:14,907 MambaPro INFO:   USE_ATTENTION_FUSION: false
2025-12-12 02:55:14,907 MambaPro INFO:   USE_CLIP_MULTI_SCALE: true
2025-12-12 02:55:14,907 MambaPro INFO:   USE_GATE_FUSION: false
2025-12-12 02:55:14,907 MambaPro INFO:   USE_MULTI_SCALE: false
2025-12-12 02:55:14,907 MambaPro INFO:   USE_MULTI_SCALE_MOE: true
2025-12-12 02:55:14,907 MambaPro INFO: OUTPUT_DIR: ./outputs/replay_best_tml/run_20251212_025514
2025-12-12 02:55:14,907 MambaPro INFO: SOLVER:
2025-12-12 02:55:14,907 MambaPro INFO:   BASE_LR: 0.0005
2025-12-12 02:55:14,907 MambaPro INFO:   BIAS_LR_FACTOR: 2
2025-12-12 02:55:14,907 MambaPro INFO:   CENTER_LOSS_WEIGHT: 0.0005
2025-12-12 02:55:14,907 MambaPro INFO:   CENTER_LR: 0.5
2025-12-12 02:55:14,907 MambaPro INFO:   CHECKPOINT_PERIOD: 10
2025-12-12 02:55:14,907 MambaPro INFO:   CLUSTER_MARGIN: 0.3
2025-12-12 02:55:14,907 MambaPro INFO:   COSINE_MARGIN: 0.5
2025-12-12 02:55:14,907 MambaPro INFO:   COSINE_SCALE: 30
2025-12-12 02:55:14,907 MambaPro INFO:   EVAL_PERIOD: 5
2025-12-12 02:55:14,907 MambaPro INFO:   GAMMA: 0.1
2025-12-12 02:55:14,907 MambaPro INFO:   IMS_PER_BATCH: 32
2025-12-12 02:55:14,907 MambaPro INFO:   LARGE_FC_LR: false
2025-12-12 02:55:14,907 MambaPro INFO:   LOG_PERIOD: 10
2025-12-12 02:55:14,907 MambaPro INFO:   MARGIN: 0.3
2025-12-12 02:55:14,907 MambaPro INFO:   MAX_EPOCHS: 60
2025-12-12 02:55:14,907 MambaPro INFO:   MOE_BALANCE_LOSS_WEIGHT: 0.001
2025-12-12 02:55:14,907 MambaPro INFO:   MOE_BALANCE_LOSS_WEIGHT_END: 0.1
2025-12-12 02:55:14,907 MambaPro INFO:   MOE_BALANCE_LOSS_WEIGHT_START: 0.001
2025-12-12 02:55:14,907 MambaPro INFO:   MOE_BALANCE_THRESHOLD: 0.3
2025-12-12 02:55:14,907 MambaPro INFO:   MOE_DIVERSITY_LOSS_WEIGHT: 0.001
2025-12-12 02:55:14,907 MambaPro INFO:   MOE_DIVERSITY_LOSS_WEIGHT_END: 0.1
2025-12-12 02:55:14,907 MambaPro INFO:   MOE_DIVERSITY_LOSS_WEIGHT_START: 0.001
2025-12-12 02:55:14,907 MambaPro INFO:   MOE_GATE_LR_FACTOR: 0.01
2025-12-12 02:55:14,907 MambaPro INFO:   MOE_LOSS_WEIGHT_SCHEDULE_TYPE: cosine
2025-12-12 02:55:14,907 MambaPro INFO:   MOE_LOSS_WEIGHT_WARMUP_EPOCHS: 5
2025-12-12 02:55:14,907 MambaPro INFO:   MOE_SPARSITY_LOSS_WEIGHT: 0.0001
2025-12-12 02:55:14,907 MambaPro INFO:   MOE_USE_DYNAMIC_LOSS_WEIGHT: false
2025-12-12 02:55:14,907 MambaPro INFO:   MOMENTUM: 0.9
2025-12-12 02:55:14,907 MambaPro INFO:   OPTIMIZER_NAME: Adam
2025-12-12 02:55:14,907 MambaPro INFO:   RANGE_ALPHA: 0
2025-12-12 02:55:14,907 MambaPro INFO:   RANGE_BETA: 1
2025-12-12 02:55:14,907 MambaPro INFO:   RANGE_K: 2
2025-12-12 02:55:14,907 MambaPro INFO:   RANGE_LOSS_WEIGHT: 1
2025-12-12 02:55:14,907 MambaPro INFO:   RANGE_MARGIN: 0.3
2025-12-12 02:55:14,907 MambaPro INFO:   SEED: 42
2025-12-12 02:55:14,907 MambaPro INFO:   STEPS:
2025-12-12 02:55:14,907 MambaPro INFO:   - 30
2025-12-12 02:55:14,907 MambaPro INFO:   - 50
2025-12-12 02:55:14,907 MambaPro INFO:   WARMUP_FACTOR: 0.01
2025-12-12 02:55:14,907 MambaPro INFO:   WARMUP_ITERS: 20
2025-12-12 02:55:14,907 MambaPro INFO:   WARMUP_METHOD: linear
2025-12-12 02:55:14,907 MambaPro INFO:   WEIGHT_DECAY: 0.0005
2025-12-12 02:55:14,907 MambaPro INFO:   WEIGHT_DECAY_BIAS: 0.0005
2025-12-12 02:55:14,907 MambaPro INFO: TEST:
2025-12-12 02:55:14,907 MambaPro INFO:   FEAT: 0
2025-12-12 02:55:14,907 MambaPro INFO:   FEAT_NORM: 'yes'
2025-12-12 02:55:14,907 MambaPro INFO:   IMS_PER_BATCH: 64
2025-12-12 02:55:14,907 MambaPro INFO:   MISS: nothing
2025-12-12 02:55:14,907 MambaPro INFO:   NECK_FEAT: after
2025-12-12 02:55:14,907 MambaPro INFO:   RE_RANKING: 'no'
2025-12-12 02:55:14,907 MambaPro INFO:   WEIGHT: /home/zubuntu/workspace/yzy/MambaPro/pths/MambaProbest.pth
2025-12-12 02:55:14,907 MambaPro INFO: ================================================================================
2025-12-12 02:55:17,016 MambaPro.train INFO: start training
2025-12-12 02:55:37,181 MambaPro.train INFO: Epoch 1 done. Time per batch: 0.188[s] Speed: 169.9[samples/s]
2025-12-12 02:55:57,062 MambaPro.train INFO: Epoch 2 done. Time per batch: 0.186[s] Speed: 172.2[samples/s]
2025-12-12 02:56:16,929 MambaPro.train INFO: Epoch 3 done. Time per batch: 0.186[s] Speed: 172.4[samples/s]
2025-12-12 02:56:36,833 MambaPro.train INFO: Epoch 4 done. Time per batch: 0.186[s] Speed: 172.0[samples/s]
2025-12-12 02:56:56,694 MambaPro.train INFO: Epoch 5 done. Time per batch: 0.186[s] Speed: 172.4[samples/s]
2025-12-12 02:57:04,238 MambaPro.train INFO: Validation Results - Epoch: 5
2025-12-12 02:57:04,239 MambaPro.train INFO: Current mAP: 56.0%
2025-12-12 02:57:04,239 MambaPro.train INFO: CMC curve, Rank-1  :57.1%
2025-12-12 02:57:04,239 MambaPro.train INFO: CMC curve, Rank-5  :70.6%
2025-12-12 02:57:04,239 MambaPro.train INFO: CMC curve, Rank-10 :78.3%
2025-12-12 02:57:04,240 MambaPro.train INFO: 🎯 New Best! Saving model...
2025-12-12 02:57:04,635 MambaPro.train INFO: [Epoch 5] 指标集合列表（历史）
2025-12-12 02:57:04,635 MambaPro.train INFO: history_mAP:{56.0}
2025-12-12 02:57:04,635 MambaPro.train INFO: best_mAP:{56.0}
2025-12-12 02:57:04,635 MambaPro.train INFO: history_Rank-1:{57.1}
2025-12-12 02:57:04,635 MambaPro.train INFO: best_Rank-1:{57.1}
2025-12-12 02:57:04,635 MambaPro.train INFO: history_Rank-5:{70.6}
2025-12-12 02:57:04,635 MambaPro.train INFO: best_Rank-5:{70.6}
2025-12-12 02:57:04,635 MambaPro.train INFO: history_Rank-10:{78.3}
2025-12-12 02:57:04,635 MambaPro.train INFO: best_Rank-10:{78.3}
2025-12-12 02:57:04,635 MambaPro.train INFO: history_Experts:{[0.36 , 0.34 , 0.31]}
2025-12-12 02:57:04,635 MambaPro.train INFO: best_Experts:{[0.36 , 0.34 , 0.31]}
2025-12-12 02:57:04,635 MambaPro.train INFO: 🔥 MoE损失(Val): 平衡=0.0000, 稀疏性=0.9981, 多样性=2.6514, 总=0.0028 (权重: 平衡=0.001, 稀疏性=0.000, 多样性=0.001)
2025-12-12 02:57:04,635 MambaPro.train INFO:    📊 专家权重分布(Val): [0.36 , 0.34 , 0.31]
2025-12-12 02:57:24,623 MambaPro.train INFO: Epoch 6 done. Time per batch: 0.186[s] Speed: 172.5[samples/s]
2025-12-12 02:57:44,546 MambaPro.train INFO: Epoch 7 done. Time per batch: 0.186[s] Speed: 171.9[samples/s]
2025-12-12 02:58:04,372 MambaPro.train INFO: Epoch 8 done. Time per batch: 0.185[s] Speed: 172.7[samples/s]
2025-12-12 02:58:24,297 MambaPro.train INFO: Epoch 9 done. Time per batch: 0.186[s] Speed: 171.8[samples/s]
2025-12-12 02:58:44,225 MambaPro.train INFO: Epoch 10 done. Time per batch: 0.186[s] Speed: 171.8[samples/s]
2025-12-12 02:58:52,156 MambaPro.train INFO: Validation Results - Epoch: 10
2025-12-12 02:58:52,156 MambaPro.train INFO: Current mAP: 25.1%
2025-12-12 02:58:52,156 MambaPro.train INFO: CMC curve, Rank-1  :25.2%
2025-12-12 02:58:52,156 MambaPro.train INFO: CMC curve, Rank-5  :42.6%
2025-12-12 02:58:52,156 MambaPro.train INFO: CMC curve, Rank-10 :52.2%
2025-12-12 02:58:52,157 MambaPro.train INFO: [Epoch 10] 指标集合列表（历史）
2025-12-12 02:58:52,157 MambaPro.train INFO: history_mAP:{56.0 , 25.1}
2025-12-12 02:58:52,157 MambaPro.train INFO: best_mAP:{56.0}
2025-12-12 02:58:52,157 MambaPro.train INFO: history_Rank-1:{57.1 , 25.2}
2025-12-12 02:58:52,157 MambaPro.train INFO: best_Rank-1:{57.1}
2025-12-12 02:58:52,157 MambaPro.train INFO: history_Rank-5:{70.6 , 42.6}
2025-12-12 02:58:52,157 MambaPro.train INFO: best_Rank-5:{70.6}
2025-12-12 02:58:52,157 MambaPro.train INFO: history_Rank-10:{78.3 , 52.2}
2025-12-12 02:58:52,157 MambaPro.train INFO: best_Rank-10:{78.3}
2025-12-12 02:58:52,157 MambaPro.train INFO: history_Experts:{[0.36 , 0.34 , 0.31] , [0.37 , 0.34 , 0.29]}
2025-12-12 02:58:52,157 MambaPro.train INFO: best_Experts:{[0.36 , 0.34 , 0.31]}
2025-12-12 02:58:52,157 MambaPro.train INFO: 🔥 MoE损失(Val): 平衡=0.0000, 稀疏性=0.9953, 多样性=2.6292, 总=0.0027 (权重: 平衡=0.001, 稀疏性=0.000, 多样性=0.001)
2025-12-12 02:58:52,157 MambaPro.train INFO:    📊 专家权重分布(Val): [0.37 , 0.34 , 0.29]
2025-12-12 02:59:12,036 MambaPro.train INFO: Epoch 11 done. Time per batch: 0.186[s] Speed: 171.8[samples/s]
2025-12-12 02:59:32,039 MambaPro.train INFO: Epoch 12 done. Time per batch: 0.187[s] Speed: 171.2[samples/s]
2025-12-12 02:59:52,003 MambaPro.train INFO: Epoch 13 done. Time per batch: 0.187[s] Speed: 171.5[samples/s]
2025-12-12 03:00:11,936 MambaPro.train INFO: Epoch 14 done. Time per batch: 0.186[s] Speed: 171.8[samples/s]
2025-12-12 03:00:31,912 MambaPro.train INFO: Epoch 15 done. Time per batch: 0.187[s] Speed: 171.4[samples/s]
2025-12-12 03:00:39,402 MambaPro.train INFO: Validation Results - Epoch: 15
2025-12-12 03:00:39,403 MambaPro.train INFO: Current mAP: 62.6%
2025-12-12 03:00:39,403 MambaPro.train INFO: CMC curve, Rank-1  :65.9%
2025-12-12 03:00:39,403 MambaPro.train INFO: CMC curve, Rank-5  :81.0%
2025-12-12 03:00:39,403 MambaPro.train INFO: CMC curve, Rank-10 :87.3%
2025-12-12 03:00:39,403 MambaPro.train INFO: 🎯 New Best! Saving model...
2025-12-12 03:00:39,984 MambaPro.train INFO: [Epoch 15] 指标集合列表（历史）
2025-12-12 03:00:39,984 MambaPro.train INFO: history_mAP:{56.0 , 25.1 , 62.6}
2025-12-12 03:00:39,984 MambaPro.train INFO: best_mAP:{62.6}
2025-12-12 03:00:39,984 MambaPro.train INFO: history_Rank-1:{57.1 , 25.2 , 65.9}
2025-12-12 03:00:39,984 MambaPro.train INFO: best_Rank-1:{65.9}
2025-12-12 03:00:39,984 MambaPro.train INFO: history_Rank-5:{70.6 , 42.6 , 81.0}
2025-12-12 03:00:39,984 MambaPro.train INFO: best_Rank-5:{81.0}
2025-12-12 03:00:39,984 MambaPro.train INFO: history_Rank-10:{78.3 , 52.2 , 87.3}
2025-12-12 03:00:39,984 MambaPro.train INFO: best_Rank-10:{87.3}
2025-12-12 03:00:39,984 MambaPro.train INFO: history_Experts:{[0.36 , 0.34 , 0.31] , [0.37 , 0.34 , 0.29] , [0.42 , 0.33 , 0.25]}
2025-12-12 03:00:39,984 MambaPro.train INFO: best_Experts:{[0.42 , 0.33 , 0.25]}
2025-12-12 03:00:39,984 MambaPro.train INFO: 🔥 MoE损失(Val): 平衡=0.0000, 稀疏性=0.9776, 多样性=2.4951, 总=0.0026 (权重: 平衡=0.001, 稀疏性=0.000, 多样性=0.001)
2025-12-12 03:00:39,984 MambaPro.train INFO:    📊 专家权重分布(Val): [0.42 , 0.33 , 0.25]
2025-12-12 03:01:00,057 MambaPro.train INFO: Epoch 16 done. Time per batch: 0.186[s] Speed: 171.8[samples/s]
2025-12-12 03:01:19,987 MambaPro.train INFO: Epoch 17 done. Time per batch: 0.186[s] Speed: 171.8[samples/s]
2025-12-12 03:01:39,738 MambaPro.train INFO: Epoch 18 done. Time per batch: 0.186[s] Speed: 171.7[samples/s]
2025-12-12 03:01:59,667 MambaPro.train INFO: Epoch 19 done. Time per batch: 0.186[s] Speed: 171.8[samples/s]
2025-12-12 03:02:19,659 MambaPro.train INFO: Epoch 20 done. Time per batch: 0.187[s] Speed: 171.3[samples/s]
2025-12-12 03:02:27,544 MambaPro.train INFO: Validation Results - Epoch: 20
2025-12-12 03:02:27,544 MambaPro.train INFO: Current mAP: 72.9%
2025-12-12 03:02:27,544 MambaPro.train INFO: CMC curve, Rank-1  :77.8%
2025-12-12 03:02:27,544 MambaPro.train INFO: CMC curve, Rank-5  :87.7%
2025-12-12 03:02:27,544 MambaPro.train INFO: CMC curve, Rank-10 :91.3%
2025-12-12 03:02:27,545 MambaPro.train INFO: 🎯 New Best! Saving model...
2025-12-12 03:02:28,153 MambaPro.train INFO: [Epoch 20] 指标集合列表（历史）
2025-12-12 03:02:28,153 MambaPro.train INFO: history_mAP:{56.0 , 25.1 , 62.6 , 72.9}
2025-12-12 03:02:28,153 MambaPro.train INFO: best_mAP:{72.9}
2025-12-12 03:02:28,153 MambaPro.train INFO: history_Rank-1:{57.1 , 25.2 , 65.9 , 77.8}
2025-12-12 03:02:28,153 MambaPro.train INFO: best_Rank-1:{77.8}
2025-12-12 03:02:28,153 MambaPro.train INFO: history_Rank-5:{70.6 , 42.6 , 81.0 , 87.7}
2025-12-12 03:02:28,153 MambaPro.train INFO: best_Rank-5:{87.7}
2025-12-12 03:02:28,153 MambaPro.train INFO: history_Rank-10:{78.3 , 52.2 , 87.3 , 91.3}
2025-12-12 03:02:28,153 MambaPro.train INFO: best_Rank-10:{91.3}
2025-12-12 03:02:28,153 MambaPro.train INFO: history_Experts:{[0.36 , 0.34 , 0.31] , [0.37 , 0.34 , 0.29] , [0.42 , 0.33 , 0.25] , [0.70 , 0.17 , 0.12]}
2025-12-12 03:02:28,153 MambaPro.train INFO: best_Experts:{[0.70 , 0.17 , 0.12]}
2025-12-12 03:02:28,153 MambaPro.train INFO: 🔥 MoE损失(Val): 平衡=0.2663, 稀疏性=0.6898, 多样性=1.1353, 总=0.0015 (权重: 平衡=0.001, 稀疏性=0.000, 多样性=0.001)
2025-12-12 03:02:28,153 MambaPro.train INFO:    📊 专家权重分布(Val): [0.70 , 0.17 , 0.12]
2025-12-12 03:02:48,176 MambaPro.train INFO: Epoch 21 done. Time per batch: 0.188[s] Speed: 170.6[samples/s]
2025-12-12 03:03:08,084 MambaPro.train INFO: Epoch 22 done. Time per batch: 0.186[s] Speed: 172.0[samples/s]
2025-12-12 03:03:28,065 MambaPro.train INFO: Epoch 23 done. Time per batch: 0.187[s] Speed: 171.4[samples/s]
2025-12-12 03:03:48,024 MambaPro.train INFO: Epoch 24 done. Time per batch: 0.187[s] Speed: 171.6[samples/s]
2025-12-12 03:04:07,808 MambaPro.train INFO: Epoch 25 done. Time per batch: 0.187[s] Speed: 171.5[samples/s]
2025-12-12 03:04:15,272 MambaPro.train INFO: Validation Results - Epoch: 25
2025-12-12 03:04:15,272 MambaPro.train INFO: Current mAP: 77.3%
2025-12-12 03:04:15,272 MambaPro.train INFO: CMC curve, Rank-1  :80.0%
2025-12-12 03:04:15,272 MambaPro.train INFO: CMC curve, Rank-5  :89.2%
2025-12-12 03:04:15,272 MambaPro.train INFO: CMC curve, Rank-10 :92.6%
2025-12-12 03:04:15,273 MambaPro.train INFO: 🎯 New Best! Saving model...
2025-12-12 03:04:15,863 MambaPro.train INFO: [Epoch 25] 指标集合列表（历史）
2025-12-12 03:04:15,863 MambaPro.train INFO: history_mAP:{56.0 , 25.1 , 62.6 , 72.9 , 77.3}
2025-12-12 03:04:15,863 MambaPro.train INFO: best_mAP:{77.3}
2025-12-12 03:04:15,863 MambaPro.train INFO: history_Rank-1:{57.1 , 25.2 , 65.9 , 77.8 , 80.0}
2025-12-12 03:04:15,863 MambaPro.train INFO: best_Rank-1:{80.0}
2025-12-12 03:04:15,863 MambaPro.train INFO: history_Rank-5:{70.6 , 42.6 , 81.0 , 87.7 , 89.2}
2025-12-12 03:04:15,863 MambaPro.train INFO: best_Rank-5:{89.2}
2025-12-12 03:04:15,863 MambaPro.train INFO: history_Rank-10:{78.3 , 52.2 , 87.3 , 91.3 , 92.6}
2025-12-12 03:04:15,863 MambaPro.train INFO: best_Rank-10:{92.6}
2025-12-12 03:04:15,863 MambaPro.train INFO: history_Experts:{[0.36 , 0.34 , 0.31] , [0.37 , 0.34 , 0.29] , [0.42 , 0.33 , 0.25] , [0.70 , 0.17 , 0.12] , [0.84 , 0.09 , 0.07]}
2025-12-12 03:04:15,863 MambaPro.train INFO: best_Experts:{[0.84 , 0.09 , 0.07]}
2025-12-12 03:04:15,863 MambaPro.train INFO: 🔥 MoE损失(Val): 平衡=0.6372, 稀疏性=0.4225, 多样性=0.5228, 总=0.0012 (权重: 平衡=0.001, 稀疏性=0.000, 多样性=0.001)
2025-12-12 03:04:15,863 MambaPro.train INFO:    📊 专家权重分布(Val): [0.84 , 0.09 , 0.07]
2025-12-12 03:04:36,023 MambaPro.train INFO: Epoch 26 done. Time per batch: 0.187[s] Speed: 171.0[samples/s]
2025-12-12 03:04:55,989 MambaPro.train INFO: Epoch 27 done. Time per batch: 0.187[s] Speed: 171.5[samples/s]
2025-12-12 03:05:15,984 MambaPro.train INFO: Epoch 28 done. Time per batch: 0.187[s] Speed: 171.2[samples/s]
2025-12-12 03:05:35,957 MambaPro.train INFO: Epoch 29 done. Time per batch: 0.187[s] Speed: 171.4[samples/s]
2025-12-12 03:05:56,002 MambaPro.train INFO: Epoch 30 done. Time per batch: 0.187[s] Speed: 170.8[samples/s]
2025-12-12 03:06:03,868 MambaPro.train INFO: Validation Results - Epoch: 30
2025-12-12 03:06:03,868 MambaPro.train INFO: Current mAP: 76.3%
2025-12-12 03:06:03,868 MambaPro.train INFO: CMC curve, Rank-1  :79.2%
2025-12-12 03:06:03,868 MambaPro.train INFO: CMC curve, Rank-5  :88.6%
2025-12-12 03:06:03,868 MambaPro.train INFO: CMC curve, Rank-10 :92.5%
2025-12-12 03:06:03,868 MambaPro.train INFO: [Epoch 30] 指标集合列表（历史）
2025-12-12 03:06:03,869 MambaPro.train INFO: history_mAP:{56.0 , 25.1 , 62.6 , 72.9 , 77.3 , 76.3}
2025-12-12 03:06:03,869 MambaPro.train INFO: best_mAP:{77.3}
2025-12-12 03:06:03,869 MambaPro.train INFO: history_Rank-1:{57.1 , 25.2 , 65.9 , 77.8 , 80.0 , 79.2}
2025-12-12 03:06:03,869 MambaPro.train INFO: best_Rank-1:{80.0}
2025-12-12 03:06:03,869 MambaPro.train INFO: history_Rank-5:{70.6 , 42.6 , 81.0 , 87.7 , 89.2 , 88.6}
2025-12-12 03:06:03,869 MambaPro.train INFO: best_Rank-5:{89.2}
2025-12-12 03:06:03,869 MambaPro.train INFO: history_Rank-10:{78.3 , 52.2 , 87.3 , 91.3 , 92.6 , 92.5}
2025-12-12 03:06:03,869 MambaPro.train INFO: best_Rank-10:{92.6}
2025-12-12 03:06:03,869 MambaPro.train INFO: history_Experts:{[0.36 , 0.34 , 0.31] , [0.37 , 0.34 , 0.29] , [0.42 , 0.33 , 0.25] , [0.70 , 0.17 , 0.12] , [0.84 , 0.09 , 0.07] , [0.89 , 0.06 , 0.05]}
2025-12-12 03:06:03,869 MambaPro.train INFO: best_Experts:{[0.84 , 0.09 , 0.07]}
2025-12-12 03:06:03,869 MambaPro.train INFO: 🔥 MoE损失(Val): 平衡=0.8102, 稀疏性=0.3069, 多样性=0.3430, 总=0.0012 (权重: 平衡=0.001, 稀疏性=0.000, 多样性=0.001)
2025-12-12 03:06:03,869 MambaPro.train INFO:    📊 专家权重分布(Val): [0.89 , 0.06 , 0.05]
2025-12-12 03:06:24,061 MambaPro.train INFO: Epoch 31 done. Time per batch: 0.187[s] Speed: 170.7[samples/s]
2025-12-12 03:06:43,887 MambaPro.train INFO: Epoch 32 done. Time per batch: 0.187[s] Speed: 171.1[samples/s]
2025-12-12 03:07:03,840 MambaPro.train INFO: Epoch 33 done. Time per batch: 0.186[s] Speed: 171.6[samples/s]
2025-12-12 03:07:23,789 MambaPro.train INFO: Epoch 34 done. Time per batch: 0.188[s] Speed: 170.0[samples/s]
2025-12-12 03:07:43,756 MambaPro.train INFO: Epoch 35 done. Time per batch: 0.187[s] Speed: 171.5[samples/s]
2025-12-12 03:07:51,232 MambaPro.train INFO: Validation Results - Epoch: 35
2025-12-12 03:07:51,232 MambaPro.train INFO: Current mAP: 78.0%
2025-12-12 03:07:51,232 MambaPro.train INFO: CMC curve, Rank-1  :79.5%
2025-12-12 03:07:51,232 MambaPro.train INFO: CMC curve, Rank-5  :87.0%
2025-12-12 03:07:51,232 MambaPro.train INFO: CMC curve, Rank-10 :90.4%
2025-12-12 03:07:51,233 MambaPro.train INFO: 🎯 New Best! Saving model...
2025-12-12 03:07:51,831 MambaPro.train INFO: [Epoch 35] 指标集合列表（历史）
2025-12-12 03:07:51,831 MambaPro.train INFO: history_mAP:{56.0 , 25.1 , 62.6 , 72.9 , 77.3 , 76.3 , 78.0}
2025-12-12 03:07:51,831 MambaPro.train INFO: best_mAP:{78.0}
2025-12-12 03:07:51,831 MambaPro.train INFO: history_Rank-1:{57.1 , 25.2 , 65.9 , 77.8 , 80.0 , 79.2 , 79.5}
2025-12-12 03:07:51,831 MambaPro.train INFO: best_Rank-1:{80.0}
2025-12-12 03:07:51,831 MambaPro.train INFO: history_Rank-5:{70.6 , 42.6 , 81.0 , 87.7 , 89.2 , 88.6 , 87.0}
2025-12-12 03:07:51,831 MambaPro.train INFO: best_Rank-5:{89.2}
2025-12-12 03:07:51,831 MambaPro.train INFO: history_Rank-10:{78.3 , 52.2 , 87.3 , 91.3 , 92.6 , 92.5 , 90.4}
2025-12-12 03:07:51,831 MambaPro.train INFO: best_Rank-10:{92.6}
2025-12-12 03:07:51,831 MambaPro.train INFO: history_Experts:{[0.36 , 0.34 , 0.31] , [0.37 , 0.34 , 0.29] , [0.42 , 0.33 , 0.25] , [0.70 , 0.17 , 0.12] , [0.84 , 0.09 , 0.07] , [0.89 , 0.06 , 0.05] , [0.92 , 0.05 , 0.04]}
2025-12-12 03:07:51,831 MambaPro.train INFO: best_Experts:{[0.92 , 0.05 , 0.04]}
2025-12-12 03:07:51,831 MambaPro.train INFO: 🔥 MoE损失(Val): 平衡=0.9163, 稀疏性=0.2376, 多样性=0.2510, 总=0.0012 (权重: 平衡=0.001, 稀疏性=0.000, 多样性=0.001)
2025-12-12 03:07:51,831 MambaPro.train INFO:    📊 专家权重分布(Val): [0.92 , 0.05 , 0.04]
2025-12-12 03:08:11,913 MambaPro.train INFO: Epoch 36 done. Time per batch: 0.186[s] Speed: 171.7[samples/s]
2025-12-12 03:08:31,890 MambaPro.train INFO: Epoch 37 done. Time per batch: 0.187[s] Speed: 171.4[samples/s]
2025-12-12 03:08:51,614 MambaPro.train INFO: Epoch 38 done. Time per batch: 0.186[s] Speed: 172.0[samples/s]
2025-12-12 03:09:11,597 MambaPro.train INFO: Epoch 39 done. Time per batch: 0.187[s] Speed: 171.4[samples/s]
2025-12-12 03:09:31,374 MambaPro.train INFO: Epoch 40 done. Time per batch: 0.187[s] Speed: 171.5[samples/s]
2025-12-12 03:09:39,287 MambaPro.train INFO: Validation Results - Epoch: 40
2025-12-12 03:09:39,287 MambaPro.train INFO: Current mAP: 77.1%
2025-12-12 03:09:39,287 MambaPro.train INFO: CMC curve, Rank-1  :80.5%
2025-12-12 03:09:39,287 MambaPro.train INFO: CMC curve, Rank-5  :86.8%
2025-12-12 03:09:39,287 MambaPro.train INFO: CMC curve, Rank-10 :91.3%
2025-12-12 03:09:39,288 MambaPro.train INFO: [Epoch 40] 指标集合列表（历史）
2025-12-12 03:09:39,288 MambaPro.train INFO: history_mAP:{56.0 , 25.1 , 62.6 , 72.9 , 77.3 , 76.3 , 78.0 , 77.1}
2025-12-12 03:09:39,288 MambaPro.train INFO: best_mAP:{78.0}
2025-12-12 03:09:39,288 MambaPro.train INFO: history_Rank-1:{57.1 , 25.2 , 65.9 , 77.8 , 80.0 , 79.2 , 79.5 , 80.5}
2025-12-12 03:09:39,288 MambaPro.train INFO: best_Rank-1:{80.0}
2025-12-12 03:09:39,288 MambaPro.train INFO: history_Rank-5:{70.6 , 42.6 , 81.0 , 87.7 , 89.2 , 88.6 , 87.0 , 86.8}
2025-12-12 03:09:39,288 MambaPro.train INFO: best_Rank-5:{89.2}
2025-12-12 03:09:39,288 MambaPro.train INFO: history_Rank-10:{78.3 , 52.2 , 87.3 , 91.3 , 92.6 , 92.5 , 90.4}
2025-12-12 03:09:39,288 MambaPro.train INFO: best_Rank-10:{92.6}
2025-12-12 03:09:39,288 MambaPro.train INFO: history_Experts:{[0.36 , 0.34 , 0.31] , [0.37 , 0.34 , 0.29] , [0.42 , 0.33 , 0.25] , [0.70 , 0.17 , 0.12] , [0.84 , 0.09 , 0.07] , [0.89 , 0.06 , 0.05] , [0.92 , 0.05 , 0.04] , [0.93 , 0.04 , 0.03]}
2025-12-12 03:09:39,288 MambaPro.train INFO: best_Experts:{[0.92 , 0.05 , 0.04]}
2025-12-12 03:09:39,288 MambaPro.train INFO: 🔥 MoE损失(Val): 平衡=0.9780, 稀疏性=0.1977, 多样性=0.2024, 总=0.0012 (权重: 平衡=0.001, 稀疏性=0.000, 多样性=0.001)
2025-12-12 03:09:39,288 MambaPro.train INFO:    📊 专家权重分布(Val): [0.93 , 0.04 , 0.03]
2025-12-12 03:10:00,032 MambaPro.train INFO: Epoch 41 done. Time per batch: 0.193[s] Speed: 166.2[samples/s]
2025-12-12 03:10:19,971 MambaPro.train INFO: Epoch 42 done. Time per batch: 0.186[s] Speed: 171.7[samples/s]
2025-12-12 03:10:40,047 MambaPro.train INFO: Epoch 43 done. Time per batch: 0.187[s] Speed: 170.8[samples/s]
2025-12-12 03:11:00,039 MambaPro.train INFO: Epoch 44 done. Time per batch: 0.187[s] Speed: 171.3[samples/s]
2025-12-12 03:11:19,970 MambaPro.train INFO: Epoch 45 done. Time per batch: 0.186[s] Speed: 171.8[samples/s]
2025-12-12 03:11:27,455 MambaPro.train INFO: Validation Results - Epoch: 45
2025-12-12 03:11:27,456 MambaPro.train INFO: Current mAP: 76.3%
2025-12-12 03:11:27,456 MambaPro.train INFO: CMC curve, Rank-1  :79.9%
2025-12-12 03:11:27,456 MambaPro.train INFO: CMC curve, Rank-5  :88.3%
2025-12-12 03:11:27,456 MambaPro.train INFO: CMC curve, Rank-10 :91.1%
2025-12-12 03:11:27,457 MambaPro.train INFO: [Epoch 45] 指标集合列表（历史）
2025-12-12 03:11:27,457 MambaPro.train INFO: history_mAP:{56.0 , 25.1 , 62.6 , 72.9 , 77.3 , 76.3 , 78.0 , 77.1 , 76.3}
2025-12-12 03:11:27,457 MambaPro.train INFO: best_mAP:{78.0}
2025-12-12 03:11:27,457 MambaPro.train INFO: history_Rank-1:{57.1 , 25.2 , 65.9 , 77.8 , 80.0 , 79.2 , 79.5 , 80.5 , 79.9}
2025-12-12 03:11:27,457 MambaPro.train INFO: best_Rank-1:{80.0}
2025-12-12 03:11:27,457 MambaPro.train INFO: history_Rank-5:{70.6 , 42.6 , 81.0 , 87.7 , 89.2 , 88.6 , 87.0 , 86.8 , 88.3}
2025-12-12 03:11:27,457 MambaPro.train INFO: best_Rank-5:{89.2}
2025-12-12 03:11:27,457 MambaPro.train INFO: history_Rank-10:{78.3 , 52.2 , 87.3 , 91.3 , 92.6 , 92.5 , 90.4 , 91.1}
2025-12-12 03:11:27,457 MambaPro.train INFO: best_Rank-10:{92.6}
2025-12-12 03:11:27,457 MambaPro.train INFO: history_Experts:{[0.36 , 0.34 , 0.31] , [0.37 , 0.34 , 0.29] , [0.42 , 0.33 , 0.25] , [0.70 , 0.17 , 0.12] , [0.84 , 0.09 , 0.07] , [0.89 , 0.06 , 0.05] , [0.92 , 0.05 , 0.04] , [0.93 , 0.04 , 0.03] , [0.94 , 0.03 , 0.03]}
2025-12-12 03:11:27,457 MambaPro.train INFO: best_Experts:{[0.92 , 0.05 , 0.04]}
2025-12-12 03:11:27,457 MambaPro.train INFO: 🔥 MoE损失(Val): 平衡=1.0162, 稀疏性=0.1732, 多样性=0.1740, 总=0.0012 (权重: 平衡=0.001, 稀疏性=0.000, 多样性=0.001)
2025-12-12 03:11:27,457 MambaPro.train INFO:    📊 专家权重分布(Val): [0.94 , 0.03 , 0.03]
2025-12-12 03:11:47,539 MambaPro.train INFO: Epoch 46 done. Time per batch: 0.186[s] Speed: 171.7[samples/s]
2025-12-12 03:12:07,573 MambaPro.train INFO: Epoch 47 done. Time per batch: 0.187[s] Speed: 170.9[samples/s]
2025-12-12 03:12:27,446 MambaPro.train INFO: Epoch 48 done. Time per batch: 0.187[s] Speed: 170.7[samples/s]
2025-12-12 03:12:47,408 MambaPro.train INFO: Epoch 49 done. Time per batch: 0.187[s] Speed: 171.5[samples/s]
2025-12-12 03:13:07,471 MambaPro.train INFO: Epoch 50 done. Time per batch: 0.188[s] Speed: 170.7[samples/s]
2025-12-12 03:13:15,429 MambaPro.train INFO: Validation Results - Epoch: 50
2025-12-12 03:13:15,429 MambaPro.train INFO: Current mAP: 76.0%
2025-12-12 03:13:15,429 MambaPro.train INFO: CMC curve, Rank-1  :79.2%
2025-12-12 03:13:15,429 MambaPro.train INFO: CMC curve, Rank-5  :86.8%
2025-12-12 03:13:15,429 MambaPro.train INFO: CMC curve, Rank-10 :91.1%
2025-12-12 03:13:15,430 MambaPro.train INFO: [Epoch 50] 指标集合列表（历史）
2025-12-12 03:13:15,430 MambaPro.train INFO: history_mAP:{56.0 , 25.1 , 62.6 , 72.9 , 77.3 , 76.3 , 78.0 , 77.1 , 76.3 , 76.0}
2025-12-12 03:13:15,430 MambaPro.train INFO: best_mAP:{78.0}
2025-12-12 03:13:15,430 MambaPro.train INFO: history_Rank-1:{57.1 , 25.2 , 65.9 , 77.8 , 80.0 , 79.2 , 79.5 , 80.5 , 79.9}
2025-12-12 03:13:15,430 MambaPro.train INFO: best_Rank-1:{80.0}
2025-12-12 03:13:15,430 MambaPro.train INFO: history_Rank-5:{70.6 , 42.6 , 81.0 , 87.7 , 89.2 , 88.6 , 87.0 , 86.8 , 88.3}
2025-12-12 03:13:15,430 MambaPro.train INFO: best_Rank-5:{89.2}
2025-12-12 03:13:15,430 MambaPro.train INFO: history_Rank-10:{78.3 , 52.2 , 87.3 , 91.3 , 92.6 , 92.5 , 90.4 , 91.1}
2025-12-12 03:13:15,430 MambaPro.train INFO: best_Rank-10:{92.6}
2025-12-12 03:13:15,430 MambaPro.train INFO: history_Experts:{[0.36 , 0.34 , 0.31] , [0.37 , 0.34 , 0.29] , [0.42 , 0.33 , 0.25] , [0.70 , 0.17 , 0.12] , [0.84 , 0.09 , 0.07] , [0.89 , 0.06 , 0.05] , [0.92 , 0.05 , 0.04] , [0.93 , 0.04 , 0.03] , [0.94 , 0.03 , 0.03] , [0.95 , 0.03 , 0.02]}
2025-12-12 03:13:15,430 MambaPro.train INFO: best_Experts:{[0.92 , 0.05 , 0.04]}
2025-12-12 03:13:15,430 MambaPro.train INFO: 🔥 MoE损失(Val): 平衡=1.0460, 稀疏性=0.1541, 多样性=0.1526, 总=0.0012 (权重: 平衡=0.001, 稀疏性=0.000, 多样性=0.001)
2025-12-12 03:13:15,430 MambaPro.train INFO:    📊 专家权重分布(Val): [0.95 , 0.03 , 0.02]
2025-12-12 03:13:35,517 MambaPro.train INFO: Epoch 51 done. Time per batch: 0.188[s] Speed: 170.0[samples/s]
2025-12-12 03:13:55,328 MambaPro.train INFO: Epoch 52 done. Time per batch: 0.187[s] Speed: 171.2[samples/s]
2025-12-12 03:14:15,405 MambaPro.train INFO: Epoch 53 done. Time per batch: 0.188[s] Speed: 170.6[samples/s]
2025-12-12 03:14:35,762 MambaPro.train INFO: Epoch 54 done. Time per batch: 0.190[s] Speed: 168.2[samples/s]
2025-12-12 03:14:55,814 MambaPro.train INFO: Epoch 55 done. Time per batch: 0.187[s] Speed: 170.8[samples/s]
2025-12-12 03:15:03,326 MambaPro.train INFO: Validation Results - Epoch: 55
2025-12-12 03:15:03,326 MambaPro.train INFO: Current mAP: 76.9%
2025-12-12 03:15:03,326 MambaPro.train INFO: CMC curve, Rank-1  :81.1%
2025-12-12 03:15:03,326 MambaPro.train INFO: CMC curve, Rank-5  :87.8%
2025-12-12 03:15:03,326 MambaPro.train INFO: CMC curve, Rank-10 :91.9%
2025-12-12 03:15:03,327 MambaPro.train INFO: [Epoch 55] 指标集合列表（历史）
2025-12-12 03:15:03,327 MambaPro.train INFO: history_mAP:{56.0 , 25.1 , 62.6 , 72.9 , 77.3 , 76.3 , 78.0 , 77.1 , 76.3 , 76.0 , 76.9}
2025-12-12 03:15:03,327 MambaPro.train INFO: best_mAP:{78.0}
2025-12-12 03:15:03,327 MambaPro.train INFO: history_Rank-1:{57.1 , 25.2 , 65.9 , 77.8 , 80.0 , 79.2 , 79.5 , 80.5 , 79.9 , 81.1}
2025-12-12 03:15:03,327 MambaPro.train INFO: best_Rank-1:{80.0}
2025-12-12 03:15:03,327 MambaPro.train INFO: history_Rank-5:{70.6 , 42.6 , 81.0 , 87.7 , 89.2 , 88.6 , 87.0 , 86.8 , 88.3 , 87.8}
2025-12-12 03:15:03,327 MambaPro.train INFO: best_Rank-5:{89.2}
2025-12-12 03:15:03,327 MambaPro.train INFO: history_Rank-10:{78.3 , 52.2 , 87.3 , 91.3 , 92.6 , 92.5 , 90.4 , 91.1 , 91.9}
2025-12-12 03:15:03,327 MambaPro.train INFO: best_Rank-10:{92.6}
2025-12-12 03:15:03,327 MambaPro.train INFO: history_Experts:{[0.36 , 0.34 , 0.31] , [0.37 , 0.34 , 0.29] , [0.42 , 0.33 , 0.25] , [0.70 , 0.17 , 0.12] , [0.84 , 0.09 , 0.07] , [0.89 , 0.06 , 0.05] , [0.92 , 0.05 , 0.04] , [0.93 , 0.04 , 0.03] , [0.94 , 0.03 , 0.03] , [0.95 , 0.03 , 0.02] , [0.95 , 0.03 , 0.02]}
2025-12-12 03:15:03,327 MambaPro.train INFO: best_Experts:{[0.92 , 0.05 , 0.04]}
2025-12-12 03:15:03,327 MambaPro.train INFO: 🔥 MoE损失(Val): 平衡=1.0679, 稀疏性=0.1401, 多样性=0.1374, 总=0.0012 (权重: 平衡=0.001, 稀疏性=0.000, 多样性=0.001)
2025-12-12 03:15:03,327 MambaPro.train INFO:    📊 专家权重分布(Val): [0.95 , 0.03 , 0.02]
2025-12-12 03:15:23,305 MambaPro.train INFO: Epoch 56 done. Time per batch: 0.187[s] Speed: 170.9[samples/s]
2025-12-12 03:15:43,308 MambaPro.train INFO: Epoch 57 done. Time per batch: 0.187[s] Speed: 171.2[samples/s]
2025-12-12 03:16:03,304 MambaPro.train INFO: Epoch 58 done. Time per batch: 0.187[s] Speed: 171.2[samples/s]
2025-12-12 03:16:23,187 MambaPro.train INFO: Epoch 59 done. Time per batch: 0.188[s] Speed: 170.6[samples/s]
2025-12-12 03:16:43,213 MambaPro.train INFO: Epoch 60 done. Time per batch: 0.187[s] Speed: 171.0[samples/s]
2025-12-12 03:16:51,141 MambaPro.train INFO: Validation Results - Epoch: 60
2025-12-12 03:16:51,141 MambaPro.train INFO: Current mAP: 76.8%
2025-12-12 03:16:51,141 MambaPro.train INFO: CMC curve, Rank-1  :80.4%
2025-12-12 03:16:51,141 MambaPro.train INFO: CMC curve, Rank-5  :87.3%
2025-12-12 03:16:51,142 MambaPro.train INFO: CMC curve, Rank-10 :91.4%
2025-12-12 03:16:51,142 MambaPro.train INFO: [Epoch 60] 指标集合列表（历史）
2025-12-12 03:16:51,142 MambaPro.train INFO: history_mAP:{56.0 , 25.1 , 62.6 , 72.9 , 77.3 , 76.3 , 78.0 , 77.1 , 76.3 , 76.0 , 76.9 , 76.8}
2025-12-12 03:16:51,142 MambaPro.train INFO: best_mAP:{78.0}
2025-12-12 03:16:51,142 MambaPro.train INFO: history_Rank-1:{57.1 , 25.2 , 65.9 , 77.8 , 80.0 , 79.2 , 79.5 , 80.5 , 79.9 , 81.1 , 80.4}
2025-12-12 03:16:51,142 MambaPro.train INFO: best_Rank-1:{80.0}
2025-12-12 03:16:51,142 MambaPro.train INFO: history_Rank-5:{70.6 , 42.6 , 81.0 , 87.7 , 89.2 , 88.6 , 87.0 , 86.8 , 88.3 , 87.8 , 87.3}
2025-12-12 03:16:51,142 MambaPro.train INFO: best_Rank-5:{89.2}
2025-12-12 03:16:51,142 MambaPro.train INFO: history_Rank-10:{78.3 , 52.2 , 87.3 , 91.3 , 92.6 , 92.5 , 90.4 , 91.1 , 91.9 , 91.4}
2025-12-12 03:16:51,142 MambaPro.train INFO: best_Rank-10:{92.6}
2025-12-12 03:16:51,142 MambaPro.train INFO: history_Experts:{[0.36 , 0.34 , 0.31] , [0.37 , 0.34 , 0.29] , [0.42 , 0.33 , 0.25] , [0.70 , 0.17 , 0.12] , [0.84 , 0.09 , 0.07] , [0.89 , 0.06 , 0.05] , [0.92 , 0.05 , 0.04] , [0.93 , 0.04 , 0.03] , [0.94 , 0.03 , 0.03] , [0.95 , 0.03 , 0.02] , [0.95 , 0.03 , 0.02] , [0.96 , 0.02 , 0.02]}
2025-12-12 03:16:51,142 MambaPro.train INFO: best_Experts:{[0.92 , 0.05 , 0.04]}
2025-12-12 03:16:51,142 MambaPro.train INFO: 🔥 MoE损失(Val): 平衡=1.0846, 稀疏性=0.1295, 多样性=0.1260, 总=0.0012 (权重: 平衡=0.001, 稀疏性=0.000, 多样性=0.001)
2025-12-12 03:16:51,142 MambaPro.train INFO:    📊 专家权重分布(Val): [0.96 , 0.02 , 0.02]
2025-12-12 03:16:51,279 MambaPro.train INFO: ============================================================
