2025-12-12 09:35:32,003 MambaPro INFO: ================================================================================
2025-12-12 09:35:32,003 MambaPro INFO: 🧾 实验参数快照（命令行 + 最终配置）
2025-12-12 09:35:32,003 MambaPro INFO: ================================================================================
2025-12-12 09:35:32,003 MambaPro INFO: 【复现实验命令】
2025-12-12 09:35:32,003 MambaPro INFO: /home/zubuntu/miniconda/envs/MambaPro/bin/python train_net.py --config_file mybest_model/experiment_20251013_110028/configs/experiment_config.yml OUTPUT_DIR ./outputs/replay_best_tml
2025-12-12 09:35:32,003 MambaPro INFO: 【命令行参数（args）】
2025-12-12 09:35:32,003 MambaPro INFO: {
2025-12-12 09:35:32,003 MambaPro INFO:   "config_file": "mybest_model/experiment_20251013_110028/configs/experiment_config.yml",
2025-12-12 09:35:32,003 MambaPro INFO:   "fea_cft": 0,
2025-12-12 09:35:32,003 MambaPro INFO:   "opts": [
2025-12-12 09:35:32,003 MambaPro INFO:     "OUTPUT_DIR",
2025-12-12 09:35:32,003 MambaPro INFO:     "./outputs/replay_best_tml"
2025-12-12 09:35:32,003 MambaPro INFO:   ],
2025-12-12 09:35:32,004 MambaPro INFO:   "local_rank": 0,
2025-12-12 09:35:32,004 MambaPro INFO:   "use_multi_scale": false,
2025-12-12 09:35:32,004 MambaPro INFO:   "no_multi_scale": false,
2025-12-12 09:35:32,004 MambaPro INFO:   "use_moe": false,
2025-12-12 09:35:32,004 MambaPro INFO:   "disable_moe": false,
2025-12-12 09:35:32,004 MambaPro INFO:   "no_moe": false,
2025-12-12 09:35:32,004 MambaPro INFO:   "use_attention": false,
2025-12-12 09:35:32,004 MambaPro INFO:   "disable_attention": false,
2025-12-12 09:35:32,004 MambaPro INFO:   "attention_heads": 8,
2025-12-12 09:35:32,004 MambaPro INFO:   "attention_dropout": 0.1
2025-12-12 09:35:32,004 MambaPro INFO: }
2025-12-12 09:35:32,004 MambaPro INFO: 【工作目录】/home/zubuntu/workspace/yzy/MambaPro
2025-12-12 09:35:32,004 MambaPro INFO: 【最终配置（YAML）】
2025-12-12 09:35:32,006 MambaPro INFO: DATALOADER:
2025-12-12 09:35:32,006 MambaPro INFO:   NUM_INSTANCE: 8
2025-12-12 09:35:32,006 MambaPro INFO:   NUM_WORKERS: 8
2025-12-12 09:35:32,006 MambaPro INFO:   SAMPLER: softmax_triplet
2025-12-12 09:35:32,006 MambaPro INFO: DATASETS:
2025-12-12 09:35:32,006 MambaPro INFO:   NAMES: RGBNT201
2025-12-12 09:35:32,006 MambaPro INFO:   ROOT_DIR: /home/zubuntu/workspace/yzy/MambaPro/data/
2025-12-12 09:35:32,006 MambaPro INFO: INPUT:
2025-12-12 09:35:32,006 MambaPro INFO:   PADDING: 10
2025-12-12 09:35:32,006 MambaPro INFO:   PIXEL_MEAN:
2025-12-12 09:35:32,006 MambaPro INFO:   - 0.5
2025-12-12 09:35:32,006 MambaPro INFO:   - 0.5
2025-12-12 09:35:32,006 MambaPro INFO:   - 0.5
2025-12-12 09:35:32,006 MambaPro INFO:   PIXEL_STD:
2025-12-12 09:35:32,006 MambaPro INFO:   - 0.5
2025-12-12 09:35:32,006 MambaPro INFO:   - 0.5
2025-12-12 09:35:32,006 MambaPro INFO:   - 0.5
2025-12-12 09:35:32,006 MambaPro INFO:   PROB: 0.5
2025-12-12 09:35:32,006 MambaPro INFO:   RE_PROB: 0.5
2025-12-12 09:35:32,006 MambaPro INFO:   SIZE_TEST:
2025-12-12 09:35:32,007 MambaPro INFO:   - 256
2025-12-12 09:35:32,007 MambaPro INFO:   - 128
2025-12-12 09:35:32,007 MambaPro INFO:   SIZE_TRAIN:
2025-12-12 09:35:32,007 MambaPro INFO:   - 256
2025-12-12 09:35:32,007 MambaPro INFO:   - 128
2025-12-12 09:35:32,007 MambaPro INFO: MODEL:
2025-12-12 09:35:32,007 MambaPro INFO:   ADAPTER: true
2025-12-12 09:35:32,007 MambaPro INFO:   ATTENTION_DIM: 512
2025-12-12 09:35:32,007 MambaPro INFO:   ATTENTION_DROPOUT: 0.1
2025-12-12 09:35:32,007 MambaPro INFO:   ATTENTION_NUM_HEADS: 8
2025-12-12 09:35:32,007 MambaPro INFO:   ATT_DROP_RATE: 0.0
2025-12-12 09:35:32,007 MambaPro INFO:   CLIP_MULTI_SCALE_SCALES:
2025-12-12 09:35:32,007 MambaPro INFO:   - 4
2025-12-12 09:35:32,007 MambaPro INFO:   - 8
2025-12-12 09:35:32,007 MambaPro INFO:   - 16
2025-12-12 09:35:32,007 MambaPro INFO:   DEVICE: cuda
2025-12-12 09:35:32,007 MambaPro INFO:   DEVICE_ID: '0'
2025-12-12 09:35:32,007 MambaPro INFO:   DIRECT: 1
2025-12-12 09:35:32,007 MambaPro INFO:   DIST_TRAIN: false
2025-12-12 09:35:32,007 MambaPro INFO:   DROP_OUT: 0.0
2025-12-12 09:35:32,007 MambaPro INFO:   DROP_PATH: 0.1
2025-12-12 09:35:32,007 MambaPro INFO:   FLOPS_TEST: false
2025-12-12 09:35:32,007 MambaPro INFO:   FROZEN: true
2025-12-12 09:35:32,007 MambaPro INFO:   GATE_DROPOUT: 0.1
2025-12-12 09:35:32,007 MambaPro INFO:   ID_LOSS_TYPE: softmax
2025-12-12 09:35:32,007 MambaPro INFO:   ID_LOSS_WEIGHT: 0.25
2025-12-12 09:35:32,007 MambaPro INFO:   IF_LABELSMOOTH: 'on'
2025-12-12 09:35:32,007 MambaPro INFO:   IF_WITH_CENTER: 'no'
2025-12-12 09:35:32,007 MambaPro INFO:   LAYER: -1
2025-12-12 09:35:32,007 MambaPro INFO:   MAMBA: true
2025-12-12 09:35:32,007 MambaPro INFO:   MAMBA_BI: false
2025-12-12 09:35:32,007 MambaPro INFO:   METRIC_LOSS_TYPE: triplet
2025-12-12 09:35:32,007 MambaPro INFO:   MOE_BALANCE_LOSS_WEIGHT: 0.01
2025-12-12 09:35:32,007 MambaPro INFO:   MOE_DIVERSITY_LOSS_WEIGHT: 0.01
2025-12-12 09:35:32,007 MambaPro INFO:   MOE_EXPERT_DROPOUT: 0.1
2025-12-12 09:35:32,007 MambaPro INFO:   MOE_EXPERT_HIDDEN_DIM: 1024
2025-12-12 09:35:32,007 MambaPro INFO:   MOE_EXPERT_LAYERS: 2
2025-12-12 09:35:32,007 MambaPro INFO:   MOE_EXPERT_THRESHOLD: 0.1
2025-12-12 09:35:32,007 MambaPro INFO:   MOE_FIXED_WEIGHTS:
2025-12-12 09:35:32,007 MambaPro INFO:   - 0.33
2025-12-12 09:35:32,007 MambaPro INFO:   - 0.33
2025-12-12 09:35:32,007 MambaPro INFO:   - 0.34
2025-12-12 09:35:32,007 MambaPro INFO:   MOE_GATE_DROPOUT: 0.1
2025-12-12 09:35:32,007 MambaPro INFO:   MOE_GATE_LAYERS: 2
2025-12-12 09:35:32,007 MambaPro INFO:   MOE_INIT_WEIGHTS: null
2025-12-12 09:35:32,007 MambaPro INFO:   MOE_NUM_EXPERTS: 3
2025-12-12 09:35:32,007 MambaPro INFO:   MOE_RESIDUAL_WEIGHT: 1.0
2025-12-12 09:35:32,007 MambaPro INFO:   MOE_SCALES:
2025-12-12 09:35:32,007 MambaPro INFO:   - 4
2025-12-12 09:35:32,007 MambaPro INFO:   - 8
2025-12-12 09:35:32,007 MambaPro INFO:   - 16
2025-12-12 09:35:32,007 MambaPro INFO:   MOE_SPARSITY_LOSS_WEIGHT: 0.001
2025-12-12 09:35:32,007 MambaPro INFO:   MOE_TEMPERATURE: 0.7
2025-12-12 09:35:32,007 MambaPro INFO:   MOE_TOP_K: 2
2025-12-12 09:35:32,007 MambaPro INFO:   MOE_TOP_K_MODE: soft
2025-12-12 09:35:32,007 MambaPro INFO:   MOE_USE_FIXED_WEIGHTS: false
2025-12-12 09:35:32,007 MambaPro INFO:   MOE_USE_TOP_K_ROUTING: false
2025-12-12 09:35:32,007 MambaPro INFO:   MULTI_SCALE_SCALES:
2025-12-12 09:35:32,007 MambaPro INFO:   - 4
2025-12-12 09:35:32,007 MambaPro INFO:   - 8
2025-12-12 09:35:32,007 MambaPro INFO:   - 16
2025-12-12 09:35:32,007 MambaPro INFO:   NAME: MambaPro
2025-12-12 09:35:32,007 MambaPro INFO:   NECK: bnneck
2025-12-12 09:35:32,007 MambaPro INFO:   NO_MARGIN: true
2025-12-12 09:35:32,007 MambaPro INFO:   PREFIX_NUM: 1
2025-12-12 09:35:32,007 MambaPro INFO:   PRETRAIN_PATH_T: /home/zubuntu/workspace/yzy/MambaPro/pths/ViT-B-16.pt
2025-12-12 09:35:32,007 MambaPro INFO:   PROMPT: true
2025-12-12 09:35:32,007 MambaPro INFO:   SIE_CAMERA: true
2025-12-12 09:35:32,007 MambaPro INFO:   SIE_COE: 1.0
2025-12-12 09:35:32,007 MambaPro INFO:   SIE_VIEW: false
2025-12-12 09:35:32,007 MambaPro INFO:   STRIDE_SIZE:
2025-12-12 09:35:32,007 MambaPro INFO:   - 16
2025-12-12 09:35:32,007 MambaPro INFO:   - 16
2025-12-12 09:35:32,007 MambaPro INFO:   TRANSFORMER_TYPE: ViT-B-16
2025-12-12 09:35:32,007 MambaPro INFO:   TRIPLET_LOSS_WEIGHT: 1.0
2025-12-12 09:35:32,007 MambaPro INFO:   USE_ATTENTION_FUSION: false
2025-12-12 09:35:32,007 MambaPro INFO:   USE_CLIP_MULTI_SCALE: true
2025-12-12 09:35:32,007 MambaPro INFO:   USE_GATE_FUSION: false
2025-12-12 09:35:32,007 MambaPro INFO:   USE_MULTI_SCALE: false
2025-12-12 09:35:32,007 MambaPro INFO:   USE_MULTI_SCALE_MOE: true
2025-12-12 09:35:32,007 MambaPro INFO: OUTPUT_DIR: ./outputs/replay_best_tml/run_20251212_093532
2025-12-12 09:35:32,007 MambaPro INFO: SOLVER:
2025-12-12 09:35:32,007 MambaPro INFO:   BASE_LR: 0.0005
2025-12-12 09:35:32,007 MambaPro INFO:   BIAS_LR_FACTOR: 2
2025-12-12 09:35:32,007 MambaPro INFO:   CENTER_LOSS_WEIGHT: 0.0005
2025-12-12 09:35:32,007 MambaPro INFO:   CENTER_LR: 0.5
2025-12-12 09:35:32,007 MambaPro INFO:   CHECKPOINT_PERIOD: 10
2025-12-12 09:35:32,007 MambaPro INFO:   CLUSTER_MARGIN: 0.3
2025-12-12 09:35:32,007 MambaPro INFO:   COSINE_MARGIN: 0.5
2025-12-12 09:35:32,007 MambaPro INFO:   COSINE_SCALE: 30
2025-12-12 09:35:32,007 MambaPro INFO:   EVAL_PERIOD: 5
2025-12-12 09:35:32,008 MambaPro INFO:   GAMMA: 0.1
2025-12-12 09:35:32,008 MambaPro INFO:   IMS_PER_BATCH: 32
2025-12-12 09:35:32,008 MambaPro INFO:   LARGE_FC_LR: false
2025-12-12 09:35:32,008 MambaPro INFO:   LOG_PERIOD: 10
2025-12-12 09:35:32,008 MambaPro INFO:   MARGIN: 0.3
2025-12-12 09:35:32,008 MambaPro INFO:   MAX_EPOCHS: 60
2025-12-12 09:35:32,008 MambaPro INFO:   MOE_BALANCE_LOSS_WEIGHT: 0.001
2025-12-12 09:35:32,008 MambaPro INFO:   MOE_BALANCE_LOSS_WEIGHT_END: 0.1
2025-12-12 09:35:32,008 MambaPro INFO:   MOE_BALANCE_LOSS_WEIGHT_START: 0.001
2025-12-12 09:35:32,008 MambaPro INFO:   MOE_BALANCE_THRESHOLD: 0.3
2025-12-12 09:35:32,008 MambaPro INFO:   MOE_DIVERSITY_LOSS_WEIGHT: 0.001
2025-12-12 09:35:32,008 MambaPro INFO:   MOE_DIVERSITY_LOSS_WEIGHT_END: 0.1
2025-12-12 09:35:32,008 MambaPro INFO:   MOE_DIVERSITY_LOSS_WEIGHT_START: 0.001
2025-12-12 09:35:32,008 MambaPro INFO:   MOE_GATE_LR_FACTOR: 0.01
2025-12-12 09:35:32,008 MambaPro INFO:   MOE_LOSS_WEIGHT_SCHEDULE_TYPE: cosine
2025-12-12 09:35:32,008 MambaPro INFO:   MOE_LOSS_WEIGHT_WARMUP_EPOCHS: 5
2025-12-12 09:35:32,008 MambaPro INFO:   MOE_SPARSITY_LOSS_WEIGHT: 0.0001
2025-12-12 09:35:32,008 MambaPro INFO:   MOE_USE_DYNAMIC_LOSS_WEIGHT: false
2025-12-12 09:35:32,008 MambaPro INFO:   MOMENTUM: 0.9
2025-12-12 09:35:32,008 MambaPro INFO:   OPTIMIZER_NAME: Adam
2025-12-12 09:35:32,008 MambaPro INFO:   RANGE_ALPHA: 0
2025-12-12 09:35:32,008 MambaPro INFO:   RANGE_BETA: 1
2025-12-12 09:35:32,008 MambaPro INFO:   RANGE_K: 2
2025-12-12 09:35:32,008 MambaPro INFO:   RANGE_LOSS_WEIGHT: 1
2025-12-12 09:35:32,008 MambaPro INFO:   RANGE_MARGIN: 0.3
2025-12-12 09:35:32,008 MambaPro INFO:   SEED: 42
2025-12-12 09:35:32,008 MambaPro INFO:   STEPS:
2025-12-12 09:35:32,008 MambaPro INFO:   - 30
2025-12-12 09:35:32,008 MambaPro INFO:   - 50
2025-12-12 09:35:32,008 MambaPro INFO:   WARMUP_FACTOR: 0.01
2025-12-12 09:35:32,008 MambaPro INFO:   WARMUP_ITERS: 20
2025-12-12 09:35:32,008 MambaPro INFO:   WARMUP_METHOD: linear
2025-12-12 09:35:32,008 MambaPro INFO:   WEIGHT_DECAY: 0.0005
2025-12-12 09:35:32,008 MambaPro INFO:   WEIGHT_DECAY_BIAS: 0.0005
2025-12-12 09:35:32,008 MambaPro INFO: TEST:
2025-12-12 09:35:32,008 MambaPro INFO:   FEAT: 0
2025-12-12 09:35:32,008 MambaPro INFO:   FEAT_NORM: 'yes'
2025-12-12 09:35:32,008 MambaPro INFO:   IMS_PER_BATCH: 64
2025-12-12 09:35:32,008 MambaPro INFO:   MISS: nothing
2025-12-12 09:35:32,008 MambaPro INFO:   NECK_FEAT: after
2025-12-12 09:35:32,008 MambaPro INFO:   RE_RANKING: 'no'
2025-12-12 09:35:32,008 MambaPro INFO:   WEIGHT: /home/zubuntu/workspace/yzy/MambaPro/pths/MambaProbest.pth
2025-12-12 09:35:32,008 MambaPro INFO: ================================================================================
2025-12-12 09:35:34,097 MambaPro.train INFO: start training
2025-12-12 09:35:54,345 MambaPro.train INFO: Epoch 1 done. Time per batch: 0.189[s] Speed: 169.2[samples/s]
2025-12-12 09:36:14,173 MambaPro.train INFO: Epoch 2 done. Time per batch: 0.185[s] Speed: 172.7[samples/s]
2025-12-12 09:36:34,097 MambaPro.train INFO: Epoch 3 done. Time per batch: 0.186[s] Speed: 171.9[samples/s]
2025-12-12 09:36:53,936 MambaPro.train INFO: Epoch 4 done. Time per batch: 0.185[s] Speed: 172.6[samples/s]
2025-12-12 09:37:13,832 MambaPro.train INFO: Epoch 5 done. Time per batch: 0.186[s] Speed: 172.1[samples/s]
2025-12-12 09:37:21,398 MambaPro.train INFO: Validation Results - Epoch: 5
2025-12-12 09:37:21,398 MambaPro.train INFO: Current mAP: 50.6%
2025-12-12 09:37:21,398 MambaPro.train INFO: CMC curve, Rank-1  :53.5%
2025-12-12 09:37:21,398 MambaPro.train INFO: CMC curve, Rank-5  :68.4%
2025-12-12 09:37:21,398 MambaPro.train INFO: CMC curve, Rank-10 :76.3%
2025-12-12 09:37:21,399 MambaPro.train INFO: 🎯 New Best! Saving model...
2025-12-12 09:37:21,815 MambaPro.train INFO: [Epoch 5] 指标集合列表（历史）
2025-12-12 09:37:21,816 MambaPro.train INFO: history_mAP:{50.6}
2025-12-12 09:37:21,816 MambaPro.train INFO: best_mAP:{50.6}
2025-12-12 09:37:21,816 MambaPro.train INFO: history_Rank-1:{53.5}
2025-12-12 09:37:21,816 MambaPro.train INFO: best_Rank-1:{53.5}
2025-12-12 09:37:21,816 MambaPro.train INFO: history_Rank-5:{68.4}
2025-12-12 09:37:21,816 MambaPro.train INFO: best_Rank-5:{68.4}
2025-12-12 09:37:21,816 MambaPro.train INFO: history_Rank-10:{76.3}
2025-12-12 09:37:21,816 MambaPro.train INFO: best_Rank-10:{76.3}
2025-12-12 09:37:21,816 MambaPro.train INFO: history_Experts:{[0.35 , 0.34 , 0.31]}
2025-12-12 09:37:21,816 MambaPro.train INFO: best_Experts:{[0.35 , 0.34 , 0.31]}
2025-12-12 09:37:21,816 MambaPro.train INFO: 🔥 MoE损失(Val): 平衡=0.0000, 稀疏性=0.9985, 多样性=2.6548, 总=0.0028 (权重: 平衡=0.001, 稀疏性=0.000, 多样性=0.001)
2025-12-12 09:37:21,816 MambaPro.train INFO:    📊 专家权重分布(Val): [0.35 , 0.34 , 0.31]
2025-12-12 09:37:41,838 MambaPro.train INFO: Epoch 6 done. Time per batch: 0.186[s] Speed: 172.2[samples/s]
2025-12-12 09:38:01,743 MambaPro.train INFO: Epoch 7 done. Time per batch: 0.186[s] Speed: 172.0[samples/s]
2025-12-12 09:38:21,634 MambaPro.train INFO: Epoch 8 done. Time per batch: 0.186[s] Speed: 172.1[samples/s]
2025-12-12 09:38:41,529 MambaPro.train INFO: Epoch 9 done. Time per batch: 0.186[s] Speed: 172.1[samples/s]
2025-12-12 09:39:01,463 MambaPro.train INFO: Epoch 10 done. Time per batch: 0.186[s] Speed: 171.8[samples/s]
2025-12-12 09:39:09,439 MambaPro.train INFO: Validation Results - Epoch: 10
2025-12-12 09:39:09,439 MambaPro.train INFO: Current mAP: 58.6%
2025-12-12 09:39:09,439 MambaPro.train INFO: CMC curve, Rank-1  :63.2%
2025-12-12 09:39:09,439 MambaPro.train INFO: CMC curve, Rank-5  :76.4%
2025-12-12 09:39:09,439 MambaPro.train INFO: CMC curve, Rank-10 :83.7%
2025-12-12 09:39:09,440 MambaPro.train INFO: 🎯 New Best! Saving model...
2025-12-12 09:39:10,092 MambaPro.train INFO: [Epoch 10] 指标集合列表（历史）
2025-12-12 09:39:10,092 MambaPro.train INFO: history_mAP:{50.6 , 58.6}
2025-12-12 09:39:10,092 MambaPro.train INFO: best_mAP:{58.6}
2025-12-12 09:39:10,092 MambaPro.train INFO: history_Rank-1:{53.5 , 63.2}
2025-12-12 09:39:10,092 MambaPro.train INFO: best_Rank-1:{63.2}
2025-12-12 09:39:10,092 MambaPro.train INFO: history_Rank-5:{68.4 , 76.4}
2025-12-12 09:39:10,092 MambaPro.train INFO: best_Rank-5:{76.4}
2025-12-12 09:39:10,092 MambaPro.train INFO: history_Rank-10:{76.3 , 83.7}
2025-12-12 09:39:10,092 MambaPro.train INFO: best_Rank-10:{83.7}
2025-12-12 09:39:10,092 MambaPro.train INFO: history_Experts:{[0.35 , 0.34 , 0.31] , [0.37 , 0.34 , 0.29]}
2025-12-12 09:39:10,093 MambaPro.train INFO: best_Experts:{[0.37 , 0.34 , 0.29]}
2025-12-12 09:39:10,093 MambaPro.train INFO: 🔥 MoE损失(Val): 平衡=0.0000, 稀疏性=0.9959, 多样性=2.6341, 总=0.0027 (权重: 平衡=0.001, 稀疏性=0.000, 多样性=0.001)
2025-12-12 09:39:10,093 MambaPro.train INFO:    📊 专家权重分布(Val): [0.37 , 0.34 , 0.29]
2025-12-12 09:39:29,994 MambaPro.train INFO: Epoch 11 done. Time per batch: 0.186[s] Speed: 171.7[samples/s]
2025-12-12 09:39:50,073 MambaPro.train INFO: Epoch 12 done. Time per batch: 0.188[s] Speed: 170.5[samples/s]
2025-12-12 09:40:10,008 MambaPro.train INFO: Epoch 13 done. Time per batch: 0.186[s] Speed: 171.8[samples/s]
2025-12-12 09:40:29,981 MambaPro.train INFO: Epoch 14 done. Time per batch: 0.187[s] Speed: 171.4[samples/s]
2025-12-12 09:40:49,999 MambaPro.train INFO: Epoch 15 done. Time per batch: 0.187[s] Speed: 171.0[samples/s]
2025-12-12 09:40:57,495 MambaPro.train INFO: Validation Results - Epoch: 15
2025-12-12 09:40:57,496 MambaPro.train INFO: Current mAP: 53.3%
2025-12-12 09:40:57,496 MambaPro.train INFO: CMC curve, Rank-1  :55.7%
2025-12-12 09:40:57,496 MambaPro.train INFO: CMC curve, Rank-5  :70.7%
2025-12-12 09:40:57,496 MambaPro.train INFO: CMC curve, Rank-10 :78.7%
2025-12-12 09:40:57,496 MambaPro.train INFO: [Epoch 15] 指标集合列表（历史）
2025-12-12 09:40:57,496 MambaPro.train INFO: history_mAP:{50.6 , 58.6 , 53.3}
2025-12-12 09:40:57,496 MambaPro.train INFO: best_mAP:{58.6}
2025-12-12 09:40:57,496 MambaPro.train INFO: history_Rank-1:{53.5 , 63.2 , 55.7}
2025-12-12 09:40:57,496 MambaPro.train INFO: best_Rank-1:{63.2}
2025-12-12 09:40:57,496 MambaPro.train INFO: history_Rank-5:{68.4 , 76.4 , 70.7}
2025-12-12 09:40:57,496 MambaPro.train INFO: best_Rank-5:{76.4}
2025-12-12 09:40:57,496 MambaPro.train INFO: history_Rank-10:{76.3 , 83.7 , 78.7}
2025-12-12 09:40:57,496 MambaPro.train INFO: best_Rank-10:{83.7}
2025-12-12 09:40:57,497 MambaPro.train INFO: history_Experts:{[0.35 , 0.34 , 0.31] , [0.37 , 0.34 , 0.29] , [0.40 , 0.34 , 0.26]}
2025-12-12 09:40:57,497 MambaPro.train INFO: best_Experts:{[0.37 , 0.34 , 0.29]}
2025-12-12 09:40:57,497 MambaPro.train INFO: 🔥 MoE损失(Val): 平衡=0.0000, 稀疏性=0.9843, 多样性=2.5449, 总=0.0026 (权重: 平衡=0.001, 稀疏性=0.000, 多样性=0.001)
2025-12-12 09:40:57,497 MambaPro.train INFO:    📊 专家权重分布(Val): [0.40 , 0.34 , 0.26]
2025-12-12 09:41:17,656 MambaPro.train INFO: Epoch 16 done. Time per batch: 0.187[s] Speed: 171.0[samples/s]
2025-12-12 09:41:37,636 MambaPro.train INFO: Epoch 17 done. Time per batch: 0.187[s] Speed: 171.4[samples/s]
2025-12-12 09:41:57,397 MambaPro.train INFO: Epoch 18 done. Time per batch: 0.186[s] Speed: 171.7[samples/s]
2025-12-12 09:42:17,325 MambaPro.train INFO: Epoch 19 done. Time per batch: 0.186[s] Speed: 171.8[samples/s]
2025-12-12 09:42:37,269 MambaPro.train INFO: Epoch 20 done. Time per batch: 0.186[s] Speed: 171.7[samples/s]
2025-12-12 09:42:45,206 MambaPro.train INFO: Validation Results - Epoch: 20
2025-12-12 09:42:45,206 MambaPro.train INFO: Current mAP: 53.8%
2025-12-12 09:42:45,206 MambaPro.train INFO: CMC curve, Rank-1  :56.5%
2025-12-12 09:42:45,206 MambaPro.train INFO: CMC curve, Rank-5  :75.6%
2025-12-12 09:42:45,206 MambaPro.train INFO: CMC curve, Rank-10 :83.7%
2025-12-12 09:42:45,207 MambaPro.train INFO: [Epoch 20] 指标集合列表（历史）
2025-12-12 09:42:45,207 MambaPro.train INFO: history_mAP:{50.6 , 58.6 , 53.3 , 53.8}
2025-12-12 09:42:45,207 MambaPro.train INFO: best_mAP:{58.6}
2025-12-12 09:42:45,207 MambaPro.train INFO: history_Rank-1:{53.5 , 63.2 , 55.7 , 56.5}
2025-12-12 09:42:45,207 MambaPro.train INFO: best_Rank-1:{63.2}
2025-12-12 09:42:45,207 MambaPro.train INFO: history_Rank-5:{68.4 , 76.4 , 70.7 , 75.6}
2025-12-12 09:42:45,207 MambaPro.train INFO: best_Rank-5:{76.4}
2025-12-12 09:42:45,207 MambaPro.train INFO: history_Rank-10:{76.3 , 83.7 , 78.7}
2025-12-12 09:42:45,207 MambaPro.train INFO: best_Rank-10:{83.7}
2025-12-12 09:42:45,207 MambaPro.train INFO: history_Experts:{[0.35 , 0.34 , 0.31] , [0.37 , 0.34 , 0.29] , [0.40 , 0.34 , 0.26] , [0.61 , 0.24 , 0.16]}
2025-12-12 09:42:45,207 MambaPro.train INFO: best_Experts:{[0.37 , 0.34 , 0.29]}
2025-12-12 09:42:45,207 MambaPro.train INFO: 🔥 MoE损失(Val): 平衡=0.1098, 稀疏性=0.8253, 多样性=1.6310, 总=0.0018 (权重: 平衡=0.001, 稀疏性=0.000, 多样性=0.001)
2025-12-12 09:42:45,207 MambaPro.train INFO:    📊 专家权重分布(Val): [0.61 , 0.24 , 0.16]
2025-12-12 09:43:05,165 MambaPro.train INFO: Epoch 21 done. Time per batch: 0.187[s] Speed: 171.1[samples/s]
2025-12-12 09:43:25,252 MambaPro.train INFO: Epoch 22 done. Time per batch: 0.188[s] Speed: 170.5[samples/s]
2025-12-12 09:43:45,186 MambaPro.train INFO: Epoch 23 done. Time per batch: 0.186[s] Speed: 171.8[samples/s]
2025-12-12 09:44:05,138 MambaPro.train INFO: Epoch 24 done. Time per batch: 0.186[s] Speed: 171.6[samples/s]
2025-12-12 09:44:24,863 MambaPro.train INFO: Epoch 25 done. Time per batch: 0.186[s] Speed: 172.0[samples/s]
2025-12-12 09:44:32,378 MambaPro.train INFO: Validation Results - Epoch: 25
2025-12-12 09:44:32,379 MambaPro.train INFO: Current mAP: 68.2%
2025-12-12 09:44:32,379 MambaPro.train INFO: CMC curve, Rank-1  :70.7%
2025-12-12 09:44:32,379 MambaPro.train INFO: CMC curve, Rank-5  :81.0%
2025-12-12 09:44:32,379 MambaPro.train INFO: CMC curve, Rank-10 :87.0%
2025-12-12 09:44:32,379 MambaPro.train INFO: 🎯 New Best! Saving model...
2025-12-12 09:44:33,008 MambaPro.train INFO: [Epoch 25] 指标集合列表（历史）
2025-12-12 09:44:33,008 MambaPro.train INFO: history_mAP:{50.6 , 58.6 , 53.3 , 53.8 , 68.2}
2025-12-12 09:44:33,008 MambaPro.train INFO: best_mAP:{68.2}
2025-12-12 09:44:33,008 MambaPro.train INFO: history_Rank-1:{53.5 , 63.2 , 55.7 , 56.5 , 70.7}
2025-12-12 09:44:33,008 MambaPro.train INFO: best_Rank-1:{70.7}
2025-12-12 09:44:33,008 MambaPro.train INFO: history_Rank-5:{68.4 , 76.4 , 70.7 , 75.6 , 81.0}
2025-12-12 09:44:33,008 MambaPro.train INFO: best_Rank-5:{81.0}
2025-12-12 09:44:33,008 MambaPro.train INFO: history_Rank-10:{76.3 , 83.7 , 78.7 , 87.0}
2025-12-12 09:44:33,008 MambaPro.train INFO: best_Rank-10:{87.0}
2025-12-12 09:44:33,008 MambaPro.train INFO: history_Experts:{[0.35 , 0.34 , 0.31] , [0.37 , 0.34 , 0.29] , [0.40 , 0.34 , 0.26] , [0.61 , 0.24 , 0.16] , [0.80 , 0.11 , 0.08]}
2025-12-12 09:44:33,008 MambaPro.train INFO: best_Experts:{[0.80 , 0.11 , 0.08]}
2025-12-12 09:44:33,008 MambaPro.train INFO: 🔥 MoE损失(Val): 平衡=0.5233, 稀疏性=0.5010, 多样性=0.6688, 总=0.0012 (权重: 平衡=0.001, 稀疏性=0.000, 多样性=0.001)
2025-12-12 09:44:33,008 MambaPro.train INFO:    📊 专家权重分布(Val): [0.80 , 0.11 , 0.08]
2025-12-12 09:44:53,190 MambaPro.train INFO: Epoch 26 done. Time per batch: 0.187[s] Speed: 170.8[samples/s]
2025-12-12 09:45:13,138 MambaPro.train INFO: Epoch 27 done. Time per batch: 0.186[s] Speed: 171.7[samples/s]
2025-12-12 09:45:33,075 MambaPro.train INFO: Epoch 28 done. Time per batch: 0.186[s] Speed: 171.7[samples/s]
2025-12-12 09:45:53,080 MambaPro.train INFO: Epoch 29 done. Time per batch: 0.187[s] Speed: 171.2[samples/s]
2025-12-12 09:46:13,106 MambaPro.train INFO: Epoch 30 done. Time per batch: 0.187[s] Speed: 171.0[samples/s]
2025-12-12 09:46:20,993 MambaPro.train INFO: Validation Results - Epoch: 30
2025-12-12 09:46:20,993 MambaPro.train INFO: Current mAP: 75.3%
2025-12-12 09:46:20,993 MambaPro.train INFO: CMC curve, Rank-1  :79.8%
2025-12-12 09:46:20,993 MambaPro.train INFO: CMC curve, Rank-5  :87.6%
2025-12-12 09:46:20,993 MambaPro.train INFO: CMC curve, Rank-10 :91.3%
2025-12-12 09:46:20,994 MambaPro.train INFO: 🎯 New Best! Saving model...
2025-12-12 09:46:21,629 MambaPro.train INFO: [Epoch 30] 指标集合列表（历史）
2025-12-12 09:46:21,629 MambaPro.train INFO: history_mAP:{50.6 , 58.6 , 53.3 , 53.8 , 68.2 , 75.3}
2025-12-12 09:46:21,630 MambaPro.train INFO: best_mAP:{75.3}
2025-12-12 09:46:21,630 MambaPro.train INFO: history_Rank-1:{53.5 , 63.2 , 55.7 , 56.5 , 70.7 , 79.8}
2025-12-12 09:46:21,630 MambaPro.train INFO: best_Rank-1:{79.8}
2025-12-12 09:46:21,630 MambaPro.train INFO: history_Rank-5:{68.4 , 76.4 , 70.7 , 75.6 , 81.0 , 87.6}
2025-12-12 09:46:21,630 MambaPro.train INFO: best_Rank-5:{87.6}
2025-12-12 09:46:21,630 MambaPro.train INFO: history_Rank-10:{76.3 , 83.7 , 78.7 , 87.0 , 91.3}
2025-12-12 09:46:21,630 MambaPro.train INFO: best_Rank-10:{91.3}
2025-12-12 09:46:21,630 MambaPro.train INFO: history_Experts:{[0.35 , 0.34 , 0.31] , [0.37 , 0.34 , 0.29] , [0.40 , 0.34 , 0.26] , [0.61 , 0.24 , 0.16] , [0.80 , 0.11 , 0.08] , [0.87 , 0.07 , 0.06]}
2025-12-12 09:46:21,630 MambaPro.train INFO: best_Experts:{[0.87 , 0.07 , 0.06]}
2025-12-12 09:46:21,630 MambaPro.train INFO: 🔥 MoE损失(Val): 平衡=0.7450, 稀疏性=0.3501, 多样性=0.4060, 总=0.0012 (权重: 平衡=0.001, 稀疏性=0.000, 多样性=0.001)
2025-12-12 09:46:21,630 MambaPro.train INFO:    📊 专家权重分布(Val): [0.87 , 0.07 , 0.06]
2025-12-12 09:46:41,841 MambaPro.train INFO: Epoch 31 done. Time per batch: 0.188[s] Speed: 170.5[samples/s]
2025-12-12 09:47:01,728 MambaPro.train INFO: Epoch 32 done. Time per batch: 0.188[s] Speed: 170.6[samples/s]
2025-12-12 09:47:21,776 MambaPro.train INFO: Epoch 33 done. Time per batch: 0.187[s] Speed: 170.8[samples/s]
2025-12-12 09:47:41,658 MambaPro.train INFO: Epoch 34 done. Time per batch: 0.188[s] Speed: 170.6[samples/s]
2025-12-12 09:48:01,684 MambaPro.train INFO: Epoch 35 done. Time per batch: 0.187[s] Speed: 171.0[samples/s]
2025-12-12 09:48:09,197 MambaPro.train INFO: Validation Results - Epoch: 35
2025-12-12 09:48:09,197 MambaPro.train INFO: Current mAP: 75.6%
2025-12-12 09:48:09,197 MambaPro.train INFO: CMC curve, Rank-1  :81.2%
2025-12-12 09:48:09,197 MambaPro.train INFO: CMC curve, Rank-5  :88.8%
2025-12-12 09:48:09,197 MambaPro.train INFO: CMC curve, Rank-10 :91.4%
2025-12-12 09:48:09,198 MambaPro.train INFO: 🎯 New Best! Saving model...
2025-12-12 09:48:09,812 MambaPro.train INFO: [Epoch 35] 指标集合列表（历史）
2025-12-12 09:48:09,812 MambaPro.train INFO: history_mAP:{50.6 , 58.6 , 53.3 , 53.8 , 68.2 , 75.3 , 75.6}
2025-12-12 09:48:09,812 MambaPro.train INFO: best_mAP:{75.6}
2025-12-12 09:48:09,812 MambaPro.train INFO: history_Rank-1:{53.5 , 63.2 , 55.7 , 56.5 , 70.7 , 79.8 , 81.2}
2025-12-12 09:48:09,812 MambaPro.train INFO: best_Rank-1:{81.2}
2025-12-12 09:48:09,812 MambaPro.train INFO: history_Rank-5:{68.4 , 76.4 , 70.7 , 75.6 , 81.0 , 87.6 , 88.8}
2025-12-12 09:48:09,812 MambaPro.train INFO: best_Rank-5:{88.8}
2025-12-12 09:48:09,812 MambaPro.train INFO: history_Rank-10:{76.3 , 83.7 , 78.7 , 87.0 , 91.3 , 91.4}
2025-12-12 09:48:09,812 MambaPro.train INFO: best_Rank-10:{91.4}
2025-12-12 09:48:09,812 MambaPro.train INFO: history_Experts:{[0.35 , 0.34 , 0.31] , [0.37 , 0.34 , 0.29] , [0.40 , 0.34 , 0.26] , [0.61 , 0.24 , 0.16] , [0.80 , 0.11 , 0.08] , [0.87 , 0.07 , 0.06] , [0.90 , 0.05 , 0.04]}
2025-12-12 09:48:09,812 MambaPro.train INFO: best_Experts:{[0.90 , 0.05 , 0.04]}
2025-12-12 09:48:09,812 MambaPro.train INFO: 🔥 MoE损失(Val): 平衡=0.8693, 稀疏性=0.2682, 多样性=0.2903, 总=0.0012 (权重: 平衡=0.001, 稀疏性=0.000, 多样性=0.001)
2025-12-12 09:48:09,812 MambaPro.train INFO:    📊 专家权重分布(Val): [0.90 , 0.05 , 0.04]
2025-12-12 09:48:29,949 MambaPro.train INFO: Epoch 36 done. Time per batch: 0.187[s] Speed: 171.2[samples/s]
2025-12-12 09:48:49,969 MambaPro.train INFO: Epoch 37 done. Time per batch: 0.187[s] Speed: 171.0[samples/s]
2025-12-12 09:49:09,846 MambaPro.train INFO: Epoch 38 done. Time per batch: 0.188[s] Speed: 170.7[samples/s]
2025-12-12 09:49:29,934 MambaPro.train INFO: Epoch 39 done. Time per batch: 0.188[s] Speed: 170.4[samples/s]
2025-12-12 09:49:49,797 MambaPro.train INFO: Epoch 40 done. Time per batch: 0.187[s] Speed: 170.8[samples/s]
2025-12-12 09:49:57,697 MambaPro.train INFO: Validation Results - Epoch: 40
2025-12-12 09:49:57,697 MambaPro.train INFO: Current mAP: 77.1%
2025-12-12 09:49:57,697 MambaPro.train INFO: CMC curve, Rank-1  :82.4%
2025-12-12 09:49:57,697 MambaPro.train INFO: CMC curve, Rank-5  :88.5%
2025-12-12 09:49:57,697 MambaPro.train INFO: CMC curve, Rank-10 :92.1%
2025-12-12 09:49:57,698 MambaPro.train INFO: 🎯 New Best! Saving model...
2025-12-12 09:49:58,299 MambaPro.train INFO: [Epoch 40] 指标集合列表（历史）
2025-12-12 09:49:58,300 MambaPro.train INFO: history_mAP:{50.6 , 58.6 , 53.3 , 53.8 , 68.2 , 75.3 , 75.6 , 77.1}
2025-12-12 09:49:58,300 MambaPro.train INFO: best_mAP:{77.1}
2025-12-12 09:49:58,300 MambaPro.train INFO: history_Rank-1:{53.5 , 63.2 , 55.7 , 56.5 , 70.7 , 79.8 , 81.2 , 82.4}
2025-12-12 09:49:58,300 MambaPro.train INFO: best_Rank-1:{82.4}
2025-12-12 09:49:58,300 MambaPro.train INFO: history_Rank-5:{68.4 , 76.4 , 70.7 , 75.6 , 81.0 , 87.6 , 88.8 , 88.5}
2025-12-12 09:49:58,300 MambaPro.train INFO: best_Rank-5:{88.8}
2025-12-12 09:49:58,300 MambaPro.train INFO: history_Rank-10:{76.3 , 83.7 , 78.7 , 87.0 , 91.3 , 91.4 , 92.1}
2025-12-12 09:49:58,300 MambaPro.train INFO: best_Rank-10:{92.1}
2025-12-12 09:49:58,300 MambaPro.train INFO: history_Experts:{[0.35 , 0.34 , 0.31] , [0.37 , 0.34 , 0.29] , [0.40 , 0.34 , 0.26] , [0.61 , 0.24 , 0.16] , [0.80 , 0.11 , 0.08] , [0.87 , 0.07 , 0.06] , [0.90 , 0.05 , 0.04] , [0.92 , 0.04 , 0.03]}
2025-12-12 09:49:58,300 MambaPro.train INFO: best_Experts:{[0.92 , 0.04 , 0.03]}
2025-12-12 09:49:58,300 MambaPro.train INFO: 🔥 MoE损失(Val): 平衡=0.9401, 稀疏性=0.2222, 多样性=0.2319, 总=0.0012 (权重: 平衡=0.001, 稀疏性=0.000, 多样性=0.001)
2025-12-12 09:49:58,300 MambaPro.train INFO:    📊 专家权重分布(Val): [0.92 , 0.04 , 0.03]
2025-12-12 09:50:18,638 MambaPro.train INFO: Epoch 41 done. Time per batch: 0.189[s] Speed: 169.5[samples/s]
2025-12-12 09:50:38,618 MambaPro.train INFO: Epoch 42 done. Time per batch: 0.187[s] Speed: 171.4[samples/s]
2025-12-12 09:50:58,635 MambaPro.train INFO: Epoch 43 done. Time per batch: 0.187[s] Speed: 171.1[samples/s]
2025-12-12 09:51:18,619 MambaPro.train INFO: Epoch 44 done. Time per batch: 0.187[s] Speed: 171.3[samples/s]
2025-12-12 09:51:38,639 MambaPro.train INFO: Epoch 45 done. Time per batch: 0.187[s] Speed: 171.0[samples/s]
2025-12-12 09:51:46,156 MambaPro.train INFO: Validation Results - Epoch: 45
2025-12-12 09:51:46,156 MambaPro.train INFO: Current mAP: 77.6%
2025-12-12 09:51:46,156 MambaPro.train INFO: CMC curve, Rank-1  :83.6%
2025-12-12 09:51:46,156 MambaPro.train INFO: CMC curve, Rank-5  :90.1%
2025-12-12 09:51:46,156 MambaPro.train INFO: CMC curve, Rank-10 :92.7%
2025-12-12 09:51:46,157 MambaPro.train INFO: 🎯 New Best! Saving model...
2025-12-12 09:51:46,791 MambaPro.train INFO: [Epoch 45] 指标集合列表（历史）
2025-12-12 09:51:46,791 MambaPro.train INFO: history_mAP:{50.6 , 58.6 , 53.3 , 53.8 , 68.2 , 75.3 , 75.6 , 77.1 , 77.6}
2025-12-12 09:51:46,791 MambaPro.train INFO: best_mAP:{77.6}
2025-12-12 09:51:46,791 MambaPro.train INFO: history_Rank-1:{53.5 , 63.2 , 55.7 , 56.5 , 70.7 , 79.8 , 81.2 , 82.4 , 83.6}
2025-12-12 09:51:46,791 MambaPro.train INFO: best_Rank-1:{83.6}
2025-12-12 09:51:46,791 MambaPro.train INFO: history_Rank-5:{68.4 , 76.4 , 70.7 , 75.6 , 81.0 , 87.6 , 88.8 , 88.5 , 90.1}
2025-12-12 09:51:46,792 MambaPro.train INFO: best_Rank-5:{90.1}
2025-12-12 09:51:46,792 MambaPro.train INFO: history_Rank-10:{76.3 , 83.7 , 78.7 , 87.0 , 91.3 , 91.4 , 92.1 , 92.7}
2025-12-12 09:51:46,792 MambaPro.train INFO: best_Rank-10:{92.7}
2025-12-12 09:51:46,792 MambaPro.train INFO: history_Experts:{[0.35 , 0.34 , 0.31] , [0.37 , 0.34 , 0.29] , [0.40 , 0.34 , 0.26] , [0.61 , 0.24 , 0.16] , [0.80 , 0.11 , 0.08] , [0.87 , 0.07 , 0.06] , [0.90 , 0.05 , 0.04] , [0.92 , 0.04 , 0.03] , [0.93 , 0.04 , 0.03]}
2025-12-12 09:51:46,792 MambaPro.train INFO: best_Experts:{[0.93 , 0.04 , 0.03]}
2025-12-12 09:51:46,792 MambaPro.train INFO: 🔥 MoE损失(Val): 平衡=0.9854, 稀疏性=0.1930, 多样性=0.1969, 总=0.0012 (权重: 平衡=0.001, 稀疏性=0.000, 多样性=0.001)
2025-12-12 09:51:46,792 MambaPro.train INFO:    📊 专家权重分布(Val): [0.93 , 0.04 , 0.03]
2025-12-12 09:52:06,986 MambaPro.train INFO: Epoch 46 done. Time per batch: 0.187[s] Speed: 170.7[samples/s]
2025-12-12 09:52:26,999 MambaPro.train INFO: Epoch 47 done. Time per batch: 0.187[s] Speed: 171.1[samples/s]
2025-12-12 09:52:47,535 MambaPro.train INFO: Epoch 48 done. Time per batch: 0.194[s] Speed: 165.2[samples/s]
2025-12-12 09:53:07,522 MambaPro.train INFO: Epoch 49 done. Time per batch: 0.187[s] Speed: 171.3[samples/s]
2025-12-12 09:53:27,575 MambaPro.train INFO: Epoch 50 done. Time per batch: 0.187[s] Speed: 170.7[samples/s]
2025-12-12 09:53:35,543 MambaPro.train INFO: Validation Results - Epoch: 50
2025-12-12 09:53:35,543 MambaPro.train INFO: Current mAP: 76.4%
2025-12-12 09:53:35,543 MambaPro.train INFO: CMC curve, Rank-1  :82.1%
2025-12-12 09:53:35,543 MambaPro.train INFO: CMC curve, Rank-5  :88.0%
2025-12-12 09:53:35,543 MambaPro.train INFO: CMC curve, Rank-10 :91.6%
2025-12-12 09:53:35,544 MambaPro.train INFO: [Epoch 50] 指标集合列表（历史）
2025-12-12 09:53:35,544 MambaPro.train INFO: history_mAP:{50.6 , 58.6 , 53.3 , 53.8 , 68.2 , 75.3 , 75.6 , 77.1 , 77.6 , 76.4}
2025-12-12 09:53:35,544 MambaPro.train INFO: best_mAP:{77.6}
2025-12-12 09:53:35,544 MambaPro.train INFO: history_Rank-1:{53.5 , 63.2 , 55.7 , 56.5 , 70.7 , 79.8 , 81.2 , 82.4 , 83.6 , 82.1}
2025-12-12 09:53:35,544 MambaPro.train INFO: best_Rank-1:{83.6}
2025-12-12 09:53:35,544 MambaPro.train INFO: history_Rank-5:{68.4 , 76.4 , 70.7 , 75.6 , 81.0 , 87.6 , 88.8 , 88.5 , 90.1 , 88.0}
2025-12-12 09:53:35,544 MambaPro.train INFO: best_Rank-5:{90.1}
2025-12-12 09:53:35,544 MambaPro.train INFO: history_Rank-10:{76.3 , 83.7 , 78.7 , 87.0 , 91.3 , 91.4 , 92.1 , 92.7 , 91.6}
2025-12-12 09:53:35,544 MambaPro.train INFO: best_Rank-10:{92.7}
2025-12-12 09:53:35,544 MambaPro.train INFO: history_Experts:{[0.35 , 0.34 , 0.31] , [0.37 , 0.34 , 0.29] , [0.40 , 0.34 , 0.26] , [0.61 , 0.24 , 0.16] , [0.80 , 0.11 , 0.08] , [0.87 , 0.07 , 0.06] , [0.90 , 0.05 , 0.04] , [0.92 , 0.04 , 0.03] , [0.93 , 0.04 , 0.03] , [0.94 , 0.03 , 0.03]}
2025-12-12 09:53:35,544 MambaPro.train INFO: best_Experts:{[0.93 , 0.04 , 0.03]}
2025-12-12 09:53:35,545 MambaPro.train INFO: 🔥 MoE损失(Val): 平衡=1.0173, 稀疏性=0.1725, 多样性=0.1732, 总=0.0012 (权重: 平衡=0.001, 稀疏性=0.000, 多样性=0.001)
2025-12-12 09:53:35,545 MambaPro.train INFO:    📊 专家权重分布(Val): [0.94 , 0.03 , 0.03]
2025-12-12 09:53:55,591 MambaPro.train INFO: Epoch 51 done. Time per batch: 0.188[s] Speed: 170.4[samples/s]
2025-12-12 09:54:15,445 MambaPro.train INFO: Epoch 52 done. Time per batch: 0.187[s] Speed: 170.8[samples/s]
2025-12-12 09:54:35,474 MambaPro.train INFO: Epoch 53 done. Time per batch: 0.187[s] Speed: 171.0[samples/s]
2025-12-12 09:54:55,533 MambaPro.train INFO: Epoch 54 done. Time per batch: 0.187[s] Speed: 170.7[samples/s]
2025-12-12 09:55:15,575 MambaPro.train INFO: Epoch 55 done. Time per batch: 0.187[s] Speed: 170.8[samples/s]
2025-12-12 09:55:23,153 MambaPro.train INFO: Validation Results - Epoch: 55
2025-12-12 09:55:23,154 MambaPro.train INFO: Current mAP: 77.9%
2025-12-12 09:55:23,154 MambaPro.train INFO: CMC curve, Rank-1  :83.6%
2025-12-12 09:55:23,154 MambaPro.train INFO: CMC curve, Rank-5  :89.2%
2025-12-12 09:55:23,154 MambaPro.train INFO: CMC curve, Rank-10 :92.2%
2025-12-12 09:55:23,154 MambaPro.train INFO: 🎯 New Best! Saving model...
2025-12-12 09:55:23,804 MambaPro.train INFO: [Epoch 55] 指标集合列表（历史）
2025-12-12 09:55:23,805 MambaPro.train INFO: history_mAP:{50.6 , 58.6 , 53.3 , 53.8 , 68.2 , 75.3 , 75.6 , 77.1 , 77.6 , 76.4 , 77.9}
2025-12-12 09:55:23,805 MambaPro.train INFO: best_mAP:{77.9}
2025-12-12 09:55:23,805 MambaPro.train INFO: history_Rank-1:{53.5 , 63.2 , 55.7 , 56.5 , 70.7 , 79.8 , 81.2 , 82.4 , 83.6 , 82.1}
2025-12-12 09:55:23,805 MambaPro.train INFO: best_Rank-1:{83.6}
2025-12-12 09:55:23,805 MambaPro.train INFO: history_Rank-5:{68.4 , 76.4 , 70.7 , 75.6 , 81.0 , 87.6 , 88.8 , 88.5 , 90.1 , 88.0 , 89.2}
2025-12-12 09:55:23,805 MambaPro.train INFO: best_Rank-5:{90.1}
2025-12-12 09:55:23,805 MambaPro.train INFO: history_Rank-10:{76.3 , 83.7 , 78.7 , 87.0 , 91.3 , 91.4 , 92.1 , 92.7 , 91.6 , 92.2}
2025-12-12 09:55:23,805 MambaPro.train INFO: best_Rank-10:{92.7}
2025-12-12 09:55:23,805 MambaPro.train INFO: history_Experts:{[0.35 , 0.34 , 0.31] , [0.37 , 0.34 , 0.29] , [0.40 , 0.34 , 0.26] , [0.61 , 0.24 , 0.16] , [0.80 , 0.11 , 0.08] , [0.87 , 0.07 , 0.06] , [0.90 , 0.05 , 0.04] , [0.92 , 0.04 , 0.03] , [0.93 , 0.04 , 0.03] , [0.94 , 0.03 , 0.03] , [0.95 , 0.03 , 0.02]}
2025-12-12 09:55:23,805 MambaPro.train INFO: best_Experts:{[0.95 , 0.03 , 0.02]}
2025-12-12 09:55:23,805 MambaPro.train INFO: 🔥 MoE损失(Val): 平衡=1.0420, 稀疏性=0.1567, 多样性=0.1555, 总=0.0012 (权重: 平衡=0.001, 稀疏性=0.000, 多样性=0.001)
2025-12-12 09:55:23,805 MambaPro.train INFO:    📊 专家权重分布(Val): [0.95 , 0.03 , 0.02]
2025-12-12 09:55:43,823 MambaPro.train INFO: Epoch 56 done. Time per batch: 0.188[s] Speed: 170.6[samples/s]
2025-12-12 09:56:03,940 MambaPro.train INFO: Epoch 57 done. Time per batch: 0.188[s] Speed: 170.2[samples/s]
2025-12-12 09:56:23,955 MambaPro.train INFO: Epoch 58 done. Time per batch: 0.187[s] Speed: 171.1[samples/s]
2025-12-12 09:56:43,878 MambaPro.train INFO: Epoch 59 done. Time per batch: 0.188[s] Speed: 170.3[samples/s]
2025-12-12 09:57:03,922 MambaPro.train INFO: Epoch 60 done. Time per batch: 0.187[s] Speed: 170.8[samples/s]
2025-12-12 09:57:11,900 MambaPro.train INFO: Validation Results - Epoch: 60
2025-12-12 09:57:11,901 MambaPro.train INFO: Current mAP: 77.8%
2025-12-12 09:57:11,901 MambaPro.train INFO: CMC curve, Rank-1  :83.3%
2025-12-12 09:57:11,901 MambaPro.train INFO: CMC curve, Rank-5  :88.8%
2025-12-12 09:57:11,901 MambaPro.train INFO: CMC curve, Rank-10 :91.9%
2025-12-12 09:57:11,901 MambaPro.train INFO: [Epoch 60] 指标集合列表（历史）
2025-12-12 09:57:11,901 MambaPro.train INFO: history_mAP:{50.6 , 58.6 , 53.3 , 53.8 , 68.2 , 75.3 , 75.6 , 77.1 , 77.6 , 76.4 , 77.9 , 77.8}
2025-12-12 09:57:11,901 MambaPro.train INFO: best_mAP:{77.9}
2025-12-12 09:57:11,901 MambaPro.train INFO: history_Rank-1:{53.5 , 63.2 , 55.7 , 56.5 , 70.7 , 79.8 , 81.2 , 82.4 , 83.6 , 82.1 , 83.3}
2025-12-12 09:57:11,901 MambaPro.train INFO: best_Rank-1:{83.6}
2025-12-12 09:57:11,901 MambaPro.train INFO: history_Rank-5:{68.4 , 76.4 , 70.7 , 75.6 , 81.0 , 87.6 , 88.8 , 88.5 , 90.1 , 88.0 , 89.2}
2025-12-12 09:57:11,901 MambaPro.train INFO: best_Rank-5:{90.1}
2025-12-12 09:57:11,901 MambaPro.train INFO: history_Rank-10:{76.3 , 83.7 , 78.7 , 87.0 , 91.3 , 91.4 , 92.1 , 92.7 , 91.6 , 92.2 , 91.9}
2025-12-12 09:57:11,901 MambaPro.train INFO: best_Rank-10:{92.7}
2025-12-12 09:57:11,901 MambaPro.train INFO: history_Experts:{[0.35 , 0.34 , 0.31] , [0.37 , 0.34 , 0.29] , [0.40 , 0.34 , 0.26] , [0.61 , 0.24 , 0.16] , [0.80 , 0.11 , 0.08] , [0.87 , 0.07 , 0.06] , [0.90 , 0.05 , 0.04] , [0.92 , 0.04 , 0.03] , [0.93 , 0.04 , 0.03] , [0.94 , 0.03 , 0.03] , [0.95 , 0.03 , 0.02] , [0.95 , 0.03 , 0.02]}
2025-12-12 09:57:11,901 MambaPro.train INFO: best_Experts:{[0.95 , 0.03 , 0.02]}
2025-12-12 09:57:11,901 MambaPro.train INFO: 🔥 MoE损失(Val): 平衡=1.0605, 稀疏性=0.1448, 多样性=0.1425, 总=0.0012 (权重: 平衡=0.001, 稀疏性=0.000, 多样性=0.001)
2025-12-12 09:57:11,901 MambaPro.train INFO:    📊 专家权重分布(Val): [0.95 , 0.03 , 0.02]
2025-12-12 09:57:12,036 MambaPro.train INFO: ============================================================
