2025-12-12 02:28:34,253 MambaPro INFO: ================================================================================
2025-12-12 02:28:34,253 MambaPro INFO: 🧾 实验参数快照（命令行 + 最终配置）
2025-12-12 02:28:34,253 MambaPro INFO: ================================================================================
2025-12-12 02:28:34,253 MambaPro INFO: 【复现实验命令】
2025-12-12 02:28:34,253 MambaPro INFO: /home/zubuntu/miniconda/envs/MambaPro/bin/python train_net.py --config_file mybest_model/experiment_20251013_110028/configs/experiment_config.yml OUTPUT_DIR ./outputs/replay_best_tml
2025-12-12 02:28:34,253 MambaPro INFO: 【命令行参数（args）】
2025-12-12 02:28:34,253 MambaPro INFO: {
2025-12-12 02:28:34,253 MambaPro INFO:   "config_file": "mybest_model/experiment_20251013_110028/configs/experiment_config.yml",
2025-12-12 02:28:34,253 MambaPro INFO:   "fea_cft": 0,
2025-12-12 02:28:34,253 MambaPro INFO:   "opts": [
2025-12-12 02:28:34,253 MambaPro INFO:     "OUTPUT_DIR",
2025-12-12 02:28:34,253 MambaPro INFO:     "./outputs/replay_best_tml"
2025-12-12 02:28:34,253 MambaPro INFO:   ],
2025-12-12 02:28:34,253 MambaPro INFO:   "local_rank": 0,
2025-12-12 02:28:34,253 MambaPro INFO:   "use_multi_scale": false,
2025-12-12 02:28:34,253 MambaPro INFO:   "no_multi_scale": false,
2025-12-12 02:28:34,253 MambaPro INFO:   "use_moe": false,
2025-12-12 02:28:34,253 MambaPro INFO:   "disable_moe": false,
2025-12-12 02:28:34,253 MambaPro INFO:   "no_moe": false,
2025-12-12 02:28:34,253 MambaPro INFO:   "use_attention": false,
2025-12-12 02:28:34,253 MambaPro INFO:   "disable_attention": false,
2025-12-12 02:28:34,253 MambaPro INFO:   "attention_heads": 8,
2025-12-12 02:28:34,253 MambaPro INFO:   "attention_dropout": 0.1
2025-12-12 02:28:34,253 MambaPro INFO: }
2025-12-12 02:28:34,253 MambaPro INFO: 【工作目录】/home/zubuntu/workspace/yzy/MambaPro
2025-12-12 02:28:34,253 MambaPro INFO: 【最终配置（YAML）】
2025-12-12 02:28:34,256 MambaPro INFO: DATALOADER:
2025-12-12 02:28:34,256 MambaPro INFO:   NUM_INSTANCE: 8
2025-12-12 02:28:34,256 MambaPro INFO:   NUM_WORKERS: 8
2025-12-12 02:28:34,256 MambaPro INFO:   SAMPLER: softmax_triplet
2025-12-12 02:28:34,256 MambaPro INFO: DATASETS:
2025-12-12 02:28:34,256 MambaPro INFO:   NAMES: RGBNT201
2025-12-12 02:28:34,256 MambaPro INFO:   ROOT_DIR: /home/zubuntu/workspace/yzy/MambaPro/data/
2025-12-12 02:28:34,256 MambaPro INFO: INPUT:
2025-12-12 02:28:34,256 MambaPro INFO:   PADDING: 10
2025-12-12 02:28:34,256 MambaPro INFO:   PIXEL_MEAN:
2025-12-12 02:28:34,256 MambaPro INFO:   - 0.5
2025-12-12 02:28:34,256 MambaPro INFO:   - 0.5
2025-12-12 02:28:34,256 MambaPro INFO:   - 0.5
2025-12-12 02:28:34,256 MambaPro INFO:   PIXEL_STD:
2025-12-12 02:28:34,256 MambaPro INFO:   - 0.5
2025-12-12 02:28:34,256 MambaPro INFO:   - 0.5
2025-12-12 02:28:34,256 MambaPro INFO:   - 0.5
2025-12-12 02:28:34,256 MambaPro INFO:   PROB: 0.5
2025-12-12 02:28:34,256 MambaPro INFO:   RE_PROB: 0.5
2025-12-12 02:28:34,256 MambaPro INFO:   SIZE_TEST:
2025-12-12 02:28:34,256 MambaPro INFO:   - 256
2025-12-12 02:28:34,256 MambaPro INFO:   - 128
2025-12-12 02:28:34,256 MambaPro INFO:   SIZE_TRAIN:
2025-12-12 02:28:34,256 MambaPro INFO:   - 256
2025-12-12 02:28:34,256 MambaPro INFO:   - 128
2025-12-12 02:28:34,256 MambaPro INFO: MODEL:
2025-12-12 02:28:34,256 MambaPro INFO:   ADAPTER: true
2025-12-12 02:28:34,256 MambaPro INFO:   ATTENTION_DIM: 512
2025-12-12 02:28:34,256 MambaPro INFO:   ATTENTION_DROPOUT: 0.1
2025-12-12 02:28:34,256 MambaPro INFO:   ATTENTION_NUM_HEADS: 8
2025-12-12 02:28:34,256 MambaPro INFO:   ATT_DROP_RATE: 0.0
2025-12-12 02:28:34,256 MambaPro INFO:   CLIP_MULTI_SCALE_SCALES:
2025-12-12 02:28:34,256 MambaPro INFO:   - 4
2025-12-12 02:28:34,256 MambaPro INFO:   - 8
2025-12-12 02:28:34,256 MambaPro INFO:   - 16
2025-12-12 02:28:34,256 MambaPro INFO:   DEVICE: cuda
2025-12-12 02:28:34,256 MambaPro INFO:   DEVICE_ID: '0'
2025-12-12 02:28:34,256 MambaPro INFO:   DIRECT: 1
2025-12-12 02:28:34,256 MambaPro INFO:   DIST_TRAIN: false
2025-12-12 02:28:34,256 MambaPro INFO:   DROP_OUT: 0.0
2025-12-12 02:28:34,256 MambaPro INFO:   DROP_PATH: 0.1
2025-12-12 02:28:34,256 MambaPro INFO:   FLOPS_TEST: false
2025-12-12 02:28:34,256 MambaPro INFO:   FROZEN: true
2025-12-12 02:28:34,256 MambaPro INFO:   GATE_DROPOUT: 0.1
2025-12-12 02:28:34,256 MambaPro INFO:   ID_LOSS_TYPE: softmax
2025-12-12 02:28:34,256 MambaPro INFO:   ID_LOSS_WEIGHT: 0.25
2025-12-12 02:28:34,257 MambaPro INFO:   IF_LABELSMOOTH: 'on'
2025-12-12 02:28:34,257 MambaPro INFO:   IF_WITH_CENTER: 'no'
2025-12-12 02:28:34,257 MambaPro INFO:   LAYER: -1
2025-12-12 02:28:34,257 MambaPro INFO:   MAMBA: true
2025-12-12 02:28:34,257 MambaPro INFO:   MAMBA_BI: false
2025-12-12 02:28:34,257 MambaPro INFO:   METRIC_LOSS_TYPE: triplet
2025-12-12 02:28:34,257 MambaPro INFO:   MOE_BALANCE_LOSS_WEIGHT: 0.01
2025-12-12 02:28:34,257 MambaPro INFO:   MOE_DIVERSITY_LOSS_WEIGHT: 0.01
2025-12-12 02:28:34,257 MambaPro INFO:   MOE_EXPERT_DROPOUT: 0.1
2025-12-12 02:28:34,257 MambaPro INFO:   MOE_EXPERT_HIDDEN_DIM: 1024
2025-12-12 02:28:34,257 MambaPro INFO:   MOE_EXPERT_LAYERS: 2
2025-12-12 02:28:34,257 MambaPro INFO:   MOE_EXPERT_THRESHOLD: 0.1
2025-12-12 02:28:34,257 MambaPro INFO:   MOE_FIXED_WEIGHTS:
2025-12-12 02:28:34,257 MambaPro INFO:   - 0.33
2025-12-12 02:28:34,257 MambaPro INFO:   - 0.33
2025-12-12 02:28:34,257 MambaPro INFO:   - 0.34
2025-12-12 02:28:34,257 MambaPro INFO:   MOE_GATE_DROPOUT: 0.1
2025-12-12 02:28:34,257 MambaPro INFO:   MOE_GATE_LAYERS: 2
2025-12-12 02:28:34,257 MambaPro INFO:   MOE_INIT_WEIGHTS: null
2025-12-12 02:28:34,257 MambaPro INFO:   MOE_NUM_EXPERTS: 3
2025-12-12 02:28:34,257 MambaPro INFO:   MOE_RESIDUAL_WEIGHT: 1.0
2025-12-12 02:28:34,257 MambaPro INFO:   MOE_SCALES:
2025-12-12 02:28:34,257 MambaPro INFO:   - 4
2025-12-12 02:28:34,257 MambaPro INFO:   - 8
2025-12-12 02:28:34,257 MambaPro INFO:   - 16
2025-12-12 02:28:34,257 MambaPro INFO:   MOE_SPARSITY_LOSS_WEIGHT: 0.001
2025-12-12 02:28:34,257 MambaPro INFO:   MOE_TEMPERATURE: 0.7
2025-12-12 02:28:34,257 MambaPro INFO:   MOE_TOP_K: 2
2025-12-12 02:28:34,257 MambaPro INFO:   MOE_TOP_K_MODE: soft
2025-12-12 02:28:34,257 MambaPro INFO:   MOE_USE_FIXED_WEIGHTS: false
2025-12-12 02:28:34,257 MambaPro INFO:   MOE_USE_TOP_K_ROUTING: false
2025-12-12 02:28:34,257 MambaPro INFO:   MULTI_SCALE_SCALES:
2025-12-12 02:28:34,257 MambaPro INFO:   - 4
2025-12-12 02:28:34,257 MambaPro INFO:   - 8
2025-12-12 02:28:34,257 MambaPro INFO:   - 16
2025-12-12 02:28:34,257 MambaPro INFO:   NAME: MambaPro
2025-12-12 02:28:34,257 MambaPro INFO:   NECK: bnneck
2025-12-12 02:28:34,257 MambaPro INFO:   NO_MARGIN: true
2025-12-12 02:28:34,257 MambaPro INFO:   PREFIX_NUM: 1
2025-12-12 02:28:34,257 MambaPro INFO:   PRETRAIN_PATH_T: /home/zubuntu/workspace/yzy/MambaPro/pths/ViT-B-16.pt
2025-12-12 02:28:34,257 MambaPro INFO:   PROMPT: true
2025-12-12 02:28:34,257 MambaPro INFO:   SIE_CAMERA: true
2025-12-12 02:28:34,257 MambaPro INFO:   SIE_COE: 1.0
2025-12-12 02:28:34,257 MambaPro INFO:   SIE_VIEW: false
2025-12-12 02:28:34,257 MambaPro INFO:   STRIDE_SIZE:
2025-12-12 02:28:34,257 MambaPro INFO:   - 16
2025-12-12 02:28:34,257 MambaPro INFO:   - 16
2025-12-12 02:28:34,257 MambaPro INFO:   TRANSFORMER_TYPE: ViT-B-16
2025-12-12 02:28:34,257 MambaPro INFO:   TRIPLET_LOSS_WEIGHT: 1.0
2025-12-12 02:28:34,257 MambaPro INFO:   USE_ATTENTION_FUSION: false
2025-12-12 02:28:34,257 MambaPro INFO:   USE_CLIP_MULTI_SCALE: true
2025-12-12 02:28:34,257 MambaPro INFO:   USE_GATE_FUSION: false
2025-12-12 02:28:34,257 MambaPro INFO:   USE_MULTI_SCALE: false
2025-12-12 02:28:34,257 MambaPro INFO:   USE_MULTI_SCALE_MOE: true
2025-12-12 02:28:34,257 MambaPro INFO: OUTPUT_DIR: ./outputs/replay_best_tml/run_20251212_022834
2025-12-12 02:28:34,257 MambaPro INFO: SOLVER:
2025-12-12 02:28:34,257 MambaPro INFO:   BASE_LR: 0.0005
2025-12-12 02:28:34,257 MambaPro INFO:   BIAS_LR_FACTOR: 2
2025-12-12 02:28:34,257 MambaPro INFO:   CENTER_LOSS_WEIGHT: 0.0005
2025-12-12 02:28:34,257 MambaPro INFO:   CENTER_LR: 0.5
2025-12-12 02:28:34,257 MambaPro INFO:   CHECKPOINT_PERIOD: 10
2025-12-12 02:28:34,257 MambaPro INFO:   CLUSTER_MARGIN: 0.3
2025-12-12 02:28:34,257 MambaPro INFO:   COSINE_MARGIN: 0.5
2025-12-12 02:28:34,257 MambaPro INFO:   COSINE_SCALE: 30
2025-12-12 02:28:34,257 MambaPro INFO:   EVAL_PERIOD: 5
2025-12-12 02:28:34,257 MambaPro INFO:   GAMMA: 0.1
2025-12-12 02:28:34,257 MambaPro INFO:   IMS_PER_BATCH: 32
2025-12-12 02:28:34,257 MambaPro INFO:   LARGE_FC_LR: false
2025-12-12 02:28:34,257 MambaPro INFO:   LOG_PERIOD: 10
2025-12-12 02:28:34,257 MambaPro INFO:   MARGIN: 0.3
2025-12-12 02:28:34,257 MambaPro INFO:   MAX_EPOCHS: 60
2025-12-12 02:28:34,257 MambaPro INFO:   MOE_BALANCE_LOSS_WEIGHT: 0.001
2025-12-12 02:28:34,257 MambaPro INFO:   MOE_BALANCE_LOSS_WEIGHT_END: 0.1
2025-12-12 02:28:34,257 MambaPro INFO:   MOE_BALANCE_LOSS_WEIGHT_START: 0.001
2025-12-12 02:28:34,257 MambaPro INFO:   MOE_BALANCE_THRESHOLD: 0.3
2025-12-12 02:28:34,257 MambaPro INFO:   MOE_DIVERSITY_LOSS_WEIGHT: 0.001
2025-12-12 02:28:34,257 MambaPro INFO:   MOE_DIVERSITY_LOSS_WEIGHT_END: 0.1
2025-12-12 02:28:34,257 MambaPro INFO:   MOE_DIVERSITY_LOSS_WEIGHT_START: 0.001
2025-12-12 02:28:34,257 MambaPro INFO:   MOE_GATE_LR_FACTOR: 0.01
2025-12-12 02:28:34,257 MambaPro INFO:   MOE_LOSS_WEIGHT_SCHEDULE_TYPE: cosine
2025-12-12 02:28:34,257 MambaPro INFO:   MOE_LOSS_WEIGHT_WARMUP_EPOCHS: 5
2025-12-12 02:28:34,257 MambaPro INFO:   MOE_SPARSITY_LOSS_WEIGHT: 0.0001
2025-12-12 02:28:34,258 MambaPro INFO:   MOE_USE_DYNAMIC_LOSS_WEIGHT: false
2025-12-12 02:28:34,258 MambaPro INFO:   MOMENTUM: 0.9
2025-12-12 02:28:34,258 MambaPro INFO:   OPTIMIZER_NAME: Adam
2025-12-12 02:28:34,258 MambaPro INFO:   RANGE_ALPHA: 0
2025-12-12 02:28:34,258 MambaPro INFO:   RANGE_BETA: 1
2025-12-12 02:28:34,258 MambaPro INFO:   RANGE_K: 2
2025-12-12 02:28:34,258 MambaPro INFO:   RANGE_LOSS_WEIGHT: 1
2025-12-12 02:28:34,258 MambaPro INFO:   RANGE_MARGIN: 0.3
2025-12-12 02:28:34,258 MambaPro INFO:   SEED: 42
2025-12-12 02:28:34,258 MambaPro INFO:   STEPS:
2025-12-12 02:28:34,258 MambaPro INFO:   - 30
2025-12-12 02:28:34,258 MambaPro INFO:   - 50
2025-12-12 02:28:34,258 MambaPro INFO:   WARMUP_FACTOR: 0.01
2025-12-12 02:28:34,258 MambaPro INFO:   WARMUP_ITERS: 20
2025-12-12 02:28:34,258 MambaPro INFO:   WARMUP_METHOD: linear
2025-12-12 02:28:34,258 MambaPro INFO:   WEIGHT_DECAY: 0.0005
2025-12-12 02:28:34,258 MambaPro INFO:   WEIGHT_DECAY_BIAS: 0.0005
2025-12-12 02:28:34,258 MambaPro INFO: TEST:
2025-12-12 02:28:34,258 MambaPro INFO:   FEAT: 0
2025-12-12 02:28:34,258 MambaPro INFO:   FEAT_NORM: 'yes'
2025-12-12 02:28:34,258 MambaPro INFO:   IMS_PER_BATCH: 64
2025-12-12 02:28:34,258 MambaPro INFO:   MISS: nothing
2025-12-12 02:28:34,258 MambaPro INFO:   NECK_FEAT: after
2025-12-12 02:28:34,258 MambaPro INFO:   RE_RANKING: 'no'
2025-12-12 02:28:34,258 MambaPro INFO:   WEIGHT: /home/zubuntu/workspace/yzy/MambaPro/pths/MambaProbest.pth
2025-12-12 02:28:34,258 MambaPro INFO: ================================================================================
2025-12-12 02:28:36,261 MambaPro.train INFO: start training
2025-12-12 02:28:56,441 MambaPro.train INFO: Epoch 1 done. Time per batch: 0.188[s] Speed: 169.8[samples/s]
2025-12-12 02:29:16,232 MambaPro.train INFO: Epoch 2 done. Time per batch: 0.185[s] Speed: 173.0[samples/s]
2025-12-12 02:29:36,158 MambaPro.train INFO: Epoch 3 done. Time per batch: 0.186[s] Speed: 171.8[samples/s]
2025-12-12 02:29:55,989 MambaPro.train INFO: Epoch 4 done. Time per batch: 0.185[s] Speed: 172.7[samples/s]
2025-12-12 02:30:15,813 MambaPro.train INFO: Epoch 5 done. Time per batch: 0.185[s] Speed: 172.7[samples/s]
2025-12-12 02:30:23,350 MambaPro.train INFO: Validation Results - Epoch: 5
2025-12-12 02:30:23,350 MambaPro.train INFO: Current mAP: 48.7%
2025-12-12 02:30:23,350 MambaPro.train INFO: CMC curve, Rank-1  :52.5%
2025-12-12 02:30:23,350 MambaPro.train INFO: CMC curve, Rank-5  :67.8%
2025-12-12 02:30:23,350 MambaPro.train INFO: CMC curve, Rank-10 :74.3%
2025-12-12 02:30:23,351 MambaPro.train INFO: 🎯 New Best! Saving model...
2025-12-12 02:30:23,734 MambaPro.train INFO: [Epoch 5] 指标集合列表（历史）
2025-12-12 02:30:23,734 MambaPro.train INFO: history_mAP:{48.7}
2025-12-12 02:30:23,734 MambaPro.train INFO: best_mAP:{48.7}
2025-12-12 02:30:23,734 MambaPro.train INFO: history_Rank-1:{52.5}
2025-12-12 02:30:23,734 MambaPro.train INFO: best_Rank-1:{52.5}
2025-12-12 02:30:23,735 MambaPro.train INFO: history_Rank-5:{67.8}
2025-12-12 02:30:23,735 MambaPro.train INFO: best_Rank-5:{67.8}
2025-12-12 02:30:23,735 MambaPro.train INFO: history_Rank-10:{74.3}
2025-12-12 02:30:23,735 MambaPro.train INFO: best_Rank-10:{74.3}
2025-12-12 02:30:23,735 MambaPro.train INFO: history_Experts:{[0.35 , 0.33 , 0.31]}
2025-12-12 02:30:23,735 MambaPro.train INFO: best_Experts:{[0.35 , 0.33 , 0.31]}
2025-12-12 02:30:23,735 MambaPro.train INFO: 🔥 MoE损失(Val): 平衡=0.0000, 稀疏性=0.9987, 多样性=2.6565, 总=0.0028 (权重: 平衡=0.001, 稀疏性=0.000, 多样性=0.001)
2025-12-12 02:30:23,735 MambaPro.train INFO:    📊 专家权重分布(Val): [0.35 , 0.33 , 0.31]
2025-12-12 02:30:43,755 MambaPro.train INFO: Epoch 6 done. Time per batch: 0.186[s] Speed: 172.2[samples/s]
2025-12-12 02:31:03,642 MambaPro.train INFO: Epoch 7 done. Time per batch: 0.186[s] Speed: 172.2[samples/s]
2025-12-12 02:31:23,510 MambaPro.train INFO: Epoch 8 done. Time per batch: 0.186[s] Speed: 172.3[samples/s]
2025-12-12 02:31:43,430 MambaPro.train INFO: Epoch 9 done. Time per batch: 0.186[s] Speed: 171.9[samples/s]
2025-12-12 02:32:03,349 MambaPro.train INFO: Epoch 10 done. Time per batch: 0.186[s] Speed: 171.9[samples/s]
2025-12-12 02:32:11,278 MambaPro.train INFO: Validation Results - Epoch: 10
2025-12-12 02:32:11,278 MambaPro.train INFO: Current mAP: 51.5%
2025-12-12 02:32:11,278 MambaPro.train INFO: CMC curve, Rank-1  :53.7%
2025-12-12 02:32:11,278 MambaPro.train INFO: CMC curve, Rank-5  :70.0%
2025-12-12 02:32:11,278 MambaPro.train INFO: CMC curve, Rank-10 :79.2%
2025-12-12 02:32:11,279 MambaPro.train INFO: 🎯 New Best! Saving model...
2025-12-12 02:32:11,895 MambaPro.train INFO: [Epoch 10] 指标集合列表（历史）
2025-12-12 02:32:11,895 MambaPro.train INFO: history_mAP:{48.7 , 51.5}
2025-12-12 02:32:11,895 MambaPro.train INFO: best_mAP:{51.5}
2025-12-12 02:32:11,895 MambaPro.train INFO: history_Rank-1:{52.5 , 53.7}
2025-12-12 02:32:11,895 MambaPro.train INFO: best_Rank-1:{53.7}
2025-12-12 02:32:11,895 MambaPro.train INFO: history_Rank-5:{67.8 , 70.0}
2025-12-12 02:32:11,895 MambaPro.train INFO: best_Rank-5:{70.0}
2025-12-12 02:32:11,895 MambaPro.train INFO: history_Rank-10:{74.3 , 79.2}
2025-12-12 02:32:11,895 MambaPro.train INFO: best_Rank-10:{79.2}
2025-12-12 02:32:11,895 MambaPro.train INFO: history_Experts:{[0.35 , 0.33 , 0.31] , [0.37 , 0.34 , 0.29]}
2025-12-12 02:32:11,895 MambaPro.train INFO: best_Experts:{[0.37 , 0.34 , 0.29]}
2025-12-12 02:32:11,895 MambaPro.train INFO: 🔥 MoE损失(Val): 平衡=0.0000, 稀疏性=0.9954, 多样性=2.6302, 总=0.0027 (权重: 平衡=0.001, 稀疏性=0.000, 多样性=0.001)
2025-12-12 02:32:11,895 MambaPro.train INFO:    📊 专家权重分布(Val): [0.37 , 0.34 , 0.29]
2025-12-12 02:32:31,717 MambaPro.train INFO: Epoch 11 done. Time per batch: 0.186[s] Speed: 172.3[samples/s]
2025-12-12 02:32:51,711 MambaPro.train INFO: Epoch 12 done. Time per batch: 0.187[s] Speed: 171.3[samples/s]
2025-12-12 02:33:11,668 MambaPro.train INFO: Epoch 13 done. Time per batch: 0.187[s] Speed: 171.6[samples/s]
2025-12-12 02:33:31,642 MambaPro.train INFO: Epoch 14 done. Time per batch: 0.187[s] Speed: 171.4[samples/s]
2025-12-12 02:33:51,635 MambaPro.train INFO: Epoch 15 done. Time per batch: 0.187[s] Speed: 171.3[samples/s]
2025-12-12 02:33:59,198 MambaPro.train INFO: Validation Results - Epoch: 15
2025-12-12 02:33:59,198 MambaPro.train INFO: Current mAP: 63.4%
2025-12-12 02:33:59,198 MambaPro.train INFO: CMC curve, Rank-1  :65.1%
2025-12-12 02:33:59,198 MambaPro.train INFO: CMC curve, Rank-5  :77.3%
2025-12-12 02:33:59,198 MambaPro.train INFO: CMC curve, Rank-10 :85.9%
2025-12-12 02:33:59,198 MambaPro.train INFO: 🎯 New Best! Saving model...
2025-12-12 02:33:59,775 MambaPro.train INFO: [Epoch 15] 指标集合列表（历史）
2025-12-12 02:33:59,775 MambaPro.train INFO: history_mAP:{48.7 , 51.5 , 63.4}
2025-12-12 02:33:59,775 MambaPro.train INFO: best_mAP:{63.4}
2025-12-12 02:33:59,775 MambaPro.train INFO: history_Rank-1:{52.5 , 53.7 , 65.1}
2025-12-12 02:33:59,775 MambaPro.train INFO: best_Rank-1:{65.1}
2025-12-12 02:33:59,775 MambaPro.train INFO: history_Rank-5:{67.8 , 70.0 , 77.3}
2025-12-12 02:33:59,775 MambaPro.train INFO: best_Rank-5:{77.3}
2025-12-12 02:33:59,775 MambaPro.train INFO: history_Rank-10:{74.3 , 79.2 , 85.9}
2025-12-12 02:33:59,775 MambaPro.train INFO: best_Rank-10:{85.9}
2025-12-12 02:33:59,775 MambaPro.train INFO: history_Experts:{[0.35 , 0.33 , 0.31] , [0.37 , 0.34 , 0.29] , [0.42 , 0.33 , 0.25]}
2025-12-12 02:33:59,775 MambaPro.train INFO: best_Experts:{[0.42 , 0.33 , 0.25]}
2025-12-12 02:33:59,775 MambaPro.train INFO: 🔥 MoE损失(Val): 平衡=0.0000, 稀疏性=0.9794, 多样性=2.5084, 总=0.0026 (权重: 平衡=0.001, 稀疏性=0.000, 多样性=0.001)
2025-12-12 02:33:59,775 MambaPro.train INFO:    📊 专家权重分布(Val): [0.42 , 0.33 , 0.25]
2025-12-12 02:34:19,908 MambaPro.train INFO: Epoch 16 done. Time per batch: 0.187[s] Speed: 171.2[samples/s]
2025-12-12 02:34:39,857 MambaPro.train INFO: Epoch 17 done. Time per batch: 0.186[s] Speed: 171.6[samples/s]
2025-12-12 02:34:59,624 MambaPro.train INFO: Epoch 18 done. Time per batch: 0.186[s] Speed: 171.6[samples/s]
2025-12-12 02:35:19,625 MambaPro.train INFO: Epoch 19 done. Time per batch: 0.187[s] Speed: 171.2[samples/s]
2025-12-12 02:35:39,586 MambaPro.train INFO: Epoch 20 done. Time per batch: 0.187[s] Speed: 171.5[samples/s]
2025-12-12 02:35:47,445 MambaPro.train INFO: Validation Results - Epoch: 20
2025-12-12 02:35:47,446 MambaPro.train INFO: Current mAP: 55.2%
2025-12-12 02:35:47,446 MambaPro.train INFO: CMC curve, Rank-1  :55.4%
2025-12-12 02:35:47,446 MambaPro.train INFO: CMC curve, Rank-5  :70.1%
2025-12-12 02:35:47,446 MambaPro.train INFO: CMC curve, Rank-10 :78.0%
2025-12-12 02:35:47,447 MambaPro.train INFO: [Epoch 20] 指标集合列表（历史）
2025-12-12 02:35:47,447 MambaPro.train INFO: history_mAP:{48.7 , 51.5 , 63.4 , 55.2}
2025-12-12 02:35:47,447 MambaPro.train INFO: best_mAP:{63.4}
2025-12-12 02:35:47,447 MambaPro.train INFO: history_Rank-1:{52.5 , 53.7 , 65.1 , 55.4}
2025-12-12 02:35:47,447 MambaPro.train INFO: best_Rank-1:{65.1}
2025-12-12 02:35:47,447 MambaPro.train INFO: history_Rank-5:{67.8 , 70.0 , 77.3 , 70.1}
2025-12-12 02:35:47,447 MambaPro.train INFO: best_Rank-5:{77.3}
2025-12-12 02:35:47,447 MambaPro.train INFO: history_Rank-10:{74.3 , 79.2 , 85.9 , 78.0}
2025-12-12 02:35:47,447 MambaPro.train INFO: best_Rank-10:{85.9}
2025-12-12 02:35:47,447 MambaPro.train INFO: history_Experts:{[0.35 , 0.33 , 0.31] , [0.37 , 0.34 , 0.29] , [0.42 , 0.33 , 0.25] , [0.62 , 0.22 , 0.16]}
2025-12-12 02:35:47,447 MambaPro.train INFO: best_Experts:{[0.42 , 0.33 , 0.25]}
2025-12-12 02:35:47,447 MambaPro.train INFO: 🔥 MoE损失(Val): 平衡=0.1248, 稀疏性=0.8094, 多样性=1.5627, 总=0.0018 (权重: 平衡=0.001, 稀疏性=0.000, 多样性=0.001)
2025-12-12 02:35:47,447 MambaPro.train INFO:    📊 专家权重分布(Val): [0.62 , 0.22 , 0.16]
2025-12-12 02:36:07,337 MambaPro.train INFO: Epoch 21 done. Time per batch: 0.186[s] Speed: 171.7[samples/s]
2025-12-12 02:36:27,384 MambaPro.train INFO: Epoch 22 done. Time per batch: 0.187[s] Speed: 170.8[samples/s]
2025-12-12 02:36:47,385 MambaPro.train INFO: Epoch 23 done. Time per batch: 0.187[s] Speed: 171.2[samples/s]
2025-12-12 02:37:07,365 MambaPro.train INFO: Epoch 24 done. Time per batch: 0.187[s] Speed: 171.4[samples/s]
2025-12-12 02:37:27,202 MambaPro.train INFO: Epoch 25 done. Time per batch: 0.187[s] Speed: 171.0[samples/s]
2025-12-12 02:37:34,690 MambaPro.train INFO: Validation Results - Epoch: 25
2025-12-12 02:37:34,690 MambaPro.train INFO: Current mAP: 75.8%
2025-12-12 02:37:34,690 MambaPro.train INFO: CMC curve, Rank-1  :81.8%
2025-12-12 02:37:34,690 MambaPro.train INFO: CMC curve, Rank-5  :89.2%
2025-12-12 02:37:34,690 MambaPro.train INFO: CMC curve, Rank-10 :91.7%
2025-12-12 02:37:34,691 MambaPro.train INFO: 🎯 New Best! Saving model...
2025-12-12 02:37:35,280 MambaPro.train INFO: [Epoch 25] 指标集合列表（历史）
2025-12-12 02:37:35,280 MambaPro.train INFO: history_mAP:{48.7 , 51.5 , 63.4 , 55.2 , 75.8}
2025-12-12 02:37:35,280 MambaPro.train INFO: best_mAP:{75.8}
2025-12-12 02:37:35,280 MambaPro.train INFO: history_Rank-1:{52.5 , 53.7 , 65.1 , 55.4 , 81.8}
2025-12-12 02:37:35,280 MambaPro.train INFO: best_Rank-1:{81.8}
2025-12-12 02:37:35,280 MambaPro.train INFO: history_Rank-5:{67.8 , 70.0 , 77.3 , 70.1 , 89.2}
2025-12-12 02:37:35,280 MambaPro.train INFO: best_Rank-5:{89.2}
2025-12-12 02:37:35,280 MambaPro.train INFO: history_Rank-10:{74.3 , 79.2 , 85.9 , 78.0 , 91.7}
2025-12-12 02:37:35,280 MambaPro.train INFO: best_Rank-10:{91.7}
2025-12-12 02:37:35,280 MambaPro.train INFO: history_Experts:{[0.35 , 0.33 , 0.31] , [0.37 , 0.34 , 0.29] , [0.42 , 0.33 , 0.25] , [0.62 , 0.22 , 0.16] , [0.80 , 0.11 , 0.08]}
2025-12-12 02:37:35,280 MambaPro.train INFO: best_Experts:{[0.80 , 0.11 , 0.08]}
2025-12-12 02:37:35,280 MambaPro.train INFO: 🔥 MoE损失(Val): 平衡=0.5252, 稀疏性=0.4996, 多样性=0.6658, 总=0.0012 (权重: 平衡=0.001, 稀疏性=0.000, 多样性=0.001)
2025-12-12 02:37:35,280 MambaPro.train INFO:    📊 专家权重分布(Val): [0.80 , 0.11 , 0.08]
2025-12-12 02:37:55,401 MambaPro.train INFO: Epoch 26 done. Time per batch: 0.187[s] Speed: 171.4[samples/s]
2025-12-12 02:38:15,328 MambaPro.train INFO: Epoch 27 done. Time per batch: 0.186[s] Speed: 171.8[samples/s]
2025-12-12 02:38:35,380 MambaPro.train INFO: Epoch 28 done. Time per batch: 0.187[s] Speed: 170.8[samples/s]
2025-12-12 02:38:55,425 MambaPro.train INFO: Epoch 29 done. Time per batch: 0.187[s] Speed: 170.8[samples/s]
2025-12-12 02:39:15,470 MambaPro.train INFO: Epoch 30 done. Time per batch: 0.187[s] Speed: 170.8[samples/s]
2025-12-12 02:39:23,400 MambaPro.train INFO: Validation Results - Epoch: 30
2025-12-12 02:39:23,400 MambaPro.train INFO: Current mAP: 77.6%
2025-12-12 02:39:23,400 MambaPro.train INFO: CMC curve, Rank-1  :82.3%
2025-12-12 02:39:23,400 MambaPro.train INFO: CMC curve, Rank-5  :89.1%
2025-12-12 02:39:23,400 MambaPro.train INFO: CMC curve, Rank-10 :92.6%
2025-12-12 02:39:23,401 MambaPro.train INFO: 🎯 New Best! Saving model...
2025-12-12 02:39:23,988 MambaPro.train INFO: [Epoch 30] 指标集合列表（历史）
2025-12-12 02:39:23,988 MambaPro.train INFO: history_mAP:{48.7 , 51.5 , 63.4 , 55.2 , 75.8 , 77.6}
2025-12-12 02:39:23,988 MambaPro.train INFO: best_mAP:{77.6}
2025-12-12 02:39:23,989 MambaPro.train INFO: history_Rank-1:{52.5 , 53.7 , 65.1 , 55.4 , 81.8 , 82.3}
2025-12-12 02:39:23,989 MambaPro.train INFO: best_Rank-1:{82.3}
2025-12-12 02:39:23,989 MambaPro.train INFO: history_Rank-5:{67.8 , 70.0 , 77.3 , 70.1 , 89.2 , 89.1}
2025-12-12 02:39:23,989 MambaPro.train INFO: best_Rank-5:{89.2}
2025-12-12 02:39:23,989 MambaPro.train INFO: history_Rank-10:{74.3 , 79.2 , 85.9 , 78.0 , 91.7 , 92.6}
2025-12-12 02:39:23,989 MambaPro.train INFO: best_Rank-10:{92.6}
2025-12-12 02:39:23,989 MambaPro.train INFO: history_Experts:{[0.35 , 0.33 , 0.31] , [0.37 , 0.34 , 0.29] , [0.42 , 0.33 , 0.25] , [0.62 , 0.22 , 0.16] , [0.80 , 0.11 , 0.08] , [0.87 , 0.07 , 0.06]}
2025-12-12 02:39:23,989 MambaPro.train INFO: best_Experts:{[0.87 , 0.07 , 0.06]}
2025-12-12 02:39:23,989 MambaPro.train INFO: 🔥 MoE损失(Val): 平衡=0.7443, 稀疏性=0.3505, 多样性=0.4066, 总=0.0012 (权重: 平衡=0.001, 稀疏性=0.000, 多样性=0.001)
2025-12-12 02:39:23,989 MambaPro.train INFO:    📊 专家权重分布(Val): [0.87 , 0.07 , 0.06]
2025-12-12 02:39:44,158 MambaPro.train INFO: Epoch 31 done. Time per batch: 0.187[s] Speed: 170.9[samples/s]
2025-12-12 02:40:03,999 MambaPro.train INFO: Epoch 32 done. Time per batch: 0.187[s] Speed: 171.0[samples/s]
2025-12-12 02:40:24,025 MambaPro.train INFO: Epoch 33 done. Time per batch: 0.187[s] Speed: 171.0[samples/s]
2025-12-12 02:40:43,868 MambaPro.train INFO: Epoch 34 done. Time per batch: 0.187[s] Speed: 170.9[samples/s]
2025-12-12 02:41:03,874 MambaPro.train INFO: Epoch 35 done. Time per batch: 0.187[s] Speed: 171.2[samples/s]
2025-12-12 02:41:11,434 MambaPro.train INFO: Validation Results - Epoch: 35
2025-12-12 02:41:11,434 MambaPro.train INFO: Current mAP: 75.9%
2025-12-12 02:41:11,434 MambaPro.train INFO: CMC curve, Rank-1  :79.7%
2025-12-12 02:41:11,434 MambaPro.train INFO: CMC curve, Rank-5  :87.9%
2025-12-12 02:41:11,434 MambaPro.train INFO: CMC curve, Rank-10 :90.6%
2025-12-12 02:41:11,435 MambaPro.train INFO: [Epoch 35] 指标集合列表（历史）
2025-12-12 02:41:11,435 MambaPro.train INFO: history_mAP:{48.7 , 51.5 , 63.4 , 55.2 , 75.8 , 77.6 , 75.9}
2025-12-12 02:41:11,435 MambaPro.train INFO: best_mAP:{77.6}
2025-12-12 02:41:11,435 MambaPro.train INFO: history_Rank-1:{52.5 , 53.7 , 65.1 , 55.4 , 81.8 , 82.3 , 79.7}
2025-12-12 02:41:11,435 MambaPro.train INFO: best_Rank-1:{82.3}
2025-12-12 02:41:11,435 MambaPro.train INFO: history_Rank-5:{67.8 , 70.0 , 77.3 , 70.1 , 89.2 , 89.1 , 87.9}
2025-12-12 02:41:11,435 MambaPro.train INFO: best_Rank-5:{89.2}
2025-12-12 02:41:11,435 MambaPro.train INFO: history_Rank-10:{74.3 , 79.2 , 85.9 , 78.0 , 91.7 , 92.6 , 90.6}
2025-12-12 02:41:11,435 MambaPro.train INFO: best_Rank-10:{92.6}
2025-12-12 02:41:11,435 MambaPro.train INFO: history_Experts:{[0.35 , 0.33 , 0.31] , [0.37 , 0.34 , 0.29] , [0.42 , 0.33 , 0.25] , [0.62 , 0.22 , 0.16] , [0.80 , 0.11 , 0.08] , [0.87 , 0.07 , 0.06] , [0.90 , 0.05 , 0.04]}
2025-12-12 02:41:11,435 MambaPro.train INFO: best_Experts:{[0.87 , 0.07 , 0.06]}
2025-12-12 02:41:11,435 MambaPro.train INFO: 🔥 MoE损失(Val): 平衡=0.8653, 稀疏性=0.2708, 多样性=0.2937, 总=0.0012 (权重: 平衡=0.001, 稀疏性=0.000, 多样性=0.001)
2025-12-12 02:41:11,435 MambaPro.train INFO:    📊 专家权重分布(Val): [0.90 , 0.05 , 0.04]
2025-12-12 02:41:31,633 MambaPro.train INFO: Epoch 36 done. Time per batch: 0.188[s] Speed: 170.6[samples/s]
2025-12-12 02:41:51,644 MambaPro.train INFO: Epoch 37 done. Time per batch: 0.187[s] Speed: 171.1[samples/s]
2025-12-12 02:42:11,456 MambaPro.train INFO: Epoch 38 done. Time per batch: 0.187[s] Speed: 171.2[samples/s]
2025-12-12 02:42:31,480 MambaPro.train INFO: Epoch 39 done. Time per batch: 0.187[s] Speed: 171.0[samples/s]
2025-12-12 02:42:51,268 MambaPro.train INFO: Epoch 40 done. Time per batch: 0.187[s] Speed: 171.4[samples/s]
2025-12-12 02:42:59,171 MambaPro.train INFO: Validation Results - Epoch: 40
2025-12-12 02:42:59,172 MambaPro.train INFO: Current mAP: 77.4%
2025-12-12 02:42:59,172 MambaPro.train INFO: CMC curve, Rank-1  :81.2%
2025-12-12 02:42:59,172 MambaPro.train INFO: CMC curve, Rank-5  :88.2%
2025-12-12 02:42:59,172 MambaPro.train INFO: CMC curve, Rank-10 :91.0%
2025-12-12 02:42:59,172 MambaPro.train INFO: [Epoch 40] 指标集合列表（历史）
2025-12-12 02:42:59,172 MambaPro.train INFO: history_mAP:{48.7 , 51.5 , 63.4 , 55.2 , 75.8 , 77.6 , 75.9 , 77.4}
2025-12-12 02:42:59,172 MambaPro.train INFO: best_mAP:{77.6}
2025-12-12 02:42:59,172 MambaPro.train INFO: history_Rank-1:{52.5 , 53.7 , 65.1 , 55.4 , 81.8 , 82.3 , 79.7 , 81.2}
2025-12-12 02:42:59,172 MambaPro.train INFO: best_Rank-1:{82.3}
2025-12-12 02:42:59,172 MambaPro.train INFO: history_Rank-5:{67.8 , 70.0 , 77.3 , 70.1 , 89.2 , 89.1 , 87.9 , 88.2}
2025-12-12 02:42:59,172 MambaPro.train INFO: best_Rank-5:{89.2}
2025-12-12 02:42:59,172 MambaPro.train INFO: history_Rank-10:{74.3 , 79.2 , 85.9 , 78.0 , 91.7 , 92.6 , 90.6 , 91.0}
2025-12-12 02:42:59,172 MambaPro.train INFO: best_Rank-10:{92.6}
2025-12-12 02:42:59,172 MambaPro.train INFO: history_Experts:{[0.35 , 0.33 , 0.31] , [0.37 , 0.34 , 0.29] , [0.42 , 0.33 , 0.25] , [0.62 , 0.22 , 0.16] , [0.80 , 0.11 , 0.08] , [0.87 , 0.07 , 0.06] , [0.90 , 0.05 , 0.04] , [0.92 , 0.04 , 0.04]}
2025-12-12 02:42:59,172 MambaPro.train INFO: best_Experts:{[0.87 , 0.07 , 0.06]}
2025-12-12 02:42:59,172 MambaPro.train INFO: 🔥 MoE损失(Val): 平衡=0.9357, 稀疏性=0.2250, 多样性=0.2353, 总=0.0012 (权重: 平衡=0.001, 稀疏性=0.000, 多样性=0.001)
2025-12-12 02:42:59,172 MambaPro.train INFO:    📊 专家权重分布(Val): [0.92 , 0.04 , 0.04]
2025-12-12 02:43:19,292 MambaPro.train INFO: Epoch 41 done. Time per batch: 0.187[s] Speed: 171.3[samples/s]
2025-12-12 02:43:39,370 MambaPro.train INFO: Epoch 42 done. Time per batch: 0.188[s] Speed: 170.5[samples/s]
2025-12-12 02:43:59,409 MambaPro.train INFO: Epoch 43 done. Time per batch: 0.187[s] Speed: 170.9[samples/s]
2025-12-12 02:44:19,364 MambaPro.train INFO: Epoch 44 done. Time per batch: 0.186[s] Speed: 171.6[samples/s]
2025-12-12 02:44:39,359 MambaPro.train INFO: Epoch 45 done. Time per batch: 0.187[s] Speed: 171.2[samples/s]
2025-12-12 02:44:46,884 MambaPro.train INFO: Validation Results - Epoch: 45
2025-12-12 02:44:46,884 MambaPro.train INFO: Current mAP: 77.4%
2025-12-12 02:44:46,884 MambaPro.train INFO: CMC curve, Rank-1  :81.0%
2025-12-12 02:44:46,884 MambaPro.train INFO: CMC curve, Rank-5  :88.5%
2025-12-12 02:44:46,884 MambaPro.train INFO: CMC curve, Rank-10 :90.6%
2025-12-12 02:44:46,885 MambaPro.train INFO: [Epoch 45] 指标集合列表（历史）
2025-12-12 02:44:46,885 MambaPro.train INFO: history_mAP:{48.7 , 51.5 , 63.4 , 55.2 , 75.8 , 77.6 , 75.9 , 77.4 , 77.4}
2025-12-12 02:44:46,885 MambaPro.train INFO: best_mAP:{77.6}
2025-12-12 02:44:46,885 MambaPro.train INFO: history_Rank-1:{52.5 , 53.7 , 65.1 , 55.4 , 81.8 , 82.3 , 79.7 , 81.2 , 81.0}
2025-12-12 02:44:46,885 MambaPro.train INFO: best_Rank-1:{82.3}
2025-12-12 02:44:46,885 MambaPro.train INFO: history_Rank-5:{67.8 , 70.0 , 77.3 , 70.1 , 89.2 , 89.1 , 87.9 , 88.2 , 88.5}
2025-12-12 02:44:46,885 MambaPro.train INFO: best_Rank-5:{89.2}
2025-12-12 02:44:46,885 MambaPro.train INFO: history_Rank-10:{74.3 , 79.2 , 85.9 , 78.0 , 91.7 , 92.6 , 90.6 , 91.0}
2025-12-12 02:44:46,885 MambaPro.train INFO: best_Rank-10:{92.6}
2025-12-12 02:44:46,885 MambaPro.train INFO: history_Experts:{[0.35 , 0.33 , 0.31] , [0.37 , 0.34 , 0.29] , [0.42 , 0.33 , 0.25] , [0.62 , 0.22 , 0.16] , [0.80 , 0.11 , 0.08] , [0.87 , 0.07 , 0.06] , [0.90 , 0.05 , 0.04] , [0.92 , 0.04 , 0.04] , [0.93 , 0.04 , 0.03]}
2025-12-12 02:44:46,885 MambaPro.train INFO: best_Experts:{[0.87 , 0.07 , 0.06]}
2025-12-12 02:44:46,885 MambaPro.train INFO: 🔥 MoE损失(Val): 平衡=0.9820, 稀疏性=0.1952, 多样性=0.1994, 总=0.0012 (权重: 平衡=0.001, 稀疏性=0.000, 多样性=0.001)
2025-12-12 02:44:46,885 MambaPro.train INFO:    📊 专家权重分布(Val): [0.93 , 0.04 , 0.03]
2025-12-12 02:45:07,057 MambaPro.train INFO: Epoch 46 done. Time per batch: 0.187[s] Speed: 170.9[samples/s]
2025-12-12 02:45:27,069 MambaPro.train INFO: Epoch 47 done. Time per batch: 0.187[s] Speed: 171.1[samples/s]
2025-12-12 02:45:46,922 MambaPro.train INFO: Epoch 48 done. Time per batch: 0.187[s] Speed: 170.9[samples/s]
2025-12-12 02:46:06,939 MambaPro.train INFO: Epoch 49 done. Time per batch: 0.187[s] Speed: 171.1[samples/s]
2025-12-12 02:46:26,982 MambaPro.train INFO: Epoch 50 done. Time per batch: 0.187[s] Speed: 170.8[samples/s]
2025-12-12 02:46:34,901 MambaPro.train INFO: Validation Results - Epoch: 50
2025-12-12 02:46:34,902 MambaPro.train INFO: Current mAP: 77.1%
2025-12-12 02:46:34,902 MambaPro.train INFO: CMC curve, Rank-1  :80.6%
2025-12-12 02:46:34,902 MambaPro.train INFO: CMC curve, Rank-5  :87.9%
2025-12-12 02:46:34,902 MambaPro.train INFO: CMC curve, Rank-10 :90.2%
2025-12-12 02:46:34,902 MambaPro.train INFO: [Epoch 50] 指标集合列表（历史）
2025-12-12 02:46:34,902 MambaPro.train INFO: history_mAP:{48.7 , 51.5 , 63.4 , 55.2 , 75.8 , 77.6 , 75.9 , 77.4 , 77.4 , 77.1}
2025-12-12 02:46:34,902 MambaPro.train INFO: best_mAP:{77.6}
2025-12-12 02:46:34,902 MambaPro.train INFO: history_Rank-1:{52.5 , 53.7 , 65.1 , 55.4 , 81.8 , 82.3 , 79.7 , 81.2 , 81.0 , 80.6}
2025-12-12 02:46:34,902 MambaPro.train INFO: best_Rank-1:{82.3}
2025-12-12 02:46:34,902 MambaPro.train INFO: history_Rank-5:{67.8 , 70.0 , 77.3 , 70.1 , 89.2 , 89.1 , 87.9 , 88.2 , 88.5}
2025-12-12 02:46:34,902 MambaPro.train INFO: best_Rank-5:{89.2}
2025-12-12 02:46:34,902 MambaPro.train INFO: history_Rank-10:{74.3 , 79.2 , 85.9 , 78.0 , 91.7 , 92.6 , 90.6 , 91.0 , 90.2}
2025-12-12 02:46:34,902 MambaPro.train INFO: best_Rank-10:{92.6}
2025-12-12 02:46:34,902 MambaPro.train INFO: history_Experts:{[0.35 , 0.33 , 0.31] , [0.37 , 0.34 , 0.29] , [0.42 , 0.33 , 0.25] , [0.62 , 0.22 , 0.16] , [0.80 , 0.11 , 0.08] , [0.87 , 0.07 , 0.06] , [0.90 , 0.05 , 0.04] , [0.92 , 0.04 , 0.04] , [0.93 , 0.04 , 0.03] , [0.94 , 0.03 , 0.03]}
2025-12-12 02:46:34,902 MambaPro.train INFO: best_Experts:{[0.87 , 0.07 , 0.06]}
2025-12-12 02:46:34,902 MambaPro.train INFO: 🔥 MoE损失(Val): 平衡=1.0135, 稀疏性=0.1749, 多样性=0.1760, 总=0.0012 (权重: 平衡=0.001, 稀疏性=0.000, 多样性=0.001)
2025-12-12 02:46:34,903 MambaPro.train INFO:    📊 专家权重分布(Val): [0.94 , 0.03 , 0.03]
2025-12-12 02:46:54,893 MambaPro.train INFO: Epoch 51 done. Time per batch: 0.187[s] Speed: 170.8[samples/s]
2025-12-12 02:47:15,247 MambaPro.train INFO: Epoch 52 done. Time per batch: 0.192[s] Speed: 166.7[samples/s]
2025-12-12 02:47:35,251 MambaPro.train INFO: Epoch 53 done. Time per batch: 0.187[s] Speed: 171.2[samples/s]
2025-12-12 02:47:55,339 MambaPro.train INFO: Epoch 54 done. Time per batch: 0.188[s] Speed: 170.4[samples/s]
2025-12-12 02:48:15,434 MambaPro.train INFO: Epoch 55 done. Time per batch: 0.188[s] Speed: 170.4[samples/s]
2025-12-12 02:48:22,904 MambaPro.train INFO: Validation Results - Epoch: 55
2025-12-12 02:48:22,904 MambaPro.train INFO: Current mAP: 77.7%
2025-12-12 02:48:22,904 MambaPro.train INFO: CMC curve, Rank-1  :82.3%
2025-12-12 02:48:22,904 MambaPro.train INFO: CMC curve, Rank-5  :88.9%
2025-12-12 02:48:22,904 MambaPro.train INFO: CMC curve, Rank-10 :90.9%
2025-12-12 02:48:22,904 MambaPro.train INFO: 🎯 New Best! Saving model...
2025-12-12 02:48:23,459 MambaPro.train INFO: [Epoch 55] 指标集合列表（历史）
2025-12-12 02:48:23,460 MambaPro.train INFO: history_mAP:{48.7 , 51.5 , 63.4 , 55.2 , 75.8 , 77.6 , 75.9 , 77.4 , 77.4 , 77.1 , 77.7}
2025-12-12 02:48:23,460 MambaPro.train INFO: best_mAP:{77.7}
2025-12-12 02:48:23,460 MambaPro.train INFO: history_Rank-1:{52.5 , 53.7 , 65.1 , 55.4 , 81.8 , 82.3 , 79.7 , 81.2 , 81.0 , 80.6}
2025-12-12 02:48:23,460 MambaPro.train INFO: best_Rank-1:{82.3}
2025-12-12 02:48:23,460 MambaPro.train INFO: history_Rank-5:{67.8 , 70.0 , 77.3 , 70.1 , 89.2 , 89.1 , 87.9 , 88.2 , 88.5 , 88.9}
2025-12-12 02:48:23,460 MambaPro.train INFO: best_Rank-5:{89.2}
2025-12-12 02:48:23,460 MambaPro.train INFO: history_Rank-10:{74.3 , 79.2 , 85.9 , 78.0 , 91.7 , 92.6 , 90.6 , 91.0 , 90.2 , 90.9}
2025-12-12 02:48:23,460 MambaPro.train INFO: best_Rank-10:{92.6}
2025-12-12 02:48:23,460 MambaPro.train INFO: history_Experts:{[0.35 , 0.33 , 0.31] , [0.37 , 0.34 , 0.29] , [0.42 , 0.33 , 0.25] , [0.62 , 0.22 , 0.16] , [0.80 , 0.11 , 0.08] , [0.87 , 0.07 , 0.06] , [0.90 , 0.05 , 0.04] , [0.92 , 0.04 , 0.04] , [0.93 , 0.04 , 0.03] , [0.94 , 0.03 , 0.03] , [0.94 , 0.03 , 0.03]}
2025-12-12 02:48:23,460 MambaPro.train INFO: best_Experts:{[0.94 , 0.03 , 0.03]}
2025-12-12 02:48:23,460 MambaPro.train INFO: 🔥 MoE损失(Val): 平衡=1.0377, 稀疏性=0.1594, 多样性=0.1585, 总=0.0012 (权重: 平衡=0.001, 稀疏性=0.000, 多样性=0.001)
2025-12-12 02:48:23,460 MambaPro.train INFO:    📊 专家权重分布(Val): [0.94 , 0.03 , 0.03]
2025-12-12 02:48:43,505 MambaPro.train INFO: Epoch 56 done. Time per batch: 0.188[s] Speed: 170.4[samples/s]
2025-12-12 02:49:03,600 MambaPro.train INFO: Epoch 57 done. Time per batch: 0.188[s] Speed: 170.4[samples/s]
2025-12-12 02:49:23,666 MambaPro.train INFO: Epoch 58 done. Time per batch: 0.188[s] Speed: 170.6[samples/s]
2025-12-12 02:49:43,518 MambaPro.train INFO: Epoch 59 done. Time per batch: 0.187[s] Speed: 170.9[samples/s]
2025-12-12 02:50:03,615 MambaPro.train INFO: Epoch 60 done. Time per batch: 0.188[s] Speed: 170.4[samples/s]
2025-12-12 02:50:11,503 MambaPro.train INFO: Validation Results - Epoch: 60
2025-12-12 02:50:11,503 MambaPro.train INFO: Current mAP: 77.8%
2025-12-12 02:50:11,503 MambaPro.train INFO: CMC curve, Rank-1  :82.4%
2025-12-12 02:50:11,503 MambaPro.train INFO: CMC curve, Rank-5  :88.6%
2025-12-12 02:50:11,503 MambaPro.train INFO: CMC curve, Rank-10 :90.7%
2025-12-12 02:50:11,504 MambaPro.train INFO: 🎯 New Best! Saving model...
2025-12-12 02:50:12,094 MambaPro.train INFO: [Epoch 60] 指标集合列表（历史）
2025-12-12 02:50:12,095 MambaPro.train INFO: history_mAP:{48.7 , 51.5 , 63.4 , 55.2 , 75.8 , 77.6 , 75.9 , 77.4 , 77.4 , 77.1 , 77.7 , 77.8}
2025-12-12 02:50:12,095 MambaPro.train INFO: best_mAP:{77.8}
2025-12-12 02:50:12,095 MambaPro.train INFO: history_Rank-1:{52.5 , 53.7 , 65.1 , 55.4 , 81.8 , 82.3 , 79.7 , 81.2 , 81.0 , 80.6 , 82.4}
2025-12-12 02:50:12,095 MambaPro.train INFO: best_Rank-1:{82.4}
2025-12-12 02:50:12,095 MambaPro.train INFO: history_Rank-5:{67.8 , 70.0 , 77.3 , 70.1 , 89.2 , 89.1 , 87.9 , 88.2 , 88.5 , 88.9 , 88.6}
2025-12-12 02:50:12,095 MambaPro.train INFO: best_Rank-5:{89.2}
2025-12-12 02:50:12,095 MambaPro.train INFO: history_Rank-10:{74.3 , 79.2 , 85.9 , 78.0 , 91.7 , 92.6 , 90.6 , 91.0 , 90.2 , 90.9 , 90.7}
2025-12-12 02:50:12,095 MambaPro.train INFO: best_Rank-10:{92.6}
2025-12-12 02:50:12,095 MambaPro.train INFO: history_Experts:{[0.35 , 0.33 , 0.31] , [0.37 , 0.34 , 0.29] , [0.42 , 0.33 , 0.25] , [0.62 , 0.22 , 0.16] , [0.80 , 0.11 , 0.08] , [0.87 , 0.07 , 0.06] , [0.90 , 0.05 , 0.04] , [0.92 , 0.04 , 0.04] , [0.93 , 0.04 , 0.03] , [0.94 , 0.03 , 0.03] , [0.94 , 0.03 , 0.03] , [0.95 , 0.03 , 0.02]}
2025-12-12 02:50:12,095 MambaPro.train INFO: best_Experts:{[0.95 , 0.03 , 0.02]}
2025-12-12 02:50:12,095 MambaPro.train INFO: 🔥 MoE损失(Val): 平衡=1.0566, 稀疏性=0.1473, 多样性=0.1452, 总=0.0012 (权重: 平衡=0.001, 稀疏性=0.000, 多样性=0.001)
2025-12-12 02:50:12,095 MambaPro.train INFO:    📊 专家权重分布(Val): [0.95 , 0.03 , 0.02]
2025-12-12 02:50:12,232 MambaPro.train INFO: ============================================================
