2025-12-22 15:46:06,934 MambaPro INFO: ================================================================================
2025-12-22 15:46:06,934 MambaPro INFO: 🧾 实验参数快照（命令行 + 最终配置）
2025-12-22 15:46:06,934 MambaPro INFO: ================================================================================
2025-12-22 15:46:06,934 MambaPro INFO: 【复现实验命令】
2025-12-22 15:46:06,934 MambaPro INFO: /home/zhanghaoyang/.conda/envs/MambaPro/bin/python train_net.py --config_file configs/RGBNT100/jzb_baseline_optimize.yml
2025-12-22 15:46:06,934 MambaPro INFO: 【命令行参数（args）】
2025-12-22 15:46:06,934 MambaPro INFO: {
2025-12-22 15:46:06,934 MambaPro INFO:   "config_file": "configs/RGBNT100/jzb_baseline_optimize.yml",
2025-12-22 15:46:06,934 MambaPro INFO:   "fea_cft": 0,
2025-12-22 15:46:06,934 MambaPro INFO:   "local_rank": 0,
2025-12-22 15:46:06,934 MambaPro INFO:   "use_multi_scale": false,
2025-12-22 15:46:06,934 MambaPro INFO:   "no_multi_scale": false,
2025-12-22 15:46:06,934 MambaPro INFO:   "use_moe": false,
2025-12-22 15:46:06,934 MambaPro INFO:   "disable_moe": false,
2025-12-22 15:46:06,934 MambaPro INFO:   "no_moe": false,
2025-12-22 15:46:06,934 MambaPro INFO:   "use_attention": false,
2025-12-22 15:46:06,934 MambaPro INFO:   "disable_attention": false,
2025-12-22 15:46:06,934 MambaPro INFO:   "attention_heads": 8,
2025-12-22 15:46:06,934 MambaPro INFO:   "attention_dropout": 0.1,
2025-12-22 15:46:06,934 MambaPro INFO:   "resume": "",
2025-12-22 15:46:06,934 MambaPro INFO:   "opts": []
2025-12-22 15:46:06,934 MambaPro INFO: }
2025-12-22 15:46:06,934 MambaPro INFO: 【工作目录】/home/zhanghaoyang/Desktop/yzy/AboutReid
2025-12-22 15:46:06,934 MambaPro INFO: 【最终配置（YAML）】
2025-12-22 15:46:06,937 MambaPro INFO: DATALOADER:
2025-12-22 15:46:06,937 MambaPro INFO:   NUM_INSTANCE: 16
2025-12-22 15:46:06,937 MambaPro INFO:   NUM_WORKERS: 14
2025-12-22 15:46:06,937 MambaPro INFO:   SAMPLER: softmax_triplet
2025-12-22 15:46:06,937 MambaPro INFO: DATASETS:
2025-12-22 15:46:06,937 MambaPro INFO:   NAMES: RGBNT100
2025-12-22 15:46:06,937 MambaPro INFO:   ROOT_DIR: /home/zhanghaoyang/Desktop/yzy/MambaPro/data/datasets
2025-12-22 15:46:06,937 MambaPro INFO: INPUT:
2025-12-22 15:46:06,937 MambaPro INFO:   PADDING: 10
2025-12-22 15:46:06,937 MambaPro INFO:   PIXEL_MEAN:
2025-12-22 15:46:06,937 MambaPro INFO:   - 0.5
2025-12-22 15:46:06,937 MambaPro INFO:   - 0.5
2025-12-22 15:46:06,937 MambaPro INFO:   - 0.5
2025-12-22 15:46:06,937 MambaPro INFO:   PIXEL_STD:
2025-12-22 15:46:06,937 MambaPro INFO:   - 0.5
2025-12-22 15:46:06,937 MambaPro INFO:   - 0.5
2025-12-22 15:46:06,937 MambaPro INFO:   - 0.5
2025-12-22 15:46:06,937 MambaPro INFO:   PROB: 0.5
2025-12-22 15:46:06,937 MambaPro INFO:   RE_PROB: 0.5
2025-12-22 15:46:06,937 MambaPro INFO:   SIZE_TEST:
2025-12-22 15:46:06,937 MambaPro INFO:   - 128
2025-12-22 15:46:06,937 MambaPro INFO:   - 256
2025-12-22 15:46:06,937 MambaPro INFO:   SIZE_TRAIN:
2025-12-22 15:46:06,937 MambaPro INFO:   - 128
2025-12-22 15:46:06,937 MambaPro INFO:   - 256
2025-12-22 15:46:06,937 MambaPro INFO: MODEL:
2025-12-22 15:46:06,937 MambaPro INFO:   ADAPTER: true
2025-12-22 15:46:06,937 MambaPro INFO:   ATTENTION_DIM: 512
2025-12-22 15:46:06,937 MambaPro INFO:   ATTENTION_DROPOUT: 0.1
2025-12-22 15:46:06,937 MambaPro INFO:   ATTENTION_NUM_HEADS: 8
2025-12-22 15:46:06,937 MambaPro INFO:   ATT_DROP_RATE: 0.0
2025-12-22 15:46:06,937 MambaPro INFO:   CLIP_MULTI_SCALE_SCALES:
2025-12-22 15:46:06,937 MambaPro INFO:   - 4
2025-12-22 15:46:06,937 MambaPro INFO:   - 8
2025-12-22 15:46:06,937 MambaPro INFO:   - 16
2025-12-22 15:46:06,937 MambaPro INFO:   DEVICE: cuda
2025-12-22 15:46:06,937 MambaPro INFO:   DEVICE_ID: '0'
2025-12-22 15:46:06,937 MambaPro INFO:   DIRECT: 0
2025-12-22 15:46:06,937 MambaPro INFO:   DIST_TRAIN: false
2025-12-22 15:46:06,937 MambaPro INFO:   DROP_OUT: 0.0
2025-12-22 15:46:06,937 MambaPro INFO:   DROP_PATH: 0.1
2025-12-22 15:46:06,937 MambaPro INFO:   FLOPS_TEST: false
2025-12-22 15:46:06,937 MambaPro INFO:   FROZEN: true
2025-12-22 15:46:06,937 MambaPro INFO:   GATE_DROPOUT: 0.1
2025-12-22 15:46:06,937 MambaPro INFO:   ID_LOSS_TYPE: softmax
2025-12-22 15:46:06,937 MambaPro INFO:   ID_LOSS_WEIGHT: 0.25
2025-12-22 15:46:06,937 MambaPro INFO:   IF_LABELSMOOTH: 'on'
2025-12-22 15:46:06,937 MambaPro INFO:   IF_WITH_CENTER: 'no'
2025-12-22 15:46:06,937 MambaPro INFO:   LAYER: -1
2025-12-22 15:46:06,937 MambaPro INFO:   MAMBA: true
2025-12-22 15:46:06,937 MambaPro INFO:   MAMBA_BI: false
2025-12-22 15:46:06,937 MambaPro INFO:   METRIC_LOSS_TYPE: triplet
2025-12-22 15:46:06,937 MambaPro INFO:   MOE_BALANCE_LOSS_WEIGHT: 0.01
2025-12-22 15:46:06,937 MambaPro INFO:   MOE_DIVERSITY_LOSS_WEIGHT: 0.01
2025-12-22 15:46:06,937 MambaPro INFO:   MOE_EXPERT_DROPOUT: 0.1
2025-12-22 15:46:06,937 MambaPro INFO:   MOE_EXPERT_HIDDEN_DIM: 1024
2025-12-22 15:46:06,937 MambaPro INFO:   MOE_EXPERT_LAYERS: 2
2025-12-22 15:46:06,937 MambaPro INFO:   MOE_EXPERT_THRESHOLD: 0.1
2025-12-22 15:46:06,937 MambaPro INFO:   MOE_FIXED_WEIGHTS:
2025-12-22 15:46:06,938 MambaPro INFO:   - 0.33
2025-12-22 15:46:06,938 MambaPro INFO:   - 0.33
2025-12-22 15:46:06,938 MambaPro INFO:   - 0.34
2025-12-22 15:46:06,938 MambaPro INFO:   MOE_GATE_DROPOUT: 0.1
2025-12-22 15:46:06,938 MambaPro INFO:   MOE_GATE_LAYERS: 2
2025-12-22 15:46:06,938 MambaPro INFO:   MOE_INIT_WEIGHTS: null
2025-12-22 15:46:06,938 MambaPro INFO:   MOE_NUM_EXPERTS: 3
2025-12-22 15:46:06,938 MambaPro INFO:   MOE_RESIDUAL_WEIGHT: 1.0
2025-12-22 15:46:06,938 MambaPro INFO:   MOE_SCALES:
2025-12-22 15:46:06,938 MambaPro INFO:   - 4
2025-12-22 15:46:06,938 MambaPro INFO:   - 8
2025-12-22 15:46:06,938 MambaPro INFO:   - 16
2025-12-22 15:46:06,938 MambaPro INFO:   MOE_SPARSITY_LOSS_WEIGHT: 0.001
2025-12-22 15:46:06,938 MambaPro INFO:   MOE_TEMPERATURE: 1.0
2025-12-22 15:46:06,938 MambaPro INFO:   MOE_TOP_K: 2
2025-12-22 15:46:06,938 MambaPro INFO:   MOE_TOP_K_MODE: soft
2025-12-22 15:46:06,938 MambaPro INFO:   MOE_USE_FIXED_WEIGHTS: false
2025-12-22 15:46:06,938 MambaPro INFO:   MOE_USE_TOP_K_ROUTING: false
2025-12-22 15:46:06,938 MambaPro INFO:   MULTI_SCALE_SCALES:
2025-12-22 15:46:06,938 MambaPro INFO:   - 4
2025-12-22 15:46:06,938 MambaPro INFO:   - 8
2025-12-22 15:46:06,938 MambaPro INFO:   - 16
2025-12-22 15:46:06,938 MambaPro INFO:   NAME: MambaPro
2025-12-22 15:46:06,938 MambaPro INFO:   NECK: bnneck
2025-12-22 15:46:06,938 MambaPro INFO:   NO_MARGIN: true
2025-12-22 15:46:06,938 MambaPro INFO:   PREFIX_NUM: 1
2025-12-22 15:46:06,938 MambaPro INFO:   PRETRAIN_PATH_T: AboutReid/pths/ViT-B-16.pt
2025-12-22 15:46:06,938 MambaPro INFO:   PROMPT: true
2025-12-22 15:46:06,938 MambaPro INFO:   SIE_CAMERA: true
2025-12-22 15:46:06,938 MambaPro INFO:   SIE_COE: 1.0
2025-12-22 15:46:06,938 MambaPro INFO:   SIE_VIEW: false
2025-12-22 15:46:06,938 MambaPro INFO:   STRIDE_SIZE:
2025-12-22 15:46:06,938 MambaPro INFO:   - 16
2025-12-22 15:46:06,938 MambaPro INFO:   - 16
2025-12-22 15:46:06,938 MambaPro INFO:   TRANSFORMER_TYPE: ViT-B-16
2025-12-22 15:46:06,938 MambaPro INFO:   TRIPLET_LOSS_WEIGHT: 1.0
2025-12-22 15:46:06,938 MambaPro INFO:   USE_ATTENTION_FUSION: false
2025-12-22 15:46:06,938 MambaPro INFO:   USE_CLIP_MULTI_SCALE: false
2025-12-22 15:46:06,938 MambaPro INFO:   USE_GATE_FUSION: false
2025-12-22 15:46:06,938 MambaPro INFO:   USE_MULTI_SCALE: false
2025-12-22 15:46:06,938 MambaPro INFO:   USE_MULTI_SCALE_MOE: false
2025-12-22 15:46:06,938 MambaPro INFO: OUTPUT_DIR: /home/zhanghaoyang/Desktop/yzy/AboutReid/outputs/baseline/RGBNT100/run_20251222_154606
2025-12-22 15:46:06,938 MambaPro INFO: SOLVER:
2025-12-22 15:46:06,938 MambaPro INFO:   BASE_LR: 0.000175
2025-12-22 15:46:06,938 MambaPro INFO:   BIAS_LR_FACTOR: 2
2025-12-22 15:46:06,938 MambaPro INFO:   CENTER_LOSS_WEIGHT: 0.0005
2025-12-22 15:46:06,938 MambaPro INFO:   CENTER_LR: 0.5
2025-12-22 15:46:06,938 MambaPro INFO:   CHECKPOINT_PERIOD: 60
2025-12-22 15:46:06,938 MambaPro INFO:   CLUSTER_MARGIN: 0.3
2025-12-22 15:46:06,938 MambaPro INFO:   COSINE_MARGIN: 0.5
2025-12-22 15:46:06,938 MambaPro INFO:   COSINE_SCALE: 30
2025-12-22 15:46:06,938 MambaPro INFO:   EVAL_PERIOD: 1
2025-12-22 15:46:06,938 MambaPro INFO:   GAMMA: 0.1
2025-12-22 15:46:06,938 MambaPro INFO:   IMS_PER_BATCH: 64
2025-12-22 15:46:06,938 MambaPro INFO:   LARGE_FC_LR: false
2025-12-22 15:46:06,938 MambaPro INFO:   LOG_PERIOD: 10
2025-12-22 15:46:06,938 MambaPro INFO:   MARGIN: 0.3
2025-12-22 15:46:06,938 MambaPro INFO:   MAX_EPOCHS: 30
2025-12-22 15:46:06,938 MambaPro INFO:   MOE_BALANCE_LOSS_WEIGHT: 0.01
2025-12-22 15:46:06,938 MambaPro INFO:   MOE_BALANCE_LOSS_WEIGHT_END: 0.1
2025-12-22 15:46:06,938 MambaPro INFO:   MOE_BALANCE_LOSS_WEIGHT_START: 0.001
2025-12-22 15:46:06,938 MambaPro INFO:   MOE_BALANCE_THRESHOLD: 0.3
2025-12-22 15:46:06,938 MambaPro INFO:   MOE_DIVERSITY_LOSS_WEIGHT: 0.01
2025-12-22 15:46:06,938 MambaPro INFO:   MOE_DIVERSITY_LOSS_WEIGHT_END: 0.1
2025-12-22 15:46:06,938 MambaPro INFO:   MOE_DIVERSITY_LOSS_WEIGHT_START: 0.001
2025-12-22 15:46:06,938 MambaPro INFO:   MOE_GATE_LR_FACTOR: 0.01
2025-12-22 15:46:06,938 MambaPro INFO:   MOE_LOSS_WEIGHT_SCHEDULE_TYPE: cosine
2025-12-22 15:46:06,938 MambaPro INFO:   MOE_LOSS_WEIGHT_WARMUP_EPOCHS: 5
2025-12-22 15:46:06,938 MambaPro INFO:   MOE_SPARSITY_LOSS_WEIGHT: 0.001
2025-12-22 15:46:06,938 MambaPro INFO:   MOE_USE_DYNAMIC_LOSS_WEIGHT: false
2025-12-22 15:46:06,938 MambaPro INFO:   MOMENTUM: 0.9
2025-12-22 15:46:06,938 MambaPro INFO:   OPTIMIZER_NAME: Adam
2025-12-22 15:46:06,938 MambaPro INFO:   RANGE_ALPHA: 0
2025-12-22 15:46:06,938 MambaPro INFO:   RANGE_BETA: 1
2025-12-22 15:46:06,938 MambaPro INFO:   RANGE_K: 2
2025-12-22 15:46:06,938 MambaPro INFO:   RANGE_LOSS_WEIGHT: 1
2025-12-22 15:46:06,938 MambaPro INFO:   RANGE_MARGIN: 0.3
2025-12-22 15:46:06,938 MambaPro INFO:   SEED: 1111
2025-12-22 15:46:06,938 MambaPro INFO:   STEPS:
2025-12-22 15:46:06,938 MambaPro INFO:   - 40
2025-12-22 15:46:06,938 MambaPro INFO:   - 70
2025-12-22 15:46:06,938 MambaPro INFO:   WARMUP_FACTOR: 0.01
2025-12-22 15:46:06,938 MambaPro INFO:   WARMUP_ITERS: 5
2025-12-22 15:46:06,938 MambaPro INFO:   WARMUP_METHOD: linear
2025-12-22 15:46:06,938 MambaPro INFO:   WEIGHT_DECAY: 0.0001
2025-12-22 15:46:06,938 MambaPro INFO:   WEIGHT_DECAY_BIAS: 0.0001
2025-12-22 15:46:06,938 MambaPro INFO: TEST:
2025-12-22 15:46:06,938 MambaPro INFO:   FEAT: 0
2025-12-22 15:46:06,938 MambaPro INFO:   FEAT_NORM: 'yes'
2025-12-22 15:46:06,938 MambaPro INFO:   IMS_PER_BATCH: 64
2025-12-22 15:46:06,938 MambaPro INFO:   MISS: nothing
2025-12-22 15:46:06,938 MambaPro INFO:   NECK_FEAT: before
2025-12-22 15:46:06,938 MambaPro INFO:   RE_RANKING: 'no'
2025-12-22 15:46:06,938 MambaPro INFO:   WEIGHT: /home/zubuntu/workspace/MambaPro/MambaPro/pths/MambaProbest.pth
2025-12-22 15:46:06,938 MambaPro INFO: ================================================================================
2025-12-22 15:46:10,051 MambaPro.train INFO: start training
2025-12-22 15:47:39,988 MambaPro.train INFO: Epoch 1 done. Time per batch: 0.766[s] Speed: 83.6[samples/s]
2025-12-22 15:49:14,430 MambaPro.train INFO: Validation Results - Epoch: 1
2025-12-22 15:49:14,430 MambaPro.train INFO: Current mAP: 50.7%
2025-12-22 15:49:14,430 MambaPro.train INFO: CMC curve, Rank-1  :72.5%
2025-12-22 15:49:14,430 MambaPro.train INFO: CMC curve, Rank-5  :77.1%
2025-12-22 15:49:14,430 MambaPro.train INFO: CMC curve, Rank-10 :80.6%
2025-12-22 15:49:14,430 MambaPro.train INFO: 🎯 New Best! Saving model...
2025-12-22 15:49:14,742 MambaPro.train INFO: [Epoch 1] 指标集合列表（历史）
2025-12-22 15:49:14,743 MambaPro.train INFO: history_mAP:{50.7}
2025-12-22 15:49:14,743 MambaPro.train INFO: best_mAP:{50.7}
2025-12-22 15:49:14,743 MambaPro.train INFO: history_Rank-1:{72.5}
2025-12-22 15:49:14,743 MambaPro.train INFO: best_Rank-1:{72.5}
2025-12-22 15:49:14,743 MambaPro.train INFO: history_Rank-5:{77.1}
2025-12-22 15:49:14,743 MambaPro.train INFO: best_Rank-5:{77.1}
2025-12-22 15:49:14,743 MambaPro.train INFO: history_Rank-10:{80.6}
2025-12-22 15:49:14,743 MambaPro.train INFO: best_Rank-10:{80.6}
2025-12-22 15:49:14,743 MambaPro.train INFO: history_Experts:{[0.00 , 0.00 , 0.00]}
2025-12-22 15:50:43,383 MambaPro.train INFO: Epoch 2 done. Time per batch: 0.762[s] Speed: 84.0[samples/s]
2025-12-22 15:52:17,575 MambaPro.train INFO: Validation Results - Epoch: 2
2025-12-22 15:52:17,576 MambaPro.train INFO: Current mAP: 58.6%
2025-12-22 15:52:17,576 MambaPro.train INFO: CMC curve, Rank-1  :77.4%
2025-12-22 15:52:17,576 MambaPro.train INFO: CMC curve, Rank-5  :80.0%
2025-12-22 15:52:17,576 MambaPro.train INFO: CMC curve, Rank-10 :81.5%
2025-12-22 15:52:17,576 MambaPro.train INFO: 🎯 New Best! Saving model...
2025-12-22 15:52:18,052 MambaPro.train INFO: [Epoch 2] 指标集合列表（历史）
2025-12-22 15:52:18,052 MambaPro.train INFO: history_mAP:{50.7 , 58.6}
2025-12-22 15:52:18,052 MambaPro.train INFO: best_mAP:{58.6}
2025-12-22 15:52:18,052 MambaPro.train INFO: history_Rank-1:{72.5 , 77.4}
2025-12-22 15:52:18,052 MambaPro.train INFO: best_Rank-1:{77.4}
2025-12-22 15:52:18,052 MambaPro.train INFO: history_Rank-5:{77.1 , 80.0}
2025-12-22 15:52:18,052 MambaPro.train INFO: best_Rank-5:{80.0}
2025-12-22 15:52:18,052 MambaPro.train INFO: history_Rank-10:{80.6 , 81.5}
2025-12-22 15:52:18,052 MambaPro.train INFO: best_Rank-10:{81.5}
2025-12-22 15:52:18,052 MambaPro.train INFO: history_Experts:{[0.00 , 0.00 , 0.00] , [0.00 , 0.00 , 0.00]}
2025-12-22 15:53:46,711 MambaPro.train INFO: Epoch 3 done. Time per batch: 0.762[s] Speed: 84.0[samples/s]
2025-12-22 15:55:21,059 MambaPro.train INFO: Validation Results - Epoch: 3
2025-12-22 15:55:21,059 MambaPro.train INFO: Current mAP: 67.2%
2025-12-22 15:55:21,059 MambaPro.train INFO: CMC curve, Rank-1  :82.1%
2025-12-22 15:55:21,059 MambaPro.train INFO: CMC curve, Rank-5  :84.8%
2025-12-22 15:55:21,059 MambaPro.train INFO: CMC curve, Rank-10 :86.1%
2025-12-22 15:55:21,059 MambaPro.train INFO: 🎯 New Best! Saving model...
2025-12-22 15:55:21,510 MambaPro.train INFO: [Epoch 3] 指标集合列表（历史）
2025-12-22 15:55:21,510 MambaPro.train INFO: history_mAP:{50.7 , 58.6 , 67.2}
2025-12-22 15:55:21,510 MambaPro.train INFO: best_mAP:{67.2}
2025-12-22 15:55:21,510 MambaPro.train INFO: history_Rank-1:{72.5 , 77.4 , 82.1}
2025-12-22 15:55:21,510 MambaPro.train INFO: best_Rank-1:{82.1}
2025-12-22 15:55:21,510 MambaPro.train INFO: history_Rank-5:{77.1 , 80.0 , 84.8}
2025-12-22 15:55:21,510 MambaPro.train INFO: best_Rank-5:{84.8}
2025-12-22 15:55:21,510 MambaPro.train INFO: history_Rank-10:{80.6 , 81.5 , 86.1}
2025-12-22 15:55:21,510 MambaPro.train INFO: best_Rank-10:{86.1}
2025-12-22 15:55:21,510 MambaPro.train INFO: history_Experts:{[0.00 , 0.00 , 0.00] , [0.00 , 0.00 , 0.00] , [0.00 , 0.00 , 0.00]}
2025-12-22 15:56:50,251 MambaPro.train INFO: Epoch 4 done. Time per batch: 0.763[s] Speed: 83.9[samples/s]
2025-12-22 15:58:24,867 MambaPro.train INFO: Validation Results - Epoch: 4
2025-12-22 15:58:24,867 MambaPro.train INFO: Current mAP: 66.6%
2025-12-22 15:58:24,867 MambaPro.train INFO: CMC curve, Rank-1  :84.8%
2025-12-22 15:58:24,867 MambaPro.train INFO: CMC curve, Rank-5  :87.1%
2025-12-22 15:58:24,867 MambaPro.train INFO: CMC curve, Rank-10 :87.8%
2025-12-22 15:58:24,867 MambaPro.train INFO: [Epoch 4] 指标集合列表（历史）
2025-12-22 15:58:24,867 MambaPro.train INFO: history_mAP:{50.7 , 58.6 , 67.2 , 66.6}
2025-12-22 15:58:24,867 MambaPro.train INFO: best_mAP:{67.2}
2025-12-22 15:58:24,867 MambaPro.train INFO: history_Rank-1:{72.5 , 77.4 , 82.1 , 84.8}
2025-12-22 15:58:24,867 MambaPro.train INFO: best_Rank-1:{82.1}
2025-12-22 15:58:24,867 MambaPro.train INFO: history_Rank-5:{77.1 , 80.0 , 84.8 , 87.1}
2025-12-22 15:58:24,867 MambaPro.train INFO: best_Rank-5:{84.8}
2025-12-22 15:58:24,868 MambaPro.train INFO: history_Rank-10:{80.6 , 81.5 , 86.1 , 87.8}
2025-12-22 15:58:24,868 MambaPro.train INFO: best_Rank-10:{86.1}
2025-12-22 15:58:24,868 MambaPro.train INFO: history_Experts:{[0.00 , 0.00 , 0.00] , [0.00 , 0.00 , 0.00] , [0.00 , 0.00 , 0.00] , [0.00 , 0.00 , 0.00]}
2025-12-22 15:59:52,003 MambaPro.train INFO: Epoch 5 done. Time per batch: 0.762[s] Speed: 84.0[samples/s]
2025-12-22 16:01:26,488 MambaPro.train INFO: Validation Results - Epoch: 5
2025-12-22 16:01:26,488 MambaPro.train INFO: Current mAP: 67.1%
2025-12-22 16:01:26,488 MambaPro.train INFO: CMC curve, Rank-1  :85.7%
2025-12-22 16:01:26,488 MambaPro.train INFO: CMC curve, Rank-5  :87.8%
2025-12-22 16:01:26,488 MambaPro.train INFO: CMC curve, Rank-10 :89.1%
2025-12-22 16:01:26,488 MambaPro.train INFO: [Epoch 5] 指标集合列表（历史）
2025-12-22 16:01:26,488 MambaPro.train INFO: history_mAP:{50.7 , 58.6 , 67.2 , 66.6 , 67.1}
2025-12-22 16:01:26,488 MambaPro.train INFO: best_mAP:{67.2}
2025-12-22 16:01:26,488 MambaPro.train INFO: history_Rank-1:{72.5 , 77.4 , 82.1 , 84.8 , 85.7}
2025-12-22 16:01:26,488 MambaPro.train INFO: best_Rank-1:{82.1}
2025-12-22 16:01:26,488 MambaPro.train INFO: history_Rank-5:{77.1 , 80.0 , 84.8 , 87.1 , 87.8}
2025-12-22 16:01:26,488 MambaPro.train INFO: best_Rank-5:{84.8}
2025-12-22 16:01:26,488 MambaPro.train INFO: history_Rank-10:{80.6 , 81.5 , 86.1 , 87.8 , 89.1}
2025-12-22 16:01:26,488 MambaPro.train INFO: best_Rank-10:{86.1}
2025-12-22 16:01:26,488 MambaPro.train INFO: history_Experts:{[0.00 , 0.00 , 0.00] , [0.00 , 0.00 , 0.00] , [0.00 , 0.00 , 0.00] , [0.00 , 0.00 , 0.00] , [0.00 , 0.00 , 0.00]}
2025-12-22 16:02:54,960 MambaPro.train INFO: Epoch 6 done. Time per batch: 0.760[s] Speed: 84.2[samples/s]
2025-12-22 16:04:29,474 MambaPro.train INFO: Validation Results - Epoch: 6
2025-12-22 16:04:29,474 MambaPro.train INFO: Current mAP: 73.6%
2025-12-22 16:04:29,474 MambaPro.train INFO: CMC curve, Rank-1  :88.6%
2025-12-22 16:04:29,474 MambaPro.train INFO: CMC curve, Rank-5  :90.0%
2025-12-22 16:04:29,474 MambaPro.train INFO: CMC curve, Rank-10 :91.0%
2025-12-22 16:04:29,474 MambaPro.train INFO: 🎯 New Best! Saving model...
2025-12-22 16:04:29,935 MambaPro.train INFO: [Epoch 6] 指标集合列表（历史）
2025-12-22 16:04:29,935 MambaPro.train INFO: history_mAP:{50.7 , 58.6 , 67.2 , 66.6 , 67.1 , 73.6}
2025-12-22 16:04:29,935 MambaPro.train INFO: best_mAP:{73.6}
2025-12-22 16:04:29,935 MambaPro.train INFO: history_Rank-1:{72.5 , 77.4 , 82.1 , 84.8 , 85.7 , 88.6}
2025-12-22 16:04:29,935 MambaPro.train INFO: best_Rank-1:{88.6}
2025-12-22 16:04:29,935 MambaPro.train INFO: history_Rank-5:{77.1 , 80.0 , 84.8 , 87.1 , 87.8 , 90.0}
2025-12-22 16:04:29,935 MambaPro.train INFO: best_Rank-5:{90.0}
2025-12-22 16:04:29,935 MambaPro.train INFO: history_Rank-10:{80.6 , 81.5 , 86.1 , 87.8 , 89.1 , 91.0}
2025-12-22 16:04:29,935 MambaPro.train INFO: best_Rank-10:{91.0}
2025-12-22 16:04:29,935 MambaPro.train INFO: history_Experts:{[0.00 , 0.00 , 0.00] , [0.00 , 0.00 , 0.00] , [0.00 , 0.00 , 0.00] , [0.00 , 0.00 , 0.00] , [0.00 , 0.00 , 0.00] , [0.00 , 0.00 , 0.00]}
2025-12-22 16:05:59,079 MambaPro.train INFO: Epoch 7 done. Time per batch: 0.760[s] Speed: 84.2[samples/s]
2025-12-22 16:07:33,504 MambaPro.train INFO: Validation Results - Epoch: 7
2025-12-22 16:07:33,504 MambaPro.train INFO: Current mAP: 75.8%
2025-12-22 16:07:33,504 MambaPro.train INFO: CMC curve, Rank-1  :87.9%
2025-12-22 16:07:33,504 MambaPro.train INFO: CMC curve, Rank-5  :90.1%
2025-12-22 16:07:33,504 MambaPro.train INFO: CMC curve, Rank-10 :90.8%
2025-12-22 16:07:33,504 MambaPro.train INFO: 🎯 New Best! Saving model...
2025-12-22 16:07:33,954 MambaPro.train INFO: [Epoch 7] 指标集合列表（历史）
2025-12-22 16:07:33,954 MambaPro.train INFO: history_mAP:{50.7 , 58.6 , 67.2 , 66.6 , 67.1 , 73.6 , 75.8}
2025-12-22 16:07:33,954 MambaPro.train INFO: best_mAP:{75.8}
2025-12-22 16:07:33,954 MambaPro.train INFO: history_Rank-1:{72.5 , 77.4 , 82.1 , 84.8 , 85.7 , 88.6 , 87.9}
2025-12-22 16:07:33,954 MambaPro.train INFO: best_Rank-1:{88.6}
2025-12-22 16:07:33,954 MambaPro.train INFO: history_Rank-5:{77.1 , 80.0 , 84.8 , 87.1 , 87.8 , 90.0 , 90.1}
2025-12-22 16:07:33,954 MambaPro.train INFO: best_Rank-5:{90.1}
2025-12-22 16:07:33,954 MambaPro.train INFO: history_Rank-10:{80.6 , 81.5 , 86.1 , 87.8 , 89.1 , 91.0 , 90.8}
2025-12-22 16:07:33,954 MambaPro.train INFO: best_Rank-10:{91.0}
2025-12-22 16:07:33,954 MambaPro.train INFO: history_Experts:{[0.00 , 0.00 , 0.00] , [0.00 , 0.00 , 0.00] , [0.00 , 0.00 , 0.00] , [0.00 , 0.00 , 0.00] , [0.00 , 0.00 , 0.00] , [0.00 , 0.00 , 0.00] , [0.00 , 0.00 , 0.00]}
2025-12-22 16:09:03,136 MambaPro.train INFO: Epoch 8 done. Time per batch: 0.760[s] Speed: 84.2[samples/s]
2025-12-22 16:10:37,497 MambaPro.train INFO: Validation Results - Epoch: 8
2025-12-22 16:10:37,497 MambaPro.train INFO: Current mAP: 74.1%
2025-12-22 16:10:37,497 MambaPro.train INFO: CMC curve, Rank-1  :88.2%
2025-12-22 16:10:37,497 MambaPro.train INFO: CMC curve, Rank-5  :89.9%
2025-12-22 16:10:37,497 MambaPro.train INFO: CMC curve, Rank-10 :90.7%
2025-12-22 16:10:37,497 MambaPro.train INFO: [Epoch 8] 指标集合列表（历史）
2025-12-22 16:10:37,497 MambaPro.train INFO: history_mAP:{50.7 , 58.6 , 67.2 , 66.6 , 67.1 , 73.6 , 75.8 , 74.1}
2025-12-22 16:10:37,497 MambaPro.train INFO: best_mAP:{75.8}
2025-12-22 16:10:37,497 MambaPro.train INFO: history_Rank-1:{72.5 , 77.4 , 82.1 , 84.8 , 85.7 , 88.6 , 87.9 , 88.2}
2025-12-22 16:10:37,497 MambaPro.train INFO: best_Rank-1:{88.6}
2025-12-22 16:10:37,497 MambaPro.train INFO: history_Rank-5:{77.1 , 80.0 , 84.8 , 87.1 , 87.8 , 90.0 , 90.1 , 89.9}
2025-12-22 16:10:37,497 MambaPro.train INFO: best_Rank-5:{90.1}
2025-12-22 16:10:37,497 MambaPro.train INFO: history_Rank-10:{80.6 , 81.5 , 86.1 , 87.8 , 89.1 , 91.0 , 90.8 , 90.7}
2025-12-22 16:10:37,497 MambaPro.train INFO: best_Rank-10:{91.0}
2025-12-22 16:10:37,497 MambaPro.train INFO: history_Experts:{[0.00 , 0.00 , 0.00] , [0.00 , 0.00 , 0.00] , [0.00 , 0.00 , 0.00] , [0.00 , 0.00 , 0.00] , [0.00 , 0.00 , 0.00] , [0.00 , 0.00 , 0.00] , [0.00 , 0.00 , 0.00] , [0.00 , 0.00 , 0.00]}
2025-12-22 16:12:06,108 MambaPro.train INFO: Epoch 9 done. Time per batch: 0.762[s] Speed: 84.0[samples/s]
2025-12-22 16:13:40,535 MambaPro.train INFO: Validation Results - Epoch: 9
2025-12-22 16:13:40,535 MambaPro.train INFO: Current mAP: 75.5%
2025-12-22 16:13:40,535 MambaPro.train INFO: CMC curve, Rank-1  :88.9%
2025-12-22 16:13:40,535 MambaPro.train INFO: CMC curve, Rank-5  :90.4%
2025-12-22 16:13:40,535 MambaPro.train INFO: CMC curve, Rank-10 :91.5%
2025-12-22 16:13:40,535 MambaPro.train INFO: [Epoch 9] 指标集合列表（历史）
2025-12-22 16:13:40,535 MambaPro.train INFO: history_mAP:{50.7 , 58.6 , 67.2 , 66.6 , 67.1 , 73.6 , 75.8 , 74.1 , 75.5}
2025-12-22 16:13:40,535 MambaPro.train INFO: best_mAP:{75.8}
2025-12-22 16:13:40,535 MambaPro.train INFO: history_Rank-1:{72.5 , 77.4 , 82.1 , 84.8 , 85.7 , 88.6 , 87.9 , 88.2 , 88.9}
2025-12-22 16:13:40,535 MambaPro.train INFO: best_Rank-1:{88.6}
2025-12-22 16:13:40,535 MambaPro.train INFO: history_Rank-5:{77.1 , 80.0 , 84.8 , 87.1 , 87.8 , 90.0 , 90.1 , 89.9 , 90.4}
2025-12-22 16:13:40,535 MambaPro.train INFO: best_Rank-5:{90.1}
2025-12-22 16:13:40,535 MambaPro.train INFO: history_Rank-10:{80.6 , 81.5 , 86.1 , 87.8 , 89.1 , 91.0 , 90.8 , 90.7 , 91.5}
2025-12-22 16:13:40,535 MambaPro.train INFO: best_Rank-10:{91.0}
2025-12-22 16:13:40,535 MambaPro.train INFO: history_Experts:{[0.00 , 0.00 , 0.00] , [0.00 , 0.00 , 0.00] , [0.00 , 0.00 , 0.00] , [0.00 , 0.00 , 0.00] , [0.00 , 0.00 , 0.00] , [0.00 , 0.00 , 0.00] , [0.00 , 0.00 , 0.00] , [0.00 , 0.00 , 0.00] , [0.00 , 0.00 , 0.00]}
2025-12-22 16:15:08,932 MambaPro.train INFO: Epoch 10 done. Time per batch: 0.760[s] Speed: 84.2[samples/s]
2025-12-22 16:16:43,241 MambaPro.train INFO: Validation Results - Epoch: 10
2025-12-22 16:16:43,241 MambaPro.train INFO: Current mAP: 76.0%
2025-12-22 16:16:43,241 MambaPro.train INFO: CMC curve, Rank-1  :89.0%
2025-12-22 16:16:43,241 MambaPro.train INFO: CMC curve, Rank-5  :90.0%
2025-12-22 16:16:43,241 MambaPro.train INFO: CMC curve, Rank-10 :90.6%
2025-12-22 16:16:43,241 MambaPro.train INFO: 🎯 New Best! Saving model...
2025-12-22 16:16:43,708 MambaPro.train INFO: [Epoch 10] 指标集合列表（历史）
2025-12-22 16:16:43,708 MambaPro.train INFO: history_mAP:{50.7 , 58.6 , 67.2 , 66.6 , 67.1 , 73.6 , 75.8 , 74.1 , 75.5 , 76.0}
2025-12-22 16:16:43,709 MambaPro.train INFO: best_mAP:{76.0}
2025-12-22 16:16:43,709 MambaPro.train INFO: history_Rank-1:{72.5 , 77.4 , 82.1 , 84.8 , 85.7 , 88.6 , 87.9 , 88.2 , 88.9 , 89.0}
2025-12-22 16:16:43,709 MambaPro.train INFO: best_Rank-1:{89.0}
2025-12-22 16:16:43,709 MambaPro.train INFO: history_Rank-5:{77.1 , 80.0 , 84.8 , 87.1 , 87.8 , 90.0 , 90.1 , 89.9 , 90.4 , 90.0}
2025-12-22 16:16:43,709 MambaPro.train INFO: best_Rank-5:{90.1}
2025-12-22 16:16:43,709 MambaPro.train INFO: history_Rank-10:{80.6 , 81.5 , 86.1 , 87.8 , 89.1 , 91.0 , 90.8 , 90.7 , 91.5 , 90.6}
2025-12-22 16:16:43,709 MambaPro.train INFO: best_Rank-10:{91.0}
2025-12-22 16:16:43,709 MambaPro.train INFO: history_Experts:{[0.00 , 0.00 , 0.00] , [0.00 , 0.00 , 0.00] , [0.00 , 0.00 , 0.00] , [0.00 , 0.00 , 0.00] , [0.00 , 0.00 , 0.00] , [0.00 , 0.00 , 0.00] , [0.00 , 0.00 , 0.00] , [0.00 , 0.00 , 0.00] , [0.00 , 0.00 , 0.00] , [0.00 , 0.00 , 0.00]}
2025-12-22 16:18:11,401 MambaPro.train INFO: Epoch 11 done. Time per batch: 0.760[s] Speed: 84.2[samples/s]
2025-12-22 16:19:45,850 MambaPro.train INFO: Validation Results - Epoch: 11
2025-12-22 16:19:45,850 MambaPro.train INFO: Current mAP: 75.9%
2025-12-22 16:19:45,850 MambaPro.train INFO: CMC curve, Rank-1  :89.3%
2025-12-22 16:19:45,850 MambaPro.train INFO: CMC curve, Rank-5  :90.6%
2025-12-22 16:19:45,850 MambaPro.train INFO: CMC curve, Rank-10 :91.1%
2025-12-22 16:19:45,850 MambaPro.train INFO: [Epoch 11] 指标集合列表（历史）
2025-12-22 16:19:45,850 MambaPro.train INFO: history_mAP:{50.7 , 58.6 , 67.2 , 66.6 , 67.1 , 73.6 , 75.8 , 74.1 , 75.5 , 76.0 , 75.9}
2025-12-22 16:19:45,851 MambaPro.train INFO: best_mAP:{76.0}
2025-12-22 16:19:45,851 MambaPro.train INFO: history_Rank-1:{72.5 , 77.4 , 82.1 , 84.8 , 85.7 , 88.6 , 87.9 , 88.2 , 88.9 , 89.0 , 89.3}
2025-12-22 16:19:45,851 MambaPro.train INFO: best_Rank-1:{89.0}
2025-12-22 16:19:45,851 MambaPro.train INFO: history_Rank-5:{77.1 , 80.0 , 84.8 , 87.1 , 87.8 , 90.0 , 90.1 , 89.9 , 90.4 , 90.0 , 90.6}
2025-12-22 16:19:45,851 MambaPro.train INFO: best_Rank-5:{90.1}
2025-12-22 16:19:45,851 MambaPro.train INFO: history_Rank-10:{80.6 , 81.5 , 86.1 , 87.8 , 89.1 , 91.0 , 90.8 , 90.7 , 91.5 , 90.6 , 91.1}
2025-12-22 16:19:45,851 MambaPro.train INFO: best_Rank-10:{91.0}
2025-12-22 16:19:45,851 MambaPro.train INFO: history_Experts:{[0.00 , 0.00 , 0.00] , [0.00 , 0.00 , 0.00] , [0.00 , 0.00 , 0.00] , [0.00 , 0.00 , 0.00] , [0.00 , 0.00 , 0.00] , [0.00 , 0.00 , 0.00] , [0.00 , 0.00 , 0.00] , [0.00 , 0.00 , 0.00] , [0.00 , 0.00 , 0.00] , [0.00 , 0.00 , 0.00] , [0.00 , 0.00 , 0.00]}
2025-12-22 16:21:15,079 MambaPro.train INFO: Epoch 12 done. Time per batch: 0.760[s] Speed: 84.2[samples/s]
2025-12-22 16:22:49,422 MambaPro.train INFO: Validation Results - Epoch: 12
2025-12-22 16:22:49,423 MambaPro.train INFO: Current mAP: 75.1%
2025-12-22 16:22:49,423 MambaPro.train INFO: CMC curve, Rank-1  :90.0%
2025-12-22 16:22:49,423 MambaPro.train INFO: CMC curve, Rank-5  :90.6%
2025-12-22 16:22:49,423 MambaPro.train INFO: CMC curve, Rank-10 :91.4%
2025-12-22 16:22:49,423 MambaPro.train INFO: [Epoch 12] 指标集合列表（历史）
2025-12-22 16:22:49,423 MambaPro.train INFO: history_mAP:{50.7 , 58.6 , 67.2 , 66.6 , 67.1 , 73.6 , 75.8 , 74.1 , 75.5 , 76.0 , 75.9 , 75.1}
2025-12-22 16:22:49,423 MambaPro.train INFO: best_mAP:{76.0}
2025-12-22 16:22:49,423 MambaPro.train INFO: history_Rank-1:{72.5 , 77.4 , 82.1 , 84.8 , 85.7 , 88.6 , 87.9 , 88.2 , 88.9 , 89.0 , 89.3 , 90.0}
2025-12-22 16:22:49,423 MambaPro.train INFO: best_Rank-1:{89.0}
2025-12-22 16:22:49,423 MambaPro.train INFO: history_Rank-5:{77.1 , 80.0 , 84.8 , 87.1 , 87.8 , 90.0 , 90.1 , 89.9 , 90.4 , 90.0 , 90.6}
2025-12-22 16:22:49,423 MambaPro.train INFO: best_Rank-5:{90.1}
2025-12-22 16:22:49,423 MambaPro.train INFO: history_Rank-10:{80.6 , 81.5 , 86.1 , 87.8 , 89.1 , 91.0 , 90.8 , 90.7 , 91.5 , 90.6 , 91.1 , 91.4}
2025-12-22 16:22:49,423 MambaPro.train INFO: best_Rank-10:{91.0}
2025-12-22 16:22:49,423 MambaPro.train INFO: history_Experts:{[0.00 , 0.00 , 0.00] , [0.00 , 0.00 , 0.00] , [0.00 , 0.00 , 0.00] , [0.00 , 0.00 , 0.00] , [0.00 , 0.00 , 0.00] , [0.00 , 0.00 , 0.00] , [0.00 , 0.00 , 0.00] , [0.00 , 0.00 , 0.00] , [0.00 , 0.00 , 0.00] , [0.00 , 0.00 , 0.00] , [0.00 , 0.00 , 0.00] , [0.00 , 0.00 , 0.00]}
2025-12-22 16:24:17,880 MambaPro.train INFO: Epoch 13 done. Time per batch: 0.760[s] Speed: 84.2[samples/s]
2025-12-22 16:25:52,225 MambaPro.train INFO: Validation Results - Epoch: 13
2025-12-22 16:25:52,225 MambaPro.train INFO: Current mAP: 75.7%
2025-12-22 16:25:52,225 MambaPro.train INFO: CMC curve, Rank-1  :88.2%
2025-12-22 16:25:52,225 MambaPro.train INFO: CMC curve, Rank-5  :89.9%
2025-12-22 16:25:52,225 MambaPro.train INFO: CMC curve, Rank-10 :90.6%
2025-12-22 16:25:52,225 MambaPro.train INFO: [Epoch 13] 指标集合列表（历史）
2025-12-22 16:25:52,225 MambaPro.train INFO: history_mAP:{50.7 , 58.6 , 67.2 , 66.6 , 67.1 , 73.6 , 75.8 , 74.1 , 75.5 , 76.0 , 75.9 , 75.1 , 75.7}
2025-12-22 16:25:52,225 MambaPro.train INFO: best_mAP:{76.0}
2025-12-22 16:25:52,225 MambaPro.train INFO: history_Rank-1:{72.5 , 77.4 , 82.1 , 84.8 , 85.7 , 88.6 , 87.9 , 88.2 , 88.9 , 89.0 , 89.3 , 90.0 , 88.2}
2025-12-22 16:25:52,225 MambaPro.train INFO: best_Rank-1:{89.0}
2025-12-22 16:25:52,225 MambaPro.train INFO: history_Rank-5:{77.1 , 80.0 , 84.8 , 87.1 , 87.8 , 90.0 , 90.1 , 89.9 , 90.4 , 90.0 , 90.6 , 89.9}
2025-12-22 16:25:52,225 MambaPro.train INFO: best_Rank-5:{90.1}
2025-12-22 16:25:52,226 MambaPro.train INFO: history_Rank-10:{80.6 , 81.5 , 86.1 , 87.8 , 89.1 , 91.0 , 90.8 , 90.7 , 91.5 , 90.6 , 91.1 , 91.4 , 90.6}
2025-12-22 16:25:52,226 MambaPro.train INFO: best_Rank-10:{91.0}
2025-12-22 16:25:52,226 MambaPro.train INFO: history_Experts:{[0.00 , 0.00 , 0.00] , [0.00 , 0.00 , 0.00] , [0.00 , 0.00 , 0.00] , [0.00 , 0.00 , 0.00] , [0.00 , 0.00 , 0.00] , [0.00 , 0.00 , 0.00] , [0.00 , 0.00 , 0.00] , [0.00 , 0.00 , 0.00] , [0.00 , 0.00 , 0.00] , [0.00 , 0.00 , 0.00] , [0.00 , 0.00 , 0.00] , [0.00 , 0.00 , 0.00] , [0.00 , 0.00 , 0.00]}
2025-12-22 16:27:20,709 MambaPro.train INFO: Epoch 14 done. Time per batch: 0.761[s] Speed: 84.1[samples/s]
2025-12-22 16:28:55,131 MambaPro.train INFO: Validation Results - Epoch: 14
2025-12-22 16:28:55,131 MambaPro.train INFO: Current mAP: 75.7%
2025-12-22 16:28:55,131 MambaPro.train INFO: CMC curve, Rank-1  :87.8%
2025-12-22 16:28:55,131 MambaPro.train INFO: CMC curve, Rank-5  :89.0%
2025-12-22 16:28:55,131 MambaPro.train INFO: CMC curve, Rank-10 :89.8%
2025-12-22 16:28:55,131 MambaPro.train INFO: [Epoch 14] 指标集合列表（历史）
2025-12-22 16:28:55,131 MambaPro.train INFO: history_mAP:{50.7 , 58.6 , 67.2 , 66.6 , 67.1 , 73.6 , 75.8 , 74.1 , 75.5 , 76.0 , 75.9 , 75.1 , 75.7 , 75.7}
2025-12-22 16:28:55,131 MambaPro.train INFO: best_mAP:{76.0}
2025-12-22 16:28:55,131 MambaPro.train INFO: history_Rank-1:{72.5 , 77.4 , 82.1 , 84.8 , 85.7 , 88.6 , 87.9 , 88.2 , 88.9 , 89.0 , 89.3 , 90.0 , 88.2 , 87.8}
2025-12-22 16:28:55,131 MambaPro.train INFO: best_Rank-1:{89.0}
2025-12-22 16:28:55,131 MambaPro.train INFO: history_Rank-5:{77.1 , 80.0 , 84.8 , 87.1 , 87.8 , 90.0 , 90.1 , 89.9 , 90.4 , 90.0 , 90.6 , 89.9 , 89.0}
2025-12-22 16:28:55,131 MambaPro.train INFO: best_Rank-5:{90.1}
2025-12-22 16:28:55,131 MambaPro.train INFO: history_Rank-10:{80.6 , 81.5 , 86.1 , 87.8 , 89.1 , 91.0 , 90.8 , 90.7 , 91.5 , 90.6 , 91.1 , 91.4 , 90.6 , 89.8}
2025-12-22 16:28:55,131 MambaPro.train INFO: best_Rank-10:{91.0}
2025-12-22 16:28:55,131 MambaPro.train INFO: history_Experts:{[0.00 , 0.00 , 0.00] , [0.00 , 0.00 , 0.00] , [0.00 , 0.00 , 0.00] , [0.00 , 0.00 , 0.00] , [0.00 , 0.00 , 0.00] , [0.00 , 0.00 , 0.00] , [0.00 , 0.00 , 0.00] , [0.00 , 0.00 , 0.00] , [0.00 , 0.00 , 0.00] , [0.00 , 0.00 , 0.00] , [0.00 , 0.00 , 0.00] , [0.00 , 0.00 , 0.00] , [0.00 , 0.00 , 0.00] , [0.00 , 0.00 , 0.00]}
2025-12-22 16:30:23,497 MambaPro.train INFO: Epoch 15 done. Time per batch: 0.760[s] Speed: 84.3[samples/s]
2025-12-22 16:31:57,947 MambaPro.train INFO: Validation Results - Epoch: 15
2025-12-22 16:31:57,947 MambaPro.train INFO: Current mAP: 76.0%
2025-12-22 16:31:57,947 MambaPro.train INFO: CMC curve, Rank-1  :88.4%
2025-12-22 16:31:57,947 MambaPro.train INFO: CMC curve, Rank-5  :89.2%
2025-12-22 16:31:57,947 MambaPro.train INFO: CMC curve, Rank-10 :90.0%
2025-12-22 16:31:57,947 MambaPro.train INFO: 🎯 New Best! Saving model...
2025-12-22 16:31:58,420 MambaPro.train INFO: [Epoch 15] 指标集合列表（历史）
2025-12-22 16:31:58,420 MambaPro.train INFO: history_mAP:{50.7 , 58.6 , 67.2 , 66.6 , 67.1 , 73.6 , 75.8 , 74.1 , 75.5 , 76.0 , 75.9 , 75.1 , 75.7 , 75.7 , 76.0}
2025-12-22 16:31:58,420 MambaPro.train INFO: best_mAP:{76.0}
2025-12-22 16:31:58,420 MambaPro.train INFO: history_Rank-1:{72.5 , 77.4 , 82.1 , 84.8 , 85.7 , 88.6 , 87.9 , 88.2 , 88.9 , 89.0 , 89.3 , 90.0 , 88.2 , 87.8 , 88.4}
2025-12-22 16:31:58,420 MambaPro.train INFO: best_Rank-1:{89.0}
2025-12-22 16:31:58,420 MambaPro.train INFO: history_Rank-5:{77.1 , 80.0 , 84.8 , 87.1 , 87.8 , 90.0 , 90.1 , 89.9 , 90.4 , 90.0 , 90.6 , 89.9 , 89.0 , 89.2}
2025-12-22 16:31:58,420 MambaPro.train INFO: best_Rank-5:{90.1}
2025-12-22 16:31:58,420 MambaPro.train INFO: history_Rank-10:{80.6 , 81.5 , 86.1 , 87.8 , 89.1 , 91.0 , 90.8 , 90.7 , 91.5 , 90.6 , 91.1 , 91.4 , 90.6 , 89.8 , 90.0}
2025-12-22 16:31:58,420 MambaPro.train INFO: best_Rank-10:{91.0}
2025-12-22 16:31:58,420 MambaPro.train INFO: history_Experts:{[0.00 , 0.00 , 0.00] , [0.00 , 0.00 , 0.00] , [0.00 , 0.00 , 0.00] , [0.00 , 0.00 , 0.00] , [0.00 , 0.00 , 0.00] , [0.00 , 0.00 , 0.00] , [0.00 , 0.00 , 0.00] , [0.00 , 0.00 , 0.00] , [0.00 , 0.00 , 0.00] , [0.00 , 0.00 , 0.00] , [0.00 , 0.00 , 0.00] , [0.00 , 0.00 , 0.00] , [0.00 , 0.00 , 0.00] , [0.00 , 0.00 , 0.00] , [0.00 , 0.00 , 0.00]}
2025-12-22 16:33:27,519 MambaPro.train INFO: Epoch 16 done. Time per batch: 0.759[s] Speed: 84.3[samples/s]
2025-12-22 16:35:01,667 MambaPro.train INFO: Validation Results - Epoch: 16
2025-12-22 16:35:01,667 MambaPro.train INFO: Current mAP: 77.5%
2025-12-22 16:35:01,667 MambaPro.train INFO: CMC curve, Rank-1  :90.0%
2025-12-22 16:35:01,667 MambaPro.train INFO: CMC curve, Rank-5  :91.0%
2025-12-22 16:35:01,667 MambaPro.train INFO: CMC curve, Rank-10 :92.0%
2025-12-22 16:35:01,667 MambaPro.train INFO: 🎯 New Best! Saving model...
2025-12-22 16:35:02,141 MambaPro.train INFO: [Epoch 16] 指标集合列表（历史）
2025-12-22 16:35:02,142 MambaPro.train INFO: history_mAP:{50.7 , 58.6 , 67.2 , 66.6 , 67.1 , 73.6 , 75.8 , 74.1 , 75.5 , 76.0 , 75.9 , 75.1 , 75.7 , 75.7 , 76.0 , 77.5}
2025-12-22 16:35:02,142 MambaPro.train INFO: best_mAP:{77.5}
2025-12-22 16:35:02,142 MambaPro.train INFO: history_Rank-1:{72.5 , 77.4 , 82.1 , 84.8 , 85.7 , 88.6 , 87.9 , 88.2 , 88.9 , 89.0 , 89.3 , 90.0 , 88.2 , 87.8 , 88.4}
2025-12-22 16:35:02,142 MambaPro.train INFO: best_Rank-1:{90.0}
2025-12-22 16:35:02,142 MambaPro.train INFO: history_Rank-5:{77.1 , 80.0 , 84.8 , 87.1 , 87.8 , 90.0 , 90.1 , 89.9 , 90.4 , 90.0 , 90.6 , 89.9 , 89.0 , 89.2 , 91.0}
2025-12-22 16:35:02,142 MambaPro.train INFO: best_Rank-5:{91.0}
2025-12-22 16:35:02,142 MambaPro.train INFO: history_Rank-10:{80.6 , 81.5 , 86.1 , 87.8 , 89.1 , 91.0 , 90.8 , 90.7 , 91.5 , 90.6 , 91.1 , 91.4 , 90.6 , 89.8 , 90.0 , 92.0}
2025-12-22 16:35:02,142 MambaPro.train INFO: best_Rank-10:{92.0}
2025-12-22 16:35:02,142 MambaPro.train INFO: history_Experts:{[0.00 , 0.00 , 0.00] , [0.00 , 0.00 , 0.00] , [0.00 , 0.00 , 0.00] , [0.00 , 0.00 , 0.00] , [0.00 , 0.00 , 0.00] , [0.00 , 0.00 , 0.00] , [0.00 , 0.00 , 0.00] , [0.00 , 0.00 , 0.00] , [0.00 , 0.00 , 0.00] , [0.00 , 0.00 , 0.00] , [0.00 , 0.00 , 0.00] , [0.00 , 0.00 , 0.00] , [0.00 , 0.00 , 0.00] , [0.00 , 0.00 , 0.00] , [0.00 , 0.00 , 0.00] , [0.00 , 0.00 , 0.00]}
2025-12-22 16:36:30,536 MambaPro.train INFO: Epoch 17 done. Time per batch: 0.760[s] Speed: 84.2[samples/s]
2025-12-22 16:38:04,858 MambaPro.train INFO: Validation Results - Epoch: 17
2025-12-22 16:38:04,859 MambaPro.train INFO: Current mAP: 77.2%
2025-12-22 16:38:04,859 MambaPro.train INFO: CMC curve, Rank-1  :89.5%
2025-12-22 16:38:04,859 MambaPro.train INFO: CMC curve, Rank-5  :90.8%
2025-12-22 16:38:04,859 MambaPro.train INFO: CMC curve, Rank-10 :91.7%
2025-12-22 16:38:04,859 MambaPro.train INFO: [Epoch 17] 指标集合列表（历史）
2025-12-22 16:38:04,859 MambaPro.train INFO: history_mAP:{50.7 , 58.6 , 67.2 , 66.6 , 67.1 , 73.6 , 75.8 , 74.1 , 75.5 , 76.0 , 75.9 , 75.1 , 75.7 , 75.7 , 76.0 , 77.5 , 77.2}
2025-12-22 16:38:04,859 MambaPro.train INFO: best_mAP:{77.5}
2025-12-22 16:38:04,859 MambaPro.train INFO: history_Rank-1:{72.5 , 77.4 , 82.1 , 84.8 , 85.7 , 88.6 , 87.9 , 88.2 , 88.9 , 89.0 , 89.3 , 90.0 , 88.2 , 87.8 , 88.4 , 89.5}
2025-12-22 16:38:04,859 MambaPro.train INFO: best_Rank-1:{90.0}
2025-12-22 16:38:04,859 MambaPro.train INFO: history_Rank-5:{77.1 , 80.0 , 84.8 , 87.1 , 87.8 , 90.0 , 90.1 , 89.9 , 90.4 , 90.0 , 90.6 , 89.9 , 89.0 , 89.2 , 91.0 , 90.8}
2025-12-22 16:38:04,859 MambaPro.train INFO: best_Rank-5:{91.0}
2025-12-22 16:38:04,859 MambaPro.train INFO: history_Rank-10:{80.6 , 81.5 , 86.1 , 87.8 , 89.1 , 91.0 , 90.8 , 90.7 , 91.5 , 90.6 , 91.1 , 91.4 , 90.6 , 89.8 , 90.0 , 92.0 , 91.7}
2025-12-22 16:38:04,859 MambaPro.train INFO: best_Rank-10:{92.0}
2025-12-22 16:38:04,859 MambaPro.train INFO: history_Experts:{[0.00 , 0.00 , 0.00] , [0.00 , 0.00 , 0.00] , [0.00 , 0.00 , 0.00] , [0.00 , 0.00 , 0.00] , [0.00 , 0.00 , 0.00] , [0.00 , 0.00 , 0.00] , [0.00 , 0.00 , 0.00] , [0.00 , 0.00 , 0.00] , [0.00 , 0.00 , 0.00] , [0.00 , 0.00 , 0.00] , [0.00 , 0.00 , 0.00] , [0.00 , 0.00 , 0.00] , [0.00 , 0.00 , 0.00] , [0.00 , 0.00 , 0.00] , [0.00 , 0.00 , 0.00] , [0.00 , 0.00 , 0.00] , [0.00 , 0.00 , 0.00]}
2025-12-22 16:39:32,913 MambaPro.train INFO: Epoch 18 done. Time per batch: 0.763[s] Speed: 83.8[samples/s]
2025-12-22 16:41:07,347 MambaPro.train INFO: Validation Results - Epoch: 18
2025-12-22 16:41:07,347 MambaPro.train INFO: Current mAP: 77.4%
2025-12-22 16:41:07,347 MambaPro.train INFO: CMC curve, Rank-1  :90.4%
2025-12-22 16:41:07,347 MambaPro.train INFO: CMC curve, Rank-5  :91.5%
2025-12-22 16:41:07,347 MambaPro.train INFO: CMC curve, Rank-10 :92.4%
2025-12-22 16:41:07,347 MambaPro.train INFO: [Epoch 18] 指标集合列表（历史）
2025-12-22 16:41:07,347 MambaPro.train INFO: history_mAP:{50.7 , 58.6 , 67.2 , 66.6 , 67.1 , 73.6 , 75.8 , 74.1 , 75.5 , 76.0 , 75.9 , 75.1 , 75.7 , 75.7 , 76.0 , 77.5 , 77.2 , 77.4}
2025-12-22 16:41:07,347 MambaPro.train INFO: best_mAP:{77.5}
2025-12-22 16:41:07,347 MambaPro.train INFO: history_Rank-1:{72.5 , 77.4 , 82.1 , 84.8 , 85.7 , 88.6 , 87.9 , 88.2 , 88.9 , 89.0 , 89.3 , 90.0 , 88.2 , 87.8 , 88.4 , 89.5 , 90.4}
2025-12-22 16:41:07,347 MambaPro.train INFO: best_Rank-1:{90.0}
2025-12-22 16:41:07,347 MambaPro.train INFO: history_Rank-5:{77.1 , 80.0 , 84.8 , 87.1 , 87.8 , 90.0 , 90.1 , 89.9 , 90.4 , 90.0 , 90.6 , 89.9 , 89.0 , 89.2 , 91.0 , 90.8 , 91.5}
2025-12-22 16:41:07,347 MambaPro.train INFO: best_Rank-5:{91.0}
2025-12-22 16:41:07,347 MambaPro.train INFO: history_Rank-10:{80.6 , 81.5 , 86.1 , 87.8 , 89.1 , 91.0 , 90.8 , 90.7 , 91.5 , 90.6 , 91.1 , 91.4 , 90.6 , 89.8 , 90.0 , 92.0 , 91.7 , 92.4}
2025-12-22 16:41:07,347 MambaPro.train INFO: best_Rank-10:{92.0}
2025-12-22 16:41:07,347 MambaPro.train INFO: history_Experts:{[0.00 , 0.00 , 0.00] , [0.00 , 0.00 , 0.00] , [0.00 , 0.00 , 0.00] , [0.00 , 0.00 , 0.00] , [0.00 , 0.00 , 0.00] , [0.00 , 0.00 , 0.00] , [0.00 , 0.00 , 0.00] , [0.00 , 0.00 , 0.00] , [0.00 , 0.00 , 0.00] , [0.00 , 0.00 , 0.00] , [0.00 , 0.00 , 0.00] , [0.00 , 0.00 , 0.00] , [0.00 , 0.00 , 0.00] , [0.00 , 0.00 , 0.00] , [0.00 , 0.00 , 0.00] , [0.00 , 0.00 , 0.00] , [0.00 , 0.00 , 0.00] , [0.00 , 0.00 , 0.00]}
