2025-12-12 10:55:38,759 MambaPro INFO: ================================================================================
2025-12-12 10:55:38,760 MambaPro INFO: 🧾 实验参数快照（命令行 + 最终配置）
2025-12-12 10:55:38,760 MambaPro INFO: ================================================================================
2025-12-12 10:55:38,760 MambaPro INFO: 【复现实验命令】
2025-12-12 10:55:38,760 MambaPro INFO: /home/zubuntu/miniconda/envs/MambaPro/bin/python train_net.py --config_file mybest_model/experiment_20251013_110028/configs/experiment_config.yml OUTPUT_DIR ./outputs/replay_best_tml
2025-12-12 10:55:38,760 MambaPro INFO: 【命令行参数（args）】
2025-12-12 10:55:38,760 MambaPro INFO: {
2025-12-12 10:55:38,760 MambaPro INFO:   "config_file": "mybest_model/experiment_20251013_110028/configs/experiment_config.yml",
2025-12-12 10:55:38,760 MambaPro INFO:   "fea_cft": 0,
2025-12-12 10:55:38,760 MambaPro INFO:   "opts": [
2025-12-12 10:55:38,760 MambaPro INFO:     "OUTPUT_DIR",
2025-12-12 10:55:38,760 MambaPro INFO:     "./outputs/replay_best_tml"
2025-12-12 10:55:38,760 MambaPro INFO:   ],
2025-12-12 10:55:38,760 MambaPro INFO:   "local_rank": 0,
2025-12-12 10:55:38,760 MambaPro INFO:   "use_multi_scale": false,
2025-12-12 10:55:38,760 MambaPro INFO:   "no_multi_scale": false,
2025-12-12 10:55:38,760 MambaPro INFO:   "use_moe": false,
2025-12-12 10:55:38,760 MambaPro INFO:   "disable_moe": false,
2025-12-12 10:55:38,760 MambaPro INFO:   "no_moe": false,
2025-12-12 10:55:38,760 MambaPro INFO:   "use_attention": false,
2025-12-12 10:55:38,760 MambaPro INFO:   "disable_attention": false,
2025-12-12 10:55:38,760 MambaPro INFO:   "attention_heads": 8,
2025-12-12 10:55:38,760 MambaPro INFO:   "attention_dropout": 0.1
2025-12-12 10:55:38,760 MambaPro INFO: }
2025-12-12 10:55:38,760 MambaPro INFO: 【工作目录】/home/zubuntu/workspace/yzy/MambaPro
2025-12-12 10:55:38,760 MambaPro INFO: 【最终配置（YAML）】
2025-12-12 10:55:38,763 MambaPro INFO: DATALOADER:
2025-12-12 10:55:38,763 MambaPro INFO:   NUM_INSTANCE: 8
2025-12-12 10:55:38,763 MambaPro INFO:   NUM_WORKERS: 8
2025-12-12 10:55:38,763 MambaPro INFO:   SAMPLER: softmax_triplet
2025-12-12 10:55:38,763 MambaPro INFO: DATASETS:
2025-12-12 10:55:38,763 MambaPro INFO:   NAMES: RGBNT201
2025-12-12 10:55:38,763 MambaPro INFO:   ROOT_DIR: /home/zubuntu/workspace/yzy/MambaPro/data/
2025-12-12 10:55:38,763 MambaPro INFO: INPUT:
2025-12-12 10:55:38,763 MambaPro INFO:   PADDING: 10
2025-12-12 10:55:38,763 MambaPro INFO:   PIXEL_MEAN:
2025-12-12 10:55:38,763 MambaPro INFO:   - 0.5
2025-12-12 10:55:38,763 MambaPro INFO:   - 0.5
2025-12-12 10:55:38,763 MambaPro INFO:   - 0.5
2025-12-12 10:55:38,763 MambaPro INFO:   PIXEL_STD:
2025-12-12 10:55:38,763 MambaPro INFO:   - 0.5
2025-12-12 10:55:38,763 MambaPro INFO:   - 0.5
2025-12-12 10:55:38,763 MambaPro INFO:   - 0.5
2025-12-12 10:55:38,763 MambaPro INFO:   PROB: 0.5
2025-12-12 10:55:38,763 MambaPro INFO:   RE_PROB: 0.5
2025-12-12 10:55:38,763 MambaPro INFO:   SIZE_TEST:
2025-12-12 10:55:38,763 MambaPro INFO:   - 256
2025-12-12 10:55:38,763 MambaPro INFO:   - 128
2025-12-12 10:55:38,763 MambaPro INFO:   SIZE_TRAIN:
2025-12-12 10:55:38,763 MambaPro INFO:   - 256
2025-12-12 10:55:38,763 MambaPro INFO:   - 128
2025-12-12 10:55:38,763 MambaPro INFO: MODEL:
2025-12-12 10:55:38,763 MambaPro INFO:   ADAPTER: true
2025-12-12 10:55:38,763 MambaPro INFO:   ATTENTION_DIM: 512
2025-12-12 10:55:38,763 MambaPro INFO:   ATTENTION_DROPOUT: 0.1
2025-12-12 10:55:38,763 MambaPro INFO:   ATTENTION_NUM_HEADS: 8
2025-12-12 10:55:38,763 MambaPro INFO:   ATT_DROP_RATE: 0.0
2025-12-12 10:55:38,763 MambaPro INFO:   CLIP_MULTI_SCALE_SCALES:
2025-12-12 10:55:38,763 MambaPro INFO:   - 4
2025-12-12 10:55:38,763 MambaPro INFO:   - 8
2025-12-12 10:55:38,763 MambaPro INFO:   - 16
2025-12-12 10:55:38,763 MambaPro INFO:   DEVICE: cuda
2025-12-12 10:55:38,763 MambaPro INFO:   DEVICE_ID: '0'
2025-12-12 10:55:38,763 MambaPro INFO:   DIRECT: 1
2025-12-12 10:55:38,763 MambaPro INFO:   DIST_TRAIN: false
2025-12-12 10:55:38,763 MambaPro INFO:   DROP_OUT: 0.0
2025-12-12 10:55:38,763 MambaPro INFO:   DROP_PATH: 0.1
2025-12-12 10:55:38,763 MambaPro INFO:   FLOPS_TEST: false
2025-12-12 10:55:38,763 MambaPro INFO:   FROZEN: true
2025-12-12 10:55:38,763 MambaPro INFO:   GATE_DROPOUT: 0.1
2025-12-12 10:55:38,763 MambaPro INFO:   ID_LOSS_TYPE: softmax
2025-12-12 10:55:38,763 MambaPro INFO:   ID_LOSS_WEIGHT: 0.25
2025-12-12 10:55:38,763 MambaPro INFO:   IF_LABELSMOOTH: 'on'
2025-12-12 10:55:38,763 MambaPro INFO:   IF_WITH_CENTER: 'no'
2025-12-12 10:55:38,763 MambaPro INFO:   LAYER: -1
2025-12-12 10:55:38,763 MambaPro INFO:   MAMBA: true
2025-12-12 10:55:38,763 MambaPro INFO:   MAMBA_BI: false
2025-12-12 10:55:38,763 MambaPro INFO:   METRIC_LOSS_TYPE: triplet
2025-12-12 10:55:38,763 MambaPro INFO:   MOE_BALANCE_LOSS_WEIGHT: 0.01
2025-12-12 10:55:38,763 MambaPro INFO:   MOE_DIVERSITY_LOSS_WEIGHT: 0.01
2025-12-12 10:55:38,763 MambaPro INFO:   MOE_EXPERT_DROPOUT: 0.1
2025-12-12 10:55:38,763 MambaPro INFO:   MOE_EXPERT_HIDDEN_DIM: 1024
2025-12-12 10:55:38,763 MambaPro INFO:   MOE_EXPERT_LAYERS: 2
2025-12-12 10:55:38,763 MambaPro INFO:   MOE_EXPERT_THRESHOLD: 0.1
2025-12-12 10:55:38,763 MambaPro INFO:   MOE_FIXED_WEIGHTS:
2025-12-12 10:55:38,763 MambaPro INFO:   - 0.33
2025-12-12 10:55:38,763 MambaPro INFO:   - 0.33
2025-12-12 10:55:38,763 MambaPro INFO:   - 0.34
2025-12-12 10:55:38,763 MambaPro INFO:   MOE_GATE_DROPOUT: 0.1
2025-12-12 10:55:38,763 MambaPro INFO:   MOE_GATE_LAYERS: 2
2025-12-12 10:55:38,763 MambaPro INFO:   MOE_INIT_WEIGHTS: null
2025-12-12 10:55:38,763 MambaPro INFO:   MOE_NUM_EXPERTS: 3
2025-12-12 10:55:38,763 MambaPro INFO:   MOE_RESIDUAL_WEIGHT: 1.0
2025-12-12 10:55:38,763 MambaPro INFO:   MOE_SCALES:
2025-12-12 10:55:38,763 MambaPro INFO:   - 4
2025-12-12 10:55:38,764 MambaPro INFO:   - 8
2025-12-12 10:55:38,764 MambaPro INFO:   - 16
2025-12-12 10:55:38,764 MambaPro INFO:   MOE_SPARSITY_LOSS_WEIGHT: 0.001
2025-12-12 10:55:38,764 MambaPro INFO:   MOE_TEMPERATURE: 0.7
2025-12-12 10:55:38,764 MambaPro INFO:   MOE_TOP_K: 2
2025-12-12 10:55:38,764 MambaPro INFO:   MOE_TOP_K_MODE: soft
2025-12-12 10:55:38,764 MambaPro INFO:   MOE_USE_FIXED_WEIGHTS: false
2025-12-12 10:55:38,764 MambaPro INFO:   MOE_USE_TOP_K_ROUTING: false
2025-12-12 10:55:38,764 MambaPro INFO:   MULTI_SCALE_SCALES:
2025-12-12 10:55:38,764 MambaPro INFO:   - 4
2025-12-12 10:55:38,764 MambaPro INFO:   - 8
2025-12-12 10:55:38,764 MambaPro INFO:   - 16
2025-12-12 10:55:38,764 MambaPro INFO:   NAME: MambaPro
2025-12-12 10:55:38,764 MambaPro INFO:   NECK: bnneck
2025-12-12 10:55:38,764 MambaPro INFO:   NO_MARGIN: true
2025-12-12 10:55:38,764 MambaPro INFO:   PREFIX_NUM: 1
2025-12-12 10:55:38,764 MambaPro INFO:   PRETRAIN_PATH_T: /home/zubuntu/workspace/yzy/MambaPro/pths/ViT-B-16.pt
2025-12-12 10:55:38,764 MambaPro INFO:   PROMPT: true
2025-12-12 10:55:38,764 MambaPro INFO:   SIE_CAMERA: true
2025-12-12 10:55:38,764 MambaPro INFO:   SIE_COE: 1.0
2025-12-12 10:55:38,764 MambaPro INFO:   SIE_VIEW: false
2025-12-12 10:55:38,764 MambaPro INFO:   STRIDE_SIZE:
2025-12-12 10:55:38,764 MambaPro INFO:   - 16
2025-12-12 10:55:38,764 MambaPro INFO:   - 16
2025-12-12 10:55:38,764 MambaPro INFO:   TRANSFORMER_TYPE: ViT-B-16
2025-12-12 10:55:38,764 MambaPro INFO:   TRIPLET_LOSS_WEIGHT: 1.0
2025-12-12 10:55:38,764 MambaPro INFO:   USE_ATTENTION_FUSION: false
2025-12-12 10:55:38,764 MambaPro INFO:   USE_CLIP_MULTI_SCALE: true
2025-12-12 10:55:38,764 MambaPro INFO:   USE_GATE_FUSION: false
2025-12-12 10:55:38,764 MambaPro INFO:   USE_MULTI_SCALE: false
2025-12-12 10:55:38,764 MambaPro INFO:   USE_MULTI_SCALE_MOE: true
2025-12-12 10:55:38,764 MambaPro INFO: OUTPUT_DIR: ./outputs/replay_best_tml/run_20251212_105538
2025-12-12 10:55:38,764 MambaPro INFO: SOLVER:
2025-12-12 10:55:38,764 MambaPro INFO:   BASE_LR: 0.0005
2025-12-12 10:55:38,764 MambaPro INFO:   BIAS_LR_FACTOR: 2
2025-12-12 10:55:38,764 MambaPro INFO:   CENTER_LOSS_WEIGHT: 0.0005
2025-12-12 10:55:38,764 MambaPro INFO:   CENTER_LR: 0.5
2025-12-12 10:55:38,764 MambaPro INFO:   CHECKPOINT_PERIOD: 10
2025-12-12 10:55:38,764 MambaPro INFO:   CLUSTER_MARGIN: 0.3
2025-12-12 10:55:38,764 MambaPro INFO:   COSINE_MARGIN: 0.5
2025-12-12 10:55:38,764 MambaPro INFO:   COSINE_SCALE: 30
2025-12-12 10:55:38,764 MambaPro INFO:   EVAL_PERIOD: 5
2025-12-12 10:55:38,764 MambaPro INFO:   GAMMA: 0.1
2025-12-12 10:55:38,764 MambaPro INFO:   IMS_PER_BATCH: 32
2025-12-12 10:55:38,764 MambaPro INFO:   LARGE_FC_LR: false
2025-12-12 10:55:38,764 MambaPro INFO:   LOG_PERIOD: 10
2025-12-12 10:55:38,764 MambaPro INFO:   MARGIN: 0.3
2025-12-12 10:55:38,764 MambaPro INFO:   MAX_EPOCHS: 60
2025-12-12 10:55:38,764 MambaPro INFO:   MOE_BALANCE_LOSS_WEIGHT: 0.001
2025-12-12 10:55:38,764 MambaPro INFO:   MOE_BALANCE_LOSS_WEIGHT_END: 0.1
2025-12-12 10:55:38,764 MambaPro INFO:   MOE_BALANCE_LOSS_WEIGHT_START: 0.001
2025-12-12 10:55:38,764 MambaPro INFO:   MOE_BALANCE_THRESHOLD: 0.3
2025-12-12 10:55:38,764 MambaPro INFO:   MOE_DIVERSITY_LOSS_WEIGHT: 0.001
2025-12-12 10:55:38,764 MambaPro INFO:   MOE_DIVERSITY_LOSS_WEIGHT_END: 0.1
2025-12-12 10:55:38,764 MambaPro INFO:   MOE_DIVERSITY_LOSS_WEIGHT_START: 0.001
2025-12-12 10:55:38,764 MambaPro INFO:   MOE_GATE_LR_FACTOR: 0.01
2025-12-12 10:55:38,764 MambaPro INFO:   MOE_LOSS_WEIGHT_SCHEDULE_TYPE: cosine
2025-12-12 10:55:38,764 MambaPro INFO:   MOE_LOSS_WEIGHT_WARMUP_EPOCHS: 5
2025-12-12 10:55:38,764 MambaPro INFO:   MOE_SPARSITY_LOSS_WEIGHT: 0.0001
2025-12-12 10:55:38,764 MambaPro INFO:   MOE_USE_DYNAMIC_LOSS_WEIGHT: false
2025-12-12 10:55:38,764 MambaPro INFO:   MOMENTUM: 0.9
2025-12-12 10:55:38,764 MambaPro INFO:   OPTIMIZER_NAME: Adam
2025-12-12 10:55:38,764 MambaPro INFO:   RANGE_ALPHA: 0
2025-12-12 10:55:38,764 MambaPro INFO:   RANGE_BETA: 1
2025-12-12 10:55:38,764 MambaPro INFO:   RANGE_K: 2
2025-12-12 10:55:38,764 MambaPro INFO:   RANGE_LOSS_WEIGHT: 1
2025-12-12 10:55:38,764 MambaPro INFO:   RANGE_MARGIN: 0.3
2025-12-12 10:55:38,764 MambaPro INFO:   SEED: 42
2025-12-12 10:55:38,764 MambaPro INFO:   STEPS:
2025-12-12 10:55:38,764 MambaPro INFO:   - 30
2025-12-12 10:55:38,764 MambaPro INFO:   - 50
2025-12-12 10:55:38,764 MambaPro INFO:   WARMUP_FACTOR: 0.01
2025-12-12 10:55:38,764 MambaPro INFO:   WARMUP_ITERS: 20
2025-12-12 10:55:38,764 MambaPro INFO:   WARMUP_METHOD: linear
2025-12-12 10:55:38,764 MambaPro INFO:   WEIGHT_DECAY: 0.0005
2025-12-12 10:55:38,764 MambaPro INFO:   WEIGHT_DECAY_BIAS: 0.0005
2025-12-12 10:55:38,764 MambaPro INFO: TEST:
2025-12-12 10:55:38,764 MambaPro INFO:   FEAT: 0
2025-12-12 10:55:38,764 MambaPro INFO:   FEAT_NORM: 'yes'
2025-12-12 10:55:38,764 MambaPro INFO:   IMS_PER_BATCH: 64
2025-12-12 10:55:38,764 MambaPro INFO:   MISS: nothing
2025-12-12 10:55:38,764 MambaPro INFO:   NECK_FEAT: after
2025-12-12 10:55:38,764 MambaPro INFO:   RE_RANKING: 'no'
2025-12-12 10:55:38,764 MambaPro INFO:   WEIGHT: /home/zubuntu/workspace/yzy/MambaPro/pths/MambaProbest.pth
2025-12-12 10:55:38,764 MambaPro INFO: ================================================================================
2025-12-12 10:55:40,876 MambaPro.train INFO: start training
2025-12-12 10:56:01,058 MambaPro.train INFO: Epoch 1 done. Time per batch: 0.188[s] Speed: 169.8[samples/s]
2025-12-12 10:56:20,914 MambaPro.train INFO: Epoch 2 done. Time per batch: 0.186[s] Speed: 172.4[samples/s]
2025-12-12 10:56:40,852 MambaPro.train INFO: Epoch 3 done. Time per batch: 0.186[s] Speed: 171.7[samples/s]
2025-12-12 10:57:00,772 MambaPro.train INFO: Epoch 4 done. Time per batch: 0.186[s] Speed: 171.9[samples/s]
2025-12-12 10:57:20,621 MambaPro.train INFO: Epoch 5 done. Time per batch: 0.186[s] Speed: 172.5[samples/s]
2025-12-12 10:57:28,176 MambaPro.train INFO: Validation Results - Epoch: 5
2025-12-12 10:57:28,176 MambaPro.train INFO: Current mAP: 40.0%
2025-12-12 10:57:28,176 MambaPro.train INFO: CMC curve, Rank-1  :46.8%
2025-12-12 10:57:28,176 MambaPro.train INFO: CMC curve, Rank-5  :61.8%
2025-12-12 10:57:28,176 MambaPro.train INFO: CMC curve, Rank-10 :68.9%
2025-12-12 10:57:28,177 MambaPro.train INFO: 🎯 New Best! Saving model...
2025-12-12 10:57:28,573 MambaPro.train INFO: [Epoch 5] 指标集合列表（历史）
2025-12-12 10:57:28,573 MambaPro.train INFO: history_mAP:{40.0}
2025-12-12 10:57:28,573 MambaPro.train INFO: best_mAP:{40.0}
2025-12-12 10:57:28,574 MambaPro.train INFO: history_Rank-1:{46.8}
2025-12-12 10:57:28,574 MambaPro.train INFO: best_Rank-1:{46.8}
2025-12-12 10:57:28,574 MambaPro.train INFO: history_Rank-5:{61.8}
2025-12-12 10:57:28,574 MambaPro.train INFO: best_Rank-5:{61.8}
2025-12-12 10:57:28,574 MambaPro.train INFO: history_Rank-10:{68.9}
2025-12-12 10:57:28,574 MambaPro.train INFO: best_Rank-10:{68.9}
2025-12-12 10:57:28,574 MambaPro.train INFO: history_Experts:{[0.35 , 0.34 , 0.31]}
2025-12-12 10:57:28,574 MambaPro.train INFO: best_Experts:{[0.35 , 0.34 , 0.31]}
2025-12-12 10:57:28,574 MambaPro.train INFO: 🔥 MoE损失(Val): 平衡=0.0000, 稀疏性=0.9986, 多样性=2.6553, 总=0.0028 (权重: 平衡=0.001, 稀疏性=0.000, 多样性=0.001)
2025-12-12 10:57:28,574 MambaPro.train INFO:    📊 专家权重分布(Val): [0.35 , 0.34 , 0.31]
2025-12-12 10:57:48,589 MambaPro.train INFO: Epoch 6 done. Time per batch: 0.186[s] Speed: 172.2[samples/s]
2025-12-12 10:58:08,477 MambaPro.train INFO: Epoch 7 done. Time per batch: 0.186[s] Speed: 172.2[samples/s]
2025-12-12 10:58:28,373 MambaPro.train INFO: Epoch 8 done. Time per batch: 0.186[s] Speed: 172.1[samples/s]
2025-12-12 10:58:48,352 MambaPro.train INFO: Epoch 9 done. Time per batch: 0.187[s] Speed: 171.4[samples/s]
2025-12-12 10:59:08,316 MambaPro.train INFO: Epoch 10 done. Time per batch: 0.187[s] Speed: 171.5[samples/s]
2025-12-12 10:59:16,251 MambaPro.train INFO: Validation Results - Epoch: 10
2025-12-12 10:59:16,251 MambaPro.train INFO: Current mAP: 58.4%
2025-12-12 10:59:16,251 MambaPro.train INFO: CMC curve, Rank-1  :60.6%
2025-12-12 10:59:16,251 MambaPro.train INFO: CMC curve, Rank-5  :76.3%
2025-12-12 10:59:16,251 MambaPro.train INFO: CMC curve, Rank-10 :83.0%
2025-12-12 10:59:16,252 MambaPro.train INFO: 🎯 New Best! Saving model...
2025-12-12 10:59:16,909 MambaPro.train INFO: [Epoch 10] 指标集合列表（历史）
2025-12-12 10:59:16,909 MambaPro.train INFO: history_mAP:{40.0 , 58.4}
2025-12-12 10:59:16,909 MambaPro.train INFO: best_mAP:{58.4}
2025-12-12 10:59:16,909 MambaPro.train INFO: history_Rank-1:{46.8 , 60.6}
2025-12-12 10:59:16,909 MambaPro.train INFO: best_Rank-1:{60.6}
2025-12-12 10:59:16,909 MambaPro.train INFO: history_Rank-5:{61.8 , 76.3}
2025-12-12 10:59:16,909 MambaPro.train INFO: best_Rank-5:{76.3}
2025-12-12 10:59:16,909 MambaPro.train INFO: history_Rank-10:{68.9 , 83.0}
2025-12-12 10:59:16,909 MambaPro.train INFO: best_Rank-10:{83.0}
2025-12-12 10:59:16,909 MambaPro.train INFO: history_Experts:{[0.35 , 0.34 , 0.31] , [0.36 , 0.34 , 0.29]}
2025-12-12 10:59:16,909 MambaPro.train INFO: best_Experts:{[0.36 , 0.34 , 0.29]}
2025-12-12 10:59:16,909 MambaPro.train INFO: 🔥 MoE损失(Val): 平衡=0.0000, 稀疏性=0.9963, 多样性=2.6374, 总=0.0027 (权重: 平衡=0.001, 稀疏性=0.000, 多样性=0.001)
2025-12-12 10:59:16,909 MambaPro.train INFO:    📊 专家权重分布(Val): [0.36 , 0.34 , 0.29]
2025-12-12 10:59:36,795 MambaPro.train INFO: Epoch 11 done. Time per batch: 0.186[s] Speed: 171.7[samples/s]
2025-12-12 10:59:56,836 MambaPro.train INFO: Epoch 12 done. Time per batch: 0.187[s] Speed: 170.8[samples/s]
2025-12-12 11:00:16,776 MambaPro.train INFO: Epoch 13 done. Time per batch: 0.186[s] Speed: 171.7[samples/s]
2025-12-12 11:00:36,689 MambaPro.train INFO: Epoch 14 done. Time per batch: 0.186[s] Speed: 172.0[samples/s]
2025-12-12 11:00:56,611 MambaPro.train INFO: Epoch 15 done. Time per batch: 0.186[s] Speed: 171.9[samples/s]
2025-12-12 11:01:04,154 MambaPro.train INFO: Validation Results - Epoch: 15
2025-12-12 11:01:04,154 MambaPro.train INFO: Current mAP: 60.1%
2025-12-12 11:01:04,154 MambaPro.train INFO: CMC curve, Rank-1  :63.4%
2025-12-12 11:01:04,154 MambaPro.train INFO: CMC curve, Rank-5  :79.2%
2025-12-12 11:01:04,154 MambaPro.train INFO: CMC curve, Rank-10 :85.5%
2025-12-12 11:01:04,155 MambaPro.train INFO: 🎯 New Best! Saving model...
2025-12-12 11:01:04,799 MambaPro.train INFO: [Epoch 15] 指标集合列表（历史）
2025-12-12 11:01:04,800 MambaPro.train INFO: history_mAP:{40.0 , 58.4 , 60.1}
2025-12-12 11:01:04,800 MambaPro.train INFO: best_mAP:{60.1}
2025-12-12 11:01:04,800 MambaPro.train INFO: history_Rank-1:{46.8 , 60.6 , 63.4}
2025-12-12 11:01:04,800 MambaPro.train INFO: best_Rank-1:{63.4}
2025-12-12 11:01:04,800 MambaPro.train INFO: history_Rank-5:{61.8 , 76.3 , 79.2}
2025-12-12 11:01:04,800 MambaPro.train INFO: best_Rank-5:{79.2}
2025-12-12 11:01:04,800 MambaPro.train INFO: history_Rank-10:{68.9 , 83.0 , 85.5}
2025-12-12 11:01:04,800 MambaPro.train INFO: best_Rank-10:{85.5}
2025-12-12 11:01:04,800 MambaPro.train INFO: history_Experts:{[0.35 , 0.34 , 0.31] , [0.36 , 0.34 , 0.29] , [0.39 , 0.35 , 0.26]}
2025-12-12 11:01:04,800 MambaPro.train INFO: best_Experts:{[0.39 , 0.35 , 0.26]}
2025-12-12 11:01:04,800 MambaPro.train INFO: 🔥 MoE损失(Val): 平衡=0.0000, 稀疏性=0.9873, 多样性=2.5678, 总=0.0027 (权重: 平衡=0.001, 稀疏性=0.000, 多样性=0.001)
2025-12-12 11:01:04,800 MambaPro.train INFO:    📊 专家权重分布(Val): [0.39 , 0.35 , 0.26]
2025-12-12 11:01:24,895 MambaPro.train INFO: Epoch 16 done. Time per batch: 0.187[s] Speed: 171.6[samples/s]
2025-12-12 11:01:44,870 MambaPro.train INFO: Epoch 17 done. Time per batch: 0.187[s] Speed: 171.4[samples/s]
2025-12-12 11:02:04,666 MambaPro.train INFO: Epoch 18 done. Time per batch: 0.187[s] Speed: 171.4[samples/s]
2025-12-12 11:02:24,585 MambaPro.train INFO: Epoch 19 done. Time per batch: 0.186[s] Speed: 171.9[samples/s]
2025-12-12 11:02:44,521 MambaPro.train INFO: Epoch 20 done. Time per batch: 0.186[s] Speed: 171.8[samples/s]
2025-12-12 11:02:52,426 MambaPro.train INFO: Validation Results - Epoch: 20
2025-12-12 11:02:52,426 MambaPro.train INFO: Current mAP: 64.5%
2025-12-12 11:02:52,426 MambaPro.train INFO: CMC curve, Rank-1  :68.3%
2025-12-12 11:02:52,426 MambaPro.train INFO: CMC curve, Rank-5  :79.9%
2025-12-12 11:02:52,426 MambaPro.train INFO: CMC curve, Rank-10 :86.1%
2025-12-12 11:02:52,427 MambaPro.train INFO: 🎯 New Best! Saving model...
2025-12-12 11:02:53,080 MambaPro.train INFO: [Epoch 20] 指标集合列表（历史）
2025-12-12 11:02:53,081 MambaPro.train INFO: history_mAP:{40.0 , 58.4 , 60.1 , 64.5}
2025-12-12 11:02:53,081 MambaPro.train INFO: best_mAP:{64.5}
2025-12-12 11:02:53,081 MambaPro.train INFO: history_Rank-1:{46.8 , 60.6 , 63.4 , 68.3}
2025-12-12 11:02:53,081 MambaPro.train INFO: best_Rank-1:{68.3}
2025-12-12 11:02:53,081 MambaPro.train INFO: history_Rank-5:{61.8 , 76.3 , 79.2 , 79.9}
2025-12-12 11:02:53,081 MambaPro.train INFO: best_Rank-5:{79.9}
2025-12-12 11:02:53,081 MambaPro.train INFO: history_Rank-10:{68.9 , 83.0 , 85.5 , 86.1}
2025-12-12 11:02:53,081 MambaPro.train INFO: best_Rank-10:{86.1}
2025-12-12 11:02:53,081 MambaPro.train INFO: history_Experts:{[0.35 , 0.34 , 0.31] , [0.36 , 0.34 , 0.29] , [0.39 , 0.35 , 0.26] , [0.55 , 0.28 , 0.17]}
2025-12-12 11:02:53,081 MambaPro.train INFO: best_Experts:{[0.55 , 0.28 , 0.17]}
2025-12-12 11:02:53,081 MambaPro.train INFO: 🔥 MoE损失(Val): 平衡=0.0522, 稀疏性=0.8859, 多样性=1.9235, 总=0.0021 (权重: 平衡=0.001, 稀疏性=0.000, 多样性=0.001)
2025-12-12 11:02:53,081 MambaPro.train INFO:    📊 专家权重分布(Val): [0.55 , 0.28 , 0.17]
2025-12-12 11:03:13,057 MambaPro.train INFO: Epoch 21 done. Time per batch: 0.187[s] Speed: 171.0[samples/s]
2025-12-12 11:03:33,070 MambaPro.train INFO: Epoch 22 done. Time per batch: 0.187[s] Speed: 171.1[samples/s]
2025-12-12 11:03:53,052 MambaPro.train INFO: Epoch 23 done. Time per batch: 0.187[s] Speed: 171.4[samples/s]
2025-12-12 11:04:12,973 MambaPro.train INFO: Epoch 24 done. Time per batch: 0.186[s] Speed: 171.9[samples/s]
2025-12-12 11:04:32,782 MambaPro.train INFO: Epoch 25 done. Time per batch: 0.187[s] Speed: 171.2[samples/s]
2025-12-12 11:04:40,266 MambaPro.train INFO: Validation Results - Epoch: 25
2025-12-12 11:04:40,267 MambaPro.train INFO: Current mAP: 67.8%
2025-12-12 11:04:40,267 MambaPro.train INFO: CMC curve, Rank-1  :69.5%
2025-12-12 11:04:40,267 MambaPro.train INFO: CMC curve, Rank-5  :82.3%
2025-12-12 11:04:40,267 MambaPro.train INFO: CMC curve, Rank-10 :88.3%
2025-12-12 11:04:40,267 MambaPro.train INFO: 🎯 New Best! Saving model...
2025-12-12 11:04:40,891 MambaPro.train INFO: [Epoch 25] 指标集合列表（历史）
2025-12-12 11:04:40,892 MambaPro.train INFO: history_mAP:{40.0 , 58.4 , 60.1 , 64.5 , 67.8}
2025-12-12 11:04:40,892 MambaPro.train INFO: best_mAP:{67.8}
2025-12-12 11:04:40,892 MambaPro.train INFO: history_Rank-1:{46.8 , 60.6 , 63.4 , 68.3 , 69.5}
2025-12-12 11:04:40,892 MambaPro.train INFO: best_Rank-1:{69.5}
2025-12-12 11:04:40,892 MambaPro.train INFO: history_Rank-5:{61.8 , 76.3 , 79.2 , 79.9 , 82.3}
2025-12-12 11:04:40,892 MambaPro.train INFO: best_Rank-5:{82.3}
2025-12-12 11:04:40,892 MambaPro.train INFO: history_Rank-10:{68.9 , 83.0 , 85.5 , 86.1 , 88.3}
2025-12-12 11:04:40,892 MambaPro.train INFO: best_Rank-10:{88.3}
2025-12-12 11:04:40,892 MambaPro.train INFO: history_Experts:{[0.35 , 0.34 , 0.31] , [0.36 , 0.34 , 0.29] , [0.39 , 0.35 , 0.26] , [0.55 , 0.28 , 0.17] , [0.78 , 0.13 , 0.09]}
2025-12-12 11:04:40,892 MambaPro.train INFO: best_Experts:{[0.78 , 0.13 , 0.09]}
2025-12-12 11:04:40,892 MambaPro.train INFO: 🔥 MoE损失(Val): 平衡=0.4524, 稀疏性=0.5512, 多样性=0.7746, 总=0.0013 (权重: 平衡=0.001, 稀疏性=0.000, 多样性=0.001)
2025-12-12 11:04:40,892 MambaPro.train INFO:    📊 专家权重分布(Val): [0.78 , 0.13 , 0.09]
2025-12-12 11:05:01,029 MambaPro.train INFO: Epoch 26 done. Time per batch: 0.187[s] Speed: 171.2[samples/s]
2025-12-12 11:05:21,018 MambaPro.train INFO: Epoch 27 done. Time per batch: 0.187[s] Speed: 171.3[samples/s]
2025-12-12 11:05:41,082 MambaPro.train INFO: Epoch 28 done. Time per batch: 0.188[s] Speed: 170.7[samples/s]
2025-12-12 11:06:02,101 MambaPro.train INFO: Epoch 29 done. Time per batch: 0.196[s] Speed: 162.9[samples/s]
2025-12-12 11:06:22,105 MambaPro.train INFO: Epoch 30 done. Time per batch: 0.187[s] Speed: 171.2[samples/s]
2025-12-12 11:06:30,003 MambaPro.train INFO: Validation Results - Epoch: 30
2025-12-12 11:06:30,003 MambaPro.train INFO: Current mAP: 72.6%
2025-12-12 11:06:30,003 MambaPro.train INFO: CMC curve, Rank-1  :76.3%
2025-12-12 11:06:30,003 MambaPro.train INFO: CMC curve, Rank-5  :84.9%
2025-12-12 11:06:30,003 MambaPro.train INFO: CMC curve, Rank-10 :89.5%
2025-12-12 11:06:30,004 MambaPro.train INFO: 🎯 New Best! Saving model...
2025-12-12 11:06:30,577 MambaPro.train INFO: [Epoch 30] 指标集合列表（历史）
2025-12-12 11:06:30,577 MambaPro.train INFO: history_mAP:{40.0 , 58.4 , 60.1 , 64.5 , 67.8 , 72.6}
2025-12-12 11:06:30,577 MambaPro.train INFO: best_mAP:{72.6}
2025-12-12 11:06:30,577 MambaPro.train INFO: history_Rank-1:{46.8 , 60.6 , 63.4 , 68.3 , 69.5 , 76.3}
2025-12-12 11:06:30,577 MambaPro.train INFO: best_Rank-1:{76.3}
2025-12-12 11:06:30,577 MambaPro.train INFO: history_Rank-5:{61.8 , 76.3 , 79.2 , 79.9 , 82.3 , 84.9}
2025-12-12 11:06:30,577 MambaPro.train INFO: best_Rank-5:{84.9}
2025-12-12 11:06:30,577 MambaPro.train INFO: history_Rank-10:{68.9 , 83.0 , 85.5 , 86.1 , 88.3 , 89.5}
2025-12-12 11:06:30,577 MambaPro.train INFO: best_Rank-10:{89.5}
2025-12-12 11:06:30,577 MambaPro.train INFO: history_Experts:{[0.35 , 0.34 , 0.31] , [0.36 , 0.34 , 0.29] , [0.39 , 0.35 , 0.26] , [0.55 , 0.28 , 0.17] , [0.78 , 0.13 , 0.09] , [0.86 , 0.08 , 0.06]}
2025-12-12 11:06:30,577 MambaPro.train INFO: best_Experts:{[0.86 , 0.08 , 0.06]}
2025-12-12 11:06:30,577 MambaPro.train INFO: 🔥 MoE损失(Val): 平衡=0.6959, 稀疏性=0.3829, 多样性=0.4570, 总=0.0012 (权重: 平衡=0.001, 稀疏性=0.000, 多样性=0.001)
2025-12-12 11:06:30,577 MambaPro.train INFO:    📊 专家权重分布(Val): [0.86 , 0.08 , 0.06]
2025-12-12 11:06:50,777 MambaPro.train INFO: Epoch 31 done. Time per batch: 0.188[s] Speed: 170.7[samples/s]
2025-12-12 11:07:10,607 MambaPro.train INFO: Epoch 32 done. Time per batch: 0.187[s] Speed: 171.0[samples/s]
2025-12-12 11:07:30,572 MambaPro.train INFO: Epoch 33 done. Time per batch: 0.187[s] Speed: 171.5[samples/s]
2025-12-12 11:07:50,365 MambaPro.train INFO: Epoch 34 done. Time per batch: 0.187[s] Speed: 171.4[samples/s]
2025-12-12 11:08:10,324 MambaPro.train INFO: Epoch 35 done. Time per batch: 0.187[s] Speed: 171.6[samples/s]
2025-12-12 11:08:17,822 MambaPro.train INFO: Validation Results - Epoch: 35
2025-12-12 11:08:17,822 MambaPro.train INFO: Current mAP: 74.1%
2025-12-12 11:08:17,822 MambaPro.train INFO: CMC curve, Rank-1  :77.6%
2025-12-12 11:08:17,822 MambaPro.train INFO: CMC curve, Rank-5  :85.9%
2025-12-12 11:08:17,822 MambaPro.train INFO: CMC curve, Rank-10 :90.9%
2025-12-12 11:08:17,823 MambaPro.train INFO: 🎯 New Best! Saving model...
2025-12-12 11:08:18,393 MambaPro.train INFO: [Epoch 35] 指标集合列表（历史）
2025-12-12 11:08:18,394 MambaPro.train INFO: history_mAP:{40.0 , 58.4 , 60.1 , 64.5 , 67.8 , 72.6 , 74.1}
2025-12-12 11:08:18,394 MambaPro.train INFO: best_mAP:{74.1}
2025-12-12 11:08:18,394 MambaPro.train INFO: history_Rank-1:{46.8 , 60.6 , 63.4 , 68.3 , 69.5 , 76.3 , 77.6}
2025-12-12 11:08:18,394 MambaPro.train INFO: best_Rank-1:{77.6}
2025-12-12 11:08:18,394 MambaPro.train INFO: history_Rank-5:{61.8 , 76.3 , 79.2 , 79.9 , 82.3 , 84.9 , 85.9}
2025-12-12 11:08:18,394 MambaPro.train INFO: best_Rank-5:{85.9}
2025-12-12 11:08:18,394 MambaPro.train INFO: history_Rank-10:{68.9 , 83.0 , 85.5 , 86.1 , 88.3 , 89.5 , 90.9}
2025-12-12 11:08:18,394 MambaPro.train INFO: best_Rank-10:{90.9}
2025-12-12 11:08:18,394 MambaPro.train INFO: history_Experts:{[0.35 , 0.34 , 0.31] , [0.36 , 0.34 , 0.29] , [0.39 , 0.35 , 0.26] , [0.55 , 0.28 , 0.17] , [0.78 , 0.13 , 0.09] , [0.86 , 0.08 , 0.06] , [0.89 , 0.06 , 0.05]}
2025-12-12 11:08:18,394 MambaPro.train INFO: best_Experts:{[0.89 , 0.06 , 0.05]}
2025-12-12 11:08:18,394 MambaPro.train INFO: 🔥 MoE损失(Val): 平衡=0.8355, 稀疏性=0.2903, 多样性=0.3200, 总=0.0012 (权重: 平衡=0.001, 稀疏性=0.000, 多样性=0.001)
2025-12-12 11:08:18,394 MambaPro.train INFO:    📊 专家权重分布(Val): [0.89 , 0.06 , 0.05]
2025-12-12 11:08:38,535 MambaPro.train INFO: Epoch 36 done. Time per batch: 0.187[s] Speed: 171.1[samples/s]
2025-12-12 11:08:58,595 MambaPro.train INFO: Epoch 37 done. Time per batch: 0.187[s] Speed: 170.7[samples/s]
2025-12-12 11:09:18,491 MambaPro.train INFO: Epoch 38 done. Time per batch: 0.188[s] Speed: 170.5[samples/s]
2025-12-12 11:09:38,670 MambaPro.train INFO: Epoch 39 done. Time per batch: 0.189[s] Speed: 169.7[samples/s]
2025-12-12 11:09:58,604 MambaPro.train INFO: Epoch 40 done. Time per batch: 0.188[s] Speed: 170.2[samples/s]
2025-12-12 11:10:06,546 MambaPro.train INFO: Validation Results - Epoch: 40
2025-12-12 11:10:06,546 MambaPro.train INFO: Current mAP: 75.2%
2025-12-12 11:10:06,546 MambaPro.train INFO: CMC curve, Rank-1  :77.8%
2025-12-12 11:10:06,546 MambaPro.train INFO: CMC curve, Rank-5  :87.8%
2025-12-12 11:10:06,546 MambaPro.train INFO: CMC curve, Rank-10 :91.4%
2025-12-12 11:10:06,547 MambaPro.train INFO: 🎯 New Best! Saving model...
2025-12-12 11:10:07,215 MambaPro.train INFO: [Epoch 40] 指标集合列表（历史）
2025-12-12 11:10:07,216 MambaPro.train INFO: history_mAP:{40.0 , 58.4 , 60.1 , 64.5 , 67.8 , 72.6 , 74.1 , 75.2}
2025-12-12 11:10:07,216 MambaPro.train INFO: best_mAP:{75.2}
2025-12-12 11:10:07,216 MambaPro.train INFO: history_Rank-1:{46.8 , 60.6 , 63.4 , 68.3 , 69.5 , 76.3 , 77.6 , 77.8}
2025-12-12 11:10:07,216 MambaPro.train INFO: best_Rank-1:{77.8}
2025-12-12 11:10:07,216 MambaPro.train INFO: history_Rank-5:{61.8 , 76.3 , 79.2 , 79.9 , 82.3 , 84.9 , 85.9 , 87.8}
2025-12-12 11:10:07,216 MambaPro.train INFO: best_Rank-5:{87.8}
2025-12-12 11:10:07,216 MambaPro.train INFO: history_Rank-10:{68.9 , 83.0 , 85.5 , 86.1 , 88.3 , 89.5 , 90.9 , 91.4}
2025-12-12 11:10:07,216 MambaPro.train INFO: best_Rank-10:{91.4}
2025-12-12 11:10:07,216 MambaPro.train INFO: history_Experts:{[0.35 , 0.34 , 0.31] , [0.36 , 0.34 , 0.29] , [0.39 , 0.35 , 0.26] , [0.55 , 0.28 , 0.17] , [0.78 , 0.13 , 0.09] , [0.86 , 0.08 , 0.06] , [0.89 , 0.06 , 0.05] , [0.91 , 0.05 , 0.04]}
2025-12-12 11:10:07,216 MambaPro.train INFO: best_Experts:{[0.91 , 0.05 , 0.04]}
2025-12-12 11:10:07,216 MambaPro.train INFO: 🔥 MoE损失(Val): 平衡=0.9123, 稀疏性=0.2402, 多样性=0.2542, 总=0.0012 (权重: 平衡=0.001, 稀疏性=0.000, 多样性=0.001)
2025-12-12 11:10:07,216 MambaPro.train INFO:    📊 专家权重分布(Val): [0.91 , 0.05 , 0.04]
2025-12-12 11:10:27,581 MambaPro.train INFO: Epoch 41 done. Time per batch: 0.189[s] Speed: 169.3[samples/s]
2025-12-12 11:10:47,611 MambaPro.train INFO: Epoch 42 done. Time per batch: 0.187[s] Speed: 170.9[samples/s]
2025-12-12 11:11:07,611 MambaPro.train INFO: Epoch 43 done. Time per batch: 0.187[s] Speed: 171.2[samples/s]
2025-12-12 11:11:27,619 MambaPro.train INFO: Epoch 44 done. Time per batch: 0.187[s] Speed: 171.1[samples/s]
2025-12-12 11:11:47,696 MambaPro.train INFO: Epoch 45 done. Time per batch: 0.188[s] Speed: 170.5[samples/s]
2025-12-12 11:11:55,238 MambaPro.train INFO: Validation Results - Epoch: 45
2025-12-12 11:11:55,238 MambaPro.train INFO: Current mAP: 75.5%
2025-12-12 11:11:55,238 MambaPro.train INFO: CMC curve, Rank-1  :78.8%
2025-12-12 11:11:55,238 MambaPro.train INFO: CMC curve, Rank-5  :87.0%
2025-12-12 11:11:55,238 MambaPro.train INFO: CMC curve, Rank-10 :90.3%
2025-12-12 11:11:55,239 MambaPro.train INFO: 🎯 New Best! Saving model...
2025-12-12 11:11:55,896 MambaPro.train INFO: [Epoch 45] 指标集合列表（历史）
2025-12-12 11:11:55,897 MambaPro.train INFO: history_mAP:{40.0 , 58.4 , 60.1 , 64.5 , 67.8 , 72.6 , 74.1 , 75.2 , 75.5}
2025-12-12 11:11:55,897 MambaPro.train INFO: best_mAP:{75.5}
2025-12-12 11:11:55,897 MambaPro.train INFO: history_Rank-1:{46.8 , 60.6 , 63.4 , 68.3 , 69.5 , 76.3 , 77.6 , 77.8 , 78.8}
2025-12-12 11:11:55,897 MambaPro.train INFO: best_Rank-1:{78.8}
2025-12-12 11:11:55,897 MambaPro.train INFO: history_Rank-5:{61.8 , 76.3 , 79.2 , 79.9 , 82.3 , 84.9 , 85.9 , 87.8 , 87.0}
2025-12-12 11:11:55,897 MambaPro.train INFO: best_Rank-5:{87.8}
2025-12-12 11:11:55,897 MambaPro.train INFO: history_Rank-10:{68.9 , 83.0 , 85.5 , 86.1 , 88.3 , 89.5 , 90.9 , 91.4 , 90.3}
2025-12-12 11:11:55,897 MambaPro.train INFO: best_Rank-10:{91.4}
2025-12-12 11:11:55,897 MambaPro.train INFO: history_Experts:{[0.35 , 0.34 , 0.31] , [0.36 , 0.34 , 0.29] , [0.39 , 0.35 , 0.26] , [0.55 , 0.28 , 0.17] , [0.78 , 0.13 , 0.09] , [0.86 , 0.08 , 0.06] , [0.89 , 0.06 , 0.05] , [0.91 , 0.05 , 0.04] , [0.93 , 0.04 , 0.03]}
2025-12-12 11:11:55,897 MambaPro.train INFO: best_Experts:{[0.93 , 0.04 , 0.03]}
2025-12-12 11:11:55,897 MambaPro.train INFO: 🔥 MoE损失(Val): 平衡=0.9618, 稀疏性=0.2082, 多样性=0.2149, 总=0.0012 (权重: 平衡=0.001, 稀疏性=0.000, 多样性=0.001)
2025-12-12 11:11:55,897 MambaPro.train INFO:    📊 专家权重分布(Val): [0.93 , 0.04 , 0.03]
2025-12-12 11:12:16,049 MambaPro.train INFO: Epoch 46 done. Time per batch: 0.187[s] Speed: 171.0[samples/s]
2025-12-12 11:12:36,074 MambaPro.train INFO: Epoch 47 done. Time per batch: 0.187[s] Speed: 171.0[samples/s]
2025-12-12 11:12:55,942 MambaPro.train INFO: Epoch 48 done. Time per batch: 0.187[s] Speed: 170.7[samples/s]
2025-12-12 11:13:16,019 MambaPro.train INFO: Epoch 49 done. Time per batch: 0.188[s] Speed: 170.6[samples/s]
2025-12-12 11:13:36,070 MambaPro.train INFO: Epoch 50 done. Time per batch: 0.187[s] Speed: 170.8[samples/s]
2025-12-12 11:13:43,961 MambaPro.train INFO: Validation Results - Epoch: 50
2025-12-12 11:13:43,961 MambaPro.train INFO: Current mAP: 75.0%
2025-12-12 11:13:43,961 MambaPro.train INFO: CMC curve, Rank-1  :77.0%
2025-12-12 11:13:43,961 MambaPro.train INFO: CMC curve, Rank-5  :86.4%
2025-12-12 11:13:43,961 MambaPro.train INFO: CMC curve, Rank-10 :90.2%
2025-12-12 11:13:43,962 MambaPro.train INFO: [Epoch 50] 指标集合列表（历史）
2025-12-12 11:13:43,962 MambaPro.train INFO: history_mAP:{40.0 , 58.4 , 60.1 , 64.5 , 67.8 , 72.6 , 74.1 , 75.2 , 75.5 , 75.0}
2025-12-12 11:13:43,962 MambaPro.train INFO: best_mAP:{75.5}
2025-12-12 11:13:43,962 MambaPro.train INFO: history_Rank-1:{46.8 , 60.6 , 63.4 , 68.3 , 69.5 , 76.3 , 77.6 , 77.8 , 78.8 , 77.0}
2025-12-12 11:13:43,962 MambaPro.train INFO: best_Rank-1:{78.8}
2025-12-12 11:13:43,962 MambaPro.train INFO: history_Rank-5:{61.8 , 76.3 , 79.2 , 79.9 , 82.3 , 84.9 , 85.9 , 87.8 , 87.0 , 86.4}
2025-12-12 11:13:43,962 MambaPro.train INFO: best_Rank-5:{87.8}
2025-12-12 11:13:43,962 MambaPro.train INFO: history_Rank-10:{68.9 , 83.0 , 85.5 , 86.1 , 88.3 , 89.5 , 90.9 , 91.4 , 90.3 , 90.2}
2025-12-12 11:13:43,962 MambaPro.train INFO: best_Rank-10:{91.4}
2025-12-12 11:13:43,962 MambaPro.train INFO: history_Experts:{[0.35 , 0.34 , 0.31] , [0.36 , 0.34 , 0.29] , [0.39 , 0.35 , 0.26] , [0.55 , 0.28 , 0.17] , [0.78 , 0.13 , 0.09] , [0.86 , 0.08 , 0.06] , [0.89 , 0.06 , 0.05] , [0.91 , 0.05 , 0.04] , [0.93 , 0.04 , 0.03] , [0.93 , 0.04 , 0.03]}
2025-12-12 11:13:43,962 MambaPro.train INFO: best_Experts:{[0.93 , 0.04 , 0.03]}
2025-12-12 11:13:43,962 MambaPro.train INFO: 🔥 MoE损失(Val): 平衡=0.9969, 稀疏性=0.1856, 多样性=0.1882, 总=0.0012 (权重: 平衡=0.001, 稀疏性=0.000, 多样性=0.001)
2025-12-12 11:13:43,962 MambaPro.train INFO:    📊 专家权重分布(Val): [0.93 , 0.04 , 0.03]
2025-12-12 11:14:04,048 MambaPro.train INFO: Epoch 51 done. Time per batch: 0.188[s] Speed: 170.0[samples/s]
2025-12-12 11:14:23,893 MambaPro.train INFO: Epoch 52 done. Time per batch: 0.187[s] Speed: 170.9[samples/s]
2025-12-12 11:14:43,951 MambaPro.train INFO: Epoch 53 done. Time per batch: 0.187[s] Speed: 170.7[samples/s]
2025-12-12 11:15:04,036 MambaPro.train INFO: Epoch 54 done. Time per batch: 0.188[s] Speed: 170.5[samples/s]
2025-12-12 11:15:24,105 MambaPro.train INFO: Epoch 55 done. Time per batch: 0.188[s] Speed: 170.6[samples/s]
2025-12-12 11:15:31,615 MambaPro.train INFO: Validation Results - Epoch: 55
2025-12-12 11:15:31,615 MambaPro.train INFO: Current mAP: 76.0%
2025-12-12 11:15:31,615 MambaPro.train INFO: CMC curve, Rank-1  :79.7%
2025-12-12 11:15:31,616 MambaPro.train INFO: CMC curve, Rank-5  :88.0%
2025-12-12 11:15:31,616 MambaPro.train INFO: CMC curve, Rank-10 :90.7%
2025-12-12 11:15:31,616 MambaPro.train INFO: 🎯 New Best! Saving model...
2025-12-12 11:15:32,253 MambaPro.train INFO: [Epoch 55] 指标集合列表（历史）
2025-12-12 11:15:32,253 MambaPro.train INFO: history_mAP:{40.0 , 58.4 , 60.1 , 64.5 , 67.8 , 72.6 , 74.1 , 75.2 , 75.5 , 75.0 , 76.0}
2025-12-12 11:15:32,253 MambaPro.train INFO: best_mAP:{76.0}
2025-12-12 11:15:32,253 MambaPro.train INFO: history_Rank-1:{46.8 , 60.6 , 63.4 , 68.3 , 69.5 , 76.3 , 77.6 , 77.8 , 78.8 , 77.0 , 79.7}
2025-12-12 11:15:32,253 MambaPro.train INFO: best_Rank-1:{79.7}
2025-12-12 11:15:32,253 MambaPro.train INFO: history_Rank-5:{61.8 , 76.3 , 79.2 , 79.9 , 82.3 , 84.9 , 85.9 , 87.8 , 87.0 , 86.4 , 88.0}
2025-12-12 11:15:32,253 MambaPro.train INFO: best_Rank-5:{88.0}
2025-12-12 11:15:32,253 MambaPro.train INFO: history_Rank-10:{68.9 , 83.0 , 85.5 , 86.1 , 88.3 , 89.5 , 90.9 , 91.4 , 90.3 , 90.2 , 90.7}
2025-12-12 11:15:32,253 MambaPro.train INFO: best_Rank-10:{91.4}
2025-12-12 11:15:32,253 MambaPro.train INFO: history_Experts:{[0.35 , 0.34 , 0.31] , [0.36 , 0.34 , 0.29] , [0.39 , 0.35 , 0.26] , [0.55 , 0.28 , 0.17] , [0.78 , 0.13 , 0.09] , [0.86 , 0.08 , 0.06] , [0.89 , 0.06 , 0.05] , [0.91 , 0.05 , 0.04] , [0.93 , 0.04 , 0.03] , [0.93 , 0.04 , 0.03] , [0.94 , 0.03 , 0.03]}
2025-12-12 11:15:32,253 MambaPro.train INFO: best_Experts:{[0.94 , 0.03 , 0.03]}
2025-12-12 11:15:32,253 MambaPro.train INFO: 🔥 MoE损失(Val): 平衡=1.0226, 稀疏性=0.1691, 多样性=0.1694, 总=0.0012 (权重: 平衡=0.001, 稀疏性=0.000, 多样性=0.001)
2025-12-12 11:15:32,253 MambaPro.train INFO:    📊 专家权重分布(Val): [0.94 , 0.03 , 0.03]
2025-12-12 11:15:52,290 MambaPro.train INFO: Epoch 56 done. Time per batch: 0.188[s] Speed: 170.4[samples/s]
2025-12-12 11:16:12,457 MambaPro.train INFO: Epoch 57 done. Time per batch: 0.188[s] Speed: 169.8[samples/s]
2025-12-12 11:16:32,623 MambaPro.train INFO: Epoch 58 done. Time per batch: 0.188[s] Speed: 169.8[samples/s]
2025-12-12 11:16:52,528 MambaPro.train INFO: Epoch 59 done. Time per batch: 0.188[s] Speed: 170.4[samples/s]
2025-12-12 11:17:12,643 MambaPro.train INFO: Epoch 60 done. Time per batch: 0.188[s] Speed: 170.2[samples/s]
2025-12-12 11:17:20,578 MambaPro.train INFO: Validation Results - Epoch: 60
2025-12-12 11:17:20,578 MambaPro.train INFO: Current mAP: 76.0%
2025-12-12 11:17:20,578 MambaPro.train INFO: CMC curve, Rank-1  :80.3%
2025-12-12 11:17:20,578 MambaPro.train INFO: CMC curve, Rank-5  :87.8%
2025-12-12 11:17:20,578 MambaPro.train INFO: CMC curve, Rank-10 :90.8%
2025-12-12 11:17:20,579 MambaPro.train INFO: [Epoch 60] 指标集合列表（历史）
2025-12-12 11:17:20,579 MambaPro.train INFO: history_mAP:{40.0 , 58.4 , 60.1 , 64.5 , 67.8 , 72.6 , 74.1 , 75.2 , 75.5 , 75.0 , 76.0 , 76.0}
2025-12-12 11:17:20,579 MambaPro.train INFO: best_mAP:{76.0}
2025-12-12 11:17:20,579 MambaPro.train INFO: history_Rank-1:{46.8 , 60.6 , 63.4 , 68.3 , 69.5 , 76.3 , 77.6 , 77.8 , 78.8 , 77.0 , 79.7 , 80.3}
2025-12-12 11:17:20,579 MambaPro.train INFO: best_Rank-1:{79.7}
2025-12-12 11:17:20,579 MambaPro.train INFO: history_Rank-5:{61.8 , 76.3 , 79.2 , 79.9 , 82.3 , 84.9 , 85.9 , 87.8 , 87.0 , 86.4 , 88.0}
2025-12-12 11:17:20,579 MambaPro.train INFO: best_Rank-5:{88.0}
2025-12-12 11:17:20,579 MambaPro.train INFO: history_Rank-10:{68.9 , 83.0 , 85.5 , 86.1 , 88.3 , 89.5 , 90.9 , 91.4 , 90.3 , 90.2 , 90.7 , 90.8}
2025-12-12 11:17:20,579 MambaPro.train INFO: best_Rank-10:{91.4}
2025-12-12 11:17:20,579 MambaPro.train INFO: history_Experts:{[0.35 , 0.34 , 0.31] , [0.36 , 0.34 , 0.29] , [0.39 , 0.35 , 0.26] , [0.55 , 0.28 , 0.17] , [0.78 , 0.13 , 0.09] , [0.86 , 0.08 , 0.06] , [0.89 , 0.06 , 0.05] , [0.91 , 0.05 , 0.04] , [0.93 , 0.04 , 0.03] , [0.93 , 0.04 , 0.03] , [0.94 , 0.03 , 0.03] , [0.95 , 0.03 , 0.02]}
2025-12-12 11:17:20,579 MambaPro.train INFO: best_Experts:{[0.94 , 0.03 , 0.03]}
2025-12-12 11:17:20,579 MambaPro.train INFO: 🔥 MoE损失(Val): 平衡=1.0435, 稀疏性=0.1557, 多样性=0.1545, 总=0.0012 (权重: 平衡=0.001, 稀疏性=0.000, 多样性=0.001)
2025-12-12 11:17:20,579 MambaPro.train INFO:    📊 专家权重分布(Val): [0.95 , 0.03 , 0.02]
2025-12-12 11:17:20,714 MambaPro.train INFO: ============================================================
