2025-12-22 12:17:56,275 MambaPro INFO: ================================================================================
2025-12-22 12:17:56,275 MambaPro INFO: 🧾 实验参数快照（命令行 + 最终配置）
2025-12-22 12:17:56,275 MambaPro INFO: ================================================================================
2025-12-22 12:17:56,275 MambaPro INFO: 【复现实验命令】
2025-12-22 12:17:56,275 MambaPro INFO: /home/zhanghaoyang/.conda/envs/MambaPro/bin/python train_net.py --config_file configs/RGBNT100/jzb_baseline_optimize.yml
2025-12-22 12:17:56,275 MambaPro INFO: 【命令行参数（args）】
2025-12-22 12:17:56,275 MambaPro INFO: {
2025-12-22 12:17:56,275 MambaPro INFO:   "config_file": "configs/RGBNT100/jzb_baseline_optimize.yml",
2025-12-22 12:17:56,275 MambaPro INFO:   "fea_cft": 0,
2025-12-22 12:17:56,275 MambaPro INFO:   "opts": [],
2025-12-22 12:17:56,275 MambaPro INFO:   "local_rank": 0,
2025-12-22 12:17:56,275 MambaPro INFO:   "use_multi_scale": false,
2025-12-22 12:17:56,275 MambaPro INFO:   "no_multi_scale": false,
2025-12-22 12:17:56,275 MambaPro INFO:   "use_moe": false,
2025-12-22 12:17:56,275 MambaPro INFO:   "disable_moe": false,
2025-12-22 12:17:56,275 MambaPro INFO:   "no_moe": false,
2025-12-22 12:17:56,275 MambaPro INFO:   "use_attention": false,
2025-12-22 12:17:56,275 MambaPro INFO:   "disable_attention": false,
2025-12-22 12:17:56,275 MambaPro INFO:   "attention_heads": 8,
2025-12-22 12:17:56,275 MambaPro INFO:   "attention_dropout": 0.1,
2025-12-22 12:17:56,275 MambaPro INFO:   "resume": ""
2025-12-22 12:17:56,275 MambaPro INFO: }
2025-12-22 12:17:56,275 MambaPro INFO: 【工作目录】/home/zhanghaoyang/Desktop/yzy/AboutReid
2025-12-22 12:17:56,275 MambaPro INFO: 【最终配置（YAML）】
2025-12-22 12:17:56,278 MambaPro INFO: DATALOADER:
2025-12-22 12:17:56,278 MambaPro INFO:   NUM_INSTANCE: 16
2025-12-22 12:17:56,278 MambaPro INFO:   NUM_WORKERS: 8
2025-12-22 12:17:56,278 MambaPro INFO:   SAMPLER: softmax_triplet
2025-12-22 12:17:56,278 MambaPro INFO: DATASETS:
2025-12-22 12:17:56,278 MambaPro INFO:   NAMES: RGBNT100
2025-12-22 12:17:56,278 MambaPro INFO:   ROOT_DIR: /home/zhanghaoyang/Desktop/yzy/MambaPro/data/datasets
2025-12-22 12:17:56,278 MambaPro INFO: INPUT:
2025-12-22 12:17:56,278 MambaPro INFO:   PADDING: 10
2025-12-22 12:17:56,278 MambaPro INFO:   PIXEL_MEAN:
2025-12-22 12:17:56,278 MambaPro INFO:   - 0.5
2025-12-22 12:17:56,278 MambaPro INFO:   - 0.5
2025-12-22 12:17:56,278 MambaPro INFO:   - 0.5
2025-12-22 12:17:56,278 MambaPro INFO:   PIXEL_STD:
2025-12-22 12:17:56,278 MambaPro INFO:   - 0.5
2025-12-22 12:17:56,278 MambaPro INFO:   - 0.5
2025-12-22 12:17:56,278 MambaPro INFO:   - 0.5
2025-12-22 12:17:56,278 MambaPro INFO:   PROB: 0.5
2025-12-22 12:17:56,278 MambaPro INFO:   RE_PROB: 0.5
2025-12-22 12:17:56,278 MambaPro INFO:   SIZE_TEST:
2025-12-22 12:17:56,278 MambaPro INFO:   - 128
2025-12-22 12:17:56,278 MambaPro INFO:   - 256
2025-12-22 12:17:56,278 MambaPro INFO:   SIZE_TRAIN:
2025-12-22 12:17:56,278 MambaPro INFO:   - 128
2025-12-22 12:17:56,278 MambaPro INFO:   - 256
2025-12-22 12:17:56,278 MambaPro INFO: MODEL:
2025-12-22 12:17:56,278 MambaPro INFO:   ADAPTER: true
2025-12-22 12:17:56,278 MambaPro INFO:   ATTENTION_DIM: 512
2025-12-22 12:17:56,278 MambaPro INFO:   ATTENTION_DROPOUT: 0.1
2025-12-22 12:17:56,278 MambaPro INFO:   ATTENTION_NUM_HEADS: 8
2025-12-22 12:17:56,278 MambaPro INFO:   ATT_DROP_RATE: 0.0
2025-12-22 12:17:56,278 MambaPro INFO:   CLIP_MULTI_SCALE_SCALES:
2025-12-22 12:17:56,278 MambaPro INFO:   - 4
2025-12-22 12:17:56,278 MambaPro INFO:   - 8
2025-12-22 12:17:56,278 MambaPro INFO:   - 16
2025-12-22 12:17:56,278 MambaPro INFO:   DEVICE: cuda
2025-12-22 12:17:56,278 MambaPro INFO:   DEVICE_ID: '0'
2025-12-22 12:17:56,278 MambaPro INFO:   DIRECT: 0
2025-12-22 12:17:56,278 MambaPro INFO:   DIST_TRAIN: false
2025-12-22 12:17:56,278 MambaPro INFO:   DROP_OUT: 0.0
2025-12-22 12:17:56,278 MambaPro INFO:   DROP_PATH: 0.1
2025-12-22 12:17:56,278 MambaPro INFO:   FLOPS_TEST: false
2025-12-22 12:17:56,278 MambaPro INFO:   FROZEN: true
2025-12-22 12:17:56,278 MambaPro INFO:   GATE_DROPOUT: 0.1
2025-12-22 12:17:56,278 MambaPro INFO:   ID_LOSS_TYPE: softmax
2025-12-22 12:17:56,278 MambaPro INFO:   ID_LOSS_WEIGHT: 0.25
2025-12-22 12:17:56,278 MambaPro INFO:   IF_LABELSMOOTH: 'on'
2025-12-22 12:17:56,278 MambaPro INFO:   IF_WITH_CENTER: 'no'
2025-12-22 12:17:56,278 MambaPro INFO:   LAYER: -1
2025-12-22 12:17:56,278 MambaPro INFO:   MAMBA: true
2025-12-22 12:17:56,278 MambaPro INFO:   MAMBA_BI: false
2025-12-22 12:17:56,278 MambaPro INFO:   METRIC_LOSS_TYPE: triplet
2025-12-22 12:17:56,278 MambaPro INFO:   MOE_BALANCE_LOSS_WEIGHT: 0.01
2025-12-22 12:17:56,278 MambaPro INFO:   MOE_DIVERSITY_LOSS_WEIGHT: 0.01
2025-12-22 12:17:56,278 MambaPro INFO:   MOE_EXPERT_DROPOUT: 0.1
2025-12-22 12:17:56,278 MambaPro INFO:   MOE_EXPERT_HIDDEN_DIM: 1024
2025-12-22 12:17:56,278 MambaPro INFO:   MOE_EXPERT_LAYERS: 2
2025-12-22 12:17:56,278 MambaPro INFO:   MOE_EXPERT_THRESHOLD: 0.1
2025-12-22 12:17:56,278 MambaPro INFO:   MOE_FIXED_WEIGHTS:
2025-12-22 12:17:56,278 MambaPro INFO:   - 0.33
2025-12-22 12:17:56,278 MambaPro INFO:   - 0.33
2025-12-22 12:17:56,278 MambaPro INFO:   - 0.34
2025-12-22 12:17:56,278 MambaPro INFO:   MOE_GATE_DROPOUT: 0.1
2025-12-22 12:17:56,278 MambaPro INFO:   MOE_GATE_LAYERS: 2
2025-12-22 12:17:56,278 MambaPro INFO:   MOE_INIT_WEIGHTS: null
2025-12-22 12:17:56,278 MambaPro INFO:   MOE_NUM_EXPERTS: 3
2025-12-22 12:17:56,278 MambaPro INFO:   MOE_RESIDUAL_WEIGHT: 1.0
2025-12-22 12:17:56,279 MambaPro INFO:   MOE_SCALES:
2025-12-22 12:17:56,279 MambaPro INFO:   - 4
2025-12-22 12:17:56,279 MambaPro INFO:   - 8
2025-12-22 12:17:56,279 MambaPro INFO:   - 16
2025-12-22 12:17:56,279 MambaPro INFO:   MOE_SPARSITY_LOSS_WEIGHT: 0.001
2025-12-22 12:17:56,279 MambaPro INFO:   MOE_TEMPERATURE: 1.0
2025-12-22 12:17:56,279 MambaPro INFO:   MOE_TOP_K: 2
2025-12-22 12:17:56,279 MambaPro INFO:   MOE_TOP_K_MODE: soft
2025-12-22 12:17:56,279 MambaPro INFO:   MOE_USE_FIXED_WEIGHTS: false
2025-12-22 12:17:56,279 MambaPro INFO:   MOE_USE_TOP_K_ROUTING: false
2025-12-22 12:17:56,279 MambaPro INFO:   MULTI_SCALE_SCALES:
2025-12-22 12:17:56,279 MambaPro INFO:   - 4
2025-12-22 12:17:56,279 MambaPro INFO:   - 8
2025-12-22 12:17:56,279 MambaPro INFO:   - 16
2025-12-22 12:17:56,279 MambaPro INFO:   NAME: MambaPro
2025-12-22 12:17:56,279 MambaPro INFO:   NECK: bnneck
2025-12-22 12:17:56,279 MambaPro INFO:   NO_MARGIN: true
2025-12-22 12:17:56,279 MambaPro INFO:   PREFIX_NUM: 1
2025-12-22 12:17:56,279 MambaPro INFO:   PRETRAIN_PATH_T: AboutReid/pths/ViT-B-16.pt
2025-12-22 12:17:56,279 MambaPro INFO:   PROMPT: true
2025-12-22 12:17:56,279 MambaPro INFO:   SIE_CAMERA: true
2025-12-22 12:17:56,279 MambaPro INFO:   SIE_COE: 1.0
2025-12-22 12:17:56,279 MambaPro INFO:   SIE_VIEW: false
2025-12-22 12:17:56,279 MambaPro INFO:   STRIDE_SIZE:
2025-12-22 12:17:56,279 MambaPro INFO:   - 16
2025-12-22 12:17:56,279 MambaPro INFO:   - 16
2025-12-22 12:17:56,279 MambaPro INFO:   TRANSFORMER_TYPE: ViT-B-16
2025-12-22 12:17:56,279 MambaPro INFO:   TRIPLET_LOSS_WEIGHT: 1.0
2025-12-22 12:17:56,279 MambaPro INFO:   USE_ATTENTION_FUSION: false
2025-12-22 12:17:56,279 MambaPro INFO:   USE_CLIP_MULTI_SCALE: false
2025-12-22 12:17:56,279 MambaPro INFO:   USE_GATE_FUSION: false
2025-12-22 12:17:56,279 MambaPro INFO:   USE_MULTI_SCALE: false
2025-12-22 12:17:56,279 MambaPro INFO:   USE_MULTI_SCALE_MOE: false
2025-12-22 12:17:56,279 MambaPro INFO: OUTPUT_DIR: outputs/baseline/RGBNT100/run_20251222_121756
2025-12-22 12:17:56,279 MambaPro INFO: SOLVER:
2025-12-22 12:17:56,279 MambaPro INFO:   BASE_LR: 0.000175
2025-12-22 12:17:56,279 MambaPro INFO:   BIAS_LR_FACTOR: 2
2025-12-22 12:17:56,279 MambaPro INFO:   CENTER_LOSS_WEIGHT: 0.0005
2025-12-22 12:17:56,279 MambaPro INFO:   CENTER_LR: 0.5
2025-12-22 12:17:56,279 MambaPro INFO:   CHECKPOINT_PERIOD: 60
2025-12-22 12:17:56,279 MambaPro INFO:   CLUSTER_MARGIN: 0.3
2025-12-22 12:17:56,279 MambaPro INFO:   COSINE_MARGIN: 0.5
2025-12-22 12:17:56,279 MambaPro INFO:   COSINE_SCALE: 30
2025-12-22 12:17:56,279 MambaPro INFO:   EVAL_PERIOD: 1
2025-12-22 12:17:56,279 MambaPro INFO:   GAMMA: 0.1
2025-12-22 12:17:56,279 MambaPro INFO:   IMS_PER_BATCH: 64
2025-12-22 12:17:56,279 MambaPro INFO:   LARGE_FC_LR: false
2025-12-22 12:17:56,279 MambaPro INFO:   LOG_PERIOD: 10
2025-12-22 12:17:56,279 MambaPro INFO:   MARGIN: 0.3
2025-12-22 12:17:56,279 MambaPro INFO:   MAX_EPOCHS: 30
2025-12-22 12:17:56,279 MambaPro INFO:   MOE_BALANCE_LOSS_WEIGHT: 0.01
2025-12-22 12:17:56,279 MambaPro INFO:   MOE_BALANCE_LOSS_WEIGHT_END: 0.1
2025-12-22 12:17:56,279 MambaPro INFO:   MOE_BALANCE_LOSS_WEIGHT_START: 0.001
2025-12-22 12:17:56,279 MambaPro INFO:   MOE_BALANCE_THRESHOLD: 0.3
2025-12-22 12:17:56,279 MambaPro INFO:   MOE_DIVERSITY_LOSS_WEIGHT: 0.01
2025-12-22 12:17:56,279 MambaPro INFO:   MOE_DIVERSITY_LOSS_WEIGHT_END: 0.1
2025-12-22 12:17:56,279 MambaPro INFO:   MOE_DIVERSITY_LOSS_WEIGHT_START: 0.001
2025-12-22 12:17:56,279 MambaPro INFO:   MOE_GATE_LR_FACTOR: 0.01
2025-12-22 12:17:56,279 MambaPro INFO:   MOE_LOSS_WEIGHT_SCHEDULE_TYPE: cosine
2025-12-22 12:17:56,279 MambaPro INFO:   MOE_LOSS_WEIGHT_WARMUP_EPOCHS: 5
2025-12-22 12:17:56,279 MambaPro INFO:   MOE_SPARSITY_LOSS_WEIGHT: 0.001
2025-12-22 12:17:56,279 MambaPro INFO:   MOE_USE_DYNAMIC_LOSS_WEIGHT: false
2025-12-22 12:17:56,279 MambaPro INFO:   MOMENTUM: 0.9
2025-12-22 12:17:56,279 MambaPro INFO:   OPTIMIZER_NAME: Adam
2025-12-22 12:17:56,279 MambaPro INFO:   RANGE_ALPHA: 0
2025-12-22 12:17:56,279 MambaPro INFO:   RANGE_BETA: 1
2025-12-22 12:17:56,279 MambaPro INFO:   RANGE_K: 2
2025-12-22 12:17:56,279 MambaPro INFO:   RANGE_LOSS_WEIGHT: 1
2025-12-22 12:17:56,279 MambaPro INFO:   RANGE_MARGIN: 0.3
2025-12-22 12:17:56,279 MambaPro INFO:   SEED: 1111
2025-12-22 12:17:56,279 MambaPro INFO:   STEPS:
2025-12-22 12:17:56,279 MambaPro INFO:   - 40
2025-12-22 12:17:56,279 MambaPro INFO:   - 70
2025-12-22 12:17:56,279 MambaPro INFO:   WARMUP_FACTOR: 0.01
2025-12-22 12:17:56,279 MambaPro INFO:   WARMUP_ITERS: 5
2025-12-22 12:17:56,279 MambaPro INFO:   WARMUP_METHOD: linear
2025-12-22 12:17:56,279 MambaPro INFO:   WEIGHT_DECAY: 0.0001
2025-12-22 12:17:56,279 MambaPro INFO:   WEIGHT_DECAY_BIAS: 0.0001
2025-12-22 12:17:56,279 MambaPro INFO: TEST:
2025-12-22 12:17:56,279 MambaPro INFO:   FEAT: 0
2025-12-22 12:17:56,279 MambaPro INFO:   FEAT_NORM: 'yes'
2025-12-22 12:17:56,279 MambaPro INFO:   IMS_PER_BATCH: 64
2025-12-22 12:17:56,279 MambaPro INFO:   MISS: nothing
2025-12-22 12:17:56,279 MambaPro INFO:   NECK_FEAT: before
2025-12-22 12:17:56,279 MambaPro INFO:   RE_RANKING: 'no'
2025-12-22 12:17:56,279 MambaPro INFO:   WEIGHT: /home/zubuntu/workspace/MambaPro/MambaPro/pths/MambaProbest.pth
2025-12-22 12:17:56,279 MambaPro INFO: ================================================================================
2025-12-22 12:17:59,220 MambaPro.train INFO: start training
2025-12-22 12:19:28,722 MambaPro.train INFO: Epoch 1 done. Time per batch: 0.762[s] Speed: 84.0[samples/s]
2025-12-22 12:21:02,936 MambaPro.train INFO: Validation Results - Epoch: 1
2025-12-22 12:21:02,936 MambaPro.train INFO: Current mAP: 53.9%
2025-12-22 12:21:02,936 MambaPro.train INFO: CMC curve, Rank-1  :75.8%
2025-12-22 12:21:02,936 MambaPro.train INFO: CMC curve, Rank-5  :79.1%
2025-12-22 12:21:02,936 MambaPro.train INFO: CMC curve, Rank-10 :81.3%
2025-12-22 12:21:02,936 MambaPro.train INFO: 🎯 New Best! Saving model...
2025-12-22 12:21:03,248 MambaPro.train INFO: [Epoch 1] 指标集合列表（历史）
2025-12-22 12:21:03,248 MambaPro.train INFO: history_mAP:{53.9}
2025-12-22 12:21:03,248 MambaPro.train INFO: best_mAP:{53.9}
2025-12-22 12:21:03,248 MambaPro.train INFO: history_Rank-1:{75.8}
2025-12-22 12:21:03,248 MambaPro.train INFO: best_Rank-1:{75.8}
2025-12-22 12:21:03,248 MambaPro.train INFO: history_Rank-5:{79.1}
2025-12-22 12:21:03,248 MambaPro.train INFO: best_Rank-5:{79.1}
2025-12-22 12:21:03,248 MambaPro.train INFO: history_Rank-10:{81.3}
2025-12-22 12:21:03,248 MambaPro.train INFO: best_Rank-10:{81.3}
2025-12-22 12:21:03,248 MambaPro.train INFO: history_Experts:{[0.00 , 0.00 , 0.00]}
2025-12-22 12:22:31,600 MambaPro.train INFO: Epoch 2 done. Time per batch: 0.759[s] Speed: 84.3[samples/s]
2025-12-22 12:24:05,816 MambaPro.train INFO: Validation Results - Epoch: 2
2025-12-22 12:24:05,816 MambaPro.train INFO: Current mAP: 63.2%
2025-12-22 12:24:05,816 MambaPro.train INFO: CMC curve, Rank-1  :82.4%
2025-12-22 12:24:05,816 MambaPro.train INFO: CMC curve, Rank-5  :85.2%
2025-12-22 12:24:05,816 MambaPro.train INFO: CMC curve, Rank-10 :87.3%
2025-12-22 12:24:05,816 MambaPro.train INFO: 🎯 New Best! Saving model...
2025-12-22 12:24:06,273 MambaPro.train INFO: [Epoch 2] 指标集合列表（历史）
2025-12-22 12:24:06,273 MambaPro.train INFO: history_mAP:{53.9 , 63.2}
2025-12-22 12:24:06,273 MambaPro.train INFO: best_mAP:{63.2}
2025-12-22 12:24:06,273 MambaPro.train INFO: history_Rank-1:{75.8 , 82.4}
2025-12-22 12:24:06,273 MambaPro.train INFO: best_Rank-1:{82.4}
2025-12-22 12:24:06,273 MambaPro.train INFO: history_Rank-5:{79.1 , 85.2}
2025-12-22 12:24:06,273 MambaPro.train INFO: best_Rank-5:{85.2}
2025-12-22 12:24:06,273 MambaPro.train INFO: history_Rank-10:{81.3 , 87.3}
2025-12-22 12:24:06,273 MambaPro.train INFO: best_Rank-10:{87.3}
2025-12-22 12:24:06,274 MambaPro.train INFO: history_Experts:{[0.00 , 0.00 , 0.00] , [0.00 , 0.00 , 0.00]}
2025-12-22 12:25:34,746 MambaPro.train INFO: Epoch 3 done. Time per batch: 0.760[s] Speed: 84.2[samples/s]
2025-12-22 12:27:09,013 MambaPro.train INFO: Validation Results - Epoch: 3
2025-12-22 12:27:09,014 MambaPro.train INFO: Current mAP: 65.8%
2025-12-22 12:27:09,014 MambaPro.train INFO: CMC curve, Rank-1  :82.9%
2025-12-22 12:27:09,014 MambaPro.train INFO: CMC curve, Rank-5  :85.8%
2025-12-22 12:27:09,014 MambaPro.train INFO: CMC curve, Rank-10 :87.2%
2025-12-22 12:27:09,014 MambaPro.train INFO: 🎯 New Best! Saving model...
2025-12-22 12:27:09,465 MambaPro.train INFO: [Epoch 3] 指标集合列表（历史）
2025-12-22 12:27:09,465 MambaPro.train INFO: history_mAP:{53.9 , 63.2 , 65.8}
2025-12-22 12:27:09,465 MambaPro.train INFO: best_mAP:{65.8}
2025-12-22 12:27:09,465 MambaPro.train INFO: history_Rank-1:{75.8 , 82.4 , 82.9}
2025-12-22 12:27:09,465 MambaPro.train INFO: best_Rank-1:{82.9}
2025-12-22 12:27:09,466 MambaPro.train INFO: history_Rank-5:{79.1 , 85.2 , 85.8}
2025-12-22 12:27:09,466 MambaPro.train INFO: best_Rank-5:{85.8}
2025-12-22 12:27:09,466 MambaPro.train INFO: history_Rank-10:{81.3 , 87.3 , 87.2}
2025-12-22 12:27:09,466 MambaPro.train INFO: best_Rank-10:{87.3}
2025-12-22 12:27:09,466 MambaPro.train INFO: history_Experts:{[0.00 , 0.00 , 0.00] , [0.00 , 0.00 , 0.00] , [0.00 , 0.00 , 0.00]}
2025-12-22 12:28:37,865 MambaPro.train INFO: Epoch 4 done. Time per batch: 0.760[s] Speed: 84.2[samples/s]
2025-12-22 12:30:11,929 MambaPro.train INFO: Validation Results - Epoch: 4
2025-12-22 12:30:11,929 MambaPro.train INFO: Current mAP: 66.2%
2025-12-22 12:30:11,929 MambaPro.train INFO: CMC curve, Rank-1  :82.2%
2025-12-22 12:30:11,929 MambaPro.train INFO: CMC curve, Rank-5  :85.6%
2025-12-22 12:30:11,929 MambaPro.train INFO: CMC curve, Rank-10 :87.2%
2025-12-22 12:30:11,929 MambaPro.train INFO: 🎯 New Best! Saving model...
2025-12-22 12:30:12,380 MambaPro.train INFO: [Epoch 4] 指标集合列表（历史）
2025-12-22 12:30:12,380 MambaPro.train INFO: history_mAP:{53.9 , 63.2 , 65.8 , 66.2}
2025-12-22 12:30:12,380 MambaPro.train INFO: best_mAP:{66.2}
2025-12-22 12:30:12,380 MambaPro.train INFO: history_Rank-1:{75.8 , 82.4 , 82.9 , 82.2}
2025-12-22 12:30:12,380 MambaPro.train INFO: best_Rank-1:{82.9}
2025-12-22 12:30:12,380 MambaPro.train INFO: history_Rank-5:{79.1 , 85.2 , 85.8 , 85.6}
2025-12-22 12:30:12,380 MambaPro.train INFO: best_Rank-5:{85.8}
2025-12-22 12:30:12,380 MambaPro.train INFO: history_Rank-10:{81.3 , 87.3 , 87.2}
2025-12-22 12:30:12,380 MambaPro.train INFO: best_Rank-10:{87.3}
2025-12-22 12:30:12,380 MambaPro.train INFO: history_Experts:{[0.00 , 0.00 , 0.00] , [0.00 , 0.00 , 0.00] , [0.00 , 0.00 , 0.00] , [0.00 , 0.00 , 0.00]}
2025-12-22 12:31:39,120 MambaPro.train INFO: Epoch 5 done. Time per batch: 0.759[s] Speed: 84.4[samples/s]
2025-12-22 12:33:13,307 MambaPro.train INFO: Validation Results - Epoch: 5
2025-12-22 12:33:13,307 MambaPro.train INFO: Current mAP: 68.0%
2025-12-22 12:33:13,307 MambaPro.train INFO: CMC curve, Rank-1  :86.3%
2025-12-22 12:33:13,307 MambaPro.train INFO: CMC curve, Rank-5  :88.2%
2025-12-22 12:33:13,307 MambaPro.train INFO: CMC curve, Rank-10 :89.3%
2025-12-22 12:33:13,307 MambaPro.train INFO: 🎯 New Best! Saving model...
2025-12-22 12:33:13,777 MambaPro.train INFO: [Epoch 5] 指标集合列表（历史）
2025-12-22 12:33:13,777 MambaPro.train INFO: history_mAP:{53.9 , 63.2 , 65.8 , 66.2 , 68.0}
2025-12-22 12:33:13,777 MambaPro.train INFO: best_mAP:{68.0}
2025-12-22 12:33:13,777 MambaPro.train INFO: history_Rank-1:{75.8 , 82.4 , 82.9 , 82.2 , 86.3}
2025-12-22 12:33:13,777 MambaPro.train INFO: best_Rank-1:{86.3}
2025-12-22 12:33:13,777 MambaPro.train INFO: history_Rank-5:{79.1 , 85.2 , 85.8 , 85.6 , 88.2}
2025-12-22 12:33:13,777 MambaPro.train INFO: best_Rank-5:{88.2}
2025-12-22 12:33:13,777 MambaPro.train INFO: history_Rank-10:{81.3 , 87.3 , 87.2 , 89.3}
2025-12-22 12:33:13,777 MambaPro.train INFO: best_Rank-10:{89.3}
2025-12-22 12:33:13,777 MambaPro.train INFO: history_Experts:{[0.00 , 0.00 , 0.00] , [0.00 , 0.00 , 0.00] , [0.00 , 0.00 , 0.00] , [0.00 , 0.00 , 0.00] , [0.00 , 0.00 , 0.00]}
2025-12-22 12:34:42,023 MambaPro.train INFO: Epoch 6 done. Time per batch: 0.759[s] Speed: 84.4[samples/s]
2025-12-22 12:36:16,355 MambaPro.train INFO: Validation Results - Epoch: 6
2025-12-22 12:36:16,355 MambaPro.train INFO: Current mAP: 67.3%
2025-12-22 12:36:16,355 MambaPro.train INFO: CMC curve, Rank-1  :83.8%
2025-12-22 12:36:16,355 MambaPro.train INFO: CMC curve, Rank-5  :86.4%
2025-12-22 12:36:16,355 MambaPro.train INFO: CMC curve, Rank-10 :88.3%
2025-12-22 12:36:16,355 MambaPro.train INFO: [Epoch 6] 指标集合列表（历史）
2025-12-22 12:36:16,355 MambaPro.train INFO: history_mAP:{53.9 , 63.2 , 65.8 , 66.2 , 68.0 , 67.3}
2025-12-22 12:36:16,355 MambaPro.train INFO: best_mAP:{68.0}
2025-12-22 12:36:16,355 MambaPro.train INFO: history_Rank-1:{75.8 , 82.4 , 82.9 , 82.2 , 86.3 , 83.8}
2025-12-22 12:36:16,355 MambaPro.train INFO: best_Rank-1:{86.3}
2025-12-22 12:36:16,355 MambaPro.train INFO: history_Rank-5:{79.1 , 85.2 , 85.8 , 85.6 , 88.2 , 86.4}
2025-12-22 12:36:16,355 MambaPro.train INFO: best_Rank-5:{88.2}
2025-12-22 12:36:16,355 MambaPro.train INFO: history_Rank-10:{81.3 , 87.3 , 87.2 , 89.3 , 88.3}
2025-12-22 12:36:16,355 MambaPro.train INFO: best_Rank-10:{89.3}
2025-12-22 12:36:16,355 MambaPro.train INFO: history_Experts:{[0.00 , 0.00 , 0.00] , [0.00 , 0.00 , 0.00] , [0.00 , 0.00 , 0.00] , [0.00 , 0.00 , 0.00] , [0.00 , 0.00 , 0.00] , [0.00 , 0.00 , 0.00]}
2025-12-22 12:37:45,430 MambaPro.train INFO: Epoch 7 done. Time per batch: 0.759[s] Speed: 84.3[samples/s]
2025-12-22 12:39:19,564 MambaPro.train INFO: Validation Results - Epoch: 7
2025-12-22 12:39:19,564 MambaPro.train INFO: Current mAP: 74.7%
2025-12-22 12:39:19,564 MambaPro.train INFO: CMC curve, Rank-1  :89.5%
2025-12-22 12:39:19,564 MambaPro.train INFO: CMC curve, Rank-5  :91.4%
2025-12-22 12:39:19,564 MambaPro.train INFO: CMC curve, Rank-10 :92.5%
2025-12-22 12:39:19,564 MambaPro.train INFO: 🎯 New Best! Saving model...
2025-12-22 12:39:20,015 MambaPro.train INFO: [Epoch 7] 指标集合列表（历史）
2025-12-22 12:39:20,016 MambaPro.train INFO: history_mAP:{53.9 , 63.2 , 65.8 , 66.2 , 68.0 , 67.3 , 74.7}
2025-12-22 12:39:20,016 MambaPro.train INFO: best_mAP:{74.7}
2025-12-22 12:39:20,016 MambaPro.train INFO: history_Rank-1:{75.8 , 82.4 , 82.9 , 82.2 , 86.3 , 83.8 , 89.5}
2025-12-22 12:39:20,016 MambaPro.train INFO: best_Rank-1:{89.5}
2025-12-22 12:39:20,016 MambaPro.train INFO: history_Rank-5:{79.1 , 85.2 , 85.8 , 85.6 , 88.2 , 86.4 , 91.4}
2025-12-22 12:39:20,016 MambaPro.train INFO: best_Rank-5:{91.4}
2025-12-22 12:39:20,016 MambaPro.train INFO: history_Rank-10:{81.3 , 87.3 , 87.2 , 89.3 , 88.3 , 92.5}
2025-12-22 12:39:20,016 MambaPro.train INFO: best_Rank-10:{92.5}
2025-12-22 12:39:20,016 MambaPro.train INFO: history_Experts:{[0.00 , 0.00 , 0.00] , [0.00 , 0.00 , 0.00] , [0.00 , 0.00 , 0.00] , [0.00 , 0.00 , 0.00] , [0.00 , 0.00 , 0.00] , [0.00 , 0.00 , 0.00] , [0.00 , 0.00 , 0.00]}
2025-12-22 12:40:49,160 MambaPro.train INFO: Epoch 8 done. Time per batch: 0.760[s] Speed: 84.2[samples/s]
2025-12-22 12:42:23,240 MambaPro.train INFO: Validation Results - Epoch: 8
2025-12-22 12:42:23,240 MambaPro.train INFO: Current mAP: 72.9%
2025-12-22 12:42:23,240 MambaPro.train INFO: CMC curve, Rank-1  :87.5%
2025-12-22 12:42:23,240 MambaPro.train INFO: CMC curve, Rank-5  :89.0%
2025-12-22 12:42:23,240 MambaPro.train INFO: CMC curve, Rank-10 :90.6%
2025-12-22 12:42:23,240 MambaPro.train INFO: [Epoch 8] 指标集合列表（历史）
2025-12-22 12:42:23,240 MambaPro.train INFO: history_mAP:{53.9 , 63.2 , 65.8 , 66.2 , 68.0 , 67.3 , 74.7 , 72.9}
2025-12-22 12:42:23,240 MambaPro.train INFO: best_mAP:{74.7}
2025-12-22 12:42:23,240 MambaPro.train INFO: history_Rank-1:{75.8 , 82.4 , 82.9 , 82.2 , 86.3 , 83.8 , 89.5 , 87.5}
2025-12-22 12:42:23,240 MambaPro.train INFO: best_Rank-1:{89.5}
2025-12-22 12:42:23,240 MambaPro.train INFO: history_Rank-5:{79.1 , 85.2 , 85.8 , 85.6 , 88.2 , 86.4 , 91.4 , 89.0}
2025-12-22 12:42:23,240 MambaPro.train INFO: best_Rank-5:{91.4}
2025-12-22 12:42:23,240 MambaPro.train INFO: history_Rank-10:{81.3 , 87.3 , 87.2 , 89.3 , 88.3 , 92.5 , 90.6}
2025-12-22 12:42:23,240 MambaPro.train INFO: best_Rank-10:{92.5}
2025-12-22 12:42:23,240 MambaPro.train INFO: history_Experts:{[0.00 , 0.00 , 0.00] , [0.00 , 0.00 , 0.00] , [0.00 , 0.00 , 0.00] , [0.00 , 0.00 , 0.00] , [0.00 , 0.00 , 0.00] , [0.00 , 0.00 , 0.00] , [0.00 , 0.00 , 0.00] , [0.00 , 0.00 , 0.00]}
2025-12-22 12:43:51,517 MambaPro.train INFO: Epoch 9 done. Time per batch: 0.759[s] Speed: 84.3[samples/s]
2025-12-22 12:45:25,661 MambaPro.train INFO: Validation Results - Epoch: 9
2025-12-22 12:45:25,661 MambaPro.train INFO: Current mAP: 74.1%
2025-12-22 12:45:25,661 MambaPro.train INFO: CMC curve, Rank-1  :87.5%
2025-12-22 12:45:25,661 MambaPro.train INFO: CMC curve, Rank-5  :89.7%
2025-12-22 12:45:25,661 MambaPro.train INFO: CMC curve, Rank-10 :90.7%
2025-12-22 12:45:25,661 MambaPro.train INFO: [Epoch 9] 指标集合列表（历史）
2025-12-22 12:45:25,661 MambaPro.train INFO: history_mAP:{53.9 , 63.2 , 65.8 , 66.2 , 68.0 , 67.3 , 74.7 , 72.9 , 74.1}
2025-12-22 12:45:25,661 MambaPro.train INFO: best_mAP:{74.7}
2025-12-22 12:45:25,661 MambaPro.train INFO: history_Rank-1:{75.8 , 82.4 , 82.9 , 82.2 , 86.3 , 83.8 , 89.5 , 87.5 , 87.5}
2025-12-22 12:45:25,661 MambaPro.train INFO: best_Rank-1:{89.5}
2025-12-22 12:45:25,661 MambaPro.train INFO: history_Rank-5:{79.1 , 85.2 , 85.8 , 85.6 , 88.2 , 86.4 , 91.4 , 89.0 , 89.7}
2025-12-22 12:45:25,661 MambaPro.train INFO: best_Rank-5:{91.4}
2025-12-22 12:45:25,661 MambaPro.train INFO: history_Rank-10:{81.3 , 87.3 , 87.2 , 89.3 , 88.3 , 92.5 , 90.6 , 90.7}
2025-12-22 12:45:25,661 MambaPro.train INFO: best_Rank-10:{92.5}
2025-12-22 12:45:25,661 MambaPro.train INFO: history_Experts:{[0.00 , 0.00 , 0.00] , [0.00 , 0.00 , 0.00] , [0.00 , 0.00 , 0.00] , [0.00 , 0.00 , 0.00] , [0.00 , 0.00 , 0.00] , [0.00 , 0.00 , 0.00] , [0.00 , 0.00 , 0.00] , [0.00 , 0.00 , 0.00] , [0.00 , 0.00 , 0.00]}
2025-12-22 12:46:53,925 MambaPro.train INFO: Epoch 10 done. Time per batch: 0.759[s] Speed: 84.4[samples/s]
2025-12-22 12:48:28,101 MambaPro.train INFO: Validation Results - Epoch: 10
2025-12-22 12:48:28,101 MambaPro.train INFO: Current mAP: 74.0%
2025-12-22 12:48:28,101 MambaPro.train INFO: CMC curve, Rank-1  :89.3%
2025-12-22 12:48:28,101 MambaPro.train INFO: CMC curve, Rank-5  :91.3%
2025-12-22 12:48:28,101 MambaPro.train INFO: CMC curve, Rank-10 :92.5%
2025-12-22 12:48:28,101 MambaPro.train INFO: [Epoch 10] 指标集合列表（历史）
2025-12-22 12:48:28,101 MambaPro.train INFO: history_mAP:{53.9 , 63.2 , 65.8 , 66.2 , 68.0 , 67.3 , 74.7 , 72.9 , 74.1 , 74.0}
2025-12-22 12:48:28,101 MambaPro.train INFO: best_mAP:{74.7}
2025-12-22 12:48:28,101 MambaPro.train INFO: history_Rank-1:{75.8 , 82.4 , 82.9 , 82.2 , 86.3 , 83.8 , 89.5 , 87.5 , 87.5 , 89.3}
2025-12-22 12:48:28,101 MambaPro.train INFO: best_Rank-1:{89.5}
2025-12-22 12:48:28,101 MambaPro.train INFO: history_Rank-5:{79.1 , 85.2 , 85.8 , 85.6 , 88.2 , 86.4 , 91.4 , 89.0 , 89.7 , 91.3}
2025-12-22 12:48:28,101 MambaPro.train INFO: best_Rank-5:{91.4}
2025-12-22 12:48:28,101 MambaPro.train INFO: history_Rank-10:{81.3 , 87.3 , 87.2 , 89.3 , 88.3 , 92.5 , 90.6 , 90.7 , 92.5}
2025-12-22 12:48:28,101 MambaPro.train INFO: best_Rank-10:{92.5}
2025-12-22 12:48:28,101 MambaPro.train INFO: history_Experts:{[0.00 , 0.00 , 0.00] , [0.00 , 0.00 , 0.00] , [0.00 , 0.00 , 0.00] , [0.00 , 0.00 , 0.00] , [0.00 , 0.00 , 0.00] , [0.00 , 0.00 , 0.00] , [0.00 , 0.00 , 0.00] , [0.00 , 0.00 , 0.00] , [0.00 , 0.00 , 0.00] , [0.00 , 0.00 , 0.00]}
2025-12-22 12:49:55,672 MambaPro.train INFO: Epoch 11 done. Time per batch: 0.759[s] Speed: 84.3[samples/s]
2025-12-22 12:51:29,839 MambaPro.train INFO: Validation Results - Epoch: 11
2025-12-22 12:51:29,839 MambaPro.train INFO: Current mAP: 74.4%
2025-12-22 12:51:29,839 MambaPro.train INFO: CMC curve, Rank-1  :86.0%
2025-12-22 12:51:29,839 MambaPro.train INFO: CMC curve, Rank-5  :88.2%
2025-12-22 12:51:29,839 MambaPro.train INFO: CMC curve, Rank-10 :89.7%
2025-12-22 12:51:29,839 MambaPro.train INFO: [Epoch 11] 指标集合列表（历史）
2025-12-22 12:51:29,839 MambaPro.train INFO: history_mAP:{53.9 , 63.2 , 65.8 , 66.2 , 68.0 , 67.3 , 74.7 , 72.9 , 74.1 , 74.0 , 74.4}
2025-12-22 12:51:29,839 MambaPro.train INFO: best_mAP:{74.7}
2025-12-22 12:51:29,839 MambaPro.train INFO: history_Rank-1:{75.8 , 82.4 , 82.9 , 82.2 , 86.3 , 83.8 , 89.5 , 87.5 , 87.5 , 89.3 , 86.0}
2025-12-22 12:51:29,839 MambaPro.train INFO: best_Rank-1:{89.5}
2025-12-22 12:51:29,839 MambaPro.train INFO: history_Rank-5:{79.1 , 85.2 , 85.8 , 85.6 , 88.2 , 86.4 , 91.4 , 89.0 , 89.7 , 91.3}
2025-12-22 12:51:29,839 MambaPro.train INFO: best_Rank-5:{91.4}
2025-12-22 12:51:29,839 MambaPro.train INFO: history_Rank-10:{81.3 , 87.3 , 87.2 , 89.3 , 88.3 , 92.5 , 90.6 , 90.7 , 92.5 , 89.7}
2025-12-22 12:51:29,839 MambaPro.train INFO: best_Rank-10:{92.5}
2025-12-22 12:51:29,839 MambaPro.train INFO: history_Experts:{[0.00 , 0.00 , 0.00] , [0.00 , 0.00 , 0.00] , [0.00 , 0.00 , 0.00] , [0.00 , 0.00 , 0.00] , [0.00 , 0.00 , 0.00] , [0.00 , 0.00 , 0.00] , [0.00 , 0.00 , 0.00] , [0.00 , 0.00 , 0.00] , [0.00 , 0.00 , 0.00] , [0.00 , 0.00 , 0.00] , [0.00 , 0.00 , 0.00]}
2025-12-22 12:52:58,886 MambaPro.train INFO: Epoch 12 done. Time per batch: 0.759[s] Speed: 84.3[samples/s]
2025-12-22 12:54:33,126 MambaPro.train INFO: Validation Results - Epoch: 12
2025-12-22 12:54:33,126 MambaPro.train INFO: Current mAP: 74.5%
2025-12-22 12:54:33,126 MambaPro.train INFO: CMC curve, Rank-1  :88.2%
2025-12-22 12:54:33,126 MambaPro.train INFO: CMC curve, Rank-5  :89.4%
2025-12-22 12:54:33,126 MambaPro.train INFO: CMC curve, Rank-10 :90.2%
2025-12-22 12:54:33,126 MambaPro.train INFO: [Epoch 12] 指标集合列表（历史）
2025-12-22 12:54:33,126 MambaPro.train INFO: history_mAP:{53.9 , 63.2 , 65.8 , 66.2 , 68.0 , 67.3 , 74.7 , 72.9 , 74.1 , 74.0 , 74.4 , 74.5}
2025-12-22 12:54:33,126 MambaPro.train INFO: best_mAP:{74.7}
2025-12-22 12:54:33,126 MambaPro.train INFO: history_Rank-1:{75.8 , 82.4 , 82.9 , 82.2 , 86.3 , 83.8 , 89.5 , 87.5 , 87.5 , 89.3 , 86.0 , 88.2}
2025-12-22 12:54:33,126 MambaPro.train INFO: best_Rank-1:{89.5}
2025-12-22 12:54:33,126 MambaPro.train INFO: history_Rank-5:{79.1 , 85.2 , 85.8 , 85.6 , 88.2 , 86.4 , 91.4 , 89.0 , 89.7 , 91.3 , 89.4}
2025-12-22 12:54:33,126 MambaPro.train INFO: best_Rank-5:{91.4}
2025-12-22 12:54:33,126 MambaPro.train INFO: history_Rank-10:{81.3 , 87.3 , 87.2 , 89.3 , 88.3 , 92.5 , 90.6 , 90.7 , 92.5 , 89.7 , 90.2}
2025-12-22 12:54:33,126 MambaPro.train INFO: best_Rank-10:{92.5}
2025-12-22 12:54:33,126 MambaPro.train INFO: history_Experts:{[0.00 , 0.00 , 0.00] , [0.00 , 0.00 , 0.00] , [0.00 , 0.00 , 0.00] , [0.00 , 0.00 , 0.00] , [0.00 , 0.00 , 0.00] , [0.00 , 0.00 , 0.00] , [0.00 , 0.00 , 0.00] , [0.00 , 0.00 , 0.00] , [0.00 , 0.00 , 0.00] , [0.00 , 0.00 , 0.00] , [0.00 , 0.00 , 0.00] , [0.00 , 0.00 , 0.00]}
2025-12-22 12:56:01,435 MambaPro.train INFO: Epoch 13 done. Time per batch: 0.759[s] Speed: 84.3[samples/s]
2025-12-22 12:57:35,669 MambaPro.train INFO: Validation Results - Epoch: 13
2025-12-22 12:57:35,669 MambaPro.train INFO: Current mAP: 73.8%
2025-12-22 12:57:35,669 MambaPro.train INFO: CMC curve, Rank-1  :86.5%
2025-12-22 12:57:35,669 MambaPro.train INFO: CMC curve, Rank-5  :88.3%
2025-12-22 12:57:35,669 MambaPro.train INFO: CMC curve, Rank-10 :89.2%
2025-12-22 12:57:35,669 MambaPro.train INFO: [Epoch 13] 指标集合列表（历史）
2025-12-22 12:57:35,669 MambaPro.train INFO: history_mAP:{53.9 , 63.2 , 65.8 , 66.2 , 68.0 , 67.3 , 74.7 , 72.9 , 74.1 , 74.0 , 74.4 , 74.5 , 73.8}
2025-12-22 12:57:35,669 MambaPro.train INFO: best_mAP:{74.7}
2025-12-22 12:57:35,669 MambaPro.train INFO: history_Rank-1:{75.8 , 82.4 , 82.9 , 82.2 , 86.3 , 83.8 , 89.5 , 87.5 , 87.5 , 89.3 , 86.0 , 88.2 , 86.5}
2025-12-22 12:57:35,669 MambaPro.train INFO: best_Rank-1:{89.5}
2025-12-22 12:57:35,669 MambaPro.train INFO: history_Rank-5:{79.1 , 85.2 , 85.8 , 85.6 , 88.2 , 86.4 , 91.4 , 89.0 , 89.7 , 91.3 , 89.4 , 88.3}
2025-12-22 12:57:35,669 MambaPro.train INFO: best_Rank-5:{91.4}
2025-12-22 12:57:35,669 MambaPro.train INFO: history_Rank-10:{81.3 , 87.3 , 87.2 , 89.3 , 88.3 , 92.5 , 90.6 , 90.7 , 92.5 , 89.7 , 90.2 , 89.2}
2025-12-22 12:57:35,669 MambaPro.train INFO: best_Rank-10:{92.5}
2025-12-22 12:57:35,669 MambaPro.train INFO: history_Experts:{[0.00 , 0.00 , 0.00] , [0.00 , 0.00 , 0.00] , [0.00 , 0.00 , 0.00] , [0.00 , 0.00 , 0.00] , [0.00 , 0.00 , 0.00] , [0.00 , 0.00 , 0.00] , [0.00 , 0.00 , 0.00] , [0.00 , 0.00 , 0.00] , [0.00 , 0.00 , 0.00] , [0.00 , 0.00 , 0.00] , [0.00 , 0.00 , 0.00] , [0.00 , 0.00 , 0.00] , [0.00 , 0.00 , 0.00]}
2025-12-22 12:59:03,964 MambaPro.train INFO: Epoch 14 done. Time per batch: 0.759[s] Speed: 84.3[samples/s]
2025-12-22 13:00:38,164 MambaPro.train INFO: Validation Results - Epoch: 14
2025-12-22 13:00:38,164 MambaPro.train INFO: Current mAP: 74.2%
2025-12-22 13:00:38,164 MambaPro.train INFO: CMC curve, Rank-1  :87.6%
2025-12-22 13:00:38,164 MambaPro.train INFO: CMC curve, Rank-5  :88.6%
2025-12-22 13:00:38,164 MambaPro.train INFO: CMC curve, Rank-10 :89.3%
2025-12-22 13:00:38,164 MambaPro.train INFO: [Epoch 14] 指标集合列表（历史）
2025-12-22 13:00:38,165 MambaPro.train INFO: history_mAP:{53.9 , 63.2 , 65.8 , 66.2 , 68.0 , 67.3 , 74.7 , 72.9 , 74.1 , 74.0 , 74.4 , 74.5 , 73.8 , 74.2}
2025-12-22 13:00:38,165 MambaPro.train INFO: best_mAP:{74.7}
2025-12-22 13:00:38,165 MambaPro.train INFO: history_Rank-1:{75.8 , 82.4 , 82.9 , 82.2 , 86.3 , 83.8 , 89.5 , 87.5 , 87.5 , 89.3 , 86.0 , 88.2 , 86.5 , 87.6}
2025-12-22 13:00:38,165 MambaPro.train INFO: best_Rank-1:{89.5}
2025-12-22 13:00:38,165 MambaPro.train INFO: history_Rank-5:{79.1 , 85.2 , 85.8 , 85.6 , 88.2 , 86.4 , 91.4 , 89.0 , 89.7 , 91.3 , 89.4 , 88.3 , 88.6}
2025-12-22 13:00:38,165 MambaPro.train INFO: best_Rank-5:{91.4}
2025-12-22 13:00:38,165 MambaPro.train INFO: history_Rank-10:{81.3 , 87.3 , 87.2 , 89.3 , 88.3 , 92.5 , 90.6 , 90.7 , 92.5 , 89.7 , 90.2 , 89.2 , 89.3}
2025-12-22 13:00:38,165 MambaPro.train INFO: best_Rank-10:{92.5}
2025-12-22 13:00:38,165 MambaPro.train INFO: history_Experts:{[0.00 , 0.00 , 0.00] , [0.00 , 0.00 , 0.00] , [0.00 , 0.00 , 0.00] , [0.00 , 0.00 , 0.00] , [0.00 , 0.00 , 0.00] , [0.00 , 0.00 , 0.00] , [0.00 , 0.00 , 0.00] , [0.00 , 0.00 , 0.00] , [0.00 , 0.00 , 0.00] , [0.00 , 0.00 , 0.00] , [0.00 , 0.00 , 0.00] , [0.00 , 0.00 , 0.00] , [0.00 , 0.00 , 0.00] , [0.00 , 0.00 , 0.00]}
2025-12-22 13:02:06,413 MambaPro.train INFO: Epoch 15 done. Time per batch: 0.759[s] Speed: 84.4[samples/s]
2025-12-22 13:03:40,697 MambaPro.train INFO: Validation Results - Epoch: 15
2025-12-22 13:03:40,698 MambaPro.train INFO: Current mAP: 74.2%
2025-12-22 13:03:40,698 MambaPro.train INFO: CMC curve, Rank-1  :86.6%
2025-12-22 13:03:40,698 MambaPro.train INFO: CMC curve, Rank-5  :87.9%
2025-12-22 13:03:40,698 MambaPro.train INFO: CMC curve, Rank-10 :88.6%
2025-12-22 13:03:40,698 MambaPro.train INFO: [Epoch 15] 指标集合列表（历史）
2025-12-22 13:03:40,698 MambaPro.train INFO: history_mAP:{53.9 , 63.2 , 65.8 , 66.2 , 68.0 , 67.3 , 74.7 , 72.9 , 74.1 , 74.0 , 74.4 , 74.5 , 73.8 , 74.2 , 74.2}
2025-12-22 13:03:40,698 MambaPro.train INFO: best_mAP:{74.7}
2025-12-22 13:03:40,698 MambaPro.train INFO: history_Rank-1:{75.8 , 82.4 , 82.9 , 82.2 , 86.3 , 83.8 , 89.5 , 87.5 , 87.5 , 89.3 , 86.0 , 88.2 , 86.5 , 87.6 , 86.6}
2025-12-22 13:03:40,698 MambaPro.train INFO: best_Rank-1:{89.5}
2025-12-22 13:03:40,698 MambaPro.train INFO: history_Rank-5:{79.1 , 85.2 , 85.8 , 85.6 , 88.2 , 86.4 , 91.4 , 89.0 , 89.7 , 91.3 , 89.4 , 88.3 , 88.6 , 87.9}
2025-12-22 13:03:40,698 MambaPro.train INFO: best_Rank-5:{91.4}
2025-12-22 13:03:40,698 MambaPro.train INFO: history_Rank-10:{81.3 , 87.3 , 87.2 , 89.3 , 88.3 , 92.5 , 90.6 , 90.7 , 92.5 , 89.7 , 90.2 , 89.2 , 89.3 , 88.6}
2025-12-22 13:03:40,698 MambaPro.train INFO: best_Rank-10:{92.5}
2025-12-22 13:03:40,698 MambaPro.train INFO: history_Experts:{[0.00 , 0.00 , 0.00] , [0.00 , 0.00 , 0.00] , [0.00 , 0.00 , 0.00] , [0.00 , 0.00 , 0.00] , [0.00 , 0.00 , 0.00] , [0.00 , 0.00 , 0.00] , [0.00 , 0.00 , 0.00] , [0.00 , 0.00 , 0.00] , [0.00 , 0.00 , 0.00] , [0.00 , 0.00 , 0.00] , [0.00 , 0.00 , 0.00] , [0.00 , 0.00 , 0.00] , [0.00 , 0.00 , 0.00] , [0.00 , 0.00 , 0.00] , [0.00 , 0.00 , 0.00]}
2025-12-22 13:05:09,734 MambaPro.train INFO: Epoch 16 done. Time per batch: 0.759[s] Speed: 84.3[samples/s]
2025-12-22 13:06:44,000 MambaPro.train INFO: Validation Results - Epoch: 16
2025-12-22 13:06:44,000 MambaPro.train INFO: Current mAP: 74.9%
2025-12-22 13:06:44,000 MambaPro.train INFO: CMC curve, Rank-1  :87.1%
2025-12-22 13:06:44,000 MambaPro.train INFO: CMC curve, Rank-5  :88.3%
2025-12-22 13:06:44,000 MambaPro.train INFO: CMC curve, Rank-10 :89.3%
2025-12-22 13:06:44,000 MambaPro.train INFO: 🎯 New Best! Saving model...
2025-12-22 13:06:44,451 MambaPro.train INFO: [Epoch 16] 指标集合列表（历史）
2025-12-22 13:06:44,451 MambaPro.train INFO: history_mAP:{53.9 , 63.2 , 65.8 , 66.2 , 68.0 , 67.3 , 74.7 , 72.9 , 74.1 , 74.0 , 74.4 , 74.5 , 73.8 , 74.2 , 74.2 , 74.9}
2025-12-22 13:06:44,451 MambaPro.train INFO: best_mAP:{74.9}
2025-12-22 13:06:44,451 MambaPro.train INFO: history_Rank-1:{75.8 , 82.4 , 82.9 , 82.2 , 86.3 , 83.8 , 89.5 , 87.5 , 87.5 , 89.3 , 86.0 , 88.2 , 86.5 , 87.6 , 86.6 , 87.1}
2025-12-22 13:06:44,451 MambaPro.train INFO: best_Rank-1:{89.5}
2025-12-22 13:06:44,452 MambaPro.train INFO: history_Rank-5:{79.1 , 85.2 , 85.8 , 85.6 , 88.2 , 86.4 , 91.4 , 89.0 , 89.7 , 91.3 , 89.4 , 88.3 , 88.6 , 87.9 , 88.3}
2025-12-22 13:06:44,452 MambaPro.train INFO: best_Rank-5:{91.4}
2025-12-22 13:06:44,452 MambaPro.train INFO: history_Rank-10:{81.3 , 87.3 , 87.2 , 89.3 , 88.3 , 92.5 , 90.6 , 90.7 , 92.5 , 89.7 , 90.2 , 89.2 , 89.3 , 88.6}
2025-12-22 13:06:44,452 MambaPro.train INFO: best_Rank-10:{92.5}
2025-12-22 13:06:44,452 MambaPro.train INFO: history_Experts:{[0.00 , 0.00 , 0.00] , [0.00 , 0.00 , 0.00] , [0.00 , 0.00 , 0.00] , [0.00 , 0.00 , 0.00] , [0.00 , 0.00 , 0.00] , [0.00 , 0.00 , 0.00] , [0.00 , 0.00 , 0.00] , [0.00 , 0.00 , 0.00] , [0.00 , 0.00 , 0.00] , [0.00 , 0.00 , 0.00] , [0.00 , 0.00 , 0.00] , [0.00 , 0.00 , 0.00] , [0.00 , 0.00 , 0.00] , [0.00 , 0.00 , 0.00] , [0.00 , 0.00 , 0.00] , [0.00 , 0.00 , 0.00]}
2025-12-22 13:08:12,656 MambaPro.train INFO: Epoch 17 done. Time per batch: 0.758[s] Speed: 84.4[samples/s]
2025-12-22 13:09:46,752 MambaPro.train INFO: Validation Results - Epoch: 17
2025-12-22 13:09:46,752 MambaPro.train INFO: Current mAP: 75.1%
2025-12-22 13:09:46,752 MambaPro.train INFO: CMC curve, Rank-1  :86.9%
2025-12-22 13:09:46,752 MambaPro.train INFO: CMC curve, Rank-5  :88.2%
2025-12-22 13:09:46,752 MambaPro.train INFO: CMC curve, Rank-10 :89.1%
2025-12-22 13:09:46,752 MambaPro.train INFO: 🎯 New Best! Saving model...
2025-12-22 13:09:47,220 MambaPro.train INFO: [Epoch 17] 指标集合列表（历史）
2025-12-22 13:09:47,221 MambaPro.train INFO: history_mAP:{53.9 , 63.2 , 65.8 , 66.2 , 68.0 , 67.3 , 74.7 , 72.9 , 74.1 , 74.0 , 74.4 , 74.5 , 73.8 , 74.2 , 74.2 , 74.9 , 75.1}
2025-12-22 13:09:47,221 MambaPro.train INFO: best_mAP:{75.1}
2025-12-22 13:09:47,221 MambaPro.train INFO: history_Rank-1:{75.8 , 82.4 , 82.9 , 82.2 , 86.3 , 83.8 , 89.5 , 87.5 , 87.5 , 89.3 , 86.0 , 88.2 , 86.5 , 87.6 , 86.6 , 87.1 , 86.9}
2025-12-22 13:09:47,221 MambaPro.train INFO: best_Rank-1:{89.5}
2025-12-22 13:09:47,221 MambaPro.train INFO: history_Rank-5:{79.1 , 85.2 , 85.8 , 85.6 , 88.2 , 86.4 , 91.4 , 89.0 , 89.7 , 91.3 , 89.4 , 88.3 , 88.6 , 87.9 , 88.3 , 88.2}
2025-12-22 13:09:47,221 MambaPro.train INFO: best_Rank-5:{91.4}
2025-12-22 13:09:47,221 MambaPro.train INFO: history_Rank-10:{81.3 , 87.3 , 87.2 , 89.3 , 88.3 , 92.5 , 90.6 , 90.7 , 92.5 , 89.7 , 90.2 , 89.2 , 89.3 , 88.6 , 89.1}
2025-12-22 13:09:47,221 MambaPro.train INFO: best_Rank-10:{92.5}
2025-12-22 13:09:47,221 MambaPro.train INFO: history_Experts:{[0.00 , 0.00 , 0.00] , [0.00 , 0.00 , 0.00] , [0.00 , 0.00 , 0.00] , [0.00 , 0.00 , 0.00] , [0.00 , 0.00 , 0.00] , [0.00 , 0.00 , 0.00] , [0.00 , 0.00 , 0.00] , [0.00 , 0.00 , 0.00] , [0.00 , 0.00 , 0.00] , [0.00 , 0.00 , 0.00] , [0.00 , 0.00 , 0.00] , [0.00 , 0.00 , 0.00] , [0.00 , 0.00 , 0.00] , [0.00 , 0.00 , 0.00] , [0.00 , 0.00 , 0.00] , [0.00 , 0.00 , 0.00] , [0.00 , 0.00 , 0.00]}
2025-12-22 13:11:14,678 MambaPro.train INFO: Epoch 18 done. Time per batch: 0.758[s] Speed: 84.4[samples/s]
2025-12-22 13:12:48,745 MambaPro.train INFO: Validation Results - Epoch: 18
2025-12-22 13:12:48,745 MambaPro.train INFO: Current mAP: 75.0%
2025-12-22 13:12:48,745 MambaPro.train INFO: CMC curve, Rank-1  :87.3%
2025-12-22 13:12:48,745 MambaPro.train INFO: CMC curve, Rank-5  :88.2%
2025-12-22 13:12:48,745 MambaPro.train INFO: CMC curve, Rank-10 :88.7%
2025-12-22 13:12:48,745 MambaPro.train INFO: [Epoch 18] 指标集合列表（历史）
2025-12-22 13:12:48,745 MambaPro.train INFO: history_mAP:{53.9 , 63.2 , 65.8 , 66.2 , 68.0 , 67.3 , 74.7 , 72.9 , 74.1 , 74.0 , 74.4 , 74.5 , 73.8 , 74.2 , 74.2 , 74.9 , 75.1 , 75.0}
2025-12-22 13:12:48,746 MambaPro.train INFO: best_mAP:{75.1}
2025-12-22 13:12:48,746 MambaPro.train INFO: history_Rank-1:{75.8 , 82.4 , 82.9 , 82.2 , 86.3 , 83.8 , 89.5 , 87.5 , 87.5 , 89.3 , 86.0 , 88.2 , 86.5 , 87.6 , 86.6 , 87.1 , 86.9 , 87.3}
2025-12-22 13:12:48,746 MambaPro.train INFO: best_Rank-1:{89.5}
2025-12-22 13:12:48,746 MambaPro.train INFO: history_Rank-5:{79.1 , 85.2 , 85.8 , 85.6 , 88.2 , 86.4 , 91.4 , 89.0 , 89.7 , 91.3 , 89.4 , 88.3 , 88.6 , 87.9 , 88.3 , 88.2}
2025-12-22 13:12:48,746 MambaPro.train INFO: best_Rank-5:{91.4}
2025-12-22 13:12:48,746 MambaPro.train INFO: history_Rank-10:{81.3 , 87.3 , 87.2 , 89.3 , 88.3 , 92.5 , 90.6 , 90.7 , 92.5 , 89.7 , 90.2 , 89.2 , 89.3 , 88.6 , 89.1 , 88.7}
2025-12-22 13:12:48,746 MambaPro.train INFO: best_Rank-10:{92.5}
2025-12-22 13:12:48,746 MambaPro.train INFO: history_Experts:{[0.00 , 0.00 , 0.00] , [0.00 , 0.00 , 0.00] , [0.00 , 0.00 , 0.00] , [0.00 , 0.00 , 0.00] , [0.00 , 0.00 , 0.00] , [0.00 , 0.00 , 0.00] , [0.00 , 0.00 , 0.00] , [0.00 , 0.00 , 0.00] , [0.00 , 0.00 , 0.00] , [0.00 , 0.00 , 0.00] , [0.00 , 0.00 , 0.00] , [0.00 , 0.00 , 0.00] , [0.00 , 0.00 , 0.00] , [0.00 , 0.00 , 0.00] , [0.00 , 0.00 , 0.00] , [0.00 , 0.00 , 0.00] , [0.00 , 0.00 , 0.00] , [0.00 , 0.00 , 0.00]}
2025-12-22 13:14:17,774 MambaPro.train INFO: Epoch 19 done. Time per batch: 0.759[s] Speed: 84.4[samples/s]
2025-12-22 13:15:52,067 MambaPro.train INFO: Validation Results - Epoch: 19
2025-12-22 13:15:52,067 MambaPro.train INFO: Current mAP: 75.2%
2025-12-22 13:15:52,067 MambaPro.train INFO: CMC curve, Rank-1  :87.0%
2025-12-22 13:15:52,067 MambaPro.train INFO: CMC curve, Rank-5  :87.9%
2025-12-22 13:15:52,067 MambaPro.train INFO: CMC curve, Rank-10 :89.0%
2025-12-22 13:15:52,067 MambaPro.train INFO: 🎯 New Best! Saving model...
2025-12-22 13:15:52,517 MambaPro.train INFO: [Epoch 19] 指标集合列表（历史）
2025-12-22 13:15:52,518 MambaPro.train INFO: history_mAP:{53.9 , 63.2 , 65.8 , 66.2 , 68.0 , 67.3 , 74.7 , 72.9 , 74.1 , 74.0 , 74.4 , 74.5 , 73.8 , 74.2 , 74.2 , 74.9 , 75.1 , 75.0 , 75.2}
2025-12-22 13:15:52,518 MambaPro.train INFO: best_mAP:{75.2}
2025-12-22 13:15:52,518 MambaPro.train INFO: history_Rank-1:{75.8 , 82.4 , 82.9 , 82.2 , 86.3 , 83.8 , 89.5 , 87.5 , 87.5 , 89.3 , 86.0 , 88.2 , 86.5 , 87.6 , 86.6 , 87.1 , 86.9 , 87.3 , 87.0}
2025-12-22 13:15:52,518 MambaPro.train INFO: best_Rank-1:{89.5}
2025-12-22 13:15:52,518 MambaPro.train INFO: history_Rank-5:{79.1 , 85.2 , 85.8 , 85.6 , 88.2 , 86.4 , 91.4 , 89.0 , 89.7 , 91.3 , 89.4 , 88.3 , 88.6 , 87.9 , 88.3 , 88.2 , 87.9}
2025-12-22 13:15:52,518 MambaPro.train INFO: best_Rank-5:{91.4}
2025-12-22 13:15:52,518 MambaPro.train INFO: history_Rank-10:{81.3 , 87.3 , 87.2 , 89.3 , 88.3 , 92.5 , 90.6 , 90.7 , 92.5 , 89.7 , 90.2 , 89.2 , 89.3 , 88.6 , 89.1 , 88.7 , 89.0}
2025-12-22 13:15:52,518 MambaPro.train INFO: best_Rank-10:{92.5}
2025-12-22 13:15:52,518 MambaPro.train INFO: history_Experts:{[0.00 , 0.00 , 0.00] , [0.00 , 0.00 , 0.00] , [0.00 , 0.00 , 0.00] , [0.00 , 0.00 , 0.00] , [0.00 , 0.00 , 0.00] , [0.00 , 0.00 , 0.00] , [0.00 , 0.00 , 0.00] , [0.00 , 0.00 , 0.00] , [0.00 , 0.00 , 0.00] , [0.00 , 0.00 , 0.00] , [0.00 , 0.00 , 0.00] , [0.00 , 0.00 , 0.00] , [0.00 , 0.00 , 0.00] , [0.00 , 0.00 , 0.00] , [0.00 , 0.00 , 0.00] , [0.00 , 0.00 , 0.00] , [0.00 , 0.00 , 0.00] , [0.00 , 0.00 , 0.00] , [0.00 , 0.00 , 0.00]}
2025-12-22 13:17:20,769 MambaPro.train INFO: Epoch 20 done. Time per batch: 0.759[s] Speed: 84.4[samples/s]
2025-12-22 13:18:54,900 MambaPro.train INFO: Validation Results - Epoch: 20
2025-12-22 13:18:54,900 MambaPro.train INFO: Current mAP: 75.5%
2025-12-22 13:18:54,900 MambaPro.train INFO: CMC curve, Rank-1  :87.8%
2025-12-22 13:18:54,900 MambaPro.train INFO: CMC curve, Rank-5  :88.7%
2025-12-22 13:18:54,900 MambaPro.train INFO: CMC curve, Rank-10 :89.4%
2025-12-22 13:18:54,900 MambaPro.train INFO: 🎯 New Best! Saving model...
2025-12-22 13:18:55,360 MambaPro.train INFO: [Epoch 20] 指标集合列表（历史）
2025-12-22 13:18:55,361 MambaPro.train INFO: history_mAP:{53.9 , 63.2 , 65.8 , 66.2 , 68.0 , 67.3 , 74.7 , 72.9 , 74.1 , 74.0 , 74.4 , 74.5 , 73.8 , 74.2 , 74.2 , 74.9 , 75.1 , 75.0 , 75.2 , 75.5}
2025-12-22 13:18:55,361 MambaPro.train INFO: best_mAP:{75.5}
2025-12-22 13:18:55,361 MambaPro.train INFO: history_Rank-1:{75.8 , 82.4 , 82.9 , 82.2 , 86.3 , 83.8 , 89.5 , 87.5 , 87.5 , 89.3 , 86.0 , 88.2 , 86.5 , 87.6 , 86.6 , 87.1 , 86.9 , 87.3 , 87.0 , 87.8}
2025-12-22 13:18:55,361 MambaPro.train INFO: best_Rank-1:{89.5}
2025-12-22 13:18:55,361 MambaPro.train INFO: history_Rank-5:{79.1 , 85.2 , 85.8 , 85.6 , 88.2 , 86.4 , 91.4 , 89.0 , 89.7 , 91.3 , 89.4 , 88.3 , 88.6 , 87.9 , 88.3 , 88.2 , 87.9 , 88.7}
2025-12-22 13:18:55,361 MambaPro.train INFO: best_Rank-5:{91.4}
2025-12-22 13:18:55,361 MambaPro.train INFO: history_Rank-10:{81.3 , 87.3 , 87.2 , 89.3 , 88.3 , 92.5 , 90.6 , 90.7 , 92.5 , 89.7 , 90.2 , 89.2 , 89.3 , 88.6 , 89.1 , 88.7 , 89.0 , 89.4}
2025-12-22 13:18:55,361 MambaPro.train INFO: best_Rank-10:{92.5}
2025-12-22 13:18:55,361 MambaPro.train INFO: history_Experts:{[0.00 , 0.00 , 0.00] , [0.00 , 0.00 , 0.00] , [0.00 , 0.00 , 0.00] , [0.00 , 0.00 , 0.00] , [0.00 , 0.00 , 0.00] , [0.00 , 0.00 , 0.00] , [0.00 , 0.00 , 0.00] , [0.00 , 0.00 , 0.00] , [0.00 , 0.00 , 0.00] , [0.00 , 0.00 , 0.00] , [0.00 , 0.00 , 0.00] , [0.00 , 0.00 , 0.00] , [0.00 , 0.00 , 0.00] , [0.00 , 0.00 , 0.00] , [0.00 , 0.00 , 0.00] , [0.00 , 0.00 , 0.00] , [0.00 , 0.00 , 0.00] , [0.00 , 0.00 , 0.00] , [0.00 , 0.00 , 0.00] , [0.00 , 0.00 , 0.00]}
2025-12-22 13:20:23,629 MambaPro.train INFO: Epoch 21 done. Time per batch: 0.759[s] Speed: 84.4[samples/s]
2025-12-22 13:21:57,806 MambaPro.train INFO: Validation Results - Epoch: 21
2025-12-22 13:21:57,806 MambaPro.train INFO: Current mAP: 74.9%
2025-12-22 13:21:57,806 MambaPro.train INFO: CMC curve, Rank-1  :87.2%
2025-12-22 13:21:57,806 MambaPro.train INFO: CMC curve, Rank-5  :88.7%
2025-12-22 13:21:57,806 MambaPro.train INFO: CMC curve, Rank-10 :89.4%
2025-12-22 13:21:57,806 MambaPro.train INFO: [Epoch 21] 指标集合列表（历史）
2025-12-22 13:21:57,806 MambaPro.train INFO: history_mAP:{53.9 , 63.2 , 65.8 , 66.2 , 68.0 , 67.3 , 74.7 , 72.9 , 74.1 , 74.0 , 74.4 , 74.5 , 73.8 , 74.2 , 74.2 , 74.9 , 75.1 , 75.0 , 75.2 , 75.5 , 74.9}
2025-12-22 13:21:57,806 MambaPro.train INFO: best_mAP:{75.5}
2025-12-22 13:21:57,806 MambaPro.train INFO: history_Rank-1:{75.8 , 82.4 , 82.9 , 82.2 , 86.3 , 83.8 , 89.5 , 87.5 , 87.5 , 89.3 , 86.0 , 88.2 , 86.5 , 87.6 , 86.6 , 87.1 , 86.9 , 87.3 , 87.0 , 87.8 , 87.2}
2025-12-22 13:21:57,806 MambaPro.train INFO: best_Rank-1:{89.5}
2025-12-22 13:21:57,806 MambaPro.train INFO: history_Rank-5:{79.1 , 85.2 , 85.8 , 85.6 , 88.2 , 86.4 , 91.4 , 89.0 , 89.7 , 91.3 , 89.4 , 88.3 , 88.6 , 87.9 , 88.3 , 88.2 , 87.9 , 88.7}
2025-12-22 13:21:57,806 MambaPro.train INFO: best_Rank-5:{91.4}
2025-12-22 13:21:57,806 MambaPro.train INFO: history_Rank-10:{81.3 , 87.3 , 87.2 , 89.3 , 88.3 , 92.5 , 90.6 , 90.7 , 92.5 , 89.7 , 90.2 , 89.2 , 89.3 , 88.6 , 89.1 , 88.7 , 89.0 , 89.4 , 89.4}
2025-12-22 13:21:57,806 MambaPro.train INFO: best_Rank-10:{92.5}
2025-12-22 13:21:57,806 MambaPro.train INFO: history_Experts:{[0.00 , 0.00 , 0.00] , [0.00 , 0.00 , 0.00] , [0.00 , 0.00 , 0.00] , [0.00 , 0.00 , 0.00] , [0.00 , 0.00 , 0.00] , [0.00 , 0.00 , 0.00] , [0.00 , 0.00 , 0.00] , [0.00 , 0.00 , 0.00] , [0.00 , 0.00 , 0.00] , [0.00 , 0.00 , 0.00] , [0.00 , 0.00 , 0.00] , [0.00 , 0.00 , 0.00] , [0.00 , 0.00 , 0.00] , [0.00 , 0.00 , 0.00] , [0.00 , 0.00 , 0.00] , [0.00 , 0.00 , 0.00] , [0.00 , 0.00 , 0.00] , [0.00 , 0.00 , 0.00] , [0.00 , 0.00 , 0.00] , [0.00 , 0.00 , 0.00] , [0.00 , 0.00 , 0.00]}
2025-12-22 13:23:26,052 MambaPro.train INFO: Epoch 22 done. Time per batch: 0.759[s] Speed: 84.4[samples/s]
2025-12-22 13:25:00,301 MambaPro.train INFO: Validation Results - Epoch: 22
2025-12-22 13:25:00,301 MambaPro.train INFO: Current mAP: 75.2%
2025-12-22 13:25:00,301 MambaPro.train INFO: CMC curve, Rank-1  :88.0%
2025-12-22 13:25:00,301 MambaPro.train INFO: CMC curve, Rank-5  :89.0%
2025-12-22 13:25:00,301 MambaPro.train INFO: CMC curve, Rank-10 :89.4%
2025-12-22 13:25:00,302 MambaPro.train INFO: [Epoch 22] 指标集合列表（历史）
2025-12-22 13:25:00,302 MambaPro.train INFO: history_mAP:{53.9 , 63.2 , 65.8 , 66.2 , 68.0 , 67.3 , 74.7 , 72.9 , 74.1 , 74.0 , 74.4 , 74.5 , 73.8 , 74.2 , 74.2 , 74.9 , 75.1 , 75.0 , 75.2 , 75.5 , 74.9 , 75.2}
2025-12-22 13:25:00,302 MambaPro.train INFO: best_mAP:{75.5}
2025-12-22 13:25:00,302 MambaPro.train INFO: history_Rank-1:{75.8 , 82.4 , 82.9 , 82.2 , 86.3 , 83.8 , 89.5 , 87.5 , 87.5 , 89.3 , 86.0 , 88.2 , 86.5 , 87.6 , 86.6 , 87.1 , 86.9 , 87.3 , 87.0 , 87.8 , 87.2 , 88.0}
2025-12-22 13:25:00,302 MambaPro.train INFO: best_Rank-1:{89.5}
2025-12-22 13:25:00,302 MambaPro.train INFO: history_Rank-5:{79.1 , 85.2 , 85.8 , 85.6 , 88.2 , 86.4 , 91.4 , 89.0 , 89.7 , 91.3 , 89.4 , 88.3 , 88.6 , 87.9 , 88.3 , 88.2 , 87.9 , 88.7 , 89.0}
2025-12-22 13:25:00,302 MambaPro.train INFO: best_Rank-5:{91.4}
2025-12-22 13:25:00,302 MambaPro.train INFO: history_Rank-10:{81.3 , 87.3 , 87.2 , 89.3 , 88.3 , 92.5 , 90.6 , 90.7 , 92.5 , 89.7 , 90.2 , 89.2 , 89.3 , 88.6 , 89.1 , 88.7 , 89.0 , 89.4 , 89.4}
2025-12-22 13:25:00,302 MambaPro.train INFO: best_Rank-10:{92.5}
2025-12-22 13:25:00,302 MambaPro.train INFO: history_Experts:{[0.00 , 0.00 , 0.00] , [0.00 , 0.00 , 0.00] , [0.00 , 0.00 , 0.00] , [0.00 , 0.00 , 0.00] , [0.00 , 0.00 , 0.00] , [0.00 , 0.00 , 0.00] , [0.00 , 0.00 , 0.00] , [0.00 , 0.00 , 0.00] , [0.00 , 0.00 , 0.00] , [0.00 , 0.00 , 0.00] , [0.00 , 0.00 , 0.00] , [0.00 , 0.00 , 0.00] , [0.00 , 0.00 , 0.00] , [0.00 , 0.00 , 0.00] , [0.00 , 0.00 , 0.00] , [0.00 , 0.00 , 0.00] , [0.00 , 0.00 , 0.00] , [0.00 , 0.00 , 0.00] , [0.00 , 0.00 , 0.00] , [0.00 , 0.00 , 0.00] , [0.00 , 0.00 , 0.00] , [0.00 , 0.00 , 0.00]}
2025-12-22 13:26:28,598 MambaPro.train INFO: Epoch 23 done. Time per batch: 0.759[s] Speed: 84.3[samples/s]
2025-12-22 13:28:02,691 MambaPro.train INFO: Validation Results - Epoch: 23
2025-12-22 13:28:02,691 MambaPro.train INFO: Current mAP: 75.4%
2025-12-22 13:28:02,691 MambaPro.train INFO: CMC curve, Rank-1  :87.8%
2025-12-22 13:28:02,691 MambaPro.train INFO: CMC curve, Rank-5  :88.7%
2025-12-22 13:28:02,691 MambaPro.train INFO: CMC curve, Rank-10 :89.4%
2025-12-22 13:28:02,691 MambaPro.train INFO: [Epoch 23] 指标集合列表（历史）
2025-12-22 13:28:02,691 MambaPro.train INFO: history_mAP:{53.9 , 63.2 , 65.8 , 66.2 , 68.0 , 67.3 , 74.7 , 72.9 , 74.1 , 74.0 , 74.4 , 74.5 , 73.8 , 74.2 , 74.2 , 74.9 , 75.1 , 75.0 , 75.2 , 75.5 , 74.9 , 75.2 , 75.4}
2025-12-22 13:28:02,691 MambaPro.train INFO: best_mAP:{75.5}
2025-12-22 13:28:02,691 MambaPro.train INFO: history_Rank-1:{75.8 , 82.4 , 82.9 , 82.2 , 86.3 , 83.8 , 89.5 , 87.5 , 87.5 , 89.3 , 86.0 , 88.2 , 86.5 , 87.6 , 86.6 , 87.1 , 86.9 , 87.3 , 87.0 , 87.8 , 87.2 , 88.0}
2025-12-22 13:28:02,691 MambaPro.train INFO: best_Rank-1:{89.5}
2025-12-22 13:28:02,692 MambaPro.train INFO: history_Rank-5:{79.1 , 85.2 , 85.8 , 85.6 , 88.2 , 86.4 , 91.4 , 89.0 , 89.7 , 91.3 , 89.4 , 88.3 , 88.6 , 87.9 , 88.3 , 88.2 , 87.9 , 88.7 , 89.0}
2025-12-22 13:28:02,692 MambaPro.train INFO: best_Rank-5:{91.4}
2025-12-22 13:28:02,692 MambaPro.train INFO: history_Rank-10:{81.3 , 87.3 , 87.2 , 89.3 , 88.3 , 92.5 , 90.6 , 90.7 , 92.5 , 89.7 , 90.2 , 89.2 , 89.3 , 88.6 , 89.1 , 88.7 , 89.0 , 89.4 , 89.4}
2025-12-22 13:28:02,692 MambaPro.train INFO: best_Rank-10:{92.5}
2025-12-22 13:28:02,692 MambaPro.train INFO: history_Experts:{[0.00 , 0.00 , 0.00] , [0.00 , 0.00 , 0.00] , [0.00 , 0.00 , 0.00] , [0.00 , 0.00 , 0.00] , [0.00 , 0.00 , 0.00] , [0.00 , 0.00 , 0.00] , [0.00 , 0.00 , 0.00] , [0.00 , 0.00 , 0.00] , [0.00 , 0.00 , 0.00] , [0.00 , 0.00 , 0.00] , [0.00 , 0.00 , 0.00] , [0.00 , 0.00 , 0.00] , [0.00 , 0.00 , 0.00] , [0.00 , 0.00 , 0.00] , [0.00 , 0.00 , 0.00] , [0.00 , 0.00 , 0.00] , [0.00 , 0.00 , 0.00] , [0.00 , 0.00 , 0.00] , [0.00 , 0.00 , 0.00] , [0.00 , 0.00 , 0.00] , [0.00 , 0.00 , 0.00] , [0.00 , 0.00 , 0.00] , [0.00 , 0.00 , 0.00]}
2025-12-22 13:29:30,935 MambaPro.train INFO: Epoch 24 done. Time per batch: 0.759[s] Speed: 84.4[samples/s]
2025-12-22 13:31:05,085 MambaPro.train INFO: Validation Results - Epoch: 24
2025-12-22 13:31:05,085 MambaPro.train INFO: Current mAP: 75.4%
2025-12-22 13:31:05,085 MambaPro.train INFO: CMC curve, Rank-1  :87.8%
2025-12-22 13:31:05,085 MambaPro.train INFO: CMC curve, Rank-5  :88.8%
2025-12-22 13:31:05,085 MambaPro.train INFO: CMC curve, Rank-10 :89.7%
2025-12-22 13:31:05,085 MambaPro.train INFO: [Epoch 24] 指标集合列表（历史）
2025-12-22 13:31:05,085 MambaPro.train INFO: history_mAP:{53.9 , 63.2 , 65.8 , 66.2 , 68.0 , 67.3 , 74.7 , 72.9 , 74.1 , 74.0 , 74.4 , 74.5 , 73.8 , 74.2 , 74.2 , 74.9 , 75.1 , 75.0 , 75.2 , 75.5 , 74.9 , 75.2 , 75.4 , 75.4}
2025-12-22 13:31:05,085 MambaPro.train INFO: best_mAP:{75.5}
2025-12-22 13:31:05,085 MambaPro.train INFO: history_Rank-1:{75.8 , 82.4 , 82.9 , 82.2 , 86.3 , 83.8 , 89.5 , 87.5 , 87.5 , 89.3 , 86.0 , 88.2 , 86.5 , 87.6 , 86.6 , 87.1 , 86.9 , 87.3 , 87.0 , 87.8 , 87.2 , 88.0}
2025-12-22 13:31:05,085 MambaPro.train INFO: best_Rank-1:{89.5}
2025-12-22 13:31:05,085 MambaPro.train INFO: history_Rank-5:{79.1 , 85.2 , 85.8 , 85.6 , 88.2 , 86.4 , 91.4 , 89.0 , 89.7 , 91.3 , 89.4 , 88.3 , 88.6 , 87.9 , 88.3 , 88.2 , 87.9 , 88.7 , 89.0 , 88.8}
2025-12-22 13:31:05,085 MambaPro.train INFO: best_Rank-5:{91.4}
2025-12-22 13:31:05,085 MambaPro.train INFO: history_Rank-10:{81.3 , 87.3 , 87.2 , 89.3 , 88.3 , 92.5 , 90.6 , 90.7 , 92.5 , 89.7 , 90.2 , 89.2 , 89.3 , 88.6 , 89.1 , 88.7 , 89.0 , 89.4 , 89.4 , 89.7}
2025-12-22 13:31:05,085 MambaPro.train INFO: best_Rank-10:{92.5}
2025-12-22 13:31:05,085 MambaPro.train INFO: history_Experts:{[0.00 , 0.00 , 0.00] , [0.00 , 0.00 , 0.00] , [0.00 , 0.00 , 0.00] , [0.00 , 0.00 , 0.00] , [0.00 , 0.00 , 0.00] , [0.00 , 0.00 , 0.00] , [0.00 , 0.00 , 0.00] , [0.00 , 0.00 , 0.00] , [0.00 , 0.00 , 0.00] , [0.00 , 0.00 , 0.00] , [0.00 , 0.00 , 0.00] , [0.00 , 0.00 , 0.00] , [0.00 , 0.00 , 0.00] , [0.00 , 0.00 , 0.00] , [0.00 , 0.00 , 0.00] , [0.00 , 0.00 , 0.00] , [0.00 , 0.00 , 0.00] , [0.00 , 0.00 , 0.00] , [0.00 , 0.00 , 0.00] , [0.00 , 0.00 , 0.00] , [0.00 , 0.00 , 0.00] , [0.00 , 0.00 , 0.00] , [0.00 , 0.00 , 0.00] , [0.00 , 0.00 , 0.00]}
2025-12-22 13:32:34,097 MambaPro.train INFO: Epoch 25 done. Time per batch: 0.759[s] Speed: 84.4[samples/s]
2025-12-22 13:34:08,276 MambaPro.train INFO: Validation Results - Epoch: 25
2025-12-22 13:34:08,276 MambaPro.train INFO: Current mAP: 75.4%
2025-12-22 13:34:08,276 MambaPro.train INFO: CMC curve, Rank-1  :87.6%
2025-12-22 13:34:08,276 MambaPro.train INFO: CMC curve, Rank-5  :88.9%
2025-12-22 13:34:08,276 MambaPro.train INFO: CMC curve, Rank-10 :89.4%
2025-12-22 13:34:08,276 MambaPro.train INFO: [Epoch 25] 指标集合列表（历史）
2025-12-22 13:34:08,276 MambaPro.train INFO: history_mAP:{53.9 , 63.2 , 65.8 , 66.2 , 68.0 , 67.3 , 74.7 , 72.9 , 74.1 , 74.0 , 74.4 , 74.5 , 73.8 , 74.2 , 74.2 , 74.9 , 75.1 , 75.0 , 75.2 , 75.5 , 74.9 , 75.2 , 75.4 , 75.4 , 75.4}
2025-12-22 13:34:08,276 MambaPro.train INFO: best_mAP:{75.5}
2025-12-22 13:34:08,276 MambaPro.train INFO: history_Rank-1:{75.8 , 82.4 , 82.9 , 82.2 , 86.3 , 83.8 , 89.5 , 87.5 , 87.5 , 89.3 , 86.0 , 88.2 , 86.5 , 87.6 , 86.6 , 87.1 , 86.9 , 87.3 , 87.0 , 87.8 , 87.2 , 88.0 , 87.6}
2025-12-22 13:34:08,276 MambaPro.train INFO: best_Rank-1:{89.5}
2025-12-22 13:34:08,276 MambaPro.train INFO: history_Rank-5:{79.1 , 85.2 , 85.8 , 85.6 , 88.2 , 86.4 , 91.4 , 89.0 , 89.7 , 91.3 , 89.4 , 88.3 , 88.6 , 87.9 , 88.3 , 88.2 , 87.9 , 88.7 , 89.0 , 88.8 , 88.9}
2025-12-22 13:34:08,276 MambaPro.train INFO: best_Rank-5:{91.4}
2025-12-22 13:34:08,276 MambaPro.train INFO: history_Rank-10:{81.3 , 87.3 , 87.2 , 89.3 , 88.3 , 92.5 , 90.6 , 90.7 , 92.5 , 89.7 , 90.2 , 89.2 , 89.3 , 88.6 , 89.1 , 88.7 , 89.0 , 89.4 , 89.4 , 89.7}
2025-12-22 13:34:08,276 MambaPro.train INFO: best_Rank-10:{92.5}
2025-12-22 13:34:08,276 MambaPro.train INFO: history_Experts:{[0.00 , 0.00 , 0.00] , [0.00 , 0.00 , 0.00] , [0.00 , 0.00 , 0.00] , [0.00 , 0.00 , 0.00] , [0.00 , 0.00 , 0.00] , [0.00 , 0.00 , 0.00] , [0.00 , 0.00 , 0.00] , [0.00 , 0.00 , 0.00] , [0.00 , 0.00 , 0.00] , [0.00 , 0.00 , 0.00] , [0.00 , 0.00 , 0.00] , [0.00 , 0.00 , 0.00] , [0.00 , 0.00 , 0.00] , [0.00 , 0.00 , 0.00] , [0.00 , 0.00 , 0.00] , [0.00 , 0.00 , 0.00] , [0.00 , 0.00 , 0.00] , [0.00 , 0.00 , 0.00] , [0.00 , 0.00 , 0.00] , [0.00 , 0.00 , 0.00] , [0.00 , 0.00 , 0.00] , [0.00 , 0.00 , 0.00] , [0.00 , 0.00 , 0.00] , [0.00 , 0.00 , 0.00] , [0.00 , 0.00 , 0.00]}
2025-12-22 13:35:36,555 MambaPro.train INFO: Epoch 26 done. Time per batch: 0.759[s] Speed: 84.3[samples/s]
2025-12-22 13:37:10,678 MambaPro.train INFO: Validation Results - Epoch: 26
2025-12-22 13:37:10,679 MambaPro.train INFO: Current mAP: 75.4%
2025-12-22 13:37:10,679 MambaPro.train INFO: CMC curve, Rank-1  :87.5%
2025-12-22 13:37:10,679 MambaPro.train INFO: CMC curve, Rank-5  :88.6%
2025-12-22 13:37:10,679 MambaPro.train INFO: CMC curve, Rank-10 :89.7%
2025-12-22 13:37:10,679 MambaPro.train INFO: [Epoch 26] 指标集合列表（历史）
2025-12-22 13:37:10,679 MambaPro.train INFO: history_mAP:{53.9 , 63.2 , 65.8 , 66.2 , 68.0 , 67.3 , 74.7 , 72.9 , 74.1 , 74.0 , 74.4 , 74.5 , 73.8 , 74.2 , 74.2 , 74.9 , 75.1 , 75.0 , 75.2 , 75.5 , 74.9 , 75.2 , 75.4 , 75.4 , 75.4 , 75.4}
2025-12-22 13:37:10,679 MambaPro.train INFO: best_mAP:{75.5}
2025-12-22 13:37:10,679 MambaPro.train INFO: history_Rank-1:{75.8 , 82.4 , 82.9 , 82.2 , 86.3 , 83.8 , 89.5 , 87.5 , 87.5 , 89.3 , 86.0 , 88.2 , 86.5 , 87.6 , 86.6 , 87.1 , 86.9 , 87.3 , 87.0 , 87.8 , 87.2 , 88.0 , 87.6}
2025-12-22 13:37:10,679 MambaPro.train INFO: best_Rank-1:{89.5}
2025-12-22 13:37:10,679 MambaPro.train INFO: history_Rank-5:{79.1 , 85.2 , 85.8 , 85.6 , 88.2 , 86.4 , 91.4 , 89.0 , 89.7 , 91.3 , 89.4 , 88.3 , 88.6 , 87.9 , 88.3 , 88.2 , 87.9 , 88.7 , 89.0 , 88.8 , 88.9}
2025-12-22 13:37:10,679 MambaPro.train INFO: best_Rank-5:{91.4}
2025-12-22 13:37:10,679 MambaPro.train INFO: history_Rank-10:{81.3 , 87.3 , 87.2 , 89.3 , 88.3 , 92.5 , 90.6 , 90.7 , 92.5 , 89.7 , 90.2 , 89.2 , 89.3 , 88.6 , 89.1 , 88.7 , 89.0 , 89.4 , 89.4 , 89.7}
2025-12-22 13:37:10,679 MambaPro.train INFO: best_Rank-10:{92.5}
2025-12-22 13:37:10,679 MambaPro.train INFO: history_Experts:{[0.00 , 0.00 , 0.00] , [0.00 , 0.00 , 0.00] , [0.00 , 0.00 , 0.00] , [0.00 , 0.00 , 0.00] , [0.00 , 0.00 , 0.00] , [0.00 , 0.00 , 0.00] , [0.00 , 0.00 , 0.00] , [0.00 , 0.00 , 0.00] , [0.00 , 0.00 , 0.00] , [0.00 , 0.00 , 0.00] , [0.00 , 0.00 , 0.00] , [0.00 , 0.00 , 0.00] , [0.00 , 0.00 , 0.00] , [0.00 , 0.00 , 0.00] , [0.00 , 0.00 , 0.00] , [0.00 , 0.00 , 0.00] , [0.00 , 0.00 , 0.00] , [0.00 , 0.00 , 0.00] , [0.00 , 0.00 , 0.00] , [0.00 , 0.00 , 0.00] , [0.00 , 0.00 , 0.00] , [0.00 , 0.00 , 0.00] , [0.00 , 0.00 , 0.00] , [0.00 , 0.00 , 0.00] , [0.00 , 0.00 , 0.00] , [0.00 , 0.00 , 0.00]}
2025-12-22 13:38:38,870 MambaPro.train INFO: Epoch 27 done. Time per batch: 0.758[s] Speed: 84.4[samples/s]
2025-12-22 13:40:12,985 MambaPro.train INFO: Validation Results - Epoch: 27
2025-12-22 13:40:12,985 MambaPro.train INFO: Current mAP: 75.4%
2025-12-22 13:40:12,985 MambaPro.train INFO: CMC curve, Rank-1  :87.5%
2025-12-22 13:40:12,985 MambaPro.train INFO: CMC curve, Rank-5  :88.8%
2025-12-22 13:40:12,985 MambaPro.train INFO: CMC curve, Rank-10 :89.6%
2025-12-22 13:40:12,985 MambaPro.train INFO: [Epoch 27] 指标集合列表（历史）
2025-12-22 13:40:12,985 MambaPro.train INFO: history_mAP:{53.9 , 63.2 , 65.8 , 66.2 , 68.0 , 67.3 , 74.7 , 72.9 , 74.1 , 74.0 , 74.4 , 74.5 , 73.8 , 74.2 , 74.2 , 74.9 , 75.1 , 75.0 , 75.2 , 75.5 , 74.9 , 75.2 , 75.4 , 75.4 , 75.4 , 75.4 , 75.4}
2025-12-22 13:40:12,985 MambaPro.train INFO: best_mAP:{75.5}
2025-12-22 13:40:12,985 MambaPro.train INFO: history_Rank-1:{75.8 , 82.4 , 82.9 , 82.2 , 86.3 , 83.8 , 89.5 , 87.5 , 87.5 , 89.3 , 86.0 , 88.2 , 86.5 , 87.6 , 86.6 , 87.1 , 86.9 , 87.3 , 87.0 , 87.8 , 87.2 , 88.0 , 87.6}
2025-12-22 13:40:12,985 MambaPro.train INFO: best_Rank-1:{89.5}
2025-12-22 13:40:12,985 MambaPro.train INFO: history_Rank-5:{79.1 , 85.2 , 85.8 , 85.6 , 88.2 , 86.4 , 91.4 , 89.0 , 89.7 , 91.3 , 89.4 , 88.3 , 88.6 , 87.9 , 88.3 , 88.2 , 87.9 , 88.7 , 89.0 , 88.8 , 88.9}
2025-12-22 13:40:12,985 MambaPro.train INFO: best_Rank-5:{91.4}
2025-12-22 13:40:12,985 MambaPro.train INFO: history_Rank-10:{81.3 , 87.3 , 87.2 , 89.3 , 88.3 , 92.5 , 90.6 , 90.7 , 92.5 , 89.7 , 90.2 , 89.2 , 89.3 , 88.6 , 89.1 , 88.7 , 89.0 , 89.4 , 89.4 , 89.7 , 89.6}
2025-12-22 13:40:12,985 MambaPro.train INFO: best_Rank-10:{92.5}
2025-12-22 13:40:12,985 MambaPro.train INFO: history_Experts:{[0.00 , 0.00 , 0.00] , [0.00 , 0.00 , 0.00] , [0.00 , 0.00 , 0.00] , [0.00 , 0.00 , 0.00] , [0.00 , 0.00 , 0.00] , [0.00 , 0.00 , 0.00] , [0.00 , 0.00 , 0.00] , [0.00 , 0.00 , 0.00] , [0.00 , 0.00 , 0.00] , [0.00 , 0.00 , 0.00] , [0.00 , 0.00 , 0.00] , [0.00 , 0.00 , 0.00] , [0.00 , 0.00 , 0.00] , [0.00 , 0.00 , 0.00] , [0.00 , 0.00 , 0.00] , [0.00 , 0.00 , 0.00] , [0.00 , 0.00 , 0.00] , [0.00 , 0.00 , 0.00] , [0.00 , 0.00 , 0.00] , [0.00 , 0.00 , 0.00] , [0.00 , 0.00 , 0.00] , [0.00 , 0.00 , 0.00] , [0.00 , 0.00 , 0.00] , [0.00 , 0.00 , 0.00] , [0.00 , 0.00 , 0.00] , [0.00 , 0.00 , 0.00] , [0.00 , 0.00 , 0.00]}
2025-12-22 13:41:42,000 MambaPro.train INFO: Epoch 28 done. Time per batch: 0.759[s] Speed: 84.4[samples/s]
2025-12-22 13:43:16,192 MambaPro.train INFO: Validation Results - Epoch: 28
2025-12-22 13:43:16,192 MambaPro.train INFO: Current mAP: 75.4%
2025-12-22 13:43:16,192 MambaPro.train INFO: CMC curve, Rank-1  :87.3%
2025-12-22 13:43:16,192 MambaPro.train INFO: CMC curve, Rank-5  :88.7%
2025-12-22 13:43:16,192 MambaPro.train INFO: CMC curve, Rank-10 :89.6%
2025-12-22 13:43:16,192 MambaPro.train INFO: [Epoch 28] 指标集合列表（历史）
2025-12-22 13:43:16,192 MambaPro.train INFO: history_mAP:{53.9 , 63.2 , 65.8 , 66.2 , 68.0 , 67.3 , 74.7 , 72.9 , 74.1 , 74.0 , 74.4 , 74.5 , 73.8 , 74.2 , 74.2 , 74.9 , 75.1 , 75.0 , 75.2 , 75.5 , 74.9 , 75.2 , 75.4 , 75.4 , 75.4 , 75.4 , 75.4 , 75.4}
2025-12-22 13:43:16,192 MambaPro.train INFO: best_mAP:{75.5}
2025-12-22 13:43:16,192 MambaPro.train INFO: history_Rank-1:{75.8 , 82.4 , 82.9 , 82.2 , 86.3 , 83.8 , 89.5 , 87.5 , 87.5 , 89.3 , 86.0 , 88.2 , 86.5 , 87.6 , 86.6 , 87.1 , 86.9 , 87.3 , 87.0 , 87.8 , 87.2 , 88.0 , 87.6 , 87.3}
2025-12-22 13:43:16,193 MambaPro.train INFO: best_Rank-1:{89.5}
2025-12-22 13:43:16,193 MambaPro.train INFO: history_Rank-5:{79.1 , 85.2 , 85.8 , 85.6 , 88.2 , 86.4 , 91.4 , 89.0 , 89.7 , 91.3 , 89.4 , 88.3 , 88.6 , 87.9 , 88.3 , 88.2 , 87.9 , 88.7 , 89.0 , 88.8 , 88.9}
2025-12-22 13:43:16,193 MambaPro.train INFO: best_Rank-5:{91.4}
2025-12-22 13:43:16,193 MambaPro.train INFO: history_Rank-10:{81.3 , 87.3 , 87.2 , 89.3 , 88.3 , 92.5 , 90.6 , 90.7 , 92.5 , 89.7 , 90.2 , 89.2 , 89.3 , 88.6 , 89.1 , 88.7 , 89.0 , 89.4 , 89.4 , 89.7 , 89.6}
2025-12-22 13:43:16,193 MambaPro.train INFO: best_Rank-10:{92.5}
2025-12-22 13:43:16,193 MambaPro.train INFO: history_Experts:{[0.00 , 0.00 , 0.00] , [0.00 , 0.00 , 0.00] , [0.00 , 0.00 , 0.00] , [0.00 , 0.00 , 0.00] , [0.00 , 0.00 , 0.00] , [0.00 , 0.00 , 0.00] , [0.00 , 0.00 , 0.00] , [0.00 , 0.00 , 0.00] , [0.00 , 0.00 , 0.00] , [0.00 , 0.00 , 0.00] , [0.00 , 0.00 , 0.00] , [0.00 , 0.00 , 0.00] , [0.00 , 0.00 , 0.00] , [0.00 , 0.00 , 0.00] , [0.00 , 0.00 , 0.00] , [0.00 , 0.00 , 0.00] , [0.00 , 0.00 , 0.00] , [0.00 , 0.00 , 0.00] , [0.00 , 0.00 , 0.00] , [0.00 , 0.00 , 0.00] , [0.00 , 0.00 , 0.00] , [0.00 , 0.00 , 0.00] , [0.00 , 0.00 , 0.00] , [0.00 , 0.00 , 0.00] , [0.00 , 0.00 , 0.00] , [0.00 , 0.00 , 0.00] , [0.00 , 0.00 , 0.00] , [0.00 , 0.00 , 0.00]}
2025-12-22 13:44:45,125 MambaPro.train INFO: Epoch 29 done. Time per batch: 0.758[s] Speed: 84.4[samples/s]
2025-12-22 13:46:19,283 MambaPro.train INFO: Validation Results - Epoch: 29
2025-12-22 13:46:19,283 MambaPro.train INFO: Current mAP: 75.4%
2025-12-22 13:46:19,283 MambaPro.train INFO: CMC curve, Rank-1  :87.4%
2025-12-22 13:46:19,283 MambaPro.train INFO: CMC curve, Rank-5  :88.6%
2025-12-22 13:46:19,283 MambaPro.train INFO: CMC curve, Rank-10 :89.8%
2025-12-22 13:46:19,283 MambaPro.train INFO: [Epoch 29] 指标集合列表（历史）
2025-12-22 13:46:19,283 MambaPro.train INFO: history_mAP:{53.9 , 63.2 , 65.8 , 66.2 , 68.0 , 67.3 , 74.7 , 72.9 , 74.1 , 74.0 , 74.4 , 74.5 , 73.8 , 74.2 , 74.2 , 74.9 , 75.1 , 75.0 , 75.2 , 75.5 , 74.9 , 75.2 , 75.4 , 75.4 , 75.4 , 75.4 , 75.4 , 75.4 , 75.4}
2025-12-22 13:46:19,283 MambaPro.train INFO: best_mAP:{75.5}
2025-12-22 13:46:19,283 MambaPro.train INFO: history_Rank-1:{75.8 , 82.4 , 82.9 , 82.2 , 86.3 , 83.8 , 89.5 , 87.5 , 87.5 , 89.3 , 86.0 , 88.2 , 86.5 , 87.6 , 86.6 , 87.1 , 86.9 , 87.3 , 87.0 , 87.8 , 87.2 , 88.0 , 87.6 , 87.3 , 87.4}
2025-12-22 13:46:19,283 MambaPro.train INFO: best_Rank-1:{89.5}
2025-12-22 13:46:19,283 MambaPro.train INFO: history_Rank-5:{79.1 , 85.2 , 85.8 , 85.6 , 88.2 , 86.4 , 91.4 , 89.0 , 89.7 , 91.3 , 89.4 , 88.3 , 88.6 , 87.9 , 88.3 , 88.2 , 87.9 , 88.7 , 89.0 , 88.8 , 88.9 , 88.6}
2025-12-22 13:46:19,283 MambaPro.train INFO: best_Rank-5:{91.4}
2025-12-22 13:46:19,284 MambaPro.train INFO: history_Rank-10:{81.3 , 87.3 , 87.2 , 89.3 , 88.3 , 92.5 , 90.6 , 90.7 , 92.5 , 89.7 , 90.2 , 89.2 , 89.3 , 88.6 , 89.1 , 88.7 , 89.0 , 89.4 , 89.4 , 89.7 , 89.6 , 89.8}
2025-12-22 13:46:19,284 MambaPro.train INFO: best_Rank-10:{92.5}
2025-12-22 13:46:19,284 MambaPro.train INFO: history_Experts:{[0.00 , 0.00 , 0.00] , [0.00 , 0.00 , 0.00] , [0.00 , 0.00 , 0.00] , [0.00 , 0.00 , 0.00] , [0.00 , 0.00 , 0.00] , [0.00 , 0.00 , 0.00] , [0.00 , 0.00 , 0.00] , [0.00 , 0.00 , 0.00] , [0.00 , 0.00 , 0.00] , [0.00 , 0.00 , 0.00] , [0.00 , 0.00 , 0.00] , [0.00 , 0.00 , 0.00] , [0.00 , 0.00 , 0.00] , [0.00 , 0.00 , 0.00] , [0.00 , 0.00 , 0.00] , [0.00 , 0.00 , 0.00] , [0.00 , 0.00 , 0.00] , [0.00 , 0.00 , 0.00] , [0.00 , 0.00 , 0.00] , [0.00 , 0.00 , 0.00] , [0.00 , 0.00 , 0.00] , [0.00 , 0.00 , 0.00] , [0.00 , 0.00 , 0.00] , [0.00 , 0.00 , 0.00] , [0.00 , 0.00 , 0.00] , [0.00 , 0.00 , 0.00] , [0.00 , 0.00 , 0.00] , [0.00 , 0.00 , 0.00] , [0.00 , 0.00 , 0.00]}
2025-12-22 13:47:47,493 MambaPro.train INFO: Epoch 30 done. Time per batch: 0.758[s] Speed: 84.4[samples/s]
2025-12-22 13:49:21,614 MambaPro.train INFO: Validation Results - Epoch: 30
2025-12-22 13:49:21,614 MambaPro.train INFO: Current mAP: 75.4%
2025-12-22 13:49:21,614 MambaPro.train INFO: CMC curve, Rank-1  :87.5%
2025-12-22 13:49:21,614 MambaPro.train INFO: CMC curve, Rank-5  :88.7%
2025-12-22 13:49:21,614 MambaPro.train INFO: CMC curve, Rank-10 :89.8%
2025-12-22 13:49:21,614 MambaPro.train INFO: [Epoch 30] 指标集合列表（历史）
2025-12-22 13:49:21,614 MambaPro.train INFO: history_mAP:{53.9 , 63.2 , 65.8 , 66.2 , 68.0 , 67.3 , 74.7 , 72.9 , 74.1 , 74.0 , 74.4 , 74.5 , 73.8 , 74.2 , 74.2 , 74.9 , 75.1 , 75.0 , 75.2 , 75.5 , 74.9 , 75.2 , 75.4 , 75.4 , 75.4 , 75.4 , 75.4 , 75.4 , 75.4 , 75.4}
2025-12-22 13:49:21,614 MambaPro.train INFO: best_mAP:{75.5}
2025-12-22 13:49:21,614 MambaPro.train INFO: history_Rank-1:{75.8 , 82.4 , 82.9 , 82.2 , 86.3 , 83.8 , 89.5 , 87.5 , 87.5 , 89.3 , 86.0 , 88.2 , 86.5 , 87.6 , 86.6 , 87.1 , 86.9 , 87.3 , 87.0 , 87.8 , 87.2 , 88.0 , 87.6 , 87.3 , 87.4}
2025-12-22 13:49:21,614 MambaPro.train INFO: best_Rank-1:{89.5}
2025-12-22 13:49:21,614 MambaPro.train INFO: history_Rank-5:{79.1 , 85.2 , 85.8 , 85.6 , 88.2 , 86.4 , 91.4 , 89.0 , 89.7 , 91.3 , 89.4 , 88.3 , 88.6 , 87.9 , 88.3 , 88.2 , 87.9 , 88.7 , 89.0 , 88.8 , 88.9 , 88.6}
2025-12-22 13:49:21,614 MambaPro.train INFO: best_Rank-5:{91.4}
2025-12-22 13:49:21,614 MambaPro.train INFO: history_Rank-10:{81.3 , 87.3 , 87.2 , 89.3 , 88.3 , 92.5 , 90.6 , 90.7 , 92.5 , 89.7 , 90.2 , 89.2 , 89.3 , 88.6 , 89.1 , 88.7 , 89.0 , 89.4 , 89.4 , 89.7 , 89.6 , 89.8}
2025-12-22 13:49:21,614 MambaPro.train INFO: best_Rank-10:{92.5}
2025-12-22 13:49:21,614 MambaPro.train INFO: history_Experts:{[0.00 , 0.00 , 0.00] , [0.00 , 0.00 , 0.00] , [0.00 , 0.00 , 0.00] , [0.00 , 0.00 , 0.00] , [0.00 , 0.00 , 0.00] , [0.00 , 0.00 , 0.00] , [0.00 , 0.00 , 0.00] , [0.00 , 0.00 , 0.00] , [0.00 , 0.00 , 0.00] , [0.00 , 0.00 , 0.00] , [0.00 , 0.00 , 0.00] , [0.00 , 0.00 , 0.00] , [0.00 , 0.00 , 0.00] , [0.00 , 0.00 , 0.00] , [0.00 , 0.00 , 0.00] , [0.00 , 0.00 , 0.00] , [0.00 , 0.00 , 0.00] , [0.00 , 0.00 , 0.00] , [0.00 , 0.00 , 0.00] , [0.00 , 0.00 , 0.00] , [0.00 , 0.00 , 0.00] , [0.00 , 0.00 , 0.00] , [0.00 , 0.00 , 0.00] , [0.00 , 0.00 , 0.00] , [0.00 , 0.00 , 0.00] , [0.00 , 0.00 , 0.00] , [0.00 , 0.00 , 0.00] , [0.00 , 0.00 , 0.00] , [0.00 , 0.00 , 0.00] , [0.00 , 0.00 , 0.00]}
2025-12-22 13:49:21,871 MambaPro.train INFO: ============================================================
