2025-12-12 04:41:54,064 MambaPro INFO: ================================================================================
2025-12-12 04:41:54,064 MambaPro INFO: 🧾 实验参数快照（命令行 + 最终配置）
2025-12-12 04:41:54,064 MambaPro INFO: ================================================================================
2025-12-12 04:41:54,064 MambaPro INFO: 【复现实验命令】
2025-12-12 04:41:54,064 MambaPro INFO: /home/zubuntu/miniconda/envs/MambaPro/bin/python train_net.py --config_file mybest_model/experiment_20251013_110028/configs/experiment_config.yml OUTPUT_DIR ./outputs/replay_best_tml
2025-12-12 04:41:54,064 MambaPro INFO: 【命令行参数（args）】
2025-12-12 04:41:54,064 MambaPro INFO: {
2025-12-12 04:41:54,064 MambaPro INFO:   "config_file": "mybest_model/experiment_20251013_110028/configs/experiment_config.yml",
2025-12-12 04:41:54,064 MambaPro INFO:   "fea_cft": 0,
2025-12-12 04:41:54,064 MambaPro INFO:   "opts": [
2025-12-12 04:41:54,064 MambaPro INFO:     "OUTPUT_DIR",
2025-12-12 04:41:54,064 MambaPro INFO:     "./outputs/replay_best_tml"
2025-12-12 04:41:54,064 MambaPro INFO:   ],
2025-12-12 04:41:54,064 MambaPro INFO:   "local_rank": 0,
2025-12-12 04:41:54,064 MambaPro INFO:   "use_multi_scale": false,
2025-12-12 04:41:54,064 MambaPro INFO:   "no_multi_scale": false,
2025-12-12 04:41:54,064 MambaPro INFO:   "use_moe": false,
2025-12-12 04:41:54,065 MambaPro INFO:   "disable_moe": false,
2025-12-12 04:41:54,065 MambaPro INFO:   "no_moe": false,
2025-12-12 04:41:54,065 MambaPro INFO:   "use_attention": false,
2025-12-12 04:41:54,065 MambaPro INFO:   "disable_attention": false,
2025-12-12 04:41:54,065 MambaPro INFO:   "attention_heads": 8,
2025-12-12 04:41:54,065 MambaPro INFO:   "attention_dropout": 0.1
2025-12-12 04:41:54,065 MambaPro INFO: }
2025-12-12 04:41:54,065 MambaPro INFO: 【工作目录】/home/zubuntu/workspace/yzy/MambaPro
2025-12-12 04:41:54,065 MambaPro INFO: 【最终配置（YAML）】
2025-12-12 04:41:54,067 MambaPro INFO: DATALOADER:
2025-12-12 04:41:54,067 MambaPro INFO:   NUM_INSTANCE: 8
2025-12-12 04:41:54,067 MambaPro INFO:   NUM_WORKERS: 8
2025-12-12 04:41:54,067 MambaPro INFO:   SAMPLER: softmax_triplet
2025-12-12 04:41:54,067 MambaPro INFO: DATASETS:
2025-12-12 04:41:54,067 MambaPro INFO:   NAMES: RGBNT201
2025-12-12 04:41:54,067 MambaPro INFO:   ROOT_DIR: /home/zubuntu/workspace/yzy/MambaPro/data/
2025-12-12 04:41:54,067 MambaPro INFO: INPUT:
2025-12-12 04:41:54,067 MambaPro INFO:   PADDING: 10
2025-12-12 04:41:54,067 MambaPro INFO:   PIXEL_MEAN:
2025-12-12 04:41:54,067 MambaPro INFO:   - 0.5
2025-12-12 04:41:54,067 MambaPro INFO:   - 0.5
2025-12-12 04:41:54,067 MambaPro INFO:   - 0.5
2025-12-12 04:41:54,067 MambaPro INFO:   PIXEL_STD:
2025-12-12 04:41:54,068 MambaPro INFO:   - 0.5
2025-12-12 04:41:54,068 MambaPro INFO:   - 0.5
2025-12-12 04:41:54,068 MambaPro INFO:   - 0.5
2025-12-12 04:41:54,068 MambaPro INFO:   PROB: 0.5
2025-12-12 04:41:54,068 MambaPro INFO:   RE_PROB: 0.5
2025-12-12 04:41:54,068 MambaPro INFO:   SIZE_TEST:
2025-12-12 04:41:54,068 MambaPro INFO:   - 256
2025-12-12 04:41:54,068 MambaPro INFO:   - 128
2025-12-12 04:41:54,068 MambaPro INFO:   SIZE_TRAIN:
2025-12-12 04:41:54,068 MambaPro INFO:   - 256
2025-12-12 04:41:54,068 MambaPro INFO:   - 128
2025-12-12 04:41:54,068 MambaPro INFO: MODEL:
2025-12-12 04:41:54,068 MambaPro INFO:   ADAPTER: true
2025-12-12 04:41:54,068 MambaPro INFO:   ATTENTION_DIM: 512
2025-12-12 04:41:54,068 MambaPro INFO:   ATTENTION_DROPOUT: 0.1
2025-12-12 04:41:54,068 MambaPro INFO:   ATTENTION_NUM_HEADS: 8
2025-12-12 04:41:54,068 MambaPro INFO:   ATT_DROP_RATE: 0.0
2025-12-12 04:41:54,068 MambaPro INFO:   CLIP_MULTI_SCALE_SCALES:
2025-12-12 04:41:54,068 MambaPro INFO:   - 4
2025-12-12 04:41:54,068 MambaPro INFO:   - 8
2025-12-12 04:41:54,068 MambaPro INFO:   - 16
2025-12-12 04:41:54,068 MambaPro INFO:   DEVICE: cuda
2025-12-12 04:41:54,068 MambaPro INFO:   DEVICE_ID: '0'
2025-12-12 04:41:54,068 MambaPro INFO:   DIRECT: 1
2025-12-12 04:41:54,068 MambaPro INFO:   DIST_TRAIN: false
2025-12-12 04:41:54,068 MambaPro INFO:   DROP_OUT: 0.0
2025-12-12 04:41:54,068 MambaPro INFO:   DROP_PATH: 0.1
2025-12-12 04:41:54,068 MambaPro INFO:   FLOPS_TEST: false
2025-12-12 04:41:54,068 MambaPro INFO:   FROZEN: true
2025-12-12 04:41:54,068 MambaPro INFO:   GATE_DROPOUT: 0.1
2025-12-12 04:41:54,068 MambaPro INFO:   ID_LOSS_TYPE: softmax
2025-12-12 04:41:54,068 MambaPro INFO:   ID_LOSS_WEIGHT: 0.25
2025-12-12 04:41:54,068 MambaPro INFO:   IF_LABELSMOOTH: 'on'
2025-12-12 04:41:54,068 MambaPro INFO:   IF_WITH_CENTER: 'no'
2025-12-12 04:41:54,068 MambaPro INFO:   LAYER: -1
2025-12-12 04:41:54,068 MambaPro INFO:   MAMBA: true
2025-12-12 04:41:54,068 MambaPro INFO:   MAMBA_BI: false
2025-12-12 04:41:54,068 MambaPro INFO:   METRIC_LOSS_TYPE: triplet
2025-12-12 04:41:54,068 MambaPro INFO:   MOE_BALANCE_LOSS_WEIGHT: 0.01
2025-12-12 04:41:54,068 MambaPro INFO:   MOE_DIVERSITY_LOSS_WEIGHT: 0.01
2025-12-12 04:41:54,068 MambaPro INFO:   MOE_EXPERT_DROPOUT: 0.1
2025-12-12 04:41:54,068 MambaPro INFO:   MOE_EXPERT_HIDDEN_DIM: 1024
2025-12-12 04:41:54,068 MambaPro INFO:   MOE_EXPERT_LAYERS: 2
2025-12-12 04:41:54,068 MambaPro INFO:   MOE_EXPERT_THRESHOLD: 0.1
2025-12-12 04:41:54,068 MambaPro INFO:   MOE_FIXED_WEIGHTS:
2025-12-12 04:41:54,068 MambaPro INFO:   - 0.33
2025-12-12 04:41:54,068 MambaPro INFO:   - 0.33
2025-12-12 04:41:54,068 MambaPro INFO:   - 0.34
2025-12-12 04:41:54,068 MambaPro INFO:   MOE_GATE_DROPOUT: 0.1
2025-12-12 04:41:54,068 MambaPro INFO:   MOE_GATE_LAYERS: 2
2025-12-12 04:41:54,068 MambaPro INFO:   MOE_INIT_WEIGHTS: null
2025-12-12 04:41:54,068 MambaPro INFO:   MOE_NUM_EXPERTS: 3
2025-12-12 04:41:54,068 MambaPro INFO:   MOE_RESIDUAL_WEIGHT: 1.0
2025-12-12 04:41:54,068 MambaPro INFO:   MOE_SCALES:
2025-12-12 04:41:54,068 MambaPro INFO:   - 4
2025-12-12 04:41:54,068 MambaPro INFO:   - 8
2025-12-12 04:41:54,068 MambaPro INFO:   - 16
2025-12-12 04:41:54,068 MambaPro INFO:   MOE_SPARSITY_LOSS_WEIGHT: 0.001
2025-12-12 04:41:54,068 MambaPro INFO:   MOE_TEMPERATURE: 0.7
2025-12-12 04:41:54,068 MambaPro INFO:   MOE_TOP_K: 2
2025-12-12 04:41:54,068 MambaPro INFO:   MOE_TOP_K_MODE: soft
2025-12-12 04:41:54,068 MambaPro INFO:   MOE_USE_FIXED_WEIGHTS: false
2025-12-12 04:41:54,068 MambaPro INFO:   MOE_USE_TOP_K_ROUTING: false
2025-12-12 04:41:54,068 MambaPro INFO:   MULTI_SCALE_SCALES:
2025-12-12 04:41:54,068 MambaPro INFO:   - 4
2025-12-12 04:41:54,068 MambaPro INFO:   - 8
2025-12-12 04:41:54,068 MambaPro INFO:   - 16
2025-12-12 04:41:54,068 MambaPro INFO:   NAME: MambaPro
2025-12-12 04:41:54,068 MambaPro INFO:   NECK: bnneck
2025-12-12 04:41:54,068 MambaPro INFO:   NO_MARGIN: true
2025-12-12 04:41:54,068 MambaPro INFO:   PREFIX_NUM: 1
2025-12-12 04:41:54,068 MambaPro INFO:   PRETRAIN_PATH_T: /home/zubuntu/workspace/yzy/MambaPro/pths/ViT-B-16.pt
2025-12-12 04:41:54,068 MambaPro INFO:   PROMPT: true
2025-12-12 04:41:54,068 MambaPro INFO:   SIE_CAMERA: true
2025-12-12 04:41:54,068 MambaPro INFO:   SIE_COE: 1.0
2025-12-12 04:41:54,068 MambaPro INFO:   SIE_VIEW: false
2025-12-12 04:41:54,068 MambaPro INFO:   STRIDE_SIZE:
2025-12-12 04:41:54,068 MambaPro INFO:   - 16
2025-12-12 04:41:54,068 MambaPro INFO:   - 16
2025-12-12 04:41:54,068 MambaPro INFO:   TRANSFORMER_TYPE: ViT-B-16
2025-12-12 04:41:54,068 MambaPro INFO:   TRIPLET_LOSS_WEIGHT: 1.0
2025-12-12 04:41:54,068 MambaPro INFO:   USE_ATTENTION_FUSION: false
2025-12-12 04:41:54,068 MambaPro INFO:   USE_CLIP_MULTI_SCALE: true
2025-12-12 04:41:54,068 MambaPro INFO:   USE_GATE_FUSION: false
2025-12-12 04:41:54,068 MambaPro INFO:   USE_MULTI_SCALE: false
2025-12-12 04:41:54,068 MambaPro INFO:   USE_MULTI_SCALE_MOE: true
2025-12-12 04:41:54,068 MambaPro INFO: OUTPUT_DIR: ./outputs/replay_best_tml/run_20251212_044154
2025-12-12 04:41:54,068 MambaPro INFO: SOLVER:
2025-12-12 04:41:54,068 MambaPro INFO:   BASE_LR: 0.0005
2025-12-12 04:41:54,068 MambaPro INFO:   BIAS_LR_FACTOR: 2
2025-12-12 04:41:54,068 MambaPro INFO:   CENTER_LOSS_WEIGHT: 0.0005
2025-12-12 04:41:54,068 MambaPro INFO:   CENTER_LR: 0.5
2025-12-12 04:41:54,068 MambaPro INFO:   CHECKPOINT_PERIOD: 10
2025-12-12 04:41:54,068 MambaPro INFO:   CLUSTER_MARGIN: 0.3
2025-12-12 04:41:54,068 MambaPro INFO:   COSINE_MARGIN: 0.5
2025-12-12 04:41:54,068 MambaPro INFO:   COSINE_SCALE: 30
2025-12-12 04:41:54,068 MambaPro INFO:   EVAL_PERIOD: 5
2025-12-12 04:41:54,069 MambaPro INFO:   GAMMA: 0.1
2025-12-12 04:41:54,069 MambaPro INFO:   IMS_PER_BATCH: 32
2025-12-12 04:41:54,069 MambaPro INFO:   LARGE_FC_LR: false
2025-12-12 04:41:54,069 MambaPro INFO:   LOG_PERIOD: 10
2025-12-12 04:41:54,069 MambaPro INFO:   MARGIN: 0.3
2025-12-12 04:41:54,069 MambaPro INFO:   MAX_EPOCHS: 60
2025-12-12 04:41:54,069 MambaPro INFO:   MOE_BALANCE_LOSS_WEIGHT: 0.001
2025-12-12 04:41:54,069 MambaPro INFO:   MOE_BALANCE_LOSS_WEIGHT_END: 0.1
2025-12-12 04:41:54,069 MambaPro INFO:   MOE_BALANCE_LOSS_WEIGHT_START: 0.001
2025-12-12 04:41:54,069 MambaPro INFO:   MOE_BALANCE_THRESHOLD: 0.3
2025-12-12 04:41:54,069 MambaPro INFO:   MOE_DIVERSITY_LOSS_WEIGHT: 0.001
2025-12-12 04:41:54,069 MambaPro INFO:   MOE_DIVERSITY_LOSS_WEIGHT_END: 0.1
2025-12-12 04:41:54,069 MambaPro INFO:   MOE_DIVERSITY_LOSS_WEIGHT_START: 0.001
2025-12-12 04:41:54,069 MambaPro INFO:   MOE_GATE_LR_FACTOR: 0.01
2025-12-12 04:41:54,069 MambaPro INFO:   MOE_LOSS_WEIGHT_SCHEDULE_TYPE: cosine
2025-12-12 04:41:54,069 MambaPro INFO:   MOE_LOSS_WEIGHT_WARMUP_EPOCHS: 5
2025-12-12 04:41:54,069 MambaPro INFO:   MOE_SPARSITY_LOSS_WEIGHT: 0.0001
2025-12-12 04:41:54,069 MambaPro INFO:   MOE_USE_DYNAMIC_LOSS_WEIGHT: false
2025-12-12 04:41:54,069 MambaPro INFO:   MOMENTUM: 0.9
2025-12-12 04:41:54,069 MambaPro INFO:   OPTIMIZER_NAME: Adam
2025-12-12 04:41:54,069 MambaPro INFO:   RANGE_ALPHA: 0
2025-12-12 04:41:54,069 MambaPro INFO:   RANGE_BETA: 1
2025-12-12 04:41:54,069 MambaPro INFO:   RANGE_K: 2
2025-12-12 04:41:54,069 MambaPro INFO:   RANGE_LOSS_WEIGHT: 1
2025-12-12 04:41:54,069 MambaPro INFO:   RANGE_MARGIN: 0.3
2025-12-12 04:41:54,069 MambaPro INFO:   SEED: 42
2025-12-12 04:41:54,069 MambaPro INFO:   STEPS:
2025-12-12 04:41:54,069 MambaPro INFO:   - 30
2025-12-12 04:41:54,069 MambaPro INFO:   - 50
2025-12-12 04:41:54,069 MambaPro INFO:   WARMUP_FACTOR: 0.01
2025-12-12 04:41:54,069 MambaPro INFO:   WARMUP_ITERS: 20
2025-12-12 04:41:54,069 MambaPro INFO:   WARMUP_METHOD: linear
2025-12-12 04:41:54,069 MambaPro INFO:   WEIGHT_DECAY: 0.0005
2025-12-12 04:41:54,069 MambaPro INFO:   WEIGHT_DECAY_BIAS: 0.0005
2025-12-12 04:41:54,069 MambaPro INFO: TEST:
2025-12-12 04:41:54,069 MambaPro INFO:   FEAT: 0
2025-12-12 04:41:54,069 MambaPro INFO:   FEAT_NORM: 'yes'
2025-12-12 04:41:54,069 MambaPro INFO:   IMS_PER_BATCH: 64
2025-12-12 04:41:54,069 MambaPro INFO:   MISS: nothing
2025-12-12 04:41:54,069 MambaPro INFO:   NECK_FEAT: after
2025-12-12 04:41:54,069 MambaPro INFO:   RE_RANKING: 'no'
2025-12-12 04:41:54,069 MambaPro INFO:   WEIGHT: /home/zubuntu/workspace/yzy/MambaPro/pths/MambaProbest.pth
2025-12-12 04:41:54,069 MambaPro INFO: ================================================================================
2025-12-12 04:41:56,137 MambaPro.train INFO: start training
2025-12-12 04:42:16,318 MambaPro.train INFO: Epoch 1 done. Time per batch: 0.188[s] Speed: 169.8[samples/s]
2025-12-12 04:42:36,148 MambaPro.train INFO: Epoch 2 done. Time per batch: 0.185[s] Speed: 172.7[samples/s]
2025-12-12 04:42:56,050 MambaPro.train INFO: Epoch 3 done. Time per batch: 0.186[s] Speed: 172.0[samples/s]
2025-12-12 04:43:15,926 MambaPro.train INFO: Epoch 4 done. Time per batch: 0.186[s] Speed: 172.3[samples/s]
2025-12-12 04:43:35,757 MambaPro.train INFO: Epoch 5 done. Time per batch: 0.185[s] Speed: 172.7[samples/s]
2025-12-12 04:43:43,286 MambaPro.train INFO: Validation Results - Epoch: 5
2025-12-12 04:43:43,286 MambaPro.train INFO: Current mAP: 50.0%
2025-12-12 04:43:43,286 MambaPro.train INFO: CMC curve, Rank-1  :56.8%
2025-12-12 04:43:43,286 MambaPro.train INFO: CMC curve, Rank-5  :67.5%
2025-12-12 04:43:43,286 MambaPro.train INFO: CMC curve, Rank-10 :73.7%
2025-12-12 04:43:43,287 MambaPro.train INFO: 🎯 New Best! Saving model...
2025-12-12 04:43:43,695 MambaPro.train INFO: [Epoch 5] 指标集合列表（历史）
2025-12-12 04:43:43,695 MambaPro.train INFO: history_mAP:{50.0}
2025-12-12 04:43:43,695 MambaPro.train INFO: best_mAP:{50.0}
2025-12-12 04:43:43,695 MambaPro.train INFO: history_Rank-1:{56.8}
2025-12-12 04:43:43,695 MambaPro.train INFO: best_Rank-1:{56.8}
2025-12-12 04:43:43,695 MambaPro.train INFO: history_Rank-5:{67.5}
2025-12-12 04:43:43,695 MambaPro.train INFO: best_Rank-5:{67.5}
2025-12-12 04:43:43,695 MambaPro.train INFO: history_Rank-10:{73.7}
2025-12-12 04:43:43,695 MambaPro.train INFO: best_Rank-10:{73.7}
2025-12-12 04:43:43,696 MambaPro.train INFO: history_Experts:{[0.35 , 0.34 , 0.31]}
2025-12-12 04:43:43,696 MambaPro.train INFO: best_Experts:{[0.35 , 0.34 , 0.31]}
2025-12-12 04:43:43,696 MambaPro.train INFO: 🔥 MoE损失(Val): 平衡=0.0000, 稀疏性=0.9988, 多样性=2.6572, 总=0.0028 (权重: 平衡=0.001, 稀疏性=0.000, 多样性=0.001)
2025-12-12 04:43:43,696 MambaPro.train INFO:    📊 专家权重分布(Val): [0.35 , 0.34 , 0.31]
2025-12-12 04:44:03,729 MambaPro.train INFO: Epoch 6 done. Time per batch: 0.186[s] Speed: 172.1[samples/s]
2025-12-12 04:44:23,588 MambaPro.train INFO: Epoch 7 done. Time per batch: 0.186[s] Speed: 172.4[samples/s]
2025-12-12 04:44:43,545 MambaPro.train INFO: Epoch 8 done. Time per batch: 0.187[s] Speed: 171.6[samples/s]
2025-12-12 04:45:03,440 MambaPro.train INFO: Epoch 9 done. Time per batch: 0.186[s] Speed: 172.1[samples/s]
2025-12-12 04:45:23,379 MambaPro.train INFO: Epoch 10 done. Time per batch: 0.186[s] Speed: 171.7[samples/s]
2025-12-12 04:45:31,371 MambaPro.train INFO: Validation Results - Epoch: 10
2025-12-12 04:45:31,371 MambaPro.train INFO: Current mAP: 53.5%
2025-12-12 04:45:31,371 MambaPro.train INFO: CMC curve, Rank-1  :56.5%
2025-12-12 04:45:31,371 MambaPro.train INFO: CMC curve, Rank-5  :71.1%
2025-12-12 04:45:31,371 MambaPro.train INFO: CMC curve, Rank-10 :79.3%
2025-12-12 04:45:31,372 MambaPro.train INFO: 🎯 New Best! Saving model...
2025-12-12 04:45:31,964 MambaPro.train INFO: [Epoch 10] 指标集合列表（历史）
2025-12-12 04:45:31,964 MambaPro.train INFO: history_mAP:{50.0 , 53.5}
2025-12-12 04:45:31,964 MambaPro.train INFO: best_mAP:{53.5}
2025-12-12 04:45:31,964 MambaPro.train INFO: history_Rank-1:{56.8 , 56.5}
2025-12-12 04:45:31,964 MambaPro.train INFO: best_Rank-1:{56.8}
2025-12-12 04:45:31,964 MambaPro.train INFO: history_Rank-5:{67.5 , 71.1}
2025-12-12 04:45:31,964 MambaPro.train INFO: best_Rank-5:{71.1}
2025-12-12 04:45:31,964 MambaPro.train INFO: history_Rank-10:{73.7 , 79.3}
2025-12-12 04:45:31,964 MambaPro.train INFO: best_Rank-10:{79.3}
2025-12-12 04:45:31,964 MambaPro.train INFO: history_Experts:{[0.35 , 0.34 , 0.31] , [0.36 , 0.35 , 0.30]}
2025-12-12 04:45:31,965 MambaPro.train INFO: best_Experts:{[0.36 , 0.35 , 0.30]}
2025-12-12 04:45:31,965 MambaPro.train INFO: 🔥 MoE损失(Val): 平衡=0.0000, 稀疏性=0.9972, 多样性=2.6444, 总=0.0027 (权重: 平衡=0.001, 稀疏性=0.000, 多样性=0.001)
2025-12-12 04:45:31,965 MambaPro.train INFO:    📊 专家权重分布(Val): [0.36 , 0.35 , 0.30]
2025-12-12 04:45:51,913 MambaPro.train INFO: Epoch 11 done. Time per batch: 0.187[s] Speed: 171.2[samples/s]
2025-12-12 04:46:11,890 MambaPro.train INFO: Epoch 12 done. Time per batch: 0.187[s] Speed: 171.4[samples/s]
2025-12-12 04:46:31,788 MambaPro.train INFO: Epoch 13 done. Time per batch: 0.186[s] Speed: 172.1[samples/s]
2025-12-12 04:46:51,674 MambaPro.train INFO: Epoch 14 done. Time per batch: 0.186[s] Speed: 172.2[samples/s]
2025-12-12 04:47:11,647 MambaPro.train INFO: Epoch 15 done. Time per batch: 0.187[s] Speed: 171.4[samples/s]
2025-12-12 04:47:19,133 MambaPro.train INFO: Validation Results - Epoch: 15
2025-12-12 04:47:19,133 MambaPro.train INFO: Current mAP: 60.7%
2025-12-12 04:47:19,133 MambaPro.train INFO: CMC curve, Rank-1  :66.5%
2025-12-12 04:47:19,133 MambaPro.train INFO: CMC curve, Rank-5  :79.8%
2025-12-12 04:47:19,133 MambaPro.train INFO: CMC curve, Rank-10 :85.5%
2025-12-12 04:47:19,134 MambaPro.train INFO: 🎯 New Best! Saving model...
2025-12-12 04:47:19,716 MambaPro.train INFO: [Epoch 15] 指标集合列表（历史）
2025-12-12 04:47:19,716 MambaPro.train INFO: history_mAP:{50.0 , 53.5 , 60.7}
2025-12-12 04:47:19,716 MambaPro.train INFO: best_mAP:{60.7}
2025-12-12 04:47:19,716 MambaPro.train INFO: history_Rank-1:{56.8 , 56.5 , 66.5}
2025-12-12 04:47:19,716 MambaPro.train INFO: best_Rank-1:{66.5}
2025-12-12 04:47:19,716 MambaPro.train INFO: history_Rank-5:{67.5 , 71.1 , 79.8}
2025-12-12 04:47:19,716 MambaPro.train INFO: best_Rank-5:{79.8}
2025-12-12 04:47:19,716 MambaPro.train INFO: history_Rank-10:{73.7 , 79.3 , 85.5}
2025-12-12 04:47:19,716 MambaPro.train INFO: best_Rank-10:{85.5}
2025-12-12 04:47:19,716 MambaPro.train INFO: history_Experts:{[0.35 , 0.34 , 0.31] , [0.36 , 0.35 , 0.30] , [0.38 , 0.36 , 0.27]}
2025-12-12 04:47:19,717 MambaPro.train INFO: best_Experts:{[0.38 , 0.36 , 0.27]}
2025-12-12 04:47:19,717 MambaPro.train INFO: 🔥 MoE损失(Val): 平衡=0.0000, 稀疏性=0.9899, 多样性=2.5873, 总=0.0027 (权重: 平衡=0.001, 稀疏性=0.000, 多样性=0.001)
2025-12-12 04:47:19,717 MambaPro.train INFO:    📊 专家权重分布(Val): [0.38 , 0.36 , 0.27]
2025-12-12 04:47:39,819 MambaPro.train INFO: Epoch 16 done. Time per batch: 0.187[s] Speed: 171.5[samples/s]
2025-12-12 04:47:59,797 MambaPro.train INFO: Epoch 17 done. Time per batch: 0.187[s] Speed: 171.4[samples/s]
2025-12-12 04:48:19,574 MambaPro.train INFO: Epoch 18 done. Time per batch: 0.187[s] Speed: 171.5[samples/s]
2025-12-12 04:48:39,524 MambaPro.train INFO: Epoch 19 done. Time per batch: 0.186[s] Speed: 171.6[samples/s]
2025-12-12 04:48:59,496 MambaPro.train INFO: Epoch 20 done. Time per batch: 0.187[s] Speed: 171.4[samples/s]
2025-12-12 04:49:07,441 MambaPro.train INFO: Validation Results - Epoch: 20
2025-12-12 04:49:07,441 MambaPro.train INFO: Current mAP: 67.5%
2025-12-12 04:49:07,441 MambaPro.train INFO: CMC curve, Rank-1  :72.0%
2025-12-12 04:49:07,441 MambaPro.train INFO: CMC curve, Rank-5  :80.1%
2025-12-12 04:49:07,441 MambaPro.train INFO: CMC curve, Rank-10 :84.9%
2025-12-12 04:49:07,441 MambaPro.train INFO: 🎯 New Best! Saving model...
2025-12-12 04:49:08,040 MambaPro.train INFO: [Epoch 20] 指标集合列表（历史）
2025-12-12 04:49:08,040 MambaPro.train INFO: history_mAP:{50.0 , 53.5 , 60.7 , 67.5}
2025-12-12 04:49:08,040 MambaPro.train INFO: best_mAP:{67.5}
2025-12-12 04:49:08,040 MambaPro.train INFO: history_Rank-1:{56.8 , 56.5 , 66.5 , 72.0}
2025-12-12 04:49:08,040 MambaPro.train INFO: best_Rank-1:{72.0}
2025-12-12 04:49:08,040 MambaPro.train INFO: history_Rank-5:{67.5 , 71.1 , 79.8 , 80.1}
2025-12-12 04:49:08,040 MambaPro.train INFO: best_Rank-5:{80.1}
2025-12-12 04:49:08,040 MambaPro.train INFO: history_Rank-10:{73.7 , 79.3 , 85.5 , 84.9}
2025-12-12 04:49:08,040 MambaPro.train INFO: best_Rank-10:{85.5}
2025-12-12 04:49:08,040 MambaPro.train INFO: history_Experts:{[0.35 , 0.34 , 0.31] , [0.36 , 0.35 , 0.30] , [0.38 , 0.36 , 0.27] , [0.50 , 0.33 , 0.17]}
2025-12-12 04:49:08,040 MambaPro.train INFO: best_Experts:{[0.50 , 0.33 , 0.17]}
2025-12-12 04:49:08,040 MambaPro.train INFO: 🔥 MoE损失(Val): 平衡=0.0236, 稀疏性=0.9205, 多样性=2.1182, 总=0.0022 (权重: 平衡=0.001, 稀疏性=0.000, 多样性=0.001)
2025-12-12 04:49:08,040 MambaPro.train INFO:    📊 专家权重分布(Val): [0.50 , 0.33 , 0.17]
2025-12-12 04:49:27,890 MambaPro.train INFO: Epoch 21 done. Time per batch: 0.186[s] Speed: 172.1[samples/s]
2025-12-12 04:49:47,912 MambaPro.train INFO: Epoch 22 done. Time per batch: 0.187[s] Speed: 171.0[samples/s]
2025-12-12 04:50:07,804 MambaPro.train INFO: Epoch 23 done. Time per batch: 0.186[s] Speed: 172.1[samples/s]
2025-12-12 04:50:27,754 MambaPro.train INFO: Epoch 24 done. Time per batch: 0.186[s] Speed: 171.6[samples/s]
2025-12-12 04:50:47,571 MambaPro.train INFO: Epoch 25 done. Time per batch: 0.187[s] Speed: 171.2[samples/s]
2025-12-12 04:50:55,064 MambaPro.train INFO: Validation Results - Epoch: 25
2025-12-12 04:50:55,065 MambaPro.train INFO: Current mAP: 74.4%
2025-12-12 04:50:55,065 MambaPro.train INFO: CMC curve, Rank-1  :77.4%
2025-12-12 04:50:55,065 MambaPro.train INFO: CMC curve, Rank-5  :86.1%
2025-12-12 04:50:55,065 MambaPro.train INFO: CMC curve, Rank-10 :90.0%
2025-12-12 04:50:55,065 MambaPro.train INFO: 🎯 New Best! Saving model...
2025-12-12 04:50:55,834 MambaPro.train INFO: [Epoch 25] 指标集合列表（历史）
2025-12-12 04:50:55,834 MambaPro.train INFO: history_mAP:{50.0 , 53.5 , 60.7 , 67.5 , 74.4}
2025-12-12 04:50:55,834 MambaPro.train INFO: best_mAP:{74.4}
2025-12-12 04:50:55,834 MambaPro.train INFO: history_Rank-1:{56.8 , 56.5 , 66.5 , 72.0 , 77.4}
2025-12-12 04:50:55,834 MambaPro.train INFO: best_Rank-1:{77.4}
2025-12-12 04:50:55,834 MambaPro.train INFO: history_Rank-5:{67.5 , 71.1 , 79.8 , 80.1 , 86.1}
2025-12-12 04:50:55,834 MambaPro.train INFO: best_Rank-5:{86.1}
2025-12-12 04:50:55,834 MambaPro.train INFO: history_Rank-10:{73.7 , 79.3 , 85.5 , 84.9 , 90.0}
2025-12-12 04:50:55,834 MambaPro.train INFO: best_Rank-10:{90.0}
2025-12-12 04:50:55,834 MambaPro.train INFO: history_Experts:{[0.35 , 0.34 , 0.31] , [0.36 , 0.35 , 0.30] , [0.38 , 0.36 , 0.27] , [0.50 , 0.33 , 0.17] , [0.78 , 0.14 , 0.08]}
2025-12-12 04:50:55,834 MambaPro.train INFO: best_Experts:{[0.78 , 0.14 , 0.08]}
2025-12-12 04:50:55,834 MambaPro.train INFO: 🔥 MoE损失(Val): 平衡=0.4472, 稀疏性=0.5555, 多样性=0.7842, 总=0.0013 (权重: 平衡=0.001, 稀疏性=0.000, 多样性=0.001)
2025-12-12 04:50:55,834 MambaPro.train INFO:    📊 专家权重分布(Val): [0.78 , 0.14 , 0.08]
2025-12-12 04:51:15,890 MambaPro.train INFO: Epoch 26 done. Time per batch: 0.186[s] Speed: 171.9[samples/s]
2025-12-12 04:51:35,837 MambaPro.train INFO: Epoch 27 done. Time per batch: 0.186[s] Speed: 171.7[samples/s]
2025-12-12 04:51:55,882 MambaPro.train INFO: Epoch 28 done. Time per batch: 0.187[s] Speed: 170.8[samples/s]
2025-12-12 04:52:16,026 MambaPro.train INFO: Epoch 29 done. Time per batch: 0.188[s] Speed: 170.0[samples/s]
2025-12-12 04:52:35,979 MambaPro.train INFO: Epoch 30 done. Time per batch: 0.186[s] Speed: 171.6[samples/s]
2025-12-12 04:52:43,909 MambaPro.train INFO: Validation Results - Epoch: 30
2025-12-12 04:52:43,909 MambaPro.train INFO: Current mAP: 77.3%
2025-12-12 04:52:43,909 MambaPro.train INFO: CMC curve, Rank-1  :78.6%
2025-12-12 04:52:43,909 MambaPro.train INFO: CMC curve, Rank-5  :87.7%
2025-12-12 04:52:43,909 MambaPro.train INFO: CMC curve, Rank-10 :91.9%
2025-12-12 04:52:43,910 MambaPro.train INFO: 🎯 New Best! Saving model...
2025-12-12 04:52:44,498 MambaPro.train INFO: [Epoch 30] 指标集合列表（历史）
2025-12-12 04:52:44,498 MambaPro.train INFO: history_mAP:{50.0 , 53.5 , 60.7 , 67.5 , 74.4 , 77.3}
2025-12-12 04:52:44,498 MambaPro.train INFO: best_mAP:{77.3}
2025-12-12 04:52:44,498 MambaPro.train INFO: history_Rank-1:{56.8 , 56.5 , 66.5 , 72.0 , 77.4 , 78.6}
2025-12-12 04:52:44,498 MambaPro.train INFO: best_Rank-1:{78.6}
2025-12-12 04:52:44,499 MambaPro.train INFO: history_Rank-5:{67.5 , 71.1 , 79.8 , 80.1 , 86.1 , 87.7}
2025-12-12 04:52:44,499 MambaPro.train INFO: best_Rank-5:{87.7}
2025-12-12 04:52:44,499 MambaPro.train INFO: history_Rank-10:{73.7 , 79.3 , 85.5 , 84.9 , 90.0 , 91.9}
2025-12-12 04:52:44,499 MambaPro.train INFO: best_Rank-10:{91.9}
2025-12-12 04:52:44,499 MambaPro.train INFO: history_Experts:{[0.35 , 0.34 , 0.31] , [0.36 , 0.35 , 0.30] , [0.38 , 0.36 , 0.27] , [0.50 , 0.33 , 0.17] , [0.78 , 0.14 , 0.08] , [0.86 , 0.09 , 0.06]}
2025-12-12 04:52:44,499 MambaPro.train INFO: best_Experts:{[0.86 , 0.09 , 0.06]}
2025-12-12 04:52:44,499 MambaPro.train INFO: 🔥 MoE损失(Val): 平衡=0.6939, 稀疏性=0.3844, 多样性=0.4594, 总=0.0012 (权重: 平衡=0.001, 稀疏性=0.000, 多样性=0.001)
2025-12-12 04:52:44,499 MambaPro.train INFO:    📊 专家权重分布(Val): [0.86 , 0.09 , 0.06]
2025-12-12 04:53:04,680 MambaPro.train INFO: Epoch 31 done. Time per batch: 0.187[s] Speed: 170.8[samples/s]
2025-12-12 04:53:24,462 MambaPro.train INFO: Epoch 32 done. Time per batch: 0.187[s] Speed: 171.5[samples/s]
2025-12-12 04:53:44,494 MambaPro.train INFO: Epoch 33 done. Time per batch: 0.187[s] Speed: 170.9[samples/s]
2025-12-12 04:54:04,283 MambaPro.train INFO: Epoch 34 done. Time per batch: 0.187[s] Speed: 171.4[samples/s]
2025-12-12 04:54:24,270 MambaPro.train INFO: Epoch 35 done. Time per batch: 0.187[s] Speed: 171.3[samples/s]
2025-12-12 04:54:31,763 MambaPro.train INFO: Validation Results - Epoch: 35
2025-12-12 04:54:31,763 MambaPro.train INFO: Current mAP: 75.8%
2025-12-12 04:54:31,763 MambaPro.train INFO: CMC curve, Rank-1  :76.8%
2025-12-12 04:54:31,763 MambaPro.train INFO: CMC curve, Rank-5  :85.8%
2025-12-12 04:54:31,763 MambaPro.train INFO: CMC curve, Rank-10 :90.2%
2025-12-12 04:54:31,764 MambaPro.train INFO: [Epoch 35] 指标集合列表（历史）
2025-12-12 04:54:31,764 MambaPro.train INFO: history_mAP:{50.0 , 53.5 , 60.7 , 67.5 , 74.4 , 77.3 , 75.8}
2025-12-12 04:54:31,764 MambaPro.train INFO: best_mAP:{77.3}
2025-12-12 04:54:31,764 MambaPro.train INFO: history_Rank-1:{56.8 , 56.5 , 66.5 , 72.0 , 77.4 , 78.6 , 76.8}
2025-12-12 04:54:31,764 MambaPro.train INFO: best_Rank-1:{78.6}
2025-12-12 04:54:31,764 MambaPro.train INFO: history_Rank-5:{67.5 , 71.1 , 79.8 , 80.1 , 86.1 , 87.7 , 85.8}
2025-12-12 04:54:31,764 MambaPro.train INFO: best_Rank-5:{87.7}
2025-12-12 04:54:31,764 MambaPro.train INFO: history_Rank-10:{73.7 , 79.3 , 85.5 , 84.9 , 90.0 , 91.9 , 90.2}
2025-12-12 04:54:31,764 MambaPro.train INFO: best_Rank-10:{91.9}
2025-12-12 04:54:31,764 MambaPro.train INFO: history_Experts:{[0.35 , 0.34 , 0.31] , [0.36 , 0.35 , 0.30] , [0.38 , 0.36 , 0.27] , [0.50 , 0.33 , 0.17] , [0.78 , 0.14 , 0.08] , [0.86 , 0.09 , 0.06] , [0.90 , 0.06 , 0.04]}
2025-12-12 04:54:31,764 MambaPro.train INFO: best_Experts:{[0.86 , 0.09 , 0.06]}
2025-12-12 04:54:31,764 MambaPro.train INFO: 🔥 MoE损失(Val): 平衡=0.8445, 稀疏性=0.2845, 多样性=0.3121, 总=0.0012 (权重: 平衡=0.001, 稀疏性=0.000, 多样性=0.001)
2025-12-12 04:54:31,764 MambaPro.train INFO:    📊 专家权重分布(Val): [0.90 , 0.06 , 0.04]
2025-12-12 04:54:51,921 MambaPro.train INFO: Epoch 36 done. Time per batch: 0.187[s] Speed: 171.0[samples/s]
2025-12-12 04:55:11,951 MambaPro.train INFO: Epoch 37 done. Time per batch: 0.187[s] Speed: 170.9[samples/s]
2025-12-12 04:55:31,749 MambaPro.train INFO: Epoch 38 done. Time per batch: 0.187[s] Speed: 171.3[samples/s]
2025-12-12 04:55:51,763 MambaPro.train INFO: Epoch 39 done. Time per batch: 0.187[s] Speed: 171.1[samples/s]
2025-12-12 04:56:11,545 MambaPro.train INFO: Epoch 40 done. Time per batch: 0.187[s] Speed: 171.5[samples/s]
2025-12-12 04:56:19,544 MambaPro.train INFO: Validation Results - Epoch: 40
2025-12-12 04:56:19,544 MambaPro.train INFO: Current mAP: 75.8%
2025-12-12 04:56:19,544 MambaPro.train INFO: CMC curve, Rank-1  :77.9%
2025-12-12 04:56:19,544 MambaPro.train INFO: CMC curve, Rank-5  :86.1%
2025-12-12 04:56:19,544 MambaPro.train INFO: CMC curve, Rank-10 :90.6%
2025-12-12 04:56:19,544 MambaPro.train INFO: [Epoch 40] 指标集合列表（历史）
2025-12-12 04:56:19,545 MambaPro.train INFO: history_mAP:{50.0 , 53.5 , 60.7 , 67.5 , 74.4 , 77.3 , 75.8 , 75.8}
2025-12-12 04:56:19,545 MambaPro.train INFO: best_mAP:{77.3}
2025-12-12 04:56:19,545 MambaPro.train INFO: history_Rank-1:{56.8 , 56.5 , 66.5 , 72.0 , 77.4 , 78.6 , 76.8 , 77.9}
2025-12-12 04:56:19,545 MambaPro.train INFO: best_Rank-1:{78.6}
2025-12-12 04:56:19,545 MambaPro.train INFO: history_Rank-5:{67.5 , 71.1 , 79.8 , 80.1 , 86.1 , 87.7 , 85.8}
2025-12-12 04:56:19,545 MambaPro.train INFO: best_Rank-5:{87.7}
2025-12-12 04:56:19,545 MambaPro.train INFO: history_Rank-10:{73.7 , 79.3 , 85.5 , 84.9 , 90.0 , 91.9 , 90.2 , 90.6}
2025-12-12 04:56:19,545 MambaPro.train INFO: best_Rank-10:{91.9}
2025-12-12 04:56:19,545 MambaPro.train INFO: history_Experts:{[0.35 , 0.34 , 0.31] , [0.36 , 0.35 , 0.30] , [0.38 , 0.36 , 0.27] , [0.50 , 0.33 , 0.17] , [0.78 , 0.14 , 0.08] , [0.86 , 0.09 , 0.06] , [0.90 , 0.06 , 0.04] , [0.92 , 0.05 , 0.03]}
2025-12-12 04:56:19,545 MambaPro.train INFO: best_Experts:{[0.86 , 0.09 , 0.06]}
2025-12-12 04:56:19,545 MambaPro.train INFO: 🔥 MoE损失(Val): 平衡=0.9243, 稀疏性=0.2324, 多样性=0.2445, 总=0.0012 (权重: 平衡=0.001, 稀疏性=0.000, 多样性=0.001)
2025-12-12 04:56:19,545 MambaPro.train INFO:    📊 专家权重分布(Val): [0.92 , 0.05 , 0.03]
2025-12-12 04:56:39,737 MambaPro.train INFO: Epoch 41 done. Time per batch: 0.187[s] Speed: 170.7[samples/s]
2025-12-12 04:56:59,817 MambaPro.train INFO: Epoch 42 done. Time per batch: 0.188[s] Speed: 170.5[samples/s]
2025-12-12 04:57:19,832 MambaPro.train INFO: Epoch 43 done. Time per batch: 0.187[s] Speed: 171.1[samples/s]
2025-12-12 04:57:39,837 MambaPro.train INFO: Epoch 44 done. Time per batch: 0.187[s] Speed: 171.2[samples/s]
2025-12-12 04:57:59,841 MambaPro.train INFO: Epoch 45 done. Time per batch: 0.187[s] Speed: 171.2[samples/s]
2025-12-12 04:58:07,327 MambaPro.train INFO: Validation Results - Epoch: 45
2025-12-12 04:58:07,327 MambaPro.train INFO: Current mAP: 74.3%
2025-12-12 04:58:07,327 MambaPro.train INFO: CMC curve, Rank-1  :76.2%
2025-12-12 04:58:07,327 MambaPro.train INFO: CMC curve, Rank-5  :84.4%
2025-12-12 04:58:07,327 MambaPro.train INFO: CMC curve, Rank-10 :89.7%
2025-12-12 04:58:07,328 MambaPro.train INFO: [Epoch 45] 指标集合列表（历史）
2025-12-12 04:58:07,328 MambaPro.train INFO: history_mAP:{50.0 , 53.5 , 60.7 , 67.5 , 74.4 , 77.3 , 75.8 , 75.8 , 74.3}
2025-12-12 04:58:07,328 MambaPro.train INFO: best_mAP:{77.3}
2025-12-12 04:58:07,328 MambaPro.train INFO: history_Rank-1:{56.8 , 56.5 , 66.5 , 72.0 , 77.4 , 78.6 , 76.8 , 77.9 , 76.2}
2025-12-12 04:58:07,328 MambaPro.train INFO: best_Rank-1:{78.6}
2025-12-12 04:58:07,328 MambaPro.train INFO: history_Rank-5:{67.5 , 71.1 , 79.8 , 80.1 , 86.1 , 87.7 , 85.8 , 84.4}
2025-12-12 04:58:07,328 MambaPro.train INFO: best_Rank-5:{87.7}
2025-12-12 04:58:07,328 MambaPro.train INFO: history_Rank-10:{73.7 , 79.3 , 85.5 , 84.9 , 90.0 , 91.9 , 90.2 , 90.6 , 89.7}
2025-12-12 04:58:07,328 MambaPro.train INFO: best_Rank-10:{91.9}
2025-12-12 04:58:07,328 MambaPro.train INFO: history_Experts:{[0.35 , 0.34 , 0.31] , [0.36 , 0.35 , 0.30] , [0.38 , 0.36 , 0.27] , [0.50 , 0.33 , 0.17] , [0.78 , 0.14 , 0.08] , [0.86 , 0.09 , 0.06] , [0.90 , 0.06 , 0.04] , [0.92 , 0.05 , 0.03] , [0.93 , 0.04 , 0.03]}
2025-12-12 04:58:07,328 MambaPro.train INFO: best_Experts:{[0.86 , 0.09 , 0.06]}
2025-12-12 04:58:07,328 MambaPro.train INFO: 🔥 MoE损失(Val): 平衡=0.9706, 稀疏性=0.2025, 多样性=0.2081, 总=0.0012 (权重: 平衡=0.001, 稀疏性=0.000, 多样性=0.001)
2025-12-12 04:58:07,328 MambaPro.train INFO:    📊 专家权重分布(Val): [0.93 , 0.04 , 0.03]
2025-12-12 04:58:27,479 MambaPro.train INFO: Epoch 46 done. Time per batch: 0.187[s] Speed: 171.1[samples/s]
2025-12-12 04:58:47,500 MambaPro.train INFO: Epoch 47 done. Time per batch: 0.187[s] Speed: 171.0[samples/s]
2025-12-12 04:59:07,320 MambaPro.train INFO: Epoch 48 done. Time per batch: 0.187[s] Speed: 171.1[samples/s]
2025-12-12 04:59:27,323 MambaPro.train INFO: Epoch 49 done. Time per batch: 0.187[s] Speed: 171.2[samples/s]
2025-12-12 04:59:47,299 MambaPro.train INFO: Epoch 50 done. Time per batch: 0.187[s] Speed: 171.4[samples/s]
2025-12-12 04:59:55,260 MambaPro.train INFO: Validation Results - Epoch: 50
2025-12-12 04:59:55,260 MambaPro.train INFO: Current mAP: 74.2%
2025-12-12 04:59:55,261 MambaPro.train INFO: CMC curve, Rank-1  :75.2%
2025-12-12 04:59:55,261 MambaPro.train INFO: CMC curve, Rank-5  :85.0%
2025-12-12 04:59:55,261 MambaPro.train INFO: CMC curve, Rank-10 :90.2%
2025-12-12 04:59:55,262 MambaPro.train INFO: [Epoch 50] 指标集合列表（历史）
2025-12-12 04:59:55,262 MambaPro.train INFO: history_mAP:{50.0 , 53.5 , 60.7 , 67.5 , 74.4 , 77.3 , 75.8 , 75.8 , 74.3 , 74.2}
2025-12-12 04:59:55,262 MambaPro.train INFO: best_mAP:{77.3}
2025-12-12 04:59:55,262 MambaPro.train INFO: history_Rank-1:{56.8 , 56.5 , 66.5 , 72.0 , 77.4 , 78.6 , 76.8 , 77.9 , 76.2 , 75.2}
2025-12-12 04:59:55,262 MambaPro.train INFO: best_Rank-1:{78.6}
2025-12-12 04:59:55,262 MambaPro.train INFO: history_Rank-5:{67.5 , 71.1 , 79.8 , 80.1 , 86.1 , 87.7 , 85.8 , 84.4 , 85.0}
2025-12-12 04:59:55,262 MambaPro.train INFO: best_Rank-5:{87.7}
2025-12-12 04:59:55,262 MambaPro.train INFO: history_Rank-10:{73.7 , 79.3 , 85.5 , 84.9 , 90.0 , 91.9 , 90.2 , 90.6 , 89.7}
2025-12-12 04:59:55,262 MambaPro.train INFO: best_Rank-10:{91.9}
2025-12-12 04:59:55,262 MambaPro.train INFO: history_Experts:{[0.35 , 0.34 , 0.31] , [0.36 , 0.35 , 0.30] , [0.38 , 0.36 , 0.27] , [0.50 , 0.33 , 0.17] , [0.78 , 0.14 , 0.08] , [0.86 , 0.09 , 0.06] , [0.90 , 0.06 , 0.04] , [0.92 , 0.05 , 0.03] , [0.93 , 0.04 , 0.03] , [0.94 , 0.04 , 0.03]}
2025-12-12 04:59:55,262 MambaPro.train INFO: best_Experts:{[0.86 , 0.09 , 0.06]}
2025-12-12 04:59:55,262 MambaPro.train INFO: 🔥 MoE损失(Val): 平衡=1.0070, 稀疏性=0.1791, 多样性=0.1808, 总=0.0012 (权重: 平衡=0.001, 稀疏性=0.000, 多样性=0.001)
2025-12-12 04:59:55,262 MambaPro.train INFO:    📊 专家权重分布(Val): [0.94 , 0.04 , 0.03]
2025-12-12 05:00:15,363 MambaPro.train INFO: Epoch 51 done. Time per batch: 0.188[s] Speed: 169.9[samples/s]
2025-12-12 05:00:35,261 MambaPro.train INFO: Epoch 52 done. Time per batch: 0.188[s] Speed: 170.5[samples/s]
2025-12-12 05:00:55,238 MambaPro.train INFO: Epoch 53 done. Time per batch: 0.187[s] Speed: 171.4[samples/s]
2025-12-12 05:01:15,266 MambaPro.train INFO: Epoch 54 done. Time per batch: 0.187[s] Speed: 171.0[samples/s]
2025-12-12 05:01:35,304 MambaPro.train INFO: Epoch 55 done. Time per batch: 0.187[s] Speed: 170.9[samples/s]
2025-12-12 05:01:42,877 MambaPro.train INFO: Validation Results - Epoch: 55
2025-12-12 05:01:42,877 MambaPro.train INFO: Current mAP: 74.8%
2025-12-12 05:01:42,877 MambaPro.train INFO: CMC curve, Rank-1  :76.1%
2025-12-12 05:01:42,877 MambaPro.train INFO: CMC curve, Rank-5  :85.8%
2025-12-12 05:01:42,877 MambaPro.train INFO: CMC curve, Rank-10 :90.2%
2025-12-12 05:01:42,878 MambaPro.train INFO: [Epoch 55] 指标集合列表（历史）
2025-12-12 05:01:42,878 MambaPro.train INFO: history_mAP:{50.0 , 53.5 , 60.7 , 67.5 , 74.4 , 77.3 , 75.8 , 75.8 , 74.3 , 74.2 , 74.8}
2025-12-12 05:01:42,878 MambaPro.train INFO: best_mAP:{77.3}
2025-12-12 05:01:42,878 MambaPro.train INFO: history_Rank-1:{56.8 , 56.5 , 66.5 , 72.0 , 77.4 , 78.6 , 76.8 , 77.9 , 76.2 , 75.2 , 76.1}
2025-12-12 05:01:42,878 MambaPro.train INFO: best_Rank-1:{78.6}
2025-12-12 05:01:42,878 MambaPro.train INFO: history_Rank-5:{67.5 , 71.1 , 79.8 , 80.1 , 86.1 , 87.7 , 85.8 , 84.4 , 85.0}
2025-12-12 05:01:42,878 MambaPro.train INFO: best_Rank-5:{87.7}
2025-12-12 05:01:42,878 MambaPro.train INFO: history_Rank-10:{73.7 , 79.3 , 85.5 , 84.9 , 90.0 , 91.9 , 90.2 , 90.6 , 89.7}
2025-12-12 05:01:42,878 MambaPro.train INFO: best_Rank-10:{91.9}
2025-12-12 05:01:42,878 MambaPro.train INFO: history_Experts:{[0.35 , 0.34 , 0.31] , [0.36 , 0.35 , 0.30] , [0.38 , 0.36 , 0.27] , [0.50 , 0.33 , 0.17] , [0.78 , 0.14 , 0.08] , [0.86 , 0.09 , 0.06] , [0.90 , 0.06 , 0.04] , [0.92 , 0.05 , 0.03] , [0.93 , 0.04 , 0.03] , [0.94 , 0.04 , 0.03] , [0.94 , 0.03 , 0.02]}
2025-12-12 05:01:42,878 MambaPro.train INFO: best_Experts:{[0.86 , 0.09 , 0.06]}
2025-12-12 05:01:42,878 MambaPro.train INFO: 🔥 MoE损失(Val): 平衡=1.0327, 稀疏性=0.1626, 多样性=0.1621, 总=0.0012 (权重: 平衡=0.001, 稀疏性=0.000, 多样性=0.001)
2025-12-12 05:01:42,878 MambaPro.train INFO:    📊 专家权重分布(Val): [0.94 , 0.03 , 0.02]
2025-12-12 05:02:02,971 MambaPro.train INFO: Epoch 56 done. Time per batch: 0.188[s] Speed: 170.0[samples/s]
2025-12-12 05:02:23,027 MambaPro.train INFO: Epoch 57 done. Time per batch: 0.187[s] Speed: 170.7[samples/s]
2025-12-12 05:02:43,049 MambaPro.train INFO: Epoch 58 done. Time per batch: 0.187[s] Speed: 171.0[samples/s]
2025-12-12 05:03:02,950 MambaPro.train INFO: Epoch 59 done. Time per batch: 0.188[s] Speed: 170.4[samples/s]
2025-12-12 05:03:23,006 MambaPro.train INFO: Epoch 60 done. Time per batch: 0.187[s] Speed: 170.7[samples/s]
2025-12-12 05:03:31,001 MambaPro.train INFO: Validation Results - Epoch: 60
2025-12-12 05:03:31,001 MambaPro.train INFO: Current mAP: 74.7%
2025-12-12 05:03:31,001 MambaPro.train INFO: CMC curve, Rank-1  :75.0%
2025-12-12 05:03:31,001 MambaPro.train INFO: CMC curve, Rank-5  :85.8%
2025-12-12 05:03:31,001 MambaPro.train INFO: CMC curve, Rank-10 :90.7%
2025-12-12 05:03:31,001 MambaPro.train INFO: [Epoch 60] 指标集合列表（历史）
2025-12-12 05:03:31,001 MambaPro.train INFO: history_mAP:{50.0 , 53.5 , 60.7 , 67.5 , 74.4 , 77.3 , 75.8 , 75.8 , 74.3 , 74.2 , 74.8 , 74.7}
2025-12-12 05:03:31,002 MambaPro.train INFO: best_mAP:{77.3}
2025-12-12 05:03:31,002 MambaPro.train INFO: history_Rank-1:{56.8 , 56.5 , 66.5 , 72.0 , 77.4 , 78.6 , 76.8 , 77.9 , 76.2 , 75.2 , 76.1 , 75.0}
2025-12-12 05:03:31,002 MambaPro.train INFO: best_Rank-1:{78.6}
2025-12-12 05:03:31,002 MambaPro.train INFO: history_Rank-5:{67.5 , 71.1 , 79.8 , 80.1 , 86.1 , 87.7 , 85.8 , 84.4 , 85.0}
2025-12-12 05:03:31,002 MambaPro.train INFO: best_Rank-5:{87.7}
2025-12-12 05:03:31,002 MambaPro.train INFO: history_Rank-10:{73.7 , 79.3 , 85.5 , 84.9 , 90.0 , 91.9 , 90.2 , 90.6 , 89.7 , 90.7}
2025-12-12 05:03:31,002 MambaPro.train INFO: best_Rank-10:{91.9}
2025-12-12 05:03:31,002 MambaPro.train INFO: history_Experts:{[0.35 , 0.34 , 0.31] , [0.36 , 0.35 , 0.30] , [0.38 , 0.36 , 0.27] , [0.50 , 0.33 , 0.17] , [0.78 , 0.14 , 0.08] , [0.86 , 0.09 , 0.06] , [0.90 , 0.06 , 0.04] , [0.92 , 0.05 , 0.03] , [0.93 , 0.04 , 0.03] , [0.94 , 0.04 , 0.03] , [0.94 , 0.03 , 0.02] , [0.95 , 0.03 , 0.02]}
2025-12-12 05:03:31,002 MambaPro.train INFO: best_Experts:{[0.86 , 0.09 , 0.06]}
2025-12-12 05:03:31,002 MambaPro.train INFO: 🔥 MoE损失(Val): 平衡=1.0527, 稀疏性=0.1498, 多样性=0.1480, 总=0.0012 (权重: 平衡=0.001, 稀疏性=0.000, 多样性=0.001)
2025-12-12 05:03:31,002 MambaPro.train INFO:    📊 专家权重分布(Val): [0.95 , 0.03 , 0.02]
2025-12-12 05:03:31,136 MambaPro.train INFO: ============================================================
