2025-12-24 13:53:39,599 MambaPro INFO: 🔥 窗口配置：4x4+8x8+16x16 ([4, 8, 16]), MoE专家数量：3
2025-12-24 13:53:39,599 MambaPro INFO: ================================================================================
2025-12-24 13:53:39,599 MambaPro INFO: 🧾 实验参数快照（命令行 + 最终配置）
2025-12-24 13:53:39,599 MambaPro INFO: ================================================================================
2025-12-24 13:53:39,599 MambaPro INFO: 【复现实验命令】
2025-12-24 13:53:39,599 MambaPro INFO: /home/zhanghaoyang/.conda/envs/MambaPro/bin/python train_net.py --config_file /home/zhanghaoyang/Desktop/yzy/AboutReid/configs/RGBNT201/20251013_experiment_config.yml MODEL.USE_TEXT_FUSION True MODEL.TEXT_FUSION_METHOD attention DATASETS.USE_TEXT_FEATURES True DATASETS.QWEN_VL_ANNO_DIR ./QwenVL_Anno
2025-12-24 13:53:39,599 MambaPro INFO: 【命令行参数（args）】
2025-12-24 13:53:39,600 MambaPro INFO: {
2025-12-24 13:53:39,600 MambaPro INFO:   "config_file": "/home/zhanghaoyang/Desktop/yzy/AboutReid/configs/RGBNT201/20251013_experiment_config.yml",
2025-12-24 13:53:39,600 MambaPro INFO:   "fea_cft": 0,
2025-12-24 13:53:39,600 MambaPro INFO:   "local_rank": 0,
2025-12-24 13:53:39,600 MambaPro INFO:   "use_multi_scale": false,
2025-12-24 13:53:39,600 MambaPro INFO:   "no_multi_scale": false,
2025-12-24 13:53:39,600 MambaPro INFO:   "use_moe": false,
2025-12-24 13:53:39,600 MambaPro INFO:   "disable_moe": false,
2025-12-24 13:53:39,600 MambaPro INFO:   "no_moe": false,
2025-12-24 13:53:39,600 MambaPro INFO:   "use_attention": false,
2025-12-24 13:53:39,600 MambaPro INFO:   "disable_attention": false,
2025-12-24 13:53:39,600 MambaPro INFO:   "attention_heads": 8,
2025-12-24 13:53:39,600 MambaPro INFO:   "attention_dropout": 0.1,
2025-12-24 13:53:39,600 MambaPro INFO:   "resume": "",
2025-12-24 13:53:39,600 MambaPro INFO:   "no_resume": false,
2025-12-24 13:53:39,600 MambaPro INFO:   "enable_resume": false,
2025-12-24 13:53:39,600 MambaPro INFO:   "opts": [
2025-12-24 13:53:39,600 MambaPro INFO:     "MODEL.USE_TEXT_FUSION",
2025-12-24 13:53:39,600 MambaPro INFO:     "True",
2025-12-24 13:53:39,600 MambaPro INFO:     "MODEL.TEXT_FUSION_METHOD",
2025-12-24 13:53:39,600 MambaPro INFO:     "attention",
2025-12-24 13:53:39,600 MambaPro INFO:     "DATASETS.USE_TEXT_FEATURES",
2025-12-24 13:53:39,600 MambaPro INFO:     "True",
2025-12-24 13:53:39,600 MambaPro INFO:     "DATASETS.QWEN_VL_ANNO_DIR",
2025-12-24 13:53:39,600 MambaPro INFO:     "./QwenVL_Anno"
2025-12-24 13:53:39,600 MambaPro INFO:   ]
2025-12-24 13:53:39,600 MambaPro INFO: }
2025-12-24 13:53:39,600 MambaPro INFO: 【工作目录】/home/zhanghaoyang/Desktop/yzy/AboutReid
2025-12-24 13:53:39,600 MambaPro INFO: 【最终配置（YAML）】
2025-12-24 13:53:39,606 MambaPro INFO: DATALOADER:
2025-12-24 13:53:39,606 MambaPro INFO:   NUM_INSTANCE: 8
2025-12-24 13:53:39,606 MambaPro INFO:   NUM_WORKERS: 8
2025-12-24 13:53:39,606 MambaPro INFO:   SAMPLER: softmax_triplet
2025-12-24 13:53:39,606 MambaPro INFO: DATASETS:
2025-12-24 13:53:39,606 MambaPro INFO:   NAMES: RGBNT201
2025-12-24 13:53:39,606 MambaPro INFO:   QWEN_VL_ANNO_DIR: ./QwenVL_Anno
2025-12-24 13:53:39,606 MambaPro INFO:   ROOT_DIR: data/datasets
2025-12-24 13:53:39,606 MambaPro INFO:   USE_TEXT_FEATURES: true
2025-12-24 13:53:39,606 MambaPro INFO: INPUT:
2025-12-24 13:53:39,606 MambaPro INFO:   PADDING: 10
2025-12-24 13:53:39,606 MambaPro INFO:   PIXEL_MEAN:
2025-12-24 13:53:39,606 MambaPro INFO:   - 0.5
2025-12-24 13:53:39,606 MambaPro INFO:   - 0.5
2025-12-24 13:53:39,606 MambaPro INFO:   - 0.5
2025-12-24 13:53:39,606 MambaPro INFO:   PIXEL_STD:
2025-12-24 13:53:39,606 MambaPro INFO:   - 0.5
2025-12-24 13:53:39,606 MambaPro INFO:   - 0.5
2025-12-24 13:53:39,606 MambaPro INFO:   - 0.5
2025-12-24 13:53:39,606 MambaPro INFO:   PROB: 0.5
2025-12-24 13:53:39,606 MambaPro INFO:   RE_PROB: 0.5
2025-12-24 13:53:39,606 MambaPro INFO:   SIZE_TEST:
2025-12-24 13:53:39,606 MambaPro INFO:   - 256
2025-12-24 13:53:39,606 MambaPro INFO:   - 128
2025-12-24 13:53:39,606 MambaPro INFO:   SIZE_TRAIN:
2025-12-24 13:53:39,606 MambaPro INFO:   - 256
2025-12-24 13:53:39,606 MambaPro INFO:   - 128
2025-12-24 13:53:39,606 MambaPro INFO: MODEL:
2025-12-24 13:53:39,606 MambaPro INFO:   ADAPTER: true
2025-12-24 13:53:39,606 MambaPro INFO:   ATTENTION_DIM: 512
2025-12-24 13:53:39,606 MambaPro INFO:   ATTENTION_DROPOUT: 0.1
2025-12-24 13:53:39,606 MambaPro INFO:   ATTENTION_NUM_HEADS: 8
2025-12-24 13:53:39,606 MambaPro INFO:   ATT_DROP_RATE: 0.0
2025-12-24 13:53:39,606 MambaPro INFO:   CLIP_MULTI_SCALE_SCALES:
2025-12-24 13:53:39,607 MambaPro INFO:   - 4
2025-12-24 13:53:39,607 MambaPro INFO:   - 8
2025-12-24 13:53:39,607 MambaPro INFO:   - 16
2025-12-24 13:53:39,607 MambaPro INFO:   CROSS_MODAL_ATTENTION_HEADS: 8
2025-12-24 13:53:39,607 MambaPro INFO:   DEVICE: cuda
2025-12-24 13:53:39,607 MambaPro INFO:   DEVICE_ID: '0'
2025-12-24 13:53:39,607 MambaPro INFO:   DIRECT: 1
2025-12-24 13:53:39,607 MambaPro INFO:   DIST_TRAIN: false
2025-12-24 13:53:39,607 MambaPro INFO:   DROP_OUT: 0.0
2025-12-24 13:53:39,607 MambaPro INFO:   DROP_PATH: 0.1
2025-12-24 13:53:39,607 MambaPro INFO:   FLOPS_TEST: false
2025-12-24 13:53:39,607 MambaPro INFO:   FROZEN: true
2025-12-24 13:53:39,607 MambaPro INFO:   GATE_DROPOUT: 0.1
2025-12-24 13:53:39,607 MambaPro INFO:   ID_LOSS_TYPE: softmax
2025-12-24 13:53:39,607 MambaPro INFO:   ID_LOSS_WEIGHT: 0.25
2025-12-24 13:53:39,607 MambaPro INFO:   IF_LABELSMOOTH: 'on'
2025-12-24 13:53:39,607 MambaPro INFO:   IF_WITH_CENTER: 'no'
2025-12-24 13:53:39,607 MambaPro INFO:   LAYER: -1
2025-12-24 13:53:39,607 MambaPro INFO:   MAMBA: true
2025-12-24 13:53:39,607 MambaPro INFO:   MAMBA_BI: false
2025-12-24 13:53:39,607 MambaPro INFO:   METRIC_LOSS_TYPE: triplet
2025-12-24 13:53:39,607 MambaPro INFO:   MOE_BALANCE_LOSS_WEIGHT: 0.01
2025-12-24 13:53:39,607 MambaPro INFO:   MOE_DIVERSITY_LOSS_WEIGHT: 0.01
2025-12-24 13:53:39,607 MambaPro INFO:   MOE_EXPERT_DROPOUT: 0.1
2025-12-24 13:53:39,607 MambaPro INFO:   MOE_EXPERT_HIDDEN_DIM: 1024
2025-12-24 13:53:39,607 MambaPro INFO:   MOE_EXPERT_LAYERS: 2
2025-12-24 13:53:39,607 MambaPro INFO:   MOE_EXPERT_THRESHOLD: 0.1
2025-12-24 13:53:39,607 MambaPro INFO:   MOE_FIXED_WEIGHTS:
2025-12-24 13:53:39,607 MambaPro INFO:   - 0.33
2025-12-24 13:53:39,607 MambaPro INFO:   - 0.33
2025-12-24 13:53:39,607 MambaPro INFO:   - 0.34
2025-12-24 13:53:39,607 MambaPro INFO:   MOE_GATE_DROPOUT: 0.1
2025-12-24 13:53:39,607 MambaPro INFO:   MOE_GATE_LAYERS: 2
2025-12-24 13:53:39,607 MambaPro INFO:   MOE_INIT_WEIGHTS: null
2025-12-24 13:53:39,607 MambaPro INFO:   MOE_NUM_EXPERTS: 3
2025-12-24 13:53:39,607 MambaPro INFO:   MOE_RESIDUAL_WEIGHT: 1.0
2025-12-24 13:53:39,607 MambaPro INFO:   MOE_SCALES:
2025-12-24 13:53:39,607 MambaPro INFO:   - 4
2025-12-24 13:53:39,607 MambaPro INFO:   - 8
2025-12-24 13:53:39,608 MambaPro INFO:   - 16
2025-12-24 13:53:39,608 MambaPro INFO:   MOE_SPARSITY_LOSS_WEIGHT: 0.001
2025-12-24 13:53:39,608 MambaPro INFO:   MOE_TEMPERATURE: 0.7
2025-12-24 13:53:39,608 MambaPro INFO:   MOE_TOP_K: 2
2025-12-24 13:53:39,608 MambaPro INFO:   MOE_TOP_K_MODE: soft
2025-12-24 13:53:39,608 MambaPro INFO:   MOE_USE_FIXED_WEIGHTS: false
2025-12-24 13:53:39,608 MambaPro INFO:   MOE_USE_TOP_K_ROUTING: false
2025-12-24 13:53:39,608 MambaPro INFO:   MULTI_SCALE_SCALES:
2025-12-24 13:53:39,608 MambaPro INFO:   - 4
2025-12-24 13:53:39,608 MambaPro INFO:   - 8
2025-12-24 13:53:39,608 MambaPro INFO:   - 16
2025-12-24 13:53:39,608 MambaPro INFO:   NAME: MambaPro
2025-12-24 13:53:39,608 MambaPro INFO:   NECK: bnneck
2025-12-24 13:53:39,608 MambaPro INFO:   NO_MARGIN: true
2025-12-24 13:53:39,608 MambaPro INFO:   PREFIX_NUM: 1
2025-12-24 13:53:39,608 MambaPro INFO:   PRETRAIN_PATH_T: ../ViT-B-16.pt
2025-12-24 13:53:39,608 MambaPro INFO:   PROMPT: true
2025-12-24 13:53:39,608 MambaPro INFO:   SIE_CAMERA: true
2025-12-24 13:53:39,608 MambaPro INFO:   SIE_COE: 1.0
2025-12-24 13:53:39,608 MambaPro INFO:   SIE_VIEW: false
2025-12-24 13:53:39,608 MambaPro INFO:   STRIDE_SIZE:
2025-12-24 13:53:39,608 MambaPro INFO:   - 16
2025-12-24 13:53:39,608 MambaPro INFO:   - 16
2025-12-24 13:53:39,608 MambaPro INFO:   TEXT_FEATURE_DIM: 512
2025-12-24 13:53:39,608 MambaPro INFO:   TEXT_FUSION_METHOD: attention
2025-12-24 13:53:39,608 MambaPro INFO:   TEXT_FUSION_WEIGHT: 0.3
2025-12-24 13:53:39,608 MambaPro INFO:   TEXT_GUIDE_PROMPT: false
2025-12-24 13:53:39,608 MambaPro INFO:   TRANSFORMER_TYPE: ViT-B-16
2025-12-24 13:53:39,608 MambaPro INFO:   TRIPLET_LOSS_WEIGHT: 1.0
2025-12-24 13:53:39,608 MambaPro INFO:   USE_ATTENTION_FUSION: false
2025-12-24 13:53:39,608 MambaPro INFO:   USE_CLIP_MULTI_SCALE: true
2025-12-24 13:53:39,608 MambaPro INFO:   USE_GATE_FUSION: false
2025-12-24 13:53:39,608 MambaPro INFO:   USE_MULTI_SCALE: false
2025-12-24 13:53:39,608 MambaPro INFO:   USE_MULTI_SCALE_MOE: true
2025-12-24 13:53:39,608 MambaPro INFO:   USE_TEXT_FUSION: true
2025-12-24 13:53:39,608 MambaPro INFO: OUTPUT_DIR: ./outputs/replay_best_tml/run_20251224_135339
2025-12-24 13:53:39,608 MambaPro INFO: SOLVER:
2025-12-24 13:53:39,608 MambaPro INFO:   BASE_LR: 0.0005
2025-12-24 13:53:39,608 MambaPro INFO:   BIAS_LR_FACTOR: 2
2025-12-24 13:53:39,608 MambaPro INFO:   CENTER_LOSS_WEIGHT: 0.0005
2025-12-24 13:53:39,609 MambaPro INFO:   CENTER_LR: 0.5
2025-12-24 13:53:39,609 MambaPro INFO:   CHECKPOINT_PERIOD: 10
2025-12-24 13:53:39,609 MambaPro INFO:   CLUSTER_MARGIN: 0.3
2025-12-24 13:53:39,609 MambaPro INFO:   COSINE_MARGIN: 0.5
2025-12-24 13:53:39,609 MambaPro INFO:   COSINE_SCALE: 30
2025-12-24 13:53:39,609 MambaPro INFO:   EVAL_PERIOD: 5
2025-12-24 13:53:39,609 MambaPro INFO:   GAMMA: 0.1
2025-12-24 13:53:39,609 MambaPro INFO:   IMS_PER_BATCH: 32
2025-12-24 13:53:39,609 MambaPro INFO:   LARGE_FC_LR: false
2025-12-24 13:53:39,609 MambaPro INFO:   LOG_PERIOD: 10
2025-12-24 13:53:39,609 MambaPro INFO:   MARGIN: 0.3
2025-12-24 13:53:39,609 MambaPro INFO:   MAX_EPOCHS: 60
2025-12-24 13:53:39,609 MambaPro INFO:   MOE_BALANCE_LOSS_WEIGHT: 0.001
2025-12-24 13:53:39,609 MambaPro INFO:   MOE_BALANCE_LOSS_WEIGHT_END: 0.1
2025-12-24 13:53:39,609 MambaPro INFO:   MOE_BALANCE_LOSS_WEIGHT_START: 0.001
2025-12-24 13:53:39,609 MambaPro INFO:   MOE_BALANCE_THRESHOLD: 0.3
2025-12-24 13:53:39,609 MambaPro INFO:   MOE_DIVERSITY_LOSS_WEIGHT: 0.001
2025-12-24 13:53:39,609 MambaPro INFO:   MOE_DIVERSITY_LOSS_WEIGHT_END: 0.1
2025-12-24 13:53:39,609 MambaPro INFO:   MOE_DIVERSITY_LOSS_WEIGHT_START: 0.001
2025-12-24 13:53:39,609 MambaPro INFO:   MOE_GATE_LR_FACTOR: 0.01
2025-12-24 13:53:39,609 MambaPro INFO:   MOE_LOSS_WEIGHT_SCHEDULE_TYPE: cosine
2025-12-24 13:53:39,609 MambaPro INFO:   MOE_LOSS_WEIGHT_WARMUP_EPOCHS: 5
2025-12-24 13:53:39,609 MambaPro INFO:   MOE_SPARSITY_LOSS_WEIGHT: 0.0001
2025-12-24 13:53:39,609 MambaPro INFO:   MOE_USE_DYNAMIC_LOSS_WEIGHT: false
2025-12-24 13:53:39,609 MambaPro INFO:   MOMENTUM: 0.9
2025-12-24 13:53:39,609 MambaPro INFO:   OPTIMIZER_NAME: Adam
2025-12-24 13:53:39,609 MambaPro INFO:   RANGE_ALPHA: 0
2025-12-24 13:53:39,609 MambaPro INFO:   RANGE_BETA: 1
2025-12-24 13:53:39,609 MambaPro INFO:   RANGE_K: 2
2025-12-24 13:53:39,609 MambaPro INFO:   RANGE_LOSS_WEIGHT: 1
2025-12-24 13:53:39,609 MambaPro INFO:   RANGE_MARGIN: 0.3
2025-12-24 13:53:39,609 MambaPro INFO:   SEED: 42
2025-12-24 13:53:39,609 MambaPro INFO:   STEPS:
2025-12-24 13:53:39,609 MambaPro INFO:   - 30
2025-12-24 13:53:39,609 MambaPro INFO:   - 50
2025-12-24 13:53:39,609 MambaPro INFO:   WARMUP_FACTOR: 0.01
2025-12-24 13:53:39,609 MambaPro INFO:   WARMUP_ITERS: 20
2025-12-24 13:53:39,609 MambaPro INFO:   WARMUP_METHOD: linear
2025-12-24 13:53:39,609 MambaPro INFO:   WEIGHT_DECAY: 0.0005
2025-12-24 13:53:39,609 MambaPro INFO:   WEIGHT_DECAY_BIAS: 0.0005
2025-12-24 13:53:39,610 MambaPro INFO: TEST:
2025-12-24 13:53:39,610 MambaPro INFO:   FEAT: 0
2025-12-24 13:53:39,610 MambaPro INFO:   FEAT_NORM: 'yes'
2025-12-24 13:53:39,610 MambaPro INFO:   IMS_PER_BATCH: 64
2025-12-24 13:53:39,610 MambaPro INFO:   MISS: nothing
2025-12-24 13:53:39,610 MambaPro INFO:   NECK_FEAT: after
2025-12-24 13:53:39,610 MambaPro INFO:   RE_RANKING: 'no'
2025-12-24 13:53:39,610 MambaPro INFO:   WEIGHT: /home/zubuntu/workspace/yzy/MambaPro/pths/MambaProbest.pth
2025-12-24 13:53:39,610 MambaPro INFO: ================================================================================
2025-12-24 13:53:47,694 MambaPro.train INFO: start training
2025-12-24 13:54:46,009 MambaPro.train INFO: Epoch 1 done. Time per batch: 0.539[s] Speed: 59.3[samples/s]
2025-12-24 13:55:43,069 MambaPro.train INFO: Epoch 2 done. Time per batch: 0.533[s] Speed: 60.0[samples/s]
2025-12-24 13:56:40,046 MambaPro.train INFO: Epoch 3 done. Time per batch: 0.532[s] Speed: 60.1[samples/s]
2025-12-24 13:57:37,525 MambaPro.train INFO: Epoch 4 done. Time per batch: 0.537[s] Speed: 59.6[samples/s]
2025-12-24 13:58:34,204 MambaPro.train INFO: Epoch 5 done. Time per batch: 0.535[s] Speed: 59.8[samples/s]
2025-12-24 13:58:53,619 MambaPro.train INFO: Validation Results - Epoch: 5
2025-12-24 13:58:53,619 MambaPro.train INFO: Current mAP: 48.8%
2025-12-24 13:58:53,619 MambaPro.train INFO: CMC curve, Rank-1  :50.6%
2025-12-24 13:58:53,619 MambaPro.train INFO: CMC curve, Rank-5  :68.2%
2025-12-24 13:58:53,619 MambaPro.train INFO: CMC curve, Rank-10 :76.9%
2025-12-24 13:58:53,623 MambaPro.train INFO: 🎯 New Best! Saving model...
2025-12-24 13:58:54,221 MambaPro.train INFO: [Epoch 5] 指标集合列表（历史）
2025-12-24 13:58:54,221 MambaPro.train INFO: history_mAP:{48.8}
2025-12-24 13:58:54,221 MambaPro.train INFO: best_mAP:{48.8}
2025-12-24 13:58:54,221 MambaPro.train INFO: history_Rank-1:{50.6}
2025-12-24 13:58:54,221 MambaPro.train INFO: best_Rank-1:{50.6}
2025-12-24 13:58:54,221 MambaPro.train INFO: history_Rank-5:{68.2}
2025-12-24 13:58:54,221 MambaPro.train INFO: best_Rank-5:{68.2}
2025-12-24 13:58:54,221 MambaPro.train INFO: history_Rank-10:{76.9}
2025-12-24 13:58:54,221 MambaPro.train INFO: best_Rank-10:{76.9}
2025-12-24 13:58:54,221 MambaPro.train INFO: history_Experts:{[0.34 , 0.34 , 0.31]}
2025-12-24 13:58:54,221 MambaPro.train INFO: best_Experts:{[0.34 , 0.34 , 0.31]}
2025-12-24 13:58:54,221 MambaPro.train INFO: 🔥 MoE损失(Val): 平衡=0.0000, 稀疏性=0.9990, 多样性=2.6584, 总=0.0028 (权重: 平衡=0.001, 稀疏性=0.000, 多样性=0.001)
2025-12-24 13:58:54,221 MambaPro.train INFO:    📊 专家权重分布(Val, 3个专家): [0.34 , 0.34 , 0.31]
2025-12-24 13:59:51,327 MambaPro.train INFO: Epoch 6 done. Time per batch: 0.532[s] Speed: 60.1[samples/s]
2025-12-24 14:00:48,552 MambaPro.train INFO: Epoch 7 done. Time per batch: 0.535[s] Speed: 59.8[samples/s]
2025-12-24 14:01:45,824 MambaPro.train INFO: Epoch 8 done. Time per batch: 0.535[s] Speed: 59.8[samples/s]
2025-12-24 14:02:42,862 MambaPro.train INFO: Epoch 9 done. Time per batch: 0.533[s] Speed: 60.0[samples/s]
2025-12-24 14:03:40,154 MambaPro.train INFO: Epoch 10 done. Time per batch: 0.535[s] Speed: 59.8[samples/s]
2025-12-24 14:03:41,166 MambaPro.train INFO: 💾 保存完整检查点: ./outputs/replay_best_tml/run_20251224_135339/MambaPro_10.pth (Epoch 10)
2025-12-24 14:04:00,517 MambaPro.train INFO: Validation Results - Epoch: 10
2025-12-24 14:04:00,517 MambaPro.train INFO: Current mAP: 47.3%
2025-12-24 14:04:00,517 MambaPro.train INFO: CMC curve, Rank-1  :47.0%
2025-12-24 14:04:00,517 MambaPro.train INFO: CMC curve, Rank-5  :64.8%
2025-12-24 14:04:00,517 MambaPro.train INFO: CMC curve, Rank-10 :74.4%
2025-12-24 14:04:00,520 MambaPro.train INFO: [Epoch 10] 指标集合列表（历史）
2025-12-24 14:04:00,520 MambaPro.train INFO: history_mAP:{48.8 , 47.3}
2025-12-24 14:04:00,520 MambaPro.train INFO: best_mAP:{48.8}
2025-12-24 14:04:00,520 MambaPro.train INFO: history_Rank-1:{50.6 , 47.0}
2025-12-24 14:04:00,520 MambaPro.train INFO: best_Rank-1:{50.6}
2025-12-24 14:04:00,520 MambaPro.train INFO: history_Rank-5:{68.2 , 64.8}
2025-12-24 14:04:00,520 MambaPro.train INFO: best_Rank-5:{68.2}
2025-12-24 14:04:00,520 MambaPro.train INFO: history_Rank-10:{76.9 , 74.4}
2025-12-24 14:04:00,520 MambaPro.train INFO: best_Rank-10:{76.9}
2025-12-24 14:04:00,520 MambaPro.train INFO: history_Experts:{[0.34 , 0.34 , 0.31] , [0.36 , 0.34 , 0.30]}
2025-12-24 14:04:00,520 MambaPro.train INFO: best_Experts:{[0.34 , 0.34 , 0.31]}
2025-12-24 14:04:00,520 MambaPro.train INFO: 🔥 MoE损失(Val): 平衡=0.0000, 稀疏性=0.9973, 多样性=2.6455, 总=0.0027 (权重: 平衡=0.001, 稀疏性=0.000, 多样性=0.001)
2025-12-24 14:04:00,520 MambaPro.train INFO:    📊 专家权重分布(Val, 3个专家): [0.36 , 0.34 , 0.30]
2025-12-24 14:04:57,949 MambaPro.train INFO: Epoch 11 done. Time per batch: 0.535[s] Speed: 59.8[samples/s]
2025-12-24 14:05:55,116 MambaPro.train INFO: Epoch 12 done. Time per batch: 0.534[s] Speed: 59.9[samples/s]
2025-12-24 14:06:52,579 MambaPro.train INFO: Epoch 13 done. Time per batch: 0.537[s] Speed: 59.6[samples/s]
2025-12-24 14:07:49,481 MambaPro.train INFO: Epoch 14 done. Time per batch: 0.532[s] Speed: 60.2[samples/s]
2025-12-24 14:08:47,172 MambaPro.train INFO: Epoch 15 done. Time per batch: 0.539[s] Speed: 59.4[samples/s]
2025-12-24 14:09:06,432 MambaPro.train INFO: Validation Results - Epoch: 15
2025-12-24 14:09:06,432 MambaPro.train INFO: Current mAP: 39.5%
2025-12-24 14:09:06,432 MambaPro.train INFO: CMC curve, Rank-1  :40.7%
2025-12-24 14:09:06,433 MambaPro.train INFO: CMC curve, Rank-5  :62.8%
2025-12-24 14:09:06,433 MambaPro.train INFO: CMC curve, Rank-10 :72.1%
2025-12-24 14:09:06,435 MambaPro.train INFO: [Epoch 15] 指标集合列表（历史）
2025-12-24 14:09:06,436 MambaPro.train INFO: history_mAP:{48.8 , 47.3 , 39.5}
2025-12-24 14:09:06,436 MambaPro.train INFO: best_mAP:{48.8}
2025-12-24 14:09:06,436 MambaPro.train INFO: history_Rank-1:{50.6 , 47.0 , 40.7}
2025-12-24 14:09:06,436 MambaPro.train INFO: best_Rank-1:{50.6}
2025-12-24 14:09:06,436 MambaPro.train INFO: history_Rank-5:{68.2 , 64.8 , 62.8}
2025-12-24 14:09:06,436 MambaPro.train INFO: best_Rank-5:{68.2}
2025-12-24 14:09:06,436 MambaPro.train INFO: history_Rank-10:{76.9 , 74.4 , 72.1}
2025-12-24 14:09:06,436 MambaPro.train INFO: best_Rank-10:{76.9}
2025-12-24 14:09:06,436 MambaPro.train INFO: history_Experts:{[0.34 , 0.34 , 0.31] , [0.36 , 0.34 , 0.30] , [0.37 , 0.35 , 0.28]}
2025-12-24 14:09:06,436 MambaPro.train INFO: best_Experts:{[0.34 , 0.34 , 0.31]}
2025-12-24 14:09:06,436 MambaPro.train INFO: 🔥 MoE损失(Val): 平衡=0.0000, 稀疏性=0.9923, 多样性=2.6063, 总=0.0027 (权重: 平衡=0.001, 稀疏性=0.000, 多样性=0.001)
2025-12-24 14:09:06,437 MambaPro.train INFO:    📊 专家权重分布(Val, 3个专家): [0.37 , 0.35 , 0.28]
2025-12-24 14:10:03,981 MambaPro.train INFO: Epoch 16 done. Time per batch: 0.536[s] Speed: 59.7[samples/s]
2025-12-24 14:11:00,593 MambaPro.train INFO: Epoch 17 done. Time per batch: 0.529[s] Speed: 60.5[samples/s]
2025-12-24 14:11:58,098 MambaPro.train INFO: Epoch 18 done. Time per batch: 0.537[s] Speed: 59.5[samples/s]
2025-12-24 14:12:55,561 MambaPro.train INFO: Epoch 19 done. Time per batch: 0.537[s] Speed: 59.6[samples/s]
2025-12-24 14:13:52,365 MambaPro.train INFO: Epoch 20 done. Time per batch: 0.531[s] Speed: 60.3[samples/s]
2025-12-24 14:13:53,330 MambaPro.train INFO: 💾 保存完整检查点: ./outputs/replay_best_tml/run_20251224_135339/MambaPro_20.pth (Epoch 20)
2025-12-24 14:14:12,628 MambaPro.train INFO: Validation Results - Epoch: 20
2025-12-24 14:14:12,628 MambaPro.train INFO: Current mAP: 53.8%
2025-12-24 14:14:12,628 MambaPro.train INFO: CMC curve, Rank-1  :56.6%
2025-12-24 14:14:12,628 MambaPro.train INFO: CMC curve, Rank-5  :72.8%
2025-12-24 14:14:12,628 MambaPro.train INFO: CMC curve, Rank-10 :80.3%
2025-12-24 14:14:12,631 MambaPro.train INFO: 🎯 New Best! Saving model...
2025-12-24 14:14:13,316 MambaPro.train INFO: [Epoch 20] 指标集合列表（历史）
2025-12-24 14:14:13,317 MambaPro.train INFO: history_mAP:{48.8 , 47.3 , 39.5 , 53.8}
2025-12-24 14:14:13,317 MambaPro.train INFO: best_mAP:{53.8}
2025-12-24 14:14:13,317 MambaPro.train INFO: history_Rank-1:{50.6 , 47.0 , 40.7 , 56.6}
2025-12-24 14:14:13,317 MambaPro.train INFO: best_Rank-1:{56.6}
2025-12-24 14:14:13,317 MambaPro.train INFO: history_Rank-5:{68.2 , 64.8 , 62.8 , 72.8}
2025-12-24 14:14:13,317 MambaPro.train INFO: best_Rank-5:{72.8}
2025-12-24 14:14:13,317 MambaPro.train INFO: history_Rank-10:{76.9 , 74.4 , 72.1 , 80.3}
2025-12-24 14:14:13,317 MambaPro.train INFO: best_Rank-10:{80.3}
2025-12-24 14:14:13,317 MambaPro.train INFO: history_Experts:{[0.34 , 0.34 , 0.31] , [0.36 , 0.34 , 0.30] , [0.37 , 0.35 , 0.28] , [0.40 , 0.35 , 0.24]}
2025-12-24 14:14:13,317 MambaPro.train INFO: best_Experts:{[0.40 , 0.35 , 0.24]}
2025-12-24 14:14:13,317 MambaPro.train INFO: 🔥 MoE损失(Val): 平衡=0.0000, 稀疏性=0.9792, 多样性=2.5070, 总=0.0026 (权重: 平衡=0.001, 稀疏性=0.000, 多样性=0.001)
2025-12-24 14:14:13,317 MambaPro.train INFO:    📊 专家权重分布(Val, 3个专家): [0.40 , 0.35 , 0.24]
2025-12-24 14:15:10,966 MambaPro.train INFO: Epoch 21 done. Time per batch: 0.537[s] Speed: 59.6[samples/s]
2025-12-24 14:16:08,377 MambaPro.train INFO: Epoch 22 done. Time per batch: 0.537[s] Speed: 59.6[samples/s]
2025-12-24 14:17:05,470 MambaPro.train INFO: Epoch 23 done. Time per batch: 0.534[s] Speed: 60.0[samples/s]
2025-12-24 14:18:02,652 MambaPro.train INFO: Epoch 24 done. Time per batch: 0.534[s] Speed: 59.9[samples/s]
2025-12-24 14:18:59,485 MambaPro.train INFO: Epoch 25 done. Time per batch: 0.531[s] Speed: 60.2[samples/s]
2025-12-24 14:19:18,564 MambaPro.train INFO: Validation Results - Epoch: 25
2025-12-24 14:19:18,565 MambaPro.train INFO: Current mAP: 58.3%
2025-12-24 14:19:18,565 MambaPro.train INFO: CMC curve, Rank-1  :60.0%
2025-12-24 14:19:18,565 MambaPro.train INFO: CMC curve, Rank-5  :74.0%
2025-12-24 14:19:18,565 MambaPro.train INFO: CMC curve, Rank-10 :78.0%
2025-12-24 14:19:18,572 MambaPro.train INFO: 🎯 New Best! Saving model...
2025-12-24 14:19:19,322 MambaPro.train INFO: [Epoch 25] 指标集合列表（历史）
2025-12-24 14:19:19,323 MambaPro.train INFO: history_mAP:{48.8 , 47.3 , 39.5 , 53.8 , 58.3}
2025-12-24 14:19:19,323 MambaPro.train INFO: best_mAP:{58.3}
2025-12-24 14:19:19,323 MambaPro.train INFO: history_Rank-1:{50.6 , 47.0 , 40.7 , 56.6 , 60.0}
2025-12-24 14:19:19,323 MambaPro.train INFO: best_Rank-1:{60.0}
2025-12-24 14:19:19,323 MambaPro.train INFO: history_Rank-5:{68.2 , 64.8 , 62.8 , 72.8 , 74.0}
2025-12-24 14:19:19,323 MambaPro.train INFO: best_Rank-5:{74.0}
2025-12-24 14:19:19,323 MambaPro.train INFO: history_Rank-10:{76.9 , 74.4 , 72.1 , 80.3 , 78.0}
2025-12-24 14:19:19,323 MambaPro.train INFO: best_Rank-10:{80.3}
2025-12-24 14:19:19,323 MambaPro.train INFO: history_Experts:{[0.34 , 0.34 , 0.31] , [0.36 , 0.34 , 0.30] , [0.37 , 0.35 , 0.28] , [0.40 , 0.35 , 0.24] , [0.47 , 0.34 , 0.19]}
2025-12-24 14:19:19,323 MambaPro.train INFO: best_Experts:{[0.47 , 0.34 , 0.19]}
2025-12-24 14:19:19,323 MambaPro.train INFO: 🔥 MoE损失(Val): 平衡=0.0089, 稀疏性=0.9424, 多样性=2.2536, 总=0.0024 (权重: 平衡=0.001, 稀疏性=0.000, 多样性=0.001)
2025-12-24 14:19:19,323 MambaPro.train INFO:    📊 专家权重分布(Val, 3个专家): [0.47 , 0.34 , 0.19]
