2025-12-12 02:01:55,219 MambaPro INFO: ================================================================================
2025-12-12 02:01:55,219 MambaPro INFO: 🧾 实验参数快照（命令行 + 最终配置）
2025-12-12 02:01:55,219 MambaPro INFO: ================================================================================
2025-12-12 02:01:55,220 MambaPro INFO: 【复现实验命令】
2025-12-12 02:01:55,220 MambaPro INFO: /home/zubuntu/miniconda/envs/MambaPro/bin/python train_net.py --config_file mybest_model/experiment_20251013_110028/configs/experiment_config.yml OUTPUT_DIR ./outputs/replay_best_tml
2025-12-12 02:01:55,220 MambaPro INFO: 【命令行参数（args）】
2025-12-12 02:01:55,220 MambaPro INFO: {
2025-12-12 02:01:55,220 MambaPro INFO:   "config_file": "mybest_model/experiment_20251013_110028/configs/experiment_config.yml",
2025-12-12 02:01:55,220 MambaPro INFO:   "fea_cft": 0,
2025-12-12 02:01:55,220 MambaPro INFO:   "opts": [
2025-12-12 02:01:55,220 MambaPro INFO:     "OUTPUT_DIR",
2025-12-12 02:01:55,220 MambaPro INFO:     "./outputs/replay_best_tml"
2025-12-12 02:01:55,220 MambaPro INFO:   ],
2025-12-12 02:01:55,220 MambaPro INFO:   "local_rank": 0,
2025-12-12 02:01:55,220 MambaPro INFO:   "use_multi_scale": false,
2025-12-12 02:01:55,220 MambaPro INFO:   "no_multi_scale": false,
2025-12-12 02:01:55,220 MambaPro INFO:   "use_moe": false,
2025-12-12 02:01:55,220 MambaPro INFO:   "disable_moe": false,
2025-12-12 02:01:55,220 MambaPro INFO:   "no_moe": false,
2025-12-12 02:01:55,220 MambaPro INFO:   "use_attention": false,
2025-12-12 02:01:55,220 MambaPro INFO:   "disable_attention": false,
2025-12-12 02:01:55,220 MambaPro INFO:   "attention_heads": 8,
2025-12-12 02:01:55,220 MambaPro INFO:   "attention_dropout": 0.1
2025-12-12 02:01:55,220 MambaPro INFO: }
2025-12-12 02:01:55,220 MambaPro INFO: 【工作目录】/home/zubuntu/workspace/yzy/MambaPro
2025-12-12 02:01:55,220 MambaPro INFO: 【最终配置（YAML）】
2025-12-12 02:01:55,222 MambaPro INFO: DATALOADER:
2025-12-12 02:01:55,222 MambaPro INFO:   NUM_INSTANCE: 8
2025-12-12 02:01:55,222 MambaPro INFO:   NUM_WORKERS: 8
2025-12-12 02:01:55,222 MambaPro INFO:   SAMPLER: softmax_triplet
2025-12-12 02:01:55,222 MambaPro INFO: DATASETS:
2025-12-12 02:01:55,222 MambaPro INFO:   NAMES: RGBNT201
2025-12-12 02:01:55,222 MambaPro INFO:   ROOT_DIR: /home/zubuntu/workspace/yzy/MambaPro/data/
2025-12-12 02:01:55,222 MambaPro INFO: INPUT:
2025-12-12 02:01:55,222 MambaPro INFO:   PADDING: 10
2025-12-12 02:01:55,222 MambaPro INFO:   PIXEL_MEAN:
2025-12-12 02:01:55,222 MambaPro INFO:   - 0.5
2025-12-12 02:01:55,223 MambaPro INFO:   - 0.5
2025-12-12 02:01:55,223 MambaPro INFO:   - 0.5
2025-12-12 02:01:55,223 MambaPro INFO:   PIXEL_STD:
2025-12-12 02:01:55,223 MambaPro INFO:   - 0.5
2025-12-12 02:01:55,223 MambaPro INFO:   - 0.5
2025-12-12 02:01:55,223 MambaPro INFO:   - 0.5
2025-12-12 02:01:55,223 MambaPro INFO:   PROB: 0.5
2025-12-12 02:01:55,223 MambaPro INFO:   RE_PROB: 0.5
2025-12-12 02:01:55,223 MambaPro INFO:   SIZE_TEST:
2025-12-12 02:01:55,223 MambaPro INFO:   - 256
2025-12-12 02:01:55,223 MambaPro INFO:   - 128
2025-12-12 02:01:55,223 MambaPro INFO:   SIZE_TRAIN:
2025-12-12 02:01:55,223 MambaPro INFO:   - 256
2025-12-12 02:01:55,223 MambaPro INFO:   - 128
2025-12-12 02:01:55,223 MambaPro INFO: MODEL:
2025-12-12 02:01:55,223 MambaPro INFO:   ADAPTER: true
2025-12-12 02:01:55,223 MambaPro INFO:   ATTENTION_DIM: 512
2025-12-12 02:01:55,223 MambaPro INFO:   ATTENTION_DROPOUT: 0.1
2025-12-12 02:01:55,223 MambaPro INFO:   ATTENTION_NUM_HEADS: 8
2025-12-12 02:01:55,223 MambaPro INFO:   ATT_DROP_RATE: 0.0
2025-12-12 02:01:55,223 MambaPro INFO:   CLIP_MULTI_SCALE_SCALES:
2025-12-12 02:01:55,223 MambaPro INFO:   - 4
2025-12-12 02:01:55,223 MambaPro INFO:   - 8
2025-12-12 02:01:55,223 MambaPro INFO:   - 16
2025-12-12 02:01:55,223 MambaPro INFO:   DEVICE: cuda
2025-12-12 02:01:55,223 MambaPro INFO:   DEVICE_ID: '0'
2025-12-12 02:01:55,223 MambaPro INFO:   DIRECT: 1
2025-12-12 02:01:55,223 MambaPro INFO:   DIST_TRAIN: false
2025-12-12 02:01:55,223 MambaPro INFO:   DROP_OUT: 0.0
2025-12-12 02:01:55,223 MambaPro INFO:   DROP_PATH: 0.1
2025-12-12 02:01:55,223 MambaPro INFO:   FLOPS_TEST: false
2025-12-12 02:01:55,223 MambaPro INFO:   FROZEN: true
2025-12-12 02:01:55,223 MambaPro INFO:   GATE_DROPOUT: 0.1
2025-12-12 02:01:55,223 MambaPro INFO:   ID_LOSS_TYPE: softmax
2025-12-12 02:01:55,223 MambaPro INFO:   ID_LOSS_WEIGHT: 0.25
2025-12-12 02:01:55,223 MambaPro INFO:   IF_LABELSMOOTH: 'on'
2025-12-12 02:01:55,223 MambaPro INFO:   IF_WITH_CENTER: 'no'
2025-12-12 02:01:55,223 MambaPro INFO:   LAYER: -1
2025-12-12 02:01:55,223 MambaPro INFO:   MAMBA: true
2025-12-12 02:01:55,223 MambaPro INFO:   MAMBA_BI: false
2025-12-12 02:01:55,223 MambaPro INFO:   METRIC_LOSS_TYPE: triplet
2025-12-12 02:01:55,223 MambaPro INFO:   MOE_BALANCE_LOSS_WEIGHT: 0.01
2025-12-12 02:01:55,223 MambaPro INFO:   MOE_DIVERSITY_LOSS_WEIGHT: 0.01
2025-12-12 02:01:55,223 MambaPro INFO:   MOE_EXPERT_DROPOUT: 0.1
2025-12-12 02:01:55,223 MambaPro INFO:   MOE_EXPERT_HIDDEN_DIM: 1024
2025-12-12 02:01:55,223 MambaPro INFO:   MOE_EXPERT_LAYERS: 2
2025-12-12 02:01:55,223 MambaPro INFO:   MOE_EXPERT_THRESHOLD: 0.1
2025-12-12 02:01:55,223 MambaPro INFO:   MOE_FIXED_WEIGHTS:
2025-12-12 02:01:55,223 MambaPro INFO:   - 0.33
2025-12-12 02:01:55,223 MambaPro INFO:   - 0.33
2025-12-12 02:01:55,223 MambaPro INFO:   - 0.34
2025-12-12 02:01:55,223 MambaPro INFO:   MOE_GATE_DROPOUT: 0.1
2025-12-12 02:01:55,223 MambaPro INFO:   MOE_GATE_LAYERS: 2
2025-12-12 02:01:55,223 MambaPro INFO:   MOE_INIT_WEIGHTS: null
2025-12-12 02:01:55,223 MambaPro INFO:   MOE_NUM_EXPERTS: 3
2025-12-12 02:01:55,223 MambaPro INFO:   MOE_RESIDUAL_WEIGHT: 1.0
2025-12-12 02:01:55,223 MambaPro INFO:   MOE_SCALES:
2025-12-12 02:01:55,223 MambaPro INFO:   - 4
2025-12-12 02:01:55,223 MambaPro INFO:   - 8
2025-12-12 02:01:55,223 MambaPro INFO:   - 16
2025-12-12 02:01:55,223 MambaPro INFO:   MOE_SPARSITY_LOSS_WEIGHT: 0.001
2025-12-12 02:01:55,223 MambaPro INFO:   MOE_TEMPERATURE: 0.7
2025-12-12 02:01:55,223 MambaPro INFO:   MOE_TOP_K: 2
2025-12-12 02:01:55,223 MambaPro INFO:   MOE_TOP_K_MODE: soft
2025-12-12 02:01:55,223 MambaPro INFO:   MOE_USE_FIXED_WEIGHTS: false
2025-12-12 02:01:55,223 MambaPro INFO:   MOE_USE_TOP_K_ROUTING: false
2025-12-12 02:01:55,223 MambaPro INFO:   MULTI_SCALE_SCALES:
2025-12-12 02:01:55,223 MambaPro INFO:   - 4
2025-12-12 02:01:55,223 MambaPro INFO:   - 8
2025-12-12 02:01:55,223 MambaPro INFO:   - 16
2025-12-12 02:01:55,223 MambaPro INFO:   NAME: MambaPro
2025-12-12 02:01:55,223 MambaPro INFO:   NECK: bnneck
2025-12-12 02:01:55,223 MambaPro INFO:   NO_MARGIN: true
2025-12-12 02:01:55,223 MambaPro INFO:   PREFIX_NUM: 1
2025-12-12 02:01:55,223 MambaPro INFO:   PRETRAIN_PATH_T: /home/zubuntu/workspace/yzy/MambaPro/pths/ViT-B-16.pt
2025-12-12 02:01:55,223 MambaPro INFO:   PROMPT: true
2025-12-12 02:01:55,223 MambaPro INFO:   SIE_CAMERA: true
2025-12-12 02:01:55,223 MambaPro INFO:   SIE_COE: 1.0
2025-12-12 02:01:55,223 MambaPro INFO:   SIE_VIEW: false
2025-12-12 02:01:55,223 MambaPro INFO:   STRIDE_SIZE:
2025-12-12 02:01:55,223 MambaPro INFO:   - 16
2025-12-12 02:01:55,223 MambaPro INFO:   - 16
2025-12-12 02:01:55,223 MambaPro INFO:   TRANSFORMER_TYPE: ViT-B-16
2025-12-12 02:01:55,223 MambaPro INFO:   TRIPLET_LOSS_WEIGHT: 1.0
2025-12-12 02:01:55,223 MambaPro INFO:   USE_ATTENTION_FUSION: false
2025-12-12 02:01:55,223 MambaPro INFO:   USE_CLIP_MULTI_SCALE: true
2025-12-12 02:01:55,223 MambaPro INFO:   USE_GATE_FUSION: false
2025-12-12 02:01:55,223 MambaPro INFO:   USE_MULTI_SCALE: false
2025-12-12 02:01:55,223 MambaPro INFO:   USE_MULTI_SCALE_MOE: true
2025-12-12 02:01:55,223 MambaPro INFO: OUTPUT_DIR: ./outputs/replay_best_tml/run_20251212_020155
2025-12-12 02:01:55,223 MambaPro INFO: SOLVER:
2025-12-12 02:01:55,223 MambaPro INFO:   BASE_LR: 0.0005
2025-12-12 02:01:55,223 MambaPro INFO:   BIAS_LR_FACTOR: 2
2025-12-12 02:01:55,223 MambaPro INFO:   CENTER_LOSS_WEIGHT: 0.0005
2025-12-12 02:01:55,223 MambaPro INFO:   CENTER_LR: 0.5
2025-12-12 02:01:55,223 MambaPro INFO:   CHECKPOINT_PERIOD: 10
2025-12-12 02:01:55,223 MambaPro INFO:   CLUSTER_MARGIN: 0.3
2025-12-12 02:01:55,223 MambaPro INFO:   COSINE_MARGIN: 0.5
2025-12-12 02:01:55,223 MambaPro INFO:   COSINE_SCALE: 30
2025-12-12 02:01:55,223 MambaPro INFO:   EVAL_PERIOD: 5
2025-12-12 02:01:55,224 MambaPro INFO:   GAMMA: 0.1
2025-12-12 02:01:55,224 MambaPro INFO:   IMS_PER_BATCH: 32
2025-12-12 02:01:55,224 MambaPro INFO:   LARGE_FC_LR: false
2025-12-12 02:01:55,224 MambaPro INFO:   LOG_PERIOD: 10
2025-12-12 02:01:55,224 MambaPro INFO:   MARGIN: 0.3
2025-12-12 02:01:55,224 MambaPro INFO:   MAX_EPOCHS: 60
2025-12-12 02:01:55,224 MambaPro INFO:   MOE_BALANCE_LOSS_WEIGHT: 0.001
2025-12-12 02:01:55,224 MambaPro INFO:   MOE_BALANCE_LOSS_WEIGHT_END: 0.1
2025-12-12 02:01:55,224 MambaPro INFO:   MOE_BALANCE_LOSS_WEIGHT_START: 0.001
2025-12-12 02:01:55,224 MambaPro INFO:   MOE_BALANCE_THRESHOLD: 0.3
2025-12-12 02:01:55,224 MambaPro INFO:   MOE_DIVERSITY_LOSS_WEIGHT: 0.001
2025-12-12 02:01:55,224 MambaPro INFO:   MOE_DIVERSITY_LOSS_WEIGHT_END: 0.1
2025-12-12 02:01:55,224 MambaPro INFO:   MOE_DIVERSITY_LOSS_WEIGHT_START: 0.001
2025-12-12 02:01:55,224 MambaPro INFO:   MOE_GATE_LR_FACTOR: 0.01
2025-12-12 02:01:55,224 MambaPro INFO:   MOE_LOSS_WEIGHT_SCHEDULE_TYPE: cosine
2025-12-12 02:01:55,224 MambaPro INFO:   MOE_LOSS_WEIGHT_WARMUP_EPOCHS: 5
2025-12-12 02:01:55,224 MambaPro INFO:   MOE_SPARSITY_LOSS_WEIGHT: 0.0001
2025-12-12 02:01:55,224 MambaPro INFO:   MOE_USE_DYNAMIC_LOSS_WEIGHT: false
2025-12-12 02:01:55,224 MambaPro INFO:   MOMENTUM: 0.9
2025-12-12 02:01:55,224 MambaPro INFO:   OPTIMIZER_NAME: Adam
2025-12-12 02:01:55,224 MambaPro INFO:   RANGE_ALPHA: 0
2025-12-12 02:01:55,224 MambaPro INFO:   RANGE_BETA: 1
2025-12-12 02:01:55,224 MambaPro INFO:   RANGE_K: 2
2025-12-12 02:01:55,224 MambaPro INFO:   RANGE_LOSS_WEIGHT: 1
2025-12-12 02:01:55,224 MambaPro INFO:   RANGE_MARGIN: 0.3
2025-12-12 02:01:55,224 MambaPro INFO:   SEED: 42
2025-12-12 02:01:55,224 MambaPro INFO:   STEPS:
2025-12-12 02:01:55,224 MambaPro INFO:   - 30
2025-12-12 02:01:55,224 MambaPro INFO:   - 50
2025-12-12 02:01:55,224 MambaPro INFO:   WARMUP_FACTOR: 0.01
2025-12-12 02:01:55,224 MambaPro INFO:   WARMUP_ITERS: 20
2025-12-12 02:01:55,224 MambaPro INFO:   WARMUP_METHOD: linear
2025-12-12 02:01:55,224 MambaPro INFO:   WEIGHT_DECAY: 0.0005
2025-12-12 02:01:55,224 MambaPro INFO:   WEIGHT_DECAY_BIAS: 0.0005
2025-12-12 02:01:55,224 MambaPro INFO: TEST:
2025-12-12 02:01:55,224 MambaPro INFO:   FEAT: 0
2025-12-12 02:01:55,224 MambaPro INFO:   FEAT_NORM: 'yes'
2025-12-12 02:01:55,224 MambaPro INFO:   IMS_PER_BATCH: 64
2025-12-12 02:01:55,224 MambaPro INFO:   MISS: nothing
2025-12-12 02:01:55,224 MambaPro INFO:   NECK_FEAT: after
2025-12-12 02:01:55,224 MambaPro INFO:   RE_RANKING: 'no'
2025-12-12 02:01:55,224 MambaPro INFO:   WEIGHT: /home/zubuntu/workspace/yzy/MambaPro/pths/MambaProbest.pth
2025-12-12 02:01:55,224 MambaPro INFO: ================================================================================
2025-12-12 02:01:57,297 MambaPro.train INFO: start training
2025-12-12 02:02:17,422 MambaPro.train INFO: Epoch 1 done. Time per batch: 0.188[s] Speed: 170.3[samples/s]
2025-12-12 02:02:37,261 MambaPro.train INFO: Epoch 2 done. Time per batch: 0.185[s] Speed: 172.6[samples/s]
2025-12-12 02:02:57,188 MambaPro.train INFO: Epoch 3 done. Time per batch: 0.186[s] Speed: 171.8[samples/s]
2025-12-12 02:03:17,019 MambaPro.train INFO: Epoch 4 done. Time per batch: 0.185[s] Speed: 172.7[samples/s]
2025-12-12 02:03:36,845 MambaPro.train INFO: Epoch 5 done. Time per batch: 0.185[s] Speed: 172.7[samples/s]
2025-12-12 02:03:44,441 MambaPro.train INFO: Validation Results - Epoch: 5
2025-12-12 02:03:44,441 MambaPro.train INFO: Current mAP: 44.6%
2025-12-12 02:03:44,441 MambaPro.train INFO: CMC curve, Rank-1  :49.0%
2025-12-12 02:03:44,441 MambaPro.train INFO: CMC curve, Rank-5  :65.4%
2025-12-12 02:03:44,441 MambaPro.train INFO: CMC curve, Rank-10 :72.7%
2025-12-12 02:03:44,442 MambaPro.train INFO: 🎯 New Best! Saving model...
2025-12-12 02:03:44,843 MambaPro.train INFO: [Epoch 5] 指标集合列表（历史）
2025-12-12 02:03:44,843 MambaPro.train INFO: history_mAP:{44.6}
2025-12-12 02:03:44,843 MambaPro.train INFO: best_mAP:{44.6}
2025-12-12 02:03:44,843 MambaPro.train INFO: history_Rank-1:{49.0}
2025-12-12 02:03:44,843 MambaPro.train INFO: best_Rank-1:{49.0}
2025-12-12 02:03:44,843 MambaPro.train INFO: history_Rank-5:{65.4}
2025-12-12 02:03:44,843 MambaPro.train INFO: best_Rank-5:{65.4}
2025-12-12 02:03:44,843 MambaPro.train INFO: history_Rank-10:{72.7}
2025-12-12 02:03:44,843 MambaPro.train INFO: best_Rank-10:{72.7}
2025-12-12 02:03:44,843 MambaPro.train INFO: history_Experts:{[0.36 , 0.33 , 0.30]}
2025-12-12 02:03:44,843 MambaPro.train INFO: best_Experts:{[0.36 , 0.33 , 0.30]}
2025-12-12 02:03:44,843 MambaPro.train INFO: 🔥 MoE损失(Val): 平衡=0.0000, 稀疏性=0.9976, 多样性=2.6476, 总=0.0027 (权重: 平衡=0.001, 稀疏性=0.000, 多样性=0.001)
2025-12-12 02:03:44,843 MambaPro.train INFO:    📊 专家权重分布(Val): [0.36 , 0.33 , 0.30]
2025-12-12 02:04:04,830 MambaPro.train INFO: Epoch 6 done. Time per batch: 0.186[s] Speed: 172.5[samples/s]
2025-12-12 02:04:24,755 MambaPro.train INFO: Epoch 7 done. Time per batch: 0.186[s] Speed: 171.8[samples/s]
2025-12-12 02:04:44,635 MambaPro.train INFO: Epoch 8 done. Time per batch: 0.186[s] Speed: 172.2[samples/s]
2025-12-12 02:05:04,560 MambaPro.train INFO: Epoch 9 done. Time per batch: 0.186[s] Speed: 171.8[samples/s]
2025-12-12 02:05:24,439 MambaPro.train INFO: Epoch 10 done. Time per batch: 0.186[s] Speed: 172.2[samples/s]
2025-12-12 02:05:32,308 MambaPro.train INFO: Validation Results - Epoch: 10
2025-12-12 02:05:32,309 MambaPro.train INFO: Current mAP: 56.8%
2025-12-12 02:05:32,309 MambaPro.train INFO: CMC curve, Rank-1  :57.3%
2025-12-12 02:05:32,309 MambaPro.train INFO: CMC curve, Rank-5  :72.7%
2025-12-12 02:05:32,309 MambaPro.train INFO: CMC curve, Rank-10 :80.9%
2025-12-12 02:05:32,309 MambaPro.train INFO: 🎯 New Best! Saving model...
2025-12-12 02:05:32,914 MambaPro.train INFO: [Epoch 10] 指标集合列表（历史）
2025-12-12 02:05:32,915 MambaPro.train INFO: history_mAP:{44.6 , 56.8}
2025-12-12 02:05:32,915 MambaPro.train INFO: best_mAP:{56.8}
2025-12-12 02:05:32,915 MambaPro.train INFO: history_Rank-1:{49.0 , 57.3}
2025-12-12 02:05:32,915 MambaPro.train INFO: best_Rank-1:{57.3}
2025-12-12 02:05:32,915 MambaPro.train INFO: history_Rank-5:{65.4 , 72.7}
2025-12-12 02:05:32,915 MambaPro.train INFO: best_Rank-5:{72.7}
2025-12-12 02:05:32,915 MambaPro.train INFO: history_Rank-10:{72.7 , 80.9}
2025-12-12 02:05:32,915 MambaPro.train INFO: best_Rank-10:{80.9}
2025-12-12 02:05:32,915 MambaPro.train INFO: history_Experts:{[0.36 , 0.33 , 0.30] , [0.38 , 0.33 , 0.29]}
2025-12-12 02:05:32,915 MambaPro.train INFO: best_Experts:{[0.38 , 0.33 , 0.29]}
2025-12-12 02:05:32,915 MambaPro.train INFO: 🔥 MoE损失(Val): 平衡=0.0000, 稀疏性=0.9932, 多样性=2.6131, 总=0.0027 (权重: 平衡=0.001, 稀疏性=0.000, 多样性=0.001)
2025-12-12 02:05:32,915 MambaPro.train INFO:    📊 专家权重分布(Val): [0.38 , 0.33 , 0.29]
2025-12-12 02:05:52,764 MambaPro.train INFO: Epoch 11 done. Time per batch: 0.186[s] Speed: 172.1[samples/s]
2025-12-12 02:06:12,669 MambaPro.train INFO: Epoch 12 done. Time per batch: 0.186[s] Speed: 172.0[samples/s]
2025-12-12 02:06:32,494 MambaPro.train INFO: Epoch 13 done. Time per batch: 0.185[s] Speed: 172.7[samples/s]
2025-12-12 02:06:52,376 MambaPro.train INFO: Epoch 14 done. Time per batch: 0.186[s] Speed: 172.2[samples/s]
2025-12-12 02:07:12,258 MambaPro.train INFO: Epoch 15 done. Time per batch: 0.186[s] Speed: 172.2[samples/s]
2025-12-12 02:07:19,796 MambaPro.train INFO: Validation Results - Epoch: 15
2025-12-12 02:07:19,796 MambaPro.train INFO: Current mAP: 37.0%
2025-12-12 02:07:19,796 MambaPro.train INFO: CMC curve, Rank-1  :40.3%
2025-12-12 02:07:19,796 MambaPro.train INFO: CMC curve, Rank-5  :58.1%
2025-12-12 02:07:19,796 MambaPro.train INFO: CMC curve, Rank-10 :68.9%
2025-12-12 02:07:19,797 MambaPro.train INFO: [Epoch 15] 指标集合列表（历史）
2025-12-12 02:07:19,797 MambaPro.train INFO: history_mAP:{44.6 , 56.8 , 37.0}
2025-12-12 02:07:19,797 MambaPro.train INFO: best_mAP:{56.8}
2025-12-12 02:07:19,797 MambaPro.train INFO: history_Rank-1:{49.0 , 57.3 , 40.3}
2025-12-12 02:07:19,797 MambaPro.train INFO: best_Rank-1:{57.3}
2025-12-12 02:07:19,797 MambaPro.train INFO: history_Rank-5:{65.4 , 72.7 , 58.1}
2025-12-12 02:07:19,797 MambaPro.train INFO: best_Rank-5:{72.7}
2025-12-12 02:07:19,797 MambaPro.train INFO: history_Rank-10:{72.7 , 80.9 , 68.9}
2025-12-12 02:07:19,797 MambaPro.train INFO: best_Rank-10:{80.9}
2025-12-12 02:07:19,797 MambaPro.train INFO: history_Experts:{[0.36 , 0.33 , 0.30] , [0.38 , 0.33 , 0.29] , [0.45 , 0.31 , 0.24]}
2025-12-12 02:07:19,797 MambaPro.train INFO: best_Experts:{[0.38 , 0.33 , 0.29]}
2025-12-12 02:07:19,797 MambaPro.train INFO: 🔥 MoE损失(Val): 平衡=0.0007, 稀疏性=0.9660, 多样性=2.4123, 总=0.0025 (权重: 平衡=0.001, 稀疏性=0.000, 多样性=0.001)
2025-12-12 02:07:19,797 MambaPro.train INFO:    📊 专家权重分布(Val): [0.45 , 0.31 , 0.24]
2025-12-12 02:07:39,819 MambaPro.train INFO: Epoch 16 done. Time per batch: 0.186[s] Speed: 172.2[samples/s]
2025-12-12 02:07:59,760 MambaPro.train INFO: Epoch 17 done. Time per batch: 0.186[s] Speed: 171.7[samples/s]
2025-12-12 02:08:19,561 MambaPro.train INFO: Epoch 18 done. Time per batch: 0.187[s] Speed: 171.3[samples/s]
2025-12-12 02:08:39,504 MambaPro.train INFO: Epoch 19 done. Time per batch: 0.186[s] Speed: 171.7[samples/s]
2025-12-12 02:08:59,454 MambaPro.train INFO: Epoch 20 done. Time per batch: 0.186[s] Speed: 171.6[samples/s]
2025-12-12 02:09:07,395 MambaPro.train INFO: Validation Results - Epoch: 20
2025-12-12 02:09:07,395 MambaPro.train INFO: Current mAP: 46.6%
2025-12-12 02:09:07,395 MambaPro.train INFO: CMC curve, Rank-1  :44.5%
2025-12-12 02:09:07,395 MambaPro.train INFO: CMC curve, Rank-5  :62.8%
2025-12-12 02:09:07,395 MambaPro.train INFO: CMC curve, Rank-10 :70.8%
2025-12-12 02:09:07,396 MambaPro.train INFO: [Epoch 20] 指标集合列表（历史）
2025-12-12 02:09:07,396 MambaPro.train INFO: history_mAP:{44.6 , 56.8 , 37.0 , 46.6}
2025-12-12 02:09:07,396 MambaPro.train INFO: best_mAP:{56.8}
2025-12-12 02:09:07,396 MambaPro.train INFO: history_Rank-1:{49.0 , 57.3 , 40.3 , 44.5}
2025-12-12 02:09:07,396 MambaPro.train INFO: best_Rank-1:{57.3}
2025-12-12 02:09:07,396 MambaPro.train INFO: history_Rank-5:{65.4 , 72.7 , 58.1 , 62.8}
2025-12-12 02:09:07,396 MambaPro.train INFO: best_Rank-5:{72.7}
2025-12-12 02:09:07,396 MambaPro.train INFO: history_Rank-10:{72.7 , 80.9 , 68.9 , 70.8}
2025-12-12 02:09:07,396 MambaPro.train INFO: best_Rank-10:{80.9}
2025-12-12 02:09:07,396 MambaPro.train INFO: history_Experts:{[0.36 , 0.33 , 0.30] , [0.38 , 0.33 , 0.29] , [0.45 , 0.31 , 0.24] , [0.67 , 0.19 , 0.14]}
2025-12-12 02:09:07,396 MambaPro.train INFO: best_Experts:{[0.38 , 0.33 , 0.29]}
2025-12-12 02:09:07,396 MambaPro.train INFO: 🔥 MoE损失(Val): 平衡=0.1968, 稀疏性=0.7454, 多样性=1.3172, 总=0.0016 (权重: 平衡=0.001, 稀疏性=0.000, 多样性=0.001)
2025-12-12 02:09:07,396 MambaPro.train INFO:    📊 专家权重分布(Val): [0.67 , 0.19 , 0.14]
2025-12-12 02:09:27,258 MambaPro.train INFO: Epoch 21 done. Time per batch: 0.186[s] Speed: 172.0[samples/s]
2025-12-12 02:09:47,284 MambaPro.train INFO: Epoch 22 done. Time per batch: 0.187[s] Speed: 171.0[samples/s]
2025-12-12 02:10:07,248 MambaPro.train INFO: Epoch 23 done. Time per batch: 0.187[s] Speed: 171.5[samples/s]
2025-12-12 02:10:27,243 MambaPro.train INFO: Epoch 24 done. Time per batch: 0.187[s] Speed: 171.2[samples/s]
2025-12-12 02:10:46,966 MambaPro.train INFO: Epoch 25 done. Time per batch: 0.186[s] Speed: 172.0[samples/s]
2025-12-12 02:10:54,520 MambaPro.train INFO: Validation Results - Epoch: 25
2025-12-12 02:10:54,520 MambaPro.train INFO: Current mAP: 69.3%
2025-12-12 02:10:54,520 MambaPro.train INFO: CMC curve, Rank-1  :73.3%
2025-12-12 02:10:54,520 MambaPro.train INFO: CMC curve, Rank-5  :84.3%
2025-12-12 02:10:54,520 MambaPro.train INFO: CMC curve, Rank-10 :88.8%
2025-12-12 02:10:54,521 MambaPro.train INFO: 🎯 New Best! Saving model...
2025-12-12 02:10:55,111 MambaPro.train INFO: [Epoch 25] 指标集合列表（历史）
2025-12-12 02:10:55,111 MambaPro.train INFO: history_mAP:{44.6 , 56.8 , 37.0 , 46.6 , 69.3}
2025-12-12 02:10:55,111 MambaPro.train INFO: best_mAP:{69.3}
2025-12-12 02:10:55,111 MambaPro.train INFO: history_Rank-1:{49.0 , 57.3 , 40.3 , 44.5 , 73.3}
2025-12-12 02:10:55,112 MambaPro.train INFO: best_Rank-1:{73.3}
2025-12-12 02:10:55,112 MambaPro.train INFO: history_Rank-5:{65.4 , 72.7 , 58.1 , 62.8 , 84.3}
2025-12-12 02:10:55,112 MambaPro.train INFO: best_Rank-5:{84.3}
2025-12-12 02:10:55,112 MambaPro.train INFO: history_Rank-10:{72.7 , 80.9 , 68.9 , 70.8 , 88.8}
2025-12-12 02:10:55,112 MambaPro.train INFO: best_Rank-10:{88.8}
2025-12-12 02:10:55,112 MambaPro.train INFO: history_Experts:{[0.36 , 0.33 , 0.30] , [0.38 , 0.33 , 0.29] , [0.45 , 0.31 , 0.24] , [0.67 , 0.19 , 0.14] , [0.82 , 0.10 , 0.08]}
2025-12-12 02:10:55,112 MambaPro.train INFO: best_Experts:{[0.82 , 0.10 , 0.08]}
2025-12-12 02:10:55,112 MambaPro.train INFO: 🔥 MoE损失(Val): 平衡=0.5816, 稀疏性=0.4604, 多样性=0.5905, 总=0.0012 (权重: 平衡=0.001, 稀疏性=0.000, 多样性=0.001)
2025-12-12 02:10:55,112 MambaPro.train INFO:    📊 专家权重分布(Val): [0.82 , 0.10 , 0.08]
2025-12-12 02:11:15,232 MambaPro.train INFO: Epoch 26 done. Time per batch: 0.187[s] Speed: 171.3[samples/s]
2025-12-12 02:11:35,202 MambaPro.train INFO: Epoch 27 done. Time per batch: 0.187[s] Speed: 171.5[samples/s]
2025-12-12 02:11:55,237 MambaPro.train INFO: Epoch 28 done. Time per batch: 0.187[s] Speed: 170.9[samples/s]
2025-12-12 02:12:15,235 MambaPro.train INFO: Epoch 29 done. Time per batch: 0.187[s] Speed: 171.2[samples/s]
2025-12-12 02:12:35,317 MambaPro.train INFO: Epoch 30 done. Time per batch: 0.188[s] Speed: 170.5[samples/s]
2025-12-12 02:12:43,223 MambaPro.train INFO: Validation Results - Epoch: 30
2025-12-12 02:12:43,223 MambaPro.train INFO: Current mAP: 73.5%
2025-12-12 02:12:43,223 MambaPro.train INFO: CMC curve, Rank-1  :76.1%
2025-12-12 02:12:43,223 MambaPro.train INFO: CMC curve, Rank-5  :84.9%
2025-12-12 02:12:43,223 MambaPro.train INFO: CMC curve, Rank-10 :90.3%
2025-12-12 02:12:43,224 MambaPro.train INFO: 🎯 New Best! Saving model...
2025-12-12 02:12:43,828 MambaPro.train INFO: [Epoch 30] 指标集合列表（历史）
2025-12-12 02:12:43,829 MambaPro.train INFO: history_mAP:{44.6 , 56.8 , 37.0 , 46.6 , 69.3 , 73.5}
2025-12-12 02:12:43,829 MambaPro.train INFO: best_mAP:{73.5}
2025-12-12 02:12:43,829 MambaPro.train INFO: history_Rank-1:{49.0 , 57.3 , 40.3 , 44.5 , 73.3 , 76.1}
2025-12-12 02:12:43,829 MambaPro.train INFO: best_Rank-1:{76.1}
2025-12-12 02:12:43,829 MambaPro.train INFO: history_Rank-5:{65.4 , 72.7 , 58.1 , 62.8 , 84.3 , 84.9}
2025-12-12 02:12:43,829 MambaPro.train INFO: best_Rank-5:{84.9}
2025-12-12 02:12:43,829 MambaPro.train INFO: history_Rank-10:{72.7 , 80.9 , 68.9 , 70.8 , 88.8 , 90.3}
2025-12-12 02:12:43,829 MambaPro.train INFO: best_Rank-10:{90.3}
2025-12-12 02:12:43,829 MambaPro.train INFO: history_Experts:{[0.36 , 0.33 , 0.30] , [0.38 , 0.33 , 0.29] , [0.45 , 0.31 , 0.24] , [0.67 , 0.19 , 0.14] , [0.82 , 0.10 , 0.08] , [0.88 , 0.07 , 0.06]}
2025-12-12 02:12:43,829 MambaPro.train INFO: best_Experts:{[0.88 , 0.07 , 0.06]}
2025-12-12 02:12:43,829 MambaPro.train INFO: 🔥 MoE损失(Val): 平衡=0.7688, 稀疏性=0.3342, 多样性=0.3823, 总=0.0012 (权重: 平衡=0.001, 稀疏性=0.000, 多样性=0.001)
2025-12-12 02:12:43,829 MambaPro.train INFO:    📊 专家权重分布(Val): [0.88 , 0.07 , 0.06]
2025-12-12 02:13:03,985 MambaPro.train INFO: Epoch 31 done. Time per batch: 0.187[s] Speed: 171.0[samples/s]
2025-12-12 02:13:23,868 MambaPro.train INFO: Epoch 32 done. Time per batch: 0.188[s] Speed: 170.6[samples/s]
2025-12-12 02:13:43,918 MambaPro.train INFO: Epoch 33 done. Time per batch: 0.187[s] Speed: 170.8[samples/s]
2025-12-12 02:14:04,158 MambaPro.train INFO: Epoch 34 done. Time per batch: 0.191[s] Speed: 167.6[samples/s]
2025-12-12 02:14:24,111 MambaPro.train INFO: Epoch 35 done. Time per batch: 0.186[s] Speed: 171.6[samples/s]
2025-12-12 02:14:31,603 MambaPro.train INFO: Validation Results - Epoch: 35
2025-12-12 02:14:31,603 MambaPro.train INFO: Current mAP: 73.2%
2025-12-12 02:14:31,603 MambaPro.train INFO: CMC curve, Rank-1  :75.8%
2025-12-12 02:14:31,603 MambaPro.train INFO: CMC curve, Rank-5  :85.5%
2025-12-12 02:14:31,603 MambaPro.train INFO: CMC curve, Rank-10 :90.4%
2025-12-12 02:14:31,603 MambaPro.train INFO: [Epoch 35] 指标集合列表（历史）
2025-12-12 02:14:31,603 MambaPro.train INFO: history_mAP:{44.6 , 56.8 , 37.0 , 46.6 , 69.3 , 73.5 , 73.2}
2025-12-12 02:14:31,603 MambaPro.train INFO: best_mAP:{73.5}
2025-12-12 02:14:31,603 MambaPro.train INFO: history_Rank-1:{49.0 , 57.3 , 40.3 , 44.5 , 73.3 , 76.1 , 75.8}
2025-12-12 02:14:31,603 MambaPro.train INFO: best_Rank-1:{76.1}
2025-12-12 02:14:31,603 MambaPro.train INFO: history_Rank-5:{65.4 , 72.7 , 58.1 , 62.8 , 84.3 , 84.9 , 85.5}
2025-12-12 02:14:31,603 MambaPro.train INFO: best_Rank-5:{84.9}
2025-12-12 02:14:31,604 MambaPro.train INFO: history_Rank-10:{72.7 , 80.9 , 68.9 , 70.8 , 88.8 , 90.3 , 90.4}
2025-12-12 02:14:31,604 MambaPro.train INFO: best_Rank-10:{90.3}
2025-12-12 02:14:31,604 MambaPro.train INFO: history_Experts:{[0.36 , 0.33 , 0.30] , [0.38 , 0.33 , 0.29] , [0.45 , 0.31 , 0.24] , [0.67 , 0.19 , 0.14] , [0.82 , 0.10 , 0.08] , [0.88 , 0.07 , 0.06] , [0.91 , 0.05 , 0.04]}
2025-12-12 02:14:31,604 MambaPro.train INFO: best_Experts:{[0.88 , 0.07 , 0.06]}
2025-12-12 02:14:31,604 MambaPro.train INFO: 🔥 MoE损失(Val): 平衡=0.8811, 稀疏性=0.2605, 多样性=0.2802, 总=0.0012 (权重: 平衡=0.001, 稀疏性=0.000, 多样性=0.001)
2025-12-12 02:14:31,604 MambaPro.train INFO:    📊 专家权重分布(Val): [0.91 , 0.05 , 0.04]
2025-12-12 02:14:51,770 MambaPro.train INFO: Epoch 36 done. Time per batch: 0.187[s] Speed: 170.9[samples/s]
2025-12-12 02:15:11,838 MambaPro.train INFO: Epoch 37 done. Time per batch: 0.188[s] Speed: 170.6[samples/s]
2025-12-12 02:15:31,870 MambaPro.train INFO: Epoch 38 done. Time per batch: 0.189[s] Speed: 169.3[samples/s]
2025-12-12 02:15:51,951 MambaPro.train INFO: Epoch 39 done. Time per batch: 0.188[s] Speed: 170.5[samples/s]
2025-12-12 02:16:11,802 MambaPro.train INFO: Epoch 40 done. Time per batch: 0.187[s] Speed: 170.9[samples/s]
2025-12-12 02:16:19,687 MambaPro.train INFO: Validation Results - Epoch: 40
2025-12-12 02:16:19,688 MambaPro.train INFO: Current mAP: 75.3%
2025-12-12 02:16:19,688 MambaPro.train INFO: CMC curve, Rank-1  :79.7%
2025-12-12 02:16:19,688 MambaPro.train INFO: CMC curve, Rank-5  :87.7%
2025-12-12 02:16:19,688 MambaPro.train INFO: CMC curve, Rank-10 :90.9%
2025-12-12 02:16:19,688 MambaPro.train INFO: 🎯 New Best! Saving model...
2025-12-12 02:16:20,310 MambaPro.train INFO: [Epoch 40] 指标集合列表（历史）
2025-12-12 02:16:20,310 MambaPro.train INFO: history_mAP:{44.6 , 56.8 , 37.0 , 46.6 , 69.3 , 73.5 , 73.2 , 75.3}
2025-12-12 02:16:20,310 MambaPro.train INFO: best_mAP:{75.3}
2025-12-12 02:16:20,310 MambaPro.train INFO: history_Rank-1:{49.0 , 57.3 , 40.3 , 44.5 , 73.3 , 76.1 , 75.8 , 79.7}
2025-12-12 02:16:20,310 MambaPro.train INFO: best_Rank-1:{79.7}
2025-12-12 02:16:20,310 MambaPro.train INFO: history_Rank-5:{65.4 , 72.7 , 58.1 , 62.8 , 84.3 , 84.9 , 85.5 , 87.7}
2025-12-12 02:16:20,310 MambaPro.train INFO: best_Rank-5:{87.7}
2025-12-12 02:16:20,310 MambaPro.train INFO: history_Rank-10:{72.7 , 80.9 , 68.9 , 70.8 , 88.8 , 90.3 , 90.4 , 90.9}
2025-12-12 02:16:20,310 MambaPro.train INFO: best_Rank-10:{90.9}
2025-12-12 02:16:20,310 MambaPro.train INFO: history_Experts:{[0.36 , 0.33 , 0.30] , [0.38 , 0.33 , 0.29] , [0.45 , 0.31 , 0.24] , [0.67 , 0.19 , 0.14] , [0.82 , 0.10 , 0.08] , [0.88 , 0.07 , 0.06] , [0.91 , 0.05 , 0.04] , [0.92 , 0.04 , 0.04]}
2025-12-12 02:16:20,310 MambaPro.train INFO: best_Experts:{[0.92 , 0.04 , 0.04]}
2025-12-12 02:16:20,310 MambaPro.train INFO: 🔥 MoE损失(Val): 平衡=0.9473, 稀疏性=0.2175, 多样性=0.2261, 总=0.0012 (权重: 平衡=0.001, 稀疏性=0.000, 多样性=0.001)
2025-12-12 02:16:20,310 MambaPro.train INFO:    📊 专家权重分布(Val): [0.92 , 0.04 , 0.04]
2025-12-12 02:16:40,474 MambaPro.train INFO: Epoch 41 done. Time per batch: 0.187[s] Speed: 171.0[samples/s]
2025-12-12 02:17:00,516 MambaPro.train INFO: Epoch 42 done. Time per batch: 0.187[s] Speed: 170.8[samples/s]
2025-12-12 02:17:20,549 MambaPro.train INFO: Epoch 43 done. Time per batch: 0.187[s] Speed: 170.9[samples/s]
2025-12-12 02:17:40,536 MambaPro.train INFO: Epoch 44 done. Time per batch: 0.187[s] Speed: 171.3[samples/s]
2025-12-12 02:18:00,650 MambaPro.train INFO: Epoch 45 done. Time per batch: 0.188[s] Speed: 170.2[samples/s]
2025-12-12 02:18:08,131 MambaPro.train INFO: Validation Results - Epoch: 45
2025-12-12 02:18:08,132 MambaPro.train INFO: Current mAP: 74.2%
2025-12-12 02:18:08,132 MambaPro.train INFO: CMC curve, Rank-1  :76.8%
2025-12-12 02:18:08,132 MambaPro.train INFO: CMC curve, Rank-5  :87.2%
2025-12-12 02:18:08,132 MambaPro.train INFO: CMC curve, Rank-10 :90.0%
2025-12-12 02:18:08,132 MambaPro.train INFO: [Epoch 45] 指标集合列表（历史）
2025-12-12 02:18:08,132 MambaPro.train INFO: history_mAP:{44.6 , 56.8 , 37.0 , 46.6 , 69.3 , 73.5 , 73.2 , 75.3 , 74.2}
2025-12-12 02:18:08,132 MambaPro.train INFO: best_mAP:{75.3}
2025-12-12 02:18:08,132 MambaPro.train INFO: history_Rank-1:{49.0 , 57.3 , 40.3 , 44.5 , 73.3 , 76.1 , 75.8 , 79.7 , 76.8}
2025-12-12 02:18:08,133 MambaPro.train INFO: best_Rank-1:{79.7}
2025-12-12 02:18:08,133 MambaPro.train INFO: history_Rank-5:{65.4 , 72.7 , 58.1 , 62.8 , 84.3 , 84.9 , 85.5 , 87.7 , 87.2}
2025-12-12 02:18:08,133 MambaPro.train INFO: best_Rank-5:{87.7}
2025-12-12 02:18:08,133 MambaPro.train INFO: history_Rank-10:{72.7 , 80.9 , 68.9 , 70.8 , 88.8 , 90.3 , 90.4 , 90.9 , 90.0}
2025-12-12 02:18:08,133 MambaPro.train INFO: best_Rank-10:{90.9}
2025-12-12 02:18:08,133 MambaPro.train INFO: history_Experts:{[0.36 , 0.33 , 0.30] , [0.38 , 0.33 , 0.29] , [0.45 , 0.31 , 0.24] , [0.67 , 0.19 , 0.14] , [0.82 , 0.10 , 0.08] , [0.88 , 0.07 , 0.06] , [0.91 , 0.05 , 0.04] , [0.92 , 0.04 , 0.04] , [0.93 , 0.03 , 0.03]}
2025-12-12 02:18:08,133 MambaPro.train INFO: best_Experts:{[0.92 , 0.04 , 0.04]}
2025-12-12 02:18:08,133 MambaPro.train INFO: 🔥 MoE损失(Val): 平衡=0.9912, 稀疏性=0.1892, 多样性=0.1925, 总=0.0012 (权重: 平衡=0.001, 稀疏性=0.000, 多样性=0.001)
2025-12-12 02:18:08,133 MambaPro.train INFO:    📊 专家权重分布(Val): [0.93 , 0.03 , 0.03]
2025-12-12 02:18:28,297 MambaPro.train INFO: Epoch 46 done. Time per batch: 0.187[s] Speed: 171.0[samples/s]
2025-12-12 02:18:48,328 MambaPro.train INFO: Epoch 47 done. Time per batch: 0.187[s] Speed: 170.9[samples/s]
2025-12-12 02:19:08,179 MambaPro.train INFO: Epoch 48 done. Time per batch: 0.187[s] Speed: 170.9[samples/s]
2025-12-12 02:19:28,183 MambaPro.train INFO: Epoch 49 done. Time per batch: 0.187[s] Speed: 171.2[samples/s]
2025-12-12 02:19:48,166 MambaPro.train INFO: Epoch 50 done. Time per batch: 0.187[s] Speed: 171.3[samples/s]
2025-12-12 02:19:56,030 MambaPro.train INFO: Validation Results - Epoch: 50
2025-12-12 02:19:56,030 MambaPro.train INFO: Current mAP: 73.7%
2025-12-12 02:19:56,030 MambaPro.train INFO: CMC curve, Rank-1  :76.0%
2025-12-12 02:19:56,030 MambaPro.train INFO: CMC curve, Rank-5  :85.9%
2025-12-12 02:19:56,030 MambaPro.train INFO: CMC curve, Rank-10 :89.6%
2025-12-12 02:19:56,030 MambaPro.train INFO: [Epoch 50] 指标集合列表（历史）
2025-12-12 02:19:56,030 MambaPro.train INFO: history_mAP:{44.6 , 56.8 , 37.0 , 46.6 , 69.3 , 73.5 , 73.2 , 75.3 , 74.2 , 73.7}
2025-12-12 02:19:56,031 MambaPro.train INFO: best_mAP:{75.3}
2025-12-12 02:19:56,031 MambaPro.train INFO: history_Rank-1:{49.0 , 57.3 , 40.3 , 44.5 , 73.3 , 76.1 , 75.8 , 79.7 , 76.8 , 76.0}
2025-12-12 02:19:56,031 MambaPro.train INFO: best_Rank-1:{79.7}
2025-12-12 02:19:56,031 MambaPro.train INFO: history_Rank-5:{65.4 , 72.7 , 58.1 , 62.8 , 84.3 , 84.9 , 85.5 , 87.7 , 87.2 , 85.9}
2025-12-12 02:19:56,031 MambaPro.train INFO: best_Rank-5:{87.7}
2025-12-12 02:19:56,031 MambaPro.train INFO: history_Rank-10:{72.7 , 80.9 , 68.9 , 70.8 , 88.8 , 90.3 , 90.4 , 90.9 , 90.0 , 89.6}
2025-12-12 02:19:56,031 MambaPro.train INFO: best_Rank-10:{90.9}
2025-12-12 02:19:56,031 MambaPro.train INFO: history_Experts:{[0.36 , 0.33 , 0.30] , [0.38 , 0.33 , 0.29] , [0.45 , 0.31 , 0.24] , [0.67 , 0.19 , 0.14] , [0.82 , 0.10 , 0.08] , [0.88 , 0.07 , 0.06] , [0.91 , 0.05 , 0.04] , [0.92 , 0.04 , 0.04] , [0.93 , 0.03 , 0.03] , [0.94 , 0.03 , 0.03]}
2025-12-12 02:19:56,031 MambaPro.train INFO: best_Experts:{[0.92 , 0.04 , 0.04]}
2025-12-12 02:19:56,031 MambaPro.train INFO: 🔥 MoE损失(Val): 平衡=1.0215, 稀疏性=0.1698, 多样性=0.1702, 总=0.0012 (权重: 平衡=0.001, 稀疏性=0.000, 多样性=0.001)
2025-12-12 02:19:56,031 MambaPro.train INFO:    📊 专家权重分布(Val): [0.94 , 0.03 , 0.03]
2025-12-12 02:20:16,005 MambaPro.train INFO: Epoch 51 done. Time per batch: 0.187[s] Speed: 171.0[samples/s]
2025-12-12 02:20:36,037 MambaPro.train INFO: Epoch 52 done. Time per batch: 0.189[s] Speed: 169.3[samples/s]
2025-12-12 02:20:56,025 MambaPro.train INFO: Epoch 53 done. Time per batch: 0.187[s] Speed: 171.3[samples/s]
2025-12-12 02:21:16,067 MambaPro.train INFO: Epoch 54 done. Time per batch: 0.187[s] Speed: 170.8[samples/s]
2025-12-12 02:21:36,073 MambaPro.train INFO: Epoch 55 done. Time per batch: 0.187[s] Speed: 171.2[samples/s]
2025-12-12 02:21:43,654 MambaPro.train INFO: Validation Results - Epoch: 55
2025-12-12 02:21:43,655 MambaPro.train INFO: Current mAP: 74.6%
2025-12-12 02:21:43,655 MambaPro.train INFO: CMC curve, Rank-1  :78.8%
2025-12-12 02:21:43,655 MambaPro.train INFO: CMC curve, Rank-5  :86.5%
2025-12-12 02:21:43,655 MambaPro.train INFO: CMC curve, Rank-10 :90.4%
2025-12-12 02:21:43,655 MambaPro.train INFO: [Epoch 55] 指标集合列表（历史）
2025-12-12 02:21:43,655 MambaPro.train INFO: history_mAP:{44.6 , 56.8 , 37.0 , 46.6 , 69.3 , 73.5 , 73.2 , 75.3 , 74.2 , 73.7 , 74.6}
2025-12-12 02:21:43,655 MambaPro.train INFO: best_mAP:{75.3}
2025-12-12 02:21:43,655 MambaPro.train INFO: history_Rank-1:{49.0 , 57.3 , 40.3 , 44.5 , 73.3 , 76.1 , 75.8 , 79.7 , 76.8 , 76.0 , 78.8}
2025-12-12 02:21:43,655 MambaPro.train INFO: best_Rank-1:{79.7}
2025-12-12 02:21:43,655 MambaPro.train INFO: history_Rank-5:{65.4 , 72.7 , 58.1 , 62.8 , 84.3 , 84.9 , 85.5 , 87.7 , 87.2 , 85.9 , 86.5}
2025-12-12 02:21:43,655 MambaPro.train INFO: best_Rank-5:{87.7}
2025-12-12 02:21:43,655 MambaPro.train INFO: history_Rank-10:{72.7 , 80.9 , 68.9 , 70.8 , 88.8 , 90.3 , 90.4 , 90.9 , 90.0 , 89.6}
2025-12-12 02:21:43,655 MambaPro.train INFO: best_Rank-10:{90.9}
2025-12-12 02:21:43,655 MambaPro.train INFO: history_Experts:{[0.36 , 0.33 , 0.30] , [0.38 , 0.33 , 0.29] , [0.45 , 0.31 , 0.24] , [0.67 , 0.19 , 0.14] , [0.82 , 0.10 , 0.08] , [0.88 , 0.07 , 0.06] , [0.91 , 0.05 , 0.04] , [0.92 , 0.04 , 0.04] , [0.93 , 0.03 , 0.03] , [0.94 , 0.03 , 0.03] , [0.95 , 0.03 , 0.03]}
2025-12-12 02:21:43,655 MambaPro.train INFO: best_Experts:{[0.92 , 0.04 , 0.04]}
2025-12-12 02:21:43,655 MambaPro.train INFO: 🔥 MoE损失(Val): 平衡=1.0449, 稀疏性=0.1548, 多样性=0.1535, 总=0.0012 (权重: 平衡=0.001, 稀疏性=0.000, 多样性=0.001)
2025-12-12 02:21:43,656 MambaPro.train INFO:    📊 专家权重分布(Val): [0.95 , 0.03 , 0.03]
2025-12-12 02:22:03,634 MambaPro.train INFO: Epoch 56 done. Time per batch: 0.187[s] Speed: 171.0[samples/s]
2025-12-12 02:22:23,640 MambaPro.train INFO: Epoch 57 done. Time per batch: 0.187[s] Speed: 171.1[samples/s]
2025-12-12 02:22:43,658 MambaPro.train INFO: Epoch 58 done. Time per batch: 0.187[s] Speed: 171.0[samples/s]
2025-12-12 02:23:03,520 MambaPro.train INFO: Epoch 59 done. Time per batch: 0.187[s] Speed: 170.8[samples/s]
2025-12-12 02:23:23,577 MambaPro.train INFO: Epoch 60 done. Time per batch: 0.187[s] Speed: 170.7[samples/s]
2025-12-12 02:23:31,508 MambaPro.train INFO: Validation Results - Epoch: 60
2025-12-12 02:23:31,509 MambaPro.train INFO: Current mAP: 74.5%
2025-12-12 02:23:31,509 MambaPro.train INFO: CMC curve, Rank-1  :78.2%
2025-12-12 02:23:31,509 MambaPro.train INFO: CMC curve, Rank-5  :86.5%
2025-12-12 02:23:31,509 MambaPro.train INFO: CMC curve, Rank-10 :90.3%
2025-12-12 02:23:31,509 MambaPro.train INFO: [Epoch 60] 指标集合列表（历史）
2025-12-12 02:23:31,509 MambaPro.train INFO: history_mAP:{44.6 , 56.8 , 37.0 , 46.6 , 69.3 , 73.5 , 73.2 , 75.3 , 74.2 , 73.7 , 74.6 , 74.5}
2025-12-12 02:23:31,509 MambaPro.train INFO: best_mAP:{75.3}
2025-12-12 02:23:31,509 MambaPro.train INFO: history_Rank-1:{49.0 , 57.3 , 40.3 , 44.5 , 73.3 , 76.1 , 75.8 , 79.7 , 76.8 , 76.0 , 78.8 , 78.2}
2025-12-12 02:23:31,510 MambaPro.train INFO: best_Rank-1:{79.7}
2025-12-12 02:23:31,510 MambaPro.train INFO: history_Rank-5:{65.4 , 72.7 , 58.1 , 62.8 , 84.3 , 84.9 , 85.5 , 87.7 , 87.2 , 85.9 , 86.5}
2025-12-12 02:23:31,510 MambaPro.train INFO: best_Rank-5:{87.7}
2025-12-12 02:23:31,510 MambaPro.train INFO: history_Rank-10:{72.7 , 80.9 , 68.9 , 70.8 , 88.8 , 90.3 , 90.4 , 90.9 , 90.0 , 89.6}
2025-12-12 02:23:31,510 MambaPro.train INFO: best_Rank-10:{90.9}
2025-12-12 02:23:31,510 MambaPro.train INFO: history_Experts:{[0.36 , 0.33 , 0.30] , [0.38 , 0.33 , 0.29] , [0.45 , 0.31 , 0.24] , [0.67 , 0.19 , 0.14] , [0.82 , 0.10 , 0.08] , [0.88 , 0.07 , 0.06] , [0.91 , 0.05 , 0.04] , [0.92 , 0.04 , 0.04] , [0.93 , 0.03 , 0.03] , [0.94 , 0.03 , 0.03] , [0.95 , 0.03 , 0.03] , [0.95 , 0.03 , 0.02]}
2025-12-12 02:23:31,510 MambaPro.train INFO: best_Experts:{[0.92 , 0.04 , 0.04]}
2025-12-12 02:23:31,510 MambaPro.train INFO: 🔥 MoE损失(Val): 平衡=1.0625, 稀疏性=0.1436, 多样性=0.1411, 总=0.0012 (权重: 平衡=0.001, 稀疏性=0.000, 多样性=0.001)
2025-12-12 02:23:31,510 MambaPro.train INFO:    📊 专家权重分布(Val): [0.95 , 0.03 , 0.02]
2025-12-12 02:23:31,645 MambaPro.train INFO: ============================================================
