2025-12-12 00:41:55,772 MambaPro INFO: ================================================================================
2025-12-12 00:41:55,772 MambaPro INFO: 🧾 实验参数快照（命令行 + 最终配置）
2025-12-12 00:41:55,772 MambaPro INFO: ================================================================================
2025-12-12 00:41:55,772 MambaPro INFO: 【复现实验命令】
2025-12-12 00:41:55,772 MambaPro INFO: /home/zubuntu/miniconda/envs/MambaPro/bin/python train_net.py --config_file mybest_model/experiment_20251013_110028/configs/experiment_config.yml OUTPUT_DIR ./outputs/replay_best_tml
2025-12-12 00:41:55,772 MambaPro INFO: 【命令行参数（args）】
2025-12-12 00:41:55,772 MambaPro INFO: {
2025-12-12 00:41:55,772 MambaPro INFO:   "config_file": "mybest_model/experiment_20251013_110028/configs/experiment_config.yml",
2025-12-12 00:41:55,772 MambaPro INFO:   "fea_cft": 0,
2025-12-12 00:41:55,772 MambaPro INFO:   "opts": [
2025-12-12 00:41:55,772 MambaPro INFO:     "OUTPUT_DIR",
2025-12-12 00:41:55,772 MambaPro INFO:     "./outputs/replay_best_tml"
2025-12-12 00:41:55,772 MambaPro INFO:   ],
2025-12-12 00:41:55,772 MambaPro INFO:   "local_rank": 0,
2025-12-12 00:41:55,772 MambaPro INFO:   "use_multi_scale": false,
2025-12-12 00:41:55,772 MambaPro INFO:   "no_multi_scale": false,
2025-12-12 00:41:55,772 MambaPro INFO:   "use_moe": false,
2025-12-12 00:41:55,772 MambaPro INFO:   "disable_moe": false,
2025-12-12 00:41:55,772 MambaPro INFO:   "no_moe": false,
2025-12-12 00:41:55,772 MambaPro INFO:   "use_attention": false,
2025-12-12 00:41:55,772 MambaPro INFO:   "disable_attention": false,
2025-12-12 00:41:55,772 MambaPro INFO:   "attention_heads": 8,
2025-12-12 00:41:55,772 MambaPro INFO:   "attention_dropout": 0.1
2025-12-12 00:41:55,772 MambaPro INFO: }
2025-12-12 00:41:55,772 MambaPro INFO: 【工作目录】/home/zubuntu/workspace/yzy/MambaPro
2025-12-12 00:41:55,772 MambaPro INFO: 【最终配置（YAML）】
2025-12-12 00:41:55,775 MambaPro INFO: DATALOADER:
2025-12-12 00:41:55,775 MambaPro INFO:   NUM_INSTANCE: 8
2025-12-12 00:41:55,775 MambaPro INFO:   NUM_WORKERS: 8
2025-12-12 00:41:55,775 MambaPro INFO:   SAMPLER: softmax_triplet
2025-12-12 00:41:55,775 MambaPro INFO: DATASETS:
2025-12-12 00:41:55,775 MambaPro INFO:   NAMES: RGBNT201
2025-12-12 00:41:55,775 MambaPro INFO:   ROOT_DIR: /home/zubuntu/workspace/yzy/MambaPro/data/
2025-12-12 00:41:55,775 MambaPro INFO: INPUT:
2025-12-12 00:41:55,775 MambaPro INFO:   PADDING: 10
2025-12-12 00:41:55,775 MambaPro INFO:   PIXEL_MEAN:
2025-12-12 00:41:55,775 MambaPro INFO:   - 0.5
2025-12-12 00:41:55,775 MambaPro INFO:   - 0.5
2025-12-12 00:41:55,775 MambaPro INFO:   - 0.5
2025-12-12 00:41:55,775 MambaPro INFO:   PIXEL_STD:
2025-12-12 00:41:55,775 MambaPro INFO:   - 0.5
2025-12-12 00:41:55,775 MambaPro INFO:   - 0.5
2025-12-12 00:41:55,775 MambaPro INFO:   - 0.5
2025-12-12 00:41:55,775 MambaPro INFO:   PROB: 0.5
2025-12-12 00:41:55,775 MambaPro INFO:   RE_PROB: 0.5
2025-12-12 00:41:55,775 MambaPro INFO:   SIZE_TEST:
2025-12-12 00:41:55,775 MambaPro INFO:   - 256
2025-12-12 00:41:55,775 MambaPro INFO:   - 128
2025-12-12 00:41:55,775 MambaPro INFO:   SIZE_TRAIN:
2025-12-12 00:41:55,775 MambaPro INFO:   - 256
2025-12-12 00:41:55,775 MambaPro INFO:   - 128
2025-12-12 00:41:55,775 MambaPro INFO: MODEL:
2025-12-12 00:41:55,775 MambaPro INFO:   ADAPTER: true
2025-12-12 00:41:55,775 MambaPro INFO:   ATTENTION_DIM: 512
2025-12-12 00:41:55,775 MambaPro INFO:   ATTENTION_DROPOUT: 0.1
2025-12-12 00:41:55,775 MambaPro INFO:   ATTENTION_NUM_HEADS: 8
2025-12-12 00:41:55,775 MambaPro INFO:   ATT_DROP_RATE: 0.0
2025-12-12 00:41:55,775 MambaPro INFO:   CLIP_MULTI_SCALE_SCALES:
2025-12-12 00:41:55,775 MambaPro INFO:   - 4
2025-12-12 00:41:55,775 MambaPro INFO:   - 8
2025-12-12 00:41:55,775 MambaPro INFO:   - 16
2025-12-12 00:41:55,775 MambaPro INFO:   DEVICE: cuda
2025-12-12 00:41:55,775 MambaPro INFO:   DEVICE_ID: '0'
2025-12-12 00:41:55,775 MambaPro INFO:   DIRECT: 1
2025-12-12 00:41:55,775 MambaPro INFO:   DIST_TRAIN: false
2025-12-12 00:41:55,775 MambaPro INFO:   DROP_OUT: 0.0
2025-12-12 00:41:55,775 MambaPro INFO:   DROP_PATH: 0.1
2025-12-12 00:41:55,775 MambaPro INFO:   FLOPS_TEST: false
2025-12-12 00:41:55,775 MambaPro INFO:   FROZEN: true
2025-12-12 00:41:55,775 MambaPro INFO:   GATE_DROPOUT: 0.1
2025-12-12 00:41:55,775 MambaPro INFO:   ID_LOSS_TYPE: softmax
2025-12-12 00:41:55,775 MambaPro INFO:   ID_LOSS_WEIGHT: 0.25
2025-12-12 00:41:55,775 MambaPro INFO:   IF_LABELSMOOTH: 'on'
2025-12-12 00:41:55,775 MambaPro INFO:   IF_WITH_CENTER: 'no'
2025-12-12 00:41:55,775 MambaPro INFO:   LAYER: -1
2025-12-12 00:41:55,775 MambaPro INFO:   MAMBA: true
2025-12-12 00:41:55,775 MambaPro INFO:   MAMBA_BI: false
2025-12-12 00:41:55,775 MambaPro INFO:   METRIC_LOSS_TYPE: triplet
2025-12-12 00:41:55,775 MambaPro INFO:   MOE_BALANCE_LOSS_WEIGHT: 0.01
2025-12-12 00:41:55,775 MambaPro INFO:   MOE_DIVERSITY_LOSS_WEIGHT: 0.01
2025-12-12 00:41:55,775 MambaPro INFO:   MOE_EXPERT_DROPOUT: 0.1
2025-12-12 00:41:55,775 MambaPro INFO:   MOE_EXPERT_HIDDEN_DIM: 1024
2025-12-12 00:41:55,775 MambaPro INFO:   MOE_EXPERT_LAYERS: 2
2025-12-12 00:41:55,775 MambaPro INFO:   MOE_EXPERT_THRESHOLD: 0.1
2025-12-12 00:41:55,775 MambaPro INFO:   MOE_FIXED_WEIGHTS:
2025-12-12 00:41:55,775 MambaPro INFO:   - 0.33
2025-12-12 00:41:55,775 MambaPro INFO:   - 0.33
2025-12-12 00:41:55,776 MambaPro INFO:   - 0.34
2025-12-12 00:41:55,776 MambaPro INFO:   MOE_GATE_DROPOUT: 0.1
2025-12-12 00:41:55,776 MambaPro INFO:   MOE_GATE_LAYERS: 2
2025-12-12 00:41:55,776 MambaPro INFO:   MOE_INIT_WEIGHTS: null
2025-12-12 00:41:55,776 MambaPro INFO:   MOE_NUM_EXPERTS: 3
2025-12-12 00:41:55,776 MambaPro INFO:   MOE_RESIDUAL_WEIGHT: 1.0
2025-12-12 00:41:55,776 MambaPro INFO:   MOE_SCALES:
2025-12-12 00:41:55,776 MambaPro INFO:   - 4
2025-12-12 00:41:55,776 MambaPro INFO:   - 8
2025-12-12 00:41:55,776 MambaPro INFO:   - 16
2025-12-12 00:41:55,776 MambaPro INFO:   MOE_SPARSITY_LOSS_WEIGHT: 0.001
2025-12-12 00:41:55,776 MambaPro INFO:   MOE_TEMPERATURE: 0.7
2025-12-12 00:41:55,776 MambaPro INFO:   MOE_TOP_K: 2
2025-12-12 00:41:55,776 MambaPro INFO:   MOE_TOP_K_MODE: soft
2025-12-12 00:41:55,776 MambaPro INFO:   MOE_USE_FIXED_WEIGHTS: false
2025-12-12 00:41:55,776 MambaPro INFO:   MOE_USE_TOP_K_ROUTING: false
2025-12-12 00:41:55,776 MambaPro INFO:   MULTI_SCALE_SCALES:
2025-12-12 00:41:55,776 MambaPro INFO:   - 4
2025-12-12 00:41:55,776 MambaPro INFO:   - 8
2025-12-12 00:41:55,776 MambaPro INFO:   - 16
2025-12-12 00:41:55,776 MambaPro INFO:   NAME: MambaPro
2025-12-12 00:41:55,776 MambaPro INFO:   NECK: bnneck
2025-12-12 00:41:55,776 MambaPro INFO:   NO_MARGIN: true
2025-12-12 00:41:55,776 MambaPro INFO:   PREFIX_NUM: 1
2025-12-12 00:41:55,776 MambaPro INFO:   PRETRAIN_PATH_T: /home/zubuntu/workspace/yzy/MambaPro/pths/ViT-B-16.pt
2025-12-12 00:41:55,776 MambaPro INFO:   PROMPT: true
2025-12-12 00:41:55,776 MambaPro INFO:   SIE_CAMERA: true
2025-12-12 00:41:55,776 MambaPro INFO:   SIE_COE: 1.0
2025-12-12 00:41:55,776 MambaPro INFO:   SIE_VIEW: false
2025-12-12 00:41:55,776 MambaPro INFO:   STRIDE_SIZE:
2025-12-12 00:41:55,776 MambaPro INFO:   - 16
2025-12-12 00:41:55,776 MambaPro INFO:   - 16
2025-12-12 00:41:55,776 MambaPro INFO:   TRANSFORMER_TYPE: ViT-B-16
2025-12-12 00:41:55,776 MambaPro INFO:   TRIPLET_LOSS_WEIGHT: 1.0
2025-12-12 00:41:55,776 MambaPro INFO:   USE_ATTENTION_FUSION: false
2025-12-12 00:41:55,776 MambaPro INFO:   USE_CLIP_MULTI_SCALE: true
2025-12-12 00:41:55,776 MambaPro INFO:   USE_GATE_FUSION: false
2025-12-12 00:41:55,776 MambaPro INFO:   USE_MULTI_SCALE: false
2025-12-12 00:41:55,776 MambaPro INFO:   USE_MULTI_SCALE_MOE: true
2025-12-12 00:41:55,776 MambaPro INFO: OUTPUT_DIR: ./outputs/replay_best_tml/run_20251212_004155
2025-12-12 00:41:55,776 MambaPro INFO: SOLVER:
2025-12-12 00:41:55,776 MambaPro INFO:   BASE_LR: 0.0005
2025-12-12 00:41:55,776 MambaPro INFO:   BIAS_LR_FACTOR: 2
2025-12-12 00:41:55,776 MambaPro INFO:   CENTER_LOSS_WEIGHT: 0.0005
2025-12-12 00:41:55,776 MambaPro INFO:   CENTER_LR: 0.5
2025-12-12 00:41:55,776 MambaPro INFO:   CHECKPOINT_PERIOD: 10
2025-12-12 00:41:55,776 MambaPro INFO:   CLUSTER_MARGIN: 0.3
2025-12-12 00:41:55,776 MambaPro INFO:   COSINE_MARGIN: 0.5
2025-12-12 00:41:55,776 MambaPro INFO:   COSINE_SCALE: 30
2025-12-12 00:41:55,776 MambaPro INFO:   EVAL_PERIOD: 5
2025-12-12 00:41:55,776 MambaPro INFO:   GAMMA: 0.1
2025-12-12 00:41:55,776 MambaPro INFO:   IMS_PER_BATCH: 32
2025-12-12 00:41:55,776 MambaPro INFO:   LARGE_FC_LR: false
2025-12-12 00:41:55,776 MambaPro INFO:   LOG_PERIOD: 10
2025-12-12 00:41:55,776 MambaPro INFO:   MARGIN: 0.3
2025-12-12 00:41:55,776 MambaPro INFO:   MAX_EPOCHS: 60
2025-12-12 00:41:55,776 MambaPro INFO:   MOE_BALANCE_LOSS_WEIGHT: 0.001
2025-12-12 00:41:55,776 MambaPro INFO:   MOE_BALANCE_LOSS_WEIGHT_END: 0.1
2025-12-12 00:41:55,776 MambaPro INFO:   MOE_BALANCE_LOSS_WEIGHT_START: 0.001
2025-12-12 00:41:55,776 MambaPro INFO:   MOE_BALANCE_THRESHOLD: 0.3
2025-12-12 00:41:55,776 MambaPro INFO:   MOE_DIVERSITY_LOSS_WEIGHT: 0.001
2025-12-12 00:41:55,776 MambaPro INFO:   MOE_DIVERSITY_LOSS_WEIGHT_END: 0.1
2025-12-12 00:41:55,776 MambaPro INFO:   MOE_DIVERSITY_LOSS_WEIGHT_START: 0.001
2025-12-12 00:41:55,776 MambaPro INFO:   MOE_GATE_LR_FACTOR: 0.01
2025-12-12 00:41:55,776 MambaPro INFO:   MOE_LOSS_WEIGHT_SCHEDULE_TYPE: cosine
2025-12-12 00:41:55,776 MambaPro INFO:   MOE_LOSS_WEIGHT_WARMUP_EPOCHS: 5
2025-12-12 00:41:55,776 MambaPro INFO:   MOE_SPARSITY_LOSS_WEIGHT: 0.0001
2025-12-12 00:41:55,776 MambaPro INFO:   MOE_USE_DYNAMIC_LOSS_WEIGHT: false
2025-12-12 00:41:55,776 MambaPro INFO:   MOMENTUM: 0.9
2025-12-12 00:41:55,776 MambaPro INFO:   OPTIMIZER_NAME: Adam
2025-12-12 00:41:55,776 MambaPro INFO:   RANGE_ALPHA: 0
2025-12-12 00:41:55,776 MambaPro INFO:   RANGE_BETA: 1
2025-12-12 00:41:55,776 MambaPro INFO:   RANGE_K: 2
2025-12-12 00:41:55,776 MambaPro INFO:   RANGE_LOSS_WEIGHT: 1
2025-12-12 00:41:55,776 MambaPro INFO:   RANGE_MARGIN: 0.3
2025-12-12 00:41:55,776 MambaPro INFO:   SEED: 42
2025-12-12 00:41:55,776 MambaPro INFO:   STEPS:
2025-12-12 00:41:55,776 MambaPro INFO:   - 30
2025-12-12 00:41:55,776 MambaPro INFO:   - 50
2025-12-12 00:41:55,776 MambaPro INFO:   WARMUP_FACTOR: 0.01
2025-12-12 00:41:55,776 MambaPro INFO:   WARMUP_ITERS: 20
2025-12-12 00:41:55,776 MambaPro INFO:   WARMUP_METHOD: linear
2025-12-12 00:41:55,776 MambaPro INFO:   WEIGHT_DECAY: 0.0005
2025-12-12 00:41:55,776 MambaPro INFO:   WEIGHT_DECAY_BIAS: 0.0005
2025-12-12 00:41:55,776 MambaPro INFO: TEST:
2025-12-12 00:41:55,776 MambaPro INFO:   FEAT: 0
2025-12-12 00:41:55,776 MambaPro INFO:   FEAT_NORM: 'yes'
2025-12-12 00:41:55,776 MambaPro INFO:   IMS_PER_BATCH: 64
2025-12-12 00:41:55,776 MambaPro INFO:   MISS: nothing
2025-12-12 00:41:55,776 MambaPro INFO:   NECK_FEAT: after
2025-12-12 00:41:55,776 MambaPro INFO:   RE_RANKING: 'no'
2025-12-12 00:41:55,776 MambaPro INFO:   WEIGHT: /home/zubuntu/workspace/yzy/MambaPro/pths/MambaProbest.pth
2025-12-12 00:41:55,776 MambaPro INFO: ================================================================================
2025-12-12 00:41:58,076 MambaPro.train INFO: start training
2025-12-12 00:42:18,550 MambaPro.train INFO: Epoch 1 done. Time per batch: 0.191[s] Speed: 167.4[samples/s]
2025-12-12 00:42:38,696 MambaPro.train INFO: Epoch 2 done. Time per batch: 0.188[s] Speed: 170.0[samples/s]
2025-12-12 00:42:58,840 MambaPro.train INFO: Epoch 3 done. Time per batch: 0.188[s] Speed: 170.0[samples/s]
2025-12-12 00:43:19,053 MambaPro.train INFO: Epoch 4 done. Time per batch: 0.189[s] Speed: 169.4[samples/s]
2025-12-12 00:43:39,227 MambaPro.train INFO: Epoch 5 done. Time per batch: 0.189[s] Speed: 169.7[samples/s]
2025-12-12 00:43:46,812 MambaPro.train INFO: Validation Results - Epoch: 5
2025-12-12 00:43:46,812 MambaPro.train INFO: Current mAP: 51.0%
2025-12-12 00:43:46,812 MambaPro.train INFO: CMC curve, Rank-1  :53.2%
2025-12-12 00:43:46,812 MambaPro.train INFO: CMC curve, Rank-5  :71.8%
2025-12-12 00:43:46,812 MambaPro.train INFO: CMC curve, Rank-10 :78.5%
2025-12-12 00:43:46,813 MambaPro.train INFO: 🎯 New Best! Saving model...
2025-12-12 00:43:47,461 MambaPro.train INFO: [Epoch 5] 指标集合列表（历史）
2025-12-12 00:43:47,461 MambaPro.train INFO: history_mAP:{51.0}
2025-12-12 00:43:47,461 MambaPro.train INFO: best_mAP:{51.0}
2025-12-12 00:43:47,461 MambaPro.train INFO: history_Rank-1:{53.2}
2025-12-12 00:43:47,461 MambaPro.train INFO: best_Rank-1:{53.2}
2025-12-12 00:43:47,461 MambaPro.train INFO: history_Rank-5:{71.8}
2025-12-12 00:43:47,461 MambaPro.train INFO: best_Rank-5:{71.8}
2025-12-12 00:43:47,462 MambaPro.train INFO: history_Rank-10:{78.5}
2025-12-12 00:43:47,462 MambaPro.train INFO: best_Rank-10:{78.5}
2025-12-12 00:43:47,462 MambaPro.train INFO: history_Experts:{[0.35 , 0.34 , 0.31]}
2025-12-12 00:43:47,462 MambaPro.train INFO: best_Experts:{[0.35 , 0.34 , 0.31]}
2025-12-12 00:43:47,462 MambaPro.train INFO: 🔥 MoE损失(Val): 平衡=0.0000, 稀疏性=0.9987, 多样性=2.6563, 总=0.0028 (权重: 平衡=0.001, 稀疏性=0.000, 多样性=0.001)
2025-12-12 00:43:47,462 MambaPro.train INFO:    📊 专家权重分布(Val): [0.35 , 0.34 , 0.31]
2025-12-12 00:44:07,746 MambaPro.train INFO: Epoch 6 done. Time per batch: 0.188[s] Speed: 169.9[samples/s]
2025-12-12 00:44:27,810 MambaPro.train INFO: Epoch 7 done. Time per batch: 0.188[s] Speed: 170.7[samples/s]
2025-12-12 00:44:47,757 MambaPro.train INFO: Epoch 8 done. Time per batch: 0.186[s] Speed: 171.7[samples/s]
2025-12-12 00:45:07,612 MambaPro.train INFO: Epoch 9 done. Time per batch: 0.186[s] Speed: 172.5[samples/s]
2025-12-12 00:45:27,573 MambaPro.train INFO: Epoch 10 done. Time per batch: 0.187[s] Speed: 171.5[samples/s]
2025-12-12 00:45:35,487 MambaPro.train INFO: Validation Results - Epoch: 10
2025-12-12 00:45:35,487 MambaPro.train INFO: Current mAP: 38.0%
2025-12-12 00:45:35,487 MambaPro.train INFO: CMC curve, Rank-1  :39.1%
2025-12-12 00:45:35,487 MambaPro.train INFO: CMC curve, Rank-5  :55.0%
2025-12-12 00:45:35,487 MambaPro.train INFO: CMC curve, Rank-10 :63.6%
2025-12-12 00:45:35,488 MambaPro.train INFO: [Epoch 10] 指标集合列表（历史）
2025-12-12 00:45:35,488 MambaPro.train INFO: history_mAP:{51.0 , 38.0}
2025-12-12 00:45:35,488 MambaPro.train INFO: best_mAP:{51.0}
2025-12-12 00:45:35,488 MambaPro.train INFO: history_Rank-1:{53.2 , 39.1}
2025-12-12 00:45:35,488 MambaPro.train INFO: best_Rank-1:{53.2}
2025-12-12 00:45:35,488 MambaPro.train INFO: history_Rank-5:{71.8 , 55.0}
2025-12-12 00:45:35,488 MambaPro.train INFO: best_Rank-5:{71.8}
2025-12-12 00:45:35,488 MambaPro.train INFO: history_Rank-10:{78.5 , 63.6}
2025-12-12 00:45:35,488 MambaPro.train INFO: best_Rank-10:{78.5}
2025-12-12 00:45:35,488 MambaPro.train INFO: history_Experts:{[0.35 , 0.34 , 0.31] , [0.36 , 0.34 , 0.30]}
2025-12-12 00:45:35,488 MambaPro.train INFO: best_Experts:{[0.35 , 0.34 , 0.31]}
2025-12-12 00:45:35,488 MambaPro.train INFO: 🔥 MoE损失(Val): 平衡=0.0000, 稀疏性=0.9966, 多样性=2.6400, 总=0.0027 (权重: 平衡=0.001, 稀疏性=0.000, 多样性=0.001)
2025-12-12 00:45:35,488 MambaPro.train INFO:    📊 专家权重分布(Val): [0.36 , 0.34 , 0.30]
2025-12-12 00:45:55,357 MambaPro.train INFO: Epoch 11 done. Time per batch: 0.186[s] Speed: 171.9[samples/s]
2025-12-12 00:46:15,296 MambaPro.train INFO: Epoch 12 done. Time per batch: 0.186[s] Speed: 171.7[samples/s]
2025-12-12 00:46:35,206 MambaPro.train INFO: Epoch 13 done. Time per batch: 0.186[s] Speed: 172.0[samples/s]
2025-12-12 00:46:55,138 MambaPro.train INFO: Epoch 14 done. Time per batch: 0.186[s] Speed: 171.8[samples/s]
2025-12-12 00:47:15,068 MambaPro.train INFO: Epoch 15 done. Time per batch: 0.186[s] Speed: 171.8[samples/s]
2025-12-12 00:47:22,560 MambaPro.train INFO: Validation Results - Epoch: 15
2025-12-12 00:47:22,560 MambaPro.train INFO: Current mAP: 45.5%
2025-12-12 00:47:22,560 MambaPro.train INFO: CMC curve, Rank-1  :47.7%
2025-12-12 00:47:22,560 MambaPro.train INFO: CMC curve, Rank-5  :61.2%
2025-12-12 00:47:22,560 MambaPro.train INFO: CMC curve, Rank-10 :69.1%
2025-12-12 00:47:22,561 MambaPro.train INFO: [Epoch 15] 指标集合列表（历史）
2025-12-12 00:47:22,561 MambaPro.train INFO: history_mAP:{51.0 , 38.0 , 45.5}
2025-12-12 00:47:22,561 MambaPro.train INFO: best_mAP:{51.0}
2025-12-12 00:47:22,561 MambaPro.train INFO: history_Rank-1:{53.2 , 39.1 , 47.7}
2025-12-12 00:47:22,561 MambaPro.train INFO: best_Rank-1:{53.2}
2025-12-12 00:47:22,561 MambaPro.train INFO: history_Rank-5:{71.8 , 55.0 , 61.2}
2025-12-12 00:47:22,561 MambaPro.train INFO: best_Rank-5:{71.8}
2025-12-12 00:47:22,561 MambaPro.train INFO: history_Rank-10:{78.5 , 63.6 , 69.1}
2025-12-12 00:47:22,561 MambaPro.train INFO: best_Rank-10:{78.5}
2025-12-12 00:47:22,561 MambaPro.train INFO: history_Experts:{[0.35 , 0.34 , 0.31] , [0.36 , 0.34 , 0.30] , [0.39 , 0.35 , 0.27]}
2025-12-12 00:47:22,561 MambaPro.train INFO: best_Experts:{[0.35 , 0.34 , 0.31]}
2025-12-12 00:47:22,561 MambaPro.train INFO: 🔥 MoE损失(Val): 平衡=0.0000, 稀疏性=0.9885, 多样性=2.5765, 总=0.0027 (权重: 平衡=0.001, 稀疏性=0.000, 多样性=0.001)
2025-12-12 00:47:22,561 MambaPro.train INFO:    📊 专家权重分布(Val): [0.39 , 0.35 , 0.27]
2025-12-12 00:47:42,582 MambaPro.train INFO: Epoch 16 done. Time per batch: 0.186[s] Speed: 172.2[samples/s]
2025-12-12 00:48:02,519 MambaPro.train INFO: Epoch 17 done. Time per batch: 0.186[s] Speed: 171.7[samples/s]
2025-12-12 00:48:22,270 MambaPro.train INFO: Epoch 18 done. Time per batch: 0.186[s] Speed: 171.7[samples/s]
2025-12-12 00:48:42,314 MambaPro.train INFO: Epoch 19 done. Time per batch: 0.187[s] Speed: 170.8[samples/s]
2025-12-12 00:49:02,219 MambaPro.train INFO: Epoch 20 done. Time per batch: 0.186[s] Speed: 172.0[samples/s]
2025-12-12 00:49:10,113 MambaPro.train INFO: Validation Results - Epoch: 20
2025-12-12 00:49:10,114 MambaPro.train INFO: Current mAP: 56.0%
2025-12-12 00:49:10,114 MambaPro.train INFO: CMC curve, Rank-1  :62.1%
2025-12-12 00:49:10,114 MambaPro.train INFO: CMC curve, Rank-5  :74.9%
2025-12-12 00:49:10,114 MambaPro.train INFO: CMC curve, Rank-10 :81.2%
2025-12-12 00:49:10,114 MambaPro.train INFO: 🎯 New Best! Saving model...
2025-12-12 00:49:10,763 MambaPro.train INFO: [Epoch 20] 指标集合列表（历史）
2025-12-12 00:49:10,763 MambaPro.train INFO: history_mAP:{51.0 , 38.0 , 45.5 , 56.0}
2025-12-12 00:49:10,763 MambaPro.train INFO: best_mAP:{56.0}
2025-12-12 00:49:10,763 MambaPro.train INFO: history_Rank-1:{53.2 , 39.1 , 47.7 , 62.1}
2025-12-12 00:49:10,763 MambaPro.train INFO: best_Rank-1:{62.1}
2025-12-12 00:49:10,763 MambaPro.train INFO: history_Rank-5:{71.8 , 55.0 , 61.2 , 74.9}
2025-12-12 00:49:10,763 MambaPro.train INFO: best_Rank-5:{74.9}
2025-12-12 00:49:10,763 MambaPro.train INFO: history_Rank-10:{78.5 , 63.6 , 69.1 , 81.2}
2025-12-12 00:49:10,763 MambaPro.train INFO: best_Rank-10:{81.2}
2025-12-12 00:49:10,763 MambaPro.train INFO: history_Experts:{[0.35 , 0.34 , 0.31] , [0.36 , 0.34 , 0.30] , [0.39 , 0.35 , 0.27] , [0.51 , 0.31 , 0.18]}
2025-12-12 00:49:10,763 MambaPro.train INFO: best_Experts:{[0.51 , 0.31 , 0.18]}
2025-12-12 00:49:10,763 MambaPro.train INFO: 🔥 MoE损失(Val): 平衡=0.0251, 稀疏性=0.9185, 多样性=2.1058, 总=0.0022 (权重: 平衡=0.001, 稀疏性=0.000, 多样性=0.001)
2025-12-12 00:49:10,763 MambaPro.train INFO:    📊 专家权重分布(Val): [0.51 , 0.31 , 0.18]
2025-12-12 00:49:30,706 MambaPro.train INFO: Epoch 21 done. Time per batch: 0.187[s] Speed: 171.3[samples/s]
2025-12-12 00:49:50,683 MambaPro.train INFO: Epoch 22 done. Time per batch: 0.187[s] Speed: 171.4[samples/s]
2025-12-12 00:50:10,610 MambaPro.train INFO: Epoch 23 done. Time per batch: 0.186[s] Speed: 171.8[samples/s]
2025-12-12 00:50:30,547 MambaPro.train INFO: Epoch 24 done. Time per batch: 0.186[s] Speed: 171.7[samples/s]
2025-12-12 00:50:50,322 MambaPro.train INFO: Epoch 25 done. Time per batch: 0.187[s] Speed: 171.5[samples/s]
2025-12-12 00:50:57,832 MambaPro.train INFO: Validation Results - Epoch: 25
2025-12-12 00:50:57,832 MambaPro.train INFO: Current mAP: 75.0%
2025-12-12 00:50:57,832 MambaPro.train INFO: CMC curve, Rank-1  :77.5%
2025-12-12 00:50:57,832 MambaPro.train INFO: CMC curve, Rank-5  :86.8%
2025-12-12 00:50:57,832 MambaPro.train INFO: CMC curve, Rank-10 :91.1%
2025-12-12 00:50:57,832 MambaPro.train INFO: 🎯 New Best! Saving model...
2025-12-12 00:50:58,436 MambaPro.train INFO: [Epoch 25] 指标集合列表（历史）
2025-12-12 00:50:58,436 MambaPro.train INFO: history_mAP:{51.0 , 38.0 , 45.5 , 56.0 , 75.0}
2025-12-12 00:50:58,436 MambaPro.train INFO: best_mAP:{75.0}
2025-12-12 00:50:58,436 MambaPro.train INFO: history_Rank-1:{53.2 , 39.1 , 47.7 , 62.1 , 77.5}
2025-12-12 00:50:58,436 MambaPro.train INFO: best_Rank-1:{77.5}
2025-12-12 00:50:58,436 MambaPro.train INFO: history_Rank-5:{71.8 , 55.0 , 61.2 , 74.9 , 86.8}
2025-12-12 00:50:58,436 MambaPro.train INFO: best_Rank-5:{86.8}
2025-12-12 00:50:58,437 MambaPro.train INFO: history_Rank-10:{78.5 , 63.6 , 69.1 , 81.2 , 91.1}
2025-12-12 00:50:58,437 MambaPro.train INFO: best_Rank-10:{91.1}
2025-12-12 00:50:58,437 MambaPro.train INFO: history_Experts:{[0.35 , 0.34 , 0.31] , [0.36 , 0.34 , 0.30] , [0.39 , 0.35 , 0.27] , [0.51 , 0.31 , 0.18] , [0.77 , 0.14 , 0.09]}
2025-12-12 00:50:58,437 MambaPro.train INFO: best_Experts:{[0.77 , 0.14 , 0.09]}
2025-12-12 00:50:58,437 MambaPro.train INFO: 🔥 MoE损失(Val): 平衡=0.4270, 稀疏性=0.5698, 多样性=0.8167, 总=0.0013 (权重: 平衡=0.001, 稀疏性=0.000, 多样性=0.001)
2025-12-12 00:50:58,437 MambaPro.train INFO:    📊 专家权重分布(Val): [0.77 , 0.14 , 0.09]
2025-12-12 00:51:18,517 MambaPro.train INFO: Epoch 26 done. Time per batch: 0.186[s] Speed: 171.7[samples/s]
2025-12-12 00:51:38,499 MambaPro.train INFO: Epoch 27 done. Time per batch: 0.187[s] Speed: 171.4[samples/s]
2025-12-12 00:51:58,677 MambaPro.train INFO: Epoch 28 done. Time per batch: 0.189[s] Speed: 169.7[samples/s]
2025-12-12 00:52:18,649 MambaPro.train INFO: Epoch 29 done. Time per batch: 0.187[s] Speed: 171.4[samples/s]
2025-12-12 00:52:38,629 MambaPro.train INFO: Epoch 30 done. Time per batch: 0.187[s] Speed: 171.4[samples/s]
2025-12-12 00:52:46,555 MambaPro.train INFO: Validation Results - Epoch: 30
2025-12-12 00:52:46,555 MambaPro.train INFO: Current mAP: 77.7%
2025-12-12 00:52:46,555 MambaPro.train INFO: CMC curve, Rank-1  :82.7%
2025-12-12 00:52:46,555 MambaPro.train INFO: CMC curve, Rank-5  :91.3%
2025-12-12 00:52:46,555 MambaPro.train INFO: CMC curve, Rank-10 :93.5%
2025-12-12 00:52:46,556 MambaPro.train INFO: 🎯 New Best! Saving model...
2025-12-12 00:52:47,197 MambaPro.train INFO: [Epoch 30] 指标集合列表（历史）
2025-12-12 00:52:47,198 MambaPro.train INFO: history_mAP:{51.0 , 38.0 , 45.5 , 56.0 , 75.0 , 77.7}
2025-12-12 00:52:47,199 MambaPro.train INFO: best_mAP:{77.7}
2025-12-12 00:52:47,199 MambaPro.train INFO: history_Rank-1:{53.2 , 39.1 , 47.7 , 62.1 , 77.5 , 82.7}
2025-12-12 00:52:47,199 MambaPro.train INFO: best_Rank-1:{82.7}
2025-12-12 00:52:47,199 MambaPro.train INFO: history_Rank-5:{71.8 , 55.0 , 61.2 , 74.9 , 86.8 , 91.3}
2025-12-12 00:52:47,199 MambaPro.train INFO: best_Rank-5:{91.3}
2025-12-12 00:52:47,199 MambaPro.train INFO: history_Rank-10:{78.5 , 63.6 , 69.1 , 81.2 , 91.1 , 93.5}
2025-12-12 00:52:47,199 MambaPro.train INFO: best_Rank-10:{93.5}
2025-12-12 00:52:47,199 MambaPro.train INFO: history_Experts:{[0.35 , 0.34 , 0.31] , [0.36 , 0.34 , 0.30] , [0.39 , 0.35 , 0.27] , [0.51 , 0.31 , 0.18] , [0.77 , 0.14 , 0.09] , [0.86 , 0.09 , 0.06]}
2025-12-12 00:52:47,200 MambaPro.train INFO: best_Experts:{[0.86 , 0.09 , 0.06]}
2025-12-12 00:52:47,200 MambaPro.train INFO: 🔥 MoE损失(Val): 平衡=0.6928, 稀疏性=0.3851, 多样性=0.4605, 总=0.0012 (权重: 平衡=0.001, 稀疏性=0.000, 多样性=0.001)
2025-12-12 00:52:47,200 MambaPro.train INFO:    📊 专家权重分布(Val): [0.86 , 0.09 , 0.06]
2025-12-12 00:53:07,347 MambaPro.train INFO: Epoch 31 done. Time per batch: 0.187[s] Speed: 171.1[samples/s]
2025-12-12 00:53:27,272 MambaPro.train INFO: Epoch 32 done. Time per batch: 0.188[s] Speed: 170.2[samples/s]
2025-12-12 00:53:47,276 MambaPro.train INFO: Epoch 33 done. Time per batch: 0.187[s] Speed: 171.2[samples/s]
2025-12-12 00:54:07,050 MambaPro.train INFO: Epoch 34 done. Time per batch: 0.187[s] Speed: 171.5[samples/s]
2025-12-12 00:54:26,996 MambaPro.train INFO: Epoch 35 done. Time per batch: 0.186[s] Speed: 171.7[samples/s]
2025-12-12 00:54:34,511 MambaPro.train INFO: Validation Results - Epoch: 35
2025-12-12 00:54:34,511 MambaPro.train INFO: Current mAP: 76.8%
2025-12-12 00:54:34,511 MambaPro.train INFO: CMC curve, Rank-1  :80.1%
2025-12-12 00:54:34,511 MambaPro.train INFO: CMC curve, Rank-5  :87.9%
2025-12-12 00:54:34,511 MambaPro.train INFO: CMC curve, Rank-10 :91.9%
2025-12-12 00:54:34,512 MambaPro.train INFO: [Epoch 35] 指标集合列表（历史）
2025-12-12 00:54:34,512 MambaPro.train INFO: history_mAP:{51.0 , 38.0 , 45.5 , 56.0 , 75.0 , 77.7 , 76.8}
2025-12-12 00:54:34,512 MambaPro.train INFO: best_mAP:{77.7}
2025-12-12 00:54:34,512 MambaPro.train INFO: history_Rank-1:{53.2 , 39.1 , 47.7 , 62.1 , 77.5 , 82.7 , 80.1}
2025-12-12 00:54:34,512 MambaPro.train INFO: best_Rank-1:{82.7}
2025-12-12 00:54:34,512 MambaPro.train INFO: history_Rank-5:{71.8 , 55.0 , 61.2 , 74.9 , 86.8 , 91.3 , 87.9}
2025-12-12 00:54:34,512 MambaPro.train INFO: best_Rank-5:{91.3}
2025-12-12 00:54:34,512 MambaPro.train INFO: history_Rank-10:{78.5 , 63.6 , 69.1 , 81.2 , 91.1 , 93.5 , 91.9}
2025-12-12 00:54:34,513 MambaPro.train INFO: best_Rank-10:{93.5}
2025-12-12 00:54:34,513 MambaPro.train INFO: history_Experts:{[0.35 , 0.34 , 0.31] , [0.36 , 0.34 , 0.30] , [0.39 , 0.35 , 0.27] , [0.51 , 0.31 , 0.18] , [0.77 , 0.14 , 0.09] , [0.86 , 0.09 , 0.06] , [0.90 , 0.06 , 0.04]}
2025-12-12 00:54:34,513 MambaPro.train INFO: best_Experts:{[0.86 , 0.09 , 0.06]}
2025-12-12 00:54:34,513 MambaPro.train INFO: 🔥 MoE损失(Val): 平衡=0.8375, 稀疏性=0.2890, 多样性=0.3183, 总=0.0012 (权重: 平衡=0.001, 稀疏性=0.000, 多样性=0.001)
2025-12-12 00:54:34,513 MambaPro.train INFO:    📊 专家权重分布(Val): [0.90 , 0.06 , 0.04]
2025-12-12 00:54:54,627 MambaPro.train INFO: Epoch 36 done. Time per batch: 0.187[s] Speed: 171.4[samples/s]
2025-12-12 00:55:14,966 MambaPro.train INFO: Epoch 37 done. Time per batch: 0.190[s] Speed: 168.4[samples/s]
2025-12-12 00:55:34,804 MambaPro.train INFO: Epoch 38 done. Time per batch: 0.187[s] Speed: 171.0[samples/s]
2025-12-12 00:55:54,712 MambaPro.train INFO: Epoch 39 done. Time per batch: 0.186[s] Speed: 172.0[samples/s]
2025-12-12 00:56:14,479 MambaPro.train INFO: Epoch 40 done. Time per batch: 0.186[s] Speed: 171.6[samples/s]
2025-12-12 00:56:22,368 MambaPro.train INFO: Validation Results - Epoch: 40
2025-12-12 00:56:22,368 MambaPro.train INFO: Current mAP: 77.3%
2025-12-12 00:56:22,368 MambaPro.train INFO: CMC curve, Rank-1  :80.5%
2025-12-12 00:56:22,368 MambaPro.train INFO: CMC curve, Rank-5  :90.0%
2025-12-12 00:56:22,368 MambaPro.train INFO: CMC curve, Rank-10 :92.7%
2025-12-12 00:56:22,369 MambaPro.train INFO: [Epoch 40] 指标集合列表（历史）
2025-12-12 00:56:22,369 MambaPro.train INFO: history_mAP:{51.0 , 38.0 , 45.5 , 56.0 , 75.0 , 77.7 , 76.8 , 77.3}
2025-12-12 00:56:22,369 MambaPro.train INFO: best_mAP:{77.7}
2025-12-12 00:56:22,369 MambaPro.train INFO: history_Rank-1:{53.2 , 39.1 , 47.7 , 62.1 , 77.5 , 82.7 , 80.1 , 80.5}
2025-12-12 00:56:22,369 MambaPro.train INFO: best_Rank-1:{82.7}
2025-12-12 00:56:22,369 MambaPro.train INFO: history_Rank-5:{71.8 , 55.0 , 61.2 , 74.9 , 86.8 , 91.3 , 87.9 , 90.0}
2025-12-12 00:56:22,369 MambaPro.train INFO: best_Rank-5:{91.3}
2025-12-12 00:56:22,369 MambaPro.train INFO: history_Rank-10:{78.5 , 63.6 , 69.1 , 81.2 , 91.1 , 93.5 , 91.9 , 92.7}
2025-12-12 00:56:22,369 MambaPro.train INFO: best_Rank-10:{93.5}
2025-12-12 00:56:22,369 MambaPro.train INFO: history_Experts:{[0.35 , 0.34 , 0.31] , [0.36 , 0.34 , 0.30] , [0.39 , 0.35 , 0.27] , [0.51 , 0.31 , 0.18] , [0.77 , 0.14 , 0.09] , [0.86 , 0.09 , 0.06] , [0.90 , 0.06 , 0.04] , [0.92 , 0.05 , 0.04]}
2025-12-12 00:56:22,369 MambaPro.train INFO: best_Experts:{[0.86 , 0.09 , 0.06]}
2025-12-12 00:56:22,369 MambaPro.train INFO: 🔥 MoE损失(Val): 平衡=0.9162, 稀疏性=0.2377, 多样性=0.2511, 总=0.0012 (权重: 平衡=0.001, 稀疏性=0.000, 多样性=0.001)
2025-12-12 00:56:22,369 MambaPro.train INFO:    📊 专家权重分布(Val): [0.92 , 0.05 , 0.04]
2025-12-12 00:56:42,450 MambaPro.train INFO: Epoch 41 done. Time per batch: 0.186[s] Speed: 171.7[samples/s]
2025-12-12 00:57:02,556 MambaPro.train INFO: Epoch 42 done. Time per batch: 0.188[s] Speed: 170.3[samples/s]
2025-12-12 00:57:22,551 MambaPro.train INFO: Epoch 43 done. Time per batch: 0.187[s] Speed: 171.2[samples/s]
2025-12-12 00:57:42,990 MambaPro.train INFO: Epoch 44 done. Time per batch: 0.191[s] Speed: 167.5[samples/s]
2025-12-12 00:58:03,030 MambaPro.train INFO: Epoch 45 done. Time per batch: 0.187[s] Speed: 170.9[samples/s]
2025-12-12 00:58:10,537 MambaPro.train INFO: Validation Results - Epoch: 45
2025-12-12 00:58:10,537 MambaPro.train INFO: Current mAP: 77.5%
2025-12-12 00:58:10,537 MambaPro.train INFO: CMC curve, Rank-1  :80.9%
2025-12-12 00:58:10,537 MambaPro.train INFO: CMC curve, Rank-5  :89.5%
2025-12-12 00:58:10,537 MambaPro.train INFO: CMC curve, Rank-10 :92.6%
2025-12-12 00:58:10,538 MambaPro.train INFO: [Epoch 45] 指标集合列表（历史）
2025-12-12 00:58:10,538 MambaPro.train INFO: history_mAP:{51.0 , 38.0 , 45.5 , 56.0 , 75.0 , 77.7 , 76.8 , 77.3 , 77.5}
2025-12-12 00:58:10,538 MambaPro.train INFO: best_mAP:{77.7}
2025-12-12 00:58:10,538 MambaPro.train INFO: history_Rank-1:{53.2 , 39.1 , 47.7 , 62.1 , 77.5 , 82.7 , 80.1 , 80.5 , 80.9}
2025-12-12 00:58:10,538 MambaPro.train INFO: best_Rank-1:{82.7}
2025-12-12 00:58:10,538 MambaPro.train INFO: history_Rank-5:{71.8 , 55.0 , 61.2 , 74.9 , 86.8 , 91.3 , 87.9 , 90.0 , 89.5}
2025-12-12 00:58:10,538 MambaPro.train INFO: best_Rank-5:{91.3}
2025-12-12 00:58:10,538 MambaPro.train INFO: history_Rank-10:{78.5 , 63.6 , 69.1 , 81.2 , 91.1 , 93.5 , 91.9 , 92.7 , 92.6}
2025-12-12 00:58:10,538 MambaPro.train INFO: best_Rank-10:{93.5}
2025-12-12 00:58:10,538 MambaPro.train INFO: history_Experts:{[0.35 , 0.34 , 0.31] , [0.36 , 0.34 , 0.30] , [0.39 , 0.35 , 0.27] , [0.51 , 0.31 , 0.18] , [0.77 , 0.14 , 0.09] , [0.86 , 0.09 , 0.06] , [0.90 , 0.06 , 0.04] , [0.92 , 0.05 , 0.04] , [0.93 , 0.04 , 0.03]}
2025-12-12 00:58:10,538 MambaPro.train INFO: best_Experts:{[0.86 , 0.09 , 0.06]}
2025-12-12 00:58:10,538 MambaPro.train INFO: 🔥 MoE损失(Val): 平衡=0.9639, 稀疏性=0.2068, 多样性=0.2133, 总=0.0012 (权重: 平衡=0.001, 稀疏性=0.000, 多样性=0.001)
2025-12-12 00:58:10,538 MambaPro.train INFO:    📊 专家权重分布(Val): [0.93 , 0.04 , 0.03]
2025-12-12 00:58:30,652 MambaPro.train INFO: Epoch 46 done. Time per batch: 0.187[s] Speed: 171.4[samples/s]
2025-12-12 00:58:50,661 MambaPro.train INFO: Epoch 47 done. Time per batch: 0.187[s] Speed: 171.1[samples/s]
2025-12-12 00:59:10,776 MambaPro.train INFO: Epoch 48 done. Time per batch: 0.190[s] Speed: 168.6[samples/s]
2025-12-12 00:59:30,778 MambaPro.train INFO: Epoch 49 done. Time per batch: 0.187[s] Speed: 171.2[samples/s]
2025-12-12 00:59:50,789 MambaPro.train INFO: Epoch 50 done. Time per batch: 0.187[s] Speed: 171.1[samples/s]
2025-12-12 00:59:58,691 MambaPro.train INFO: Validation Results - Epoch: 50
2025-12-12 00:59:58,691 MambaPro.train INFO: Current mAP: 77.2%
2025-12-12 00:59:58,691 MambaPro.train INFO: CMC curve, Rank-1  :81.3%
2025-12-12 00:59:58,691 MambaPro.train INFO: CMC curve, Rank-5  :89.5%
2025-12-12 00:59:58,691 MambaPro.train INFO: CMC curve, Rank-10 :92.6%
2025-12-12 00:59:58,692 MambaPro.train INFO: [Epoch 50] 指标集合列表（历史）
2025-12-12 00:59:58,692 MambaPro.train INFO: history_mAP:{51.0 , 38.0 , 45.5 , 56.0 , 75.0 , 77.7 , 76.8 , 77.3 , 77.5 , 77.2}
2025-12-12 00:59:58,692 MambaPro.train INFO: best_mAP:{77.7}
2025-12-12 00:59:58,692 MambaPro.train INFO: history_Rank-1:{53.2 , 39.1 , 47.7 , 62.1 , 77.5 , 82.7 , 80.1 , 80.5 , 80.9 , 81.3}
2025-12-12 00:59:58,692 MambaPro.train INFO: best_Rank-1:{82.7}
2025-12-12 00:59:58,692 MambaPro.train INFO: history_Rank-5:{71.8 , 55.0 , 61.2 , 74.9 , 86.8 , 91.3 , 87.9 , 90.0 , 89.5}
2025-12-12 00:59:58,692 MambaPro.train INFO: best_Rank-5:{91.3}
2025-12-12 00:59:58,692 MambaPro.train INFO: history_Rank-10:{78.5 , 63.6 , 69.1 , 81.2 , 91.1 , 93.5 , 91.9 , 92.7 , 92.6}
2025-12-12 00:59:58,692 MambaPro.train INFO: best_Rank-10:{93.5}
2025-12-12 00:59:58,692 MambaPro.train INFO: history_Experts:{[0.35 , 0.34 , 0.31] , [0.36 , 0.34 , 0.30] , [0.39 , 0.35 , 0.27] , [0.51 , 0.31 , 0.18] , [0.77 , 0.14 , 0.09] , [0.86 , 0.09 , 0.06] , [0.90 , 0.06 , 0.04] , [0.92 , 0.05 , 0.04] , [0.93 , 0.04 , 0.03] , [0.94 , 0.04 , 0.03]}
2025-12-12 00:59:58,692 MambaPro.train INFO: best_Experts:{[0.86 , 0.09 , 0.06]}
2025-12-12 00:59:58,692 MambaPro.train INFO: 🔥 MoE损失(Val): 平衡=0.9999, 稀疏性=0.1836, 多样性=0.1860, 总=0.0012 (权重: 平衡=0.001, 稀疏性=0.000, 多样性=0.001)
2025-12-12 00:59:58,692 MambaPro.train INFO:    📊 专家权重分布(Val): [0.94 , 0.04 , 0.03]
2025-12-12 01:00:18,685 MambaPro.train INFO: Epoch 51 done. Time per batch: 0.187[s] Speed: 170.8[samples/s]
2025-12-12 01:00:38,600 MambaPro.train INFO: Epoch 52 done. Time per batch: 0.188[s] Speed: 170.3[samples/s]
2025-12-12 01:00:58,600 MambaPro.train INFO: Epoch 53 done. Time per batch: 0.187[s] Speed: 171.2[samples/s]
2025-12-12 01:01:18,646 MambaPro.train INFO: Epoch 54 done. Time per batch: 0.187[s] Speed: 170.8[samples/s]
2025-12-12 01:01:38,664 MambaPro.train INFO: Epoch 55 done. Time per batch: 0.187[s] Speed: 171.1[samples/s]
2025-12-12 01:01:46,206 MambaPro.train INFO: Validation Results - Epoch: 55
2025-12-12 01:01:46,206 MambaPro.train INFO: Current mAP: 78.5%
2025-12-12 01:01:46,206 MambaPro.train INFO: CMC curve, Rank-1  :82.5%
2025-12-12 01:01:46,206 MambaPro.train INFO: CMC curve, Rank-5  :90.8%
2025-12-12 01:01:46,206 MambaPro.train INFO: CMC curve, Rank-10 :92.9%
2025-12-12 01:01:46,207 MambaPro.train INFO: 🎯 New Best! Saving model...
2025-12-12 01:01:46,817 MambaPro.train INFO: [Epoch 55] 指标集合列表（历史）
2025-12-12 01:01:46,817 MambaPro.train INFO: history_mAP:{51.0 , 38.0 , 45.5 , 56.0 , 75.0 , 77.7 , 76.8 , 77.3 , 77.5 , 77.2 , 78.5}
2025-12-12 01:01:46,817 MambaPro.train INFO: best_mAP:{78.5}
2025-12-12 01:01:46,817 MambaPro.train INFO: history_Rank-1:{53.2 , 39.1 , 47.7 , 62.1 , 77.5 , 82.7 , 80.1 , 80.5 , 80.9 , 81.3 , 82.5}
2025-12-12 01:01:46,817 MambaPro.train INFO: best_Rank-1:{82.7}
2025-12-12 01:01:46,817 MambaPro.train INFO: history_Rank-5:{71.8 , 55.0 , 61.2 , 74.9 , 86.8 , 91.3 , 87.9 , 90.0 , 89.5 , 90.8}
2025-12-12 01:01:46,817 MambaPro.train INFO: best_Rank-5:{91.3}
2025-12-12 01:01:46,817 MambaPro.train INFO: history_Rank-10:{78.5 , 63.6 , 69.1 , 81.2 , 91.1 , 93.5 , 91.9 , 92.7 , 92.6 , 92.9}
2025-12-12 01:01:46,817 MambaPro.train INFO: best_Rank-10:{93.5}
2025-12-12 01:01:46,817 MambaPro.train INFO: history_Experts:{[0.35 , 0.34 , 0.31] , [0.36 , 0.34 , 0.30] , [0.39 , 0.35 , 0.27] , [0.51 , 0.31 , 0.18] , [0.77 , 0.14 , 0.09] , [0.86 , 0.09 , 0.06] , [0.90 , 0.06 , 0.04] , [0.92 , 0.05 , 0.04] , [0.93 , 0.04 , 0.03] , [0.94 , 0.04 , 0.03] , [0.94 , 0.03 , 0.03]}
2025-12-12 01:01:46,817 MambaPro.train INFO: best_Experts:{[0.94 , 0.03 , 0.03]}
2025-12-12 01:01:46,817 MambaPro.train INFO: 🔥 MoE损失(Val): 平衡=1.0254, 稀疏性=0.1673, 多样性=0.1673, 总=0.0012 (权重: 平衡=0.001, 稀疏性=0.000, 多样性=0.001)
2025-12-12 01:01:46,817 MambaPro.train INFO:    📊 专家权重分布(Val): [0.94 , 0.03 , 0.03]
2025-12-12 01:02:07,227 MambaPro.train INFO: Epoch 56 done. Time per batch: 0.191[s] Speed: 167.3[samples/s]
2025-12-12 01:02:27,384 MambaPro.train INFO: Epoch 57 done. Time per batch: 0.188[s] Speed: 169.9[samples/s]
2025-12-12 01:02:47,450 MambaPro.train INFO: Epoch 58 done. Time per batch: 0.188[s] Speed: 170.6[samples/s]
2025-12-12 01:03:07,318 MambaPro.train INFO: Epoch 59 done. Time per batch: 0.187[s] Speed: 170.7[samples/s]
2025-12-12 01:03:27,401 MambaPro.train INFO: Epoch 60 done. Time per batch: 0.188[s] Speed: 170.5[samples/s]
2025-12-12 01:03:35,299 MambaPro.train INFO: Validation Results - Epoch: 60
2025-12-12 01:03:35,299 MambaPro.train INFO: Current mAP: 78.4%
2025-12-12 01:03:35,299 MambaPro.train INFO: CMC curve, Rank-1  :82.8%
2025-12-12 01:03:35,299 MambaPro.train INFO: CMC curve, Rank-5  :90.1%
2025-12-12 01:03:35,299 MambaPro.train INFO: CMC curve, Rank-10 :93.1%
2025-12-12 01:03:35,300 MambaPro.train INFO: [Epoch 60] 指标集合列表（历史）
2025-12-12 01:03:35,300 MambaPro.train INFO: history_mAP:{51.0 , 38.0 , 45.5 , 56.0 , 75.0 , 77.7 , 76.8 , 77.3 , 77.5 , 77.2 , 78.5 , 78.4}
2025-12-12 01:03:35,300 MambaPro.train INFO: best_mAP:{78.5}
2025-12-12 01:03:35,300 MambaPro.train INFO: history_Rank-1:{53.2 , 39.1 , 47.7 , 62.1 , 77.5 , 82.7 , 80.1 , 80.5 , 80.9 , 81.3 , 82.5 , 82.8}
2025-12-12 01:03:35,300 MambaPro.train INFO: best_Rank-1:{82.7}
2025-12-12 01:03:35,300 MambaPro.train INFO: history_Rank-5:{71.8 , 55.0 , 61.2 , 74.9 , 86.8 , 91.3 , 87.9 , 90.0 , 89.5 , 90.8 , 90.1}
2025-12-12 01:03:35,300 MambaPro.train INFO: best_Rank-5:{91.3}
2025-12-12 01:03:35,300 MambaPro.train INFO: history_Rank-10:{78.5 , 63.6 , 69.1 , 81.2 , 91.1 , 93.5 , 91.9 , 92.7 , 92.6 , 92.9 , 93.1}
2025-12-12 01:03:35,300 MambaPro.train INFO: best_Rank-10:{93.5}
2025-12-12 01:03:35,300 MambaPro.train INFO: history_Experts:{[0.35 , 0.34 , 0.31] , [0.36 , 0.34 , 0.30] , [0.39 , 0.35 , 0.27] , [0.51 , 0.31 , 0.18] , [0.77 , 0.14 , 0.09] , [0.86 , 0.09 , 0.06] , [0.90 , 0.06 , 0.04] , [0.92 , 0.05 , 0.04] , [0.93 , 0.04 , 0.03] , [0.94 , 0.04 , 0.03] , [0.94 , 0.03 , 0.03] , [0.95 , 0.03 , 0.02]}
2025-12-12 01:03:35,300 MambaPro.train INFO: best_Experts:{[0.94 , 0.03 , 0.03]}
2025-12-12 01:03:35,300 MambaPro.train INFO: 🔥 MoE损失(Val): 平衡=1.0452, 稀疏性=0.1546, 多样性=0.1533, 总=0.0012 (权重: 平衡=0.001, 稀疏性=0.000, 多样性=0.001)
2025-12-12 01:03:35,300 MambaPro.train INFO:    📊 专家权重分布(Val): [0.95 , 0.03 , 0.02]
2025-12-12 01:03:35,436 MambaPro.train INFO: ============================================================
