2025-12-22 14:14:16,145 MambaPro INFO: ================================================================================
2025-12-22 14:14:16,145 MambaPro INFO: 🧾 实验参数快照（命令行 + 最终配置）
2025-12-22 14:14:16,145 MambaPro INFO: ================================================================================
2025-12-22 14:14:16,145 MambaPro INFO: 【复现实验命令】
2025-12-22 14:14:16,145 MambaPro INFO: /home/zhanghaoyang/.conda/envs/MambaPro/bin/python train_net.py --config_file configs/RGBNT100/jzb_baseline_optimize.yml
2025-12-22 14:14:16,145 MambaPro INFO: 【命令行参数（args）】
2025-12-22 14:14:16,145 MambaPro INFO: {
2025-12-22 14:14:16,145 MambaPro INFO:   "config_file": "configs/RGBNT100/jzb_baseline_optimize.yml",
2025-12-22 14:14:16,145 MambaPro INFO:   "fea_cft": 0,
2025-12-22 14:14:16,145 MambaPro INFO:   "local_rank": 0,
2025-12-22 14:14:16,145 MambaPro INFO:   "use_multi_scale": false,
2025-12-22 14:14:16,145 MambaPro INFO:   "no_multi_scale": false,
2025-12-22 14:14:16,145 MambaPro INFO:   "use_moe": false,
2025-12-22 14:14:16,145 MambaPro INFO:   "disable_moe": false,
2025-12-22 14:14:16,145 MambaPro INFO:   "no_moe": false,
2025-12-22 14:14:16,145 MambaPro INFO:   "use_attention": false,
2025-12-22 14:14:16,145 MambaPro INFO:   "disable_attention": false,
2025-12-22 14:14:16,145 MambaPro INFO:   "attention_heads": 8,
2025-12-22 14:14:16,145 MambaPro INFO:   "attention_dropout": 0.1,
2025-12-22 14:14:16,145 MambaPro INFO:   "resume": "",
2025-12-22 14:14:16,145 MambaPro INFO:   "opts": []
2025-12-22 14:14:16,145 MambaPro INFO: }
2025-12-22 14:14:16,145 MambaPro INFO: 【工作目录】/home/zhanghaoyang/Desktop/yzy/AboutReid
2025-12-22 14:14:16,145 MambaPro INFO: 【最终配置（YAML）】
2025-12-22 14:14:16,148 MambaPro INFO: DATALOADER:
2025-12-22 14:14:16,148 MambaPro INFO:   NUM_INSTANCE: 16
2025-12-22 14:14:16,148 MambaPro INFO:   NUM_WORKERS: 8
2025-12-22 14:14:16,148 MambaPro INFO:   SAMPLER: softmax_triplet
2025-12-22 14:14:16,148 MambaPro INFO: DATASETS:
2025-12-22 14:14:16,148 MambaPro INFO:   NAMES: RGBNT100
2025-12-22 14:14:16,148 MambaPro INFO:   ROOT_DIR: /home/zhanghaoyang/Desktop/yzy/MambaPro/data/datasets
2025-12-22 14:14:16,148 MambaPro INFO: INPUT:
2025-12-22 14:14:16,148 MambaPro INFO:   PADDING: 10
2025-12-22 14:14:16,148 MambaPro INFO:   PIXEL_MEAN:
2025-12-22 14:14:16,148 MambaPro INFO:   - 0.5
2025-12-22 14:14:16,148 MambaPro INFO:   - 0.5
2025-12-22 14:14:16,148 MambaPro INFO:   - 0.5
2025-12-22 14:14:16,148 MambaPro INFO:   PIXEL_STD:
2025-12-22 14:14:16,148 MambaPro INFO:   - 0.5
2025-12-22 14:14:16,148 MambaPro INFO:   - 0.5
2025-12-22 14:14:16,148 MambaPro INFO:   - 0.5
2025-12-22 14:14:16,148 MambaPro INFO:   PROB: 0.5
2025-12-22 14:14:16,148 MambaPro INFO:   RE_PROB: 0.5
2025-12-22 14:14:16,148 MambaPro INFO:   SIZE_TEST:
2025-12-22 14:14:16,148 MambaPro INFO:   - 128
2025-12-22 14:14:16,148 MambaPro INFO:   - 256
2025-12-22 14:14:16,148 MambaPro INFO:   SIZE_TRAIN:
2025-12-22 14:14:16,148 MambaPro INFO:   - 128
2025-12-22 14:14:16,148 MambaPro INFO:   - 256
2025-12-22 14:14:16,148 MambaPro INFO: MODEL:
2025-12-22 14:14:16,148 MambaPro INFO:   ADAPTER: true
2025-12-22 14:14:16,148 MambaPro INFO:   ATTENTION_DIM: 512
2025-12-22 14:14:16,148 MambaPro INFO:   ATTENTION_DROPOUT: 0.1
2025-12-22 14:14:16,148 MambaPro INFO:   ATTENTION_NUM_HEADS: 8
2025-12-22 14:14:16,148 MambaPro INFO:   ATT_DROP_RATE: 0.0
2025-12-22 14:14:16,148 MambaPro INFO:   CLIP_MULTI_SCALE_SCALES:
2025-12-22 14:14:16,148 MambaPro INFO:   - 4
2025-12-22 14:14:16,148 MambaPro INFO:   - 8
2025-12-22 14:14:16,148 MambaPro INFO:   - 16
2025-12-22 14:14:16,148 MambaPro INFO:   DEVICE: cuda
2025-12-22 14:14:16,148 MambaPro INFO:   DEVICE_ID: '0'
2025-12-22 14:14:16,148 MambaPro INFO:   DIRECT: 0
2025-12-22 14:14:16,148 MambaPro INFO:   DIST_TRAIN: false
2025-12-22 14:14:16,148 MambaPro INFO:   DROP_OUT: 0.0
2025-12-22 14:14:16,148 MambaPro INFO:   DROP_PATH: 0.1
2025-12-22 14:14:16,148 MambaPro INFO:   FLOPS_TEST: false
2025-12-22 14:14:16,148 MambaPro INFO:   FROZEN: true
2025-12-22 14:14:16,148 MambaPro INFO:   GATE_DROPOUT: 0.1
2025-12-22 14:14:16,148 MambaPro INFO:   ID_LOSS_TYPE: softmax
2025-12-22 14:14:16,148 MambaPro INFO:   ID_LOSS_WEIGHT: 0.25
2025-12-22 14:14:16,148 MambaPro INFO:   IF_LABELSMOOTH: 'on'
2025-12-22 14:14:16,148 MambaPro INFO:   IF_WITH_CENTER: 'no'
2025-12-22 14:14:16,148 MambaPro INFO:   LAYER: -1
2025-12-22 14:14:16,148 MambaPro INFO:   MAMBA: true
2025-12-22 14:14:16,148 MambaPro INFO:   MAMBA_BI: false
2025-12-22 14:14:16,148 MambaPro INFO:   METRIC_LOSS_TYPE: triplet
2025-12-22 14:14:16,148 MambaPro INFO:   MOE_BALANCE_LOSS_WEIGHT: 0.01
2025-12-22 14:14:16,148 MambaPro INFO:   MOE_DIVERSITY_LOSS_WEIGHT: 0.01
2025-12-22 14:14:16,148 MambaPro INFO:   MOE_EXPERT_DROPOUT: 0.1
2025-12-22 14:14:16,148 MambaPro INFO:   MOE_EXPERT_HIDDEN_DIM: 1024
2025-12-22 14:14:16,148 MambaPro INFO:   MOE_EXPERT_LAYERS: 2
2025-12-22 14:14:16,148 MambaPro INFO:   MOE_EXPERT_THRESHOLD: 0.1
2025-12-22 14:14:16,148 MambaPro INFO:   MOE_FIXED_WEIGHTS:
2025-12-22 14:14:16,148 MambaPro INFO:   - 0.33
2025-12-22 14:14:16,148 MambaPro INFO:   - 0.33
2025-12-22 14:14:16,148 MambaPro INFO:   - 0.34
2025-12-22 14:14:16,148 MambaPro INFO:   MOE_GATE_DROPOUT: 0.1
2025-12-22 14:14:16,148 MambaPro INFO:   MOE_GATE_LAYERS: 2
2025-12-22 14:14:16,148 MambaPro INFO:   MOE_INIT_WEIGHTS: null
2025-12-22 14:14:16,148 MambaPro INFO:   MOE_NUM_EXPERTS: 3
2025-12-22 14:14:16,148 MambaPro INFO:   MOE_RESIDUAL_WEIGHT: 1.0
2025-12-22 14:14:16,148 MambaPro INFO:   MOE_SCALES:
2025-12-22 14:14:16,148 MambaPro INFO:   - 4
2025-12-22 14:14:16,148 MambaPro INFO:   - 8
2025-12-22 14:14:16,148 MambaPro INFO:   - 16
2025-12-22 14:14:16,148 MambaPro INFO:   MOE_SPARSITY_LOSS_WEIGHT: 0.001
2025-12-22 14:14:16,148 MambaPro INFO:   MOE_TEMPERATURE: 1.0
2025-12-22 14:14:16,148 MambaPro INFO:   MOE_TOP_K: 2
2025-12-22 14:14:16,148 MambaPro INFO:   MOE_TOP_K_MODE: soft
2025-12-22 14:14:16,149 MambaPro INFO:   MOE_USE_FIXED_WEIGHTS: false
2025-12-22 14:14:16,149 MambaPro INFO:   MOE_USE_TOP_K_ROUTING: false
2025-12-22 14:14:16,149 MambaPro INFO:   MULTI_SCALE_SCALES:
2025-12-22 14:14:16,149 MambaPro INFO:   - 4
2025-12-22 14:14:16,149 MambaPro INFO:   - 8
2025-12-22 14:14:16,149 MambaPro INFO:   - 16
2025-12-22 14:14:16,149 MambaPro INFO:   NAME: MambaPro
2025-12-22 14:14:16,149 MambaPro INFO:   NECK: bnneck
2025-12-22 14:14:16,149 MambaPro INFO:   NO_MARGIN: true
2025-12-22 14:14:16,149 MambaPro INFO:   PREFIX_NUM: 1
2025-12-22 14:14:16,149 MambaPro INFO:   PRETRAIN_PATH_T: AboutReid/pths/ViT-B-16.pt
2025-12-22 14:14:16,149 MambaPro INFO:   PROMPT: true
2025-12-22 14:14:16,149 MambaPro INFO:   SIE_CAMERA: true
2025-12-22 14:14:16,149 MambaPro INFO:   SIE_COE: 1.0
2025-12-22 14:14:16,149 MambaPro INFO:   SIE_VIEW: false
2025-12-22 14:14:16,149 MambaPro INFO:   STRIDE_SIZE:
2025-12-22 14:14:16,149 MambaPro INFO:   - 16
2025-12-22 14:14:16,149 MambaPro INFO:   - 16
2025-12-22 14:14:16,149 MambaPro INFO:   TRANSFORMER_TYPE: ViT-B-16
2025-12-22 14:14:16,149 MambaPro INFO:   TRIPLET_LOSS_WEIGHT: 1.0
2025-12-22 14:14:16,149 MambaPro INFO:   USE_ATTENTION_FUSION: false
2025-12-22 14:14:16,149 MambaPro INFO:   USE_CLIP_MULTI_SCALE: false
2025-12-22 14:14:16,149 MambaPro INFO:   USE_GATE_FUSION: false
2025-12-22 14:14:16,149 MambaPro INFO:   USE_MULTI_SCALE: false
2025-12-22 14:14:16,149 MambaPro INFO:   USE_MULTI_SCALE_MOE: false
2025-12-22 14:14:16,149 MambaPro INFO: OUTPUT_DIR: outputs/baseline/RGBNT100/run_20251222_141416
2025-12-22 14:14:16,149 MambaPro INFO: SOLVER:
2025-12-22 14:14:16,149 MambaPro INFO:   BASE_LR: 0.000175
2025-12-22 14:14:16,149 MambaPro INFO:   BIAS_LR_FACTOR: 2
2025-12-22 14:14:16,149 MambaPro INFO:   CENTER_LOSS_WEIGHT: 0.0005
2025-12-22 14:14:16,149 MambaPro INFO:   CENTER_LR: 0.5
2025-12-22 14:14:16,149 MambaPro INFO:   CHECKPOINT_PERIOD: 60
2025-12-22 14:14:16,149 MambaPro INFO:   CLUSTER_MARGIN: 0.3
2025-12-22 14:14:16,149 MambaPro INFO:   COSINE_MARGIN: 0.5
2025-12-22 14:14:16,149 MambaPro INFO:   COSINE_SCALE: 30
2025-12-22 14:14:16,149 MambaPro INFO:   EVAL_PERIOD: 1
2025-12-22 14:14:16,149 MambaPro INFO:   GAMMA: 0.1
2025-12-22 14:14:16,149 MambaPro INFO:   IMS_PER_BATCH: 64
2025-12-22 14:14:16,149 MambaPro INFO:   LARGE_FC_LR: false
2025-12-22 14:14:16,149 MambaPro INFO:   LOG_PERIOD: 10
2025-12-22 14:14:16,149 MambaPro INFO:   MARGIN: 0.3
2025-12-22 14:14:16,149 MambaPro INFO:   MAX_EPOCHS: 30
2025-12-22 14:14:16,149 MambaPro INFO:   MOE_BALANCE_LOSS_WEIGHT: 0.01
2025-12-22 14:14:16,149 MambaPro INFO:   MOE_BALANCE_LOSS_WEIGHT_END: 0.1
2025-12-22 14:14:16,149 MambaPro INFO:   MOE_BALANCE_LOSS_WEIGHT_START: 0.001
2025-12-22 14:14:16,149 MambaPro INFO:   MOE_BALANCE_THRESHOLD: 0.3
2025-12-22 14:14:16,149 MambaPro INFO:   MOE_DIVERSITY_LOSS_WEIGHT: 0.01
2025-12-22 14:14:16,149 MambaPro INFO:   MOE_DIVERSITY_LOSS_WEIGHT_END: 0.1
2025-12-22 14:14:16,149 MambaPro INFO:   MOE_DIVERSITY_LOSS_WEIGHT_START: 0.001
2025-12-22 14:14:16,149 MambaPro INFO:   MOE_GATE_LR_FACTOR: 0.01
2025-12-22 14:14:16,149 MambaPro INFO:   MOE_LOSS_WEIGHT_SCHEDULE_TYPE: cosine
2025-12-22 14:14:16,149 MambaPro INFO:   MOE_LOSS_WEIGHT_WARMUP_EPOCHS: 5
2025-12-22 14:14:16,149 MambaPro INFO:   MOE_SPARSITY_LOSS_WEIGHT: 0.001
2025-12-22 14:14:16,149 MambaPro INFO:   MOE_USE_DYNAMIC_LOSS_WEIGHT: false
2025-12-22 14:14:16,149 MambaPro INFO:   MOMENTUM: 0.9
2025-12-22 14:14:16,149 MambaPro INFO:   OPTIMIZER_NAME: Adam
2025-12-22 14:14:16,149 MambaPro INFO:   RANGE_ALPHA: 0
2025-12-22 14:14:16,149 MambaPro INFO:   RANGE_BETA: 1
2025-12-22 14:14:16,149 MambaPro INFO:   RANGE_K: 2
2025-12-22 14:14:16,149 MambaPro INFO:   RANGE_LOSS_WEIGHT: 1
2025-12-22 14:14:16,149 MambaPro INFO:   RANGE_MARGIN: 0.3
2025-12-22 14:14:16,149 MambaPro INFO:   SEED: 1111
2025-12-22 14:14:16,149 MambaPro INFO:   STEPS:
2025-12-22 14:14:16,149 MambaPro INFO:   - 40
2025-12-22 14:14:16,149 MambaPro INFO:   - 70
2025-12-22 14:14:16,149 MambaPro INFO:   WARMUP_FACTOR: 0.01
2025-12-22 14:14:16,149 MambaPro INFO:   WARMUP_ITERS: 5
2025-12-22 14:14:16,149 MambaPro INFO:   WARMUP_METHOD: linear
2025-12-22 14:14:16,149 MambaPro INFO:   WEIGHT_DECAY: 0.0001
2025-12-22 14:14:16,149 MambaPro INFO:   WEIGHT_DECAY_BIAS: 0.0001
2025-12-22 14:14:16,149 MambaPro INFO: TEST:
2025-12-22 14:14:16,149 MambaPro INFO:   FEAT: 0
2025-12-22 14:14:16,149 MambaPro INFO:   FEAT_NORM: 'yes'
2025-12-22 14:14:16,149 MambaPro INFO:   IMS_PER_BATCH: 64
2025-12-22 14:14:16,149 MambaPro INFO:   MISS: nothing
2025-12-22 14:14:16,149 MambaPro INFO:   NECK_FEAT: before
2025-12-22 14:14:16,149 MambaPro INFO:   RE_RANKING: 'no'
2025-12-22 14:14:16,149 MambaPro INFO:   WEIGHT: /home/zubuntu/workspace/MambaPro/MambaPro/pths/MambaProbest.pth
2025-12-22 14:14:16,149 MambaPro INFO: ================================================================================
2025-12-22 14:14:19,159 MambaPro.train INFO: start training
2025-12-22 14:15:48,516 MambaPro.train INFO: Epoch 1 done. Time per batch: 0.761[s] Speed: 84.1[samples/s]
2025-12-22 14:17:22,988 MambaPro.train INFO: Validation Results - Epoch: 1
2025-12-22 14:17:22,989 MambaPro.train INFO: Current mAP: 53.0%
2025-12-22 14:17:22,989 MambaPro.train INFO: CMC curve, Rank-1  :73.5%
2025-12-22 14:17:22,989 MambaPro.train INFO: CMC curve, Rank-5  :77.9%
2025-12-22 14:17:22,989 MambaPro.train INFO: CMC curve, Rank-10 :80.9%
2025-12-22 14:17:22,989 MambaPro.train INFO: 🎯 New Best! Saving model...
2025-12-22 14:17:23,309 MambaPro.train INFO: [Epoch 1] 指标集合列表（历史）
2025-12-22 14:17:23,309 MambaPro.train INFO: history_mAP:{53.0}
2025-12-22 14:17:23,309 MambaPro.train INFO: best_mAP:{53.0}
2025-12-22 14:17:23,309 MambaPro.train INFO: history_Rank-1:{73.5}
2025-12-22 14:17:23,309 MambaPro.train INFO: best_Rank-1:{73.5}
2025-12-22 14:17:23,309 MambaPro.train INFO: history_Rank-5:{77.9}
2025-12-22 14:17:23,309 MambaPro.train INFO: best_Rank-5:{77.9}
2025-12-22 14:17:23,309 MambaPro.train INFO: history_Rank-10:{80.9}
2025-12-22 14:17:23,309 MambaPro.train INFO: best_Rank-10:{80.9}
2025-12-22 14:17:23,309 MambaPro.train INFO: history_Experts:{[0.00 , 0.00 , 0.00]}
2025-12-22 14:18:51,544 MambaPro.train INFO: Epoch 2 done. Time per batch: 0.758[s] Speed: 84.4[samples/s]
2025-12-22 14:20:25,880 MambaPro.train INFO: Validation Results - Epoch: 2
2025-12-22 14:20:25,880 MambaPro.train INFO: Current mAP: 65.0%
2025-12-22 14:20:25,880 MambaPro.train INFO: CMC curve, Rank-1  :82.9%
2025-12-22 14:20:25,880 MambaPro.train INFO: CMC curve, Rank-5  :85.4%
2025-12-22 14:20:25,880 MambaPro.train INFO: CMC curve, Rank-10 :86.9%
2025-12-22 14:20:25,880 MambaPro.train INFO: 🎯 New Best! Saving model...
2025-12-22 14:20:26,354 MambaPro.train INFO: [Epoch 2] 指标集合列表（历史）
2025-12-22 14:20:26,355 MambaPro.train INFO: history_mAP:{53.0 , 65.0}
2025-12-22 14:20:26,355 MambaPro.train INFO: best_mAP:{65.0}
2025-12-22 14:20:26,355 MambaPro.train INFO: history_Rank-1:{73.5 , 82.9}
2025-12-22 14:20:26,355 MambaPro.train INFO: best_Rank-1:{82.9}
2025-12-22 14:20:26,355 MambaPro.train INFO: history_Rank-5:{77.9 , 85.4}
2025-12-22 14:20:26,355 MambaPro.train INFO: best_Rank-5:{85.4}
2025-12-22 14:20:26,355 MambaPro.train INFO: history_Rank-10:{80.9 , 86.9}
2025-12-22 14:20:26,355 MambaPro.train INFO: best_Rank-10:{86.9}
2025-12-22 14:20:26,355 MambaPro.train INFO: history_Experts:{[0.00 , 0.00 , 0.00] , [0.00 , 0.00 , 0.00]}
2025-12-22 14:21:54,689 MambaPro.train INFO: Epoch 3 done. Time per batch: 0.759[s] Speed: 84.3[samples/s]
2025-12-22 14:23:28,934 MambaPro.train INFO: Validation Results - Epoch: 3
2025-12-22 14:23:28,934 MambaPro.train INFO: Current mAP: 66.8%
2025-12-22 14:23:28,934 MambaPro.train INFO: CMC curve, Rank-1  :79.9%
2025-12-22 14:23:28,934 MambaPro.train INFO: CMC curve, Rank-5  :81.7%
2025-12-22 14:23:28,934 MambaPro.train INFO: CMC curve, Rank-10 :83.0%
2025-12-22 14:23:28,935 MambaPro.train INFO: 🎯 New Best! Saving model...
2025-12-22 14:23:29,410 MambaPro.train INFO: [Epoch 3] 指标集合列表（历史）
2025-12-22 14:23:29,410 MambaPro.train INFO: history_mAP:{53.0 , 65.0 , 66.8}
2025-12-22 14:23:29,410 MambaPro.train INFO: best_mAP:{66.8}
2025-12-22 14:23:29,410 MambaPro.train INFO: history_Rank-1:{73.5 , 82.9 , 79.9}
2025-12-22 14:23:29,410 MambaPro.train INFO: best_Rank-1:{82.9}
2025-12-22 14:23:29,410 MambaPro.train INFO: history_Rank-5:{77.9 , 85.4 , 81.7}
2025-12-22 14:23:29,410 MambaPro.train INFO: best_Rank-5:{85.4}
2025-12-22 14:23:29,410 MambaPro.train INFO: history_Rank-10:{80.9 , 86.9 , 83.0}
2025-12-22 14:23:29,410 MambaPro.train INFO: best_Rank-10:{86.9}
2025-12-22 14:23:29,410 MambaPro.train INFO: history_Experts:{[0.00 , 0.00 , 0.00] , [0.00 , 0.00 , 0.00] , [0.00 , 0.00 , 0.00]}
2025-12-22 14:24:57,890 MambaPro.train INFO: Epoch 4 done. Time per batch: 0.761[s] Speed: 84.2[samples/s]
2025-12-22 14:26:32,318 MambaPro.train INFO: Validation Results - Epoch: 4
2025-12-22 14:26:32,318 MambaPro.train INFO: Current mAP: 70.2%
2025-12-22 14:26:32,318 MambaPro.train INFO: CMC curve, Rank-1  :84.9%
2025-12-22 14:26:32,318 MambaPro.train INFO: CMC curve, Rank-5  :87.9%
2025-12-22 14:26:32,318 MambaPro.train INFO: CMC curve, Rank-10 :89.3%
2025-12-22 14:26:32,318 MambaPro.train INFO: 🎯 New Best! Saving model...
2025-12-22 14:26:32,791 MambaPro.train INFO: [Epoch 4] 指标集合列表（历史）
2025-12-22 14:26:32,791 MambaPro.train INFO: history_mAP:{53.0 , 65.0 , 66.8 , 70.2}
2025-12-22 14:26:32,791 MambaPro.train INFO: best_mAP:{70.2}
2025-12-22 14:26:32,791 MambaPro.train INFO: history_Rank-1:{73.5 , 82.9 , 79.9 , 84.9}
2025-12-22 14:26:32,791 MambaPro.train INFO: best_Rank-1:{84.9}
2025-12-22 14:26:32,791 MambaPro.train INFO: history_Rank-5:{77.9 , 85.4 , 81.7 , 87.9}
2025-12-22 14:26:32,791 MambaPro.train INFO: best_Rank-5:{87.9}
2025-12-22 14:26:32,791 MambaPro.train INFO: history_Rank-10:{80.9 , 86.9 , 83.0 , 89.3}
2025-12-22 14:26:32,791 MambaPro.train INFO: best_Rank-10:{89.3}
2025-12-22 14:26:32,791 MambaPro.train INFO: history_Experts:{[0.00 , 0.00 , 0.00] , [0.00 , 0.00 , 0.00] , [0.00 , 0.00 , 0.00] , [0.00 , 0.00 , 0.00]}
2025-12-22 14:27:59,620 MambaPro.train INFO: Epoch 5 done. Time per batch: 0.759[s] Speed: 84.3[samples/s]
2025-12-22 14:29:33,907 MambaPro.train INFO: Validation Results - Epoch: 5
2025-12-22 14:29:33,907 MambaPro.train INFO: Current mAP: 66.8%
2025-12-22 14:29:33,907 MambaPro.train INFO: CMC curve, Rank-1  :83.7%
2025-12-22 14:29:33,907 MambaPro.train INFO: CMC curve, Rank-5  :85.4%
2025-12-22 14:29:33,907 MambaPro.train INFO: CMC curve, Rank-10 :86.8%
2025-12-22 14:29:33,907 MambaPro.train INFO: [Epoch 5] 指标集合列表（历史）
2025-12-22 14:29:33,907 MambaPro.train INFO: history_mAP:{53.0 , 65.0 , 66.8 , 70.2 , 66.8}
2025-12-22 14:29:33,907 MambaPro.train INFO: best_mAP:{70.2}
2025-12-22 14:29:33,907 MambaPro.train INFO: history_Rank-1:{73.5 , 82.9 , 79.9 , 84.9 , 83.7}
2025-12-22 14:29:33,907 MambaPro.train INFO: best_Rank-1:{84.9}
2025-12-22 14:29:33,907 MambaPro.train INFO: history_Rank-5:{77.9 , 85.4 , 81.7 , 87.9 , 85.4}
2025-12-22 14:29:33,907 MambaPro.train INFO: best_Rank-5:{87.9}
2025-12-22 14:29:33,907 MambaPro.train INFO: history_Rank-10:{80.9 , 86.9 , 83.0 , 89.3 , 86.8}
2025-12-22 14:29:33,907 MambaPro.train INFO: best_Rank-10:{89.3}
2025-12-22 14:29:33,907 MambaPro.train INFO: history_Experts:{[0.00 , 0.00 , 0.00] , [0.00 , 0.00 , 0.00] , [0.00 , 0.00 , 0.00] , [0.00 , 0.00 , 0.00] , [0.00 , 0.00 , 0.00]}
2025-12-22 14:31:02,235 MambaPro.train INFO: Epoch 6 done. Time per batch: 0.759[s] Speed: 84.3[samples/s]
2025-12-22 14:32:36,422 MambaPro.train INFO: Validation Results - Epoch: 6
2025-12-22 14:32:36,422 MambaPro.train INFO: Current mAP: 68.5%
2025-12-22 14:32:36,422 MambaPro.train INFO: CMC curve, Rank-1  :86.6%
2025-12-22 14:32:36,422 MambaPro.train INFO: CMC curve, Rank-5  :88.2%
2025-12-22 14:32:36,422 MambaPro.train INFO: CMC curve, Rank-10 :89.3%
2025-12-22 14:32:36,422 MambaPro.train INFO: [Epoch 6] 指标集合列表（历史）
2025-12-22 14:32:36,422 MambaPro.train INFO: history_mAP:{53.0 , 65.0 , 66.8 , 70.2 , 66.8 , 68.5}
2025-12-22 14:32:36,422 MambaPro.train INFO: best_mAP:{70.2}
2025-12-22 14:32:36,422 MambaPro.train INFO: history_Rank-1:{73.5 , 82.9 , 79.9 , 84.9 , 83.7 , 86.6}
2025-12-22 14:32:36,422 MambaPro.train INFO: best_Rank-1:{84.9}
2025-12-22 14:32:36,422 MambaPro.train INFO: history_Rank-5:{77.9 , 85.4 , 81.7 , 87.9 , 85.4 , 88.2}
2025-12-22 14:32:36,422 MambaPro.train INFO: best_Rank-5:{87.9}
2025-12-22 14:32:36,422 MambaPro.train INFO: history_Rank-10:{80.9 , 86.9 , 83.0 , 89.3 , 86.8}
2025-12-22 14:32:36,422 MambaPro.train INFO: best_Rank-10:{89.3}
2025-12-22 14:32:36,422 MambaPro.train INFO: history_Experts:{[0.00 , 0.00 , 0.00] , [0.00 , 0.00 , 0.00] , [0.00 , 0.00 , 0.00] , [0.00 , 0.00 , 0.00] , [0.00 , 0.00 , 0.00] , [0.00 , 0.00 , 0.00]}
2025-12-22 14:34:05,569 MambaPro.train INFO: Epoch 7 done. Time per batch: 0.760[s] Speed: 84.2[samples/s]
2025-12-22 14:35:39,819 MambaPro.train INFO: Validation Results - Epoch: 7
2025-12-22 14:35:39,819 MambaPro.train INFO: Current mAP: 74.8%
2025-12-22 14:35:39,819 MambaPro.train INFO: CMC curve, Rank-1  :87.8%
2025-12-22 14:35:39,819 MambaPro.train INFO: CMC curve, Rank-5  :89.2%
2025-12-22 14:35:39,819 MambaPro.train INFO: CMC curve, Rank-10 :90.4%
2025-12-22 14:35:39,819 MambaPro.train INFO: 🎯 New Best! Saving model...
2025-12-22 14:35:40,276 MambaPro.train INFO: [Epoch 7] 指标集合列表（历史）
2025-12-22 14:35:40,276 MambaPro.train INFO: history_mAP:{53.0 , 65.0 , 66.8 , 70.2 , 66.8 , 68.5 , 74.8}
2025-12-22 14:35:40,276 MambaPro.train INFO: best_mAP:{74.8}
2025-12-22 14:35:40,276 MambaPro.train INFO: history_Rank-1:{73.5 , 82.9 , 79.9 , 84.9 , 83.7 , 86.6 , 87.8}
2025-12-22 14:35:40,276 MambaPro.train INFO: best_Rank-1:{87.8}
2025-12-22 14:35:40,276 MambaPro.train INFO: history_Rank-5:{77.9 , 85.4 , 81.7 , 87.9 , 85.4 , 88.2 , 89.2}
2025-12-22 14:35:40,276 MambaPro.train INFO: best_Rank-5:{89.2}
2025-12-22 14:35:40,276 MambaPro.train INFO: history_Rank-10:{80.9 , 86.9 , 83.0 , 89.3 , 86.8 , 90.4}
2025-12-22 14:35:40,276 MambaPro.train INFO: best_Rank-10:{90.4}
2025-12-22 14:35:40,276 MambaPro.train INFO: history_Experts:{[0.00 , 0.00 , 0.00] , [0.00 , 0.00 , 0.00] , [0.00 , 0.00 , 0.00] , [0.00 , 0.00 , 0.00] , [0.00 , 0.00 , 0.00] , [0.00 , 0.00 , 0.00] , [0.00 , 0.00 , 0.00]}
2025-12-22 14:37:09,234 MambaPro.train INFO: Epoch 8 done. Time per batch: 0.758[s] Speed: 84.4[samples/s]
2025-12-22 14:38:43,479 MambaPro.train INFO: Validation Results - Epoch: 8
2025-12-22 14:38:43,479 MambaPro.train INFO: Current mAP: 74.6%
2025-12-22 14:38:43,479 MambaPro.train INFO: CMC curve, Rank-1  :89.0%
2025-12-22 14:38:43,479 MambaPro.train INFO: CMC curve, Rank-5  :90.1%
2025-12-22 14:38:43,479 MambaPro.train INFO: CMC curve, Rank-10 :91.5%
2025-12-22 14:38:43,479 MambaPro.train INFO: [Epoch 8] 指标集合列表（历史）
2025-12-22 14:38:43,479 MambaPro.train INFO: history_mAP:{53.0 , 65.0 , 66.8 , 70.2 , 66.8 , 68.5 , 74.8 , 74.6}
2025-12-22 14:38:43,479 MambaPro.train INFO: best_mAP:{74.8}
2025-12-22 14:38:43,479 MambaPro.train INFO: history_Rank-1:{73.5 , 82.9 , 79.9 , 84.9 , 83.7 , 86.6 , 87.8 , 89.0}
2025-12-22 14:38:43,479 MambaPro.train INFO: best_Rank-1:{87.8}
2025-12-22 14:38:43,479 MambaPro.train INFO: history_Rank-5:{77.9 , 85.4 , 81.7 , 87.9 , 85.4 , 88.2 , 89.2 , 90.1}
2025-12-22 14:38:43,479 MambaPro.train INFO: best_Rank-5:{89.2}
2025-12-22 14:38:43,479 MambaPro.train INFO: history_Rank-10:{80.9 , 86.9 , 83.0 , 89.3 , 86.8 , 90.4 , 91.5}
2025-12-22 14:38:43,479 MambaPro.train INFO: best_Rank-10:{90.4}
2025-12-22 14:38:43,479 MambaPro.train INFO: history_Experts:{[0.00 , 0.00 , 0.00] , [0.00 , 0.00 , 0.00] , [0.00 , 0.00 , 0.00] , [0.00 , 0.00 , 0.00] , [0.00 , 0.00 , 0.00] , [0.00 , 0.00 , 0.00] , [0.00 , 0.00 , 0.00] , [0.00 , 0.00 , 0.00]}
2025-12-22 14:40:11,770 MambaPro.train INFO: Epoch 9 done. Time per batch: 0.759[s] Speed: 84.3[samples/s]
2025-12-22 14:41:46,017 MambaPro.train INFO: Validation Results - Epoch: 9
2025-12-22 14:41:46,017 MambaPro.train INFO: Current mAP: 74.6%
2025-12-22 14:41:46,017 MambaPro.train INFO: CMC curve, Rank-1  :86.2%
2025-12-22 14:41:46,017 MambaPro.train INFO: CMC curve, Rank-5  :88.3%
2025-12-22 14:41:46,017 MambaPro.train INFO: CMC curve, Rank-10 :89.7%
2025-12-22 14:41:46,017 MambaPro.train INFO: [Epoch 9] 指标集合列表（历史）
2025-12-22 14:41:46,017 MambaPro.train INFO: history_mAP:{53.0 , 65.0 , 66.8 , 70.2 , 66.8 , 68.5 , 74.8 , 74.6 , 74.6}
2025-12-22 14:41:46,017 MambaPro.train INFO: best_mAP:{74.8}
2025-12-22 14:41:46,017 MambaPro.train INFO: history_Rank-1:{73.5 , 82.9 , 79.9 , 84.9 , 83.7 , 86.6 , 87.8 , 89.0 , 86.2}
2025-12-22 14:41:46,017 MambaPro.train INFO: best_Rank-1:{87.8}
2025-12-22 14:41:46,017 MambaPro.train INFO: history_Rank-5:{77.9 , 85.4 , 81.7 , 87.9 , 85.4 , 88.2 , 89.2 , 90.1 , 88.3}
2025-12-22 14:41:46,017 MambaPro.train INFO: best_Rank-5:{89.2}
2025-12-22 14:41:46,017 MambaPro.train INFO: history_Rank-10:{80.9 , 86.9 , 83.0 , 89.3 , 86.8 , 90.4 , 91.5 , 89.7}
2025-12-22 14:41:46,017 MambaPro.train INFO: best_Rank-10:{90.4}
2025-12-22 14:41:46,017 MambaPro.train INFO: history_Experts:{[0.00 , 0.00 , 0.00] , [0.00 , 0.00 , 0.00] , [0.00 , 0.00 , 0.00] , [0.00 , 0.00 , 0.00] , [0.00 , 0.00 , 0.00] , [0.00 , 0.00 , 0.00] , [0.00 , 0.00 , 0.00] , [0.00 , 0.00 , 0.00] , [0.00 , 0.00 , 0.00]}
2025-12-22 14:43:14,298 MambaPro.train INFO: Epoch 10 done. Time per batch: 0.759[s] Speed: 84.3[samples/s]
2025-12-22 14:44:48,560 MambaPro.train INFO: Validation Results - Epoch: 10
2025-12-22 14:44:48,560 MambaPro.train INFO: Current mAP: 76.0%
2025-12-22 14:44:48,560 MambaPro.train INFO: CMC curve, Rank-1  :87.6%
2025-12-22 14:44:48,560 MambaPro.train INFO: CMC curve, Rank-5  :89.7%
2025-12-22 14:44:48,560 MambaPro.train INFO: CMC curve, Rank-10 :91.1%
2025-12-22 14:44:48,560 MambaPro.train INFO: 🎯 New Best! Saving model...
2025-12-22 14:44:49,037 MambaPro.train INFO: [Epoch 10] 指标集合列表（历史）
2025-12-22 14:44:49,038 MambaPro.train INFO: history_mAP:{53.0 , 65.0 , 66.8 , 70.2 , 66.8 , 68.5 , 74.8 , 74.6 , 74.6 , 76.0}
2025-12-22 14:44:49,038 MambaPro.train INFO: best_mAP:{76.0}
2025-12-22 14:44:49,038 MambaPro.train INFO: history_Rank-1:{73.5 , 82.9 , 79.9 , 84.9 , 83.7 , 86.6 , 87.8 , 89.0 , 86.2 , 87.6}
2025-12-22 14:44:49,038 MambaPro.train INFO: best_Rank-1:{87.8}
2025-12-22 14:44:49,038 MambaPro.train INFO: history_Rank-5:{77.9 , 85.4 , 81.7 , 87.9 , 85.4 , 88.2 , 89.2 , 90.1 , 88.3 , 89.7}
2025-12-22 14:44:49,038 MambaPro.train INFO: best_Rank-5:{89.7}
2025-12-22 14:44:49,038 MambaPro.train INFO: history_Rank-10:{80.9 , 86.9 , 83.0 , 89.3 , 86.8 , 90.4 , 91.5 , 89.7 , 91.1}
2025-12-22 14:44:49,038 MambaPro.train INFO: best_Rank-10:{91.1}
2025-12-22 14:44:49,038 MambaPro.train INFO: history_Experts:{[0.00 , 0.00 , 0.00] , [0.00 , 0.00 , 0.00] , [0.00 , 0.00 , 0.00] , [0.00 , 0.00 , 0.00] , [0.00 , 0.00 , 0.00] , [0.00 , 0.00 , 0.00] , [0.00 , 0.00 , 0.00] , [0.00 , 0.00 , 0.00] , [0.00 , 0.00 , 0.00] , [0.00 , 0.00 , 0.00]}
2025-12-22 14:46:16,543 MambaPro.train INFO: Epoch 11 done. Time per batch: 0.759[s] Speed: 84.4[samples/s]
2025-12-22 14:47:50,758 MambaPro.train INFO: Validation Results - Epoch: 11
2025-12-22 14:47:50,758 MambaPro.train INFO: Current mAP: 75.8%
2025-12-22 14:47:50,758 MambaPro.train INFO: CMC curve, Rank-1  :89.5%
2025-12-22 14:47:50,758 MambaPro.train INFO: CMC curve, Rank-5  :91.1%
2025-12-22 14:47:50,758 MambaPro.train INFO: CMC curve, Rank-10 :92.0%
2025-12-22 14:47:50,758 MambaPro.train INFO: [Epoch 11] 指标集合列表（历史）
2025-12-22 14:47:50,758 MambaPro.train INFO: history_mAP:{53.0 , 65.0 , 66.8 , 70.2 , 66.8 , 68.5 , 74.8 , 74.6 , 74.6 , 76.0 , 75.8}
2025-12-22 14:47:50,758 MambaPro.train INFO: best_mAP:{76.0}
2025-12-22 14:47:50,758 MambaPro.train INFO: history_Rank-1:{73.5 , 82.9 , 79.9 , 84.9 , 83.7 , 86.6 , 87.8 , 89.0 , 86.2 , 87.6 , 89.5}
2025-12-22 14:47:50,758 MambaPro.train INFO: best_Rank-1:{87.8}
2025-12-22 14:47:50,758 MambaPro.train INFO: history_Rank-5:{77.9 , 85.4 , 81.7 , 87.9 , 85.4 , 88.2 , 89.2 , 90.1 , 88.3 , 89.7 , 91.1}
2025-12-22 14:47:50,758 MambaPro.train INFO: best_Rank-5:{89.7}
2025-12-22 14:47:50,758 MambaPro.train INFO: history_Rank-10:{80.9 , 86.9 , 83.0 , 89.3 , 86.8 , 90.4 , 91.5 , 89.7 , 91.1 , 92.0}
2025-12-22 14:47:50,758 MambaPro.train INFO: best_Rank-10:{91.1}
2025-12-22 14:47:50,758 MambaPro.train INFO: history_Experts:{[0.00 , 0.00 , 0.00] , [0.00 , 0.00 , 0.00] , [0.00 , 0.00 , 0.00] , [0.00 , 0.00 , 0.00] , [0.00 , 0.00 , 0.00] , [0.00 , 0.00 , 0.00] , [0.00 , 0.00 , 0.00] , [0.00 , 0.00 , 0.00] , [0.00 , 0.00 , 0.00] , [0.00 , 0.00 , 0.00] , [0.00 , 0.00 , 0.00]}
2025-12-22 14:49:19,749 MambaPro.train INFO: Epoch 12 done. Time per batch: 0.758[s] Speed: 84.4[samples/s]
2025-12-22 14:50:53,976 MambaPro.train INFO: Validation Results - Epoch: 12
2025-12-22 14:50:53,976 MambaPro.train INFO: Current mAP: 75.1%
2025-12-22 14:50:53,976 MambaPro.train INFO: CMC curve, Rank-1  :89.2%
2025-12-22 14:50:53,976 MambaPro.train INFO: CMC curve, Rank-5  :91.0%
2025-12-22 14:50:53,976 MambaPro.train INFO: CMC curve, Rank-10 :92.0%
2025-12-22 14:50:53,976 MambaPro.train INFO: [Epoch 12] 指标集合列表（历史）
2025-12-22 14:50:53,976 MambaPro.train INFO: history_mAP:{53.0 , 65.0 , 66.8 , 70.2 , 66.8 , 68.5 , 74.8 , 74.6 , 74.6 , 76.0 , 75.8 , 75.1}
2025-12-22 14:50:53,976 MambaPro.train INFO: best_mAP:{76.0}
2025-12-22 14:50:53,976 MambaPro.train INFO: history_Rank-1:{73.5 , 82.9 , 79.9 , 84.9 , 83.7 , 86.6 , 87.8 , 89.0 , 86.2 , 87.6 , 89.5 , 89.2}
2025-12-22 14:50:53,976 MambaPro.train INFO: best_Rank-1:{87.8}
2025-12-22 14:50:53,976 MambaPro.train INFO: history_Rank-5:{77.9 , 85.4 , 81.7 , 87.9 , 85.4 , 88.2 , 89.2 , 90.1 , 88.3 , 89.7 , 91.1 , 91.0}
2025-12-22 14:50:53,976 MambaPro.train INFO: best_Rank-5:{89.7}
2025-12-22 14:50:53,976 MambaPro.train INFO: history_Rank-10:{80.9 , 86.9 , 83.0 , 89.3 , 86.8 , 90.4 , 91.5 , 89.7 , 91.1 , 92.0 , 92.0}
2025-12-22 14:50:53,976 MambaPro.train INFO: best_Rank-10:{91.1}
2025-12-22 14:50:53,976 MambaPro.train INFO: history_Experts:{[0.00 , 0.00 , 0.00] , [0.00 , 0.00 , 0.00] , [0.00 , 0.00 , 0.00] , [0.00 , 0.00 , 0.00] , [0.00 , 0.00 , 0.00] , [0.00 , 0.00 , 0.00] , [0.00 , 0.00 , 0.00] , [0.00 , 0.00 , 0.00] , [0.00 , 0.00 , 0.00] , [0.00 , 0.00 , 0.00] , [0.00 , 0.00 , 0.00] , [0.00 , 0.00 , 0.00]}
2025-12-22 14:52:22,185 MambaPro.train INFO: Epoch 13 done. Time per batch: 0.758[s] Speed: 84.4[samples/s]
2025-12-22 14:53:56,571 MambaPro.train INFO: Validation Results - Epoch: 13
2025-12-22 14:53:56,571 MambaPro.train INFO: Current mAP: 74.5%
2025-12-22 14:53:56,571 MambaPro.train INFO: CMC curve, Rank-1  :88.0%
2025-12-22 14:53:56,571 MambaPro.train INFO: CMC curve, Rank-5  :89.7%
2025-12-22 14:53:56,571 MambaPro.train INFO: CMC curve, Rank-10 :90.7%
2025-12-22 14:53:56,571 MambaPro.train INFO: [Epoch 13] 指标集合列表（历史）
2025-12-22 14:53:56,571 MambaPro.train INFO: history_mAP:{53.0 , 65.0 , 66.8 , 70.2 , 66.8 , 68.5 , 74.8 , 74.6 , 74.6 , 76.0 , 75.8 , 75.1 , 74.5}
2025-12-22 14:53:56,571 MambaPro.train INFO: best_mAP:{76.0}
2025-12-22 14:53:56,571 MambaPro.train INFO: history_Rank-1:{73.5 , 82.9 , 79.9 , 84.9 , 83.7 , 86.6 , 87.8 , 89.0 , 86.2 , 87.6 , 89.5 , 89.2 , 88.0}
2025-12-22 14:53:56,571 MambaPro.train INFO: best_Rank-1:{87.8}
2025-12-22 14:53:56,571 MambaPro.train INFO: history_Rank-5:{77.9 , 85.4 , 81.7 , 87.9 , 85.4 , 88.2 , 89.2 , 90.1 , 88.3 , 89.7 , 91.1 , 91.0}
2025-12-22 14:53:56,571 MambaPro.train INFO: best_Rank-5:{89.7}
2025-12-22 14:53:56,571 MambaPro.train INFO: history_Rank-10:{80.9 , 86.9 , 83.0 , 89.3 , 86.8 , 90.4 , 91.5 , 89.7 , 91.1 , 92.0 , 92.0 , 90.7}
2025-12-22 14:53:56,571 MambaPro.train INFO: best_Rank-10:{91.1}
2025-12-22 14:53:56,571 MambaPro.train INFO: history_Experts:{[0.00 , 0.00 , 0.00] , [0.00 , 0.00 , 0.00] , [0.00 , 0.00 , 0.00] , [0.00 , 0.00 , 0.00] , [0.00 , 0.00 , 0.00] , [0.00 , 0.00 , 0.00] , [0.00 , 0.00 , 0.00] , [0.00 , 0.00 , 0.00] , [0.00 , 0.00 , 0.00] , [0.00 , 0.00 , 0.00] , [0.00 , 0.00 , 0.00] , [0.00 , 0.00 , 0.00] , [0.00 , 0.00 , 0.00]}
2025-12-22 14:55:24,934 MambaPro.train INFO: Epoch 14 done. Time per batch: 0.760[s] Speed: 84.3[samples/s]
2025-12-22 14:56:59,282 MambaPro.train INFO: Validation Results - Epoch: 14
2025-12-22 14:56:59,282 MambaPro.train INFO: Current mAP: 76.0%
2025-12-22 14:56:59,282 MambaPro.train INFO: CMC curve, Rank-1  :88.8%
2025-12-22 14:56:59,282 MambaPro.train INFO: CMC curve, Rank-5  :89.9%
2025-12-22 14:56:59,282 MambaPro.train INFO: CMC curve, Rank-10 :90.7%
2025-12-22 14:56:59,283 MambaPro.train INFO: 🎯 New Best! Saving model...
2025-12-22 14:56:59,749 MambaPro.train INFO: [Epoch 14] 指标集合列表（历史）
2025-12-22 14:56:59,749 MambaPro.train INFO: history_mAP:{53.0 , 65.0 , 66.8 , 70.2 , 66.8 , 68.5 , 74.8 , 74.6 , 74.6 , 76.0 , 75.8 , 75.1 , 74.5 , 76.0}
2025-12-22 14:56:59,749 MambaPro.train INFO: best_mAP:{76.0}
2025-12-22 14:56:59,749 MambaPro.train INFO: history_Rank-1:{73.5 , 82.9 , 79.9 , 84.9 , 83.7 , 86.6 , 87.8 , 89.0 , 86.2 , 87.6 , 89.5 , 89.2 , 88.0 , 88.8}
2025-12-22 14:56:59,749 MambaPro.train INFO: best_Rank-1:{88.8}
2025-12-22 14:56:59,749 MambaPro.train INFO: history_Rank-5:{77.9 , 85.4 , 81.7 , 87.9 , 85.4 , 88.2 , 89.2 , 90.1 , 88.3 , 89.7 , 91.1 , 91.0 , 89.9}
2025-12-22 14:56:59,749 MambaPro.train INFO: best_Rank-5:{89.9}
2025-12-22 14:56:59,749 MambaPro.train INFO: history_Rank-10:{80.9 , 86.9 , 83.0 , 89.3 , 86.8 , 90.4 , 91.5 , 89.7 , 91.1 , 92.0 , 92.0 , 90.7}
2025-12-22 14:56:59,749 MambaPro.train INFO: best_Rank-10:{91.1}
2025-12-22 14:56:59,749 MambaPro.train INFO: history_Experts:{[0.00 , 0.00 , 0.00] , [0.00 , 0.00 , 0.00] , [0.00 , 0.00 , 0.00] , [0.00 , 0.00 , 0.00] , [0.00 , 0.00 , 0.00] , [0.00 , 0.00 , 0.00] , [0.00 , 0.00 , 0.00] , [0.00 , 0.00 , 0.00] , [0.00 , 0.00 , 0.00] , [0.00 , 0.00 , 0.00] , [0.00 , 0.00 , 0.00] , [0.00 , 0.00 , 0.00] , [0.00 , 0.00 , 0.00] , [0.00 , 0.00 , 0.00]}
2025-12-22 14:58:27,996 MambaPro.train INFO: Epoch 15 done. Time per batch: 0.759[s] Speed: 84.4[samples/s]
2025-12-22 15:00:02,300 MambaPro.train INFO: Validation Results - Epoch: 15
2025-12-22 15:00:02,301 MambaPro.train INFO: Current mAP: 76.1%
2025-12-22 15:00:02,301 MambaPro.train INFO: CMC curve, Rank-1  :89.1%
2025-12-22 15:00:02,301 MambaPro.train INFO: CMC curve, Rank-5  :90.3%
2025-12-22 15:00:02,301 MambaPro.train INFO: CMC curve, Rank-10 :91.4%
2025-12-22 15:00:02,301 MambaPro.train INFO: 🎯 New Best! Saving model...
2025-12-22 15:00:02,757 MambaPro.train INFO: [Epoch 15] 指标集合列表（历史）
2025-12-22 15:00:02,758 MambaPro.train INFO: history_mAP:{53.0 , 65.0 , 66.8 , 70.2 , 66.8 , 68.5 , 74.8 , 74.6 , 74.6 , 76.0 , 75.8 , 75.1 , 74.5 , 76.0 , 76.1}
2025-12-22 15:00:02,758 MambaPro.train INFO: best_mAP:{76.1}
2025-12-22 15:00:02,758 MambaPro.train INFO: history_Rank-1:{73.5 , 82.9 , 79.9 , 84.9 , 83.7 , 86.6 , 87.8 , 89.0 , 86.2 , 87.6 , 89.5 , 89.2 , 88.0 , 88.8 , 89.1}
2025-12-22 15:00:02,758 MambaPro.train INFO: best_Rank-1:{89.1}
2025-12-22 15:00:02,758 MambaPro.train INFO: history_Rank-5:{77.9 , 85.4 , 81.7 , 87.9 , 85.4 , 88.2 , 89.2 , 90.1 , 88.3 , 89.7 , 91.1 , 91.0 , 89.9 , 90.3}
2025-12-22 15:00:02,758 MambaPro.train INFO: best_Rank-5:{90.3}
2025-12-22 15:00:02,758 MambaPro.train INFO: history_Rank-10:{80.9 , 86.9 , 83.0 , 89.3 , 86.8 , 90.4 , 91.5 , 89.7 , 91.1 , 92.0 , 92.0 , 90.7 , 91.4}
2025-12-22 15:00:02,758 MambaPro.train INFO: best_Rank-10:{91.4}
2025-12-22 15:00:02,758 MambaPro.train INFO: history_Experts:{[0.00 , 0.00 , 0.00] , [0.00 , 0.00 , 0.00] , [0.00 , 0.00 , 0.00] , [0.00 , 0.00 , 0.00] , [0.00 , 0.00 , 0.00] , [0.00 , 0.00 , 0.00] , [0.00 , 0.00 , 0.00] , [0.00 , 0.00 , 0.00] , [0.00 , 0.00 , 0.00] , [0.00 , 0.00 , 0.00] , [0.00 , 0.00 , 0.00] , [0.00 , 0.00 , 0.00] , [0.00 , 0.00 , 0.00] , [0.00 , 0.00 , 0.00] , [0.00 , 0.00 , 0.00]}
2025-12-22 15:01:31,729 MambaPro.train INFO: Epoch 16 done. Time per batch: 0.758[s] Speed: 84.4[samples/s]
2025-12-22 15:03:05,920 MambaPro.train INFO: Validation Results - Epoch: 16
2025-12-22 15:03:05,920 MambaPro.train INFO: Current mAP: 76.8%
2025-12-22 15:03:05,920 MambaPro.train INFO: CMC curve, Rank-1  :89.6%
2025-12-22 15:03:05,920 MambaPro.train INFO: CMC curve, Rank-5  :91.7%
2025-12-22 15:03:05,920 MambaPro.train INFO: CMC curve, Rank-10 :92.7%
2025-12-22 15:03:05,920 MambaPro.train INFO: 🎯 New Best! Saving model...
2025-12-22 15:03:06,402 MambaPro.train INFO: [Epoch 16] 指标集合列表（历史）
2025-12-22 15:03:06,402 MambaPro.train INFO: history_mAP:{53.0 , 65.0 , 66.8 , 70.2 , 66.8 , 68.5 , 74.8 , 74.6 , 74.6 , 76.0 , 75.8 , 75.1 , 74.5 , 76.0 , 76.1 , 76.8}
2025-12-22 15:03:06,402 MambaPro.train INFO: best_mAP:{76.8}
2025-12-22 15:03:06,402 MambaPro.train INFO: history_Rank-1:{73.5 , 82.9 , 79.9 , 84.9 , 83.7 , 86.6 , 87.8 , 89.0 , 86.2 , 87.6 , 89.5 , 89.2 , 88.0 , 88.8 , 89.1 , 89.6}
2025-12-22 15:03:06,402 MambaPro.train INFO: best_Rank-1:{89.6}
2025-12-22 15:03:06,402 MambaPro.train INFO: history_Rank-5:{77.9 , 85.4 , 81.7 , 87.9 , 85.4 , 88.2 , 89.2 , 90.1 , 88.3 , 89.7 , 91.1 , 91.0 , 89.9 , 90.3 , 91.7}
2025-12-22 15:03:06,402 MambaPro.train INFO: best_Rank-5:{91.7}
2025-12-22 15:03:06,402 MambaPro.train INFO: history_Rank-10:{80.9 , 86.9 , 83.0 , 89.3 , 86.8 , 90.4 , 91.5 , 89.7 , 91.1 , 92.0 , 92.0 , 90.7 , 91.4 , 92.7}
2025-12-22 15:03:06,402 MambaPro.train INFO: best_Rank-10:{92.7}
2025-12-22 15:03:06,402 MambaPro.train INFO: history_Experts:{[0.00 , 0.00 , 0.00] , [0.00 , 0.00 , 0.00] , [0.00 , 0.00 , 0.00] , [0.00 , 0.00 , 0.00] , [0.00 , 0.00 , 0.00] , [0.00 , 0.00 , 0.00] , [0.00 , 0.00 , 0.00] , [0.00 , 0.00 , 0.00] , [0.00 , 0.00 , 0.00] , [0.00 , 0.00 , 0.00] , [0.00 , 0.00 , 0.00] , [0.00 , 0.00 , 0.00] , [0.00 , 0.00 , 0.00] , [0.00 , 0.00 , 0.00] , [0.00 , 0.00 , 0.00] , [0.00 , 0.00 , 0.00]}
2025-12-22 15:04:34,631 MambaPro.train INFO: Epoch 17 done. Time per batch: 0.758[s] Speed: 84.4[samples/s]
2025-12-22 15:06:08,824 MambaPro.train INFO: Validation Results - Epoch: 17
2025-12-22 15:06:08,824 MambaPro.train INFO: Current mAP: 76.5%
2025-12-22 15:06:08,824 MambaPro.train INFO: CMC curve, Rank-1  :88.7%
2025-12-22 15:06:08,824 MambaPro.train INFO: CMC curve, Rank-5  :90.6%
2025-12-22 15:06:08,824 MambaPro.train INFO: CMC curve, Rank-10 :91.5%
2025-12-22 15:06:08,824 MambaPro.train INFO: [Epoch 17] 指标集合列表（历史）
2025-12-22 15:06:08,824 MambaPro.train INFO: history_mAP:{53.0 , 65.0 , 66.8 , 70.2 , 66.8 , 68.5 , 74.8 , 74.6 , 74.6 , 76.0 , 75.8 , 75.1 , 74.5 , 76.0 , 76.1 , 76.8 , 76.5}
2025-12-22 15:06:08,824 MambaPro.train INFO: best_mAP:{76.8}
2025-12-22 15:06:08,824 MambaPro.train INFO: history_Rank-1:{73.5 , 82.9 , 79.9 , 84.9 , 83.7 , 86.6 , 87.8 , 89.0 , 86.2 , 87.6 , 89.5 , 89.2 , 88.0 , 88.8 , 89.1 , 89.6 , 88.7}
2025-12-22 15:06:08,824 MambaPro.train INFO: best_Rank-1:{89.6}
2025-12-22 15:06:08,824 MambaPro.train INFO: history_Rank-5:{77.9 , 85.4 , 81.7 , 87.9 , 85.4 , 88.2 , 89.2 , 90.1 , 88.3 , 89.7 , 91.1 , 91.0 , 89.9 , 90.3 , 91.7 , 90.6}
2025-12-22 15:06:08,824 MambaPro.train INFO: best_Rank-5:{91.7}
2025-12-22 15:06:08,824 MambaPro.train INFO: history_Rank-10:{80.9 , 86.9 , 83.0 , 89.3 , 86.8 , 90.4 , 91.5 , 89.7 , 91.1 , 92.0 , 92.0 , 90.7 , 91.4 , 92.7 , 91.5}
2025-12-22 15:06:08,824 MambaPro.train INFO: best_Rank-10:{92.7}
2025-12-22 15:06:08,824 MambaPro.train INFO: history_Experts:{[0.00 , 0.00 , 0.00] , [0.00 , 0.00 , 0.00] , [0.00 , 0.00 , 0.00] , [0.00 , 0.00 , 0.00] , [0.00 , 0.00 , 0.00] , [0.00 , 0.00 , 0.00] , [0.00 , 0.00 , 0.00] , [0.00 , 0.00 , 0.00] , [0.00 , 0.00 , 0.00] , [0.00 , 0.00 , 0.00] , [0.00 , 0.00 , 0.00] , [0.00 , 0.00 , 0.00] , [0.00 , 0.00 , 0.00] , [0.00 , 0.00 , 0.00] , [0.00 , 0.00 , 0.00] , [0.00 , 0.00 , 0.00] , [0.00 , 0.00 , 0.00]}
2025-12-22 15:07:36,302 MambaPro.train INFO: Epoch 18 done. Time per batch: 0.758[s] Speed: 84.4[samples/s]
2025-12-22 15:09:10,480 MambaPro.train INFO: Validation Results - Epoch: 18
2025-12-22 15:09:10,480 MambaPro.train INFO: Current mAP: 76.7%
2025-12-22 15:09:10,480 MambaPro.train INFO: CMC curve, Rank-1  :89.7%
2025-12-22 15:09:10,480 MambaPro.train INFO: CMC curve, Rank-5  :91.0%
2025-12-22 15:09:10,480 MambaPro.train INFO: CMC curve, Rank-10 :91.9%
2025-12-22 15:09:10,480 MambaPro.train INFO: [Epoch 18] 指标集合列表（历史）
2025-12-22 15:09:10,480 MambaPro.train INFO: history_mAP:{53.0 , 65.0 , 66.8 , 70.2 , 66.8 , 68.5 , 74.8 , 74.6 , 74.6 , 76.0 , 75.8 , 75.1 , 74.5 , 76.0 , 76.1 , 76.8 , 76.5 , 76.7}
2025-12-22 15:09:10,480 MambaPro.train INFO: best_mAP:{76.8}
2025-12-22 15:09:10,480 MambaPro.train INFO: history_Rank-1:{73.5 , 82.9 , 79.9 , 84.9 , 83.7 , 86.6 , 87.8 , 89.0 , 86.2 , 87.6 , 89.5 , 89.2 , 88.0 , 88.8 , 89.1 , 89.6 , 88.7 , 89.7}
2025-12-22 15:09:10,480 MambaPro.train INFO: best_Rank-1:{89.6}
2025-12-22 15:09:10,480 MambaPro.train INFO: history_Rank-5:{77.9 , 85.4 , 81.7 , 87.9 , 85.4 , 88.2 , 89.2 , 90.1 , 88.3 , 89.7 , 91.1 , 91.0 , 89.9 , 90.3 , 91.7 , 90.6 , 91.0}
2025-12-22 15:09:10,480 MambaPro.train INFO: best_Rank-5:{91.7}
2025-12-22 15:09:10,480 MambaPro.train INFO: history_Rank-10:{80.9 , 86.9 , 83.0 , 89.3 , 86.8 , 90.4 , 91.5 , 89.7 , 91.1 , 92.0 , 92.0 , 90.7 , 91.4 , 92.7 , 91.5 , 91.9}
2025-12-22 15:09:10,480 MambaPro.train INFO: best_Rank-10:{92.7}
2025-12-22 15:09:10,480 MambaPro.train INFO: history_Experts:{[0.00 , 0.00 , 0.00] , [0.00 , 0.00 , 0.00] , [0.00 , 0.00 , 0.00] , [0.00 , 0.00 , 0.00] , [0.00 , 0.00 , 0.00] , [0.00 , 0.00 , 0.00] , [0.00 , 0.00 , 0.00] , [0.00 , 0.00 , 0.00] , [0.00 , 0.00 , 0.00] , [0.00 , 0.00 , 0.00] , [0.00 , 0.00 , 0.00] , [0.00 , 0.00 , 0.00] , [0.00 , 0.00 , 0.00] , [0.00 , 0.00 , 0.00] , [0.00 , 0.00 , 0.00] , [0.00 , 0.00 , 0.00] , [0.00 , 0.00 , 0.00] , [0.00 , 0.00 , 0.00]}
2025-12-22 15:10:39,664 MambaPro.train INFO: Epoch 19 done. Time per batch: 0.760[s] Speed: 84.2[samples/s]
2025-12-22 15:12:13,887 MambaPro.train INFO: Validation Results - Epoch: 19
2025-12-22 15:12:13,887 MambaPro.train INFO: Current mAP: 76.9%
2025-12-22 15:12:13,887 MambaPro.train INFO: CMC curve, Rank-1  :89.8%
2025-12-22 15:12:13,887 MambaPro.train INFO: CMC curve, Rank-5  :91.1%
2025-12-22 15:12:13,887 MambaPro.train INFO: CMC curve, Rank-10 :92.2%
2025-12-22 15:12:13,887 MambaPro.train INFO: 🎯 New Best! Saving model...
2025-12-22 15:12:14,344 MambaPro.train INFO: [Epoch 19] 指标集合列表（历史）
2025-12-22 15:12:14,344 MambaPro.train INFO: history_mAP:{53.0 , 65.0 , 66.8 , 70.2 , 66.8 , 68.5 , 74.8 , 74.6 , 74.6 , 76.0 , 75.8 , 75.1 , 74.5 , 76.0 , 76.1 , 76.8 , 76.5 , 76.7 , 76.9}
2025-12-22 15:12:14,344 MambaPro.train INFO: best_mAP:{76.9}
2025-12-22 15:12:14,344 MambaPro.train INFO: history_Rank-1:{73.5 , 82.9 , 79.9 , 84.9 , 83.7 , 86.6 , 87.8 , 89.0 , 86.2 , 87.6 , 89.5 , 89.2 , 88.0 , 88.8 , 89.1 , 89.6 , 88.7 , 89.7 , 89.8}
2025-12-22 15:12:14,344 MambaPro.train INFO: best_Rank-1:{89.8}
2025-12-22 15:12:14,344 MambaPro.train INFO: history_Rank-5:{77.9 , 85.4 , 81.7 , 87.9 , 85.4 , 88.2 , 89.2 , 90.1 , 88.3 , 89.7 , 91.1 , 91.0 , 89.9 , 90.3 , 91.7 , 90.6 , 91.0}
2025-12-22 15:12:14,344 MambaPro.train INFO: best_Rank-5:{91.7}
2025-12-22 15:12:14,344 MambaPro.train INFO: history_Rank-10:{80.9 , 86.9 , 83.0 , 89.3 , 86.8 , 90.4 , 91.5 , 89.7 , 91.1 , 92.0 , 92.0 , 90.7 , 91.4 , 92.7 , 91.5 , 91.9 , 92.2}
2025-12-22 15:12:14,344 MambaPro.train INFO: best_Rank-10:{92.7}
2025-12-22 15:12:14,344 MambaPro.train INFO: history_Experts:{[0.00 , 0.00 , 0.00] , [0.00 , 0.00 , 0.00] , [0.00 , 0.00 , 0.00] , [0.00 , 0.00 , 0.00] , [0.00 , 0.00 , 0.00] , [0.00 , 0.00 , 0.00] , [0.00 , 0.00 , 0.00] , [0.00 , 0.00 , 0.00] , [0.00 , 0.00 , 0.00] , [0.00 , 0.00 , 0.00] , [0.00 , 0.00 , 0.00] , [0.00 , 0.00 , 0.00] , [0.00 , 0.00 , 0.00] , [0.00 , 0.00 , 0.00] , [0.00 , 0.00 , 0.00] , [0.00 , 0.00 , 0.00] , [0.00 , 0.00 , 0.00] , [0.00 , 0.00 , 0.00] , [0.00 , 0.00 , 0.00]}
2025-12-22 15:13:42,559 MambaPro.train INFO: Epoch 20 done. Time per batch: 0.758[s] Speed: 84.4[samples/s]
2025-12-22 15:15:16,782 MambaPro.train INFO: Validation Results - Epoch: 20
2025-12-22 15:15:16,782 MambaPro.train INFO: Current mAP: 77.3%
2025-12-22 15:15:16,782 MambaPro.train INFO: CMC curve, Rank-1  :90.4%
2025-12-22 15:15:16,782 MambaPro.train INFO: CMC curve, Rank-5  :91.3%
2025-12-22 15:15:16,782 MambaPro.train INFO: CMC curve, Rank-10 :92.5%
2025-12-22 15:15:16,782 MambaPro.train INFO: 🎯 New Best! Saving model...
2025-12-22 15:15:17,243 MambaPro.train INFO: [Epoch 20] 指标集合列表（历史）
2025-12-22 15:15:17,243 MambaPro.train INFO: history_mAP:{53.0 , 65.0 , 66.8 , 70.2 , 66.8 , 68.5 , 74.8 , 74.6 , 74.6 , 76.0 , 75.8 , 75.1 , 74.5 , 76.0 , 76.1 , 76.8 , 76.5 , 76.7 , 76.9 , 77.3}
2025-12-22 15:15:17,243 MambaPro.train INFO: best_mAP:{77.3}
2025-12-22 15:15:17,243 MambaPro.train INFO: history_Rank-1:{73.5 , 82.9 , 79.9 , 84.9 , 83.7 , 86.6 , 87.8 , 89.0 , 86.2 , 87.6 , 89.5 , 89.2 , 88.0 , 88.8 , 89.1 , 89.6 , 88.7 , 89.7 , 89.8 , 90.4}
2025-12-22 15:15:17,243 MambaPro.train INFO: best_Rank-1:{90.4}
2025-12-22 15:15:17,244 MambaPro.train INFO: history_Rank-5:{77.9 , 85.4 , 81.7 , 87.9 , 85.4 , 88.2 , 89.2 , 90.1 , 88.3 , 89.7 , 91.1 , 91.0 , 89.9 , 90.3 , 91.7 , 90.6 , 91.0 , 91.3}
2025-12-22 15:15:17,244 MambaPro.train INFO: best_Rank-5:{91.7}
2025-12-22 15:15:17,244 MambaPro.train INFO: history_Rank-10:{80.9 , 86.9 , 83.0 , 89.3 , 86.8 , 90.4 , 91.5 , 89.7 , 91.1 , 92.0 , 92.0 , 90.7 , 91.4 , 92.7 , 91.5 , 91.9 , 92.2 , 92.5}
2025-12-22 15:15:17,244 MambaPro.train INFO: best_Rank-10:{92.7}
2025-12-22 15:15:17,244 MambaPro.train INFO: history_Experts:{[0.00 , 0.00 , 0.00] , [0.00 , 0.00 , 0.00] , [0.00 , 0.00 , 0.00] , [0.00 , 0.00 , 0.00] , [0.00 , 0.00 , 0.00] , [0.00 , 0.00 , 0.00] , [0.00 , 0.00 , 0.00] , [0.00 , 0.00 , 0.00] , [0.00 , 0.00 , 0.00] , [0.00 , 0.00 , 0.00] , [0.00 , 0.00 , 0.00] , [0.00 , 0.00 , 0.00] , [0.00 , 0.00 , 0.00] , [0.00 , 0.00 , 0.00] , [0.00 , 0.00 , 0.00] , [0.00 , 0.00 , 0.00] , [0.00 , 0.00 , 0.00] , [0.00 , 0.00 , 0.00] , [0.00 , 0.00 , 0.00] , [0.00 , 0.00 , 0.00]}
2025-12-22 15:16:45,491 MambaPro.train INFO: Epoch 21 done. Time per batch: 0.759[s] Speed: 84.4[samples/s]
2025-12-22 15:18:19,681 MambaPro.train INFO: Validation Results - Epoch: 21
2025-12-22 15:18:19,682 MambaPro.train INFO: Current mAP: 76.7%
2025-12-22 15:18:19,682 MambaPro.train INFO: CMC curve, Rank-1  :90.3%
2025-12-22 15:18:19,682 MambaPro.train INFO: CMC curve, Rank-5  :91.0%
2025-12-22 15:18:19,682 MambaPro.train INFO: CMC curve, Rank-10 :92.0%
2025-12-22 15:18:19,682 MambaPro.train INFO: [Epoch 21] 指标集合列表（历史）
2025-12-22 15:18:19,682 MambaPro.train INFO: history_mAP:{53.0 , 65.0 , 66.8 , 70.2 , 66.8 , 68.5 , 74.8 , 74.6 , 74.6 , 76.0 , 75.8 , 75.1 , 74.5 , 76.0 , 76.1 , 76.8 , 76.5 , 76.7 , 76.9 , 77.3 , 76.7}
2025-12-22 15:18:19,682 MambaPro.train INFO: best_mAP:{77.3}
2025-12-22 15:18:19,682 MambaPro.train INFO: history_Rank-1:{73.5 , 82.9 , 79.9 , 84.9 , 83.7 , 86.6 , 87.8 , 89.0 , 86.2 , 87.6 , 89.5 , 89.2 , 88.0 , 88.8 , 89.1 , 89.6 , 88.7 , 89.7 , 89.8 , 90.4 , 90.3}
2025-12-22 15:18:19,682 MambaPro.train INFO: best_Rank-1:{90.4}
2025-12-22 15:18:19,682 MambaPro.train INFO: history_Rank-5:{77.9 , 85.4 , 81.7 , 87.9 , 85.4 , 88.2 , 89.2 , 90.1 , 88.3 , 89.7 , 91.1 , 91.0 , 89.9 , 90.3 , 91.7 , 90.6 , 91.0 , 91.3}
2025-12-22 15:18:19,682 MambaPro.train INFO: best_Rank-5:{91.7}
2025-12-22 15:18:19,682 MambaPro.train INFO: history_Rank-10:{80.9 , 86.9 , 83.0 , 89.3 , 86.8 , 90.4 , 91.5 , 89.7 , 91.1 , 92.0 , 92.0 , 90.7 , 91.4 , 92.7 , 91.5 , 91.9 , 92.2 , 92.5}
2025-12-22 15:18:19,682 MambaPro.train INFO: best_Rank-10:{92.7}
2025-12-22 15:18:19,682 MambaPro.train INFO: history_Experts:{[0.00 , 0.00 , 0.00] , [0.00 , 0.00 , 0.00] , [0.00 , 0.00 , 0.00] , [0.00 , 0.00 , 0.00] , [0.00 , 0.00 , 0.00] , [0.00 , 0.00 , 0.00] , [0.00 , 0.00 , 0.00] , [0.00 , 0.00 , 0.00] , [0.00 , 0.00 , 0.00] , [0.00 , 0.00 , 0.00] , [0.00 , 0.00 , 0.00] , [0.00 , 0.00 , 0.00] , [0.00 , 0.00 , 0.00] , [0.00 , 0.00 , 0.00] , [0.00 , 0.00 , 0.00] , [0.00 , 0.00 , 0.00] , [0.00 , 0.00 , 0.00] , [0.00 , 0.00 , 0.00] , [0.00 , 0.00 , 0.00] , [0.00 , 0.00 , 0.00] , [0.00 , 0.00 , 0.00]}
2025-12-22 15:19:47,849 MambaPro.train INFO: Epoch 22 done. Time per batch: 0.758[s] Speed: 84.4[samples/s]
2025-12-22 15:21:22,112 MambaPro.train INFO: Validation Results - Epoch: 22
2025-12-22 15:21:22,112 MambaPro.train INFO: Current mAP: 77.0%
2025-12-22 15:21:22,112 MambaPro.train INFO: CMC curve, Rank-1  :90.6%
2025-12-22 15:21:22,112 MambaPro.train INFO: CMC curve, Rank-5  :91.5%
2025-12-22 15:21:22,112 MambaPro.train INFO: CMC curve, Rank-10 :92.3%
2025-12-22 15:21:22,112 MambaPro.train INFO: [Epoch 22] 指标集合列表（历史）
2025-12-22 15:21:22,112 MambaPro.train INFO: history_mAP:{53.0 , 65.0 , 66.8 , 70.2 , 66.8 , 68.5 , 74.8 , 74.6 , 74.6 , 76.0 , 75.8 , 75.1 , 74.5 , 76.0 , 76.1 , 76.8 , 76.5 , 76.7 , 76.9 , 77.3 , 76.7 , 77.0}
2025-12-22 15:21:22,112 MambaPro.train INFO: best_mAP:{77.3}
2025-12-22 15:21:22,112 MambaPro.train INFO: history_Rank-1:{73.5 , 82.9 , 79.9 , 84.9 , 83.7 , 86.6 , 87.8 , 89.0 , 86.2 , 87.6 , 89.5 , 89.2 , 88.0 , 88.8 , 89.1 , 89.6 , 88.7 , 89.7 , 89.8 , 90.4 , 90.3 , 90.6}
2025-12-22 15:21:22,112 MambaPro.train INFO: best_Rank-1:{90.4}
2025-12-22 15:21:22,112 MambaPro.train INFO: history_Rank-5:{77.9 , 85.4 , 81.7 , 87.9 , 85.4 , 88.2 , 89.2 , 90.1 , 88.3 , 89.7 , 91.1 , 91.0 , 89.9 , 90.3 , 91.7 , 90.6 , 91.0 , 91.3 , 91.5}
2025-12-22 15:21:22,112 MambaPro.train INFO: best_Rank-5:{91.7}
2025-12-22 15:21:22,112 MambaPro.train INFO: history_Rank-10:{80.9 , 86.9 , 83.0 , 89.3 , 86.8 , 90.4 , 91.5 , 89.7 , 91.1 , 92.0 , 92.0 , 90.7 , 91.4 , 92.7 , 91.5 , 91.9 , 92.2 , 92.5 , 92.3}
2025-12-22 15:21:22,112 MambaPro.train INFO: best_Rank-10:{92.7}
2025-12-22 15:21:22,112 MambaPro.train INFO: history_Experts:{[0.00 , 0.00 , 0.00] , [0.00 , 0.00 , 0.00] , [0.00 , 0.00 , 0.00] , [0.00 , 0.00 , 0.00] , [0.00 , 0.00 , 0.00] , [0.00 , 0.00 , 0.00] , [0.00 , 0.00 , 0.00] , [0.00 , 0.00 , 0.00] , [0.00 , 0.00 , 0.00] , [0.00 , 0.00 , 0.00] , [0.00 , 0.00 , 0.00] , [0.00 , 0.00 , 0.00] , [0.00 , 0.00 , 0.00] , [0.00 , 0.00 , 0.00] , [0.00 , 0.00 , 0.00] , [0.00 , 0.00 , 0.00] , [0.00 , 0.00 , 0.00] , [0.00 , 0.00 , 0.00] , [0.00 , 0.00 , 0.00] , [0.00 , 0.00 , 0.00] , [0.00 , 0.00 , 0.00] , [0.00 , 0.00 , 0.00]}
2025-12-22 15:22:50,430 MambaPro.train INFO: Epoch 23 done. Time per batch: 0.759[s] Speed: 84.3[samples/s]
2025-12-22 15:24:24,781 MambaPro.train INFO: Validation Results - Epoch: 23
2025-12-22 15:24:24,781 MambaPro.train INFO: Current mAP: 77.1%
2025-12-22 15:24:24,781 MambaPro.train INFO: CMC curve, Rank-1  :90.4%
2025-12-22 15:24:24,781 MambaPro.train INFO: CMC curve, Rank-5  :91.7%
2025-12-22 15:24:24,781 MambaPro.train INFO: CMC curve, Rank-10 :92.4%
2025-12-22 15:24:24,781 MambaPro.train INFO: [Epoch 23] 指标集合列表（历史）
2025-12-22 15:24:24,781 MambaPro.train INFO: history_mAP:{53.0 , 65.0 , 66.8 , 70.2 , 66.8 , 68.5 , 74.8 , 74.6 , 74.6 , 76.0 , 75.8 , 75.1 , 74.5 , 76.0 , 76.1 , 76.8 , 76.5 , 76.7 , 76.9 , 77.3 , 76.7 , 77.0 , 77.1}
2025-12-22 15:24:24,781 MambaPro.train INFO: best_mAP:{77.3}
2025-12-22 15:24:24,781 MambaPro.train INFO: history_Rank-1:{73.5 , 82.9 , 79.9 , 84.9 , 83.7 , 86.6 , 87.8 , 89.0 , 86.2 , 87.6 , 89.5 , 89.2 , 88.0 , 88.8 , 89.1 , 89.6 , 88.7 , 89.7 , 89.8 , 90.4 , 90.3 , 90.6}
2025-12-22 15:24:24,781 MambaPro.train INFO: best_Rank-1:{90.4}
2025-12-22 15:24:24,781 MambaPro.train INFO: history_Rank-5:{77.9 , 85.4 , 81.7 , 87.9 , 85.4 , 88.2 , 89.2 , 90.1 , 88.3 , 89.7 , 91.1 , 91.0 , 89.9 , 90.3 , 91.7 , 90.6 , 91.0 , 91.3 , 91.5}
2025-12-22 15:24:24,781 MambaPro.train INFO: best_Rank-5:{91.7}
2025-12-22 15:24:24,781 MambaPro.train INFO: history_Rank-10:{80.9 , 86.9 , 83.0 , 89.3 , 86.8 , 90.4 , 91.5 , 89.7 , 91.1 , 92.0 , 92.0 , 90.7 , 91.4 , 92.7 , 91.5 , 91.9 , 92.2 , 92.5 , 92.3 , 92.4}
2025-12-22 15:24:24,781 MambaPro.train INFO: best_Rank-10:{92.7}
2025-12-22 15:24:24,781 MambaPro.train INFO: history_Experts:{[0.00 , 0.00 , 0.00] , [0.00 , 0.00 , 0.00] , [0.00 , 0.00 , 0.00] , [0.00 , 0.00 , 0.00] , [0.00 , 0.00 , 0.00] , [0.00 , 0.00 , 0.00] , [0.00 , 0.00 , 0.00] , [0.00 , 0.00 , 0.00] , [0.00 , 0.00 , 0.00] , [0.00 , 0.00 , 0.00] , [0.00 , 0.00 , 0.00] , [0.00 , 0.00 , 0.00] , [0.00 , 0.00 , 0.00] , [0.00 , 0.00 , 0.00] , [0.00 , 0.00 , 0.00] , [0.00 , 0.00 , 0.00] , [0.00 , 0.00 , 0.00] , [0.00 , 0.00 , 0.00] , [0.00 , 0.00 , 0.00] , [0.00 , 0.00 , 0.00] , [0.00 , 0.00 , 0.00] , [0.00 , 0.00 , 0.00] , [0.00 , 0.00 , 0.00]}
2025-12-22 15:25:53,040 MambaPro.train INFO: Epoch 24 done. Time per batch: 0.759[s] Speed: 84.4[samples/s]
2025-12-22 15:27:27,213 MambaPro.train INFO: Validation Results - Epoch: 24
2025-12-22 15:27:27,213 MambaPro.train INFO: Current mAP: 77.0%
2025-12-22 15:27:27,213 MambaPro.train INFO: CMC curve, Rank-1  :90.1%
2025-12-22 15:27:27,213 MambaPro.train INFO: CMC curve, Rank-5  :91.3%
2025-12-22 15:27:27,213 MambaPro.train INFO: CMC curve, Rank-10 :92.0%
2025-12-22 15:27:27,213 MambaPro.train INFO: [Epoch 24] 指标集合列表（历史）
2025-12-22 15:27:27,213 MambaPro.train INFO: history_mAP:{53.0 , 65.0 , 66.8 , 70.2 , 66.8 , 68.5 , 74.8 , 74.6 , 74.6 , 76.0 , 75.8 , 75.1 , 74.5 , 76.0 , 76.1 , 76.8 , 76.5 , 76.7 , 76.9 , 77.3 , 76.7 , 77.0 , 77.1 , 77.0}
2025-12-22 15:27:27,213 MambaPro.train INFO: best_mAP:{77.3}
2025-12-22 15:27:27,213 MambaPro.train INFO: history_Rank-1:{73.5 , 82.9 , 79.9 , 84.9 , 83.7 , 86.6 , 87.8 , 89.0 , 86.2 , 87.6 , 89.5 , 89.2 , 88.0 , 88.8 , 89.1 , 89.6 , 88.7 , 89.7 , 89.8 , 90.4 , 90.3 , 90.6 , 90.1}
2025-12-22 15:27:27,213 MambaPro.train INFO: best_Rank-1:{90.4}
2025-12-22 15:27:27,213 MambaPro.train INFO: history_Rank-5:{77.9 , 85.4 , 81.7 , 87.9 , 85.4 , 88.2 , 89.2 , 90.1 , 88.3 , 89.7 , 91.1 , 91.0 , 89.9 , 90.3 , 91.7 , 90.6 , 91.0 , 91.3 , 91.5}
2025-12-22 15:27:27,213 MambaPro.train INFO: best_Rank-5:{91.7}
2025-12-22 15:27:27,213 MambaPro.train INFO: history_Rank-10:{80.9 , 86.9 , 83.0 , 89.3 , 86.8 , 90.4 , 91.5 , 89.7 , 91.1 , 92.0 , 92.0 , 90.7 , 91.4 , 92.7 , 91.5 , 91.9 , 92.2 , 92.5 , 92.3 , 92.4}
2025-12-22 15:27:27,213 MambaPro.train INFO: best_Rank-10:{92.7}
2025-12-22 15:27:27,213 MambaPro.train INFO: history_Experts:{[0.00 , 0.00 , 0.00] , [0.00 , 0.00 , 0.00] , [0.00 , 0.00 , 0.00] , [0.00 , 0.00 , 0.00] , [0.00 , 0.00 , 0.00] , [0.00 , 0.00 , 0.00] , [0.00 , 0.00 , 0.00] , [0.00 , 0.00 , 0.00] , [0.00 , 0.00 , 0.00] , [0.00 , 0.00 , 0.00] , [0.00 , 0.00 , 0.00] , [0.00 , 0.00 , 0.00] , [0.00 , 0.00 , 0.00] , [0.00 , 0.00 , 0.00] , [0.00 , 0.00 , 0.00] , [0.00 , 0.00 , 0.00] , [0.00 , 0.00 , 0.00] , [0.00 , 0.00 , 0.00] , [0.00 , 0.00 , 0.00] , [0.00 , 0.00 , 0.00] , [0.00 , 0.00 , 0.00] , [0.00 , 0.00 , 0.00] , [0.00 , 0.00 , 0.00] , [0.00 , 0.00 , 0.00]}
2025-12-22 15:28:56,310 MambaPro.train INFO: Epoch 25 done. Time per batch: 0.759[s] Speed: 84.3[samples/s]
2025-12-22 15:30:30,486 MambaPro.train INFO: Validation Results - Epoch: 25
2025-12-22 15:30:30,486 MambaPro.train INFO: Current mAP: 77.2%
2025-12-22 15:30:30,486 MambaPro.train INFO: CMC curve, Rank-1  :90.3%
2025-12-22 15:30:30,486 MambaPro.train INFO: CMC curve, Rank-5  :91.3%
2025-12-22 15:30:30,486 MambaPro.train INFO: CMC curve, Rank-10 :92.0%
2025-12-22 15:30:30,487 MambaPro.train INFO: [Epoch 25] 指标集合列表（历史）
2025-12-22 15:30:30,487 MambaPro.train INFO: history_mAP:{53.0 , 65.0 , 66.8 , 70.2 , 66.8 , 68.5 , 74.8 , 74.6 , 74.6 , 76.0 , 75.8 , 75.1 , 74.5 , 76.0 , 76.1 , 76.8 , 76.5 , 76.7 , 76.9 , 77.3 , 76.7 , 77.0 , 77.1 , 77.0 , 77.2}
2025-12-22 15:30:30,487 MambaPro.train INFO: best_mAP:{77.3}
2025-12-22 15:30:30,487 MambaPro.train INFO: history_Rank-1:{73.5 , 82.9 , 79.9 , 84.9 , 83.7 , 86.6 , 87.8 , 89.0 , 86.2 , 87.6 , 89.5 , 89.2 , 88.0 , 88.8 , 89.1 , 89.6 , 88.7 , 89.7 , 89.8 , 90.4 , 90.3 , 90.6 , 90.1}
2025-12-22 15:30:30,487 MambaPro.train INFO: best_Rank-1:{90.4}
2025-12-22 15:30:30,487 MambaPro.train INFO: history_Rank-5:{77.9 , 85.4 , 81.7 , 87.9 , 85.4 , 88.2 , 89.2 , 90.1 , 88.3 , 89.7 , 91.1 , 91.0 , 89.9 , 90.3 , 91.7 , 90.6 , 91.0 , 91.3 , 91.5}
2025-12-22 15:30:30,487 MambaPro.train INFO: best_Rank-5:{91.7}
2025-12-22 15:30:30,487 MambaPro.train INFO: history_Rank-10:{80.9 , 86.9 , 83.0 , 89.3 , 86.8 , 90.4 , 91.5 , 89.7 , 91.1 , 92.0 , 92.0 , 90.7 , 91.4 , 92.7 , 91.5 , 91.9 , 92.2 , 92.5 , 92.3 , 92.4}
2025-12-22 15:30:30,487 MambaPro.train INFO: best_Rank-10:{92.7}
2025-12-22 15:30:30,487 MambaPro.train INFO: history_Experts:{[0.00 , 0.00 , 0.00] , [0.00 , 0.00 , 0.00] , [0.00 , 0.00 , 0.00] , [0.00 , 0.00 , 0.00] , [0.00 , 0.00 , 0.00] , [0.00 , 0.00 , 0.00] , [0.00 , 0.00 , 0.00] , [0.00 , 0.00 , 0.00] , [0.00 , 0.00 , 0.00] , [0.00 , 0.00 , 0.00] , [0.00 , 0.00 , 0.00] , [0.00 , 0.00 , 0.00] , [0.00 , 0.00 , 0.00] , [0.00 , 0.00 , 0.00] , [0.00 , 0.00 , 0.00] , [0.00 , 0.00 , 0.00] , [0.00 , 0.00 , 0.00] , [0.00 , 0.00 , 0.00] , [0.00 , 0.00 , 0.00] , [0.00 , 0.00 , 0.00] , [0.00 , 0.00 , 0.00] , [0.00 , 0.00 , 0.00] , [0.00 , 0.00 , 0.00] , [0.00 , 0.00 , 0.00] , [0.00 , 0.00 , 0.00]}
2025-12-22 15:31:58,774 MambaPro.train INFO: Epoch 26 done. Time per batch: 0.759[s] Speed: 84.3[samples/s]
2025-12-22 15:33:32,966 MambaPro.train INFO: Validation Results - Epoch: 26
2025-12-22 15:33:32,966 MambaPro.train INFO: Current mAP: 77.0%
2025-12-22 15:33:32,966 MambaPro.train INFO: CMC curve, Rank-1  :90.0%
2025-12-22 15:33:32,966 MambaPro.train INFO: CMC curve, Rank-5  :91.2%
2025-12-22 15:33:32,966 MambaPro.train INFO: CMC curve, Rank-10 :91.8%
2025-12-22 15:33:32,967 MambaPro.train INFO: [Epoch 26] 指标集合列表（历史）
2025-12-22 15:33:32,967 MambaPro.train INFO: history_mAP:{53.0 , 65.0 , 66.8 , 70.2 , 66.8 , 68.5 , 74.8 , 74.6 , 74.6 , 76.0 , 75.8 , 75.1 , 74.5 , 76.0 , 76.1 , 76.8 , 76.5 , 76.7 , 76.9 , 77.3 , 76.7 , 77.0 , 77.1 , 77.0 , 77.2 , 77.0}
2025-12-22 15:33:32,967 MambaPro.train INFO: best_mAP:{77.3}
2025-12-22 15:33:32,967 MambaPro.train INFO: history_Rank-1:{73.5 , 82.9 , 79.9 , 84.9 , 83.7 , 86.6 , 87.8 , 89.0 , 86.2 , 87.6 , 89.5 , 89.2 , 88.0 , 88.8 , 89.1 , 89.6 , 88.7 , 89.7 , 89.8 , 90.4 , 90.3 , 90.6 , 90.1 , 90.0}
2025-12-22 15:33:32,967 MambaPro.train INFO: best_Rank-1:{90.4}
2025-12-22 15:33:32,967 MambaPro.train INFO: history_Rank-5:{77.9 , 85.4 , 81.7 , 87.9 , 85.4 , 88.2 , 89.2 , 90.1 , 88.3 , 89.7 , 91.1 , 91.0 , 89.9 , 90.3 , 91.7 , 90.6 , 91.0 , 91.3 , 91.5 , 91.2}
2025-12-22 15:33:32,967 MambaPro.train INFO: best_Rank-5:{91.7}
2025-12-22 15:33:32,967 MambaPro.train INFO: history_Rank-10:{80.9 , 86.9 , 83.0 , 89.3 , 86.8 , 90.4 , 91.5 , 89.7 , 91.1 , 92.0 , 92.0 , 90.7 , 91.4 , 92.7 , 91.5 , 91.9 , 92.2 , 92.5 , 92.3 , 92.4 , 91.8}
2025-12-22 15:33:32,967 MambaPro.train INFO: best_Rank-10:{92.7}
2025-12-22 15:33:32,967 MambaPro.train INFO: history_Experts:{[0.00 , 0.00 , 0.00] , [0.00 , 0.00 , 0.00] , [0.00 , 0.00 , 0.00] , [0.00 , 0.00 , 0.00] , [0.00 , 0.00 , 0.00] , [0.00 , 0.00 , 0.00] , [0.00 , 0.00 , 0.00] , [0.00 , 0.00 , 0.00] , [0.00 , 0.00 , 0.00] , [0.00 , 0.00 , 0.00] , [0.00 , 0.00 , 0.00] , [0.00 , 0.00 , 0.00] , [0.00 , 0.00 , 0.00] , [0.00 , 0.00 , 0.00] , [0.00 , 0.00 , 0.00] , [0.00 , 0.00 , 0.00] , [0.00 , 0.00 , 0.00] , [0.00 , 0.00 , 0.00] , [0.00 , 0.00 , 0.00] , [0.00 , 0.00 , 0.00] , [0.00 , 0.00 , 0.00] , [0.00 , 0.00 , 0.00] , [0.00 , 0.00 , 0.00] , [0.00 , 0.00 , 0.00] , [0.00 , 0.00 , 0.00] , [0.00 , 0.00 , 0.00]}
2025-12-22 15:35:01,177 MambaPro.train INFO: Epoch 27 done. Time per batch: 0.758[s] Speed: 84.4[samples/s]
2025-12-22 15:36:35,332 MambaPro.train INFO: Validation Results - Epoch: 27
2025-12-22 15:36:35,332 MambaPro.train INFO: Current mAP: 77.1%
2025-12-22 15:36:35,332 MambaPro.train INFO: CMC curve, Rank-1  :90.4%
2025-12-22 15:36:35,332 MambaPro.train INFO: CMC curve, Rank-5  :91.1%
2025-12-22 15:36:35,332 MambaPro.train INFO: CMC curve, Rank-10 :92.0%
2025-12-22 15:36:35,332 MambaPro.train INFO: [Epoch 27] 指标集合列表（历史）
2025-12-22 15:36:35,332 MambaPro.train INFO: history_mAP:{53.0 , 65.0 , 66.8 , 70.2 , 66.8 , 68.5 , 74.8 , 74.6 , 74.6 , 76.0 , 75.8 , 75.1 , 74.5 , 76.0 , 76.1 , 76.8 , 76.5 , 76.7 , 76.9 , 77.3 , 76.7 , 77.0 , 77.1 , 77.0 , 77.2 , 77.0 , 77.1}
2025-12-22 15:36:35,332 MambaPro.train INFO: best_mAP:{77.3}
2025-12-22 15:36:35,332 MambaPro.train INFO: history_Rank-1:{73.5 , 82.9 , 79.9 , 84.9 , 83.7 , 86.6 , 87.8 , 89.0 , 86.2 , 87.6 , 89.5 , 89.2 , 88.0 , 88.8 , 89.1 , 89.6 , 88.7 , 89.7 , 89.8 , 90.4 , 90.3 , 90.6 , 90.1 , 90.0 , 90.4}
2025-12-22 15:36:35,332 MambaPro.train INFO: best_Rank-1:{90.4}
2025-12-22 15:36:35,332 MambaPro.train INFO: history_Rank-5:{77.9 , 85.4 , 81.7 , 87.9 , 85.4 , 88.2 , 89.2 , 90.1 , 88.3 , 89.7 , 91.1 , 91.0 , 89.9 , 90.3 , 91.7 , 90.6 , 91.0 , 91.3 , 91.5 , 91.2}
2025-12-22 15:36:35,332 MambaPro.train INFO: best_Rank-5:{91.7}
2025-12-22 15:36:35,333 MambaPro.train INFO: history_Rank-10:{80.9 , 86.9 , 83.0 , 89.3 , 86.8 , 90.4 , 91.5 , 89.7 , 91.1 , 92.0 , 92.0 , 90.7 , 91.4 , 92.7 , 91.5 , 91.9 , 92.2 , 92.5 , 92.3 , 92.4 , 91.8}
2025-12-22 15:36:35,333 MambaPro.train INFO: best_Rank-10:{92.7}
2025-12-22 15:36:35,333 MambaPro.train INFO: history_Experts:{[0.00 , 0.00 , 0.00] , [0.00 , 0.00 , 0.00] , [0.00 , 0.00 , 0.00] , [0.00 , 0.00 , 0.00] , [0.00 , 0.00 , 0.00] , [0.00 , 0.00 , 0.00] , [0.00 , 0.00 , 0.00] , [0.00 , 0.00 , 0.00] , [0.00 , 0.00 , 0.00] , [0.00 , 0.00 , 0.00] , [0.00 , 0.00 , 0.00] , [0.00 , 0.00 , 0.00] , [0.00 , 0.00 , 0.00] , [0.00 , 0.00 , 0.00] , [0.00 , 0.00 , 0.00] , [0.00 , 0.00 , 0.00] , [0.00 , 0.00 , 0.00] , [0.00 , 0.00 , 0.00] , [0.00 , 0.00 , 0.00] , [0.00 , 0.00 , 0.00] , [0.00 , 0.00 , 0.00] , [0.00 , 0.00 , 0.00] , [0.00 , 0.00 , 0.00] , [0.00 , 0.00 , 0.00] , [0.00 , 0.00 , 0.00] , [0.00 , 0.00 , 0.00] , [0.00 , 0.00 , 0.00]}
2025-12-22 15:38:04,279 MambaPro.train INFO: Epoch 28 done. Time per batch: 0.758[s] Speed: 84.4[samples/s]
2025-12-22 15:39:38,460 MambaPro.train INFO: Validation Results - Epoch: 28
2025-12-22 15:39:38,460 MambaPro.train INFO: Current mAP: 77.1%
2025-12-22 15:39:38,460 MambaPro.train INFO: CMC curve, Rank-1  :90.2%
2025-12-22 15:39:38,460 MambaPro.train INFO: CMC curve, Rank-5  :91.0%
2025-12-22 15:39:38,460 MambaPro.train INFO: CMC curve, Rank-10 :91.9%
2025-12-22 15:39:38,460 MambaPro.train INFO: [Epoch 28] 指标集合列表（历史）
2025-12-22 15:39:38,460 MambaPro.train INFO: history_mAP:{53.0 , 65.0 , 66.8 , 70.2 , 66.8 , 68.5 , 74.8 , 74.6 , 74.6 , 76.0 , 75.8 , 75.1 , 74.5 , 76.0 , 76.1 , 76.8 , 76.5 , 76.7 , 76.9 , 77.3 , 76.7 , 77.0 , 77.1 , 77.0 , 77.2 , 77.0 , 77.1 , 77.1}
2025-12-22 15:39:38,460 MambaPro.train INFO: best_mAP:{77.3}
2025-12-22 15:39:38,460 MambaPro.train INFO: history_Rank-1:{73.5 , 82.9 , 79.9 , 84.9 , 83.7 , 86.6 , 87.8 , 89.0 , 86.2 , 87.6 , 89.5 , 89.2 , 88.0 , 88.8 , 89.1 , 89.6 , 88.7 , 89.7 , 89.8 , 90.4 , 90.3 , 90.6 , 90.1 , 90.0 , 90.4 , 90.2}
2025-12-22 15:39:38,460 MambaPro.train INFO: best_Rank-1:{90.4}
2025-12-22 15:39:38,460 MambaPro.train INFO: history_Rank-5:{77.9 , 85.4 , 81.7 , 87.9 , 85.4 , 88.2 , 89.2 , 90.1 , 88.3 , 89.7 , 91.1 , 91.0 , 89.9 , 90.3 , 91.7 , 90.6 , 91.0 , 91.3 , 91.5 , 91.2}
2025-12-22 15:39:38,460 MambaPro.train INFO: best_Rank-5:{91.7}
2025-12-22 15:39:38,460 MambaPro.train INFO: history_Rank-10:{80.9 , 86.9 , 83.0 , 89.3 , 86.8 , 90.4 , 91.5 , 89.7 , 91.1 , 92.0 , 92.0 , 90.7 , 91.4 , 92.7 , 91.5 , 91.9 , 92.2 , 92.5 , 92.3 , 92.4 , 91.8}
2025-12-22 15:39:38,460 MambaPro.train INFO: best_Rank-10:{92.7}
2025-12-22 15:39:38,460 MambaPro.train INFO: history_Experts:{[0.00 , 0.00 , 0.00] , [0.00 , 0.00 , 0.00] , [0.00 , 0.00 , 0.00] , [0.00 , 0.00 , 0.00] , [0.00 , 0.00 , 0.00] , [0.00 , 0.00 , 0.00] , [0.00 , 0.00 , 0.00] , [0.00 , 0.00 , 0.00] , [0.00 , 0.00 , 0.00] , [0.00 , 0.00 , 0.00] , [0.00 , 0.00 , 0.00] , [0.00 , 0.00 , 0.00] , [0.00 , 0.00 , 0.00] , [0.00 , 0.00 , 0.00] , [0.00 , 0.00 , 0.00] , [0.00 , 0.00 , 0.00] , [0.00 , 0.00 , 0.00] , [0.00 , 0.00 , 0.00] , [0.00 , 0.00 , 0.00] , [0.00 , 0.00 , 0.00] , [0.00 , 0.00 , 0.00] , [0.00 , 0.00 , 0.00] , [0.00 , 0.00 , 0.00] , [0.00 , 0.00 , 0.00] , [0.00 , 0.00 , 0.00] , [0.00 , 0.00 , 0.00] , [0.00 , 0.00 , 0.00] , [0.00 , 0.00 , 0.00]}
2025-12-22 15:41:07,460 MambaPro.train INFO: Epoch 29 done. Time per batch: 0.758[s] Speed: 84.4[samples/s]
2025-12-22 15:42:41,696 MambaPro.train INFO: Validation Results - Epoch: 29
2025-12-22 15:42:41,696 MambaPro.train INFO: Current mAP: 77.0%
2025-12-22 15:42:41,696 MambaPro.train INFO: CMC curve, Rank-1  :90.1%
2025-12-22 15:42:41,696 MambaPro.train INFO: CMC curve, Rank-5  :91.1%
2025-12-22 15:42:41,696 MambaPro.train INFO: CMC curve, Rank-10 :91.9%
2025-12-22 15:42:41,696 MambaPro.train INFO: [Epoch 29] 指标集合列表（历史）
2025-12-22 15:42:41,696 MambaPro.train INFO: history_mAP:{53.0 , 65.0 , 66.8 , 70.2 , 66.8 , 68.5 , 74.8 , 74.6 , 74.6 , 76.0 , 75.8 , 75.1 , 74.5 , 76.0 , 76.1 , 76.8 , 76.5 , 76.7 , 76.9 , 77.3 , 76.7 , 77.0 , 77.1 , 77.0 , 77.2 , 77.0 , 77.1 , 77.1 , 77.0}
2025-12-22 15:42:41,696 MambaPro.train INFO: best_mAP:{77.3}
2025-12-22 15:42:41,696 MambaPro.train INFO: history_Rank-1:{73.5 , 82.9 , 79.9 , 84.9 , 83.7 , 86.6 , 87.8 , 89.0 , 86.2 , 87.6 , 89.5 , 89.2 , 88.0 , 88.8 , 89.1 , 89.6 , 88.7 , 89.7 , 89.8 , 90.4 , 90.3 , 90.6 , 90.1 , 90.0 , 90.4 , 90.2}
2025-12-22 15:42:41,696 MambaPro.train INFO: best_Rank-1:{90.4}
2025-12-22 15:42:41,696 MambaPro.train INFO: history_Rank-5:{77.9 , 85.4 , 81.7 , 87.9 , 85.4 , 88.2 , 89.2 , 90.1 , 88.3 , 89.7 , 91.1 , 91.0 , 89.9 , 90.3 , 91.7 , 90.6 , 91.0 , 91.3 , 91.5 , 91.2 , 91.1}
2025-12-22 15:42:41,696 MambaPro.train INFO: best_Rank-5:{91.7}
2025-12-22 15:42:41,696 MambaPro.train INFO: history_Rank-10:{80.9 , 86.9 , 83.0 , 89.3 , 86.8 , 90.4 , 91.5 , 89.7 , 91.1 , 92.0 , 92.0 , 90.7 , 91.4 , 92.7 , 91.5 , 91.9 , 92.2 , 92.5 , 92.3 , 92.4 , 91.8}
2025-12-22 15:42:41,696 MambaPro.train INFO: best_Rank-10:{92.7}
2025-12-22 15:42:41,696 MambaPro.train INFO: history_Experts:{[0.00 , 0.00 , 0.00] , [0.00 , 0.00 , 0.00] , [0.00 , 0.00 , 0.00] , [0.00 , 0.00 , 0.00] , [0.00 , 0.00 , 0.00] , [0.00 , 0.00 , 0.00] , [0.00 , 0.00 , 0.00] , [0.00 , 0.00 , 0.00] , [0.00 , 0.00 , 0.00] , [0.00 , 0.00 , 0.00] , [0.00 , 0.00 , 0.00] , [0.00 , 0.00 , 0.00] , [0.00 , 0.00 , 0.00] , [0.00 , 0.00 , 0.00] , [0.00 , 0.00 , 0.00] , [0.00 , 0.00 , 0.00] , [0.00 , 0.00 , 0.00] , [0.00 , 0.00 , 0.00] , [0.00 , 0.00 , 0.00] , [0.00 , 0.00 , 0.00] , [0.00 , 0.00 , 0.00] , [0.00 , 0.00 , 0.00] , [0.00 , 0.00 , 0.00] , [0.00 , 0.00 , 0.00] , [0.00 , 0.00 , 0.00] , [0.00 , 0.00 , 0.00] , [0.00 , 0.00 , 0.00] , [0.00 , 0.00 , 0.00] , [0.00 , 0.00 , 0.00]}
2025-12-22 15:44:09,862 MambaPro.train INFO: Epoch 30 done. Time per batch: 0.758[s] Speed: 84.4[samples/s]
2025-12-22 15:45:44,118 MambaPro.train INFO: Validation Results - Epoch: 30
2025-12-22 15:45:44,118 MambaPro.train INFO: Current mAP: 77.1%
2025-12-22 15:45:44,118 MambaPro.train INFO: CMC curve, Rank-1  :90.2%
2025-12-22 15:45:44,118 MambaPro.train INFO: CMC curve, Rank-5  :91.0%
2025-12-22 15:45:44,118 MambaPro.train INFO: CMC curve, Rank-10 :91.7%
2025-12-22 15:45:44,118 MambaPro.train INFO: [Epoch 30] 指标集合列表（历史）
2025-12-22 15:45:44,118 MambaPro.train INFO: history_mAP:{53.0 , 65.0 , 66.8 , 70.2 , 66.8 , 68.5 , 74.8 , 74.6 , 74.6 , 76.0 , 75.8 , 75.1 , 74.5 , 76.0 , 76.1 , 76.8 , 76.5 , 76.7 , 76.9 , 77.3 , 76.7 , 77.0 , 77.1 , 77.0 , 77.2 , 77.0 , 77.1 , 77.1 , 77.0 , 77.1}
2025-12-22 15:45:44,118 MambaPro.train INFO: best_mAP:{77.3}
2025-12-22 15:45:44,118 MambaPro.train INFO: history_Rank-1:{73.5 , 82.9 , 79.9 , 84.9 , 83.7 , 86.6 , 87.8 , 89.0 , 86.2 , 87.6 , 89.5 , 89.2 , 88.0 , 88.8 , 89.1 , 89.6 , 88.7 , 89.7 , 89.8 , 90.4 , 90.3 , 90.6 , 90.1 , 90.0 , 90.4 , 90.2}
2025-12-22 15:45:44,118 MambaPro.train INFO: best_Rank-1:{90.4}
2025-12-22 15:45:44,118 MambaPro.train INFO: history_Rank-5:{77.9 , 85.4 , 81.7 , 87.9 , 85.4 , 88.2 , 89.2 , 90.1 , 88.3 , 89.7 , 91.1 , 91.0 , 89.9 , 90.3 , 91.7 , 90.6 , 91.0 , 91.3 , 91.5 , 91.2 , 91.1}
2025-12-22 15:45:44,118 MambaPro.train INFO: best_Rank-5:{91.7}
2025-12-22 15:45:44,118 MambaPro.train INFO: history_Rank-10:{80.9 , 86.9 , 83.0 , 89.3 , 86.8 , 90.4 , 91.5 , 89.7 , 91.1 , 92.0 , 92.0 , 90.7 , 91.4 , 92.7 , 91.5 , 91.9 , 92.2 , 92.5 , 92.3 , 92.4 , 91.8 , 91.7}
2025-12-22 15:45:44,118 MambaPro.train INFO: best_Rank-10:{92.7}
2025-12-22 15:45:44,118 MambaPro.train INFO: history_Experts:{[0.00 , 0.00 , 0.00] , [0.00 , 0.00 , 0.00] , [0.00 , 0.00 , 0.00] , [0.00 , 0.00 , 0.00] , [0.00 , 0.00 , 0.00] , [0.00 , 0.00 , 0.00] , [0.00 , 0.00 , 0.00] , [0.00 , 0.00 , 0.00] , [0.00 , 0.00 , 0.00] , [0.00 , 0.00 , 0.00] , [0.00 , 0.00 , 0.00] , [0.00 , 0.00 , 0.00] , [0.00 , 0.00 , 0.00] , [0.00 , 0.00 , 0.00] , [0.00 , 0.00 , 0.00] , [0.00 , 0.00 , 0.00] , [0.00 , 0.00 , 0.00] , [0.00 , 0.00 , 0.00] , [0.00 , 0.00 , 0.00] , [0.00 , 0.00 , 0.00] , [0.00 , 0.00 , 0.00] , [0.00 , 0.00 , 0.00] , [0.00 , 0.00 , 0.00] , [0.00 , 0.00 , 0.00] , [0.00 , 0.00 , 0.00] , [0.00 , 0.00 , 0.00] , [0.00 , 0.00 , 0.00] , [0.00 , 0.00 , 0.00] , [0.00 , 0.00 , 0.00] , [0.00 , 0.00 , 0.00]}
2025-12-22 15:45:44,374 MambaPro.train INFO: ============================================================
